
===========================================================================
report_checks -unconstrained
===========================================================================
======================= max_ss_125C_3v00 Corner ===================================

Startpoint: rst_n (input port clocked by clk)
Endpoint: wave_controller_x_inst/_3649_
          (recovery check against rising-edge clock clk)
Path Group: asynchronous
Path Type: max

Fanout         Cap        Slew       Delay        Time   Description
---------------------------------------------------------------------------------------------
                                  0.000000    0.000000   clock clk (rise edge)
                                  0.000000    0.000000   clock network delay (propagated)
                                 40.000000   40.000000 ^ input external delay
     1    0.007052    0.447314    0.177689   40.177689 ^ rst_n (in)
                                                         rst_n (net)
                      0.447314    0.000000   40.177689 ^ input5/I (gf180mcu_fd_sc_mcu7t5v0__buf_2)
     2    0.057411    1.315731    1.158629   41.336319 ^ input5/Z (gf180mcu_fd_sc_mcu7t5v0__buf_2)
                                                         net5 (net)
                      1.315794    0.005063   41.341381 ^ fanout1429/I (gf180mcu_fd_sc_mcu7t5v0__dlyb_1)
     5    0.111219    4.858668    5.556654   46.898037 ^ fanout1429/Z (gf180mcu_fd_sc_mcu7t5v0__dlyb_1)
                                                         net1429 (net)
                      4.858686    0.005365   46.903400 ^ fanout1342/I (gf180mcu_fd_sc_mcu7t5v0__dlyb_1)
     6    0.117269    5.115137    5.682502   52.585903 ^ fanout1342/Z (gf180mcu_fd_sc_mcu7t5v0__dlyb_1)
                                                         net1342 (net)
                      5.115165    0.006885   52.592785 ^ fanout1273/I (gf180mcu_fd_sc_mcu7t5v0__dlyb_1)
     2    0.017850    0.964366    3.202725   55.795513 ^ fanout1273/Z (gf180mcu_fd_sc_mcu7t5v0__dlyb_1)
                                                         net1273 (net)
                      0.964366    0.000245   55.795757 ^ wave_controller_x_inst/fanout1268/I (gf180mcu_fd_sc_mcu7t5v0__dlyb_1)
     2    0.015060    0.880059    3.128744   58.924500 ^ wave_controller_x_inst/fanout1268/Z (gf180mcu_fd_sc_mcu7t5v0__dlyb_1)
                                                         wave_controller_x_inst/net1268 (net)
                      0.880059    0.000252   58.924751 ^ wave_controller_x_inst/load_slew1272/I (gf180mcu_fd_sc_mcu7t5v0__clkbuf_1)
     3    0.029717    1.432556    1.300695   60.225449 ^ wave_controller_x_inst/load_slew1272/Z (gf180mcu_fd_sc_mcu7t5v0__clkbuf_1)
                                                         wave_controller_x_inst/net1272 (net)
                      1.432556    0.000405   60.225853 ^ wave_controller_x_inst/load_slew1271/I (gf180mcu_fd_sc_mcu7t5v0__buf_1)
     3    0.028941    1.374148    1.351737   61.577591 ^ wave_controller_x_inst/load_slew1271/Z (gf180mcu_fd_sc_mcu7t5v0__buf_1)
                                                         wave_controller_x_inst/net1271 (net)
                      1.374148    0.000220   61.577808 ^ wave_controller_x_inst/load_slew1270/I (gf180mcu_fd_sc_mcu7t5v0__clkbuf_2)
     3    0.025525    0.671178    1.100482   62.678291 ^ wave_controller_x_inst/load_slew1270/Z (gf180mcu_fd_sc_mcu7t5v0__clkbuf_2)
                                                         wave_controller_x_inst/net1270 (net)
                      0.671178    0.000469   62.678761 ^ wave_controller_x_inst/load_slew1269/I (gf180mcu_fd_sc_mcu7t5v0__clkbuf_1)
     3    0.024763    1.177622    1.143654   63.822414 ^ wave_controller_x_inst/load_slew1269/Z (gf180mcu_fd_sc_mcu7t5v0__clkbuf_1)
                                                         wave_controller_x_inst/net1269 (net)
                      1.177622    0.000355   63.822769 ^ wave_controller_x_inst/fanout1263/I (gf180mcu_fd_sc_mcu7t5v0__dlyb_1)
     2    0.018409    0.986262    3.241397   67.064163 ^ wave_controller_x_inst/fanout1263/Z (gf180mcu_fd_sc_mcu7t5v0__dlyb_1)
                                                         wave_controller_x_inst/net1263 (net)
                      0.986262    0.000291   67.064461 ^ wave_controller_x_inst/load_slew1267/I (gf180mcu_fd_sc_mcu7t5v0__clkbuf_2)
     3    0.026158    0.677951    1.038998   68.103455 ^ wave_controller_x_inst/load_slew1267/Z (gf180mcu_fd_sc_mcu7t5v0__clkbuf_2)
                                                         wave_controller_x_inst/net1267 (net)
                      0.677951    0.000320   68.103775 ^ wave_controller_x_inst/load_slew1265/I (gf180mcu_fd_sc_mcu7t5v0__clkbuf_2)
     3    0.024002    0.629752    0.946123   69.049896 ^ wave_controller_x_inst/load_slew1265/Z (gf180mcu_fd_sc_mcu7t5v0__clkbuf_2)
                                                         wave_controller_x_inst/net1265 (net)
                      0.629752    0.000291   69.050186 ^ wave_controller_x_inst/load_slew1264/I (gf180mcu_fd_sc_mcu7t5v0__buf_2)
     3    0.029087    0.721890    0.841347   69.891533 ^ wave_controller_x_inst/load_slew1264/Z (gf180mcu_fd_sc_mcu7t5v0__buf_2)
                                                         wave_controller_x_inst/net1264 (net)
                      0.721890    0.000540   69.892075 ^ wave_controller_x_inst/_3649_/RN (gf180mcu_fd_sc_mcu7t5v0__dffrnq_2)
                                             69.892075   data arrival time

                                200.000000  200.000000   clock clk (rise edge)
                                  0.000000  200.000000   clock source latency
     2    0.118824    1.341403    0.749125  200.749115 ^ clk (in)
                                                         clk (net)
                      1.342054    0.000000  200.749115 ^ clkbuf_regs_0_clk/I (gf180mcu_fd_sc_mcu7t5v0__clkbuf_16)
     1    0.023355    0.261397    0.829800  201.578918 ^ clkbuf_regs_0_clk/Z (gf180mcu_fd_sc_mcu7t5v0__clkbuf_16)
                                                         clk_regs (net)
                      0.261398    0.000270  201.579193 ^ clkbuf_0_clk_regs/I (gf180mcu_fd_sc_mcu7t5v0__clkbuf_16)
     8    0.358483    1.066712    1.144528  202.723724 ^ clkbuf_0_clk_regs/Z (gf180mcu_fd_sc_mcu7t5v0__clkbuf_16)
                                                         clknet_0_clk_regs (net)
                      1.067289    0.013685  202.737396 ^ clkbuf_3_1__f_clk_regs/I (gf180mcu_fd_sc_mcu7t5v0__clkbuf_16)
     8    0.185155    0.633148    1.072991  203.810394 ^ clkbuf_3_1__f_clk_regs/Z (gf180mcu_fd_sc_mcu7t5v0__clkbuf_16)
                                                         clknet_3_1__leaf_clk_regs (net)
                      0.633241    0.006040  203.816437 ^ clkbuf_leaf_60_clk_regs/I (gf180mcu_fd_sc_mcu7t5v0__clkbuf_8)
     6    0.045103    0.394533    0.789470  204.605896 ^ clkbuf_leaf_60_clk_regs/Z (gf180mcu_fd_sc_mcu7t5v0__clkbuf_8)
                                                         clknet_leaf_60_clk_regs (net)
                      0.394533    0.000597  204.606506 ^ wave_controller_x_inst/_3649_/CLK (gf180mcu_fd_sc_mcu7t5v0__dffrnq_2)
                                 -0.250000  204.356506   clock uncertainty
                                  0.000000  204.356506   clock reconvergence pessimism
                                  0.735995  205.092499   library recovery time
                                            205.092499   data required time
---------------------------------------------------------------------------------------------
                                            205.092499   data required time
                                            -69.892075   data arrival time
---------------------------------------------------------------------------------------------
                                            135.200424   slack (MET)


Startpoint: wave_controller_y_inst/_3678_
            (rising edge-triggered flip-flop clocked by clk)
Endpoint: wave_controller_y_inst/_3629_
          (rising edge-triggered flip-flop clocked by clk)
Path Group: clk
Path Type: max

Fanout         Cap        Slew       Delay        Time   Description
---------------------------------------------------------------------------------------------
                                  0.000000    0.000000   clock clk (rise edge)
                                  0.000000    0.000000   clock source latency
     2    0.118824    1.341403    0.749126    0.749126 ^ clk (in)
                                                         clk (net)
                      1.342054    0.000000    0.749126 ^ clkbuf_regs_0_clk/I (gf180mcu_fd_sc_mcu7t5v0__clkbuf_16)
     1    0.023355    0.261397    0.829799    1.578925 ^ clkbuf_regs_0_clk/Z (gf180mcu_fd_sc_mcu7t5v0__clkbuf_16)
                                                         clk_regs (net)
                      0.261398    0.000274    1.579199 ^ clkbuf_0_clk_regs/I (gf180mcu_fd_sc_mcu7t5v0__clkbuf_16)
     8    0.358483    1.066712    1.144524    2.723722 ^ clkbuf_0_clk_regs/Z (gf180mcu_fd_sc_mcu7t5v0__clkbuf_16)
                                                         clknet_0_clk_regs (net)
                      1.067302    0.013858    2.737580 ^ clkbuf_3_3__f_clk_regs/I (gf180mcu_fd_sc_mcu7t5v0__clkbuf_16)
     8    0.175284    0.607213    1.057381    3.794961 ^ clkbuf_3_3__f_clk_regs/Z (gf180mcu_fd_sc_mcu7t5v0__clkbuf_16)
                                                         clknet_3_3__leaf_clk_regs (net)
                      0.607259    0.002875    3.797836 ^ clkbuf_leaf_36_clk_regs/I (gf180mcu_fd_sc_mcu7t5v0__clkbuf_8)
    10    0.073659    0.528356    0.883322    4.681158 ^ clkbuf_leaf_36_clk_regs/Z (gf180mcu_fd_sc_mcu7t5v0__clkbuf_8)
                                                         clknet_leaf_36_clk_regs (net)
                      0.528356    0.000703    4.681861 ^ wave_controller_y_inst/_3678_/CLK (gf180mcu_fd_sc_mcu7t5v0__dffsnq_1)
     1    0.005103    0.331340    2.294037    6.975897 v wave_controller_y_inst/_3678_/Q (gf180mcu_fd_sc_mcu7t5v0__dffsnq_1)
                                                         wave_controller_y_inst/capture_step[0] (net)
                      0.331340    0.000062    6.975960 v wave_controller_y_inst/fanout764/I (gf180mcu_fd_sc_mcu7t5v0__dlyb_1)
     2    0.017991    0.872012    3.411589   10.387548 v wave_controller_y_inst/fanout764/Z (gf180mcu_fd_sc_mcu7t5v0__dlyb_1)
                                                         wave_controller_y_inst/net764 (net)
                      0.872012    0.000691   10.388240 v wave_controller_y_inst/wire768/I (gf180mcu_fd_sc_mcu7t5v0__clkbuf_2)
     2    0.035859    0.754046    1.191767   11.580007 v wave_controller_y_inst/wire768/Z (gf180mcu_fd_sc_mcu7t5v0__clkbuf_2)
                                                         wave_controller_y_inst/net768 (net)
                      0.754065    0.002110   11.582117 v wave_controller_y_inst/fanout761/I (gf180mcu_fd_sc_mcu7t5v0__dlyb_1)
     3    0.024983    1.021353    3.720482   15.302599 v wave_controller_y_inst/fanout761/Z (gf180mcu_fd_sc_mcu7t5v0__dlyb_1)
                                                         wave_controller_y_inst/net761 (net)
                      1.021353    0.000453   15.303052 v wave_controller_y_inst/wire763/I (gf180mcu_fd_sc_mcu7t5v0__buf_1)
     4    0.035450    0.893377    1.440448   16.743500 v wave_controller_y_inst/wire763/Z (gf180mcu_fd_sc_mcu7t5v0__buf_1)
                                                         wave_controller_y_inst/net763 (net)
                      0.893377    0.000854   16.744354 v wave_controller_y_inst/wire762/I (gf180mcu_fd_sc_mcu7t5v0__clkbuf_2)
     4    0.037740    0.785631    1.220421   17.964775 v wave_controller_y_inst/wire762/Z (gf180mcu_fd_sc_mcu7t5v0__clkbuf_2)
                                                         wave_controller_y_inst/net762 (net)
                      0.785635    0.001021   17.965796 v wave_controller_y_inst/fanout758/I (gf180mcu_fd_sc_mcu7t5v0__dlyb_1)
     4    0.025101    1.023975    3.735119   21.700916 v wave_controller_y_inst/fanout758/Z (gf180mcu_fd_sc_mcu7t5v0__dlyb_1)
                                                         wave_controller_y_inst/net758 (net)
                      1.023975    0.000435   21.701351 v wave_controller_y_inst/load_slew760/I (gf180mcu_fd_sc_mcu7t5v0__buf_1)
     4    0.027330    0.732889    1.331117   23.032467 v wave_controller_y_inst/load_slew760/Z (gf180mcu_fd_sc_mcu7t5v0__buf_1)
                                                         wave_controller_y_inst/net760 (net)
                      0.732889    0.000567   23.033033 v wave_controller_y_inst/wire759/I (gf180mcu_fd_sc_mcu7t5v0__buf_1)
     4    0.034310    0.868903    1.321102   24.354136 v wave_controller_y_inst/wire759/Z (gf180mcu_fd_sc_mcu7t5v0__buf_1)
                                                         wave_controller_y_inst/net759 (net)
                      0.868903    0.000728   24.354864 v wave_controller_y_inst/_2743_/S (gf180mcu_fd_sc_mcu7t5v0__mux2_2)
     2    0.013714    0.427817    1.216423   25.571287 v wave_controller_y_inst/_2743_/Z (gf180mcu_fd_sc_mcu7t5v0__mux2_2)
                                                         wave_controller_y_inst/_0492_ (net)
                      0.427817    0.000218   25.571505 v wave_controller_y_inst/_2744_/A2 (gf180mcu_fd_sc_mcu7t5v0__nor2_1)
     1    0.009411    1.176636    0.872962   26.444468 ^ wave_controller_y_inst/_2744_/ZN (gf180mcu_fd_sc_mcu7t5v0__nor2_1)
                                                         wave_controller_y_inst/_0493_ (net)
                      1.176636    0.000199   26.444666 ^ wave_controller_y_inst/_2756_/C (gf180mcu_fd_sc_mcu7t5v0__aoi211_2)
     1    0.014669    0.794466    0.739387   27.184053 v wave_controller_y_inst/_2756_/ZN (gf180mcu_fd_sc_mcu7t5v0__aoi211_2)
                                                         wave_controller_y_inst/_0505_ (net)
                      0.794466    0.000393   27.184446 v wave_controller_y_inst/_2766_/A1 (gf180mcu_fd_sc_mcu7t5v0__oai221_2)
     1    0.009966    1.937359    0.944420   28.128866 ^ wave_controller_y_inst/_2766_/ZN (gf180mcu_fd_sc_mcu7t5v0__oai221_2)
                                                         wave_controller_y_inst/_0515_ (net)
                      1.937359    0.000105   28.128971 ^ wave_controller_y_inst/_2773_/A1 (gf180mcu_fd_sc_mcu7t5v0__aoi21_2)
     1    0.032365    1.076785    0.897915   29.026884 v wave_controller_y_inst/_2773_/ZN (gf180mcu_fd_sc_mcu7t5v0__aoi21_2)
                                                         wave_controller_y_inst/_0522_ (net)
                      1.076785    0.001579   29.028463 v wave_controller_y_inst/_2780_/B1 (gf180mcu_fd_sc_mcu7t5v0__oai221_4)
     1    0.023384    2.010071    1.580503   30.608967 ^ wave_controller_y_inst/_2780_/ZN (gf180mcu_fd_sc_mcu7t5v0__oai221_4)
                                                         wave_controller_y_inst/_0529_ (net)
                      2.010071    0.001048   30.610016 ^ wave_controller_y_inst/_2800_/A2 (gf180mcu_fd_sc_mcu7t5v0__aoi21_2)
     1    0.021941    0.888419    0.644501   31.254517 v wave_controller_y_inst/_2800_/ZN (gf180mcu_fd_sc_mcu7t5v0__aoi21_2)
                                                         wave_controller_y_inst/_0549_ (net)
                      0.888420    0.000973   31.255489 v wave_controller_y_inst/_2812_/A1 (gf180mcu_fd_sc_mcu7t5v0__oai21_1)
     2    0.027138    2.700335    1.901295   33.156784 ^ wave_controller_y_inst/_2812_/ZN (gf180mcu_fd_sc_mcu7t5v0__oai21_1)
                                                         wave_controller_y_inst/_0561_ (net)
                      2.700335    0.001243   33.158028 ^ wave_controller_y_inst/_2819_/A1 (gf180mcu_fd_sc_mcu7t5v0__aoi211_2)
     2    0.015186    0.993805    0.650022   33.808052 v wave_controller_y_inst/_2819_/ZN (gf180mcu_fd_sc_mcu7t5v0__aoi211_2)
                                                         wave_controller_y_inst/_0568_ (net)
                      0.993805    0.000309   33.808361 v wave_controller_y_inst/_2820_/A2 (gf180mcu_fd_sc_mcu7t5v0__oai21_2)
     2    0.032932    2.049872    1.571042   35.379402 ^ wave_controller_y_inst/_2820_/ZN (gf180mcu_fd_sc_mcu7t5v0__oai21_2)
                                                         wave_controller_y_inst/_0569_ (net)
                      2.049872    0.000636   35.380039 ^ wave_controller_y_inst/_2823_/A2 (gf180mcu_fd_sc_mcu7t5v0__aoi21_2)
     4    0.045931    1.339726    0.992305   36.372341 v wave_controller_y_inst/_2823_/ZN (gf180mcu_fd_sc_mcu7t5v0__aoi21_2)
                                                         wave_controller_y_inst/_0572_ (net)
                      1.339726    0.000774   36.373116 v wave_controller_y_inst/_2853_/A2 (gf180mcu_fd_sc_mcu7t5v0__or3_1)
     3    0.020252    1.034024    2.611152   38.984268 v wave_controller_y_inst/_2853_/Z (gf180mcu_fd_sc_mcu7t5v0__or3_1)
                                                         wave_controller_y_inst/_0602_ (net)
                      1.034024    0.000323   38.984592 v wave_controller_y_inst/_2887_/A1 (gf180mcu_fd_sc_mcu7t5v0__oai31_1)
     2    0.013941    3.072525    2.038195   41.022789 ^ wave_controller_y_inst/_2887_/ZN (gf180mcu_fd_sc_mcu7t5v0__oai31_1)
                                                         wave_controller_y_inst/_0634_ (net)
                      3.072525    0.000266   41.023056 ^ wave_controller_y_inst/_2889_/A1 (gf180mcu_fd_sc_mcu7t5v0__and2_1)
     1    0.019663    1.037642    1.514508   42.537563 ^ wave_controller_y_inst/_2889_/Z (gf180mcu_fd_sc_mcu7t5v0__and2_1)
                                                         wave_controller_y_inst/_0636_ (net)
                      1.037642    0.000902   42.538464 ^ wave_controller_y_inst/fanout71/I (gf180mcu_fd_sc_mcu7t5v0__dlyb_1)
     2    0.011001    0.715535    3.030284   45.568748 ^ wave_controller_y_inst/fanout71/Z (gf180mcu_fd_sc_mcu7t5v0__dlyb_1)
                                                         wave_controller_y_inst/net71 (net)
                      0.715535    0.000210   45.568958 ^ wave_controller_y_inst/load_slew74/I (gf180mcu_fd_sc_mcu7t5v0__buf_1)
     2    0.034925    1.624352    1.413820   46.982777 ^ wave_controller_y_inst/load_slew74/Z (gf180mcu_fd_sc_mcu7t5v0__buf_1)
                                                         wave_controller_y_inst/net74 (net)
                      1.624358    0.001734   46.984512 ^ wave_controller_y_inst/load_slew73/I (gf180mcu_fd_sc_mcu7t5v0__clkbuf_1)
     2    0.027071    1.276284    1.324750   48.309261 ^ wave_controller_y_inst/load_slew73/Z (gf180mcu_fd_sc_mcu7t5v0__clkbuf_1)
                                                         wave_controller_y_inst/net73 (net)
                      1.276284    0.000504   48.309765 ^ wave_controller_y_inst/wire72/I (gf180mcu_fd_sc_mcu7t5v0__clkbuf_2)
     2    0.036817    0.897494    1.228937   49.538704 ^ wave_controller_y_inst/wire72/Z (gf180mcu_fd_sc_mcu7t5v0__clkbuf_2)
                                                         wave_controller_y_inst/net72 (net)
                      0.897502    0.001894   49.540596 ^ wave_controller_y_inst/fanout67/I (gf180mcu_fd_sc_mcu7t5v0__dlyb_1)
     3    0.031051    1.488069    3.527951   53.068550 ^ wave_controller_y_inst/fanout67/Z (gf180mcu_fd_sc_mcu7t5v0__dlyb_1)
                                                         wave_controller_y_inst/net67 (net)
                      1.488069    0.000043   53.068592 ^ wave_controller_y_inst/fanout62/I (gf180mcu_fd_sc_mcu7t5v0__dlyb_1)
     3    0.015537    0.899137    3.183523   56.252113 ^ wave_controller_y_inst/fanout62/Z (gf180mcu_fd_sc_mcu7t5v0__dlyb_1)
                                                         wave_controller_y_inst/net62 (net)
                      0.899137    0.000114   56.252228 ^ wave_controller_y_inst/load_slew66/I (gf180mcu_fd_sc_mcu7t5v0__clkbuf_2)
     5    0.028569    0.725835    1.050328   57.302555 ^ wave_controller_y_inst/load_slew66/Z (gf180mcu_fd_sc_mcu7t5v0__clkbuf_2)
                                                         wave_controller_y_inst/net66 (net)
                      0.725835    0.000725   57.303280 ^ wave_controller_y_inst/load_slew65/I (gf180mcu_fd_sc_mcu7t5v0__buf_1)
     2    0.031533    1.481039    1.331280   58.634560 ^ wave_controller_y_inst/load_slew65/Z (gf180mcu_fd_sc_mcu7t5v0__buf_1)
                                                         wave_controller_y_inst/net65 (net)
                      1.481039    0.001339   58.635899 ^ wave_controller_y_inst/load_slew64/I (gf180mcu_fd_sc_mcu7t5v0__buf_2)
     2    0.033609    0.822215    1.007443   59.643341 ^ wave_controller_y_inst/load_slew64/Z (gf180mcu_fd_sc_mcu7t5v0__buf_2)
                                                         wave_controller_y_inst/net64 (net)
                      0.822216    0.001116   59.644459 ^ wave_controller_y_inst/_3555_/S (gf180mcu_fd_sc_mcu7t5v0__mux2_2)
     1    0.006071    0.318166    0.799375   60.443832 ^ wave_controller_y_inst/_3555_/Z (gf180mcu_fd_sc_mcu7t5v0__mux2_2)
                                                         wave_controller_y_inst/_0119_ (net)
                      0.318166    0.000128   60.443962 ^ wave_controller_y_inst/_3629_/D (gf180mcu_fd_sc_mcu7t5v0__dffrnq_2)
                                             60.443962   data arrival time

                                200.000000  200.000000   clock clk (rise edge)
                                  0.000000  200.000000   clock source latency
     2    0.118824    1.341403    0.749125  200.749115 ^ clk (in)
                                                         clk (net)
                      1.342054    0.000000  200.749115 ^ clkbuf_regs_0_clk/I (gf180mcu_fd_sc_mcu7t5v0__clkbuf_16)
     1    0.023355    0.261397    0.829800  201.578918 ^ clkbuf_regs_0_clk/Z (gf180mcu_fd_sc_mcu7t5v0__clkbuf_16)
                                                         clk_regs (net)
                      0.261398    0.000270  201.579193 ^ clkbuf_0_clk_regs/I (gf180mcu_fd_sc_mcu7t5v0__clkbuf_16)
     8    0.358483    1.066712    1.144528  202.723724 ^ clkbuf_0_clk_regs/Z (gf180mcu_fd_sc_mcu7t5v0__clkbuf_16)
                                                         clknet_0_clk_regs (net)
                      1.067294    0.013742  202.737457 ^ clkbuf_3_7__f_clk_regs/I (gf180mcu_fd_sc_mcu7t5v0__clkbuf_16)
     8    0.151502    0.551826    1.015579  203.753036 ^ clkbuf_3_7__f_clk_regs/Z (gf180mcu_fd_sc_mcu7t5v0__clkbuf_16)
                                                         clknet_3_7__leaf_clk_regs (net)
                      0.551902    0.002345  203.755386 ^ clkbuf_leaf_28_clk_regs/I (gf180mcu_fd_sc_mcu7t5v0__clkbuf_8)
    10    0.060959    0.467192    0.826461  204.581848 ^ clkbuf_leaf_28_clk_regs/Z (gf180mcu_fd_sc_mcu7t5v0__clkbuf_8)
                                                         clknet_leaf_28_clk_regs (net)
                      0.467192    0.000497  204.582336 ^ wave_controller_y_inst/_3629_/CLK (gf180mcu_fd_sc_mcu7t5v0__dffrnq_2)
                                 -0.250000  204.332336   clock uncertainty
                                  0.000000  204.332336   clock reconvergence pessimism
                                 -0.939784  203.392563   library setup time
                                            203.392563   data required time
---------------------------------------------------------------------------------------------
                                            203.392563   data required time
                                            -60.443962   data arrival time
---------------------------------------------------------------------------------------------
                                            142.948608   slack (MET)




===========================================================================
report_checks --slack_max -0.01
============================================================================
======================= max_ss_125C_3v00 Corner ===================================

No paths found.


===========================================================================
 report_check_types -max_slew -max_cap -max_fanout -violators
============================================================================
======================= max_ss_125C_3v00 Corner ===================================

max slew

Pin                                        Limit        Slew       Slack
------------------------------------------------------------------------
analog[0]                               3.000000    6.099532   -3.099532 (VIOLATED)
load_slew1554/I                         3.000000    6.099532   -3.099532 (VIOLATED)
fanout1273/I                            3.000000    5.115165   -2.115165 (VIOLATED)
wave_controller_x_inst/fanout1316/I     3.000000    5.115160   -2.115160 (VIOLATED)
wave_controller_x_inst/fanout1324/I     3.000000    5.115159   -2.115159 (VIOLATED)
fanout1294/I                            3.000000    5.115137   -2.115137 (VIOLATED)
fanout1308/I                            3.000000    5.115137   -2.115137 (VIOLATED)
fanout1339/I                            3.000000    5.115137   -2.115137 (VIOLATED)
fanout1342/Z                            3.000000    5.115137   -2.115137 (VIOLATED)
output13/I                              3.000000    4.939309   -1.939309 (VIOLATED)
_91_/Z                                  3.000000    4.939147   -1.939147 (VIOLATED)
fanout1342/I                            3.000000    4.858686   -1.858687 (VIOLATED)
fanout1376/I                            3.000000    4.858668   -1.858668 (VIOLATED)
fanout1409/I                            3.000000    4.858668   -1.858668 (VIOLATED)
fanout1429/Z                            3.000000    4.858668   -1.858668 (VIOLATED)
wave_controller_y_inst/fanout1393/I     3.000000    4.858668   -1.858668 (VIOLATED)
wave_controller_y_inst/fanout1426/I     3.000000    4.858668   -1.858668 (VIOLATED)
output12/I                              3.000000    4.839084   -1.839084 (VIOLATED)
_90_/Z                                  3.000000    4.838940   -1.838940 (VIOLATED)
analog[1]                               3.000000    4.599156   -1.599156 (VIOLATED)
analog_block_inst/analog_readout_output    3.000000    4.599156   -1.599156 (VIOLATED)
load_slew1553/I                         3.000000    4.599156   -1.599156 (VIOLATED)
analog[3]                               3.000000    4.269524   -1.269524 (VIOLATED)
analog_block_inst/analog_error_y_output    3.000000    4.269524   -1.269524 (VIOLATED)
load_slew1551/I                         3.000000    4.269524   -1.269524 (VIOLATED)
fanout1449/I                            3.000000    4.209914   -1.209914 (VIOLATED)
spi_regs_inst/fanout1496/I              3.000000    4.209909   -1.209909 (VIOLATED)
fanout1488/I                            3.000000    4.209885   -1.209885 (VIOLATED)
fanout1548/I                            3.000000    4.209885   -1.209885 (VIOLATED)
fanout1550/Z                            3.000000    4.209885   -1.209885 (VIOLATED)
wave_controller_y_inst/fanout1505/I     3.000000    4.209885   -1.209885 (VIOLATED)
spi_regs_inst/_1254_/A1                 3.000000    4.021190   -1.021190 (VIOLATED)
wave_controller_y_inst/_2001_/A1        3.000000    4.021145   -1.021145 (VIOLATED)
wave_controller_y_inst/_2413_/A1        3.000000    4.021117   -1.021117 (VIOLATED)
wave_controller_y_inst/_2909_/A1        3.000000    4.021117   -1.021117 (VIOLATED)
wave_controller_y_inst/_3646_/Q         3.000000    4.021117   -1.021117 (VIOLATED)
output11/I                              3.000000    3.996280   -0.996280 (VIOLATED)
_89_/Z                                  3.000000    3.996168   -0.996168 (VIOLATED)
analog[2]                               3.000000    3.959123   -0.959123 (VIOLATED)
analog_block_inst/analog_error_x_output    3.000000    3.959123   -0.959123 (VIOLATED)
load_slew1552/I                         3.000000    3.959123   -0.959123 (VIOLATED)
wave_controller_x_inst/_2134_/ZN        3.000000    3.760558   -0.760558 (VIOLATED)
wave_controller_x_inst/_2143_/A1        3.000000    3.760558   -0.760558 (VIOLATED)
wave_controller_x_inst/_2144_/A1        3.000000    3.760558   -0.760558 (VIOLATED)
wave_controller_x_inst/_2729_/B         3.000000    3.760558   -0.760558 (VIOLATED)
spi_regs_inst/_1042_/A1                 3.000000    3.653222   -0.653222 (VIOLATED)
spi_regs_inst/_0819_/I1                 3.000000    3.653187   -0.653187 (VIOLATED)
spi_regs_inst/_1562_/Q                  3.000000    3.653187   -0.653187 (VIOLATED)
wave_controller_y_inst/_1891_/B1        3.000000    3.653187   -0.653187 (VIOLATED)
output14/I                              3.000000    3.597470   -0.597470 (VIOLATED)
_92_/Z                                  3.000000    3.597361   -0.597361 (VIOLATED)
spi_regs_inst/_1102_/A1                 3.000000    3.330880   -0.330880 (VIOLATED)
wave_controller_x_inst/_1995_/Z         3.000000    3.330880   -0.330880 (VIOLATED)
spi_regs_inst/_1265_/B1                 3.000000    3.287967   -0.287967 (VIOLATED)
spi_regs_inst/_1243_/ZN                 3.000000    3.287966   -0.287966 (VIOLATED)
spi_regs_inst/_1252_/B2                 3.000000    3.237917   -0.237917 (VIOLATED)
wave_controller_x_inst/_2001_/A1        3.000000    3.237916   -0.237917 (VIOLATED)
wave_controller_x_inst/_2413_/A1        3.000000    3.237905   -0.237905 (VIOLATED)
wave_controller_x_inst/_2909_/A1        3.000000    3.237886   -0.237886 (VIOLATED)
wave_controller_x_inst/_3646_/Q         3.000000    3.237886   -0.237886 (VIOLATED)
spi_regs_inst/_1089_/B2                 3.000000    3.169033   -0.169033 (VIOLATED)
wave_controller_x_inst/_2442_/ZN        3.000000    3.169033   -0.169033 (VIOLATED)
spi_regs_inst/_0848_/I0                 3.000000    3.167524   -0.167524 (VIOLATED)
spi_regs_inst/_1259_/A1                 3.000000    3.167524   -0.167524 (VIOLATED)
spi_regs_inst/_1587_/Q                  3.000000    3.167524   -0.167524 (VIOLATED)
wave_controller_y_inst/_3086_/A2        3.000000    3.167524   -0.167524 (VIOLATED)
wave_controller_y_inst/_3102_/A2        3.000000    3.167524   -0.167524 (VIOLATED)
wave_controller_x_inst/_1788_/I         3.000000    3.155583   -0.155583 (VIOLATED)
wave_controller_x_inst/_3247_/A2        3.000000    3.155583   -0.155583 (VIOLATED)
spi_regs_inst/_0799_/I1                 3.000000    3.155568   -0.155568 (VIOLATED)
spi_regs_inst/_1054_/A1                 3.000000    3.155568   -0.155568 (VIOLATED)
spi_regs_inst/_1549_/Q                  3.000000    3.155568   -0.155568 (VIOLATED)
wave_controller_x_inst/_2900_/ZN        3.000000    3.146264   -0.146264 (VIOLATED)
wave_controller_x_inst/_2901_/I1        3.000000    3.146264   -0.146264 (VIOLATED)
wave_controller_x_inst/_3053_/B         3.000000    3.146264   -0.146264 (VIOLATED)
wave_controller_x_inst/_3546_/I0        3.000000    3.146264   -0.146264 (VIOLATED)
wave_controller_x_inst/_1811_/I         3.000000    3.141628   -0.141628 (VIOLATED)
wave_controller_x_inst/_3110_/A2        3.000000    3.141627   -0.141627 (VIOLATED)
wave_controller_x_inst/_3112_/A2        3.000000    3.141624   -0.141624 (VIOLATED)
spi_regs_inst/_0773_/I0                 3.000000    3.141607   -0.141607 (VIOLATED)
spi_regs_inst/_1055_/A1                 3.000000    3.141607   -0.141607 (VIOLATED)
spi_regs_inst/_1528_/Q                  3.000000    3.141607   -0.141607 (VIOLATED)
spi_regs_inst/_1310_/ZN                 3.000000    3.141005   -0.141005 (VIOLATED)
spi_regs_inst/_1313_/A1                 3.000000    3.141005   -0.141005 (VIOLATED)
spi_regs_inst/_0830_/I0                 3.000000    3.093419   -0.093419 (VIOLATED)
spi_regs_inst/_1143_/A1                 3.000000    3.093419   -0.093419 (VIOLATED)
spi_regs_inst/_1572_/Q                  3.000000    3.093419   -0.093419 (VIOLATED)
wave_controller_y_inst/_1904_/A1        3.000000    3.093419   -0.093419 (VIOLATED)
wave_controller_y_inst/_1905_/B1        3.000000    3.093419   -0.093419 (VIOLATED)
spi_regs_inst/_1083_/A1                 3.000000    3.081117   -0.081117 (VIOLATED)
wave_controller_x_inst/_2394_/ZN        3.000000    3.081117   -0.081117 (VIOLATED)
spi_regs_inst/_1056_/A1                 3.000000    3.080908   -0.080908 (VIOLATED)
wave_controller_x_inst/_1991_/ZN        3.000000    3.080908   -0.080908 (VIOLATED)
spi_regs_inst/_1180_/A1                 3.000000    3.077209   -0.077209 (VIOLATED)
spi_regs_inst/_0813_/I0                 3.000000    3.077188   -0.077189 (VIOLATED)
spi_regs_inst/_1560_/Q                  3.000000    3.077188   -0.077189 (VIOLATED)
wave_controller_y_inst/_1884_/B2        3.000000    3.077188   -0.077189 (VIOLATED)
wave_controller_y_inst/_1885_/A2        3.000000    3.077188   -0.077189 (VIOLATED)
wave_controller_y_inst/_2887_/ZN        3.000000    3.072525   -0.072525 (VIOLATED)
wave_controller_y_inst/_2889_/A1        3.000000    3.072525   -0.072525 (VIOLATED)
wave_controller_y_inst/_2912_/A1        3.000000    3.072525   -0.072525 (VIOLATED)
wave_controller_x_inst/_3118_/Z         3.000000    3.067961   -0.067961 (VIOLATED)
wave_controller_x_inst/_3119_/B2        3.000000    3.067961   -0.067961 (VIOLATED)
wave_controller_x_inst/_3121_/A1        3.000000    3.067961   -0.067961 (VIOLATED)
wave_controller_x_inst/_3159_/A2        3.000000    3.067961   -0.067961 (VIOLATED)
spi_regs_inst/_0918_/Z                  3.000000    3.067238   -0.067238 (VIOLATED)
spi_regs_inst/_0919_/A2                 3.000000    3.067238   -0.067238 (VIOLATED)
spi_regs_inst/_0953_/A1                 3.000000    3.067238   -0.067238 (VIOLATED)
spi_regs_inst/_0964_/A3                 3.000000    3.067238   -0.067238 (VIOLATED)
spi_regs_inst/_0978_/A3                 3.000000    3.067238   -0.067238 (VIOLATED)
wave_controller_x_inst/_2918_/ZN        3.000000    3.041297   -0.041297 (VIOLATED)
wave_controller_x_inst/_2949_/A1        3.000000    3.041297   -0.041297 (VIOLATED)
wave_controller_x_inst/_2950_/C         3.000000    3.041297   -0.041297 (VIOLATED)
spi_regs_inst/_0906_/ZN                 3.000000    3.036783   -0.036783 (VIOLATED)
spi_regs_inst/_0907_/I                  3.000000    3.036783   -0.036783 (VIOLATED)
spi_regs_inst/_0807_/ZN                 3.000000    3.031098   -0.031098 (VIOLATED)
spi_regs_inst/_0842_/A2                 3.000000    3.031098   -0.031098 (VIOLATED)
spi_regs_inst/_0852_/A1                 3.000000    3.031098   -0.031098 (VIOLATED)
wave_controller_y_inst/_2694_/Z         3.000000    3.001103   -0.001104 (VIOLATED)
wave_controller_y_inst/_2696_/A1        3.000000    3.001103   -0.001104 (VIOLATED)
wave_controller_y_inst/_2697_/A1        3.000000    3.001103   -0.001104 (VIOLATED)
wave_controller_y_inst/_2710_/A1        3.000000    3.001103   -0.001104 (VIOLATED)

max fanout

Pin                                   Limit Fanout  Slack
---------------------------------------------------------
clkbuf_leaf_14_clk_regs/Z                10     12     -2 (VIOLATED)
clkbuf_leaf_15_clk_regs/Z                10     12     -2 (VIOLATED)
clkbuf_leaf_16_clk_regs/Z                10     12     -2 (VIOLATED)
clkbuf_leaf_17_clk_regs/Z                10     12     -2 (VIOLATED)
clkbuf_leaf_23_clk_regs/Z                10     12     -2 (VIOLATED)
clkbuf_leaf_31_clk_regs/Z                10     12     -2 (VIOLATED)
clkbuf_leaf_42_clk_regs/Z                10     12     -2 (VIOLATED)
clkbuf_leaf_43_clk_regs/Z                10     12     -2 (VIOLATED)
clkbuf_leaf_44_clk_regs/Z                10     12     -2 (VIOLATED)
clkbuf_leaf_45_clk_regs/Z                10     12     -2 (VIOLATED)
clkbuf_leaf_46_clk_regs/Z                10     12     -2 (VIOLATED)
clkbuf_leaf_53_clk_regs/Z                10     12     -2 (VIOLATED)
clkbuf_leaf_56_clk_regs/Z                10     12     -2 (VIOLATED)
clkbuf_leaf_19_clk_regs/Z                10     11        (VIOLATED)
clkbuf_leaf_22_clk_regs/Z                10     11        (VIOLATED)

max capacitance

Pin                                        Limit         Cap       Slack
------------------------------------------------------------------------
clkbuf_0_clk_regs/Z                     0.200000    0.358483   -0.158483 (VIOLATED)
clkbuf_3_6__f_clk_regs/Z                0.200000    0.211503   -0.011503 (VIOLATED)
clkbuf_3_4__f_clk_regs/Z                0.200000    0.204173   -0.004173 (VIOLATED)



===========================================================================
report_parasitic_annotation -report_unannotated
============================================================================
Found 60 unannotated drivers.
 bidir_in[3]
 bidir_in[4]
 bidir_in[5]
 bidir_in[6]
 bidir_in[7]
 bidir_in[8]
 bidir_in[9]
 _83_/Z
 _84_/Z
 _85_/Z
 _86_/Z
 clkload0/Z
 clkload1/Z
 clkload10/Z
 clkload11/Z
 clkload12/Z
 clkload13/ZN
 clkload14/ZN
 clkload15/Z
 clkload16/ZN
 clkload17/Z
 clkload18/Z
 clkload19/Z
 clkload2/Z
 clkload20/Z
 clkload21/ZN
 clkload22/ZN
 clkload23/Z
 clkload24/Z
 clkload25/Z
 clkload26/Z
 clkload27/ZN
 clkload28/ZN
 clkload29/ZN
 clkload3/Z
 clkload30/ZN
 clkload31/ZN
 clkload32/ZN
 clkload33/ZN
 clkload34/ZN
 clkload35/Z
 clkload36/Z
 clkload37/Z
 clkload38/ZN
 clkload39/ZN
 clkload4/Z
 clkload40/Z
 clkload41/ZN
 clkload42/ZN
 clkload43/Z
 clkload44/ZN
 clkload45/ZN
 clkload46/ZN
 clkload5/Z
 clkload6/Z
 clkload7/Z
 clkload8/ZN
 clkload9/Z
 wave_controller_x_inst\/_3681_/Q
 wave_controller_y_inst\/_3681_/Q
Found 0 partially unannotated drivers.

===========================================================================
max slew violation count 122
max fanout violation count 15
max cap violation count 3
============================================================================

===========================================================================
check_setup -verbose -unconstrained_endpoints -multiple_clock -no_clock -no_input_delay -loops -generated_clocks
===========================================================================
Warning: There are 4 unconstrained endpoints.
  analog[0]
  analog[1]
  analog[2]
  analog[3]
