[WARNING ORD-0039] .openroad ignored with -python
Unannotated report:
['report_parasitic_annotation -report_unannotated\n',
 '============================================================================\n',
 'Found 60 unannotated drivers.\n',
 ' bidir_in[3]\n',
 ' bidir_in[4]\n',
 ' bidir_in[5]\n',
 ' bidir_in[6]\n',
 ' bidir_in[7]\n',
 ' bidir_in[8]\n',
 ' bidir_in[9]\n',
 ' _83_/Z\n',
 ' _84_/Z\n',
 ' _85_/Z\n',
 ' _86_/Z\n',
 ' clkload0/Z\n',
 ' clkload1/Z\n',
 ' clkload10/Z\n',
 ' clkload11/Z\n',
 ' clkload12/Z\n',
 ' clkload13/ZN\n',
 ' clkload14/ZN\n',
 ' clkload15/Z\n',
 ' clkload16/ZN\n',
 ' clkload17/Z\n',
 ' clkload18/Z\n',
 ' clkload19/Z\n',
 ' clkload2/Z\n',
 ' clkload20/Z\n',
 ' clkload21/ZN\n',
 ' clkload22/ZN\n',
 ' clkload23/Z\n',
 ' clkload24/Z\n',
 ' clkload25/Z\n',
 ' clkload26/Z\n',
 ' clkload27/ZN\n',
 ' clkload28/ZN\n',
 ' clkload29/ZN\n',
 ' clkload3/Z\n',
 ' clkload30/ZN\n',
 ' clkload31/ZN\n',
 ' clkload32/ZN\n',
 ' clkload33/ZN\n',
 ' clkload34/ZN\n',
 ' clkload35/Z\n',
 ' clkload36/Z\n',
 ' clkload37/Z\n',
 ' clkload38/ZN\n',
 ' clkload39/ZN\n',
 ' clkload4/Z\n',
 ' clkload40/Z\n',
 ' clkload41/ZN\n',
 ' clkload42/ZN\n',
 ' clkload43/Z\n',
 ' clkload44/ZN\n',
 ' clkload45/ZN\n',
 ' clkload46/ZN\n',
 ' clkload5/Z\n',
 ' clkload6/Z\n',
 ' clkload7/Z\n',
 ' clkload8/ZN\n',
 ' clkload9/Z\n',
 ' wave_controller_x_inst\\/_3681_/Q\n',
 ' wave_controller_y_inst\\/_3681_/Q\n',
 'Found 0 partially unannotated drivers.\n',
 '\n']
Reported nets:
['bidir_in[3]',
 'bidir_in[4]',
 'bidir_in[5]',
 'bidir_in[6]',
 'bidir_in[7]',
 'bidir_in[8]',
 'bidir_in[9]',
 '_83_/Z',
 '_84_/Z',
 '_85_/Z',
 '_86_/Z',
 'clkload0/Z',
 'clkload1/Z',
 'clkload10/Z',
 'clkload11/Z',
 'clkload12/Z',
 'clkload13/ZN',
 'clkload14/ZN',
 'clkload15/Z',
 'clkload16/ZN',
 'clkload17/Z',
 'clkload18/Z',
 'clkload19/Z',
 'clkload2/Z',
 'clkload20/Z',
 'clkload21/ZN',
 'clkload22/ZN',
 'clkload23/Z',
 'clkload24/Z',
 'clkload25/Z',
 'clkload26/Z',
 'clkload27/ZN',
 'clkload28/ZN',
 'clkload29/ZN',
 'clkload3/Z',
 'clkload30/ZN',
 'clkload31/ZN',
 'clkload32/ZN',
 'clkload33/ZN',
 'clkload34/ZN',
 'clkload35/Z',
 'clkload36/Z',
 'clkload37/Z',
 'clkload38/ZN',
 'clkload39/ZN',
 'clkload4/Z',
 'clkload40/Z',
 'clkload41/ZN',
 'clkload42/ZN',
 'clkload43/Z',
 'clkload44/ZN',
 'clkload45/ZN',
 'clkload46/ZN',
 'clkload5/Z',
 'clkload6/Z',
 'clkload7/Z',
 'clkload8/ZN',
 'clkload9/Z',
 'wave_controller_x_inst\\/_3681_/Q',
 'wave_controller_y_inst\\/_3681_/Q']
Filtered nets:
[]
done
