Clock: clk
Sources: clk 
Generated: no
Virtual: yes
Propagated: no
Period: 200.000000

===========================================================================
report_clock_properties
============================================================================
Clock                   Period          Waveform
----------------------------------------------------
clk                 200.000000    0.000000100.000000

===========================================================================
report_clock_latency
============================================================================
Clock clk
rise -> rise
    min     max
0.000000 0.000000 source latency
2.365991         network latency spi_regs_inst/_1621_/CLK
        2.503782 network latency wave_controller_y_inst/_3708_/CLK
---------------
2.365991 2.503782 latency
        0.137791 skew

fall -> fall
    min     max
0.000000 0.000000 source latency
2.287429         network latency spi_regs_inst/_1621_/CLK
        2.444708 network latency wave_controller_y_inst/_3708_/CLK
---------------
2.287429 2.444708 latency
        0.157279 skew



===========================================================================
report_clock_min_period
============================================================================
clk period_min = 34.30 fmax = 29.15
