
===========================================================================
report_checks -unconstrained
===========================================================================
======================= max_ss_125C_4v50 Corner ===================================

Startpoint: rst_n (input port clocked by clk)
Endpoint: spi_regs_inst/_1615_ (recovery check against rising-edge clock clk)
Path Group: asynchronous
Path Type: max

Fanout         Cap        Slew       Delay        Time   Description
---------------------------------------------------------------------------------------------
                                  0.000000    0.000000   clock clk (rise edge)
                                  0.000000    0.000000   clock network delay (propagated)
                                 40.000000   40.000000 ^ input external delay
     1    0.004521    0.211471    0.072653   40.072655 ^ rst_n (in)
                                                         rst_n (net)
                      0.211471    0.000000   40.072655 ^ input5/I (gf180mcu_fd_sc_mcu7t5v0__buf_1)
     2    0.060122    1.724051    1.250882   41.323536 ^ input5/Z (gf180mcu_fd_sc_mcu7t5v0__buf_1)
                                                         net5 (net)
                      1.724060    0.002309   41.325844 ^ fanout595/I (gf180mcu_fd_sc_mcu7t5v0__dlyb_1)
     7    0.086591    2.443077    3.053682   44.379528 ^ fanout595/Z (gf180mcu_fd_sc_mcu7t5v0__dlyb_1)
                                                         net595 (net)
                      2.443088    0.002952   44.382481 ^ fanout566/I (gf180mcu_fd_sc_mcu7t5v0__dlyb_1)
     6    0.120535    3.361704    3.552273   47.934753 ^ fanout566/Z (gf180mcu_fd_sc_mcu7t5v0__dlyb_1)
                                                         net566 (net)
                      3.361882    0.013756   47.948509 ^ fanout561/I (gf180mcu_fd_sc_mcu7t5v0__dlyb_1)
     8    0.100218    2.812699    3.196000   51.144508 ^ fanout561/Z (gf180mcu_fd_sc_mcu7t5v0__dlyb_1)
                                                         net561 (net)
                      2.812699    0.001663   51.146172 ^ fanout560/I (gf180mcu_fd_sc_mcu7t5v0__dlyb_1)
     5    0.059418    1.711518    2.595517   53.741688 ^ fanout560/Z (gf180mcu_fd_sc_mcu7t5v0__dlyb_1)
                                                         net560 (net)
                      1.711518    0.000515   53.742203 ^ fanout559/I (gf180mcu_fd_sc_mcu7t5v0__dlyb_1)
    10    0.102841    2.882546    3.307196   57.049400 ^ fanout559/Z (gf180mcu_fd_sc_mcu7t5v0__dlyb_1)
                                                         net559 (net)
                      2.882546    0.002146   57.051544 ^ spi_regs_inst/_1615_/RN (gf180mcu_fd_sc_mcu7t5v0__dffrnq_1)
                                             57.051544   data arrival time

                                200.000000  200.000000   clock clk (rise edge)
                                  0.000000  200.000000   clock source latency
     1    0.099192    0.727658    0.399126  200.399124 ^ clk (in)
                                                         clk (net)
                      0.728593    0.000000  200.399124 ^ clkbuf_0_clk/I (gf180mcu_fd_sc_mcu7t5v0__clkbuf_16)
     8    0.355549    0.676781    0.862798  201.261917 ^ clkbuf_0_clk/Z (gf180mcu_fd_sc_mcu7t5v0__clkbuf_16)
                                                         clknet_0_clk (net)
                      0.680257    0.029743  201.291656 ^ clkbuf_3_1__f_clk/I (gf180mcu_fd_sc_mcu7t5v0__clkbuf_16)
     8    0.154188    0.369357    0.665779  201.957443 ^ clkbuf_3_1__f_clk/Z (gf180mcu_fd_sc_mcu7t5v0__clkbuf_16)
                                                         clknet_3_1__leaf_clk (net)
                      0.369360    0.002402  201.959839 ^ clkbuf_leaf_11_clk/I (gf180mcu_fd_sc_mcu7t5v0__clkbuf_8)
     9    0.075469    0.354535    0.581778  202.541626 ^ clkbuf_leaf_11_clk/Z (gf180mcu_fd_sc_mcu7t5v0__clkbuf_8)
                                                         clknet_leaf_11_clk (net)
                      0.354535    0.001307  202.542923 ^ spi_regs_inst/_1615_/CLK (gf180mcu_fd_sc_mcu7t5v0__dffrnq_1)
                                 -0.250000  202.292923   clock uncertainty
                                  0.000000  202.292923   clock reconvergence pessimism
                                 -0.196249  202.096680   library recovery time
                                            202.096680   data required time
---------------------------------------------------------------------------------------------
                                            202.096680   data required time
                                            -57.051544   data arrival time
---------------------------------------------------------------------------------------------
                                            145.045135   slack (MET)


Startpoint: analog[0] (input port clocked by clk)
Endpoint: analog[2] (output port clocked by clk)
Path Group: clk
Path Type: max

Fanout         Cap        Slew       Delay        Time   Description
---------------------------------------------------------------------------------------------
                                  0.000000    0.000000   clock clk (rise edge)
                                  0.000000    0.000000   clock network delay (propagated)
                                 40.000000   40.000000 ^ input external delay
     2    0.080619    2.272533    1.259405   41.259407 ^ analog[0] (inout)
                                                         analog[0] (net)
                      2.272533    0.000000   41.259407 ^ analog_block_inst/analog_readout_inst/_0_/A1 (gf180mcu_fd_sc_mcu7t5v0__and2_1)
     4    0.119260    3.341572    2.550877   43.810284 ^ analog_block_inst/analog_readout_inst/_0_/Z (gf180mcu_fd_sc_mcu7t5v0__and2_1)
                                                         analog[1] (net)
                      3.341589    0.004324   43.814606 ^ analog_block_inst/analog_wave_mixer_x_inst/_0_/A2 (gf180mcu_fd_sc_mcu7t5v0__and2_1)
     3    0.080945    2.307086    1.864383   45.678989 ^ analog_block_inst/analog_wave_mixer_x_inst/_0_/Z (gf180mcu_fd_sc_mcu7t5v0__and2_1)
                                                         analog[2] (net)
                      2.307086    0.001904   45.680893 ^ analog[2] (inout)
                                             45.680893   data arrival time

                                200.000000  200.000000   clock clk (rise edge)
                                  0.000000  200.000000   clock network delay (propagated)
                                 -0.250000  199.750000   clock uncertainty
                                  0.000000  199.750000   clock reconvergence pessimism
                                -40.000000  159.749985   output external delay
                                            159.749985   data required time
---------------------------------------------------------------------------------------------
                                            159.749985   data required time
                                            -45.680893   data arrival time
---------------------------------------------------------------------------------------------
                                            114.069099   slack (MET)




===========================================================================
report_checks --slack_max -0.01
============================================================================
======================= max_ss_125C_4v50 Corner ===================================

No paths found.


===========================================================================
 report_check_types -max_slew -max_cap -max_fanout -violators
============================================================================
======================= max_ss_125C_4v50 Corner ===================================

max slew

Pin                                        Limit        Slew       Slack
------------------------------------------------------------------------
spi_regs_inst/_0766_/I1                 3.000000    5.248550   -2.248550 (VIOLATED)
spi_regs_inst/_0796_/I1                 3.000000    5.248549   -2.248549 (VIOLATED)
spi_regs_inst/_1444_/I1                 3.000000    5.248462   -2.248462 (VIOLATED)
spi_regs_inst/_0779_/I1                 3.000000    5.248408   -2.248409 (VIOLATED)
spi_regs_inst/_0805_/I0                 3.000000    5.248398   -2.248398 (VIOLATED)
spi_regs_inst/_1393_/I1                 3.000000    5.248386   -2.248386 (VIOLATED)
spi_regs_inst/_0878_/I1                 3.000000    5.248353   -2.248353 (VIOLATED)
spi_regs_inst/_1411_/I1                 3.000000    5.248355   -2.248355 (VIOLATED)
spi_regs_inst/_0860_/I1                 3.000000    5.248350   -2.248350 (VIOLATED)
spi_regs_inst/_1383_/I1                 3.000000    5.248326   -2.248326 (VIOLATED)
spi_regs_inst/fanout461/Z               3.000000    5.248326   -2.248326 (VIOLATED)
spi_regs_inst/_0859_/I1                 3.000000    4.798432   -1.798433 (VIOLATED)
spi_regs_inst/_0877_/I1                 3.000000    4.798434   -1.798434 (VIOLATED)
spi_regs_inst/_1410_/I1                 3.000000    4.798423   -1.798423 (VIOLATED)
spi_regs_inst/_0765_/I1                 3.000000    4.798381   -1.798381 (VIOLATED)
spi_regs_inst/_0795_/I1                 3.000000    4.798382   -1.798382 (VIOLATED)
spi_regs_inst/_1443_/I1                 3.000000    4.798286   -1.798286 (VIOLATED)
spi_regs_inst/_0778_/I1                 3.000000    4.798264   -1.798264 (VIOLATED)
spi_regs_inst/_0804_/I0                 3.000000    4.798239   -1.798239 (VIOLATED)
spi_regs_inst/_1392_/I1                 3.000000    4.798214   -1.798215 (VIOLATED)
spi_regs_inst/_1382_/I1                 3.000000    4.798110   -1.798111 (VIOLATED)
spi_regs_inst/fanout463/Z               3.000000    4.798110   -1.798111 (VIOLATED)
spi_regs_inst/_0843_/ZN                 3.000000    4.760016   -1.760017 (VIOLATED)
spi_regs_inst/_0847_/S                  3.000000    4.760016   -1.760017 (VIOLATED)
spi_regs_inst/_0850_/S                  3.000000    4.760016   -1.760017 (VIOLATED)
spi_regs_inst/_0851_/S                  3.000000    4.760016   -1.760017 (VIOLATED)
spi_regs_inst/load_slew190/I            3.000000    4.760016   -1.760017 (VIOLATED)
spi_regs_inst/_0767_/I1                 3.000000    4.614447   -1.614447 (VIOLATED)
spi_regs_inst/_0797_/I1                 3.000000    4.614446   -1.614446 (VIOLATED)
spi_regs_inst/_1445_/I1                 3.000000    4.614398   -1.614398 (VIOLATED)
spi_regs_inst/_1394_/I1                 3.000000    4.614361   -1.614361 (VIOLATED)
spi_regs_inst/_0806_/I0                 3.000000    4.614357   -1.614357 (VIOLATED)
spi_regs_inst/_0780_/I1                 3.000000    4.614338   -1.614339 (VIOLATED)
spi_regs_inst/_1412_/I1                 3.000000    4.614244   -1.614244 (VIOLATED)
spi_regs_inst/_0879_/I1                 3.000000    4.614213   -1.614213 (VIOLATED)
spi_regs_inst/_0861_/I1                 3.000000    4.614211   -1.614211 (VIOLATED)
spi_regs_inst/_1384_/I1                 3.000000    4.614182   -1.614182 (VIOLATED)
spi_regs_inst/fanout459/Z               3.000000    4.614182   -1.614182 (VIOLATED)
wave_controller_y_inst/_3044_/B2        3.000000    4.610360   -1.610360 (VIOLATED)
wave_controller_y_inst/_3046_/A1        3.000000    4.610359   -1.610359 (VIOLATED)
wave_controller_y_inst/_3048_/B2        3.000000    4.610350   -1.610350 (VIOLATED)
wave_controller_y_inst/_3054_/B2        3.000000    4.610328   -1.610328 (VIOLATED)
wave_controller_y_inst/_3074_/A1        3.000000    4.610025   -1.610026 (VIOLATED)
wave_controller_y_inst/_3076_/B2        3.000000    4.610008   -1.610008 (VIOLATED)
wave_controller_y_inst/_3080_/B2        3.000000    4.609998   -1.609998 (VIOLATED)
wave_controller_y_inst/_3078_/B2        3.000000    4.609973   -1.609973 (VIOLATED)
wave_controller_y_inst/_2762_/I         3.000000    4.609751   -1.609751 (VIOLATED)
wave_controller_y_inst/_3090_/A1        3.000000    4.609751   -1.609751 (VIOLATED)
wave_controller_y_inst/fanout144/Z      3.000000    4.609751   -1.609751 (VIOLATED)
wave_controller_x_inst/_2940_/A2        3.000000    4.550171   -1.550171 (VIOLATED)
wave_controller_x_inst/_2941_/A2        3.000000    4.550171   -1.550171 (VIOLATED)
wave_controller_x_inst/_2942_/A2        3.000000    4.550172   -1.550172 (VIOLATED)
wave_controller_x_inst/_2723_/A1        3.000000    4.550163   -1.550163 (VIOLATED)
wave_controller_x_inst/_1816_/I         3.000000    4.550159   -1.550159 (VIOLATED)
wave_controller_x_inst/_2014_/A1        3.000000    4.550135   -1.550135 (VIOLATED)
wave_controller_x_inst/_2403_/A1        3.000000    4.550131   -1.550132 (VIOLATED)
wave_controller_x_inst/_2419_/A1        3.000000    4.550130   -1.550130 (VIOLATED)
spi_regs_inst/_1317_/B2                 3.000000    4.550104   -1.550104 (VIOLATED)
fanout527/Z                             3.000000    4.550063   -1.550063 (VIOLATED)
spi_regs_inst/_1393_/I0                 3.000000    4.550063   -1.550063 (VIOLATED)
wave_controller_y_inst/_3558_/A2        3.000000    4.510684   -1.510684 (VIOLATED)
wave_controller_y_inst/_3560_/A2        3.000000    4.510682   -1.510682 (VIOLATED)
wave_controller_y_inst/_3562_/A2        3.000000    4.510683   -1.510683 (VIOLATED)
wave_controller_y_inst/_3564_/A2        3.000000    4.510670   -1.510670 (VIOLATED)
wave_controller_y_inst/_3568_/A2        3.000000    4.510651   -1.510651 (VIOLATED)
wave_controller_y_inst/_3406_/A1        3.000000    4.510590   -1.510590 (VIOLATED)
wave_controller_y_inst/_2926_/A2        3.000000    4.510581   -1.510581 (VIOLATED)
wave_controller_y_inst/_2928_/A2        3.000000    4.510567   -1.510567 (VIOLATED)
wave_controller_y_inst/fanout313/I      3.000000    4.510470   -1.510470 (VIOLATED)
wave_controller_y_inst/_2915_/A2        3.000000    4.510415   -1.510414 (VIOLATED)
wave_controller_y_inst/fanout314/Z      3.000000    4.510415   -1.510414 (VIOLATED)
spi_regs_inst/_0965_/ZN                 3.000000    4.398236   -1.398236 (VIOLATED)
spi_regs_inst/_0967_/A2                 3.000000    4.398236   -1.398236 (VIOLATED)
spi_regs_inst/_1138_/A2                 3.000000    4.398236   -1.398236 (VIOLATED)
spi_regs_inst/_1218_/A2                 3.000000    4.398236   -1.398236 (VIOLATED)
spi_regs_inst/_1353_/A2                 3.000000    4.398236   -1.398236 (VIOLATED)
spi_regs_inst/load_slew278/I            3.000000    4.398236   -1.398236 (VIOLATED)
spi_regs_inst/_1179_/B1                 3.000000    4.326365   -1.326365 (VIOLATED)
spi_regs_inst/_1238_/B1                 3.000000    4.326363   -1.326363 (VIOLATED)
spi_regs_inst/_1272_/B1                 3.000000    4.326361   -1.326361 (VIOLATED)
spi_regs_inst/_1352_/B1                 3.000000    4.326353   -1.326353 (VIOLATED)
spi_regs_inst/_1029_/ZN                 3.000000    4.326339   -1.326339 (VIOLATED)
spi_regs_inst/max_cap208/I              3.000000    4.326339   -1.326339 (VIOLATED)
spi_regs_inst/_1315_/A2                 3.000000    4.291567   -1.291567 (VIOLATED)
spi_regs_inst/_1065_/A2                 3.000000    4.291564   -1.291565 (VIOLATED)
spi_regs_inst/_0958_/ZN                 3.000000    4.291542   -1.291542 (VIOLATED)
spi_regs_inst/_1085_/A2                 3.000000    4.291542   -1.291542 (VIOLATED)
spi_regs_inst/max_cap284/I              3.000000    4.291542   -1.291542 (VIOLATED)
wave_controller_y_inst/_3052_/A2        3.000000    4.202202   -1.202202 (VIOLATED)
wave_controller_y_inst/_3054_/A2        3.000000    4.202200   -1.202200 (VIOLATED)
wave_controller_y_inst/_3057_/A2        3.000000    4.202185   -1.202186 (VIOLATED)
wave_controller_y_inst/fanout171/I      3.000000    4.202065   -1.202065 (VIOLATED)
wave_controller_y_inst/_3074_/B1        3.000000    4.201982   -1.201982 (VIOLATED)
wave_controller_y_inst/_3076_/A2        3.000000    4.201983   -1.201983 (VIOLATED)
wave_controller_y_inst/_3080_/A2        3.000000    4.201959   -1.201959 (VIOLATED)
wave_controller_y_inst/_3078_/A2        3.000000    4.201928   -1.201928 (VIOLATED)
wave_controller_y_inst/_3090_/B1        3.000000    4.201857   -1.201857 (VIOLATED)
wave_controller_y_inst/fanout172/Z      3.000000    4.201857   -1.201857 (VIOLATED)
spi_regs_inst/_0772_/ZN                 3.000000    4.132530   -1.132530 (VIOLATED)
spi_regs_inst/_0774_/S                  3.000000    4.132530   -1.132530 (VIOLATED)
spi_regs_inst/_0776_/S                  3.000000    4.132530   -1.132530 (VIOLATED)
spi_regs_inst/_0777_/S                  3.000000    4.132530   -1.132530 (VIOLATED)
spi_regs_inst/_0779_/S                  3.000000    4.132530   -1.132530 (VIOLATED)
spi_regs_inst/_0780_/S                  3.000000    4.132530   -1.132530 (VIOLATED)
spi_regs_inst/load_slew194/I            3.000000    4.132530   -1.132530 (VIOLATED)
spi_regs_inst/_1104_/A2                 3.000000    4.032421   -1.032421 (VIOLATED)
spi_regs_inst/_1101_/ZN                 3.000000    4.032419   -1.032419 (VIOLATED)
spi_regs_inst/_0982_/ZN                 3.000000    3.992805   -0.992805 (VIOLATED)
spi_regs_inst/_1176_/A2                 3.000000    3.992805   -0.992805 (VIOLATED)
spi_regs_inst/_1318_/A2                 3.000000    3.992805   -0.992805 (VIOLATED)
spi_regs_inst/_1340_/A2                 3.000000    3.992805   -0.992805 (VIOLATED)
spi_regs_inst/wire264/I                 3.000000    3.992805   -0.992805 (VIOLATED)
spi_regs_inst/_1034_/B1                 3.000000    3.978890   -0.978890 (VIOLATED)
spi_regs_inst/_1015_/ZN                 3.000000    3.978875   -0.978875 (VIOLATED)
spi_regs_inst/_1254_/B1                 3.000000    3.978875   -0.978875 (VIOLATED)
spi_regs_inst/_1343_/B1                 3.000000    3.978875   -0.978875 (VIOLATED)
spi_regs_inst/load_slew224/I            3.000000    3.978875   -0.978875 (VIOLATED)
wave_controller_y_inst/_2035_/A1        3.000000    3.974118   -0.974118 (VIOLATED)
wave_controller_y_inst/_2036_/A1        3.000000    3.974118   -0.974119 (VIOLATED)
wave_controller_y_inst/_2069_/A1        3.000000    3.974118   -0.974118 (VIOLATED)
wave_controller_y_inst/_3107_/A1        3.000000    3.974107   -0.974108 (VIOLATED)
wave_controller_y_inst/_1783_/I         3.000000    3.974093   -0.974093 (VIOLATED)
wave_controller_y_inst/_2942_/A1        3.000000    3.974086   -0.974086 (VIOLATED)
wave_controller_y_inst/_1935_/B2        3.000000    3.974073   -0.974073 (VIOLATED)
wave_controller_y_inst/_1937_/A2        3.000000    3.974073   -0.974073 (VIOLATED)
wave_controller_y_inst/_2940_/A1        3.000000    3.974073   -0.974073 (VIOLATED)
wave_controller_y_inst/_2941_/A1        3.000000    3.974073   -0.974073 (VIOLATED)
wave_controller_y_inst/fanout409/Z      3.000000    3.974073   -0.974073 (VIOLATED)
spi_regs_inst/_0787_/I0                 3.000000    3.949960   -0.949961 (VIOLATED)
spi_regs_inst/_1451_/I1                 3.000000    3.949961   -0.949961 (VIOLATED)
spi_regs_inst/_1427_/I0                 3.000000    3.949953   -0.949953 (VIOLATED)
spi_regs_inst/_1391_/I1                 3.000000    3.949939   -0.949939 (VIOLATED)
spi_regs_inst/_0803_/I0                 3.000000    3.949936   -0.949937 (VIOLATED)
spi_regs_inst/_0777_/I1                 3.000000    3.949898   -0.949898 (VIOLATED)
spi_regs_inst/_0885_/I1                 3.000000    3.949805   -0.949806 (VIOLATED)
spi_regs_inst/_0814_/I1                 3.000000    3.949794   -0.949794 (VIOLATED)
spi_regs_inst/_0841_/I1                 3.000000    3.949772   -0.949772 (VIOLATED)
spi_regs_inst/_1381_/I1                 3.000000    3.949772   -0.949772 (VIOLATED)
spi_regs_inst/fanout465/Z               3.000000    3.949772   -0.949772 (VIOLATED)
spi_regs_inst/_1257_/A1                 3.000000    3.844791   -0.844791 (VIOLATED)
wave_controller_x_inst/_2208_/A1        3.000000    3.844725   -0.844725 (VIOLATED)
wave_controller_x_inst/_2216_/A1        3.000000    3.844725   -0.844725 (VIOLATED)
wave_controller_x_inst/_2191_/A2        3.000000    3.844700   -0.844700 (VIOLATED)
wave_controller_x_inst/_2223_/A2        3.000000    3.844695   -0.844695 (VIOLATED)
wave_controller_x_inst/_2192_/A2        3.000000    3.844687   -0.844687 (VIOLATED)
fanout451/Z                             3.000000    3.844613   -0.844613 (VIOLATED)
wave_controller_x_inst/_2486_/A1        3.000000    3.844613   -0.844613 (VIOLATED)
wave_controller_x_inst/_2487_/A1        3.000000    3.844613   -0.844613 (VIOLATED)
wave_controller_x_inst/_2488_/A1        3.000000    3.844613   -0.844613 (VIOLATED)
wave_controller_x_inst/_2518_/A1        3.000000    3.844613   -0.844613 (VIOLATED)
spi_regs_inst/_1112_/A2                 3.000000    3.837964   -0.837964 (VIOLATED)
spi_regs_inst/_1336_/B1                 3.000000    3.837961   -0.837961 (VIOLATED)
spi_regs_inst/_1002_/ZN                 3.000000    3.837946   -0.837946 (VIOLATED)
spi_regs_inst/_1144_/A2                 3.000000    3.837946   -0.837946 (VIOLATED)
spi_regs_inst/max_cap238/I              3.000000    3.837946   -0.837946 (VIOLATED)
spi_regs_inst/_1433_/S                  3.000000    3.800784   -0.800784 (VIOLATED)
spi_regs_inst/load_slew201/I            3.000000    3.800784   -0.800784 (VIOLATED)
spi_regs_inst/_1428_/ZN                 3.000000    3.800782   -0.800782 (VIOLATED)
spi_regs_inst/_0962_/ZN                 3.000000    3.794556   -0.794556 (VIOLATED)
spi_regs_inst/_1052_/A2                 3.000000    3.794556   -0.794556 (VIOLATED)
spi_regs_inst/_1082_/C1                 3.000000    3.794556   -0.794556 (VIOLATED)
spi_regs_inst/_1167_/A2                 3.000000    3.794556   -0.794556 (VIOLATED)
spi_regs_inst/_1346_/A2                 3.000000    3.794556   -0.794556 (VIOLATED)
spi_regs_inst/max_cap281/I              3.000000    3.794556   -0.794556 (VIOLATED)
wave_controller_y_inst/_2033_/A1        3.000000    3.765088   -0.765088 (VIOLATED)
wave_controller_y_inst/_2034_/A1        3.000000    3.765087   -0.765088 (VIOLATED)
wave_controller_y_inst/_2069_/A2        3.000000    3.765087   -0.765087 (VIOLATED)
wave_controller_y_inst/_1934_/A2        3.000000    3.765083   -0.765083 (VIOLATED)
wave_controller_y_inst/_1937_/B2        3.000000    3.765083   -0.765083 (VIOLATED)
wave_controller_y_inst/_3353_/A1        3.000000    3.765078   -0.765078 (VIOLATED)
wave_controller_y_inst/_1785_/I         3.000000    3.765064   -0.765064 (VIOLATED)
wave_controller_y_inst/_2943_/A1        3.000000    3.765064   -0.765064 (VIOLATED)
wave_controller_y_inst/_2991_/A1        3.000000    3.765064   -0.765064 (VIOLATED)
wave_controller_y_inst/_2993_/A1        3.000000    3.765064   -0.765064 (VIOLATED)
wave_controller_y_inst/fanout410/Z      3.000000    3.765064   -0.765064 (VIOLATED)
spi_regs_inst/_1418_/I0                 3.000000    3.737625   -0.737625 (VIOLATED)
spi_regs_inst/_1433_/I1                 3.000000    3.737609   -0.737610 (VIOLATED)
spi_regs_inst/_1442_/I1                 3.000000    3.737543   -0.737543 (VIOLATED)
spi_regs_inst/fanout466/I               3.000000    3.737499   -0.737499 (VIOLATED)
spi_regs_inst/fanout465/I               3.000000    3.737464   -0.737464 (VIOLATED)
spi_regs_inst/fanout467/Z               3.000000    3.737464   -0.737464 (VIOLATED)
wave_controller_x_inst/_2904_/ZN        3.000000    3.700073   -0.700073 (VIOLATED)
wave_controller_x_inst/_2907_/B1        3.000000    3.700073   -0.700073 (VIOLATED)
wave_controller_x_inst/_3420_/A2        3.000000    3.700073   -0.700073 (VIOLATED)
wave_controller_x_inst/_3430_/A2        3.000000    3.700073   -0.700073 (VIOLATED)
wave_controller_x_inst/_3440_/A2        3.000000    3.700073   -0.700073 (VIOLATED)
wave_controller_x_inst/load_slew88/I    3.000000    3.700073   -0.700073 (VIOLATED)
wave_controller_y_inst/_3171_/A1        3.000000    3.679559   -0.679559 (VIOLATED)
wave_controller_y_inst/_3174_/B2        3.000000    3.679558   -0.679558 (VIOLATED)
wave_controller_y_inst/_1935_/A2        3.000000    3.679552   -0.679552 (VIOLATED)
wave_controller_y_inst/_1940_/A2        3.000000    3.679552   -0.679552 (VIOLATED)
wave_controller_y_inst/_1781_/I         3.000000    3.679534   -0.679534 (VIOLATED)
wave_controller_y_inst/_2037_/A1        3.000000    3.679534   -0.679534 (VIOLATED)
wave_controller_y_inst/_2038_/A1        3.000000    3.679534   -0.679534 (VIOLATED)
wave_controller_y_inst/_2919_/A1        3.000000    3.679534   -0.679534 (VIOLATED)
wave_controller_y_inst/_2938_/A1        3.000000    3.679534   -0.679534 (VIOLATED)
wave_controller_y_inst/_2939_/A1        3.000000    3.679534   -0.679534 (VIOLATED)
wave_controller_y_inst/fanout408/Z      3.000000    3.679534   -0.679534 (VIOLATED)
wave_controller_x_inst/_3044_/B2        3.000000    3.654836   -0.654836 (VIOLATED)
wave_controller_x_inst/_3046_/A1        3.000000    3.654835   -0.654835 (VIOLATED)
wave_controller_x_inst/_3048_/B2        3.000000    3.654828   -0.654828 (VIOLATED)
wave_controller_x_inst/_3072_/B2        3.000000    3.654741   -0.654741 (VIOLATED)
wave_controller_x_inst/_3074_/A1        3.000000    3.654700   -0.654700 (VIOLATED)
wave_controller_x_inst/_3076_/B2        3.000000    3.654692   -0.654692 (VIOLATED)
wave_controller_x_inst/_3080_/B2        3.000000    3.654682   -0.654682 (VIOLATED)
wave_controller_x_inst/_3078_/B2        3.000000    3.654671   -0.654671 (VIOLATED)
wave_controller_x_inst/_2762_/I         3.000000    3.654658   -0.654658 (VIOLATED)
wave_controller_x_inst/_3090_/A1        3.000000    3.654658   -0.654658 (VIOLATED)
wave_controller_x_inst/fanout162/Z      3.000000    3.654658   -0.654658 (VIOLATED)
wave_controller_y_inst/_3514_/A2        3.000000    3.565276   -0.565276 (VIOLATED)
wave_controller_y_inst/fanout23/I       3.000000    3.565214   -0.565214 (VIOLATED)
wave_controller_y_inst/_3535_/A2        3.000000    3.565197   -0.565197 (VIOLATED)
wave_controller_y_inst/_3538_/A2        3.000000    3.565189   -0.565189 (VIOLATED)
wave_controller_y_inst/_3541_/A2        3.000000    3.565179   -0.565179 (VIOLATED)
wave_controller_y_inst/_3544_/A2        3.000000    3.565150   -0.565150 (VIOLATED)
wave_controller_y_inst/_3547_/A2        3.000000    3.565150   -0.565150 (VIOLATED)
wave_controller_y_inst/_3550_/A2        3.000000    3.565150   -0.565150 (VIOLATED)
wave_controller_y_inst/_3553_/A2        3.000000    3.565150   -0.565150 (VIOLATED)
wave_controller_y_inst/_3556_/A2        3.000000    3.565150   -0.565150 (VIOLATED)
wave_controller_y_inst/fanout24/Z       3.000000    3.565150   -0.565150 (VIOLATED)
wave_controller_y_inst/_3496_/A2        3.000000    3.561289   -0.561289 (VIOLATED)
wave_controller_y_inst/_3498_/A2        3.000000    3.561280   -0.561280 (VIOLATED)
wave_controller_y_inst/_3501_/A2        3.000000    3.561280   -0.561280 (VIOLATED)
wave_controller_y_inst/_3504_/A2        3.000000    3.561267   -0.561267 (VIOLATED)
wave_controller_y_inst/_3507_/A2        3.000000    3.561259   -0.561259 (VIOLATED)
wave_controller_y_inst/_3516_/A2        3.000000    3.561181   -0.561181 (VIOLATED)
wave_controller_y_inst/_3519_/A2        3.000000    3.561140   -0.561140 (VIOLATED)
wave_controller_y_inst/_3522_/A2        3.000000    3.561117   -0.561117 (VIOLATED)
wave_controller_y_inst/_3525_/A2        3.000000    3.561101   -0.561101 (VIOLATED)
wave_controller_y_inst/_3528_/A2        3.000000    3.561101   -0.561101 (VIOLATED)
wave_controller_y_inst/fanout26/Z       3.000000    3.561101   -0.561101 (VIOLATED)
wave_controller_y_inst/_2242_/A1        3.000000    3.518015   -0.518015 (VIOLATED)
wave_controller_y_inst/_2241_/A1        3.000000    3.518014   -0.518015 (VIOLATED)
wave_controller_y_inst/_2537_/A1        3.000000    3.518010   -0.518010 (VIOLATED)
wave_controller_y_inst/_2536_/A1        3.000000    3.518007   -0.518007 (VIOLATED)
wave_controller_y_inst/_1969_/A1        3.000000    3.517978   -0.517978 (VIOLATED)
wave_controller_y_inst/_1970_/A1        3.000000    3.517974   -0.517975 (VIOLATED)
wave_controller_y_inst/_3223_/A1        3.000000    3.517962   -0.517963 (VIOLATED)
wave_controller_y_inst/_3235_/A1        3.000000    3.517957   -0.517957 (VIOLATED)
fanout497/Z                             3.000000    3.517941   -0.517941 (VIOLATED)
spi_regs_inst/_1231_/A1                 3.000000    3.517941   -0.517941 (VIOLATED)
spi_regs_inst/_1418_/I1                 3.000000    3.517941   -0.517941 (VIOLATED)
spi_regs_inst/_1197_/ZN                 3.000000    3.497493   -0.497493 (VIOLATED)
spi_regs_inst/_1221_/A2                 3.000000    3.497493   -0.497493 (VIOLATED)
wave_controller_y_inst/_3040_/A2        3.000000    3.417845   -0.417845 (VIOLATED)
wave_controller_y_inst/_3042_/B2        3.000000    3.417845   -0.417845 (VIOLATED)
wave_controller_y_inst/_3044_/A2        3.000000    3.417837   -0.417837 (VIOLATED)
wave_controller_y_inst/_3046_/B1        3.000000    3.417836   -0.417836 (VIOLATED)
wave_controller_y_inst/_3048_/A2        3.000000    3.417826   -0.417826 (VIOLATED)
wave_controller_y_inst/_3059_/A2        3.000000    3.417765   -0.417765 (VIOLATED)
wave_controller_y_inst/_3063_/A2        3.000000    3.417729   -0.417729 (VIOLATED)
wave_controller_y_inst/_3066_/A2        3.000000    3.417710   -0.417710 (VIOLATED)
wave_controller_y_inst/_3069_/B1        3.000000    3.417710   -0.417710 (VIOLATED)
wave_controller_y_inst/_3072_/A2        3.000000    3.417710   -0.417710 (VIOLATED)
wave_controller_y_inst/fanout171/Z      3.000000    3.417710   -0.417710 (VIOLATED)
spi_regs_inst/_1404_/ZN                 3.000000    3.407850   -0.407850 (VIOLATED)
spi_regs_inst/_1410_/S                  3.000000    3.407850   -0.407850 (VIOLATED)
spi_regs_inst/_1411_/S                  3.000000    3.407850   -0.407850 (VIOLATED)
spi_regs_inst/_1412_/S                  3.000000    3.407850   -0.407850 (VIOLATED)
spi_regs_inst/load_slew181/I            3.000000    3.407850   -0.407850 (VIOLATED)
spi_regs_inst/_1098_/ZN                 3.000000    3.383940   -0.383940 (VIOLATED)
spi_regs_inst/_1114_/A3                 3.000000    3.383940   -0.383940 (VIOLATED)
wave_controller_y_inst/_2904_/ZN        3.000000    3.379760   -0.379760 (VIOLATED)
wave_controller_y_inst/_3420_/A2        3.000000    3.379760   -0.379760 (VIOLATED)
wave_controller_y_inst/_3430_/A2        3.000000    3.379760   -0.379760 (VIOLATED)
wave_controller_y_inst/_3440_/A2        3.000000    3.379760   -0.379760 (VIOLATED)
wave_controller_y_inst/wire84/I         3.000000    3.379760   -0.379760 (VIOLATED)
wave_controller_y_inst/_3495_/A2        3.000000    3.370248   -0.370248 (VIOLATED)
wave_controller_y_inst/_3499_/A2        3.000000    3.370248   -0.370248 (VIOLATED)
wave_controller_y_inst/_3502_/A2        3.000000    3.370245   -0.370245 (VIOLATED)
wave_controller_y_inst/_3505_/A2        3.000000    3.370238   -0.370238 (VIOLATED)
wave_controller_y_inst/_3517_/A2        3.000000    3.370178   -0.370178 (VIOLATED)
wave_controller_y_inst/_3520_/A2        3.000000    3.370128   -0.370128 (VIOLATED)
wave_controller_y_inst/_3523_/A2        3.000000    3.370116   -0.370117 (VIOLATED)
wave_controller_y_inst/_3526_/A2        3.000000    3.370083   -0.370083 (VIOLATED)
wave_controller_y_inst/_3529_/A2        3.000000    3.370083   -0.370083 (VIOLATED)
wave_controller_y_inst/_3532_/A2        3.000000    3.370083   -0.370083 (VIOLATED)
wave_controller_y_inst/fanout23/Z       3.000000    3.370083   -0.370083 (VIOLATED)
spi_regs_inst/_1648_/RN                 3.000000    3.361892   -0.361892 (VIOLATED)
fanout561/I                             3.000000    3.361882   -0.361882 (VIOLATED)
spi_regs_inst/fanout564/I               3.000000    3.361843   -0.361843 (VIOLATED)
wave_controller_y_inst/_3684_/RN        3.000000    3.361816   -0.361816 (VIOLATED)
wave_controller_y_inst/fanout557/I      3.000000    3.361735   -0.361735 (VIOLATED)
fanout566/Z                             3.000000    3.361704   -0.361704 (VIOLATED)
wave_controller_y_inst/fanout556/I      3.000000    3.361704   -0.361704 (VIOLATED)
wave_controller_y_inst/_3573_/S         3.000000    3.348053   -0.348053 (VIOLATED)
wave_controller_y_inst/_3574_/A2        3.000000    3.348034   -0.348035 (VIOLATED)
wave_controller_y_inst/_3575_/A1        3.000000    3.348031   -0.348031 (VIOLATED)
wave_controller_y_inst/_3577_/A1        3.000000    3.348012   -0.348012 (VIOLATED)
wave_controller_y_inst/_3576_/A2        3.000000    3.348005   -0.348005 (VIOLATED)
wave_controller_y_inst/_3581_/A1        3.000000    3.347983   -0.347983 (VIOLATED)
wave_controller_y_inst/_3580_/A2        3.000000    3.347978   -0.347978 (VIOLATED)
wave_controller_y_inst/_3582_/A2        3.000000    3.347962   -0.347962 (VIOLATED)
wave_controller_y_inst/_3583_/A2        3.000000    3.347962   -0.347962 (VIOLATED)
wave_controller_y_inst/_3584_/S         3.000000    3.347962   -0.347962 (VIOLATED)
wave_controller_y_inst/fanout49/Z       3.000000    3.347962   -0.347962 (VIOLATED)
wave_controller_x_inst/_3562_/A2        3.000000    3.342912   -0.342912 (VIOLATED)
wave_controller_x_inst/_3560_/A2        3.000000    3.342910   -0.342910 (VIOLATED)
wave_controller_x_inst/_3558_/A2        3.000000    3.342910   -0.342910 (VIOLATED)
wave_controller_x_inst/_3564_/A2        3.000000    3.342910   -0.342910 (VIOLATED)
wave_controller_x_inst/_3570_/A2        3.000000    3.342871   -0.342871 (VIOLATED)
wave_controller_x_inst/_3568_/A2        3.000000    3.342836   -0.342836 (VIOLATED)
wave_controller_x_inst/_3572_/A2        3.000000    3.342815   -0.342815 (VIOLATED)
wave_controller_x_inst/fanout322/I      3.000000    3.342721   -0.342721 (VIOLATED)
wave_controller_x_inst/fanout323/Z      3.000000    3.342721   -0.342721 (VIOLATED)
analog[1]                               3.000000    3.341595   -0.341595 (VIOLATED)
analog_block_inst/analog_wave_mixer_x_inst/_0_/A2    3.000000    3.341589   -0.341589 (VIOLATED)
_86_/I                                  3.000000    3.341572   -0.341572 (VIOLATED)
analog_block_inst/analog_readout_inst/_0_/Z    3.000000    3.341572   -0.341572 (VIOLATED)
analog_block_inst/analog_wave_mixer_y_inst/_0_/A2    3.000000    3.341572   -0.341572 (VIOLATED)
wave_controller_x_inst/_2503_/A1        3.000000    3.317641   -0.317642 (VIOLATED)
wave_controller_x_inst/_2504_/A1        3.000000    3.317642   -0.317642 (VIOLATED)
wave_controller_x_inst/_3381_/B         3.000000    3.317629   -0.317629 (VIOLATED)
wave_controller_x_inst/_3380_/A1        3.000000    3.317627   -0.317627 (VIOLATED)
wave_controller_x_inst/_1958_/A1        3.000000    3.317619   -0.317619 (VIOLATED)
fanout522/Z                             3.000000    3.317607   -0.317607 (VIOLATED)
spi_regs_inst/_1143_/B2                 3.000000    3.317607   -0.317607 (VIOLATED)
spi_regs_inst/_1398_/I0                 3.000000    3.317607   -0.317607 (VIOLATED)
wave_controller_x_inst/_1959_/A1        3.000000    3.317607   -0.317607 (VIOLATED)
wave_controller_x_inst/_2206_/A1        3.000000    3.317607   -0.317607 (VIOLATED)
wave_controller_x_inst/_2207_/A1        3.000000    3.317607   -0.317607 (VIOLATED)
spi_regs_inst/_1354_/B1                 3.000000    3.313608   -0.313608 (VIOLATED)
spi_regs_inst/_1001_/ZN                 3.000000    3.313606   -0.313606 (VIOLATED)
spi_regs_inst/load_slew240/I            3.000000    3.313606   -0.313606 (VIOLATED)
wave_controller_x_inst/_3496_/A2        3.000000    3.297153   -0.297153 (VIOLATED)
wave_controller_x_inst/_3498_/A2        3.000000    3.297150   -0.297151 (VIOLATED)
wave_controller_x_inst/_3501_/A2        3.000000    3.297148   -0.297149 (VIOLATED)
wave_controller_x_inst/_3504_/A2        3.000000    3.297139   -0.297139 (VIOLATED)
wave_controller_x_inst/_3507_/A2        3.000000    3.297097   -0.297097 (VIOLATED)
wave_controller_x_inst/_3516_/A2        3.000000    3.297067   -0.297067 (VIOLATED)
wave_controller_x_inst/_3513_/A2        3.000000    3.297062   -0.297062 (VIOLATED)
wave_controller_x_inst/_3519_/A2        3.000000    3.297039   -0.297039 (VIOLATED)
wave_controller_x_inst/_3522_/A2        3.000000    3.297033   -0.297033 (VIOLATED)
wave_controller_x_inst/_3525_/A2        3.000000    3.297013   -0.297013 (VIOLATED)
wave_controller_x_inst/fanout36/Z       3.000000    3.297013   -0.297013 (VIOLATED)
spi_regs_inst/_1259_/ZN                 3.000000    3.293001   -0.293002 (VIOLATED)
spi_regs_inst/_1263_/A1                 3.000000    3.293001   -0.293002 (VIOLATED)
wave_controller_x_inst/_3054_/A2        3.000000    3.235734   -0.235734 (VIOLATED)
wave_controller_x_inst/fanout176/I      3.000000    3.235718   -0.235718 (VIOLATED)
wave_controller_x_inst/_3069_/B1        3.000000    3.235712   -0.235712 (VIOLATED)
wave_controller_x_inst/_3072_/A2        3.000000    3.235703   -0.235703 (VIOLATED)
wave_controller_x_inst/_3074_/B1        3.000000    3.235677   -0.235677 (VIOLATED)
wave_controller_x_inst/_3076_/A2        3.000000    3.235670   -0.235670 (VIOLATED)
wave_controller_x_inst/_3080_/A2        3.000000    3.235668   -0.235668 (VIOLATED)
wave_controller_x_inst/_3078_/A2        3.000000    3.235663   -0.235663 (VIOLATED)
wave_controller_x_inst/_3090_/B1        3.000000    3.235651   -0.235651 (VIOLATED)
wave_controller_x_inst/fanout177/Z      3.000000    3.235651   -0.235651 (VIOLATED)
spi_regs_inst/_0764_/I1                 3.000000    3.224247   -0.224247 (VIOLATED)
spi_regs_inst/_1400_/I1                 3.000000    3.224247   -0.224247 (VIOLATED)
spi_regs_inst/_0794_/I1                 3.000000    3.224241   -0.224242 (VIOLATED)
spi_regs_inst/_0867_/I1                 3.000000    3.224227   -0.224228 (VIOLATED)
spi_regs_inst/_0848_/I1                 3.000000    3.224217   -0.224218 (VIOLATED)
spi_regs_inst/_0823_/I0                 3.000000    3.224191   -0.224192 (VIOLATED)
spi_regs_inst/_0832_/I1                 3.000000    3.224150   -0.224150 (VIOLATED)
spi_regs_inst/_0858_/I1                 3.000000    3.224134   -0.224134 (VIOLATED)
spi_regs_inst/_0876_/I1                 3.000000    3.224134   -0.224134 (VIOLATED)
spi_regs_inst/_1409_/I1                 3.000000    3.224134   -0.224134 (VIOLATED)
spi_regs_inst/fanout466/Z               3.000000    3.224134   -0.224134 (VIOLATED)
wave_controller_y_inst/_3648_/RN        3.000000    3.216765   -0.216765 (VIOLATED)
wave_controller_y_inst/_3647_/RN        3.000000    3.216763   -0.216763 (VIOLATED)
wave_controller_y_inst/_3686_/RN        3.000000    3.216761   -0.216761 (VIOLATED)
wave_controller_y_inst/_3665_/RN        3.000000    3.216759   -0.216759 (VIOLATED)
wave_controller_y_inst/_3646_/RN        3.000000    3.216759   -0.216759 (VIOLATED)
wave_controller_y_inst/_3645_/RN        3.000000    3.216758   -0.216759 (VIOLATED)
wave_controller_y_inst/_3722_/SETN      3.000000    3.216744   -0.216745 (VIOLATED)
wave_controller_y_inst/_3697_/RN        3.000000    3.216721   -0.216721 (VIOLATED)
wave_controller_y_inst/_3698_/RN        3.000000    3.216721   -0.216721 (VIOLATED)
wave_controller_y_inst/fanout554/I      3.000000    3.216721   -0.216721 (VIOLATED)
wave_controller_y_inst/fanout556/Z      3.000000    3.216721   -0.216721 (VIOLATED)
wave_controller_y_inst/_2759_/A2        3.000000    3.192525   -0.192525 (VIOLATED)
wave_controller_y_inst/_3100_/C         3.000000    3.192525   -0.192525 (VIOLATED)
wave_controller_y_inst/_3093_/C         3.000000    3.192524   -0.192524 (VIOLATED)
wave_controller_y_inst/_1801_/I         3.000000    3.192521   -0.192521 (VIOLATED)
wave_controller_y_inst/_2064_/B         3.000000    3.192515   -0.192515 (VIOLATED)
wave_controller_y_inst/_2063_/A1        3.000000    3.192512   -0.192512 (VIOLATED)
wave_controller_y_inst/_1912_/A2        3.000000    3.192508   -0.192508 (VIOLATED)
wave_controller_y_inst/_3104_/A2        3.000000    3.192508   -0.192508 (VIOLATED)
fanout490/Z                             3.000000    3.192488   -0.192488 (VIOLATED)
spi_regs_inst/_0887_/I0                 3.000000    3.192488   -0.192488 (VIOLATED)
spi_regs_inst/_1098_/B2                 3.000000    3.192488   -0.192488 (VIOLATED)
spi_regs_inst/_1120_/A3                 3.000000    3.182031   -0.182031 (VIOLATED)
spi_regs_inst/_1091_/ZN                 3.000000    3.182029   -0.182030 (VIOLATED)
wave_controller_x_inst/_1935_/B2        3.000000    3.165073   -0.165073 (VIOLATED)
wave_controller_x_inst/_1937_/A2        3.000000    3.165073   -0.165073 (VIOLATED)
wave_controller_x_inst/_3107_/A1        3.000000    3.165067   -0.165067 (VIOLATED)
wave_controller_x_inst/_3317_/A1        3.000000    3.165057   -0.165057 (VIOLATED)
wave_controller_x_inst/_2069_/A1        3.000000    3.165035   -0.165036 (VIOLATED)
wave_controller_x_inst/_2035_/A1        3.000000    3.165034   -0.165034 (VIOLATED)
wave_controller_x_inst/_1783_/I         3.000000    3.165034   -0.165034 (VIOLATED)
wave_controller_x_inst/_2036_/A1        3.000000    3.165033   -0.165033 (VIOLATED)
wave_controller_x_inst/_2940_/A1        3.000000    3.165016   -0.165016 (VIOLATED)
wave_controller_x_inst/_2941_/A1        3.000000    3.165016   -0.165016 (VIOLATED)
wave_controller_x_inst/fanout436/Z      3.000000    3.165016   -0.165016 (VIOLATED)
wave_controller_x_inst/_3619_/RN        3.000000    3.159101   -0.159101 (VIOLATED)
wave_controller_x_inst/_3623_/RN        3.000000    3.159098   -0.159098 (VIOLATED)
wave_controller_x_inst/_3618_/RN        3.000000    3.159096   -0.159096 (VIOLATED)
wave_controller_x_inst/_3716_/RN        3.000000    3.159092   -0.159093 (VIOLATED)
wave_controller_x_inst/_3722_/SETN      3.000000    3.159091   -0.159091 (VIOLATED)
wave_controller_x_inst/_3715_/RN        3.000000    3.159090   -0.159090 (VIOLATED)
wave_controller_x_inst/_3644_/RN        3.000000    3.159076   -0.159076 (VIOLATED)
wave_controller_x_inst/_3645_/RN        3.000000    3.159066   -0.159066 (VIOLATED)
wave_controller_x_inst/_3665_/RN        3.000000    3.159066   -0.159066 (VIOLATED)
wave_controller_x_inst/_3686_/RN        3.000000    3.159066   -0.159066 (VIOLATED)
wave_controller_x_inst/fanout586/Z      3.000000    3.159066   -0.159066 (VIOLATED)
wave_controller_x_inst/_2570_/A1        3.000000    3.151849   -0.151849 (VIOLATED)
wave_controller_x_inst/_1824_/I         3.000000    3.151849   -0.151849 (VIOLATED)
wave_controller_x_inst/_2950_/A2        3.000000    3.151845   -0.151845 (VIOLATED)
wave_controller_x_inst/_3216_/A1        3.000000    3.151840   -0.151841 (VIOLATED)
wave_controller_x_inst/_3217_/A1        3.000000    3.151838   -0.151838 (VIOLATED)
wave_controller_x_inst/_3368_/A1        3.000000    3.151829   -0.151829 (VIOLATED)
wave_controller_x_inst/_2275_/A1        3.000000    3.151822   -0.151822 (VIOLATED)
fanout517/Z                             3.000000    3.151806   -0.151806 (VIOLATED)
spi_regs_inst/_1304_/B2                 3.000000    3.151806   -0.151806 (VIOLATED)
spi_regs_inst/_1402_/I0                 3.000000    3.151806   -0.151806 (VIOLATED)
wave_controller_x_inst/_1978_/A1        3.000000    3.151806   -0.151806 (VIOLATED)
spi_regs_inst/wire195/I                 3.000000    3.150588   -0.150588 (VIOLATED)
spi_regs_inst/_0767_/S                  3.000000    3.150588   -0.150588 (VIOLATED)
spi_regs_inst/_0759_/ZN                 3.000000    3.150585   -0.150585 (VIOLATED)
wave_controller_y_inst/_3019_/A1        3.000000    3.143795   -0.143795 (VIOLATED)
wave_controller_y_inst/_3027_/A1        3.000000    3.143783   -0.143783 (VIOLATED)
wave_controller_y_inst/_3408_/A1        3.000000    3.143764   -0.143764 (VIOLATED)
wave_controller_y_inst/_2891_/A1        3.000000    3.143753   -0.143753 (VIOLATED)
wave_controller_y_inst/_2895_/A1        3.000000    3.143752   -0.143752 (VIOLATED)
wave_controller_y_inst/_2896_/A1        3.000000    3.143752   -0.143752 (VIOLATED)
wave_controller_y_inst/_2910_/B         3.000000    3.143751   -0.143751 (VIOLATED)
wave_controller_y_inst/_2766_/A1        3.000000    3.143732   -0.143732 (VIOLATED)
wave_controller_y_inst/_2761_/A1        3.000000    3.143713   -0.143713 (VIOLATED)
wave_controller_y_inst/_2930_/A2        3.000000    3.143713   -0.143713 (VIOLATED)
wave_controller_y_inst/fanout380/Z      3.000000    3.143713   -0.143713 (VIOLATED)
wave_controller_y_inst/_3595_/S         3.000000    3.131022   -0.131022 (VIOLATED)
wave_controller_y_inst/_3594_/S         3.000000    3.131021   -0.131021 (VIOLATED)
wave_controller_y_inst/_3596_/S         3.000000    3.131017   -0.131017 (VIOLATED)
wave_controller_y_inst/_3601_/S         3.000000    3.131017   -0.131017 (VIOLATED)
wave_controller_y_inst/_3597_/S         3.000000    3.131003   -0.131003 (VIOLATED)
wave_controller_y_inst/_3598_/A2        3.000000    3.130989   -0.130989 (VIOLATED)
wave_controller_y_inst/_3599_/A1        3.000000    3.130989   -0.130989 (VIOLATED)
wave_controller_y_inst/_3600_/S         3.000000    3.130989   -0.130989 (VIOLATED)
wave_controller_y_inst/fanout57/Z       3.000000    3.130989   -0.130989 (VIOLATED)
wave_controller_y_inst/_2903_/A1        3.000000    3.129882   -0.129882 (VIOLATED)
wave_controller_y_inst/_2765_/A1        3.000000    3.129880   -0.129880 (VIOLATED)
wave_controller_y_inst/_2894_/A1        3.000000    3.129879   -0.129880 (VIOLATED)
wave_controller_y_inst/_2911_/A1        3.000000    3.129879   -0.129879 (VIOLATED)
wave_controller_y_inst/_2934_/A1        3.000000    3.129876   -0.129876 (VIOLATED)
wave_controller_y_inst/_3088_/A1        3.000000    3.129862   -0.129862 (VIOLATED)
wave_controller_y_inst/_2922_/A2        3.000000    3.129841   -0.129841 (VIOLATED)
wave_controller_y_inst/_3407_/B         3.000000    3.129828   -0.129828 (VIOLATED)
wave_controller_y_inst/_2924_/A2        3.000000    3.129798   -0.129799 (VIOLATED)
wave_controller_y_inst/_2917_/A2        3.000000    3.129764   -0.129764 (VIOLATED)
wave_controller_y_inst/fanout313/Z      3.000000    3.129764   -0.129764 (VIOLATED)
wave_controller_y_inst/_2570_/A1        3.000000    3.124542   -0.124542 (VIOLATED)
wave_controller_y_inst/_1824_/I         3.000000    3.124539   -0.124539 (VIOLATED)
wave_controller_y_inst/_2275_/A1        3.000000    3.124536   -0.124536 (VIOLATED)
wave_controller_y_inst/_2950_/A2        3.000000    3.124527   -0.124527 (VIOLATED)
wave_controller_y_inst/_1978_/A1        3.000000    3.124522   -0.124522 (VIOLATED)
wave_controller_y_inst/_3368_/A1        3.000000    3.124505   -0.124505 (VIOLATED)
wave_controller_y_inst/_3386_/A1        3.000000    3.124501   -0.124501 (VIOLATED)
wave_controller_y_inst/_3216_/A1        3.000000    3.124490   -0.124490 (VIOLATED)
wave_controller_y_inst/_3217_/A1        3.000000    3.124486   -0.124486 (VIOLATED)
fanout494/Z                             3.000000    3.124410   -0.124410 (VIOLATED)
spi_regs_inst/_1305_/A1                 3.000000    3.124410   -0.124410 (VIOLATED)
wave_controller_x_inst/_2943_/A2        3.000000    3.116241   -0.116241 (VIOLATED)
wave_controller_x_inst/_2990_/A2        3.000000    3.116239   -0.116239 (VIOLATED)
wave_controller_x_inst/_2692_/A1        3.000000    3.116238   -0.116239 (VIOLATED)
spi_regs_inst/_1274_/B2                 3.000000    3.116238   -0.116238 (VIOLATED)
wave_controller_x_inst/_2016_/A1        3.000000    3.116234   -0.116234 (VIOLATED)
wave_controller_x_inst/_2013_/A1        3.000000    3.116234   -0.116234 (VIOLATED)
wave_controller_x_inst/_2012_/A1        3.000000    3.116229   -0.116229 (VIOLATED)
wave_controller_x_inst/_2387_/A1        3.000000    3.116221   -0.116221 (VIOLATED)
wave_controller_x_inst/_1817_/I         3.000000    3.116209   -0.116209 (VIOLATED)
fanout528/Z                             3.000000    3.116191   -0.116191 (VIOLATED)
spi_regs_inst/_1392_/I0                 3.000000    3.116191   -0.116191 (VIOLATED)
spi_regs_inst/_1493_/RN                 3.000000    3.115610   -0.115610 (VIOLATED)
spi_regs_inst/_1562_/RN                 3.000000    3.115610   -0.115610 (VIOLATED)
spi_regs_inst/_1563_/RN                 3.000000    3.115610   -0.115610 (VIOLATED)
spi_regs_inst/_1565_/RN                 3.000000    3.115610   -0.115610 (VIOLATED)
spi_regs_inst/_1586_/RN                 3.000000    3.115610   -0.115610 (VIOLATED)
spi_regs_inst/_1589_/RN                 3.000000    3.115610   -0.115610 (VIOLATED)
spi_regs_inst/_1590_/RN                 3.000000    3.115610   -0.115610 (VIOLATED)
spi_regs_inst/_1606_/RN                 3.000000    3.115610   -0.115610 (VIOLATED)
spi_regs_inst/_1647_/RN                 3.000000    3.115610   -0.115610 (VIOLATED)
spi_regs_inst/_1649_/RN                 3.000000    3.115610   -0.115610 (VIOLATED)
spi_regs_inst/fanout599/Z               3.000000    3.115610   -0.115610 (VIOLATED)
wave_controller_y_inst/_2945_/A2        3.000000    3.109705   -0.109705 (VIOLATED)
wave_controller_y_inst/_2984_/B1        3.000000    3.109703   -0.109703 (VIOLATED)
wave_controller_y_inst/_2983_/A2        3.000000    3.109701   -0.109701 (VIOLATED)
wave_controller_y_inst/_1820_/I         3.000000    3.109701   -0.109701 (VIOLATED)
wave_controller_y_inst/_1997_/A1        3.000000    3.109690   -0.109690 (VIOLATED)
wave_controller_y_inst/_3241_/A1        3.000000    3.109690   -0.109690 (VIOLATED)
wave_controller_y_inst/_2336_/A1        3.000000    3.109683   -0.109683 (VIOLATED)
wave_controller_y_inst/_2335_/A1        3.000000    3.109682   -0.109682 (VIOLATED)
wave_controller_y_inst/_3242_/B2        3.000000    3.109682   -0.109682 (VIOLATED)
fanout511/Z                             3.000000    3.109630   -0.109630 (VIOLATED)
spi_regs_inst/_1141_/A1                 3.000000    3.109630   -0.109630 (VIOLATED)
spi_regs_inst/_1246_/B2                 3.000000    3.105651   -0.105651 (VIOLATED)
wave_controller_y_inst/_1873_/I         3.000000    3.105582   -0.105582 (VIOLATED)
wave_controller_y_inst/_2505_/A1        3.000000    3.105582   -0.105582 (VIOLATED)
wave_controller_y_inst/_2511_/A1        3.000000    3.105582   -0.105582 (VIOLATED)
wave_controller_y_inst/_2793_/I1        3.000000    3.105582   -0.105582 (VIOLATED)
wave_controller_y_inst/_3508_/A1        3.000000    3.105582   -0.105582 (VIOLATED)
wave_controller_y_inst/_3632_/Q         3.000000    3.105582   -0.105582 (VIOLATED)
_10_/A2                                 3.000000    3.093392   -0.093392 (VIOLATED)
spi_regs_inst/_1151_/A1                 3.000000    3.093373   -0.093373 (VIOLATED)
wave_controller_x_inst/_2763_/A2        3.000000    3.093306   -0.093306 (VIOLATED)
wave_controller_x_inst/_2764_/A2        3.000000    3.093306   -0.093306 (VIOLATED)
wave_controller_x_inst/_3408_/A2        3.000000    3.093306   -0.093306 (VIOLATED)
wave_controller_x_inst/_3619_/Q         3.000000    3.093306   -0.093306 (VIOLATED)
spi_regs_inst/_1552_/RN                 3.000000    3.088758   -0.088758 (VIOLATED)
spi_regs_inst/_1507_/RN                 3.000000    3.088756   -0.088756 (VIOLATED)
spi_regs_inst/_1514_/RN                 3.000000    3.088753   -0.088753 (VIOLATED)
spi_regs_inst/_1513_/RN                 3.000000    3.088750   -0.088750 (VIOLATED)
spi_regs_inst/_1510_/RN                 3.000000    3.088739   -0.088739 (VIOLATED)
spi_regs_inst/_1512_/RN                 3.000000    3.088739   -0.088739 (VIOLATED)
spi_regs_inst/_1528_/RN                 3.000000    3.088739   -0.088739 (VIOLATED)
spi_regs_inst/_1530_/RN                 3.000000    3.088739   -0.088739 (VIOLATED)
spi_regs_inst/_1531_/RN                 3.000000    3.088739   -0.088739 (VIOLATED)
spi_regs_inst/_1532_/RN                 3.000000    3.088739   -0.088739 (VIOLATED)
spi_regs_inst/fanout583/Z               3.000000    3.088739   -0.088739 (VIOLATED)
wave_controller_x_inst/_3495_/A2        3.000000    3.080338   -0.080338 (VIOLATED)
wave_controller_x_inst/_3499_/A2        3.000000    3.080334   -0.080334 (VIOLATED)
wave_controller_x_inst/_3502_/A2        3.000000    3.080330   -0.080330 (VIOLATED)
wave_controller_x_inst/_3505_/A2        3.000000    3.080318   -0.080318 (VIOLATED)
wave_controller_x_inst/_3508_/A2        3.000000    3.080302   -0.080303 (VIOLATED)
wave_controller_x_inst/_2989_/A2        3.000000    3.080292   -0.080292 (VIOLATED)
wave_controller_x_inst/_2991_/B1        3.000000    3.080292   -0.080292 (VIOLATED)
wave_controller_x_inst/_2987_/A2        3.000000    3.080291   -0.080291 (VIOLATED)
wave_controller_x_inst/_3514_/A2        3.000000    3.080287   -0.080287 (VIOLATED)
wave_controller_x_inst/_3517_/A2        3.000000    3.080275   -0.080275 (VIOLATED)
wave_controller_x_inst/_2672_/A1        3.000000    3.080273   -0.080273 (VIOLATED)
wave_controller_x_inst/_1818_/I         3.000000    3.080268   -0.080268 (VIOLATED)
wave_controller_x_inst/_3523_/A2        3.000000    3.080256   -0.080256 (VIOLATED)
wave_controller_x_inst/_3201_/A1        3.000000    3.080240   -0.080240 (VIOLATED)
wave_controller_x_inst/_3520_/A2        3.000000    3.080239   -0.080239 (VIOLATED)
wave_controller_x_inst/_3526_/A2        3.000000    3.080239   -0.080239 (VIOLATED)
wave_controller_x_inst/fanout34/Z       3.000000    3.080239   -0.080239 (VIOLATED)
wave_controller_x_inst/_2367_/A1        3.000000    3.080198   -0.080199 (VIOLATED)
wave_controller_x_inst/_2008_/A1        3.000000    3.080190   -0.080190 (VIOLATED)
spi_regs_inst/_1230_/A1                 3.000000    3.080150   -0.080150 (VIOLATED)
fanout529/Z                             3.000000    3.080132   -0.080132 (VIOLATED)
spi_regs_inst/_1391_/I0                 3.000000    3.080132   -0.080132 (VIOLATED)
wave_controller_y_inst/_3536_/A1        3.000000    3.076619   -0.076619 (VIOLATED)
wave_controller_y_inst/_3462_/A1        3.000000    3.076614   -0.076614 (VIOLATED)
wave_controller_y_inst/_3037_/B2        3.000000    3.076612   -0.076612 (VIOLATED)
wave_controller_y_inst/_2890_/A1        3.000000    3.076610   -0.076610 (VIOLATED)
wave_controller_y_inst/_2900_/A1        3.000000    3.076608   -0.076608 (VIOLATED)
wave_controller_y_inst/_3545_/A1        3.000000    3.076603   -0.076603 (VIOLATED)
wave_controller_y_inst/_3548_/A1        3.000000    3.076600   -0.076600 (VIOLATED)
wave_controller_y_inst/_3551_/A1        3.000000    3.076583   -0.076583 (VIOLATED)
wave_controller_y_inst/_3554_/A1        3.000000    3.076583   -0.076583 (VIOLATED)
wave_controller_y_inst/_3557_/A1        3.000000    3.076583   -0.076583 (VIOLATED)
wave_controller_y_inst/fanout138/Z      3.000000    3.076583   -0.076583 (VIOLATED)
spi_regs_inst/_1276_/B2                 3.000000    3.074490   -0.074490 (VIOLATED)
wave_controller_x_inst/_2232_/ZN        3.000000    3.074481   -0.074482 (VIOLATED)
wave_controller_x_inst/_2720_/A1        3.000000    3.068480   -0.068480 (VIOLATED)
spi_regs_inst/_1337_/B2                 3.000000    3.068478   -0.068479 (VIOLATED)
wave_controller_x_inst/_2021_/A1        3.000000    3.068478   -0.068479 (VIOLATED)
wave_controller_x_inst/_2020_/A1        3.000000    3.068478   -0.068478 (VIOLATED)
wave_controller_x_inst/_2023_/A1        3.000000    3.068478   -0.068478 (VIOLATED)
wave_controller_x_inst/_2415_/A1        3.000000    3.068475   -0.068475 (VIOLATED)
fanout525/Z                             3.000000    3.068463   -0.068463 (VIOLATED)
spi_regs_inst/_1394_/I0                 3.000000    3.068463   -0.068463 (VIOLATED)
wave_controller_x_inst/_2416_/A1        3.000000    3.068463   -0.068463 (VIOLATED)
wave_controller_x_inst/_3247_/A1        3.000000    3.068463   -0.068463 (VIOLATED)
wave_controller_x_inst/_3252_/B2        3.000000    3.068463   -0.068463 (VIOLATED)
spi_regs_inst/_1033_/C1                 3.000000    3.057234   -0.057234 (VIOLATED)
spi_regs_inst/_1011_/ZN                 3.000000    3.057223   -0.057223 (VIOLATED)
spi_regs_inst/_1232_/B1                 3.000000    3.057223   -0.057223 (VIOLATED)
spi_regs_inst/wire230/I                 3.000000    3.057223   -0.057223 (VIOLATED)
wave_controller_x_inst/_2796_/S         3.000000    3.053858   -0.053858 (VIOLATED)
wave_controller_x_inst/_2795_/S         3.000000    3.053858   -0.053858 (VIOLATED)
wave_controller_x_inst/_2798_/S         3.000000    3.053857   -0.053857 (VIOLATED)
wave_controller_x_inst/_2800_/S         3.000000    3.053854   -0.053854 (VIOLATED)
wave_controller_x_inst/_2805_/S         3.000000    3.053852   -0.053852 (VIOLATED)
wave_controller_x_inst/_2793_/S         3.000000    3.053851   -0.053851 (VIOLATED)
wave_controller_x_inst/_2791_/S         3.000000    3.053845   -0.053846 (VIOLATED)
wave_controller_x_inst/_2785_/A2        3.000000    3.053830   -0.053830 (VIOLATED)
wave_controller_x_inst/_2788_/A2        3.000000    3.053830   -0.053830 (VIOLATED)
wave_controller_x_inst/_2789_/A2        3.000000    3.053830   -0.053830 (VIOLATED)
wave_controller_x_inst/fanout428/Z      3.000000    3.053830   -0.053830 (VIOLATED)
wave_controller_y_inst/_3710_/RN        3.000000    3.052770   -0.052770 (VIOLATED)
wave_controller_y_inst/_3638_/RN        3.000000    3.052765   -0.052765 (VIOLATED)
wave_controller_y_inst/_3639_/RN        3.000000    3.052765   -0.052765 (VIOLATED)
wave_controller_y_inst/_3681_/RN        3.000000    3.052762   -0.052762 (VIOLATED)
wave_controller_y_inst/_3660_/RN        3.000000    3.052758   -0.052758 (VIOLATED)
wave_controller_y_inst/_3640_/RN        3.000000    3.052745   -0.052745 (VIOLATED)
wave_controller_y_inst/_3641_/RN        3.000000    3.052745   -0.052745 (VIOLATED)
wave_controller_y_inst/_3661_/RN        3.000000    3.052745   -0.052745 (VIOLATED)
wave_controller_y_inst/_3662_/RN        3.000000    3.052745   -0.052745 (VIOLATED)
wave_controller_y_inst/_3683_/RN        3.000000    3.052745   -0.052745 (VIOLATED)
wave_controller_y_inst/fanout596/Z      3.000000    3.052745   -0.052745 (VIOLATED)
wave_controller_x_inst/_3704_/RN        3.000000    3.051713   -0.051713 (VIOLATED)
wave_controller_x_inst/_3675_/RN        3.000000    3.051710   -0.051710 (VIOLATED)
wave_controller_x_inst/_3705_/RN        3.000000    3.051704   -0.051704 (VIOLATED)
wave_controller_x_inst/_3706_/RN        3.000000    3.051700   -0.051700 (VIOLATED)
wave_controller_x_inst/fanout618/I      3.000000    3.051676   -0.051676 (VIOLATED)
fanout612/I                             3.000000    3.051601   -0.051601 (VIOLATED)
fanout615/I                             3.000000    3.051601   -0.051601 (VIOLATED)
fanout620/Z                             3.000000    3.051601   -0.051601 (VIOLATED)
wave_controller_x_inst/_1935_/A2        3.000000    3.049096   -0.049096 (VIOLATED)
wave_controller_x_inst/_1940_/A2        3.000000    3.049095   -0.049095 (VIOLATED)
wave_controller_x_inst/_2919_/A1        3.000000    3.049094   -0.049094 (VIOLATED)
wave_controller_x_inst/_3171_/A1        3.000000    3.049082   -0.049082 (VIOLATED)
wave_controller_x_inst/_3174_/B2        3.000000    3.049080   -0.049080 (VIOLATED)
wave_controller_x_inst/_3321_/A1        3.000000    3.049063   -0.049063 (VIOLATED)
wave_controller_x_inst/_3319_/A1        3.000000    3.049060   -0.049060 (VIOLATED)
wave_controller_x_inst/_3332_/A1        3.000000    3.049050   -0.049050 (VIOLATED)
wave_controller_x_inst/_2037_/A1        3.000000    3.049014   -0.049014 (VIOLATED)
wave_controller_x_inst/_1781_/I         3.000000    3.048989   -0.048989 (VIOLATED)
wave_controller_x_inst/fanout435/Z      3.000000    3.048989   -0.048989 (VIOLATED)
wave_controller_y_inst/_3611_/SETN      3.000000    3.032207   -0.032208 (VIOLATED)
wave_controller_y_inst/_3612_/RN        3.000000    3.032207   -0.032208 (VIOLATED)
wave_controller_y_inst/_3618_/RN        3.000000    3.032207   -0.032208 (VIOLATED)
wave_controller_y_inst/_3669_/RN        3.000000    3.032207   -0.032208 (VIOLATED)
wave_controller_y_inst/_3690_/RN        3.000000    3.032207   -0.032208 (VIOLATED)
wave_controller_y_inst/_3691_/RN        3.000000    3.032207   -0.032208 (VIOLATED)
wave_controller_y_inst/_3717_/RN        3.000000    3.032207   -0.032208 (VIOLATED)
wave_controller_y_inst/_3718_/RN        3.000000    3.032207   -0.032208 (VIOLATED)
wave_controller_y_inst/_3719_/RN        3.000000    3.032207   -0.032208 (VIOLATED)
wave_controller_y_inst/_3720_/RN        3.000000    3.032207   -0.032208 (VIOLATED)
wave_controller_y_inst/fanout536/Z      3.000000    3.032207   -0.032208 (VIOLATED)
spi_regs_inst/_0798_/ZN                 3.000000    3.024734   -0.024735 (VIOLATED)
spi_regs_inst/_0804_/S                  3.000000    3.024734   -0.024735 (VIOLATED)
spi_regs_inst/_0805_/S                  3.000000    3.024734   -0.024735 (VIOLATED)
spi_regs_inst/_0806_/S                  3.000000    3.024734   -0.024735 (VIOLATED)
spi_regs_inst/wire304/I                 3.000000    3.024734   -0.024735 (VIOLATED)
spi_regs_inst/_1483_/RN                 3.000000    3.023190   -0.023190 (VIOLATED)
spi_regs_inst/_1595_/RN                 3.000000    3.023190   -0.023190 (VIOLATED)
spi_regs_inst/_1482_/RN                 3.000000    3.023181   -0.023181 (VIOLATED)
spi_regs_inst/_1573_/RN                 3.000000    3.023181   -0.023181 (VIOLATED)
spi_regs_inst/_1593_/RN                 3.000000    3.023181   -0.023181 (VIOLATED)
spi_regs_inst/_1596_/RN                 3.000000    3.023181   -0.023181 (VIOLATED)
spi_regs_inst/_1607_/RN                 3.000000    3.023181   -0.023181 (VIOLATED)
spi_regs_inst/_1609_/RN                 3.000000    3.023181   -0.023181 (VIOLATED)
spi_regs_inst/_1610_/RN                 3.000000    3.023181   -0.023181 (VIOLATED)
spi_regs_inst/_1612_/RN                 3.000000    3.023181   -0.023181 (VIOLATED)
spi_regs_inst/fanout562/Z               3.000000    3.023181   -0.023181 (VIOLATED)
spi_regs_inst/_1496_/RN                 3.000000    3.022649   -0.022649 (VIOLATED)
spi_regs_inst/_1497_/RN                 3.000000    3.022649   -0.022649 (VIOLATED)
state_machine_inst/_40_/RN              3.000000    3.022642   -0.022642 (VIOLATED)
spi_regs_inst/_1498_/RN                 3.000000    3.022640   -0.022640 (VIOLATED)
spi_regs_inst/_1515_/RN                 3.000000    3.022632   -0.022632 (VIOLATED)
spi_regs_inst/_1518_/RN                 3.000000    3.022628   -0.022628 (VIOLATED)
spi_regs_inst/_1537_/RN                 3.000000    3.022628   -0.022628 (VIOLATED)
fanout573/Z                             3.000000    3.022614   -0.022614 (VIOLATED)
spi_regs_inst/_1516_/RN                 3.000000    3.022614   -0.022614 (VIOLATED)
spi_regs_inst/_1517_/RN                 3.000000    3.022614   -0.022614 (VIOLATED)
state_machine_inst/_38_/RN              3.000000    3.022614   -0.022614 (VIOLATED)
spi_regs_inst/_1111_/A1                 3.000000    3.019624   -0.019624 (VIOLATED)
wave_controller_y_inst/_2423_/Z         3.000000    3.019623   -0.019623 (VIOLATED)
wave_controller_x_inst/_3557_/A1        3.000000    3.012443   -0.012443 (VIOLATED)
wave_controller_x_inst/_3554_/A1        3.000000    3.012442   -0.012442 (VIOLATED)
wave_controller_x_inst/_3551_/A1        3.000000    3.012439   -0.012439 (VIOLATED)
wave_controller_x_inst/_3548_/A1        3.000000    3.012434   -0.012434 (VIOLATED)
wave_controller_x_inst/_3545_/A1        3.000000    3.012427   -0.012427 (VIOLATED)
wave_controller_x_inst/_3462_/A1        3.000000    3.012425   -0.012425 (VIOLATED)
wave_controller_x_inst/_3539_/A1        3.000000    3.012424   -0.012424 (VIOLATED)
wave_controller_x_inst/_2890_/A1        3.000000    3.012405   -0.012405 (VIOLATED)
wave_controller_x_inst/_2900_/A1        3.000000    3.012405   -0.012405 (VIOLATED)
wave_controller_x_inst/_3037_/B2        3.000000    3.012405   -0.012405 (VIOLATED)
wave_controller_x_inst/fanout157/Z      3.000000    3.012405   -0.012405 (VIOLATED)
spi_regs_inst/_1478_/RN                 3.000000    3.011284   -0.011284 (VIOLATED)
spi_regs_inst/_1575_/RN                 3.000000    3.011283   -0.011283 (VIOLATED)
spi_regs_inst/_1570_/RN                 3.000000    3.011282   -0.011283 (VIOLATED)
spi_regs_inst/_1572_/RN                 3.000000    3.011282   -0.011283 (VIOLATED)
spi_regs_inst/_1480_/RN                 3.000000    3.011274   -0.011274 (VIOLATED)
spi_regs_inst/_1574_/RN                 3.000000    3.011273   -0.011273 (VIOLATED)
spi_regs_inst/_1571_/RN                 3.000000    3.011267   -0.011267 (VIOLATED)
spi_regs_inst/_1576_/RN                 3.000000    3.011263   -0.011263 (VIOLATED)
spi_regs_inst/_1611_/RN                 3.000000    3.011244   -0.011244 (VIOLATED)
spi_regs_inst/fanout562/I               3.000000    3.011244   -0.011244 (VIOLATED)
spi_regs_inst/fanout563/Z               3.000000    3.011244   -0.011244 (VIOLATED)

max fanout

Pin                                   Limit Fanout  Slack
---------------------------------------------------------
clkbuf_leaf_14_clk/Z                     10     13     -3 (VIOLATED)
clkbuf_leaf_16_clk/Z                     10     13     -3 (VIOLATED)
clkbuf_leaf_1_clk/Z                      10     13     -3 (VIOLATED)
clkbuf_leaf_3_clk/Z                      10     13     -3 (VIOLATED)
clkbuf_leaf_7_clk/Z                      10     13     -3 (VIOLATED)
clkbuf_leaf_0_clk/Z                      10     12     -2 (VIOLATED)
clkbuf_leaf_17_clk/Z                     10     12     -2 (VIOLATED)
clkbuf_leaf_18_clk/Z                     10     12     -2 (VIOLATED)
clkbuf_leaf_19_clk/Z                     10     12     -2 (VIOLATED)
clkbuf_leaf_2_clk/Z                      10     12     -2 (VIOLATED)
clkbuf_leaf_48_clk/Z                     10     12     -2 (VIOLATED)
clkbuf_leaf_4_clk/Z                      10     12     -2 (VIOLATED)
clkbuf_leaf_53_clk/Z                     10     12     -2 (VIOLATED)
clkbuf_leaf_6_clk/Z                      10     12     -2 (VIOLATED)
clkbuf_leaf_10_clk/Z                     10     11        (VIOLATED)
clkbuf_leaf_20_clk/Z                     10     11        (VIOLATED)
clkbuf_leaf_27_clk/Z                     10     11        (VIOLATED)
clkbuf_leaf_37_clk/Z                     10     11        (VIOLATED)
clkbuf_leaf_38_clk/Z                     10     11        (VIOLATED)
clkbuf_leaf_49_clk/Z                     10     11        (VIOLATED)

max capacitance

Pin                                        Limit         Cap       Slack
------------------------------------------------------------------------
clkbuf_0_clk/Z                          0.200000    0.355549   -0.155549 (VIOLATED)
clkbuf_3_2__f_clk/Z                     0.200000    0.206077   -0.006077 (VIOLATED)



===========================================================================
report_parasitic_annotation -report_unannotated
============================================================================
Found 57 unannotated drivers.
 bidir_in[3]
 bidir_in[4]
 bidir_in[5]
 bidir_in[6]
 bidir_in[7]
 bidir_in[8]
 bidir_in[9]
 _83_/Z
 _84_/Z
 _85_/Z
 _86_/Z
 clkload0/Z
 clkload1/Z
 clkload10/Z
 clkload11/Z
 clkload12/Z
 clkload13/ZN
 clkload14/ZN
 clkload15/ZN
 clkload16/ZN
 clkload17/ZN
 clkload18/ZN
 clkload19/ZN
 clkload2/Z
 clkload20/Z
 clkload21/ZN
 clkload22/ZN
 clkload23/ZN
 clkload24/Z
 clkload25/ZN
 clkload26/Z
 clkload27/ZN
 clkload28/ZN
 clkload29/ZN
 clkload3/Z
 clkload30/ZN
 clkload31/ZN
 clkload32/ZN
 clkload33/ZN
 clkload34/ZN
 clkload35/ZN
 clkload36/ZN
 clkload37/ZN
 clkload38/ZN
 clkload39/ZN
 clkload4/Z
 clkload40/ZN
 clkload41/ZN
 clkload42/ZN
 clkload43/ZN
 clkload5/ZN
 clkload6/ZN
 clkload7/ZN
 clkload8/ZN
 clkload9/ZN
 wave_controller_x_inst\/_3725_/Q
 wave_controller_y_inst\/_3725_/Q
Found 0 partially unannotated drivers.

===========================================================================
max slew violation count 670
max fanout violation count 20
max cap violation count 2
============================================================================

===========================================================================
check_setup -verbose -unconstrained_endpoints -multiple_clock -no_clock -no_input_delay -loops -generated_clocks
===========================================================================
Warning: There is 1 unconstrained endpoint.
  analog[0]
