Clock: clk
Sources: clk 
Generated: no
Virtual: yes
Propagated: no
Period: 200.000000

===========================================================================
report_clock_properties
============================================================================
Clock                   Period          Waveform
----------------------------------------------------
clk                 200.000000    0.000000100.000000

===========================================================================
report_clock_latency
============================================================================
Clock clk
rise -> rise
    min     max
0.000000 0.000000 source latency
2.503237         network latency wave_controller_x_inst/_3616_/CLK
        2.662811 network latency spi_regs_inst/_1569_/CLK
---------------
2.503237 2.662811 latency
        0.159574 skew

fall -> fall
    min     max
0.000000 0.000000 source latency
2.404811         network latency wave_controller_x_inst/_3616_/CLK
        2.586795 network latency spi_regs_inst/_1569_/CLK
---------------
2.404811 2.586795 latency
        0.181984 skew



===========================================================================
report_clock_min_period
============================================================================
clk period_min = 40.68 fmax = 24.58
