
===========================================================================
report_checks -unconstrained
===========================================================================
======================= max_ss_125C_3v00 Corner ===================================

Startpoint: rst_n (input port clocked by clk)
Endpoint: spi_regs_inst/_1648_ (recovery check against rising-edge clock clk)
Path Group: asynchronous
Path Type: max

Fanout         Cap        Slew       Delay        Time   Description
---------------------------------------------------------------------------------------------
                                  0.000000    0.000000   clock clk (rise edge)
                                  0.000000    0.000000   clock network delay (propagated)
                                 40.000000   40.000000 ^ input external delay
     1    0.005377    0.366377    0.135916   40.135918 ^ rst_n (in)
                                                         rst_n (net)
                      0.366377    0.000000   40.135918 ^ input5/I (gf180mcu_fd_sc_mcu7t5v0__buf_1)
     2    0.014356    0.760697    0.837403   40.973320 ^ input5/Z (gf180mcu_fd_sc_mcu7t5v0__buf_1)
                                                         net5 (net)
                      0.760697    0.000252   40.973572 ^ fanout1556/I (gf180mcu_fd_sc_mcu7t5v0__dlyb_1)
     5    0.107202    4.684730    5.389687   46.363258 ^ fanout1556/Z (gf180mcu_fd_sc_mcu7t5v0__dlyb_1)
                                                         net1556 (net)
                      4.684730    0.000512   46.363770 ^ fanout1552/I (gf180mcu_fd_sc_mcu7t5v0__dlyb_1)
     3    0.030059    1.448307    3.532407   49.896179 ^ fanout1552/Z (gf180mcu_fd_sc_mcu7t5v0__dlyb_1)
                                                         net1552 (net)
                      1.448307    0.000203   49.896381 ^ load_slew1553/I (gf180mcu_fd_sc_mcu7t5v0__clkbuf_2)
     2    0.024116    0.644054    1.091678   50.988056 ^ load_slew1553/Z (gf180mcu_fd_sc_mcu7t5v0__clkbuf_2)
                                                         net1553 (net)
                      0.644055    0.001055   50.989113 ^ fanout1526/I (gf180mcu_fd_sc_mcu7t5v0__dlyb_1)
     2    0.014333    0.827967    3.069530   54.058643 ^ fanout1526/Z (gf180mcu_fd_sc_mcu7t5v0__dlyb_1)
                                                         net1526 (net)
                      0.827967    0.000274   54.058918 ^ wire1530/I (gf180mcu_fd_sc_mcu7t5v0__clkbuf_2)
     4    0.032904    0.813317    1.089131   55.148048 ^ wire1530/Z (gf180mcu_fd_sc_mcu7t5v0__clkbuf_2)
                                                         net1530 (net)
                      0.813317    0.000902   55.148949 ^ fanout1522/I (gf180mcu_fd_sc_mcu7t5v0__dlyb_1)
     2    0.008982    0.635605    2.942777   58.091728 ^ fanout1522/Z (gf180mcu_fd_sc_mcu7t5v0__dlyb_1)
                                                         net1522 (net)
                      0.635605    0.000156   58.091885 ^ spi_regs_inst/fanout1518/I (gf180mcu_fd_sc_mcu7t5v0__dlyb_1)
     3    0.025589    1.310176    3.357403   61.449287 ^ spi_regs_inst/fanout1518/Z (gf180mcu_fd_sc_mcu7t5v0__dlyb_1)
                                                         spi_regs_inst/net1518 (net)
                      1.310176    0.000192   61.449478 ^ spi_regs_inst/wire1521/I (gf180mcu_fd_sc_mcu7t5v0__buf_1)
     4    0.034036    1.642081    1.471669   62.921146 ^ spi_regs_inst/wire1521/Z (gf180mcu_fd_sc_mcu7t5v0__buf_1)
                                                         spi_regs_inst/net1521 (net)
                      1.642081    0.000611   62.921757 ^ spi_regs_inst/load_slew1519/I (gf180mcu_fd_sc_mcu7t5v0__buf_1)
     3    0.023321    1.141577    1.223725   64.145485 ^ spi_regs_inst/load_slew1519/Z (gf180mcu_fd_sc_mcu7t5v0__buf_1)
                                                         spi_regs_inst/net1519 (net)
                      1.141577    0.000583   64.146065 ^ spi_regs_inst/fanout1514/I (gf180mcu_fd_sc_mcu7t5v0__dlyb_1)
     3    0.024296    1.215972    3.387690   67.533760 ^ spi_regs_inst/fanout1514/Z (gf180mcu_fd_sc_mcu7t5v0__dlyb_1)
                                                         spi_regs_inst/net1514 (net)
                      1.215972    0.000718   67.534477 ^ spi_regs_inst/wire1517/I (gf180mcu_fd_sc_mcu7t5v0__clkbuf_2)
     4    0.034257    0.845025    1.189044   68.723518 ^ spi_regs_inst/wire1517/Z (gf180mcu_fd_sc_mcu7t5v0__clkbuf_2)
                                                         spi_regs_inst/net1517 (net)
                      0.845025    0.000966   68.724487 ^ spi_regs_inst/load_slew1516/I (gf180mcu_fd_sc_mcu7t5v0__buf_1)
     3    0.025715    1.278396    1.204889   69.929375 ^ spi_regs_inst/load_slew1516/Z (gf180mcu_fd_sc_mcu7t5v0__buf_1)
                                                         spi_regs_inst/net1516 (net)
                      1.278396    0.000384   69.929756 ^ spi_regs_inst/load_slew1515/I (gf180mcu_fd_sc_mcu7t5v0__clkbuf_2)
     3    0.026690    0.714137    1.103636   71.033394 ^ spi_regs_inst/load_slew1515/Z (gf180mcu_fd_sc_mcu7t5v0__clkbuf_2)
                                                         spi_regs_inst/net1515 (net)
                      0.714137    0.000234   71.033630 ^ spi_regs_inst/_1648_/RN (gf180mcu_fd_sc_mcu7t5v0__dffrnq_1)
                                             71.033630   data arrival time

                                200.000000  200.000000   clock clk (rise edge)
                                  0.000000  200.000000   clock source latency
     2    0.114673    1.297513    0.722906  200.722900 ^ clk (in)
                                                         clk (net)
                      1.298141    0.000000  200.722900 ^ clkbuf_regs_0_clk/I (gf180mcu_fd_sc_mcu7t5v0__clkbuf_16)
     1    0.024051    0.261809    0.825878  201.548782 ^ clkbuf_regs_0_clk/Z (gf180mcu_fd_sc_mcu7t5v0__clkbuf_16)
                                                         clk_regs (net)
                      0.261809    0.000540  201.549316 ^ clkbuf_0_clk_regs/I (gf180mcu_fd_sc_mcu7t5v0__clkbuf_16)
     8    0.351258    1.048305    1.133614  202.682938 ^ clkbuf_0_clk_regs/Z (gf180mcu_fd_sc_mcu7t5v0__clkbuf_16)
                                                         clknet_0_clk_regs (net)
                      1.048739    0.011525  202.694458 ^ clkbuf_3_7__f_clk_regs/I (gf180mcu_fd_sc_mcu7t5v0__clkbuf_16)
     8    0.157978    0.566086    1.021988  203.716446 ^ clkbuf_3_7__f_clk_regs/Z (gf180mcu_fd_sc_mcu7t5v0__clkbuf_16)
                                                         clknet_3_7__leaf_clk_regs (net)
                      0.566113    0.005841  203.722290 ^ clkbuf_leaf_24_clk_regs/I (gf180mcu_fd_sc_mcu7t5v0__clkbuf_8)
    12    0.063650    0.480419    0.839279  204.561569 ^ clkbuf_leaf_24_clk_regs/Z (gf180mcu_fd_sc_mcu7t5v0__clkbuf_8)
                                                         clknet_leaf_24_clk_regs (net)
                      0.480419    0.000384  204.561951 ^ spi_regs_inst/_1648_/CLK (gf180mcu_fd_sc_mcu7t5v0__dffrnq_1)
                                 -0.250000  204.311951   clock uncertainty
                                  0.000000  204.311951   clock reconvergence pessimism
                                  0.782683  205.094635   library recovery time
                                            205.094635   data required time
---------------------------------------------------------------------------------------------
                                            205.094635   data required time
                                            -71.033630   data arrival time
---------------------------------------------------------------------------------------------
                                            134.061005   slack (MET)


Startpoint: wave_controller_y_inst/_3678_
            (rising edge-triggered flip-flop clocked by clk)
Endpoint: wave_controller_y_inst/_3626_
          (rising edge-triggered flip-flop clocked by clk)
Path Group: clk
Path Type: max

Fanout         Cap        Slew       Delay        Time   Description
---------------------------------------------------------------------------------------------
                                  0.000000    0.000000   clock clk (rise edge)
                                  0.000000    0.000000   clock source latency
     2    0.114673    1.297513    0.722909    0.722909 ^ clk (in)
                                                         clk (net)
                      1.298141    0.000000    0.722909 ^ clkbuf_regs_0_clk/I (gf180mcu_fd_sc_mcu7t5v0__clkbuf_16)
     1    0.024051    0.261809    0.825880    1.548789 ^ clkbuf_regs_0_clk/Z (gf180mcu_fd_sc_mcu7t5v0__clkbuf_16)
                                                         clk_regs (net)
                      0.261809    0.000532    1.549321 ^ clkbuf_0_clk_regs/I (gf180mcu_fd_sc_mcu7t5v0__clkbuf_16)
     8    0.351258    1.048305    1.133614    2.682935 ^ clkbuf_0_clk_regs/Z (gf180mcu_fd_sc_mcu7t5v0__clkbuf_16)
                                                         clknet_0_clk_regs (net)
                      1.048910    0.013936    2.696871 ^ clkbuf_3_3__f_clk_regs/I (gf180mcu_fd_sc_mcu7t5v0__clkbuf_16)
     8    0.166142    0.584966    1.036667    3.733538 ^ clkbuf_3_3__f_clk_regs/Z (gf180mcu_fd_sc_mcu7t5v0__clkbuf_16)
                                                         clknet_3_3__leaf_clk_regs (net)
                      0.584982    0.004482    3.738020 ^ clkbuf_leaf_37_clk_regs/I (gf180mcu_fd_sc_mcu7t5v0__clkbuf_8)
     9    0.068831    0.505137    0.861210    4.599230 ^ clkbuf_leaf_37_clk_regs/Z (gf180mcu_fd_sc_mcu7t5v0__clkbuf_8)
                                                         clknet_leaf_37_clk_regs (net)
                      0.505138    0.001363    4.600594 ^ wave_controller_y_inst/_3678_/CLK (gf180mcu_fd_sc_mcu7t5v0__dffsnq_1)
     2    0.010009    0.421105    2.386188    6.986781 v wave_controller_y_inst/_3678_/Q (gf180mcu_fd_sc_mcu7t5v0__dffsnq_1)
                                                         wave_controller_y_inst/capture_step[0] (net)
                      0.421105    0.000192    6.986973 v wave_controller_y_inst/load_slew785/I (gf180mcu_fd_sc_mcu7t5v0__buf_1)
     1    0.027720    0.736044    1.119827    8.106801 v wave_controller_y_inst/load_slew785/Z (gf180mcu_fd_sc_mcu7t5v0__buf_1)
                                                         wave_controller_y_inst/net785 (net)
                      0.736056    0.001695    8.108496 v wave_controller_y_inst/fanout783/I (gf180mcu_fd_sc_mcu7t5v0__dlyb_1)
     3    0.025090    1.023720    3.716010   11.824505 v wave_controller_y_inst/fanout783/Z (gf180mcu_fd_sc_mcu7t5v0__dlyb_1)
                                                         wave_controller_y_inst/net783 (net)
                      1.023720    0.000139   11.824644 v wave_controller_y_inst/load_slew784/I (gf180mcu_fd_sc_mcu7t5v0__clkbuf_2)
     4    0.034284    0.729695    1.224367   13.049011 v wave_controller_y_inst/load_slew784/Z (gf180mcu_fd_sc_mcu7t5v0__clkbuf_2)
                                                         wave_controller_y_inst/net784 (net)
                      0.729700    0.001080   13.050091 v wave_controller_y_inst/fanout779/I (gf180mcu_fd_sc_mcu7t5v0__dlyb_1)
     2    0.015910    0.827994    3.511309   16.561399 v wave_controller_y_inst/fanout779/Z (gf180mcu_fd_sc_mcu7t5v0__dlyb_1)
                                                         wave_controller_y_inst/net779 (net)
                      0.827994    0.000234   16.561634 v wave_controller_y_inst/load_slew782/I (gf180mcu_fd_sc_mcu7t5v0__clkbuf_1)
     3    0.029044    1.114890    1.260922   17.822556 v wave_controller_y_inst/load_slew782/Z (gf180mcu_fd_sc_mcu7t5v0__clkbuf_1)
                                                         wave_controller_y_inst/net782 (net)
                      1.114895    0.001359   17.823915 v wave_controller_y_inst/fanout776/I (gf180mcu_fd_sc_mcu7t5v0__dlyb_1)
     4    0.026103    1.046313    3.883194   21.707109 v wave_controller_y_inst/fanout776/Z (gf180mcu_fd_sc_mcu7t5v0__dlyb_1)
                                                         wave_controller_y_inst/net776 (net)
                      1.046313    0.000577   21.707687 v wave_controller_y_inst/load_slew778/I (gf180mcu_fd_sc_mcu7t5v0__buf_1)
     5    0.027812    0.741667    1.346267   23.053953 v wave_controller_y_inst/load_slew778/Z (gf180mcu_fd_sc_mcu7t5v0__buf_1)
                                                         wave_controller_y_inst/net778 (net)
                      0.741667    0.000698   23.054651 v wave_controller_y_inst/load_slew777/I (gf180mcu_fd_sc_mcu7t5v0__buf_1)
     3    0.030898    0.801223    1.278664   24.333317 v wave_controller_y_inst/load_slew777/Z (gf180mcu_fd_sc_mcu7t5v0__buf_1)
                                                         wave_controller_y_inst/net777 (net)
                      0.801223    0.000497   24.333815 v wave_controller_y_inst/_2743_/S (gf180mcu_fd_sc_mcu7t5v0__mux2_2)
     2    0.011884    0.407500    1.171754   25.505568 v wave_controller_y_inst/_2743_/Z (gf180mcu_fd_sc_mcu7t5v0__mux2_2)
                                                         wave_controller_y_inst/_0492_ (net)
                      0.407500    0.000231   25.505798 v wave_controller_y_inst/_2744_/A2 (gf180mcu_fd_sc_mcu7t5v0__nor2_1)
     1    0.011025    1.377957    0.949491   26.455290 ^ wave_controller_y_inst/_2744_/ZN (gf180mcu_fd_sc_mcu7t5v0__nor2_1)
                                                         wave_controller_y_inst/_0493_ (net)
                      1.377957    0.000256   26.455545 ^ wave_controller_y_inst/_2756_/C (gf180mcu_fd_sc_mcu7t5v0__aoi211_2)
     1    0.015868    0.853809    0.792088   27.247635 v wave_controller_y_inst/_2756_/ZN (gf180mcu_fd_sc_mcu7t5v0__aoi211_2)
                                                         wave_controller_y_inst/_0505_ (net)
                      0.853809    0.000446   27.248079 v wave_controller_y_inst/_2766_/A1 (gf180mcu_fd_sc_mcu7t5v0__oai221_2)
     1    0.010150    1.946469    0.967907   28.215986 ^ wave_controller_y_inst/_2766_/ZN (gf180mcu_fd_sc_mcu7t5v0__oai221_2)
                                                         wave_controller_y_inst/_0515_ (net)
                      1.946469    0.000107   28.216093 ^ wave_controller_y_inst/_2773_/A1 (gf180mcu_fd_sc_mcu7t5v0__aoi21_2)
     1    0.035177    1.122944    0.940187   29.156281 v wave_controller_y_inst/_2773_/ZN (gf180mcu_fd_sc_mcu7t5v0__aoi21_2)
                                                         wave_controller_y_inst/_0522_ (net)
                      1.122945    0.002112   29.158392 v wave_controller_y_inst/_2780_/B1 (gf180mcu_fd_sc_mcu7t5v0__oai221_2)
     1    0.007313    1.803670    1.476229   30.634621 ^ wave_controller_y_inst/_2780_/ZN (gf180mcu_fd_sc_mcu7t5v0__oai221_2)
                                                         wave_controller_y_inst/_0529_ (net)
                      1.803670    0.000163   30.634785 ^ wave_controller_y_inst/wire172/I (gf180mcu_fd_sc_mcu7t5v0__clkbuf_1)
     1    0.021525    1.047946    1.202320   31.837105 ^ wave_controller_y_inst/wire172/Z (gf180mcu_fd_sc_mcu7t5v0__clkbuf_1)
                                                         wave_controller_y_inst/net172 (net)
                      1.047946    0.000913   31.838018 ^ wave_controller_y_inst/_2800_/A2 (gf180mcu_fd_sc_mcu7t5v0__aoi21_2)
     1    0.025238    0.948757    0.624127   32.462143 v wave_controller_y_inst/_2800_/ZN (gf180mcu_fd_sc_mcu7t5v0__aoi21_2)
                                                         wave_controller_y_inst/_0549_ (net)
                      0.948758    0.001094   32.463238 v wave_controller_y_inst/_2812_/A1 (gf180mcu_fd_sc_mcu7t5v0__oai21_1)
     2    0.020317    2.210679    1.579107   34.042343 ^ wave_controller_y_inst/_2812_/ZN (gf180mcu_fd_sc_mcu7t5v0__oai21_1)
                                                         wave_controller_y_inst/_0561_ (net)
                      2.210679    0.000473   34.042816 ^ wave_controller_y_inst/_2819_/A1 (gf180mcu_fd_sc_mcu7t5v0__aoi211_2)
     2    0.016351    1.041934    0.662734   34.705551 v wave_controller_y_inst/_2819_/ZN (gf180mcu_fd_sc_mcu7t5v0__aoi211_2)
                                                         wave_controller_y_inst/_0568_ (net)
                      1.041934    0.000309   34.705860 v wave_controller_y_inst/_2820_/A2 (gf180mcu_fd_sc_mcu7t5v0__oai21_2)
     2    0.022330    1.598178    1.281805   35.987667 ^ wave_controller_y_inst/_2820_/ZN (gf180mcu_fd_sc_mcu7t5v0__oai21_2)
                                                         wave_controller_y_inst/_0569_ (net)
                      1.598178    0.000330   35.987995 ^ wave_controller_y_inst/_2823_/A2 (gf180mcu_fd_sc_mcu7t5v0__aoi21_2)
     4    0.049134    1.390428    0.987082   36.975079 v wave_controller_y_inst/_2823_/ZN (gf180mcu_fd_sc_mcu7t5v0__aoi21_2)
                                                         wave_controller_y_inst/_0572_ (net)
                      1.390428    0.001080   36.976158 v wave_controller_y_inst/_2853_/A2 (gf180mcu_fd_sc_mcu7t5v0__or3_1)
     3    0.023600    1.079778    2.703420   39.679577 v wave_controller_y_inst/_2853_/Z (gf180mcu_fd_sc_mcu7t5v0__or3_1)
                                                         wave_controller_y_inst/_0602_ (net)
                      1.079778    0.000362   39.679939 v wave_controller_y_inst/_2887_/A1 (gf180mcu_fd_sc_mcu7t5v0__oai31_1)
     2    0.018594    3.737132    2.444352   42.124294 ^ wave_controller_y_inst/_2887_/ZN (gf180mcu_fd_sc_mcu7t5v0__oai31_1)
                                                         wave_controller_y_inst/_0634_ (net)
                      3.737132    0.000366   42.124660 ^ wave_controller_y_inst/_2889_/A1 (gf180mcu_fd_sc_mcu7t5v0__and2_1)
     1    0.014215    0.832043    1.409610   43.534267 ^ wave_controller_y_inst/_2889_/Z (gf180mcu_fd_sc_mcu7t5v0__and2_1)
                                                         wave_controller_y_inst/_0636_ (net)
                      0.832043    0.000526   43.534794 ^ wave_controller_y_inst/fanout72/I (gf180mcu_fd_sc_mcu7t5v0__dlyb_1)
     3    0.033336    1.582687    3.576585   47.111378 ^ wave_controller_y_inst/fanout72/Z (gf180mcu_fd_sc_mcu7t5v0__dlyb_1)
                                                         wave_controller_y_inst/net72 (net)
                      1.582687    0.000714   47.112095 ^ wave_controller_y_inst/wire74/I (gf180mcu_fd_sc_mcu7t5v0__clkbuf_2)
     2    0.034251    0.850157    1.234284   48.346378 ^ wave_controller_y_inst/wire74/Z (gf180mcu_fd_sc_mcu7t5v0__clkbuf_2)
                                                         wave_controller_y_inst/net74 (net)
                      0.850159    0.002171   48.348549 ^ wave_controller_y_inst/fanout62/I (gf180mcu_fd_sc_mcu7t5v0__dlyb_1)
     2    0.016532    0.940277    3.152113   51.500660 ^ wave_controller_y_inst/fanout62/Z (gf180mcu_fd_sc_mcu7t5v0__dlyb_1)
                                                         wave_controller_y_inst/net62 (net)
                      0.940277    0.000163   51.500824 ^ wave_controller_y_inst/load_slew69/I (gf180mcu_fd_sc_mcu7t5v0__clkbuf_1)
     1    0.024426    1.163892    1.178332   52.679157 ^ wave_controller_y_inst/load_slew69/Z (gf180mcu_fd_sc_mcu7t5v0__clkbuf_1)
                                                         wave_controller_y_inst/net69 (net)
                      1.163892    0.001080   52.680237 ^ wave_controller_y_inst/wire68/I (gf180mcu_fd_sc_mcu7t5v0__buf_2)
     3    0.036664    0.883280    1.017899   53.698135 ^ wave_controller_y_inst/wire68/Z (gf180mcu_fd_sc_mcu7t5v0__buf_2)
                                                         wave_controller_y_inst/net68 (net)
                      0.883284    0.000949   53.699085 ^ wave_controller_y_inst/load_slew67/I (gf180mcu_fd_sc_mcu7t5v0__clkbuf_1)
     2    0.026570    1.253303    1.222386   54.921471 ^ wave_controller_y_inst/load_slew67/Z (gf180mcu_fd_sc_mcu7t5v0__clkbuf_1)
                                                         wave_controller_y_inst/net67 (net)
                      1.253303    0.001009   54.922478 ^ wave_controller_y_inst/load_slew66/I (gf180mcu_fd_sc_mcu7t5v0__clkbuf_1)
     2    0.024187    1.154809    1.220926   56.143406 ^ wave_controller_y_inst/load_slew66/Z (gf180mcu_fd_sc_mcu7t5v0__clkbuf_1)
                                                         wave_controller_y_inst/net66 (net)
                      1.154809    0.000799   56.144203 ^ wave_controller_y_inst/wire65/I (gf180mcu_fd_sc_mcu7t5v0__buf_1)
     3    0.038394    1.771709    1.564061   57.708263 ^ wave_controller_y_inst/wire65/Z (gf180mcu_fd_sc_mcu7t5v0__buf_1)
                                                         wave_controller_y_inst/net65 (net)
                      1.771709    0.000991   57.709255 ^ wave_controller_y_inst/wire64/I (gf180mcu_fd_sc_mcu7t5v0__buf_1)
     2    0.044903    2.047291    1.765233   59.474491 ^ wave_controller_y_inst/wire64/Z (gf180mcu_fd_sc_mcu7t5v0__buf_1)
                                                         wave_controller_y_inst/net64 (net)
                      2.047298    0.002188   59.476677 ^ wave_controller_y_inst/load_slew63/I (gf180mcu_fd_sc_mcu7t5v0__clkbuf_2)
     2    0.027716    0.727620    1.210047   60.686726 ^ wave_controller_y_inst/load_slew63/Z (gf180mcu_fd_sc_mcu7t5v0__clkbuf_2)
                                                         wave_controller_y_inst/net63 (net)
                      0.727620    0.000661   60.687386 ^ wave_controller_y_inst/_3552_/S (gf180mcu_fd_sc_mcu7t5v0__mux2_2)
     1    0.006405    0.333573    0.785306   61.472691 ^ wave_controller_y_inst/_3552_/Z (gf180mcu_fd_sc_mcu7t5v0__mux2_2)
                                                         wave_controller_y_inst/_0116_ (net)
                      0.333573    0.000142   61.472836 ^ wave_controller_y_inst/_3626_/D (gf180mcu_fd_sc_mcu7t5v0__dffrnq_1)
                                             61.472836   data arrival time

                                200.000000  200.000000   clock clk (rise edge)
                                  0.000000  200.000000   clock source latency
     2    0.114673    1.297513    0.722906  200.722900 ^ clk (in)
                                                         clk (net)
                      1.298141    0.000000  200.722900 ^ clkbuf_regs_0_clk/I (gf180mcu_fd_sc_mcu7t5v0__clkbuf_16)
     1    0.024051    0.261809    0.825878  201.548782 ^ clkbuf_regs_0_clk/Z (gf180mcu_fd_sc_mcu7t5v0__clkbuf_16)
                                                         clk_regs (net)
                      0.261809    0.000540  201.549316 ^ clkbuf_0_clk_regs/I (gf180mcu_fd_sc_mcu7t5v0__clkbuf_16)
     8    0.351258    1.048305    1.133614  202.682938 ^ clkbuf_0_clk_regs/Z (gf180mcu_fd_sc_mcu7t5v0__clkbuf_16)
                                                         clknet_0_clk_regs (net)
                      1.048739    0.011525  202.694458 ^ clkbuf_3_7__f_clk_regs/I (gf180mcu_fd_sc_mcu7t5v0__clkbuf_16)
     8    0.157978    0.566086    1.021988  203.716446 ^ clkbuf_3_7__f_clk_regs/Z (gf180mcu_fd_sc_mcu7t5v0__clkbuf_16)
                                                         clknet_3_7__leaf_clk_regs (net)
                      0.566097    0.003794  203.720245 ^ clkbuf_leaf_22_clk_regs/I (gf180mcu_fd_sc_mcu7t5v0__clkbuf_8)
    10    0.053722    0.433427    0.804434  204.524673 ^ clkbuf_leaf_22_clk_regs/Z (gf180mcu_fd_sc_mcu7t5v0__clkbuf_8)
                                                         clknet_leaf_22_clk_regs (net)
                      0.433427    0.000568  204.525238 ^ wave_controller_y_inst/_3626_/CLK (gf180mcu_fd_sc_mcu7t5v0__dffrnq_1)
                                 -0.250000  204.275238   clock uncertainty
                                  0.000000  204.275238   clock reconvergence pessimism
                                 -0.933734  203.341507   library setup time
                                            203.341507   data required time
---------------------------------------------------------------------------------------------
                                            203.341507   data required time
                                            -61.472836   data arrival time
---------------------------------------------------------------------------------------------
                                            141.868668   slack (MET)




===========================================================================
report_checks --slack_max -0.01
============================================================================
======================= max_ss_125C_3v00 Corner ===================================

No paths found.


===========================================================================
 report_check_types -max_slew -max_cap -max_fanout -violators
============================================================================
======================= max_ss_125C_3v00 Corner ===================================

max slew

Pin                                        Limit        Slew       Slack
------------------------------------------------------------------------
fanout1321/I                            3.000000    6.627816   -3.627816 (VIOLATED)
fanout1340/I                            3.000000    6.627814   -3.627815 (VIOLATED)
fanout1305/I                            3.000000    6.627796   -3.627796 (VIOLATED)
fanout1356/I                            3.000000    6.627759   -3.627759 (VIOLATED)
wave_controller_x_inst/fanout1372/I     3.000000    6.627656   -3.627656 (VIOLATED)
fanout1412/I                            3.000000    6.627614   -3.627615 (VIOLATED)
fanout1415/Z                            3.000000    6.627614   -3.627615 (VIOLATED)
analog[0]                               3.000000    5.815978   -2.815978 (VIOLATED)
load_slew1561/I                         3.000000    5.815978   -2.815978 (VIOLATED)
fanout1449/I                            3.000000    4.684876   -1.684877 (VIOLATED)
wave_controller_y_inst/fanout1479/I     3.000000    4.684869   -1.684869 (VIOLATED)
fanout1466/I                            3.000000    4.684844   -1.684844 (VIOLATED)
wave_controller_y_inst/fanout1494/I     3.000000    4.684822   -1.684822 (VIOLATED)
fanout1552/I                            3.000000    4.684730   -1.684730 (VIOLATED)
fanout1556/Z                            3.000000    4.684730   -1.684730 (VIOLATED)
analog[1]                               3.000000    4.312895   -1.312895 (VIOLATED)
analog_block_inst/analog_readout_output    3.000000    4.312895   -1.312895 (VIOLATED)
load_slew1560/I                         3.000000    4.312895   -1.312895 (VIOLATED)
spi_regs_inst/_1038_/ZN                 3.000000    3.973521   -0.973521 (VIOLATED)
spi_regs_inst/_1039_/A4                 3.000000    3.973521   -0.973521 (VIOLATED)
analog[3]                               3.000000    3.956242   -0.956242 (VIOLATED)
analog_block_inst/analog_error_y_output    3.000000    3.956242   -0.956242 (VIOLATED)
load_slew1558/I                         3.000000    3.956242   -0.956242 (VIOLATED)
analog[2]                               3.000000    3.850064   -0.850064 (VIOLATED)
analog_block_inst/analog_error_x_output    3.000000    3.850064   -0.850064 (VIOLATED)
load_slew1559/I                         3.000000    3.850064   -0.850064 (VIOLATED)
wave_controller_y_inst/_2887_/ZN        3.000000    3.737132   -0.737132 (VIOLATED)
wave_controller_y_inst/_2889_/A1        3.000000    3.737132   -0.737132 (VIOLATED)
wave_controller_y_inst/_2912_/A1        3.000000    3.737132   -0.737132 (VIOLATED)
wave_controller_y_inst/_1910_/ZN        3.000000    3.691378   -0.691378 (VIOLATED)
wave_controller_y_inst/_1911_/A2        3.000000    3.691378   -0.691378 (VIOLATED)
wave_controller_y_inst/_1912_/A3        3.000000    3.691378   -0.691378 (VIOLATED)
wave_controller_x_inst/_2900_/ZN        3.000000    3.499377   -0.499378 (VIOLATED)
wave_controller_x_inst/_2901_/I1        3.000000    3.499377   -0.499378 (VIOLATED)
wave_controller_x_inst/_3053_/B         3.000000    3.499377   -0.499378 (VIOLATED)
wave_controller_x_inst/_3546_/I0        3.000000    3.499377   -0.499378 (VIOLATED)
spi_regs_inst/_1344_/ZN                 3.000000    3.418851   -0.418851 (VIOLATED)
spi_regs_inst/_1345_/C                  3.000000    3.418851   -0.418851 (VIOLATED)
spi_regs_inst/_1135_/A1                 3.000000    3.286664   -0.286664 (VIOLATED)
spi_regs_inst/_0821_/I1                 3.000000    3.286645   -0.286645 (VIOLATED)
spi_regs_inst/_1564_/Q                  3.000000    3.286645   -0.286645 (VIOLATED)
wave_controller_y_inst/_1890_/A1        3.000000    3.286645   -0.286645 (VIOLATED)
wave_controller_y_inst/_1893_/A1        3.000000    3.286645   -0.286645 (VIOLATED)
wave_controller_x_inst/_1756_/I         3.000000    3.218648   -0.218648 (VIOLATED)
wave_controller_x_inst/_2013_/A1        3.000000    3.218648   -0.218648 (VIOLATED)
wave_controller_x_inst/_2014_/A1        3.000000    3.218648   -0.218648 (VIOLATED)
wave_controller_x_inst/_3274_/A1        3.000000    3.218648   -0.218648 (VIOLATED)
wave_controller_x_inst/_3499_/A1        3.000000    3.218648   -0.218648 (VIOLATED)
wave_controller_x_inst/_3673_/Q         3.000000    3.218648   -0.218648 (VIOLATED)
spi_regs_inst/_1033_/B2                 3.000000    3.217035   -0.217035 (VIOLATED)
wave_controller_x_inst/_1830_/I         3.000000    3.217035   -0.217035 (VIOLATED)
wave_controller_x_inst/_2133_/A1        3.000000    3.217035   -0.217035 (VIOLATED)
wave_controller_x_inst/_3552_/I0        3.000000    3.217035   -0.217035 (VIOLATED)
wave_controller_x_inst/_3626_/Q         3.000000    3.217035   -0.217035 (VIOLATED)
wave_controller_x_inst/_3696_/I         3.000000    3.217035   -0.217035 (VIOLATED)
spi_regs_inst/_1092_/ZN                 3.000000    3.215939   -0.215939 (VIOLATED)
spi_regs_inst/_1122_/A2                 3.000000    3.215939   -0.215939 (VIOLATED)
wave_controller_x_inst/_3146_/ZN        3.000000    3.211494   -0.211494 (VIOLATED)
wave_controller_x_inst/_3150_/A1        3.000000    3.211494   -0.211494 (VIOLATED)
wave_controller_x_inst/_3207_/A1        3.000000    3.211494   -0.211494 (VIOLATED)
spi_regs_inst/_1148_/A1                 3.000000    3.208467   -0.208467 (VIOLATED)
spi_regs_inst/_1431_/I0                 3.000000    3.208449   -0.208449 (VIOLATED)
spi_regs_inst/_1501_/Q                  3.000000    3.208449   -0.208449 (VIOLATED)
wave_controller_x_inst/_1890_/A1        3.000000    3.208449   -0.208449 (VIOLATED)
wave_controller_x_inst/_1893_/A1        3.000000    3.208449   -0.208449 (VIOLATED)
spi_regs_inst/_1224_/B2                 3.000000    3.145283   -0.145283 (VIOLATED)
wave_controller_x_inst/_1974_/ZN        3.000000    3.145283   -0.145283 (VIOLATED)
spi_regs_inst/_0876_/I0                 3.000000    3.127047   -0.127047 (VIOLATED)
spi_regs_inst/_1244_/B2                 3.000000    3.127047   -0.127047 (VIOLATED)
spi_regs_inst/_1611_/Q                  3.000000    3.127047   -0.127047 (VIOLATED)
wave_controller_y_inst/_3218_/A2        3.000000    3.127047   -0.127047 (VIOLATED)
wave_controller_y_inst/_3219_/A2        3.000000    3.127047   -0.127047 (VIOLATED)
spi_regs_inst/_0764_/I0                 3.000000    3.120497   -0.120497 (VIOLATED)
spi_regs_inst/_1236_/A1                 3.000000    3.120497   -0.120497 (VIOLATED)
spi_regs_inst/_1524_/Q                  3.000000    3.120497   -0.120497 (VIOLATED)
wave_controller_x_inst/_3086_/A2        3.000000    3.120497   -0.120497 (VIOLATED)
wave_controller_x_inst/_3102_/A2        3.000000    3.120497   -0.120497 (VIOLATED)
spi_regs_inst/_0830_/I0                 3.000000    3.117682   -0.117682 (VIOLATED)
spi_regs_inst/_1143_/A1                 3.000000    3.117682   -0.117682 (VIOLATED)
spi_regs_inst/_1572_/Q                  3.000000    3.117682   -0.117682 (VIOLATED)
wave_controller_y_inst/_1904_/A1        3.000000    3.117682   -0.117682 (VIOLATED)
wave_controller_y_inst/_1905_/B1        3.000000    3.117682   -0.117682 (VIOLATED)
wave_controller_x_inst/_3110_/A2        3.000000    3.098861   -0.098861 (VIOLATED)
wave_controller_x_inst/_3112_/A2        3.000000    3.098859   -0.098859 (VIOLATED)
wave_controller_x_inst/_1811_/I         3.000000    3.098858   -0.098858 (VIOLATED)
spi_regs_inst/_0773_/I0                 3.000000    3.098841   -0.098841 (VIOLATED)
spi_regs_inst/_1055_/A1                 3.000000    3.098841   -0.098841 (VIOLATED)
spi_regs_inst/_1528_/Q                  3.000000    3.098841   -0.098841 (VIOLATED)
spi_regs_inst/_0739_/I                  3.000000    3.094994   -0.094994 (VIOLATED)
spi_regs_inst/_0921_/A1                 3.000000    3.094994   -0.094994 (VIOLATED)
spi_regs_inst/_0923_/A1                 3.000000    3.094994   -0.094994 (VIOLATED)
spi_regs_inst/_0925_/A3                 3.000000    3.094994   -0.094994 (VIOLATED)
spi_regs_inst/_0929_/A2                 3.000000    3.094994   -0.094994 (VIOLATED)
spi_regs_inst/_0950_/A2                 3.000000    3.094994   -0.094994 (VIOLATED)
spi_regs_inst/_1632_/Q                  3.000000    3.094994   -0.094994 (VIOLATED)
spi_regs_inst/_0848_/I0                 3.000000    3.092615   -0.092615 (VIOLATED)
spi_regs_inst/_1259_/A1                 3.000000    3.092615   -0.092615 (VIOLATED)
spi_regs_inst/_1587_/Q                  3.000000    3.092615   -0.092615 (VIOLATED)
wave_controller_y_inst/_3086_/A2        3.000000    3.092615   -0.092615 (VIOLATED)
wave_controller_y_inst/_3102_/A2        3.000000    3.092615   -0.092615 (VIOLATED)
wave_controller_x_inst/_1910_/ZN        3.000000    3.087132   -0.087132 (VIOLATED)
wave_controller_x_inst/_1911_/A2        3.000000    3.087132   -0.087132 (VIOLATED)
wave_controller_x_inst/_1912_/A3        3.000000    3.087132   -0.087132 (VIOLATED)
bidir_out[5]                            3.000000    3.082261   -0.082262 (VIOLATED)
output12/Z                              3.000000    3.082050   -0.082050 (VIOLATED)
spi_regs_inst/_0765_/I0                 3.000000    3.054840   -0.054840 (VIOLATED)
spi_regs_inst/_1279_/A1                 3.000000    3.054840   -0.054840 (VIOLATED)
spi_regs_inst/_1525_/Q                  3.000000    3.054840   -0.054840 (VIOLATED)
wave_controller_x_inst/_1813_/I         3.000000    3.054840   -0.054840 (VIOLATED)
wave_controller_x_inst/_3167_/A2        3.000000    3.054840   -0.054840 (VIOLATED)
spi_regs_inst/_1180_/A1                 3.000000    3.050912   -0.050912 (VIOLATED)
spi_regs_inst/_0813_/I0                 3.000000    3.050902   -0.050902 (VIOLATED)
spi_regs_inst/_1560_/Q                  3.000000    3.050902   -0.050902 (VIOLATED)
wave_controller_y_inst/_1884_/B2        3.000000    3.050902   -0.050902 (VIOLATED)
wave_controller_y_inst/_1885_/A2        3.000000    3.050902   -0.050902 (VIOLATED)
spi_regs_inst/_1050_/B2                 3.000000    3.050150   -0.050150 (VIOLATED)
wave_controller_x_inst/_1877_/I         3.000000    3.050133   -0.050134 (VIOLATED)
wave_controller_x_inst/_3576_/Q         3.000000    3.050133   -0.050134 (VIOLATED)
spi_regs_inst/_1083_/A1                 3.000000    3.043461   -0.043461 (VIOLATED)
wave_controller_x_inst/_2394_/ZN        3.000000    3.043461   -0.043461 (VIOLATED)
spi_regs_inst/_1181_/ZN                 3.000000    3.010387   -0.010387 (VIOLATED)
spi_regs_inst/_1205_/A1                 3.000000    3.010387   -0.010387 (VIOLATED)
spi_regs_inst/_1089_/B2                 3.000000    3.002422   -0.002422 (VIOLATED)
wave_controller_x_inst/_2442_/ZN        3.000000    3.002422   -0.002422 (VIOLATED)
wave_controller_y_inst/_1772_/I         3.000000    3.002257   -0.002257 (VIOLATED)
wave_controller_y_inst/_2744_/A1        3.000000    3.002257   -0.002257 (VIOLATED)
wave_controller_y_inst/_2760_/A1        3.000000    3.002257   -0.002257 (VIOLATED)
wave_controller_y_inst/_2925_/A1        3.000000    3.002257   -0.002257 (VIOLATED)
wave_controller_y_inst/_3240_/A1        3.000000    3.002257   -0.002257 (VIOLATED)
wave_controller_y_inst/_3450_/A1        3.000000    3.002257   -0.002257 (VIOLATED)
wave_controller_y_inst/_3661_/Q         3.000000    3.002257   -0.002257 (VIOLATED)

max fanout

Pin                                   Limit Fanout  Slack
---------------------------------------------------------
clkbuf_leaf_0_clk_regs/Z                 10     12     -2 (VIOLATED)
clkbuf_leaf_13_clk_regs/Z                10     12     -2 (VIOLATED)
clkbuf_leaf_15_clk_regs/Z                10     12     -2 (VIOLATED)
clkbuf_leaf_17_clk_regs/Z                10     12     -2 (VIOLATED)
clkbuf_leaf_23_clk_regs/Z                10     12     -2 (VIOLATED)
clkbuf_leaf_24_clk_regs/Z                10     12     -2 (VIOLATED)
clkbuf_leaf_45_clk_regs/Z                10     12     -2 (VIOLATED)
clkbuf_leaf_53_clk_regs/Z                10     12     -2 (VIOLATED)
clkbuf_leaf_54_clk_regs/Z                10     12     -2 (VIOLATED)
clkbuf_leaf_46_clk_regs/Z                10     11        (VIOLATED)
clkbuf_leaf_50_clk_regs/Z                10     11        (VIOLATED)
clkbuf_leaf_58_clk_regs/Z                10     11        (VIOLATED)

max capacitance

Pin                                        Limit         Cap       Slack
------------------------------------------------------------------------
clkbuf_0_clk_regs/Z                     0.200000    0.351258   -0.151258 (VIOLATED)
clkbuf_3_6__f_clk_regs/Z                0.200000    0.222973   -0.022973 (VIOLATED)
clkbuf_3_4__f_clk_regs/Z                0.200000    0.215913   -0.015913 (VIOLATED)



===========================================================================
report_parasitic_annotation -report_unannotated
============================================================================
Found 56 unannotated drivers.
 bidir_in[3]
 bidir_in[4]
 bidir_in[5]
 bidir_in[6]
 bidir_in[7]
 bidir_in[8]
 bidir_in[9]
 _83_/Z
 _84_/Z
 _85_/Z
 _86_/Z
 clkload0/Z
 clkload1/Z
 clkload10/ZN
 clkload11/ZN
 clkload12/Z
 clkload13/ZN
 clkload14/ZN
 clkload15/ZN
 clkload16/Z
 clkload17/ZN
 clkload18/Z
 clkload19/Z
 clkload2/Z
 clkload20/ZN
 clkload21/Z
 clkload22/Z
 clkload23/ZN
 clkload24/Z
 clkload25/ZN
 clkload26/ZN
 clkload27/ZN
 clkload28/ZN
 clkload29/ZN
 clkload3/Z
 clkload30/Z
 clkload31/ZN
 clkload32/Z
 clkload33/Z
 clkload34/ZN
 clkload35/Z
 clkload36/Z
 clkload37/Z
 clkload38/Z
 clkload39/ZN
 clkload4/ZN
 clkload40/ZN
 clkload41/ZN
 clkload42/Z
 clkload5/Z
 clkload6/Z
 clkload7/Z
 clkload8/ZN
 clkload9/ZN
 wave_controller_x_inst\/_3681_/Q
 wave_controller_y_inst\/_3681_/Q
Found 0 partially unannotated drivers.

===========================================================================
max slew violation count 131
max fanout violation count 12
max cap violation count 3
============================================================================

===========================================================================
check_setup -verbose -unconstrained_endpoints -multiple_clock -no_clock -no_input_delay -loops -generated_clocks
===========================================================================
Warning: There are 4 unconstrained endpoints.
  analog[0]
  analog[1]
  analog[2]
  analog[3]
