
===========================================================================
 report_power
============================================================================
======================= max_ss_125C_3v00 Corner ===================================

Group                    Internal    Switching      Leakage        Total
                            Power        Power        Power        Power (Watts)
------------------------------------------------------------------------
Sequential           5.600209e-04 6.653755e-06 4.084206e-07 5.670831e-04  47.7%
Combinational        2.094465e-05 2.763062e-05 2.559177e-06 5.113445e-05   4.3%
Clock                2.885297e-04 2.725211e-04 8.704195e-06 5.697550e-04  48.0%
Macro                0.000000e+00 0.000000e+00 0.000000e+00 0.000000e+00   0.0%
Pad                  0.000000e+00 0.000000e+00 0.000000e+00 0.000000e+00   0.0%
------------------------------------------------------------------------
Total                8.694954e-04 3.068054e-04 1.167176e-05 1.187973e-03 100.0%
                            73.2%        25.8%         1.0%

