Clock: clk_PAD
Sources: clk_pad/Y 
Generated: no
Virtual: yes
Propagated: no
Period: 40.000000

===========================================================================
report_clock_properties
============================================================================
Clock                   Period          Waveform
----------------------------------------------------
clk_PAD              40.000000    0.000000 20.000000

===========================================================================
report_clock_latency
============================================================================
Clock clk_PAD
rise -> rise
    min     max
0.000000 0.000000 source latency
1.562747         network latency _10080_/CLK
        1.843620 network latency _10119_/CLK
---------------
1.562747 1.843620 latency
        0.280873 skew

fall -> fall
    min     max
0.000000 0.000000 source latency
1.682269         network latency _10080_/CLK
        2.012552 network latency _09616_/CLK
---------------
1.682269 2.012552 latency
        0.330283 skew



===========================================================================
report_clock_min_period
============================================================================
clk_PAD period_min = 22.00 fmax = 45.44
