Clock: clk
Sources: clk 
Generated: no
Virtual: yes
Propagated: no
Period: 200.000000

===========================================================================
report_clock_properties
============================================================================
Clock                   Period          Waveform
----------------------------------------------------
clk                 200.000000    0.000000100.000000

===========================================================================
report_clock_latency
============================================================================
Clock clk
rise -> rise
    min     max
0.000000 0.000000 source latency
1.946666         network latency _12716_/CLK
        2.102805 network latency _12292_/CLK
---------------
1.946666 2.102805 latency
        0.156139 skew

fall -> fall
    min     max
0.000000 0.000000 source latency
1.861501         network latency _12716_/CLK
        2.030966 network latency _12292_/CLK
---------------
1.861501 2.030966 latency
        0.169464 skew



===========================================================================
report_clock_min_period
============================================================================
clk period_min = 39.53 fmax = 25.30
