
===========================================================================
 report_power
============================================================================
======================= nom_tt_025C_3v30 Corner ===================================

Group                    Internal    Switching      Leakage        Total
                            Power        Power        Power        Power (Watts)
------------------------------------------------------------------------
Sequential           6.481257e-04 8.717089e-06 1.106649e-07 6.569534e-04  48.3%
Combinational        2.792210e-05 3.910570e-05 4.661361e-07 6.749394e-05   5.0%
Clock                2.977062e-04 3.378706e-04 5.194585e-07 6.360963e-04  46.8%
Macro                0.000000e+00 0.000000e+00 0.000000e+00 0.000000e+00   0.0%
Pad                  0.000000e+00 0.000000e+00 0.000000e+00 0.000000e+00   0.0%
------------------------------------------------------------------------
Total                9.737529e-04 3.856934e-04 1.096251e-06 1.360543e-03 100.0%
                            71.6%        28.3%         0.1%

