Reading timing models for corner nom_tt_025C_3v30…
Reading timing library for the 'nom_tt_025C_3v30' corner at '/foss/pdks/gf180mcuD/libs.ref/gf180mcu_fd_sc_mcu7t5v0/lib/gf180mcu_fd_sc_mcu7t5v0__tt_025C_3v30.lib'…
Reading OpenROAD database at '/workspace/librelane/runs/RUN_2026-08-26_23-49-04/42-odb-diodesonports/1-odb-portdiodeplacement/wrapper_top.odb'…
Reading design constraints file at '/usr/local/lib/python3.12/dist-packages/librelane/scripts/base.sdc'…
[INFO] Using clock clk…
[INFO] Setting output delay to: 40
[INFO] Setting input delay to: 40
[INFO] Setting load to: 0.07291
[INFO] Setting clock uncertainty to: 0.25
[INFO] Setting clock transition to: 0.15
[INFO] Setting timing derate to: 5%
+ detailed_placement -max_displacement  800 500 
Placement Analysis
---------------------------------
total displacement         32.5 u
average displacement        0.0 u
max displacement            9.0 u
original HPWL          577135.4 u
legalized HPWL         589165.7 u
delta HPWL                    2 %

[INFO DPL-0020] Mirrored 4271 instances
[INFO DPL-0021] HPWL before          589165.7 u
[INFO DPL-0022] HPWL after           577153.9 u
[INFO DPL-0023] HPWL delta               -2.0 %
Setting global connections for newly added cells…
[INFO] Setting global connections...
[INFO ODB-0403] 28 connections made, 0 conflicts skipped.
Updating metrics…
Cell type report:                       Count       Area
  Endcap cell                             462    2028.36
  Tap cell                               5361   23536.93
  Antenna cell                              7      30.73
  Tie cell                                 93     816.61
  Clock buffer                            111    6190.46
  Timing Repair Buffer                   2651   59283.57
  Inverter                                427    3929.41
  Clock inverter                           20     324.89
  Sequential cell                         566   43065.43
  Multi-Input combinational cell         5670  128987.76
  Total                                 15368  268194.17
Writing OpenROAD database to '/workspace/librelane/runs/RUN_2026-08-26_23-49-04/42-odb-diodesonports/2-openroad-detailedplacement/wrapper_top.odb'…
Writing netlist to '/workspace/librelane/runs/RUN_2026-08-26_23-49-04/42-odb-diodesonports/2-openroad-detailedplacement/wrapper_top.nl.v'…
Writing powered netlist to '/workspace/librelane/runs/RUN_2026-08-26_23-49-04/42-odb-diodesonports/2-openroad-detailedplacement/wrapper_top.pnl.v'…
Writing layout to '/workspace/librelane/runs/RUN_2026-08-26_23-49-04/42-odb-diodesonports/2-openroad-detailedplacement/wrapper_top.def'…
Writing timing constraints to '/workspace/librelane/runs/RUN_2026-08-26_23-49-04/42-odb-diodesonports/2-openroad-detailedplacement/wrapper_top.sdc'…
