
===========================================================================
report_checks -unconstrained
===========================================================================
======================= nom_tt_025C_3v30 Corner ===================================

Startpoint: rst_n (input port clocked by clk)
Endpoint: _216_ (recovery check against rising-edge clock clk)
Path Group: asynchronous
Path Type: max

Fanout         Cap        Slew       Delay        Time   Description
---------------------------------------------------------------------------------------------
                                  0.000000    0.000000   clock clk (rise edge)
                                  0.000000    0.000000   clock network delay (propagated)
                                 40.000000   40.000000 ^ input external delay
     1    0.005798    0.204653    0.080476   40.080479 ^ rst_n (in)
                                                         rst_n (net)
                      0.204653    0.000000   40.080479 ^ input4/I (gf180mcu_fd_sc_mcu7t5v0__buf_1)
     1    0.007822    0.262059    0.347917   40.428394 ^ input4/Z (gf180mcu_fd_sc_mcu7t5v0__buf_1)
                                                         net4 (net)
                      0.262059    0.000366   40.428761 ^ fanout49/I (gf180mcu_fd_sc_mcu7t5v0__dlyb_1)
     1    0.007555    0.292947    1.383430   41.812191 ^ fanout49/Z (gf180mcu_fd_sc_mcu7t5v0__dlyb_1)
                                                         net49 (net)
                      0.292947    0.000373   41.812565 ^ wire51/I (gf180mcu_fd_sc_mcu7t5v0__buf_1)
     4    0.032790    0.828461    0.704684   42.517246 ^ wire51/Z (gf180mcu_fd_sc_mcu7t5v0__buf_1)
                                                         net51 (net)
                      0.828464    0.000895   42.518143 ^ fanout37/I (gf180mcu_fd_sc_mcu7t5v0__dlyb_1)
     3    0.019403    0.545196    1.595517   44.113659 ^ fanout37/Z (gf180mcu_fd_sc_mcu7t5v0__dlyb_1)
                                                         net37 (net)
                      0.545196    0.000384   44.114044 ^ load_slew39/I (gf180mcu_fd_sc_mcu7t5v0__clkbuf_2)
     3    0.024972    0.348811    0.531113   44.645157 ^ load_slew39/Z (gf180mcu_fd_sc_mcu7t5v0__clkbuf_2)
                                                         net39 (net)
                      0.348813    0.001236   44.646393 ^ fanout33/I (gf180mcu_fd_sc_mcu7t5v0__dlyb_1)
     3    0.026767    0.704294    1.663501   46.309895 ^ fanout33/Z (gf180mcu_fd_sc_mcu7t5v0__dlyb_1)
                                                         net33 (net)
                      0.704296    0.000945   46.310841 ^ load_slew36/I (gf180mcu_fd_sc_mcu7t5v0__buf_2)
     3    0.022013    0.311788    0.435570   46.746410 ^ load_slew36/Z (gf180mcu_fd_sc_mcu7t5v0__buf_2)
                                                         net36 (net)
                      0.311790    0.001123   46.747532 ^ wire35/I (gf180mcu_fd_sc_mcu7t5v0__buf_1)
     4    0.031837    0.806664    0.694119   47.441650 ^ wire35/Z (gf180mcu_fd_sc_mcu7t5v0__buf_1)
                                                         net35 (net)
                      0.806664    0.000597   47.442245 ^ load_slew34/I (gf180mcu_fd_sc_mcu7t5v0__clkbuf_2)
     3    0.030679    0.415743    0.609273   48.051521 ^ load_slew34/Z (gf180mcu_fd_sc_mcu7t5v0__clkbuf_2)
                                                         net34 (net)
                      0.415745    0.001286   48.052807 ^ _216_/RN (gf180mcu_fd_sc_mcu7t5v0__dffrnq_1)
                                             48.052807   data arrival time

                                200.000000  200.000000   clock clk (rise edge)
                                  0.000000  200.000000   clock source latency
     1    0.043337    0.298221    0.151559  200.151550 ^ clk (in)
                                                         clk (net)
                      0.298224    0.000000  200.151550 ^ clkbuf_0_clk/I (gf180mcu_fd_sc_mcu7t5v0__clkbuf_16)
     8    0.200996    0.354491    0.506944  200.658493 ^ clkbuf_0_clk/Z (gf180mcu_fd_sc_mcu7t5v0__clkbuf_16)
                                                         clknet_0_clk (net)
                      0.354508    0.003737  200.662231 ^ clkbuf_3_2__f_clk/I (gf180mcu_fd_sc_mcu7t5v0__clkbuf_16)
     6    0.031161    0.135101    0.362661  201.024902 ^ clkbuf_3_2__f_clk/Z (gf180mcu_fd_sc_mcu7t5v0__clkbuf_16)
                                                         clknet_3_2__leaf_clk (net)
                      0.135102    0.000583  201.025482 ^ _216_/CLK (gf180mcu_fd_sc_mcu7t5v0__dffrnq_1)
                                 -0.250000  200.775482   clock uncertainty
                                  0.000000  200.775482   clock reconvergence pessimism
                                  0.345244  201.120712   library recovery time
                                            201.120712   data required time
---------------------------------------------------------------------------------------------
                                            201.120712   data required time
                                            -48.052807   data arrival time
---------------------------------------------------------------------------------------------
                                            153.067902   slack (MET)


Startpoint: soft_rst_n (input port clocked by clk)
Endpoint: _242_ (rising edge-triggered flip-flop clocked by clk)
Path Group: clk
Path Type: max

Fanout         Cap        Slew       Delay        Time   Description
---------------------------------------------------------------------------------------------
                                  0.000000    0.000000   clock clk (rise edge)
                                  0.000000    0.000000   clock network delay (propagated)
                                 40.000000   40.000000 ^ input external delay
     1    0.006252    0.215082    0.086668   40.086670 ^ soft_rst_n (in)
                                                         soft_rst_n (net)
                      0.215082    0.000000   40.086670 ^ input5/I (gf180mcu_fd_sc_mcu7t5v0__buf_1)
     5    0.032357    0.818064    0.682249   40.768917 ^ input5/Z (gf180mcu_fd_sc_mcu7t5v0__buf_1)
                                                         net5 (net)
                      0.818069    0.001180   40.770100 ^ fanout29/I (gf180mcu_fd_sc_mcu7t5v0__dlyb_1)
     2    0.010505    0.352987    1.471214   42.241314 ^ fanout29/Z (gf180mcu_fd_sc_mcu7t5v0__dlyb_1)
                                                         net29 (net)
                      0.352987    0.000455   42.241768 ^ wire32/I (gf180mcu_fd_sc_mcu7t5v0__buf_1)
     4    0.031283    0.793815    0.691117   42.932884 ^ wire32/Z (gf180mcu_fd_sc_mcu7t5v0__buf_1)
                                                         net32 (net)
                      0.793820    0.001151   42.934036 ^ load_slew31/I (gf180mcu_fd_sc_mcu7t5v0__clkbuf_2)
     4    0.032997    0.441133    0.623590   43.557625 ^ load_slew31/Z (gf180mcu_fd_sc_mcu7t5v0__clkbuf_2)
                                                         net31 (net)
                      0.441134    0.001254   43.558880 ^ load_slew30/I (gf180mcu_fd_sc_mcu7t5v0__clkbuf_1)
     3    0.026687    0.678906    0.636646   44.195526 ^ load_slew30/Z (gf180mcu_fd_sc_mcu7t5v0__clkbuf_1)
                                                         net30 (net)
                      0.678911    0.001066   44.196590 ^ _108_/I (gf180mcu_fd_sc_mcu7t5v0__clkinv_1)
     4    0.025678    0.595539    0.524601   44.721191 v _108_/ZN (gf180mcu_fd_sc_mcu7t5v0__clkinv_1)
                                                         _101_ (net)
                      0.595539    0.000512   44.721703 v _142_/A1 (gf180mcu_fd_sc_mcu7t5v0__nor2_1)
     2    0.009696    0.613647    0.522750   45.244453 ^ _142_/ZN (gf180mcu_fd_sc_mcu7t5v0__nor2_1)
                                                         _054_ (net)
                      0.613647    0.000206   45.244659 ^ fanout21/I (gf180mcu_fd_sc_mcu7t5v0__dlyb_1)
     4    0.027274    0.714965    1.694048   46.938705 ^ fanout21/Z (gf180mcu_fd_sc_mcu7t5v0__dlyb_1)
                                                         net21 (net)
                      0.714970    0.001400   46.940105 ^ load_slew23/I (gf180mcu_fd_sc_mcu7t5v0__buf_2)
     3    0.024795    0.342274    0.454939   47.395046 ^ load_slew23/Z (gf180mcu_fd_sc_mcu7t5v0__buf_2)
                                                         net23 (net)
                      0.342277    0.001528   47.396572 ^ _180_/A2 (gf180mcu_fd_sc_mcu7t5v0__nand2_1)
     3    0.021152    0.577939    0.373824   47.770397 v _180_/ZN (gf180mcu_fd_sc_mcu7t5v0__nand2_1)
                                                         _080_ (net)
                      0.577942    0.000753   47.771149 v _191_/A2 (gf180mcu_fd_sc_mcu7t5v0__oai31_1)
     1    0.007405    1.027192    0.797609   48.568760 ^ _191_/ZN (gf180mcu_fd_sc_mcu7t5v0__oai31_1)
                                                         _029_ (net)
                      1.027192    0.000377   48.569138 ^ _242_/D (gf180mcu_fd_sc_mcu7t5v0__dffrnq_1)
                                             48.569138   data arrival time

                                200.000000  200.000000   clock clk (rise edge)
                                  0.000000  200.000000   clock source latency
     1    0.043337    0.298221    0.151559  200.151550 ^ clk (in)
                                                         clk (net)
                      0.298224    0.000000  200.151550 ^ clkbuf_0_clk/I (gf180mcu_fd_sc_mcu7t5v0__clkbuf_16)
     8    0.200996    0.354491    0.506944  200.658493 ^ clkbuf_0_clk/Z (gf180mcu_fd_sc_mcu7t5v0__clkbuf_16)
                                                         clknet_0_clk (net)
                      0.354508    0.003752  200.662247 ^ clkbuf_3_0__f_clk/I (gf180mcu_fd_sc_mcu7t5v0__clkbuf_16)
     6    0.036406    0.141994    0.368644  201.030899 ^ clkbuf_3_0__f_clk/Z (gf180mcu_fd_sc_mcu7t5v0__clkbuf_16)
                                                         clknet_3_0__leaf_clk (net)
                      0.141999    0.001336  201.032227 ^ _242_/CLK (gf180mcu_fd_sc_mcu7t5v0__dffrnq_1)
                                 -0.250000  200.782227   clock uncertainty
                                  0.000000  200.782227   clock reconvergence pessimism
                                 -0.588393  200.193848   library setup time
                                            200.193848   data required time
---------------------------------------------------------------------------------------------
                                            200.193848   data required time
                                            -48.569138   data arrival time
---------------------------------------------------------------------------------------------
                                            151.624710   slack (MET)




===========================================================================
report_checks --slack_max -0.01
============================================================================
======================= nom_tt_025C_3v30 Corner ===================================

No paths found.


===========================================================================
 report_check_types -max_slew -max_cap -max_fanout -violators
============================================================================
======================= nom_tt_025C_3v30 Corner ===================================

max capacitance

Pin                                        Limit         Cap       Slack
------------------------------------------------------------------------
clkbuf_0_clk/Z                          0.200000    0.200996   -0.000996 (VIOLATED)



===========================================================================
report_parasitic_annotation -report_unannotated
============================================================================
Found 7 unannotated drivers.
 clkload0/Z
 clkload1/Z
 clkload2/Z
 clkload3/Z
 clkload4/Z
 clkload5/Z
 clkload6/Z
Found 0 partially unannotated drivers.

===========================================================================
max slew violation count 0
Writing metric design__max_slew_violation__count__corner:nom_tt_025C_3v30: 0
max fanout violation count 0
Writing metric design__max_fanout_violation__count__corner:nom_tt_025C_3v30: 0
max cap violation count 1
Writing metric design__max_cap_violation__count__corner:nom_tt_025C_3v30: 1
============================================================================

===========================================================================
check_setup -verbose -unconstrained_endpoints -multiple_clock -no_clock -no_input_delay -loops -generated_clocks
===========================================================================
