Clock: clk
Sources: clk 
Generated: no
Virtual: yes
Propagated: no
Period: 200.000000

===========================================================================
report_clock_properties
============================================================================
Clock                   Period          Waveform
----------------------------------------------------
clk                 200.000000    0.000000100.000000

===========================================================================
report_clock_latency
============================================================================
Clock clk
rise -> rise
    min     max
0.000000 0.000000 source latency
1.024881         network latency _225_/CLK
        1.036356 network latency _229_/CLK
---------------
1.024881 1.036356 latency
        0.011476 skew

fall -> fall
    min     max
0.000000 0.000000 source latency
0.957193         network latency _225_/CLK
        0.969010 network latency _229_/CLK
---------------
0.957193 0.969010 latency
        0.011816 skew



===========================================================================
report_clock_min_period
============================================================================
clk period_min = 8.47 fmax = 118.07
