Clock: clk
Sources: clk 
Generated: no
Virtual: yes
Propagated: no
Period: 200.000000

===========================================================================
report_clock_properties
============================================================================
Clock                   Period          Waveform
----------------------------------------------------
clk                 200.000000    0.000000100.000000

===========================================================================
report_clock_latency
============================================================================
Clock clk
rise -> rise
    min     max
0.000000 0.000000 source latency
2.115672         network latency _12732_/CLK
        2.354290 network latency _12250_/CLK
---------------
2.115672 2.354290 latency
        0.238618 skew

fall -> fall
    min     max
0.000000 0.000000 source latency
1.981817         network latency _12732_/CLK
        2.239538 network latency _12250_/CLK
---------------
1.981817 2.239538 latency
        0.257721 skew



===========================================================================
report_clock_min_period
============================================================================
clk period_min = 38.90 fmax = 25.70
