[WARNING ORD-0039] .openroad ignored with -python
Unannotated report:
['report_parasitic_annotation -report_unannotated\n',
 '============================================================================\n',
 'Found 62 unannotated drivers.\n',
 ' dir_x_IN\n',
 ' dir_y_IN\n',
 ' mems_drv_x_IN\n',
 ' mems_drv_y_IN\n',
 ' move_en_x_IN\n',
 ' move_en_y_IN\n',
 ' read_en_IN\n',
 ' ref_wave_x_IN\n',
 ' ref_wave_y_IN\n',
 ' spi_miso_IN\n',
 ' clkload0/Z\n',
 ' clkload1/Z\n',
 ' clkload10/Z\n',
 ' clkload11/Z\n',
 ' clkload12/Z\n',
 ' clkload13/Z\n',
 ' clkload14/Z\n',
 ' clkload15/ZN\n',
 ' clkload16/Z\n',
 ' clkload17/ZN\n',
 ' clkload18/Z\n',
 ' clkload19/ZN\n',
 ' clkload2/Z\n',
 ' clkload20/ZN\n',
 ' clkload21/ZN\n',
 ' clkload22/ZN\n',
 ' clkload23/ZN\n',
 ' clkload24/ZN\n',
 ' clkload25/ZN\n',
 ' clkload26/ZN\n',
 ' clkload27/Z\n',
 ' clkload28/Z\n',
 ' clkload29/Z\n',
 ' clkload3/Z\n',
 ' clkload30/Z\n',
 ' clkload31/ZN\n',
 ' clkload32/Z\n',
 ' clkload33/ZN\n',
 ' clkload34/Z\n',
 ' clkload35/Z\n',
 ' clkload36/ZN\n',
 ' clkload37/Z\n',
 ' clkload38/Z\n',
 ' clkload39/Z\n',
 ' clkload4/Z\n',
 ' clkload40/Z\n',
 ' clkload41/Z\n',
 ' clkload42/Z\n',
 ' clkload43/ZN\n',
 ' clkload44/Z\n',
 ' clkload45/Z\n',
 ' clkload46/ZN\n',
 ' clkload47/Z\n',
 ' clkload48/Z\n',
 ' clkload49/Z\n',
 ' clkload5/Z\n',
 ' clkload50/Z\n',
 ' clkload51/ZN\n',
 ' clkload6/Z\n',
 ' clkload7/Z\n',
 ' clkload8/Z\n',
 ' clkload9/Z\n',
 'Found 0 partially unannotated drivers.\n',
 '\n']
Reported nets:
['dir_x_IN',
 'dir_y_IN',
 'mems_drv_x_IN',
 'mems_drv_y_IN',
 'move_en_x_IN',
 'move_en_y_IN',
 'read_en_IN',
 'ref_wave_x_IN',
 'ref_wave_y_IN',
 'spi_miso_IN',
 'clkload0/Z',
 'clkload1/Z',
 'clkload10/Z',
 'clkload11/Z',
 'clkload12/Z',
 'clkload13/Z',
 'clkload14/Z',
 'clkload15/ZN',
 'clkload16/Z',
 'clkload17/ZN',
 'clkload18/Z',
 'clkload19/ZN',
 'clkload2/Z',
 'clkload20/ZN',
 'clkload21/ZN',
 'clkload22/ZN',
 'clkload23/ZN',
 'clkload24/ZN',
 'clkload25/ZN',
 'clkload26/ZN',
 'clkload27/Z',
 'clkload28/Z',
 'clkload29/Z',
 'clkload3/Z',
 'clkload30/Z',
 'clkload31/ZN',
 'clkload32/Z',
 'clkload33/ZN',
 'clkload34/Z',
 'clkload35/Z',
 'clkload36/ZN',
 'clkload37/Z',
 'clkload38/Z',
 'clkload39/Z',
 'clkload4/Z',
 'clkload40/Z',
 'clkload41/Z',
 'clkload42/Z',
 'clkload43/ZN',
 'clkload44/Z',
 'clkload45/Z',
 'clkload46/ZN',
 'clkload47/Z',
 'clkload48/Z',
 'clkload49/Z',
 'clkload5/Z',
 'clkload50/Z',
 'clkload51/ZN',
 'clkload6/Z',
 'clkload7/Z',
 'clkload8/Z',
 'clkload9/Z']
Filtered nets:
[]
done
