Clock: clk
Sources: clk 
Generated: no
Virtual: no
Propagated: no
Period: 200.000000

===========================================================================
report_clock_properties
============================================================================
Clock                   Period          Waveform
----------------------------------------------------
clk                 200.000000    0.000000100.000000

===========================================================================
report_clock_latency
============================================================================
Clock clk
rise -> rise
    min     max
0.000000 0.000000 source latency
11.632935         network latency bidir_out_gf180mcu_fd_sc_mcu7t5v0__dffq_1_Q/CLK
        11.632935 network latency bidir_out_gf180mcu_fd_sc_mcu7t5v0__dffq_1_Q/CLK
---------------
11.632935 11.632935 latency
        0.000000 skew

fall -> fall
    min     max
0.000000 0.000000 source latency
6.102866         network latency bidir_out_gf180mcu_fd_sc_mcu7t5v0__dffq_1_Q/CLK
        6.102866 network latency bidir_out_gf180mcu_fd_sc_mcu7t5v0__dffq_1_Q/CLK
---------------
6.102866 6.102866 latency
        0.000000 skew



===========================================================================
report_clock_min_period
============================================================================
clk period_min = 38.45 fmax = 26.01
