
===========================================================================
report_checks -unconstrained
===========================================================================
======================= min_ff_n40C_3v60 Corner ===================================

Startpoint: rst_n (input port clocked by clk)
Endpoint: _11553_ (recovery check against rising-edge clock clk)
Path Group: asynchronous
Path Type: max

Fanout         Cap        Slew       Delay        Time   Description
---------------------------------------------------------------------------------------------
                                  0.000000    0.000000   clock clk (rise edge)
                                  0.000000    0.000000   clock network delay (propagated)
                                 40.000000   40.000000 ^ input external delay
     2    0.007254    0.142895    0.063025   40.063026 ^ rst_n (in)
                                                         rst_n (net)
                      0.142895    0.000000   40.063026 ^ input1/I (gf180mcu_fd_sc_mcu7t5v0__buf_3)
     3    0.066110    0.344560    0.343697   40.406723 ^ input1/Z (gf180mcu_fd_sc_mcu7t5v0__buf_3)
                                                         net1 (net)
                      0.344669    0.003286   40.410007 ^ load_slew2255/I (gf180mcu_fd_sc_mcu7t5v0__buf_4)
     3    0.091407    0.348057    0.331042   40.741051 ^ load_slew2255/Z (gf180mcu_fd_sc_mcu7t5v0__buf_4)
                                                         net2255 (net)
                      0.349270    0.011752   40.752804 ^ fanout2115/I (gf180mcu_fd_sc_mcu7t5v0__dlyb_1)
     6    0.106968    1.546768    1.602071   42.354874 ^ fanout2115/Z (gf180mcu_fd_sc_mcu7t5v0__dlyb_1)
                                                         net2115 (net)
                      1.546768    0.001222   42.356098 ^ fanout2026/I (gf180mcu_fd_sc_mcu7t5v0__dlyb_1)
     2    0.020395    0.340699    0.853756   43.209854 ^ fanout2026/Z (gf180mcu_fd_sc_mcu7t5v0__dlyb_1)
                                                         net2026 (net)
                      0.340699    0.000821   43.210674 ^ wire2028/I (gf180mcu_fd_sc_mcu7t5v0__buf_2)
     2    0.032326    0.259455    0.291561   43.502235 ^ wire2028/Z (gf180mcu_fd_sc_mcu7t5v0__buf_2)
                                                         net2028 (net)
                      0.259475    0.001290   43.503525 ^ wire2027/I (gf180mcu_fd_sc_mcu7t5v0__buf_2)
     3    0.030468    0.246200    0.275765   43.779289 ^ wire2027/Z (gf180mcu_fd_sc_mcu7t5v0__buf_2)
                                                         net2027 (net)
                      0.246203    0.000394   43.779682 ^ fanout1998/I (gf180mcu_fd_sc_mcu7t5v0__dlyb_1)
     2    0.011350    0.220644    0.803851   44.583534 ^ fanout1998/Z (gf180mcu_fd_sc_mcu7t5v0__dlyb_1)
                                                         net1998 (net)
                      0.220644    0.000146   44.583679 ^ fanout1996/I (gf180mcu_fd_sc_mcu7t5v0__dlyb_1)
     4    0.032042    0.497932    0.975032   45.558712 ^ fanout1996/Z (gf180mcu_fd_sc_mcu7t5v0__dlyb_1)
                                                         net1996 (net)
                      0.497932    0.000458   45.559170 ^ fanout1990/I (gf180mcu_fd_sc_mcu7t5v0__dlyb_1)
     4    0.031944    0.497040    0.987054   46.546223 ^ fanout1990/Z (gf180mcu_fd_sc_mcu7t5v0__dlyb_1)
                                                         net1990 (net)
                      0.497040    0.000359   46.546581 ^ load_slew1993/I (gf180mcu_fd_sc_mcu7t5v0__buf_2)
     3    0.023120    0.197169    0.265324   46.811905 ^ load_slew1993/Z (gf180mcu_fd_sc_mcu7t5v0__buf_2)
                                                         net1993 (net)
                      0.197170    0.000657   46.812565 ^ load_slew1991/I (gf180mcu_fd_sc_mcu7t5v0__clkbuf_2)
     3    0.030904    0.250024    0.315328   47.127892 ^ load_slew1991/Z (gf180mcu_fd_sc_mcu7t5v0__clkbuf_2)
                                                         net1991 (net)
                      0.250030    0.000700   47.128593 ^ _11553_/RN (gf180mcu_fd_sc_mcu7t5v0__dffrnq_1)
                                             47.128593   data arrival time

                                200.000000  200.000000   clock clk (rise edge)
                                  0.000000  200.000000   clock source latency
     4    0.135345    0.498798    0.296353  200.296341 ^ clk (in)
                                                         clk (net)
                      0.501523    0.000000  200.296341 ^ clkbuf_regs_0_clk/I (gf180mcu_fd_sc_mcu7t5v0__clkbuf_16)
     1    0.022743    0.082883    0.255071  200.551422 ^ clkbuf_regs_0_clk/Z (gf180mcu_fd_sc_mcu7t5v0__clkbuf_16)
                                                         clk_regs (net)
                      0.082883    0.000227  200.551651 ^ clkbuf_0_clk_regs/I (gf180mcu_fd_sc_mcu7t5v0__clkbuf_16)
     8    0.229705    0.235139    0.290839  200.842484 ^ clkbuf_0_clk_regs/Z (gf180mcu_fd_sc_mcu7t5v0__clkbuf_16)
                                                         clknet_0_clk_regs (net)
                      0.235857    0.007532  200.850021 ^ clkbuf_3_0_0_clk_regs/I (gf180mcu_fd_sc_mcu7t5v0__clkbuf_8)
     8    0.148281    0.292347    0.354660  201.204681 ^ clkbuf_3_0_0_clk_regs/Z (gf180mcu_fd_sc_mcu7t5v0__clkbuf_8)
                                                         clknet_3_0_0_clk_regs (net)
                      0.292497    0.003325  201.208008 ^ clkbuf_leaf_1_clk_regs/I (gf180mcu_fd_sc_mcu7t5v0__clkbuf_8)
    12    0.063327    0.154959    0.277566  201.485565 ^ clkbuf_leaf_1_clk_regs/Z (gf180mcu_fd_sc_mcu7t5v0__clkbuf_8)
                                                         clknet_leaf_1_clk_regs (net)
                      0.154960    0.000739  201.486313 ^ _11553_/CLK (gf180mcu_fd_sc_mcu7t5v0__dffrnq_1)
                                 -0.250000  201.236313   clock uncertainty
                                  0.000000  201.236313   clock reconvergence pessimism
                                  0.202380  201.438690   library recovery time
                                            201.438690   data required time
---------------------------------------------------------------------------------------------
                                            201.438690   data required time
                                            -47.128593   data arrival time
---------------------------------------------------------------------------------------------
                                            154.310089   slack (MET)


Startpoint: _11563_ (rising edge-triggered flip-flop clocked by clk)
Endpoint: move_en_x (output port clocked by clk)
Path Group: clk
Path Type: max

Fanout         Cap        Slew       Delay        Time   Description
---------------------------------------------------------------------------------------------
                                  0.000000    0.000000   clock clk (rise edge)
                                  0.000000    0.000000   clock source latency
     4    0.135345    0.498798    0.296358    0.296358 ^ clk (in)
                                                         clk (net)
                      0.501523    0.000000    0.296358 ^ clkbuf_regs_0_clk/I (gf180mcu_fd_sc_mcu7t5v0__clkbuf_16)
     1    0.022743    0.082883    0.255069    0.551427 ^ clkbuf_regs_0_clk/Z (gf180mcu_fd_sc_mcu7t5v0__clkbuf_16)
                                                         clk_regs (net)
                      0.082883    0.000228    0.551655 ^ clkbuf_0_clk_regs/I (gf180mcu_fd_sc_mcu7t5v0__clkbuf_16)
     8    0.229705    0.235139    0.290842    0.842498 ^ clkbuf_0_clk_regs/Z (gf180mcu_fd_sc_mcu7t5v0__clkbuf_16)
                                                         clknet_0_clk_regs (net)
                      0.235857    0.007523    0.850021 ^ clkbuf_3_0_0_clk_regs/I (gf180mcu_fd_sc_mcu7t5v0__clkbuf_8)
     8    0.148281    0.292347    0.354663    1.204684 ^ clkbuf_3_0_0_clk_regs/Z (gf180mcu_fd_sc_mcu7t5v0__clkbuf_8)
                                                         clknet_3_0_0_clk_regs (net)
                      0.292512    0.003515    1.208198 ^ clkbuf_leaf_2_clk_regs/I (gf180mcu_fd_sc_mcu7t5v0__clkbuf_8)
    10    0.067147    0.160755    0.281694    1.489893 ^ clkbuf_leaf_2_clk_regs/Z (gf180mcu_fd_sc_mcu7t5v0__clkbuf_8)
                                                         clknet_leaf_2_clk_regs (net)
                      0.160775    0.000978    1.490870 ^ _11563_/CLK (gf180mcu_fd_sc_mcu7t5v0__dffrnq_2)
     2    0.048865    0.394323    0.931019    2.421889 ^ _11563_/Q (gf180mcu_fd_sc_mcu7t5v0__dffrnq_2)
                                                         net12 (net)
                      0.394425    0.003692    2.425582 ^ wire1983/I (gf180mcu_fd_sc_mcu7t5v0__buf_4)
     1    0.038518    0.168433    0.230925    2.656507 ^ wire1983/Z (gf180mcu_fd_sc_mcu7t5v0__buf_4)
                                                         net1983 (net)
                      0.168449    0.002486    2.658993 ^ output12/I (gf180mcu_fd_sc_mcu7t5v0__buf_2)
     1    0.074508    0.554392    0.448544    3.107537 ^ output12/Z (gf180mcu_fd_sc_mcu7t5v0__buf_2)
                                                         move_en_x (net)
                      0.554403    0.001390    3.108926 ^ move_en_x (out)
                                              3.108926   data arrival time

                                200.000000  200.000000   clock clk (rise edge)
                                  0.000000  200.000000   clock network delay (propagated)
                                 -0.250000  199.750000   clock uncertainty
                                  0.000000  199.750000   clock reconvergence pessimism
                                -40.000000  159.749985   output external delay
                                            159.749985   data required time
---------------------------------------------------------------------------------------------
                                            159.749985   data required time
                                             -3.108926   data arrival time
---------------------------------------------------------------------------------------------
                                            156.641068   slack (MET)




===========================================================================
report_checks --slack_max -0.01
============================================================================
======================= min_ff_n40C_3v60 Corner ===================================

No paths found.


===========================================================================
 report_check_types -max_slew -max_cap -max_fanout -violators
============================================================================
======================= min_ff_n40C_3v60 Corner ===================================

max fanout

Pin                                   Limit Fanout  Slack
---------------------------------------------------------
clkbuf_leaf_51_clk_regs/Z                10     14     -4 (VIOLATED)
clkbuf_leaf_23_clk_regs/Z                10     13     -3 (VIOLATED)
clkbuf_leaf_4_clk_regs/Z                 10     13     -3 (VIOLATED)
clkbuf_leaf_56_clk_regs/Z                10     13     -3 (VIOLATED)
clkbuf_leaf_5_clk_regs/Z                 10     13     -3 (VIOLATED)
clkbuf_leaf_6_clk_regs/Z                 10     13     -3 (VIOLATED)
clkbuf_leaf_8_clk_regs/Z                 10     13     -3 (VIOLATED)
clkbuf_leaf_0_clk_regs/Z                 10     12     -2 (VIOLATED)
clkbuf_leaf_10_clk_regs/Z                10     12     -2 (VIOLATED)
clkbuf_leaf_1_clk_regs/Z                 10     12     -2 (VIOLATED)
clkbuf_leaf_27_clk_regs/Z                10     12     -2 (VIOLATED)
clkbuf_leaf_29_clk_regs/Z                10     12     -2 (VIOLATED)
clkbuf_leaf_32_clk_regs/Z                10     12     -2 (VIOLATED)
clkbuf_leaf_33_clk_regs/Z                10     12     -2 (VIOLATED)
clkbuf_leaf_34_clk_regs/Z                10     12     -2 (VIOLATED)
clkbuf_leaf_41_clk_regs/Z                10     12     -2 (VIOLATED)
clkbuf_leaf_44_clk_regs/Z                10     12     -2 (VIOLATED)
clkbuf_leaf_49_clk_regs/Z                10     12     -2 (VIOLATED)
clkbuf_leaf_52_clk_regs/Z                10     12     -2 (VIOLATED)
clkbuf_leaf_9_clk_regs/Z                 10     12     -2 (VIOLATED)
clkbuf_leaf_24_clk_regs/Z                10     11        (VIOLATED)

max capacitance

Pin                                        Limit         Cap       Slack
------------------------------------------------------------------------
clkbuf_0_clk_regs/Z                     0.200000    0.229705   -0.029705 (VIOLATED)



===========================================================================
report_parasitic_annotation -report_unannotated
============================================================================
Found 47 unannotated drivers.
 clkload0/Z
 clkload1/Z
 clkload10/Z
 clkload11/Z
 clkload12/Z
 clkload13/Z
 clkload14/ZN
 clkload15/ZN
 clkload16/ZN
 clkload17/ZN
 clkload18/ZN
 clkload19/ZN
 clkload2/Z
 clkload20/ZN
 clkload21/ZN
 clkload22/ZN
 clkload23/ZN
 clkload24/ZN
 clkload25/Z
 clkload26/ZN
 clkload27/ZN
 clkload28/Z
 clkload29/ZN
 clkload3/Z
 clkload30/ZN
 clkload31/ZN
 clkload32/Z
 clkload33/ZN
 clkload34/ZN
 clkload35/ZN
 clkload36/ZN
 clkload37/Z
 clkload38/ZN
 clkload39/ZN
 clkload4/Z
 clkload40/ZN
 clkload41/ZN
 clkload42/Z
 clkload43/Z
 clkload44/ZN
 clkload45/ZN
 clkload46/ZN
 clkload5/Z
 clkload6/Z
 clkload7/ZN
 clkload8/ZN
 clkload9/Z
Found 0 partially unannotated drivers.

===========================================================================
max slew violation count 0
max fanout violation count 21
max cap violation count 1
============================================================================

===========================================================================
check_setup -verbose -unconstrained_endpoints -multiple_clock -no_clock -no_input_delay -loops -generated_clocks
===========================================================================
Warning: There are 3 unconstrained endpoints.
  analog_error_x_output
  analog_error_y_output
  analog_readout_output
