Clock: clk
Sources: clk 
Generated: no
Virtual: yes
Propagated: no
Period: 200.000000

===========================================================================
report_clock_properties
============================================================================
Clock                   Period          Waveform
----------------------------------------------------
clk                 200.000000    0.000000100.000000

===========================================================================
report_clock_latency
============================================================================
Clock clk
rise -> rise
    min     max
0.000000 0.000000 source latency
1.469157         network latency _11722_/CLK
        1.565011 network latency _11752_/CLK
---------------
1.469157 1.565011 latency
        0.095854 skew

fall -> fall
    min     max
0.000000 0.000000 source latency
1.382155         network latency _11722_/CLK
        1.484644 network latency _11752_/CLK
---------------
1.382155 1.484644 latency
        0.102489 skew



===========================================================================
report_clock_min_period
============================================================================
clk period_min = 17.03 fmax = 58.71
