┏━━━━━━━━━━━━━━━━━━━━━━┳━━━━━━━━━━┳━━━━━━━━━━┳━━━━━━━━━━┳━━━━━━━━━━┳━━━━━━━━━━━┳━━━━━━━━━━┳━━━━━━━━━━━┳━━━━━━━━━━┳━━━━━━━━━━━┳━━━━━━━━━━┳━━━━━━━━━━━┳━━━━━━━━━━┓
┃                      ┃ Hold     ┃ Reg to   ┃          ┃          ┃ of which  ┃ Setup    ┃           ┃          ┃           ┃ of which ┃           ┃          ┃
┃                      ┃ Worst    ┃ Reg      ┃          ┃ Hold Vio ┃ reg to    ┃ Worst    ┃ Reg to    ┃ Setup    ┃ Setup Vio ┃ reg to   ┃ Max Cap   ┃ Max Slew ┃
┃ Corner/Group         ┃ Slack    ┃ Paths    ┃ Hold TNS ┃ Count    ┃ reg       ┃ Slack    ┃ Reg Paths ┃ TNS      ┃ Count     ┃ reg      ┃ Violatio… ┃ Violati… ┃
┡━━━━━━━━━━━━━━━━━━━━━━╇━━━━━━━━━━╇━━━━━━━━━━╇━━━━━━━━━━╇━━━━━━━━━━╇━━━━━━━━━━━╇━━━━━━━━━━╇━━━━━━━━━━━╇━━━━━━━━━━╇━━━━━━━━━━━╇━━━━━━━━━━╇━━━━━━━━━━━╇━━━━━━━━━━┩
│ Overall              │ 0.0734   │ 0.0734   │ 0.0000   │ 0        │ 0         │ 45.6850  │ 176.9656  │ 0.0000   │ 0         │ 0        │ 11        │ 1671     │
│ nom_tt_025C_5v00     │ 0.2835   │ 0.2835   │ 0.0000   │ 0        │ 0         │ 94.9348  │ 187.3953  │ 0.0000   │ 0         │ 0        │ 9         │ 1212     │
│ nom_ss_125C_4v50     │ 0.7795   │ 0.7795   │ 0.0000   │ 0        │ 0         │ 45.6850  │ 176.9656  │ 0.0000   │ 0         │ 0        │ 11        │ 1671     │
│ nom_ff_n40C_5v50     │ 0.0734   │ 0.0734   │ 0.0000   │ 0        │ 0         │ 114.8108 │ 191.9328  │ 0.0000   │ 0         │ 0        │ 9         │ 971      │
└──────────────────────┴──────────┴──────────┴──────────┴──────────┴───────────┴──────────┴───────────┴──────────┴───────────┴──────────┴───────────┴──────────┘
