Reading timing models for corner max_ss_125C_3v00…
Reading timing library for the 'max_ss_125C_3v00' corner at '/foss/pdks/gf180mcuD/libs.ref/gf180mcu_fd_sc_mcu7t5v0/lib/gf180mcu_fd_sc_mcu7t5v0__ss_125C_3v00.lib'…
Reading timing models for corner min_ff_n40C_3v60…
Reading timing library for the 'min_ff_n40C_3v60' corner at '/foss/pdks/gf180mcuD/libs.ref/gf180mcu_fd_sc_mcu7t5v0/lib/gf180mcu_fd_sc_mcu7t5v0__ff_n40C_3v60.lib'…
Reading timing models for corner nom_tt_025C_3v30…
Reading timing library for the 'nom_tt_025C_3v30' corner at '/foss/pdks/gf180mcuD/libs.ref/gf180mcu_fd_sc_mcu7t5v0/lib/gf180mcu_fd_sc_mcu7t5v0__tt_025C_3v30.lib'…
Reading OpenROAD database at '/workspace/librelane/runs/RUN_2026-08-10_01-25-13/34-openroad-detailedplacement/digital_domain.odb'…
Reading design constraints file at '/usr/local/lib/python3.12/dist-packages/librelane/scripts/base.sdc'…
[INFO] Using clock clk…
[INFO] Setting output delay to: 40
[INFO] Setting input delay to: 40
[INFO] Setting load to: 0.07291
[INFO] Setting clock uncertainty to: 0.25
[INFO] Setting clock transition to: 0.15
[INFO] Setting timing derate to: 5%
[INFO] Configuring cts characterization…
+ configure_cts_characterization 
[INFO] Performing clock tree synthesis…
[INFO] Looking for the following net(s): clk
[INFO] Running Clock Tree Synthesis…
+ clock_tree_synthesis -buf_list gf180mcu_fd_sc_mcu7t5v0__clkbuf_2 gf180mcu_fd_sc_mcu7t5v0__clkbuf_4 gf180mcu_fd_sc_mcu7t5v0__clkbuf_8 -root_buf gf180mcu_fd_sc_mcu7t5v0__clkbuf_16 -sink_clustering_enable -apply_ndr half
[INFO CTS-0050] Root buffer is gf180mcu_fd_sc_mcu7t5v0__clkbuf_16.
[INFO CTS-0051] Sink buffer is gf180mcu_fd_sc_mcu7t5v0__clkbuf_8.
[INFO CTS-0052] The following clock buffers will be used for CTS:
                    gf180mcu_fd_sc_mcu7t5v0__clkbuf_2
                    gf180mcu_fd_sc_mcu7t5v0__clkbuf_4
                    gf180mcu_fd_sc_mcu7t5v0__clkbuf_8
[INFO CTS-0049] Characterization buffer is gf180mcu_fd_sc_mcu7t5v0__clkbuf_8.
[INFO CTS-0007] Net "clk" found for clock "clk".
[INFO CTS-0010]  Clock net "clk" has 556 sinks.
[INFO CTS-0008] TritonCTS found 1 clock nets.
[INFO CTS-0097] Characterization used 3 buffer(s) types.
[INFO CTS-0201] 0 blockages from hard placement blockages and placed macros will be used.
[INFO CTS-0027] Generating H-Tree topology for net clk.
[INFO CTS-0028]  Total number of sinks: 556.
[INFO CTS-0090]  Sinks will be clustered based on buffer max cap.
[INFO CTS-0030]  Number of static layers: 0.
[INFO CTS-0020]  Wire segment unit: 39200  dbu (19 um).
[INFO CTS-0206] Best clustering solution was found from clustering size of 10 and clustering diameter of 50.
[INFO CTS-0019]  Total number of sinks after clustering: 60.
[INFO CTS-0024]  Normalized sink region: [(4.55077, 1.71667), (33.1826, 27.9364)].
[INFO CTS-0025]     Width:  28.6318.
[INFO CTS-0026]     Height: 26.2197.
 Level 1
    Direction: Horizontal
    Sinks per sub-region: 30
    Sub-region size: 14.3159 X 26.2197
[INFO CTS-0034]     Segment length (rounded): 8.
 Level 2
    Direction: Vertical
    Sinks per sub-region: 15
    Sub-region size: 14.3159 X 13.1098
[INFO CTS-0034]     Segment length (rounded): 6.
 Level 3
    Direction: Horizontal
    Sinks per sub-region: 8
    Sub-region size: 7.1580 X 13.1098
[INFO CTS-0034]     Segment length (rounded): 4.
[INFO CTS-0032]  Stop criterion found. Max number of sinks is 10.
[INFO CTS-0035]  Number of sinks covered: 60.
[INFO CTS-0018]     Created 69 clock buffers.
[INFO CTS-0012]     Minimum number of buffers in the clock path: 3.
[INFO CTS-0013]     Maximum number of buffers in the clock path: 3.
[INFO CTS-0015]     Created 69 clock nets.
[INFO CTS-0016]     Fanout distribution for the current clock = 6:2, 7:10, 8:18, 9:15, 10:8, 11:6, 12:8, 13:1..
[INFO CTS-0017]     Max level of the clock tree: 3.
[INFO CTS-0098] Clock net "clk"
[INFO CTS-0099]  Sinks 605
[INFO CTS-0100]  Leaf buffers 60
[INFO CTS-0101]  Average sink wire length 709.19 um
[INFO CTS-0102]  Path depth 2 - 3
[INFO CTS-0207]  Dummy loads inserted 49
[INFO] Repairing long wires on clock nets…
[INFO RSZ-0058] Using max wire length 334316um.
Setting global connections for newly added cells…
[INFO] Setting global connections...
[INFO ODB-0403] 472 connections made, 0 conflicts skipped.
Updating metrics…
Cell type report:                       Count       Area
  Endcap cell                             334    1466.39
  Tap cell                               2790   12249.22
  Buffer                                    4      52.68
  Clock buffer                             90    5255.31
  Timing Repair Buffer                   1571   31250.87
  Inverter                                416    3916.24
  Clock inverter                           28     469.77
  Sequential cell                         556   42762.50
  Multi-Input combinational cell         4177  101062.62
  Total                                  9966  198485.59
Writing OpenROAD database to '/workspace/librelane/runs/RUN_2026-08-10_01-25-13/35-openroad-cts/digital_domain.odb'…
Writing netlist to '/workspace/librelane/runs/RUN_2026-08-10_01-25-13/35-openroad-cts/digital_domain.nl.v'…
Writing powered netlist to '/workspace/librelane/runs/RUN_2026-08-10_01-25-13/35-openroad-cts/digital_domain.pnl.v'…
Writing layout to '/workspace/librelane/runs/RUN_2026-08-10_01-25-13/35-openroad-cts/digital_domain.def'…
Writing timing constraints to '/workspace/librelane/runs/RUN_2026-08-10_01-25-13/35-openroad-cts/digital_domain.sdc'…
[INFO] Legalizing…
+ detailed_placement -max_displacement  500 100 
Placement Analysis
---------------------------------
total displacement       3171.0 u
average displacement        0.3 u
max displacement           20.2 u
original HPWL          326695.6 u
legalized HPWL         336286.1 u
delta HPWL                    3 %

[INFO DPL-0020] Mirrored 2832 instances
[INFO DPL-0021] HPWL before          336286.1 u
[INFO DPL-0022] HPWL after           328971.8 u
[INFO DPL-0023] HPWL delta               -2.2 %
Setting global connections for newly added cells…
[INFO] Setting global connections...
[INFO ODB-0403] 0 connections made, 0 conflicts skipped.
Updating metrics…
Cell type report:                       Count       Area
  Endcap cell                             334    1466.39
  Tap cell                               2790   12249.22
  Buffer                                    4      52.68
  Clock buffer                             90    5255.31
  Timing Repair Buffer                   1571   31250.87
  Inverter                                416    3916.24
  Clock inverter                           28     469.77
  Sequential cell                         556   42762.50
  Multi-Input combinational cell         4177  101062.62
  Total                                  9966  198485.59
Writing OpenROAD database to '/workspace/librelane/runs/RUN_2026-08-10_01-25-13/35-openroad-cts/digital_domain.odb'…
Writing netlist to '/workspace/librelane/runs/RUN_2026-08-10_01-25-13/35-openroad-cts/digital_domain.nl.v'…
Writing powered netlist to '/workspace/librelane/runs/RUN_2026-08-10_01-25-13/35-openroad-cts/digital_domain.pnl.v'…
Writing layout to '/workspace/librelane/runs/RUN_2026-08-10_01-25-13/35-openroad-cts/digital_domain.def'…
Writing timing constraints to '/workspace/librelane/runs/RUN_2026-08-10_01-25-13/35-openroad-cts/digital_domain.sdc'…
%OL_CREATE_REPORT cts.rpt
Total number of Clock Roots: 1.
Total number of Buffers Inserted: 69.
Total number of Clock Subnets: 69.
Total number of Sinks: 556.
Cells used:
  gf180mcu_fd_sc_mcu7t5v0__clkbuf_8: 60
  gf180mcu_fd_sc_mcu7t5v0__clkbuf_16: 9
Dummys used:
  gf180mcu_fd_sc_mcu7t5v0__clkbuf_2: 9
  gf180mcu_fd_sc_mcu7t5v0__clkbuf_8: 12
  gf180mcu_fd_sc_mcu7t5v0__clkinv_2: 9
  gf180mcu_fd_sc_mcu7t5v0__inv_2: 1
  gf180mcu_fd_sc_mcu7t5v0__inv_3: 13
  gf180mcu_fd_sc_mcu7t5v0__inv_4: 5
%OL_END_REPORT
