
===========================================================================
report_checks -unconstrained
===========================================================================
======================= max_ff_n40C_5v50 Corner ===================================

Startpoint: rst_n (input port clocked by clk)
Endpoint: signal_processor_y_inst/_248_
          (recovery check against rising-edge clock clk)
Path Group: asynchronous
Path Type: max

Fanout         Cap        Slew       Delay        Time   Description
---------------------------------------------------------------------------------------------
                                  0.000000    0.000000   clock clk (rise edge)
                                  0.000000    0.000000   clock network delay (propagated)
                                 40.000000   40.000000 ^ input external delay
     1    0.004112    0.074775    0.027701   40.027702 ^ rst_n (in)
                                                         rst_n (net)
                      0.074775    0.000000   40.027702 ^ input5/I (gf180mcu_fd_sc_mcu7t5v0__buf_1)
     1    0.011478    0.155889    0.177618   40.205318 ^ input5/Z (gf180mcu_fd_sc_mcu7t5v0__buf_1)
                                                         net5 (net)
                      0.155889    0.000362   40.205681 ^ fanout627/I (gf180mcu_fd_sc_mcu7t5v0__dlyb_1)
     3    0.070807    0.784902    0.940130   41.145813 ^ fanout627/Z (gf180mcu_fd_sc_mcu7t5v0__dlyb_1)
                                                         net627 (net)
                      0.785071    0.006494   41.152306 ^ fanout570/I (gf180mcu_fd_sc_mcu7t5v0__dlyb_1)
     5    0.085070    0.932728    1.024404   42.176708 ^ fanout570/Z (gf180mcu_fd_sc_mcu7t5v0__dlyb_1)
                                                         net570 (net)
                      0.932835    0.005663   42.182373 ^ fanout547/I (gf180mcu_fd_sc_mcu7t5v0__dlyb_1)
     9    0.101050    1.106766    1.117765   43.300137 ^ fanout547/Z (gf180mcu_fd_sc_mcu7t5v0__dlyb_1)
                                                         net547 (net)
                      1.106766    0.000988   43.301125 ^ fanout546/I (gf180mcu_fd_sc_mcu7t5v0__dlyb_1)
     5    0.050763    0.572923    0.794863   44.095989 ^ fanout546/Z (gf180mcu_fd_sc_mcu7t5v0__dlyb_1)
                                                         net546 (net)
                      0.572929    0.001098   44.097088 ^ fanout544/I (gf180mcu_fd_sc_mcu7t5v0__dlyb_1)
    10    0.095752    1.050711    1.104731   45.201817 ^ fanout544/Z (gf180mcu_fd_sc_mcu7t5v0__dlyb_1)
                                                         net544 (net)
                      1.050711    0.001027   45.202843 ^ signal_processor_y_inst/fanout543/I (gf180mcu_fd_sc_mcu7t5v0__dlyb_1)
    10    0.091807    1.009701    1.055501   46.258343 ^ signal_processor_y_inst/fanout543/Z (gf180mcu_fd_sc_mcu7t5v0__dlyb_1)
                                                         signal_processor_y_inst/net543 (net)
                      1.009723    0.002700   46.261044 ^ signal_processor_y_inst/_248_/RN (gf180mcu_fd_sc_mcu7t5v0__dffrnq_1)
                                             46.261044   data arrival time

                                200.000000  200.000000   clock clk (rise edge)
                                  0.000000  200.000000   clock source latency
     1    0.088132    0.252323    0.150550  200.150543 ^ clk (in)
                                                         clk (net)
                      0.254801    0.000000  200.150543 ^ clkbuf_0_clk/I (gf180mcu_fd_sc_mcu7t5v0__clkbuf_16)
     8    0.357034    0.257000    0.309910  200.460449 ^ clkbuf_0_clk/Z (gf180mcu_fd_sc_mcu7t5v0__clkbuf_16)
                                                         clknet_0_clk (net)
                      0.260473    0.017309  200.477768 ^ clkbuf_3_0__f_clk/I (gf180mcu_fd_sc_mcu7t5v0__clkbuf_16)
     7    0.137606    0.125985    0.233328  200.711090 ^ clkbuf_3_0__f_clk/Z (gf180mcu_fd_sc_mcu7t5v0__clkbuf_16)
                                                         clknet_3_0__leaf_clk (net)
                      0.125988    0.001151  200.712234 ^ clkbuf_leaf_0_clk/I (gf180mcu_fd_sc_mcu7t5v0__clkbuf_8)
    13    0.069721    0.124246    0.202505  200.914749 ^ clkbuf_leaf_0_clk/Z (gf180mcu_fd_sc_mcu7t5v0__clkbuf_8)
                                                         clknet_leaf_0_clk (net)
                      0.124246    0.000099  200.914841 ^ signal_processor_y_inst/_248_/CLK (gf180mcu_fd_sc_mcu7t5v0__dffrnq_1)
                                 -0.250000  200.664856   clock uncertainty
                                  0.000000  200.664856   clock reconvergence pessimism
                                 -0.121462  200.543396   library recovery time
                                            200.543396   data required time
---------------------------------------------------------------------------------------------
                                            200.543396   data required time
                                            -46.261044   data arrival time
---------------------------------------------------------------------------------------------
                                            154.282333   slack (MET)


Startpoint: analog[0] (input port clocked by clk)
Endpoint: analog[2] (output port clocked by clk)
Path Group: clk
Path Type: max

Fanout         Cap        Slew       Delay        Time   Description
---------------------------------------------------------------------------------------------
                                  0.000000    0.000000   clock clk (rise edge)
                                  0.000000    0.000000   clock network delay (propagated)
                                 40.000000   40.000000 ^ input external delay
     2    0.081730    0.901013    0.522370   40.522369 ^ analog[0] (inout)
                                                         analog[0] (net)
                      0.901013    0.000000   40.522369 ^ analog_block_inst/analog_readout_inst/_0_/A1 (gf180mcu_fd_sc_mcu7t5v0__and2_1)
     4    0.120283    1.317590    0.975966   41.498337 ^ analog_block_inst/analog_readout_inst/_0_/Z (gf180mcu_fd_sc_mcu7t5v0__and2_1)
                                                         analog[1] (net)
                      1.317590    0.000657   41.498993 ^ analog_block_inst/analog_wave_mixer_x_inst/_0_/A2 (gf180mcu_fd_sc_mcu7t5v0__and2_1)
     3    0.090040    0.997865    0.751552   42.250546 ^ analog_block_inst/analog_wave_mixer_x_inst/_0_/Z (gf180mcu_fd_sc_mcu7t5v0__and2_1)
                                                         analog[2] (net)
                      0.997870    0.001279   42.251823 ^ analog[2] (inout)
                                             42.251823   data arrival time

                                200.000000  200.000000   clock clk (rise edge)
                                  0.000000  200.000000   clock network delay (propagated)
                                 -0.250000  199.750000   clock uncertainty
                                  0.000000  199.750000   clock reconvergence pessimism
                                -40.000000  159.749985   output external delay
                                            159.749985   data required time
---------------------------------------------------------------------------------------------
                                            159.749985   data required time
                                            -42.251823   data arrival time
---------------------------------------------------------------------------------------------
                                            117.498161   slack (MET)




===========================================================================
report_checks --slack_max -0.01
============================================================================
======================= max_ff_n40C_5v50 Corner ===================================

No paths found.


===========================================================================
 report_check_types -max_slew -max_cap -max_fanout -violators
============================================================================
======================= max_ff_n40C_5v50 Corner ===================================

max fanout

Pin                                   Limit Fanout  Slack
---------------------------------------------------------
clkbuf_leaf_17_clk/Z                     10     14     -4 (VIOLATED)
clkbuf_leaf_36_clk/Z                     10     14     -4 (VIOLATED)
clkbuf_leaf_0_clk/Z                      10     13     -3 (VIOLATED)
clkbuf_leaf_12_clk/Z                     10     13     -3 (VIOLATED)
clkbuf_leaf_13_clk/Z                     10     13     -3 (VIOLATED)
clkbuf_leaf_14_clk/Z                     10     13     -3 (VIOLATED)
clkbuf_leaf_1_clk/Z                      10     13     -3 (VIOLATED)
clkbuf_leaf_28_clk/Z                     10     13     -3 (VIOLATED)
clkbuf_leaf_37_clk/Z                     10     13     -3 (VIOLATED)
clkbuf_leaf_3_clk/Z                      10     13     -3 (VIOLATED)
clkbuf_leaf_4_clk/Z                      10     13     -3 (VIOLATED)
clkbuf_leaf_5_clk/Z                      10     13     -3 (VIOLATED)
clkbuf_leaf_6_clk/Z                      10     13     -3 (VIOLATED)
clkbuf_leaf_7_clk/Z                      10     13     -3 (VIOLATED)
clkbuf_leaf_8_clk/Z                      10     13     -3 (VIOLATED)
clkbuf_leaf_15_clk/Z                     10     12     -2 (VIOLATED)
clkbuf_leaf_16_clk/Z                     10     12     -2 (VIOLATED)
clkbuf_leaf_20_clk/Z                     10     12     -2 (VIOLATED)
clkbuf_leaf_2_clk/Z                      10     12     -2 (VIOLATED)
clkbuf_leaf_34_clk/Z                     10     12     -2 (VIOLATED)
clkbuf_leaf_38_clk/Z                     10     12     -2 (VIOLATED)
clkbuf_leaf_46_clk/Z                     10     12     -2 (VIOLATED)
clkbuf_leaf_50_clk/Z                     10     12     -2 (VIOLATED)
clkbuf_leaf_9_clk/Z                      10     11        (VIOLATED)

max capacitance

Pin                                        Limit         Cap       Slack
------------------------------------------------------------------------
clkbuf_0_clk/Z                          0.200000    0.357034   -0.157034 (VIOLATED)



===========================================================================
report_parasitic_annotation -report_unannotated
============================================================================
Found 50 unannotated drivers.
 bidir_in[3]
 bidir_in[4]
 bidir_in[5]
 bidir_in[6]
 bidir_in[7]
 bidir_in[8]
 bidir_in[9]
 _83_/Z
 _84_/Z
 _85_/Z
 _86_/Z
 clkload0/Z
 clkload1/Z
 clkload10/ZN
 clkload11/ZN
 clkload12/ZN
 clkload13/ZN
 clkload14/ZN
 clkload15/Z
 clkload16/ZN
 clkload17/ZN
 clkload18/ZN
 clkload19/ZN
 clkload2/Z
 clkload20/ZN
 clkload21/ZN
 clkload22/Z
 clkload23/ZN
 clkload24/Z
 clkload25/ZN
 clkload26/ZN
 clkload27/ZN
 clkload28/ZN
 clkload29/ZN
 clkload3/Z
 clkload30/ZN
 clkload31/ZN
 clkload32/ZN
 clkload33/ZN
 clkload34/ZN
 clkload35/ZN
 clkload36/ZN
 clkload4/ZN
 clkload5/ZN
 clkload6/ZN
 clkload7/Z
 clkload8/Z
 clkload9/Z
 wave_controller_x_inst\/_3725_/Q
 wave_controller_y_inst\/_3725_/Q
Found 0 partially unannotated drivers.

===========================================================================
max slew violation count 0
max fanout violation count 24
max cap violation count 1
============================================================================

===========================================================================
check_setup -verbose -unconstrained_endpoints -multiple_clock -no_clock -no_input_delay -loops -generated_clocks
===========================================================================
Warning: There is 1 unconstrained endpoint.
  analog[0]
