Reading timing models for corner nom_tt_025C_5v00…
Reading timing library for the 'nom_tt_025C_5v00' corner at '/workspace/gf180mcu/gf180mcuD/libs.ref/gf180mcu_fd_sc_mcu7t5v0/lib/gf180mcu_fd_sc_mcu7t5v0__tt_025C_5v00.lib'…
Reading timing library for the 'nom_tt_025C_5v00' corner at '/workspace/gf180mcu/gf180mcuD/libs.ref/gf180mcu_fd_io/lib/gf180mcu_fd_io__tt_025C_5v00.lib'…
Reading timing library for the 'nom_tt_025C_5v00' corner at '/workspace/gf180mcu/gf180mcuD/libs.ref/gf180mcu_fd_io/lib/gf180mcu_ws_io__tt_025C_5v00.lib'…
Reading OpenROAD database at '/workspace/librelane/runs/RUN_2026-08-09_19-31-35/23-odb-addroutingobstructions/chip_core.odb'…
[WARNING ORD-2001] LEF macro gf180mcu_ef_io__bi_t pin ANA missing from liberty cell.
Reading design constraints file at '/usr/local/lib/python3.12/dist-packages/librelane/scripts/base.sdc'…
[INFO] Using clock clk…
[INFO] Setting output delay to: 40
[INFO] Setting input delay to: 40
[INFO] Setting load to: 0.07291
[INFO] Setting clock uncertainty to: 0.25
[INFO] Setting clock transition to: 0.15
[INFO] Setting timing derate to: 5%
+ global_placement -density 0.55 -skip_io -pad_right 0 -pad_left 0 -init_wirelength_coef 0.25
[INFO GPL-0001] ---- Initialize GPL Main Data Structures
[INFO GPL-0002] DBU: 2000
[INFO GPL-0003] SiteSize: (  0.560  3.920 ) um
[INFO GPL-0004] CoreBBox: (  6.720 15.680 ) ( 665.280 674.240 ) um
[INFO GPL-0036] Movable instances area:     130254.387 um^2
[INFO GPL-0037] Total instances area:       140523.533 um^2
[INFO GPL-0035] Pin density area adjust:     15578.962 um^2
[INFO GPL-0032] ---- Initialize Region: Top-level
[INFO GPL-0006] Number of instances:              7678
[INFO GPL-0007] Movable instances:                5286
[INFO GPL-0008] Fixed instances:                  2339
[INFO GPL-0009] Dummy instances:                    53
[INFO GPL-0010] Number of nets:                   5302
[INFO GPL-0011] Number of pins:                  19020
[INFO GPL-0012] Die BBox:  (  0.000  0.000 ) ( 672.365 690.285 ) um
[INFO GPL-0013] Core BBox: (  6.720 15.680 ) ( 665.280 674.240 ) um
[INFO GPL-0016] Core area:                  433701.274 um^2
[INFO GPL-0014] Region name: top-level.
[INFO GPL-0015] Region area:                433701.274 um^2
[INFO GPL-0017] Fixed instances area:        82287.072 um^2
[INFO GPL-0018] Movable instances area:     145833.349 um^2
[INFO GPL-0019] Utilization:                    41.499 %
[INFO GPL-0020] Standard cells area:        145833.349 um^2
[INFO GPL-0021] Large instances area:            0.000 um^2
[INFO GPL-0005] ---- Execute Conjugate Gradient Initial Placement.
[INFO GPL-0051] Source of initial instance position counters:
	Odb location = 0	Core center = 5286	Region center = 0
[INFO GPL-0033] ---- Initialize Nesterov Region: Top-level
[INFO GPL-0023] Placement target density:       0.5500
[INFO GPL-0024] Movable insts average area:     27.589 um^2
[INFO GPL-0025] Ideal bin area:                 50.161 um^2
[INFO GPL-0026] Ideal bin count:                  8646
[INFO GPL-0027] Total bin area:             433701.274 um^2
[INFO GPL-0028] Bin count (X, Y):          64 ,     64
[INFO GPL-0029] Bin size (W * H):      10.290 * 10.290 um
[INFO GPL-0030] Number of bins:                   4096
[INFO GPL-0007] ---- Execute Nesterov Global Placement.
[INFO GPL-0031] HPWL: Half-Perimeter Wirelength
Iteration | Overflow |     HPWL (um) |  HPWL(%) |   Penalty | Group
---------------------------------------------------------------
        0 |   0.9984 |  2.196734e+04 |   +0.00% |  1.91e-16 |      
       10 |   0.9959 |  1.627233e+04 |  -25.92% |  3.11e-16 |      
       20 |   0.9955 |  1.612003e+04 |   -0.94% |  5.07e-16 |      
       30 |   0.9954 |  1.611846e+04 |   -0.01% |  8.26e-16 |      
       40 |   0.9953 |  1.611533e+04 |   -0.02% |  1.35e-15 |      
       50 |   0.9953 |  1.611675e+04 |   +0.01% |  2.19e-15 |      
       60 |   0.9953 |  1.611800e+04 |   +0.01% |  3.57e-15 |      
       70 |   0.9954 |  1.612395e+04 |   +0.04% |  5.81e-15 |      
       80 |   0.9953 |  1.614357e+04 |   +0.12% |  9.47e-15 |      
       90 |   0.9952 |  1.618433e+04 |   +0.25% |  1.54e-14 |      
      100 |   0.9951 |  1.627027e+04 |   +0.53% |  2.51e-14 |      
      110 |   0.9943 |  1.646913e+04 |   +1.22% |  4.09e-14 |      
      120 |   0.9917 |  1.700650e+04 |   +3.26% |  6.66e-14 |      
      130 |   0.9878 |  1.856563e+04 |   +9.17% |  1.09e-13 |      
      140 |   0.9837 |  2.220611e+04 |  +19.61% |  1.77e-13 |      
      150 |   0.9751 |  2.956736e+04 |  +33.15% |  2.87e-13 |      
      160 |   0.9598 |  4.049128e+04 |  +36.95% |  4.67e-13 |      
      170 |   0.9440 |  4.955857e+04 |  +22.39% |  7.59e-13 |      
      180 |   0.9331 |  5.651319e+04 |  +14.03% |  1.23e-12 |      
      190 |   0.9105 |  6.644572e+04 |  +17.58% |  2.01e-12 |      
      200 |   0.8826 |  7.738503e+04 |  +16.46% |  3.26e-12 |      
      210 |   0.8593 |  8.844382e+04 |  +14.29% |  5.30e-12 |      
      220 |   0.8279 |  1.025915e+05 |  +16.00% |  8.60e-12 |      
      230 |   0.7881 |  1.163299e+05 |  +13.39% |  1.40e-11 |      
      240 |   0.7512 |  1.288267e+05 |  +10.74% |  2.27e-11 |      
      250 |   0.7101 |  1.434207e+05 |  +11.33% |  3.69e-11 |      
      260 |   0.6664 |  1.571172e+05 |   +9.55% |  5.99e-11 |      
      270 |   0.6230 |  1.701384e+05 |   +8.29% |  9.72e-11 |      
      280 |   0.5764 |  1.827535e+05 |   +7.41% |  1.58e-10 |      
      290 |   0.5196 |  1.962949e+05 |   +7.41% |  2.56e-10 |      
      300 |   0.4600 |  2.049264e+05 |   +4.40% |  4.17e-10 |      
      310 |   0.4007 |  2.126315e+05 |   +3.76% |  6.78e-10 |      
      320 |   0.3600 |  2.183296e+05 |   +2.68% |  1.10e-09 |      
      330 |   0.3263 |  2.208291e+05 |   +1.14% |  1.67e-09 |      
      340 |   0.2924 |  2.229569e+05 |   +0.96% |  2.46e-09 |      
      350 |   0.2598 |  2.253234e+05 |   +1.06% |  3.63e-09 |      
      360 |   0.2324 |  2.265387e+05 |   +0.54% |  5.35e-09 |      
      370 |   0.2039 |  2.275370e+05 |   +0.44% |  7.87e-09 |      
      380 |   0.1834 |  2.285725e+05 |   +0.46% |  1.16e-08 |      
      390 |   0.1601 |  2.294987e+05 |   +0.41% |  1.71e-08 |      
      400 |   0.1409 |  2.304085e+05 |   +0.40% |  2.52e-08 |      
      410 |   0.1242 |  2.311044e+05 |   +0.30% |  3.71e-08 |      
      420 |   0.1084 |  2.316533e+05 |   +0.24% |  5.46e-08 |      
      426 |   0.0984 |  2.319812e+05 |          |  7.16e-08 |      
---------------------------------------------------------------
[INFO GPL-1001] Global placement finished at iteration 426
[INFO GPL-1002] Placed Cell Area            145833.3490
[INFO GPL-1003] Available Free Area         351414.2016
[INFO GPL-1004] Minimum Feasible Density        0.4200 (cell_area / free_area)
[INFO GPL-1006]   Suggested Target Densities:
[INFO GPL-1007]     - For 90% usage of free space: 0.4611
[INFO GPL-1008]     - For 80% usage of free space: 0.5187
[INFO GPL-1009]     - For 50% usage of free space: 0.8300
[INFO GPL-1014] Final placement area: 145833.35 (+0.00%)
Setting global connections for newly added cells…
[INFO] Setting global connections...
[INFO ODB-0403] 0 connections made, 0 conflicts skipped.
Updating metrics…
Cell type report:                       Count       Area
  Endcap cell                             336    1475.17
  Tap cell                               2339   10269.15
  Tie cell                                 61     535.63
  Buffer                                   16     210.74
  Inverter                                446    3916.24
  Sequential cell                         561   41851.49
  Multi-Input combinational cell         4202   83740.29
  Total                                  7961  141998.71
Writing OpenROAD database to '/workspace/librelane/runs/RUN_2026-08-09_19-31-35/24-openroad-globalplacementskipio/chip_core.odb'…
Writing netlist to '/workspace/librelane/runs/RUN_2026-08-09_19-31-35/24-openroad-globalplacementskipio/chip_core.nl.v'…
Writing powered netlist to '/workspace/librelane/runs/RUN_2026-08-09_19-31-35/24-openroad-globalplacementskipio/chip_core.pnl.v'…
Writing layout to '/workspace/librelane/runs/RUN_2026-08-09_19-31-35/24-openroad-globalplacementskipio/chip_core.def'…
Writing timing constraints to '/workspace/librelane/runs/RUN_2026-08-09_19-31-35/24-openroad-globalplacementskipio/chip_core.sdc'…
