Clock: clk
Sources: clk 
Generated: no
Virtual: yes
Propagated: no
Period: 200.000000

===========================================================================
report_clock_properties
============================================================================
Clock                   Period          Waveform
----------------------------------------------------
clk                 200.000000    0.000000100.000000

===========================================================================
report_clock_latency
============================================================================
Clock clk
rise -> rise
    min     max
0.000000 0.000000 source latency
1.417091         network latency spi_regs_inst/_1462_/CLK
        1.485381 network latency spi_regs_inst/_1569_/CLK
---------------
1.417091 1.485381 latency
        0.068290 skew

fall -> fall
    min     max
0.000000 0.000000 source latency
1.348525         network latency spi_regs_inst/_1462_/CLK
        1.425136 network latency spi_regs_inst/_1569_/CLK
---------------
1.348525 1.425136 latency
        0.076611 skew



===========================================================================
report_clock_min_period
============================================================================
clk period_min = 21.11 fmax = 47.37
