
===========================================================================
report_checks -unconstrained
===========================================================================
======================= nom_ss_125C_4v50 Corner ===================================

Startpoint: rst_n (input port clocked by clk)
Endpoint: _09465_ (recovery check against rising-edge clock clk)
Path Group: asynchronous
Path Type: max

Fanout         Cap        Slew       Delay        Time   Description
---------------------------------------------------------------------------------------------
                                  0.000000    0.000000   clock clk (rise edge)
                                  0.000000    0.000000   clock network delay (propagated)
                                 40.000000   40.000000 ^ input external delay
     1    0.003502    0.183992    0.056545   40.056545 ^ rst_n (in)
                                                         rst_n (net)
                      0.183992    0.000000   40.056545 ^ input5/I (gf180mcu_fd_sc_mcu7t5v0__dlyb_1)
     2    0.052450    1.524384    2.442633   42.499180 ^ input5/Z (gf180mcu_fd_sc_mcu7t5v0__dlyb_1)
                                                         net5 (net)
                      1.524400    0.002785   42.501965 ^ fanout639/I (gf180mcu_fd_sc_mcu7t5v0__dlyb_1)
     5    0.094091    2.646458    3.170293   45.672256 ^ fanout639/Z (gf180mcu_fd_sc_mcu7t5v0__dlyb_1)
                                                         net639 (net)
                      2.646475    0.003819   45.676075 ^ fanout638/I (gf180mcu_fd_sc_mcu7t5v0__dlyb_1)
     6    0.090019    2.536625    3.075670   48.751747 ^ fanout638/Z (gf180mcu_fd_sc_mcu7t5v0__dlyb_1)
                                                         net638 (net)
                      2.536683    0.006811   48.758556 ^ fanout632/I (gf180mcu_fd_sc_mcu7t5v0__dlyb_1)
     6    0.071595    2.039416    2.795645   51.554199 ^ fanout632/Z (gf180mcu_fd_sc_mcu7t5v0__dlyb_1)
                                                         net632 (net)
                      2.039416    0.001151   51.555351 ^ fanout629/I (gf180mcu_fd_sc_mcu7t5v0__dlyb_1)
     8    0.080435    2.276593    2.947591   54.502941 ^ fanout629/Z (gf180mcu_fd_sc_mcu7t5v0__dlyb_1)
                                                         net629 (net)
                      2.276593    0.000881   54.503822 ^ fanout628/I (gf180mcu_fd_sc_mcu7t5v0__dlyb_1)
     7    0.067208    1.920549    2.735813   57.239635 ^ fanout628/Z (gf180mcu_fd_sc_mcu7t5v0__dlyb_1)
                                                         net628 (net)
                      1.920549    0.001560   57.241196 ^ fanout627/I (gf180mcu_fd_sc_mcu7t5v0__dlyb_1)
    10    0.090877    2.559306    3.116043   60.357239 ^ fanout627/Z (gf180mcu_fd_sc_mcu7t5v0__dlyb_1)
                                                         net627 (net)
                      2.559306    0.002409   60.359650 ^ _09465_/RN (gf180mcu_fd_sc_mcu7t5v0__dffrnq_1)
                                             60.359650   data arrival time

                                200.000000  200.000000   clock clk (rise edge)
                                  0.000000  200.000000   clock source latency
     1    0.087034    0.645526    0.350838  200.350830 ^ clk (in)
                                                         clk (net)
                      0.646381    0.000000  200.350830 ^ clkbuf_0_clk/I (gf180mcu_fd_sc_mcu7t5v0__clkbuf_16)
     8    0.324330    0.631741    0.825352  201.176178 ^ clkbuf_0_clk/Z (gf180mcu_fd_sc_mcu7t5v0__clkbuf_16)
                                                         clknet_0_clk (net)
                      0.631835    0.008541  201.184723 ^ clkbuf_3_6__f_clk/I (gf180mcu_fd_sc_mcu7t5v0__clkbuf_16)
     8    0.190517    0.423804    0.692751  201.877472 ^ clkbuf_3_6__f_clk/Z (gf180mcu_fd_sc_mcu7t5v0__clkbuf_16)
                                                         clknet_3_6__leaf_clk (net)
                      0.423814    0.003240  201.880722 ^ clkbuf_leaf_34_clk/I (gf180mcu_fd_sc_mcu7t5v0__clkbuf_8)
    12    0.064413    0.321123    0.572427  202.453140 ^ clkbuf_leaf_34_clk/Z (gf180mcu_fd_sc_mcu7t5v0__clkbuf_8)
                                                         clknet_leaf_34_clk (net)
                      0.321123    0.000341  202.453491 ^ _09465_/CLK (gf180mcu_fd_sc_mcu7t5v0__dffrnq_1)
                                 -0.250000  202.203491   clock uncertainty
                                  0.000000  202.203491   clock reconvergence pessimism
                                 -0.079451  202.124039   library recovery time
                                            202.124039   data required time
---------------------------------------------------------------------------------------------
                                            202.124039   data required time
                                            -60.359650   data arrival time
---------------------------------------------------------------------------------------------
                                            141.764389   slack (MET)


Startpoint: analog[0] (input port clocked by clk)
Endpoint: analog[3] (output port clocked by clk)
Path Group: clk
Path Type: max

Fanout         Cap        Slew       Delay        Time   Description
---------------------------------------------------------------------------------------------
                                  0.000000    0.000000   clock clk (rise edge)
                                  0.000000    0.000000   clock network delay (propagated)
                                 40.000000   40.000000 ^ input external delay
     2    0.081329    2.291834    1.270475   41.270477 ^ analog[0] (inout)
                                                         analog[0] (net)
                      2.291834    0.000000   41.270477 ^ analog_readout_inst/_0_/A1 (gf180mcu_fd_sc_mcu7t5v0__and2_1)
     4    0.103500    2.912757    2.306422   43.576897 ^ analog_readout_inst/_0_/Z (gf180mcu_fd_sc_mcu7t5v0__and2_1)
                                                         analog[1] (net)
                      2.912757    0.000529   43.577427 ^ analog_wave_mixer_y_inst/_0_/A2 (gf180mcu_fd_sc_mcu7t5v0__and2_1)
     3    0.082254    2.338908    1.881812   45.459240 ^ analog_wave_mixer_y_inst/_0_/Z (gf180mcu_fd_sc_mcu7t5v0__and2_1)
                                                         analog[3] (net)
                      2.338908    0.001236   45.460476 ^ analog[3] (inout)
                                             45.460476   data arrival time

                                200.000000  200.000000   clock clk (rise edge)
                                  0.000000  200.000000   clock network delay (propagated)
                                 -0.250000  199.750000   clock uncertainty
                                  0.000000  199.750000   clock reconvergence pessimism
                                -40.000000  159.749985   output external delay
                                            159.749985   data required time
---------------------------------------------------------------------------------------------
                                            159.749985   data required time
                                            -45.460476   data arrival time
---------------------------------------------------------------------------------------------
                                            114.289513   slack (MET)




===========================================================================
report_checks --slack_max -0.01
============================================================================
======================= nom_ss_125C_4v50 Corner ===================================

No paths found.


===========================================================================
 report_check_types -max_slew -max_cap -max_fanout -violators
============================================================================
======================= nom_ss_125C_4v50 Corner ===================================

max slew

Pin                                        Limit        Slew       Slack
------------------------------------------------------------------------
_07944_/A2                              3.000000    4.801005   -1.801006 (VIOLATED)
_07953_/A2                              3.000000    4.800987   -1.800987 (VIOLATED)
_07960_/A2                              3.000000    4.800968   -1.800968 (VIOLATED)
_07963_/A2                              3.000000    4.800957   -1.800957 (VIOLATED)
_07996_/A2                              3.000000    4.800935   -1.800935 (VIOLATED)
_07993_/A2                              3.000000    4.800933   -1.800933 (VIOLATED)
_08003_/A2                              3.000000    4.800930   -1.800930 (VIOLATED)
_07972_/A2                              3.000000    4.800909   -1.800909 (VIOLATED)
_07978_/A2                              3.000000    4.800909   -1.800909 (VIOLATED)
_07981_/A2                              3.000000    4.800909   -1.800909 (VIOLATED)
fanout34/Z                              3.000000    4.800909   -1.800909 (VIOLATED)
_09092_/ZN                              3.000000    4.555552   -1.555552 (VIOLATED)
_09094_/A1                              3.000000    4.555552   -1.555552 (VIOLATED)
_09126_/A1                              3.000000    4.555552   -1.555552 (VIOLATED)
_09169_/A1                              3.000000    4.555552   -1.555552 (VIOLATED)
wire360/I                               3.000000    4.555552   -1.555552 (VIOLATED)
_09274_/S                               3.000000    4.238978   -1.238979 (VIOLATED)
_09275_/S                               3.000000    4.238974   -1.238974 (VIOLATED)
_09276_/S                               3.000000    4.238955   -1.238955 (VIOLATED)
_09277_/A2                              3.000000    4.238939   -1.238939 (VIOLATED)
_09278_/A2                              3.000000    4.238931   -1.238931 (VIOLATED)
_09280_/A2                              3.000000    4.238914   -1.238914 (VIOLATED)
_09281_/A2                              3.000000    4.238914   -1.238915 (VIOLATED)
_09279_/S                               3.000000    4.238813   -1.238813 (VIOLATED)
_09282_/S                               3.000000    4.238813   -1.238813 (VIOLATED)
_09283_/A2                              3.000000    4.238813   -1.238813 (VIOLATED)
fanout172/Z                             3.000000    4.238813   -1.238813 (VIOLATED)
_06014_/ZN                              3.000000    4.198347   -1.198347 (VIOLATED)
_06043_/B1                              3.000000    4.198347   -1.198347 (VIOLATED)
_06819_/A3                              3.000000    4.198347   -1.198347 (VIOLATED)
_07050_/A2                              3.000000    4.198347   -1.198347 (VIOLATED)
_07123_/A2                              3.000000    4.198347   -1.198347 (VIOLATED)
_07303_/B1                              3.000000    4.198347   -1.198347 (VIOLATED)
load_slew223/I                          3.000000    4.198347   -1.198347 (VIOLATED)
_09261_/S                               3.000000    4.120939   -1.120939 (VIOLATED)
_09260_/S                               3.000000    4.120936   -1.120936 (VIOLATED)
_09256_/S                               3.000000    4.120925   -1.120926 (VIOLATED)
_09262_/S                               3.000000    4.120923   -1.120923 (VIOLATED)
_09255_/ZN                              3.000000    4.120908   -1.120908 (VIOLATED)
max_cap300/I                            3.000000    4.120908   -1.120908 (VIOLATED)
_08779_/A2                              3.000000    4.000400   -1.000400 (VIOLATED)
_08775_/A2                              3.000000    4.000398   -1.000398 (VIOLATED)
_08777_/A2                              3.000000    4.000398   -1.000398 (VIOLATED)
_08781_/A2                              3.000000    4.000380   -1.000380 (VIOLATED)
_08793_/A2                              3.000000    4.000343   -1.000343 (VIOLATED)
_08797_/A2                              3.000000    4.000318   -1.000318 (VIOLATED)
_08801_/A2                              3.000000    4.000314   -1.000314 (VIOLATED)
_08805_/A2                              3.000000    4.000314   -1.000314 (VIOLATED)
_08807_/A2                              3.000000    4.000314   -1.000314 (VIOLATED)
_08572_/A1                              3.000000    4.000299   -1.000299 (VIOLATED)
fanout73/Z                              3.000000    4.000299   -1.000299 (VIOLATED)
_05973_/ZN                              3.000000    3.727073   -0.727073 (VIOLATED)
_06043_/A2                              3.000000    3.727073   -0.727073 (VIOLATED)
_07245_/B1                              3.000000    3.727073   -0.727073 (VIOLATED)
_07309_/A2                              3.000000    3.727073   -0.727073 (VIOLATED)
_07370_/C2                              3.000000    3.727073   -0.727073 (VIOLATED)
max_cap250/I                            3.000000    3.727073   -0.727073 (VIOLATED)
_07457_/A2                              3.000000    3.709256   -0.709256 (VIOLATED)
_07458_/A2                              3.000000    3.709255   -0.709255 (VIOLATED)
_07474_/S                               3.000000    3.709250   -0.709250 (VIOLATED)
_07473_/S                               3.000000    3.709248   -0.709248 (VIOLATED)
_07471_/S                               3.000000    3.709246   -0.709246 (VIOLATED)
_07472_/S                               3.000000    3.709246   -0.709246 (VIOLATED)
_07475_/S                               3.000000    3.709229   -0.709229 (VIOLATED)
_07476_/S                               3.000000    3.709229   -0.709229 (VIOLATED)
_07477_/S                               3.000000    3.709229   -0.709229 (VIOLATED)
_07478_/S                               3.000000    3.709229   -0.709229 (VIOLATED)
fanout124/Z                             3.000000    3.709229   -0.709229 (VIOLATED)
_06909_/A1                              3.000000    3.669759   -0.669759 (VIOLATED)
_05266_/I0                              3.000000    3.669734   -0.669735 (VIOLATED)
_04851_/I                               3.000000    3.669716   -0.669716 (VIOLATED)
_05792_/A1                              3.000000    3.669716   -0.669716 (VIOLATED)
_05793_/A1                              3.000000    3.669716   -0.669716 (VIOLATED)
_05794_/A1                              3.000000    3.669716   -0.669716 (VIOLATED)
_05979_/A1                              3.000000    3.669716   -0.669716 (VIOLATED)
_05980_/A1                              3.000000    3.669716   -0.669716 (VIOLATED)
_06286_/A1                              3.000000    3.669716   -0.669716 (VIOLATED)
_06291_/A1                              3.000000    3.669716   -0.669716 (VIOLATED)
fanout447/Z                             3.000000    3.669716   -0.669716 (VIOLATED)
_06818_/ZN                              3.000000    3.443757   -0.443757 (VIOLATED)
_06821_/A1                              3.000000    3.443757   -0.443757 (VIOLATED)
_06833_/A2                              3.000000    3.385540   -0.385540 (VIOLATED)
_06815_/ZN                              3.000000    3.385523   -0.385523 (VIOLATED)
_06022_/ZN                              3.000000    3.348326   -0.348326 (VIOLATED)
_06913_/B1                              3.000000    3.348326   -0.348326 (VIOLATED)
_07038_/B1                              3.000000    3.348326   -0.348326 (VIOLATED)
_07137_/B1                              3.000000    3.348326   -0.348326 (VIOLATED)
_07302_/B1                              3.000000    3.348326   -0.348326 (VIOLATED)
_07363_/A2                              3.000000    3.348326   -0.348326 (VIOLATED)
load_slew213/I                          3.000000    3.348326   -0.348326 (VIOLATED)
_06042_/A1                              3.000000    3.318066   -0.318066 (VIOLATED)
_05862_/A1                              3.000000    3.318065   -0.318065 (VIOLATED)
_05863_/A1                              3.000000    3.318065   -0.318065 (VIOLATED)
_05864_/A1                              3.000000    3.318064   -0.318064 (VIOLATED)
_07027_/A1                              3.000000    3.318060   -0.318060 (VIOLATED)
_06275_/A1                              3.000000    3.318059   -0.318060 (VIOLATED)
_06276_/A1                              3.000000    3.318059   -0.318059 (VIOLATED)
_06277_/A1                              3.000000    3.318058   -0.318058 (VIOLATED)
_07528_/A2                              3.000000    3.318052   -0.318052 (VIOLATED)
_04746_/I                               3.000000    3.318033   -0.318033 (VIOLATED)
fanout548/Z                             3.000000    3.318033   -0.318033 (VIOLATED)
_07399_/ZN                              3.000000    3.312943   -0.312943 (VIOLATED)
wire35/I                                3.000000    3.312943   -0.312943 (VIOLATED)
_09283_/A1                              3.000000    3.307097   -0.307097 (VIOLATED)
_09226_/I1                              3.000000    3.307091   -0.307092 (VIOLATED)
_09195_/A1                              3.000000    3.307089   -0.307089 (VIOLATED)
_09263_/I1                              3.000000    3.307087   -0.307087 (VIOLATED)
_09124_/I1                              3.000000    3.307079   -0.307079 (VIOLATED)
_09207_/I0                              3.000000    3.307035   -0.307036 (VIOLATED)
_09107_/A1                              3.000000    3.307033   -0.307034 (VIOLATED)
_09254_/I0                              3.000000    3.307020   -0.307020 (VIOLATED)
_09177_/I0                              3.000000    3.307007   -0.307007 (VIOLATED)
_09167_/I0                              3.000000    3.306992   -0.306992 (VIOLATED)
fanout451/Z                             3.000000    3.306992   -0.306992 (VIOLATED)
wire302/I                               3.000000    3.288190   -0.288190 (VIOLATED)
_09238_/ZN                              3.000000    3.288161   -0.288161 (VIOLATED)
_09152_/A2                              3.000000    3.283853   -0.283853 (VIOLATED)
_09153_/A2                              3.000000    3.283853   -0.283853 (VIOLATED)
_09158_/S                               3.000000    3.283848   -0.283848 (VIOLATED)
_09157_/A2                              3.000000    3.283844   -0.283845 (VIOLATED)
_09156_/A2                              3.000000    3.283844   -0.283844 (VIOLATED)
_09154_/S                               3.000000    3.283803   -0.283803 (VIOLATED)
_09155_/S                               3.000000    3.283789   -0.283789 (VIOLATED)
_09148_/A2                              3.000000    3.283758   -0.283759 (VIOLATED)
_09149_/A2                              3.000000    3.283753   -0.283753 (VIOLATED)
_09147_/S                               3.000000    3.283742   -0.283742 (VIOLATED)
fanout180/Z                             3.000000    3.283742   -0.283742 (VIOLATED)
fanout595/I                             3.000000    3.265452   -0.265453 (VIOLATED)
fanout558/I                             3.000000    3.265451   -0.265451 (VIOLATED)
fanout553/I                             3.000000    3.265444   -0.265444 (VIOLATED)
fanout568/I                             3.000000    3.265432   -0.265432 (VIOLATED)
fanout573/I                             3.000000    3.265432   -0.265432 (VIOLATED)
fanout596/Z                             3.000000    3.265432   -0.265432 (VIOLATED)
_06384_/ZN                              3.000000    3.226704   -0.226704 (VIOLATED)
_09369_/A2                              3.000000    3.226704   -0.226704 (VIOLATED)
wire190/I                               3.000000    3.226704   -0.226704 (VIOLATED)
_07317_/A1                              3.000000    3.217603   -0.217603 (VIOLATED)
_06312_/A1                              3.000000    3.217590   -0.217590 (VIOLATED)
_06240_/A1                              3.000000    3.217587   -0.217587 (VIOLATED)
_05827_/A1                              3.000000    3.217582   -0.217582 (VIOLATED)
_05828_/A1                              3.000000    3.217582   -0.217582 (VIOLATED)
_07516_/A2                              3.000000    3.217578   -0.217578 (VIOLATED)
_07517_/A2                              3.000000    3.217577   -0.217577 (VIOLATED)
_07841_/B2                              3.000000    3.217575   -0.217575 (VIOLATED)
_07840_/A1                              3.000000    3.217571   -0.217571 (VIOLATED)
_04743_/I                               3.000000    3.217555   -0.217555 (VIOLATED)
fanout541/Z                             3.000000    3.217555   -0.217555 (VIOLATED)
_09156_/A1                              3.000000    3.214646   -0.214646 (VIOLATED)
_09318_/I1                              3.000000    3.214642   -0.214642 (VIOLATED)
_09293_/I1                              3.000000    3.214590   -0.214590 (VIOLATED)
_09137_/A1                              3.000000    3.214586   -0.214586 (VIOLATED)
_09328_/I0                              3.000000    3.214582   -0.214583 (VIOLATED)
load_slew455/I                          3.000000    3.214510   -0.214510 (VIOLATED)
_07477_/I1                              3.000000    3.214468   -0.214468 (VIOLATED)
fanout454/Z                             3.000000    3.214468   -0.214468 (VIOLATED)
_09260_/I1                              3.000000    3.210082   -0.210082 (VIOLATED)
fanout462/I                             3.000000    3.210080   -0.210080 (VIOLATED)
_09164_/I0                              3.000000    3.210063   -0.210063 (VIOLATED)
load_slew466/I                          3.000000    3.210050   -0.210050 (VIOLATED)
fanout464/I                             3.000000    3.210029   -0.210030 (VIOLATED)
_07475_/I1                              3.000000    3.209996   -0.209996 (VIOLATED)
fanout465/Z                             3.000000    3.209996   -0.209996 (VIOLATED)
_08667_/A2                              3.000000    3.172308   -0.172308 (VIOLATED)
_08660_/A2                              3.000000    3.172307   -0.172308 (VIOLATED)
_08671_/A2                              3.000000    3.172304   -0.172304 (VIOLATED)
_08687_/A2                              3.000000    3.172297   -0.172297 (VIOLATED)
_08620_/A2                              3.000000    3.172267   -0.172267 (VIOLATED)
_08621_/A2                              3.000000    3.172267   -0.172267 (VIOLATED)
_08646_/A2                              3.000000    3.172267   -0.172267 (VIOLATED)
_08648_/A2                              3.000000    3.172267   -0.172267 (VIOLATED)
_08719_/A2                              3.000000    3.172267   -0.172267 (VIOLATED)
_08723_/A2                              3.000000    3.172267   -0.172267 (VIOLATED)
fanout337/Z                             3.000000    3.172267   -0.172267 (VIOLATED)
_08814_/A2                              3.000000    3.152337   -0.152337 (VIOLATED)
_08815_/A3                              3.000000    3.152335   -0.152335 (VIOLATED)
_08764_/A2                              3.000000    3.152307   -0.152307 (VIOLATED)
_08762_/A2                              3.000000    3.152304   -0.152304 (VIOLATED)
_08760_/A2                              3.000000    3.152303   -0.152304 (VIOLATED)
_08769_/A2                              3.000000    3.152296   -0.152296 (VIOLATED)
_08767_/A2                              3.000000    3.152285   -0.152286 (VIOLATED)
_08749_/A2                              3.000000    3.152199   -0.152199 (VIOLATED)
_08751_/A1                              3.000000    3.152199   -0.152199 (VIOLATED)
_08752_/A2                              3.000000    3.152199   -0.152199 (VIOLATED)
fanout36/Z                              3.000000    3.152199   -0.152199 (VIOLATED)
_05244_/A1                              3.000000    3.151806   -0.151806 (VIOLATED)
_05243_/A1                              3.000000    3.151798   -0.151798 (VIOLATED)
_05238_/A1                              3.000000    3.151796   -0.151796 (VIOLATED)
_05242_/A1                              3.000000    3.151796   -0.151796 (VIOLATED)
_05239_/A1                              3.000000    3.151795   -0.151795 (VIOLATED)
_07914_/B                               3.000000    3.151768   -0.151768 (VIOLATED)
_07922_/B                               3.000000    3.151768   -0.151768 (VIOLATED)
_07931_/B                               3.000000    3.151768   -0.151768 (VIOLATED)
_08005_/A2                              3.000000    3.151768   -0.151768 (VIOLATED)
fanout390/I                             3.000000    3.151768   -0.151768 (VIOLATED)
fanout391/Z                             3.000000    3.151768   -0.151768 (VIOLATED)
_08694_/B1                              3.000000    3.139626   -0.139626 (VIOLATED)
_08697_/B                               3.000000    3.139623   -0.139623 (VIOLATED)
_08700_/B                               3.000000    3.139620   -0.139620 (VIOLATED)
_08703_/B                               3.000000    3.139616   -0.139616 (VIOLATED)
_08625_/A1                              3.000000    3.139613   -0.139613 (VIOLATED)
_08840_/A1                              3.000000    3.139611   -0.139611 (VIOLATED)
_08709_/B1                              3.000000    3.139600   -0.139600 (VIOLATED)
_08712_/B1                              3.000000    3.139588   -0.139589 (VIOLATED)
_08715_/B1                              3.000000    3.139588   -0.139589 (VIOLATED)
_08820_/A2                              3.000000    3.139588   -0.139589 (VIOLATED)
fanout149/Z                             3.000000    3.139588   -0.139589 (VIOLATED)
_06057_/A1                              3.000000    3.122110   -0.122110 (VIOLATED)
_05656_/A1                              3.000000    3.122096   -0.122096 (VIOLATED)
_05655_/A1                              3.000000    3.122091   -0.122091 (VIOLATED)
_08226_/A2                              3.000000    3.122065   -0.122065 (VIOLATED)
_08255_/A2                              3.000000    3.122061   -0.122061 (VIOLATED)
_08776_/A2                              3.000000    3.122053   -0.122053 (VIOLATED)
_08774_/A2                              3.000000    3.122053   -0.122053 (VIOLATED)
_08773_/A1                              3.000000    3.122052   -0.122052 (VIOLATED)
_08772_/A2                              3.000000    3.122051   -0.122051 (VIOLATED)
_08388_/A1                              3.000000    3.122050   -0.122050 (VIOLATED)
_08414_/A1                              3.000000    3.122050   -0.122050 (VIOLATED)
_08526_/A1                              3.000000    3.122050   -0.122050 (VIOLATED)
_08551_/A1                              3.000000    3.122050   -0.122050 (VIOLATED)
_09147_/I1                              3.000000    3.122050   -0.122050 (VIOLATED)
fanout518/Z                             3.000000    3.122050   -0.122050 (VIOLATED)
_08786_/A2                              3.000000    3.122033   -0.122033 (VIOLATED)
_08784_/A2                              3.000000    3.122025   -0.122026 (VIOLATED)
_08791_/A2                              3.000000    3.122017   -0.122018 (VIOLATED)
_08792_/A2                              3.000000    3.122016   -0.122016 (VIOLATED)
_08788_/A2                              3.000000    3.122001   -0.122001 (VIOLATED)
_08790_/B                               3.000000    3.122001   -0.122001 (VIOLATED)
fanout46/Z                              3.000000    3.122001   -0.122001 (VIOLATED)
fanout392/I                             3.000000    3.119640   -0.119640 (VIOLATED)
_05309_/A1                              3.000000    3.119632   -0.119632 (VIOLATED)
_05310_/A1                              3.000000    3.119632   -0.119632 (VIOLATED)
_05234_/A1                              3.000000    3.119622   -0.119622 (VIOLATED)
_05235_/A1                              3.000000    3.119622   -0.119622 (VIOLATED)
_05296_/A1                              3.000000    3.119622   -0.119622 (VIOLATED)
_05297_/A1                              3.000000    3.119622   -0.119622 (VIOLATED)
_05298_/A1                              3.000000    3.119622   -0.119622 (VIOLATED)
_05299_/A1                              3.000000    3.119622   -0.119622 (VIOLATED)
_05307_/S                               3.000000    3.119622   -0.119622 (VIOLATED)
fanout393/Z                             3.000000    3.119622   -0.119622 (VIOLATED)
_09122_/A2                              3.000000    3.089741   -0.089741 (VIOLATED)
_09121_/A2                              3.000000    3.089740   -0.089740 (VIOLATED)
_09120_/A2                              3.000000    3.089738   -0.089738 (VIOLATED)
_09119_/A2                              3.000000    3.089737   -0.089737 (VIOLATED)
_09124_/S                               3.000000    3.089731   -0.089731 (VIOLATED)
_09123_/S                               3.000000    3.089730   -0.089730 (VIOLATED)
_09118_/A2                              3.000000    3.089713   -0.089713 (VIOLATED)
_09117_/A2                              3.000000    3.089706   -0.089706 (VIOLATED)
_09112_/S                               3.000000    3.089664   -0.089664 (VIOLATED)
_09113_/A2                              3.000000    3.089664   -0.089664 (VIOLATED)
fanout310/Z                             3.000000    3.089664   -0.089664 (VIOLATED)
_09226_/S                               3.000000    3.089044   -0.089044 (VIOLATED)
_09224_/A2                              3.000000    3.089044   -0.089044 (VIOLATED)
_09223_/A2                              3.000000    3.089043   -0.089043 (VIOLATED)
_09225_/S                               3.000000    3.089040   -0.089040 (VIOLATED)
_09222_/S                               3.000000    3.089036   -0.089036 (VIOLATED)
_09220_/A2                              3.000000    3.089022   -0.089022 (VIOLATED)
_09221_/A2                              3.000000    3.089021   -0.089021 (VIOLATED)
_09218_/S                               3.000000    3.089003   -0.089003 (VIOLATED)
_09216_/A2                              3.000000    3.088985   -0.088985 (VIOLATED)
_09217_/A2                              3.000000    3.088985   -0.088985 (VIOLATED)
fanout303/Z                             3.000000    3.088985   -0.088985 (VIOLATED)
_05078_/A1                              3.000000    3.070446   -0.070446 (VIOLATED)
_05009_/A1                              3.000000    3.070445   -0.070445 (VIOLATED)
_05024_/B                               3.000000    3.070445   -0.070445 (VIOLATED)
_05041_/B                               3.000000    3.070444   -0.070444 (VIOLATED)
_08511_/A1                              3.000000    3.070444   -0.070444 (VIOLATED)
_04697_/I                               3.000000    3.070434   -0.070434 (VIOLATED)
_08276_/C                               3.000000    3.070434   -0.070434 (VIOLATED)
_08722_/I1                              3.000000    3.070434   -0.070434 (VIOLATED)
_08723_/A1                              3.000000    3.070434   -0.070434 (VIOLATED)
_08770_/A2                              3.000000    3.070434   -0.070434 (VIOLATED)
fanout398/Z                             3.000000    3.070434   -0.070434 (VIOLATED)
_08667_/B2                              3.000000    3.062602   -0.062602 (VIOLATED)
_08660_/B2                              3.000000    3.062600   -0.062600 (VIOLATED)
_08671_/B2                              3.000000    3.062598   -0.062599 (VIOLATED)
_08687_/B2                              3.000000    3.062571   -0.062571 (VIOLATED)
_08691_/B2                              3.000000    3.062562   -0.062562 (VIOLATED)
_08719_/B2                              3.000000    3.062530   -0.062530 (VIOLATED)
_08723_/B2                              3.000000    3.062529   -0.062529 (VIOLATED)
_08839_/C                               3.000000    3.062520   -0.062520 (VIOLATED)
fanout406/I                             3.000000    3.062510   -0.062511 (VIOLATED)
fanout407/Z                             3.000000    3.062510   -0.062511 (VIOLATED)
_08659_/A2                              3.000000    3.055176   -0.055177 (VIOLATED)
_08658_/A2                              3.000000    3.055176   -0.055176 (VIOLATED)
_08665_/A2                              3.000000    3.055174   -0.055174 (VIOLATED)
_08666_/A2                              3.000000    3.055172   -0.055173 (VIOLATED)
_08669_/A2                              3.000000    3.055166   -0.055166 (VIOLATED)
_08670_/A2                              3.000000    3.055161   -0.055162 (VIOLATED)
_08654_/A2                              3.000000    3.055110   -0.055110 (VIOLATED)
_08717_/A2                              3.000000    3.055110   -0.055110 (VIOLATED)
_08718_/A2                              3.000000    3.055110   -0.055110 (VIOLATED)
_08722_/S                               3.000000    3.055110   -0.055110 (VIOLATED)
fanout79/Z                              3.000000    3.055110   -0.055110 (VIOLATED)
_09479_/RN                              3.000000    3.047110   -0.047110 (VIOLATED)
_09515_/RN                              3.000000    3.047110   -0.047110 (VIOLATED)
_09478_/RN                              3.000000    3.047109   -0.047109 (VIOLATED)
_09514_/RN                              3.000000    3.047108   -0.047108 (VIOLATED)
_09457_/RN                              3.000000    3.047107   -0.047107 (VIOLATED)
_09411_/RN                              3.000000    3.047094   -0.047095 (VIOLATED)
_09412_/RN                              3.000000    3.047094   -0.047095 (VIOLATED)
_09455_/RN                              3.000000    3.047094   -0.047095 (VIOLATED)
_09456_/RN                              3.000000    3.047094   -0.047095 (VIOLATED)
_09497_/RN                              3.000000    3.047094   -0.047095 (VIOLATED)
fanout623/Z                             3.000000    3.047094   -0.047095 (VIOLATED)
_09432_/RN                              3.000000    3.032115   -0.032115 (VIOLATED)
_09433_/RN                              3.000000    3.032115   -0.032115 (VIOLATED)
_09795_/RN                              3.000000    3.032114   -0.032114 (VIOLATED)
_09754_/RN                              3.000000    3.032113   -0.032113 (VIOLATED)
_09775_/RN                              3.000000    3.032112   -0.032112 (VIOLATED)
_09755_/RN                              3.000000    3.032103   -0.032103 (VIOLATED)
_09776_/RN                              3.000000    3.032103   -0.032103 (VIOLATED)
_09777_/RN                              3.000000    3.032103   -0.032103 (VIOLATED)
_09828_/RN                              3.000000    3.032103   -0.032103 (VIOLATED)
_09829_/RN                              3.000000    3.032103   -0.032103 (VIOLATED)
fanout556/Z                             3.000000    3.032103   -0.032103 (VIOLATED)

max fanout

Pin                                   Limit Fanout  Slack
---------------------------------------------------------
clkbuf_leaf_11_clk/Z                     10     13     -3 (VIOLATED)
clkbuf_leaf_12_clk/Z                     10     12     -2 (VIOLATED)
clkbuf_leaf_13_clk/Z                     10     12     -2 (VIOLATED)
clkbuf_leaf_14_clk/Z                     10     12     -2 (VIOLATED)
clkbuf_leaf_25_clk/Z                     10     12     -2 (VIOLATED)
clkbuf_leaf_26_clk/Z                     10     12     -2 (VIOLATED)
clkbuf_leaf_34_clk/Z                     10     12     -2 (VIOLATED)
clkbuf_leaf_36_clk/Z                     10     12     -2 (VIOLATED)
clkbuf_leaf_40_clk/Z                     10     12     -2 (VIOLATED)
clkbuf_leaf_41_clk/Z                     10     12     -2 (VIOLATED)
clkbuf_leaf_42_clk/Z                     10     12     -2 (VIOLATED)
clkbuf_leaf_45_clk/Z                     10     12     -2 (VIOLATED)
clkbuf_leaf_48_clk/Z                     10     12     -2 (VIOLATED)
clkbuf_leaf_53_clk/Z                     10     12     -2 (VIOLATED)
clkbuf_leaf_5_clk/Z                      10     12     -2 (VIOLATED)
clkbuf_leaf_16_clk/Z                     10     11        (VIOLATED)
clkbuf_leaf_29_clk/Z                     10     11        (VIOLATED)
clkbuf_leaf_2_clk/Z                      10     11        (VIOLATED)
clkbuf_leaf_3_clk/Z                      10     11        (VIOLATED)
clkbuf_leaf_6_clk/Z                      10     11        (VIOLATED)

max capacitance

Pin                                        Limit         Cap       Slack
------------------------------------------------------------------------
clkbuf_0_clk/Z                          0.200000    0.324330   -0.124330 (VIOLATED)



===========================================================================
report_parasitic_annotation -report_unannotated
============================================================================
Found 120 unannotated drivers.
 analog[10]
 analog[11]
 analog[12]
 analog[13]
 analog[14]
 analog[15]
 analog[16]
 analog[17]
 analog[18]
 analog[19]
 analog[20]
 analog[21]
 analog[22]
 analog[23]
 analog[24]
 analog[25]
 analog[26]
 analog[27]
 analog[28]
 analog[29]
 analog[30]
 analog[31]
 analog[32]
 analog[33]
 analog[34]
 analog[35]
 analog[36]
 analog[37]
 analog[38]
 analog[39]
 analog[40]
 analog[41]
 analog[42]
 analog[43]
 analog[44]
 analog[45]
 analog[46]
 analog[47]
 analog[48]
 analog[49]
 analog[4]
 analog[50]
 analog[51]
 analog[52]
 analog[53]
 analog[54]
 analog[55]
 analog[56]
 analog[57]
 analog[58]
 analog[59]
 analog[5]
 analog[6]
 analog[7]
 analog[8]
 analog[9]
 bidir_in[10]
 bidir_in[11]
 bidir_in[12]
 bidir_in[13]
 bidir_in[14]
 bidir_in[15]
 bidir_in[16]
 bidir_in[17]
 bidir_in[18]
 bidir_in[19]
 bidir_in[3]
 bidir_in[4]
 bidir_in[5]
 bidir_in[6]
 bidir_in[7]
 bidir_in[8]
 bidir_in[9]
 _10062_/Z
 _10063_/Z
 _10064_/Z
 _10065_/Z
 clkload0/Z
 clkload1/Z
 clkload10/ZN
 clkload11/ZN
 clkload12/ZN
 clkload13/Z
 clkload14/ZN
 clkload15/Z
 clkload16/ZN
 clkload17/ZN
 clkload18/ZN
 clkload19/Z
 clkload2/Z
 clkload20/ZN
 clkload21/ZN
 clkload22/ZN
 clkload23/Z
 clkload24/Z
 clkload25/Z
 clkload26/Z
 clkload27/ZN
 clkload28/ZN
 clkload29/ZN
 clkload3/Z
 clkload30/ZN
 clkload31/ZN
 clkload32/ZN
 clkload33/Z
 clkload34/Z
 clkload35/ZN
 clkload36/ZN
 clkload37/ZN
 clkload38/Z
 clkload39/ZN
 clkload4/ZN
 clkload40/ZN
 clkload41/ZN
 clkload42/ZN
 clkload5/ZN
 clkload6/ZN
 clkload7/ZN
 clkload8/ZN
 clkload9/ZN
Found 0 partially unannotated drivers.

===========================================================================
max slew violation count 315
max fanout violation count 20
max cap violation count 1
============================================================================

===========================================================================
check_setup -verbose -unconstrained_endpoints -multiple_clock -no_clock -no_input_delay -loops -generated_clocks
===========================================================================
Warning: There are 57 unconstrained endpoints.
  analog[0]
  analog[10]
  analog[11]
  analog[12]
  analog[13]
  analog[14]
  analog[15]
  analog[16]
  analog[17]
  analog[18]
  analog[19]
  analog[20]
  analog[21]
  analog[22]
  analog[23]
  analog[24]
  analog[25]
  analog[26]
  analog[27]
  analog[28]
  analog[29]
  analog[30]
  analog[31]
  analog[32]
  analog[33]
  analog[34]
  analog[35]
  analog[36]
  analog[37]
  analog[38]
  analog[39]
  analog[40]
  analog[41]
  analog[42]
  analog[43]
  analog[44]
  analog[45]
  analog[46]
  analog[47]
  analog[48]
  analog[49]
  analog[4]
  analog[50]
  analog[51]
  analog[52]
  analog[53]
  analog[54]
  analog[55]
  analog[56]
  analog[57]
  analog[58]
  analog[59]
  analog[5]
  analog[6]
  analog[7]
  analog[8]
  analog[9]
