[WARNING ORD-0039] .openroad ignored with -python
Unannotated report:
['report_parasitic_annotation -report_unannotated\n',
 '============================================================================\n',
 'Found 120 unannotated drivers.\n',
 ' analog[10]\n',
 ' analog[11]\n',
 ' analog[12]\n',
 ' analog[13]\n',
 ' analog[14]\n',
 ' analog[15]\n',
 ' analog[16]\n',
 ' analog[17]\n',
 ' analog[18]\n',
 ' analog[19]\n',
 ' analog[20]\n',
 ' analog[21]\n',
 ' analog[22]\n',
 ' analog[23]\n',
 ' analog[24]\n',
 ' analog[25]\n',
 ' analog[26]\n',
 ' analog[27]\n',
 ' analog[28]\n',
 ' analog[29]\n',
 ' analog[30]\n',
 ' analog[31]\n',
 ' analog[32]\n',
 ' analog[33]\n',
 ' analog[34]\n',
 ' analog[35]\n',
 ' analog[36]\n',
 ' analog[37]\n',
 ' analog[38]\n',
 ' analog[39]\n',
 ' analog[40]\n',
 ' analog[41]\n',
 ' analog[42]\n',
 ' analog[43]\n',
 ' analog[44]\n',
 ' analog[45]\n',
 ' analog[46]\n',
 ' analog[47]\n',
 ' analog[48]\n',
 ' analog[49]\n',
 ' analog[4]\n',
 ' analog[50]\n',
 ' analog[51]\n',
 ' analog[52]\n',
 ' analog[53]\n',
 ' analog[54]\n',
 ' analog[55]\n',
 ' analog[56]\n',
 ' analog[57]\n',
 ' analog[58]\n',
 ' analog[59]\n',
 ' analog[5]\n',
 ' analog[6]\n',
 ' analog[7]\n',
 ' analog[8]\n',
 ' analog[9]\n',
 ' bidir_in[10]\n',
 ' bidir_in[11]\n',
 ' bidir_in[12]\n',
 ' bidir_in[13]\n',
 ' bidir_in[14]\n',
 ' bidir_in[15]\n',
 ' bidir_in[16]\n',
 ' bidir_in[17]\n',
 ' bidir_in[18]\n',
 ' bidir_in[19]\n',
 ' bidir_in[3]\n',
 ' bidir_in[4]\n',
 ' bidir_in[5]\n',
 ' bidir_in[6]\n',
 ' bidir_in[7]\n',
 ' bidir_in[8]\n',
 ' bidir_in[9]\n',
 ' _10062_/Z\n',
 ' _10063_/Z\n',
 ' _10064_/Z\n',
 ' _10065_/Z\n',
 ' clkload0/Z\n',
 ' clkload1/Z\n',
 ' clkload10/ZN\n',
 ' clkload11/ZN\n',
 ' clkload12/ZN\n',
 ' clkload13/Z\n',
 ' clkload14/ZN\n',
 ' clkload15/Z\n',
 ' clkload16/ZN\n',
 ' clkload17/ZN\n',
 ' clkload18/ZN\n',
 ' clkload19/Z\n',
 ' clkload2/Z\n',
 ' clkload20/ZN\n',
 ' clkload21/ZN\n',
 ' clkload22/ZN\n',
 ' clkload23/Z\n',
 ' clkload24/Z\n',
 ' clkload25/Z\n',
 ' clkload26/Z\n',
 ' clkload27/ZN\n',
 ' clkload28/ZN\n',
 ' clkload29/ZN\n',
 ' clkload3/Z\n',
 ' clkload30/ZN\n',
 ' clkload31/ZN\n',
 ' clkload32/ZN\n',
 ' clkload33/Z\n',
 ' clkload34/Z\n',
 ' clkload35/ZN\n',
 ' clkload36/ZN\n',
 ' clkload37/ZN\n',
 ' clkload38/Z\n',
 ' clkload39/ZN\n',
 ' clkload4/ZN\n',
 ' clkload40/ZN\n',
 ' clkload41/ZN\n',
 ' clkload42/ZN\n',
 ' clkload5/ZN\n',
 ' clkload6/ZN\n',
 ' clkload7/ZN\n',
 ' clkload8/ZN\n',
 ' clkload9/ZN\n',
 'Found 0 partially unannotated drivers.\n',
 '\n']
Reported nets:
['analog[10]',
 'analog[11]',
 'analog[12]',
 'analog[13]',
 'analog[14]',
 'analog[15]',
 'analog[16]',
 'analog[17]',
 'analog[18]',
 'analog[19]',
 'analog[20]',
 'analog[21]',
 'analog[22]',
 'analog[23]',
 'analog[24]',
 'analog[25]',
 'analog[26]',
 'analog[27]',
 'analog[28]',
 'analog[29]',
 'analog[30]',
 'analog[31]',
 'analog[32]',
 'analog[33]',
 'analog[34]',
 'analog[35]',
 'analog[36]',
 'analog[37]',
 'analog[38]',
 'analog[39]',
 'analog[40]',
 'analog[41]',
 'analog[42]',
 'analog[43]',
 'analog[44]',
 'analog[45]',
 'analog[46]',
 'analog[47]',
 'analog[48]',
 'analog[49]',
 'analog[4]',
 'analog[50]',
 'analog[51]',
 'analog[52]',
 'analog[53]',
 'analog[54]',
 'analog[55]',
 'analog[56]',
 'analog[57]',
 'analog[58]',
 'analog[59]',
 'analog[5]',
 'analog[6]',
 'analog[7]',
 'analog[8]',
 'analog[9]',
 'bidir_in[10]',
 'bidir_in[11]',
 'bidir_in[12]',
 'bidir_in[13]',
 'bidir_in[14]',
 'bidir_in[15]',
 'bidir_in[16]',
 'bidir_in[17]',
 'bidir_in[18]',
 'bidir_in[19]',
 'bidir_in[3]',
 'bidir_in[4]',
 'bidir_in[5]',
 'bidir_in[6]',
 'bidir_in[7]',
 'bidir_in[8]',
 'bidir_in[9]',
 '_10062_/Z',
 '_10063_/Z',
 '_10064_/Z',
 '_10065_/Z',
 'clkload0/Z',
 'clkload1/Z',
 'clkload10/ZN',
 'clkload11/ZN',
 'clkload12/ZN',
 'clkload13/Z',
 'clkload14/ZN',
 'clkload15/Z',
 'clkload16/ZN',
 'clkload17/ZN',
 'clkload18/ZN',
 'clkload19/Z',
 'clkload2/Z',
 'clkload20/ZN',
 'clkload21/ZN',
 'clkload22/ZN',
 'clkload23/Z',
 'clkload24/Z',
 'clkload25/Z',
 'clkload26/Z',
 'clkload27/ZN',
 'clkload28/ZN',
 'clkload29/ZN',
 'clkload3/Z',
 'clkload30/ZN',
 'clkload31/ZN',
 'clkload32/ZN',
 'clkload33/Z',
 'clkload34/Z',
 'clkload35/ZN',
 'clkload36/ZN',
 'clkload37/ZN',
 'clkload38/Z',
 'clkload39/ZN',
 'clkload4/ZN',
 'clkload40/ZN',
 'clkload41/ZN',
 'clkload42/ZN',
 'clkload5/ZN',
 'clkload6/ZN',
 'clkload7/ZN',
 'clkload8/ZN',
 'clkload9/ZN']
Filtered nets:
[]
done
