
 /----------------------------------------------------------------------------\
 |  yosys -- Yosys Open SYnthesis Suite                                       |
 |  Copyright (C) 2012 - 2026  Claire Xenia Wolf <claire@yosyshq.com>         |
 |  Distributed under an ISC-like license, type "license" to see terms        |
 \----------------------------------------------------------------------------/
 Yosys 0.67 (git sha1 2d1509d1b, Release, GNU /usr/bin/c++ 13.3.0)

1. Executing Verilog-2005 frontend: /workspace/librelane/runs/RUN_2026-08-09_12-36-47/tmp/b6f25d42bc8944dfa66feeb63959abdc.bb.v
Parsing SystemVerilog input from `/workspace/librelane/runs/RUN_2026-08-09_12-36-47/tmp/b6f25d42bc8944dfa66feeb63959abdc.bb.v' to AST representation.
Generating RTLIL representation for module `\gf180mcu_fd_sc_mcu7t5v0__addf_1'.
Generating RTLIL representation for module `\gf180mcu_fd_sc_mcu7t5v0__addf_2'.
Generating RTLIL representation for module `\gf180mcu_fd_sc_mcu7t5v0__addf_4'.
Generating RTLIL representation for module `\gf180mcu_fd_sc_mcu7t5v0__addf_func'.
Generating RTLIL representation for module `\gf180mcu_fd_sc_mcu7t5v0__addh_1'.
Generating RTLIL representation for module `\gf180mcu_fd_sc_mcu7t5v0__addh_2'.
Generating RTLIL representation for module `\gf180mcu_fd_sc_mcu7t5v0__addh_4'.
Generating RTLIL representation for module `\gf180mcu_fd_sc_mcu7t5v0__addh_func'.
Generating RTLIL representation for module `\gf180mcu_fd_sc_mcu7t5v0__and2_1'.
Generating RTLIL representation for module `\gf180mcu_fd_sc_mcu7t5v0__and2_2'.
Generating RTLIL representation for module `\gf180mcu_fd_sc_mcu7t5v0__and2_4'.
Generating RTLIL representation for module `\gf180mcu_fd_sc_mcu7t5v0__and2_func'.
Generating RTLIL representation for module `\gf180mcu_fd_sc_mcu7t5v0__and3_1'.
Generating RTLIL representation for module `\gf180mcu_fd_sc_mcu7t5v0__and3_2'.
Generating RTLIL representation for module `\gf180mcu_fd_sc_mcu7t5v0__and3_4'.
Generating RTLIL representation for module `\gf180mcu_fd_sc_mcu7t5v0__and3_func'.
Generating RTLIL representation for module `\gf180mcu_fd_sc_mcu7t5v0__and4_1'.
Generating RTLIL representation for module `\gf180mcu_fd_sc_mcu7t5v0__and4_2'.
Generating RTLIL representation for module `\gf180mcu_fd_sc_mcu7t5v0__and4_4'.
Generating RTLIL representation for module `\gf180mcu_fd_sc_mcu7t5v0__and4_func'.
Generating RTLIL representation for module `\gf180mcu_fd_sc_mcu7t5v0__antenna'.
Generating RTLIL representation for module `\gf180mcu_fd_sc_mcu7t5v0__antenna_func'.
Generating RTLIL representation for module `\gf180mcu_fd_sc_mcu7t5v0__aoi211_1'.
Generating RTLIL representation for module `\gf180mcu_fd_sc_mcu7t5v0__aoi211_2'.
Generating RTLIL representation for module `\gf180mcu_fd_sc_mcu7t5v0__aoi211_4'.
Generating RTLIL representation for module `\gf180mcu_fd_sc_mcu7t5v0__aoi211_func'.
Generating RTLIL representation for module `\gf180mcu_fd_sc_mcu7t5v0__aoi21_1'.
Generating RTLIL representation for module `\gf180mcu_fd_sc_mcu7t5v0__aoi21_2'.
Generating RTLIL representation for module `\gf180mcu_fd_sc_mcu7t5v0__aoi21_4'.
Generating RTLIL representation for module `\gf180mcu_fd_sc_mcu7t5v0__aoi21_func'.
Generating RTLIL representation for module `\gf180mcu_fd_sc_mcu7t5v0__aoi221_1'.
Generating RTLIL representation for module `\gf180mcu_fd_sc_mcu7t5v0__aoi221_2'.
Generating RTLIL representation for module `\gf180mcu_fd_sc_mcu7t5v0__aoi221_4'.
Generating RTLIL representation for module `\gf180mcu_fd_sc_mcu7t5v0__aoi221_func'.
Generating RTLIL representation for module `\gf180mcu_fd_sc_mcu7t5v0__aoi222_1'.
Generating RTLIL representation for module `\gf180mcu_fd_sc_mcu7t5v0__aoi222_2'.
Generating RTLIL representation for module `\gf180mcu_fd_sc_mcu7t5v0__aoi222_4'.
Generating RTLIL representation for module `\gf180mcu_fd_sc_mcu7t5v0__aoi222_func'.
Generating RTLIL representation for module `\gf180mcu_fd_sc_mcu7t5v0__aoi22_1'.
Generating RTLIL representation for module `\gf180mcu_fd_sc_mcu7t5v0__aoi22_2'.
Generating RTLIL representation for module `\gf180mcu_fd_sc_mcu7t5v0__aoi22_4'.
Generating RTLIL representation for module `\gf180mcu_fd_sc_mcu7t5v0__aoi22_func'.
Generating RTLIL representation for module `\gf180mcu_fd_sc_mcu7t5v0__buf_1'.
Generating RTLIL representation for module `\gf180mcu_fd_sc_mcu7t5v0__buf_12'.
Generating RTLIL representation for module `\gf180mcu_fd_sc_mcu7t5v0__buf_16'.
Generating RTLIL representation for module `\gf180mcu_fd_sc_mcu7t5v0__buf_2'.
Generating RTLIL representation for module `\gf180mcu_fd_sc_mcu7t5v0__buf_20'.
Generating RTLIL representation for module `\gf180mcu_fd_sc_mcu7t5v0__buf_3'.
Generating RTLIL representation for module `\gf180mcu_fd_sc_mcu7t5v0__buf_4'.
Generating RTLIL representation for module `\gf180mcu_fd_sc_mcu7t5v0__buf_8'.
Generating RTLIL representation for module `\gf180mcu_fd_sc_mcu7t5v0__buf_func'.
Generating RTLIL representation for module `\gf180mcu_fd_sc_mcu7t5v0__bufz_1'.
Generating RTLIL representation for module `\gf180mcu_fd_sc_mcu7t5v0__bufz_12'.
Generating RTLIL representation for module `\gf180mcu_fd_sc_mcu7t5v0__bufz_16'.
Generating RTLIL representation for module `\gf180mcu_fd_sc_mcu7t5v0__bufz_2'.
Generating RTLIL representation for module `\gf180mcu_fd_sc_mcu7t5v0__bufz_3'.
Generating RTLIL representation for module `\gf180mcu_fd_sc_mcu7t5v0__bufz_4'.
Generating RTLIL representation for module `\gf180mcu_fd_sc_mcu7t5v0__bufz_8'.
Generating RTLIL representation for module `\gf180mcu_fd_sc_mcu7t5v0__bufz_func'.
Generating RTLIL representation for module `\gf180mcu_fd_sc_mcu7t5v0__clkbuf_1'.
Generating RTLIL representation for module `\gf180mcu_fd_sc_mcu7t5v0__clkbuf_12'.
Generating RTLIL representation for module `\gf180mcu_fd_sc_mcu7t5v0__clkbuf_16'.
Generating RTLIL representation for module `\gf180mcu_fd_sc_mcu7t5v0__clkbuf_2'.
Generating RTLIL representation for module `\gf180mcu_fd_sc_mcu7t5v0__clkbuf_20'.
Generating RTLIL representation for module `\gf180mcu_fd_sc_mcu7t5v0__clkbuf_3'.
Generating RTLIL representation for module `\gf180mcu_fd_sc_mcu7t5v0__clkbuf_4'.
Generating RTLIL representation for module `\gf180mcu_fd_sc_mcu7t5v0__clkbuf_8'.
Generating RTLIL representation for module `\gf180mcu_fd_sc_mcu7t5v0__clkbuf_func'.
Generating RTLIL representation for module `\gf180mcu_fd_sc_mcu7t5v0__clkinv_1'.
Generating RTLIL representation for module `\gf180mcu_fd_sc_mcu7t5v0__clkinv_12'.
Generating RTLIL representation for module `\gf180mcu_fd_sc_mcu7t5v0__clkinv_16'.
Generating RTLIL representation for module `\gf180mcu_fd_sc_mcu7t5v0__clkinv_2'.
Generating RTLIL representation for module `\gf180mcu_fd_sc_mcu7t5v0__clkinv_20'.
Generating RTLIL representation for module `\gf180mcu_fd_sc_mcu7t5v0__clkinv_3'.
Generating RTLIL representation for module `\gf180mcu_fd_sc_mcu7t5v0__clkinv_4'.
Generating RTLIL representation for module `\gf180mcu_fd_sc_mcu7t5v0__clkinv_8'.
Generating RTLIL representation for module `\gf180mcu_fd_sc_mcu7t5v0__clkinv_func'.
Generating RTLIL representation for module `\gf180mcu_fd_sc_mcu7t5v0__dffnq_1'.
Generating RTLIL representation for module `\gf180mcu_fd_sc_mcu7t5v0__dffnq_2'.
Generating RTLIL representation for module `\gf180mcu_fd_sc_mcu7t5v0__dffnq_4'.
Generating RTLIL representation for module `\gf180mcu_fd_sc_mcu7t5v0__dffnq_func'.
Generating RTLIL representation for module `\gf180mcu_fd_sc_mcu7t5v0__dffnrnq_1'.
Generating RTLIL representation for module `\gf180mcu_fd_sc_mcu7t5v0__dffnrnq_2'.
Generating RTLIL representation for module `\gf180mcu_fd_sc_mcu7t5v0__dffnrnq_4'.
Generating RTLIL representation for module `\gf180mcu_fd_sc_mcu7t5v0__dffnrnq_func'.
Generating RTLIL representation for module `\gf180mcu_fd_sc_mcu7t5v0__dffnrsnq_1'.
Generating RTLIL representation for module `\gf180mcu_fd_sc_mcu7t5v0__dffnrsnq_2'.
Generating RTLIL representation for module `\gf180mcu_fd_sc_mcu7t5v0__dffnrsnq_4'.
Generating RTLIL representation for module `\gf180mcu_fd_sc_mcu7t5v0__dffnrsnq_func'.
Generating RTLIL representation for module `\gf180mcu_fd_sc_mcu7t5v0__dffnsnq_1'.
Generating RTLIL representation for module `\gf180mcu_fd_sc_mcu7t5v0__dffnsnq_2'.
Generating RTLIL representation for module `\gf180mcu_fd_sc_mcu7t5v0__dffnsnq_4'.
Generating RTLIL representation for module `\gf180mcu_fd_sc_mcu7t5v0__dffnsnq_func'.
Generating RTLIL representation for module `\gf180mcu_fd_sc_mcu7t5v0__dffq_1'.
Generating RTLIL representation for module `\gf180mcu_fd_sc_mcu7t5v0__dffq_2'.
Generating RTLIL representation for module `\gf180mcu_fd_sc_mcu7t5v0__dffq_4'.
Generating RTLIL representation for module `\gf180mcu_fd_sc_mcu7t5v0__dffq_func'.
Generating RTLIL representation for module `\gf180mcu_fd_sc_mcu7t5v0__dffrnq_1'.
Generating RTLIL representation for module `\gf180mcu_fd_sc_mcu7t5v0__dffrnq_2'.
Generating RTLIL representation for module `\gf180mcu_fd_sc_mcu7t5v0__dffrnq_4'.
Generating RTLIL representation for module `\gf180mcu_fd_sc_mcu7t5v0__dffrnq_func'.
Generating RTLIL representation for module `\gf180mcu_fd_sc_mcu7t5v0__dffrsnq_1'.
Generating RTLIL representation for module `\gf180mcu_fd_sc_mcu7t5v0__dffrsnq_2'.
Generating RTLIL representation for module `\gf180mcu_fd_sc_mcu7t5v0__dffrsnq_4'.
Generating RTLIL representation for module `\gf180mcu_fd_sc_mcu7t5v0__dffrsnq_func'.
Generating RTLIL representation for module `\gf180mcu_fd_sc_mcu7t5v0__dffsnq_1'.
Generating RTLIL representation for module `\gf180mcu_fd_sc_mcu7t5v0__dffsnq_2'.
Generating RTLIL representation for module `\gf180mcu_fd_sc_mcu7t5v0__dffsnq_4'.
Generating RTLIL representation for module `\gf180mcu_fd_sc_mcu7t5v0__dffsnq_func'.
Generating RTLIL representation for module `\gf180mcu_fd_sc_mcu7t5v0__dlya_1'.
Generating RTLIL representation for module `\gf180mcu_fd_sc_mcu7t5v0__dlya_2'.
Generating RTLIL representation for module `\gf180mcu_fd_sc_mcu7t5v0__dlya_4'.
Generating RTLIL representation for module `\gf180mcu_fd_sc_mcu7t5v0__dlya_func'.
Generating RTLIL representation for module `\gf180mcu_fd_sc_mcu7t5v0__dlyb_1'.
Generating RTLIL representation for module `\gf180mcu_fd_sc_mcu7t5v0__dlyb_2'.
Generating RTLIL representation for module `\gf180mcu_fd_sc_mcu7t5v0__dlyb_4'.
Generating RTLIL representation for module `\gf180mcu_fd_sc_mcu7t5v0__dlyb_func'.
Generating RTLIL representation for module `\gf180mcu_fd_sc_mcu7t5v0__dlyc_1'.
Generating RTLIL representation for module `\gf180mcu_fd_sc_mcu7t5v0__dlyc_2'.
Generating RTLIL representation for module `\gf180mcu_fd_sc_mcu7t5v0__dlyc_4'.
Generating RTLIL representation for module `\gf180mcu_fd_sc_mcu7t5v0__dlyc_func'.
Generating RTLIL representation for module `\gf180mcu_fd_sc_mcu7t5v0__dlyd_1'.
Generating RTLIL representation for module `\gf180mcu_fd_sc_mcu7t5v0__dlyd_2'.
Generating RTLIL representation for module `\gf180mcu_fd_sc_mcu7t5v0__dlyd_4'.
Generating RTLIL representation for module `\gf180mcu_fd_sc_mcu7t5v0__dlyd_func'.
Generating RTLIL representation for module `\gf180mcu_fd_sc_mcu7t5v0__endcap'.
Generating RTLIL representation for module `\gf180mcu_fd_sc_mcu7t5v0__endcap_func'.
Generating RTLIL representation for module `\gf180mcu_fd_sc_mcu7t5v0__fill_1'.
Generating RTLIL representation for module `\gf180mcu_fd_sc_mcu7t5v0__fill_16'.
Generating RTLIL representation for module `\gf180mcu_fd_sc_mcu7t5v0__fill_2'.
Generating RTLIL representation for module `\gf180mcu_fd_sc_mcu7t5v0__fill_32'.
Generating RTLIL representation for module `\gf180mcu_fd_sc_mcu7t5v0__fill_4'.
Generating RTLIL representation for module `\gf180mcu_fd_sc_mcu7t5v0__fill_64'.
Generating RTLIL representation for module `\gf180mcu_fd_sc_mcu7t5v0__fill_8'.
Generating RTLIL representation for module `\gf180mcu_fd_sc_mcu7t5v0__fill_func'.
Generating RTLIL representation for module `\gf180mcu_fd_sc_mcu7t5v0__fillcap_16'.
Generating RTLIL representation for module `\gf180mcu_fd_sc_mcu7t5v0__fillcap_32'.
Generating RTLIL representation for module `\gf180mcu_fd_sc_mcu7t5v0__fillcap_4'.
Generating RTLIL representation for module `\gf180mcu_fd_sc_mcu7t5v0__fillcap_64'.
Generating RTLIL representation for module `\gf180mcu_fd_sc_mcu7t5v0__fillcap_8'.
Generating RTLIL representation for module `\gf180mcu_fd_sc_mcu7t5v0__fillcap_func'.
Generating RTLIL representation for module `\gf180mcu_fd_sc_mcu7t5v0__filltie'.
Generating RTLIL representation for module `\gf180mcu_fd_sc_mcu7t5v0__filltie_func'.
Generating RTLIL representation for module `\gf180mcu_fd_sc_mcu7t5v0__hold'.
Generating RTLIL representation for module `\gf180mcu_fd_sc_mcu7t5v0__hold_func'.
Generating RTLIL representation for module `\gf180mcu_fd_sc_mcu7t5v0__icgtn_1'.
Generating RTLIL representation for module `\gf180mcu_fd_sc_mcu7t5v0__icgtn_2'.
Generating RTLIL representation for module `\gf180mcu_fd_sc_mcu7t5v0__icgtn_4'.
Generating RTLIL representation for module `\gf180mcu_fd_sc_mcu7t5v0__icgtn_func'.
Generating RTLIL representation for module `\gf180mcu_fd_sc_mcu7t5v0__icgtp_1'.
Generating RTLIL representation for module `\gf180mcu_fd_sc_mcu7t5v0__icgtp_2'.
Generating RTLIL representation for module `\gf180mcu_fd_sc_mcu7t5v0__icgtp_4'.
Generating RTLIL representation for module `\gf180mcu_fd_sc_mcu7t5v0__icgtp_func'.
Generating RTLIL representation for module `\gf180mcu_fd_sc_mcu7t5v0__inv_1'.
Generating RTLIL representation for module `\gf180mcu_fd_sc_mcu7t5v0__inv_12'.
Generating RTLIL representation for module `\gf180mcu_fd_sc_mcu7t5v0__inv_16'.
Generating RTLIL representation for module `\gf180mcu_fd_sc_mcu7t5v0__inv_2'.
Generating RTLIL representation for module `\gf180mcu_fd_sc_mcu7t5v0__inv_20'.
Generating RTLIL representation for module `\gf180mcu_fd_sc_mcu7t5v0__inv_3'.
Generating RTLIL representation for module `\gf180mcu_fd_sc_mcu7t5v0__inv_4'.
Generating RTLIL representation for module `\gf180mcu_fd_sc_mcu7t5v0__inv_8'.
Generating RTLIL representation for module `\gf180mcu_fd_sc_mcu7t5v0__inv_func'.
Generating RTLIL representation for module `\gf180mcu_fd_sc_mcu7t5v0__invz_1'.
Generating RTLIL representation for module `\gf180mcu_fd_sc_mcu7t5v0__invz_12'.
Generating RTLIL representation for module `\gf180mcu_fd_sc_mcu7t5v0__invz_16'.
Generating RTLIL representation for module `\gf180mcu_fd_sc_mcu7t5v0__invz_2'.
Generating RTLIL representation for module `\gf180mcu_fd_sc_mcu7t5v0__invz_3'.
Generating RTLIL representation for module `\gf180mcu_fd_sc_mcu7t5v0__invz_4'.
Generating RTLIL representation for module `\gf180mcu_fd_sc_mcu7t5v0__invz_8'.
Generating RTLIL representation for module `\gf180mcu_fd_sc_mcu7t5v0__invz_func'.
Generating RTLIL representation for module `\gf180mcu_fd_sc_mcu7t5v0__latq_1'.
Generating RTLIL representation for module `\gf180mcu_fd_sc_mcu7t5v0__latq_2'.
Generating RTLIL representation for module `\gf180mcu_fd_sc_mcu7t5v0__latq_4'.
Generating RTLIL representation for module `\gf180mcu_fd_sc_mcu7t5v0__latq_func'.
Generating RTLIL representation for module `\gf180mcu_fd_sc_mcu7t5v0__latrnq_1'.
Generating RTLIL representation for module `\gf180mcu_fd_sc_mcu7t5v0__latrnq_2'.
Generating RTLIL representation for module `\gf180mcu_fd_sc_mcu7t5v0__latrnq_4'.
Generating RTLIL representation for module `\gf180mcu_fd_sc_mcu7t5v0__latrnq_func'.
Generating RTLIL representation for module `\gf180mcu_fd_sc_mcu7t5v0__latrsnq_1'.
Generating RTLIL representation for module `\gf180mcu_fd_sc_mcu7t5v0__latrsnq_2'.
Generating RTLIL representation for module `\gf180mcu_fd_sc_mcu7t5v0__latrsnq_4'.
Generating RTLIL representation for module `\gf180mcu_fd_sc_mcu7t5v0__latrsnq_func'.
Generating RTLIL representation for module `\gf180mcu_fd_sc_mcu7t5v0__latsnq_1'.
Generating RTLIL representation for module `\gf180mcu_fd_sc_mcu7t5v0__latsnq_2'.
Generating RTLIL representation for module `\gf180mcu_fd_sc_mcu7t5v0__latsnq_4'.
Generating RTLIL representation for module `\gf180mcu_fd_sc_mcu7t5v0__latsnq_func'.
Generating RTLIL representation for module `\gf180mcu_fd_sc_mcu7t5v0__mux2_1'.
Generating RTLIL representation for module `\gf180mcu_fd_sc_mcu7t5v0__mux2_2'.
Generating RTLIL representation for module `\gf180mcu_fd_sc_mcu7t5v0__mux2_4'.
Generating RTLIL representation for module `\gf180mcu_fd_sc_mcu7t5v0__mux2_func'.
Generating RTLIL representation for module `\gf180mcu_fd_sc_mcu7t5v0__mux4_1'.
Generating RTLIL representation for module `\gf180mcu_fd_sc_mcu7t5v0__mux4_2'.
Generating RTLIL representation for module `\gf180mcu_fd_sc_mcu7t5v0__mux4_4'.
Generating RTLIL representation for module `\gf180mcu_fd_sc_mcu7t5v0__mux4_func'.
Generating RTLIL representation for module `\gf180mcu_fd_sc_mcu7t5v0__nand2_1'.
Generating RTLIL representation for module `\gf180mcu_fd_sc_mcu7t5v0__nand2_2'.
Generating RTLIL representation for module `\gf180mcu_fd_sc_mcu7t5v0__nand2_4'.
Generating RTLIL representation for module `\gf180mcu_fd_sc_mcu7t5v0__nand2_func'.
Generating RTLIL representation for module `\gf180mcu_fd_sc_mcu7t5v0__nand3_1'.
Generating RTLIL representation for module `\gf180mcu_fd_sc_mcu7t5v0__nand3_2'.
Generating RTLIL representation for module `\gf180mcu_fd_sc_mcu7t5v0__nand3_4'.
Generating RTLIL representation for module `\gf180mcu_fd_sc_mcu7t5v0__nand3_func'.
Generating RTLIL representation for module `\gf180mcu_fd_sc_mcu7t5v0__nand4_1'.
Generating RTLIL representation for module `\gf180mcu_fd_sc_mcu7t5v0__nand4_2'.
Generating RTLIL representation for module `\gf180mcu_fd_sc_mcu7t5v0__nand4_4'.
Generating RTLIL representation for module `\gf180mcu_fd_sc_mcu7t5v0__nand4_func'.
Generating RTLIL representation for module `\gf180mcu_fd_sc_mcu7t5v0__nor2_1'.
Generating RTLIL representation for module `\gf180mcu_fd_sc_mcu7t5v0__nor2_2'.
Generating RTLIL representation for module `\gf180mcu_fd_sc_mcu7t5v0__nor2_4'.
Generating RTLIL representation for module `\gf180mcu_fd_sc_mcu7t5v0__nor2_func'.
Generating RTLIL representation for module `\gf180mcu_fd_sc_mcu7t5v0__nor3_1'.
Generating RTLIL representation for module `\gf180mcu_fd_sc_mcu7t5v0__nor3_2'.
Generating RTLIL representation for module `\gf180mcu_fd_sc_mcu7t5v0__nor3_4'.
Generating RTLIL representation for module `\gf180mcu_fd_sc_mcu7t5v0__nor3_func'.
Generating RTLIL representation for module `\gf180mcu_fd_sc_mcu7t5v0__nor4_1'.
Generating RTLIL representation for module `\gf180mcu_fd_sc_mcu7t5v0__nor4_2'.
Generating RTLIL representation for module `\gf180mcu_fd_sc_mcu7t5v0__nor4_4'.
Generating RTLIL representation for module `\gf180mcu_fd_sc_mcu7t5v0__nor4_func'.
Generating RTLIL representation for module `\gf180mcu_fd_sc_mcu7t5v0__oai211_1'.
Generating RTLIL representation for module `\gf180mcu_fd_sc_mcu7t5v0__oai211_2'.
Generating RTLIL representation for module `\gf180mcu_fd_sc_mcu7t5v0__oai211_4'.
Generating RTLIL representation for module `\gf180mcu_fd_sc_mcu7t5v0__oai211_func'.
Generating RTLIL representation for module `\gf180mcu_fd_sc_mcu7t5v0__oai21_1'.
Generating RTLIL representation for module `\gf180mcu_fd_sc_mcu7t5v0__oai21_2'.
Generating RTLIL representation for module `\gf180mcu_fd_sc_mcu7t5v0__oai21_4'.
Generating RTLIL representation for module `\gf180mcu_fd_sc_mcu7t5v0__oai21_func'.
Generating RTLIL representation for module `\gf180mcu_fd_sc_mcu7t5v0__oai221_1'.
Generating RTLIL representation for module `\gf180mcu_fd_sc_mcu7t5v0__oai221_2'.
Generating RTLIL representation for module `\gf180mcu_fd_sc_mcu7t5v0__oai221_4'.
Generating RTLIL representation for module `\gf180mcu_fd_sc_mcu7t5v0__oai221_func'.
Generating RTLIL representation for module `\gf180mcu_fd_sc_mcu7t5v0__oai222_1'.
Generating RTLIL representation for module `\gf180mcu_fd_sc_mcu7t5v0__oai222_2'.
Generating RTLIL representation for module `\gf180mcu_fd_sc_mcu7t5v0__oai222_4'.
Generating RTLIL representation for module `\gf180mcu_fd_sc_mcu7t5v0__oai222_func'.
Generating RTLIL representation for module `\gf180mcu_fd_sc_mcu7t5v0__oai22_1'.
Generating RTLIL representation for module `\gf180mcu_fd_sc_mcu7t5v0__oai22_2'.
Generating RTLIL representation for module `\gf180mcu_fd_sc_mcu7t5v0__oai22_4'.
Generating RTLIL representation for module `\gf180mcu_fd_sc_mcu7t5v0__oai22_func'.
Generating RTLIL representation for module `\gf180mcu_fd_sc_mcu7t5v0__oai31_1'.
Generating RTLIL representation for module `\gf180mcu_fd_sc_mcu7t5v0__oai31_2'.
Generating RTLIL representation for module `\gf180mcu_fd_sc_mcu7t5v0__oai31_4'.
Generating RTLIL representation for module `\gf180mcu_fd_sc_mcu7t5v0__oai31_func'.
Generating RTLIL representation for module `\gf180mcu_fd_sc_mcu7t5v0__oai32_1'.
Generating RTLIL representation for module `\gf180mcu_fd_sc_mcu7t5v0__oai32_2'.
Generating RTLIL representation for module `\gf180mcu_fd_sc_mcu7t5v0__oai32_4'.
Generating RTLIL representation for module `\gf180mcu_fd_sc_mcu7t5v0__oai32_func'.
Generating RTLIL representation for module `\gf180mcu_fd_sc_mcu7t5v0__oai33_1'.
Generating RTLIL representation for module `\gf180mcu_fd_sc_mcu7t5v0__oai33_2'.
Generating RTLIL representation for module `\gf180mcu_fd_sc_mcu7t5v0__oai33_4'.
Generating RTLIL representation for module `\gf180mcu_fd_sc_mcu7t5v0__oai33_func'.
Generating RTLIL representation for module `\gf180mcu_fd_sc_mcu7t5v0__or2_1'.
Generating RTLIL representation for module `\gf180mcu_fd_sc_mcu7t5v0__or2_2'.
Generating RTLIL representation for module `\gf180mcu_fd_sc_mcu7t5v0__or2_4'.
Generating RTLIL representation for module `\gf180mcu_fd_sc_mcu7t5v0__or2_func'.
Generating RTLIL representation for module `\gf180mcu_fd_sc_mcu7t5v0__or3_1'.
Generating RTLIL representation for module `\gf180mcu_fd_sc_mcu7t5v0__or3_2'.
Generating RTLIL representation for module `\gf180mcu_fd_sc_mcu7t5v0__or3_4'.
Generating RTLIL representation for module `\gf180mcu_fd_sc_mcu7t5v0__or3_func'.
Generating RTLIL representation for module `\gf180mcu_fd_sc_mcu7t5v0__or4_1'.
Generating RTLIL representation for module `\gf180mcu_fd_sc_mcu7t5v0__or4_2'.
Generating RTLIL representation for module `\gf180mcu_fd_sc_mcu7t5v0__or4_4'.
Generating RTLIL representation for module `\gf180mcu_fd_sc_mcu7t5v0__or4_func'.
Generating RTLIL representation for module `\gf180mcu_fd_sc_mcu7t5v0__sdffq_1'.
Generating RTLIL representation for module `\gf180mcu_fd_sc_mcu7t5v0__sdffq_2'.
Generating RTLIL representation for module `\gf180mcu_fd_sc_mcu7t5v0__sdffq_4'.
Generating RTLIL representation for module `\gf180mcu_fd_sc_mcu7t5v0__sdffq_func'.
Generating RTLIL representation for module `\gf180mcu_fd_sc_mcu7t5v0__sdffrnq_1'.
Generating RTLIL representation for module `\gf180mcu_fd_sc_mcu7t5v0__sdffrnq_2'.
Generating RTLIL representation for module `\gf180mcu_fd_sc_mcu7t5v0__sdffrnq_4'.
Generating RTLIL representation for module `\gf180mcu_fd_sc_mcu7t5v0__sdffrnq_func'.
Generating RTLIL representation for module `\gf180mcu_fd_sc_mcu7t5v0__sdffrsnq_1'.
Generating RTLIL representation for module `\gf180mcu_fd_sc_mcu7t5v0__sdffrsnq_2'.
Generating RTLIL representation for module `\gf180mcu_fd_sc_mcu7t5v0__sdffrsnq_4'.
Generating RTLIL representation for module `\gf180mcu_fd_sc_mcu7t5v0__sdffrsnq_func'.
Generating RTLIL representation for module `\gf180mcu_fd_sc_mcu7t5v0__sdffsnq_1'.
Generating RTLIL representation for module `\gf180mcu_fd_sc_mcu7t5v0__sdffsnq_2'.
Generating RTLIL representation for module `\gf180mcu_fd_sc_mcu7t5v0__sdffsnq_4'.
Generating RTLIL representation for module `\gf180mcu_fd_sc_mcu7t5v0__sdffsnq_func'.
Generating RTLIL representation for module `\gf180mcu_fd_sc_mcu7t5v0__tieh'.
Generating RTLIL representation for module `\gf180mcu_fd_sc_mcu7t5v0__tieh_func'.
Generating RTLIL representation for module `\gf180mcu_fd_sc_mcu7t5v0__tiel'.
Generating RTLIL representation for module `\gf180mcu_fd_sc_mcu7t5v0__tiel_func'.
Generating RTLIL representation for module `\gf180mcu_fd_sc_mcu7t5v0__xnor2_1'.
Generating RTLIL representation for module `\gf180mcu_fd_sc_mcu7t5v0__xnor2_2'.
Generating RTLIL representation for module `\gf180mcu_fd_sc_mcu7t5v0__xnor2_4'.
Generating RTLIL representation for module `\gf180mcu_fd_sc_mcu7t5v0__xnor2_func'.
Generating RTLIL representation for module `\gf180mcu_fd_sc_mcu7t5v0__xnor3_1'.
Generating RTLIL representation for module `\gf180mcu_fd_sc_mcu7t5v0__xnor3_2'.
Generating RTLIL representation for module `\gf180mcu_fd_sc_mcu7t5v0__xnor3_4'.
Generating RTLIL representation for module `\gf180mcu_fd_sc_mcu7t5v0__xnor3_func'.
Generating RTLIL representation for module `\gf180mcu_fd_sc_mcu7t5v0__xor2_1'.
Generating RTLIL representation for module `\gf180mcu_fd_sc_mcu7t5v0__xor2_2'.
Generating RTLIL representation for module `\gf180mcu_fd_sc_mcu7t5v0__xor2_4'.
Generating RTLIL representation for module `\gf180mcu_fd_sc_mcu7t5v0__xor2_func'.
Generating RTLIL representation for module `\gf180mcu_fd_sc_mcu7t5v0__xor3_1'.
Generating RTLIL representation for module `\gf180mcu_fd_sc_mcu7t5v0__xor3_2'.
Generating RTLIL representation for module `\gf180mcu_fd_sc_mcu7t5v0__xor3_4'.
Generating RTLIL representation for module `\gf180mcu_fd_sc_mcu7t5v0__xor3_func'.
Successfully finished Verilog frontend.

2. Executing Verilog-2005 frontend: /workspace/librelane/runs/RUN_2026-08-09_12-36-47/tmp/9fb8bb8bdbc349509c00d7ed07d322d6.bb.v
Parsing SystemVerilog input from `/workspace/librelane/runs/RUN_2026-08-09_12-36-47/tmp/9fb8bb8bdbc349509c00d7ed07d322d6.bb.v' to AST representation.
Generating RTLIL representation for module `\gf180mcu_ef_io__bi_t'.
Generating RTLIL representation for module `\gf180mcu_fd_io__asig_5p0'.
Generating RTLIL representation for module `\gf180mcu_fd_io__bi_24t'.
Generating RTLIL representation for module `\gf180mcu_fd_io__bi_t'.
Generating RTLIL representation for module `\gf180mcu_fd_io__brk2'.
Generating RTLIL representation for module `\gf180mcu_fd_io__brk5'.
Generating RTLIL representation for module `\gf180mcu_fd_io__cor'.
Generating RTLIL representation for module `\gf180mcu_fd_io__dvdd'.
Generating RTLIL representation for module `\gf180mcu_fd_io__dvss'.
Generating RTLIL representation for module `\gf180mcu_fd_io__fill1'.
Generating RTLIL representation for module `\gf180mcu_fd_io__fill10'.
Generating RTLIL representation for module `\gf180mcu_fd_io__fill5'.
Generating RTLIL representation for module `\gf180mcu_fd_io__fillnc'.
Generating RTLIL representation for module `\gf180mcu_fd_io__in_c'.
Generating RTLIL representation for module `\gf180mcu_fd_io__in_s'.
Generating RTLIL representation for module `\gf180mcu_ws_io__dvdd'.
Generating RTLIL representation for module `\gf180mcu_ws_io__dvss'.
Successfully finished Verilog frontend.
use_slang

3. Executing SLANG frontend.
Top level design units:
    chip_core


Build succeeded: 0 errors, 0 warnings

3.1. Executing PROC_CLEAN pass (remove empty switches from decision trees).
Found and cleaned up 1 empty switch in `\sine_lut$chip_core.wave_controller_y_inst.u_sine.$8'.
Found and cleaned up 1 empty switch in `\sine_lut$chip_core.wave_controller_y_inst.u_sine.$5'.
Found and cleaned up 1 empty switch in `\sine_lut$chip_core.wave_controller_x_inst.u_sine.$8'.
Found and cleaned up 1 empty switch in `\sine_lut$chip_core.wave_controller_x_inst.u_sine.$5'.
Found and cleaned up 1 empty switch in `\signal_processor$chip_core.signal_processor_y_inst.$24'.
Found and cleaned up 1 empty switch in `\signal_processor$chip_core.signal_processor_y_inst.$13'.
Found and cleaned up 1 empty switch in `\signal_processor$chip_core.signal_processor_y_inst.$0'.
Found and cleaned up 1 empty switch in `\signal_processor$chip_core.signal_processor_x_inst.$24'.
Found and cleaned up 1 empty switch in `\signal_processor$chip_core.signal_processor_x_inst.$13'.
Found and cleaned up 1 empty switch in `\signal_processor$chip_core.signal_processor_x_inst.$0'.
Found and cleaned up 1 empty switch in `\wave_controller$chip_core.wave_controller_y_inst.$193'.
Found and cleaned up 1 empty switch in `\wave_controller$chip_core.wave_controller_y_inst.$188'.
Removing empty process `wave_controller$chip_core.wave_controller_y_inst.$181'.
Found and cleaned up 1 empty switch in `\wave_controller$chip_core.wave_controller_y_inst.$157'.
Found and cleaned up 1 empty switch in `\wave_controller$chip_core.wave_controller_y_inst.$43'.
Found and cleaned up 1 empty switch in `\wave_controller$chip_core.wave_controller_y_inst.$13'.
Found and cleaned up 1 empty switch in `\wave_controller$chip_core.wave_controller_y_inst.$7'.
Found and cleaned up 1 empty switch in `\wave_controller$chip_core.wave_controller_x_inst.$193'.
Found and cleaned up 1 empty switch in `\wave_controller$chip_core.wave_controller_x_inst.$188'.
Removing empty process `wave_controller$chip_core.wave_controller_x_inst.$181'.
Found and cleaned up 1 empty switch in `\wave_controller$chip_core.wave_controller_x_inst.$157'.
Found and cleaned up 1 empty switch in `\wave_controller$chip_core.wave_controller_x_inst.$43'.
Found and cleaned up 1 empty switch in `\wave_controller$chip_core.wave_controller_x_inst.$13'.
Found and cleaned up 1 empty switch in `\wave_controller$chip_core.wave_controller_x_inst.$7'.
Found and cleaned up 1 empty switch in `\state_machine$chip_core.state_machine_inst.$12'.
Removing empty process `state_machine$chip_core.state_machine_inst.$9'.
Found and cleaned up 1 empty switch in `\state_machine$chip_core.state_machine_inst.$0'.
Found and cleaned up 1 empty switch in `\spi_regs$chip_core.spi_regs_inst.$89'.
Found and cleaned up 1 empty switch in `\spi_regs$chip_core.spi_regs_inst.$62'.
Found and cleaned up 1 empty switch in `\spi_regs$chip_core.spi_regs_inst.$17'.
Removing empty process `spi_regs$chip_core.spi_regs_inst.$6'.
Removing empty process `spi_regs$chip_core.spi_regs_inst.$0'.
Removing empty process `chip_core.$17'.
Found and cleaned up 1 empty switch in `\chip_core.$2'.
Cleaned up 28 empty switches.

3.2. Executing TRIBUF pass.

3.3. Executing PROC_RMDEAD pass (remove dead branches from decision trees).
Marked 1 switch rules as full_case in process $8 in module sine_lut$chip_core.wave_controller_y_inst.u_sine.
Removed 1 dead cases from process $5 in module sine_lut$chip_core.wave_controller_y_inst.u_sine.
Marked 1 switch rules as full_case in process $5 in module sine_lut$chip_core.wave_controller_y_inst.u_sine.
Marked 1 switch rules as full_case in process $8 in module sine_lut$chip_core.wave_controller_x_inst.u_sine.
Removed 1 dead cases from process $5 in module sine_lut$chip_core.wave_controller_x_inst.u_sine.
Marked 1 switch rules as full_case in process $5 in module sine_lut$chip_core.wave_controller_x_inst.u_sine.
Marked 9 switch rules as full_case in process $24 in module signal_processor$chip_core.signal_processor_y_inst.
Marked 1 switch rules as full_case in process $13 in module signal_processor$chip_core.signal_processor_y_inst.
Marked 1 switch rules as full_case in process $0 in module signal_processor$chip_core.signal_processor_y_inst.
Marked 9 switch rules as full_case in process $24 in module signal_processor$chip_core.signal_processor_x_inst.
Marked 1 switch rules as full_case in process $13 in module signal_processor$chip_core.signal_processor_x_inst.
Marked 1 switch rules as full_case in process $0 in module signal_processor$chip_core.signal_processor_x_inst.
Marked 2 switch rules as full_case in process $188 in module wave_controller$chip_core.wave_controller_y_inst.
Marked 9 switch rules as full_case in process $193 in module wave_controller$chip_core.wave_controller_y_inst.
Marked 10 switch rules as full_case in process $157 in module wave_controller$chip_core.wave_controller_y_inst.
Marked 16 switch rules as full_case in process $43 in module wave_controller$chip_core.wave_controller_y_inst.
Marked 1 switch rules as full_case in process $13 in module wave_controller$chip_core.wave_controller_y_inst.
Marked 2 switch rules as full_case in process $7 in module wave_controller$chip_core.wave_controller_y_inst.
Marked 2 switch rules as full_case in process $188 in module wave_controller$chip_core.wave_controller_x_inst.
Marked 9 switch rules as full_case in process $193 in module wave_controller$chip_core.wave_controller_x_inst.
Marked 10 switch rules as full_case in process $157 in module wave_controller$chip_core.wave_controller_x_inst.
Marked 16 switch rules as full_case in process $43 in module wave_controller$chip_core.wave_controller_x_inst.
Marked 1 switch rules as full_case in process $13 in module wave_controller$chip_core.wave_controller_x_inst.
Marked 2 switch rules as full_case in process $7 in module wave_controller$chip_core.wave_controller_x_inst.
Marked 9 switch rules as full_case in process $0 in module state_machine$chip_core.state_machine_inst.
Marked 9 switch rules as full_case in process $17 in module spi_regs$chip_core.spi_regs_inst.
Marked 1 switch rules as full_case in process $62 in module spi_regs$chip_core.spi_regs_inst.
Marked 2 switch rules as full_case in process $2 in module chip_core.
Removed a total of 2 dead cases.

3.4. Executing PROC_PRUNE pass (remove redundant assignments in processes).
Removed 144 redundant assignments.
Promoted 0 assignments to connections.

3.5. Executing PROC_INIT pass (extract init attributes).

3.6. Executing PROC_ROM pass (convert switches to ROMs).
Converted 2 switches.
<suppressed ~178 debug messages>

3.7. Executing PROC_MUX pass (convert decision trees to multiplexers).
Creating decoders for process `\sine_lut$chip_core.wave_controller_y_inst.u_sine.$8'.
     1/1: $amp$11
Creating decoders for process `\sine_lut$chip_core.wave_controller_y_inst.u_sine.$5'.
     1/1: $q_val$6
Creating decoders for process `\sine_lut$chip_core.wave_controller_x_inst.u_sine.$8'.
     1/1: $amp$11
Creating decoders for process `\sine_lut$chip_core.wave_controller_x_inst.u_sine.$5'.
     1/1: $q_val$6
Creating decoders for process `\signal_processor$chip_core.signal_processor_y_inst.$24'.
     1/39: $cycle_count$46
     2/39: $cnt_out$45
     3/39: $cnt_in$44
     4/39: $jitter_flag$34
     5/39: $move_en$33
     6/39: $dir$32
     7/39: $jitter_flag$37
     8/39: $move_en$36
     9/39: $dir$35
    10/39: $votes_out_phase$43
    11/39: $votes_in_phase$42
    12/39: $jitter_flag$41
    13/39: $move_en$40
    14/39: $dir$39
    15/39: $cycle_count$56
    16/39: $cnt_out$55
    17/39: $cnt_in$54
    18/39: $s90_valid$53
    19/39: $votes_out_phase$52
    20/39: $votes_in_phase$51
    21/39: $phase_state$50
    22/39: $jitter_flag$49
    23/39: $move_en$48
    24/39: $dir$47
    25/39: $s90_valid$29
    26/39: $s90$28
    27/39: $cycle_count$69
    28/39: $cnt_out$68
    29/39: $cnt_in$67
    30/39: $s90_valid$66
    31/39: $s90$65
    32/39: $votes_out_phase$64
    33/39: $votes_in_phase$63
    34/39: $phase_state$62
    35/39: $jitter_flag$61
    36/39: $move_en$60
    37/39: $dir$59
    38/39: $latch_phase270_ack$58
    39/39: $latch_phase90_ack$57
Creating decoders for process `\signal_processor$chip_core.signal_processor_y_inst.$13'.
     1/4: $next_out$17
     2/4: $next_in$16
     3/4: $next_out$19
     4/4: $next_in$18
Creating decoders for process `\signal_processor$chip_core.signal_processor_y_inst.$0'.
     1/3: $s270_pipe$6
     2/3: $s90_pipe$5
     3/3: $comp_pipe$4
Creating decoders for process `\signal_processor$chip_core.signal_processor_x_inst.$24'.
     1/39: $cycle_count$46
     2/39: $cnt_out$45
     3/39: $cnt_in$44
     4/39: $jitter_flag$34
     5/39: $move_en$33
     6/39: $dir$32
     7/39: $jitter_flag$37
     8/39: $move_en$36
     9/39: $dir$35
    10/39: $votes_out_phase$43
    11/39: $votes_in_phase$42
    12/39: $jitter_flag$41
    13/39: $move_en$40
    14/39: $dir$39
    15/39: $cycle_count$56
    16/39: $cnt_out$55
    17/39: $cnt_in$54
    18/39: $s90_valid$53
    19/39: $votes_out_phase$52
    20/39: $votes_in_phase$51
    21/39: $phase_state$50
    22/39: $jitter_flag$49
    23/39: $move_en$48
    24/39: $dir$47
    25/39: $s90_valid$29
    26/39: $s90$28
    27/39: $cycle_count$69
    28/39: $cnt_out$68
    29/39: $cnt_in$67
    30/39: $s90_valid$66
    31/39: $s90$65
    32/39: $votes_out_phase$64
    33/39: $votes_in_phase$63
    34/39: $phase_state$62
    35/39: $jitter_flag$61
    36/39: $move_en$60
    37/39: $dir$59
    38/39: $latch_phase270_ack$58
    39/39: $latch_phase90_ack$57
Creating decoders for process `\signal_processor$chip_core.signal_processor_x_inst.$13'.
     1/4: $next_out$17
     2/4: $next_in$16
     3/4: $next_out$19
     4/4: $next_in$18
Creating decoders for process `\signal_processor$chip_core.signal_processor_x_inst.$0'.
     1/3: $s270_pipe$6
     2/3: $s90_pipe$5
     3/3: $comp_pipe$4
Creating decoders for process `\wave_controller$chip_core.wave_controller_y_inst.$188'.
     1/2: $ds_code$190
     2/2: $ds_code$191
Creating decoders for process `\wave_controller$chip_core.wave_controller_y_inst.$193'.
     1/20: $cal_burst_count$217
     2/20: $cal_burst_active$216
     3/20: $cal_burst_armed$215
     4/20: $ref_wave$214
     5/20: $mems_drv$213
     6/20: $cal_burst_count$212
     7/20: $cal_burst_active$211
     8/20: $cal_burst_armed$210
     9/20: $ref_wave$209
    10/20: $mems_drv$208
    11/20: $cal_burst_count$199
    12/20: $cal_burst_active$198
    13/20: $cal_burst_count$201
    14/20: $cal_burst_active$200
    15/20: $cal_burst_count$204
    16/20: $cal_burst_active$203
    17/20: $cal_burst_armed$202
    18/20: $cal_burst_count$207
    19/20: $cal_burst_active$206
    20/20: $cal_burst_armed$205
Creating decoders for process `\wave_controller$chip_core.wave_controller_y_inst.$157'.
     1/13: $latch_phase270$176
     2/13: $latch_phase90$175
     3/13: $latch_error$174
     4/13: $latch_phase270$173
     5/13: $latch_phase90$172
     6/13: $latch_phase270$169
     7/13: $latch_phase270$170
     8/13: $latch_phase90$165
     9/13: $latch_phase90$166
    10/13: $latch_error$177
    11/13: $latch_error$180
    12/13: $latch_phase270$179
    13/13: $latch_phase90$178
Creating decoders for process `\wave_controller$chip_core.wave_controller_y_inst.$43'.
     1/84: $capture_step$102
     2/84: $capture_pending$101
     3/84: $capture_step$80
     4/84: $capture_pending$79
     5/84: $raw_edge3$78
     6/84: $raw_edge1$77
     7/84: $delay_wave_cycle$76
     8/84: $cal_done$75
     9/84: $capture_step$86
    10/84: $capture_pending$85
    11/84: $raw_edge3$84
    12/84: $raw_edge1$83
    13/84: $delay_wave_cycle$82
    14/84: $cal_done$81
    15/84: $capture_step$67
    16/84: $delay_wave_cycle$62
    17/84: $capture_pending$66
    18/84: $cal_dir$65
    19/84: $raw_edge2$64
    20/84: $raw_edge1$63
    21/84: $capture_step$73
    22/84: $capture_pending$72
    23/84: $cal_dir$71
    24/84: $raw_edge2$70
    25/84: $raw_edge1$69
    26/84: $delay_wave_cycle$68
    27/84: $capture_step$94
    28/84: $capture_pending$93
    29/84: $cal_dir$92
    30/84: $raw_edge3$91
    31/84: $raw_edge2$90
    32/84: $raw_edge1$89
    33/84: $delay_wave_cycle$88
    34/84: $cal_done$87
    35/84: $cal_dir$100
    36/84: $raw_edge3$99
    37/84: $raw_edge2$98
    38/84: $raw_edge1$97
    39/84: $delay_wave_cycle$96
    40/84: $cal_done$95
    41/84: $capture_step$110
    42/84: $capture_pending$109
    43/84: $cal_dir$108
    44/84: $raw_edge3$107
    45/84: $raw_edge2$106
    46/84: $raw_edge1$105
    47/84: $delay_wave_cycle$104
    48/84: $cal_done$103
    49/84: $capture_step$59
    50/84: $capture_pending$58
    51/84: $raw_edge1$57
    52/84: $delay_wave_cycle$56
    53/84: $cal_timeout$53
    54/84: $wave_cycle_cnt$51
    55/84: $capture_step$120
    56/84: $capture_pending$119
    57/84: $wave_cycle_cnt$118
    58/84: $cal_dir$117
    59/84: $raw_edge3$116
    60/84: $raw_edge2$115
    61/84: $raw_edge1$114
    62/84: $delay_wave_cycle$113
    63/84: $cal_timeout$112
    64/84: $cal_done$111
    65/84: $capture_step$130
    66/84: $capture_pending$129
    67/84: $wave_cycle_cnt$128
    68/84: $cal_dir$127
    69/84: $raw_edge3$126
    70/84: $raw_edge2$125
    71/84: $raw_edge1$124
    72/84: $delay_wave_cycle$123
    73/84: $cal_timeout$122
    74/84: $cal_done$121
    75/84: $capture_step$140
    76/84: $capture_pending$139
    77/84: $wave_cycle_cnt$138
    78/84: $cal_dir$137
    79/84: $raw_edge3$136
    80/84: $raw_edge2$135
    81/84: $raw_edge1$134
    82/84: $delay_wave_cycle$133
    83/84: $cal_timeout$132
    84/84: $cal_done$131
Creating decoders for process `\wave_controller$chip_core.wave_controller_y_inst.$13'.
     1/5: $comp_sync4$21
     2/5: $comp_sync3$20
     3/5: $comp_sync2$19
     4/5: $comp_sync1$18
     5/5: $comp_sync0$17
Creating decoders for process `\wave_controller$chip_core.wave_controller_y_inst.$7'.
     1/2: $phase_acc$11
     2/2: $phase_acc$12
Creating decoders for process `\wave_controller$chip_core.wave_controller_x_inst.$188'.
     1/2: $ds_code$190
     2/2: $ds_code$191
Creating decoders for process `\wave_controller$chip_core.wave_controller_x_inst.$193'.
     1/20: $cal_burst_count$217
     2/20: $cal_burst_active$216
     3/20: $cal_burst_armed$215
     4/20: $ref_wave$214
     5/20: $mems_drv$213
     6/20: $cal_burst_count$212
     7/20: $cal_burst_active$211
     8/20: $cal_burst_armed$210
     9/20: $ref_wave$209
    10/20: $mems_drv$208
    11/20: $cal_burst_count$199
    12/20: $cal_burst_active$198
    13/20: $cal_burst_count$201
    14/20: $cal_burst_active$200
    15/20: $cal_burst_count$204
    16/20: $cal_burst_active$203
    17/20: $cal_burst_armed$202
    18/20: $cal_burst_count$207
    19/20: $cal_burst_active$206
    20/20: $cal_burst_armed$205
Creating decoders for process `\wave_controller$chip_core.wave_controller_x_inst.$157'.
     1/13: $latch_phase270$176
     2/13: $latch_phase90$175
     3/13: $latch_error$174
     4/13: $latch_phase270$173
     5/13: $latch_phase90$172
     6/13: $latch_phase270$169
     7/13: $latch_phase270$170
     8/13: $latch_phase90$165
     9/13: $latch_phase90$166
    10/13: $latch_error$177
    11/13: $latch_error$180
    12/13: $latch_phase270$179
    13/13: $latch_phase90$178
Creating decoders for process `\wave_controller$chip_core.wave_controller_x_inst.$43'.
     1/84: $capture_step$102
     2/84: $capture_pending$101
     3/84: $capture_step$80
     4/84: $capture_pending$79
     5/84: $raw_edge3$78
     6/84: $raw_edge1$77
     7/84: $delay_wave_cycle$76
     8/84: $cal_done$75
     9/84: $capture_step$86
    10/84: $capture_pending$85
    11/84: $raw_edge3$84
    12/84: $raw_edge1$83
    13/84: $delay_wave_cycle$82
    14/84: $cal_done$81
    15/84: $capture_step$67
    16/84: $delay_wave_cycle$62
    17/84: $capture_pending$66
    18/84: $cal_dir$65
    19/84: $raw_edge2$64
    20/84: $raw_edge1$63
    21/84: $capture_step$73
    22/84: $capture_pending$72
    23/84: $cal_dir$71
    24/84: $raw_edge2$70
    25/84: $raw_edge1$69
    26/84: $delay_wave_cycle$68
    27/84: $capture_step$94
    28/84: $capture_pending$93
    29/84: $cal_dir$92
    30/84: $raw_edge3$91
    31/84: $raw_edge2$90
    32/84: $raw_edge1$89
    33/84: $delay_wave_cycle$88
    34/84: $cal_done$87
    35/84: $cal_dir$100
    36/84: $raw_edge3$99
    37/84: $raw_edge2$98
    38/84: $raw_edge1$97
    39/84: $delay_wave_cycle$96
    40/84: $cal_done$95
    41/84: $capture_step$110
    42/84: $capture_pending$109
    43/84: $cal_dir$108
    44/84: $raw_edge3$107
    45/84: $raw_edge2$106
    46/84: $raw_edge1$105
    47/84: $delay_wave_cycle$104
    48/84: $cal_done$103
    49/84: $capture_step$59
    50/84: $capture_pending$58
    51/84: $raw_edge1$57
    52/84: $delay_wave_cycle$56
    53/84: $cal_timeout$53
    54/84: $wave_cycle_cnt$51
    55/84: $capture_step$120
    56/84: $capture_pending$119
    57/84: $wave_cycle_cnt$118
    58/84: $cal_dir$117
    59/84: $raw_edge3$116
    60/84: $raw_edge2$115
    61/84: $raw_edge1$114
    62/84: $delay_wave_cycle$113
    63/84: $cal_timeout$112
    64/84: $cal_done$111
    65/84: $capture_step$130
    66/84: $capture_pending$129
    67/84: $wave_cycle_cnt$128
    68/84: $cal_dir$127
    69/84: $raw_edge3$126
    70/84: $raw_edge2$125
    71/84: $raw_edge1$124
    72/84: $delay_wave_cycle$123
    73/84: $cal_timeout$122
    74/84: $cal_done$121
    75/84: $capture_step$140
    76/84: $capture_pending$139
    77/84: $wave_cycle_cnt$138
    78/84: $cal_dir$137
    79/84: $raw_edge3$136
    80/84: $raw_edge2$135
    81/84: $raw_edge1$134
    82/84: $delay_wave_cycle$133
    83/84: $cal_timeout$132
    84/84: $cal_done$131
Creating decoders for process `\wave_controller$chip_core.wave_controller_x_inst.$13'.
     1/5: $comp_sync4$21
     2/5: $comp_sync3$20
     3/5: $comp_sync2$19
     4/5: $comp_sync1$18
     5/5: $comp_sync0$17
Creating decoders for process `\wave_controller$chip_core.wave_controller_x_inst.$7'.
     1/2: $phase_acc$11
     2/2: $phase_acc$12
Creating decoders for process `\state_machine$chip_core.state_machine_inst.$12'.
     1/2: $read_en$14
     2/2: $cal_start$13
Creating decoders for process `\state_machine$chip_core.state_machine_inst.$0'.
     1/7: $state_d$4
     2/7: $state_d$5
     3/7: $state_d$2
     4/7: $state_d$3
     5/7: $state_d$1
     6/7: $state_d$6
     7/7: $state_d$7
Creating decoders for process `\spi_regs$chip_core.spi_regs_inst.$17'.
     1/35: $tx_shift$51
     2/35: $tx_shift$52
     3/35: $bit_cnt$34
     4/35: $reg_wr_data$24
     5/35: $reg_wr_addr$23
     6/35: $reg_wr_en$22
     7/35: $spi_addr$28
     8/35: $reg_wr_data$31
     9/35: $reg_wr_addr$30
    10/35: $reg_wr_en$29
    11/35: $rw_n$27
    12/35: $spi_state$26
    13/35: $reg_wr_data$39
    14/35: $reg_wr_addr$38
    15/35: $reg_wr_en$37
    16/35: $spi_addr$36
    17/35: $rw_n$35
    18/35: $spi_state$33
    19/35: $reg_wr_data$47
    20/35: $reg_wr_addr$46
    21/35: $reg_wr_en$45
    22/35: $rx_shift$44
    23/35: $spi_addr$43
    24/35: $rw_n$42
    25/35: $bit_cnt$41
    26/35: $spi_state$40
    27/35: $bit_cnt$54
    28/35: $spi_state$53
    29/35: $reg_wr_data$61
    30/35: $reg_wr_addr$60
    31/35: $reg_wr_en$59
    32/35: $tx_shift$58
    33/35: $rx_shift$57
    34/35: $spi_addr$56
    35/35: $rw_n$55
Creating decoders for process `\spi_regs$chip_core.spi_regs_inst.$89'.
     1/1: $reg_rd_data$90
Creating decoders for process `\spi_regs$chip_core.spi_regs_inst.$62'.
     1/38: $cfg_phase270_offset_y$72 [20:16]
     2/38: $cfg_phase270_offset_y$72 [15:8]
     3/38: $cfg_phase270_offset_y$72 [7:0]
     4/38: $cfg_phase90_offset_y$71 [15:8]
     5/38: $cfg_phase90_offset_y$71 [7:0]
     6/38: $cfg_phase0_offset_y$70 [15:8]
     7/38: $cfg_phase0_offset_y$70 [7:0]
     8/38: $cfg_phase270_offset_x$69 [15:8]
     9/38: $cfg_phase270_offset_x$69 [7:0]
    10/38: $cfg_phase90_offset_x$68 [15:8]
    11/38: $cfg_phase90_offset_x$68 [7:0]
    12/38: $cfg_phase0_offset_x$67 [15:8]
    13/38: $cfg_phase0_offset_x$67 [7:0]
    14/38: $cfg_f_MEMS_fcw_y$66 [7:0]
    15/38: $cfg_f_MEMS_fcw_x$65 [7:0]
    16/38: $phase_offset_imported$75
    17/38: $cfg_done$74
    18/38: $boot_complete$73
    19/38: $cfg_phase90_offset_y$71 [20:16]
    20/38: $cfg_phase0_offset_y$70 [20:16]
    21/38: $cfg_phase270_offset_x$69 [20:16]
    22/38: $cfg_phase90_offset_x$68 [20:16]
    23/38: $cfg_phase0_offset_x$67 [20:16]
    24/38: $cfg_f_MEMS_fcw_y$66 [15:8]
    25/38: $cfg_f_MEMS_fcw_x$65 [15:8]
    26/38: $soft_rst$76
    27/38: $soft_rst$88
    28/38: $phase_offset_imported$87
    29/38: $cfg_done$86
    30/38: $boot_complete$85
    31/38: $cfg_phase270_offset_y$84
    32/38: $cfg_phase90_offset_y$83
    33/38: $cfg_phase0_offset_y$82
    34/38: $cfg_phase270_offset_x$81
    35/38: $cfg_phase90_offset_x$80
    36/38: $cfg_phase0_offset_x$79
    37/38: $cfg_f_MEMS_fcw_y$78
    38/38: $cfg_f_MEMS_fcw_x$77
Creating decoders for process `\chip_core.$2'.
     1/2: $count$6
     2/2: $count$7

3.8. Executing PROC_CLEAN pass (remove empty switches from decision trees).
Found and cleaned up 1 empty switch in `\sine_lut$chip_core.wave_controller_y_inst.u_sine.$8'.
Removing empty process `sine_lut$chip_core.wave_controller_y_inst.u_sine.$8'.
Found and cleaned up 1 empty switch in `\sine_lut$chip_core.wave_controller_y_inst.u_sine.$5'.
Removing empty process `sine_lut$chip_core.wave_controller_y_inst.u_sine.$5'.
Found and cleaned up 1 empty switch in `\sine_lut$chip_core.wave_controller_x_inst.u_sine.$8'.
Removing empty process `sine_lut$chip_core.wave_controller_x_inst.u_sine.$8'.
Found and cleaned up 1 empty switch in `\sine_lut$chip_core.wave_controller_x_inst.u_sine.$5'.
Removing empty process `sine_lut$chip_core.wave_controller_x_inst.u_sine.$5'.
Found and cleaned up 11 empty switches in `\signal_processor$chip_core.signal_processor_y_inst.$24'.
Removing empty process `signal_processor$chip_core.signal_processor_y_inst.$24'.
Found and cleaned up 3 empty switches in `\signal_processor$chip_core.signal_processor_y_inst.$13'.
Removing empty process `signal_processor$chip_core.signal_processor_y_inst.$13'.
Found and cleaned up 1 empty switch in `\signal_processor$chip_core.signal_processor_y_inst.$0'.
Removing empty process `signal_processor$chip_core.signal_processor_y_inst.$0'.
Found and cleaned up 11 empty switches in `\signal_processor$chip_core.signal_processor_x_inst.$24'.
Removing empty process `signal_processor$chip_core.signal_processor_x_inst.$24'.
Found and cleaned up 3 empty switches in `\signal_processor$chip_core.signal_processor_x_inst.$13'.
Removing empty process `signal_processor$chip_core.signal_processor_x_inst.$13'.
Found and cleaned up 1 empty switch in `\signal_processor$chip_core.signal_processor_x_inst.$0'.
Removing empty process `signal_processor$chip_core.signal_processor_x_inst.$0'.
Found and cleaned up 3 empty switches in `\wave_controller$chip_core.wave_controller_y_inst.$188'.
Removing empty process `wave_controller$chip_core.wave_controller_y_inst.$188'.
Found and cleaned up 11 empty switches in `\wave_controller$chip_core.wave_controller_y_inst.$193'.
Removing empty process `wave_controller$chip_core.wave_controller_y_inst.$193'.
Found and cleaned up 13 empty switches in `\wave_controller$chip_core.wave_controller_y_inst.$157'.
Removing empty process `wave_controller$chip_core.wave_controller_y_inst.$157'.
Found and cleaned up 25 empty switches in `\wave_controller$chip_core.wave_controller_y_inst.$43'.
Removing empty process `wave_controller$chip_core.wave_controller_y_inst.$43'.
Found and cleaned up 1 empty switch in `\wave_controller$chip_core.wave_controller_y_inst.$13'.
Removing empty process `wave_controller$chip_core.wave_controller_y_inst.$13'.
Found and cleaned up 3 empty switches in `\wave_controller$chip_core.wave_controller_y_inst.$7'.
Removing empty process `wave_controller$chip_core.wave_controller_y_inst.$7'.
Found and cleaned up 3 empty switches in `\wave_controller$chip_core.wave_controller_x_inst.$188'.
Removing empty process `wave_controller$chip_core.wave_controller_x_inst.$188'.
Found and cleaned up 11 empty switches in `\wave_controller$chip_core.wave_controller_x_inst.$193'.
Removing empty process `wave_controller$chip_core.wave_controller_x_inst.$193'.
Found and cleaned up 13 empty switches in `\wave_controller$chip_core.wave_controller_x_inst.$157'.
Removing empty process `wave_controller$chip_core.wave_controller_x_inst.$157'.
Found and cleaned up 25 empty switches in `\wave_controller$chip_core.wave_controller_x_inst.$43'.
Removing empty process `wave_controller$chip_core.wave_controller_x_inst.$43'.
Found and cleaned up 1 empty switch in `\wave_controller$chip_core.wave_controller_x_inst.$13'.
Removing empty process `wave_controller$chip_core.wave_controller_x_inst.$13'.
Found and cleaned up 3 empty switches in `\wave_controller$chip_core.wave_controller_x_inst.$7'.
Removing empty process `wave_controller$chip_core.wave_controller_x_inst.$7'.
Found and cleaned up 1 empty switch in `\state_machine$chip_core.state_machine_inst.$12'.
Removing empty process `state_machine$chip_core.state_machine_inst.$12'.
Found and cleaned up 13 empty switches in `\state_machine$chip_core.state_machine_inst.$0'.
Removing empty process `state_machine$chip_core.state_machine_inst.$0'.
Found and cleaned up 13 empty switches in `\spi_regs$chip_core.spi_regs_inst.$17'.
Removing empty process `spi_regs$chip_core.spi_regs_inst.$17'.
Found and cleaned up 1 empty switch in `\spi_regs$chip_core.spi_regs_inst.$89'.
Removing empty process `spi_regs$chip_core.spi_regs_inst.$89'.
Found and cleaned up 3 empty switches in `\spi_regs$chip_core.spi_regs_inst.$62'.
Removing empty process `spi_regs$chip_core.spi_regs_inst.$62'.
Found and cleaned up 3 empty switches in `\chip_core.$2'.
Removing empty process `chip_core.$2'.
Cleaned up 180 empty switches.

3.9. Executing OPT_EXPR pass (perform const folding).
Optimizing module sine_lut$chip_core.wave_controller_y_inst.u_sine.
Optimizing module sine_lut$chip_core.wave_controller_x_inst.u_sine.
Optimizing module signal_processor$chip_core.signal_processor_y_inst.
<suppressed ~44 debug messages>
Optimizing module signal_processor$chip_core.signal_processor_x_inst.
<suppressed ~44 debug messages>
Optimizing module wave_controller$chip_core.wave_controller_y_inst.
<suppressed ~181 debug messages>
Optimizing module wave_controller$chip_core.wave_controller_x_inst.
<suppressed ~181 debug messages>
Optimizing module state_machine$chip_core.state_machine_inst.
<suppressed ~3 debug messages>
Optimizing module spi_regs$chip_core.spi_regs_inst.
<suppressed ~11 debug messages>
Optimizing module chip_core.
<suppressed ~3 debug messages>

4. Executing HIERARCHY pass (managing design hierarchy).

4.1. Analyzing design hierarchy..
Top module:  \chip_core
Used module:     \signal_processor$chip_core.signal_processor_y_inst
Used module:     \signal_processor$chip_core.signal_processor_x_inst
Used module:     \wave_controller$chip_core.wave_controller_y_inst
Used module:         \sine_lut$chip_core.wave_controller_y_inst.u_sine
Used module:     \wave_controller$chip_core.wave_controller_x_inst
Used module:         \sine_lut$chip_core.wave_controller_x_inst.u_sine
Used module:     \state_machine$chip_core.state_machine_inst
Used module:     \spi_regs$chip_core.spi_regs_inst

4.2. Analyzing design hierarchy..
Top module:  \chip_core
Used module:     \signal_processor$chip_core.signal_processor_y_inst
Used module:     \signal_processor$chip_core.signal_processor_x_inst
Used module:     \wave_controller$chip_core.wave_controller_y_inst
Used module:         \sine_lut$chip_core.wave_controller_y_inst.u_sine
Used module:     \wave_controller$chip_core.wave_controller_x_inst
Used module:         \sine_lut$chip_core.wave_controller_x_inst.u_sine
Used module:     \state_machine$chip_core.state_machine_inst
Used module:     \spi_regs$chip_core.spi_regs_inst
Removed 0 unused modules.
Renaming module chip_core to chip_core.

5. Executing PROC pass (convert processes to netlists).

5.1. Executing PROC_CLEAN pass (remove empty switches from decision trees).
Cleaned up 0 empty switches.

5.2. Executing PROC_RMDEAD pass (remove dead branches from decision trees).
Removed a total of 0 dead cases.

5.3. Executing PROC_PRUNE pass (remove redundant assignments in processes).
Removed 0 redundant assignments.
Promoted 0 assignments to connections.

5.4. Executing PROC_INIT pass (extract init attributes).

5.5. Executing PROC_ARST pass (detect async resets in processes).

5.6. Executing PROC_ROM pass (convert switches to ROMs).
Converted 0 switches.

5.7. Executing PROC_MUX pass (convert decision trees to multiplexers).

5.8. Executing PROC_DLATCH pass (convert process syncs to latches).

5.9. Executing PROC_DFF pass (convert process syncs to FFs).

5.10. Executing PROC_MEMWR pass (convert process memory writes to cells).

5.11. Executing PROC_CLEAN pass (remove empty switches from decision trees).
Cleaned up 0 empty switches.

5.12. Executing OPT_EXPR pass (perform const folding).
Optimizing module chip_core.
Optimizing module sine_lut$chip_core.wave_controller_x_inst.u_sine.
Optimizing module signal_processor$chip_core.signal_processor_y_inst.
Optimizing module signal_processor$chip_core.signal_processor_x_inst.
Optimizing module wave_controller$chip_core.wave_controller_y_inst.
Optimizing module wave_controller$chip_core.wave_controller_x_inst.
Optimizing module state_machine$chip_core.state_machine_inst.
Optimizing module spi_regs$chip_core.spi_regs_inst.
Optimizing module sine_lut$chip_core.wave_controller_y_inst.u_sine.

6. Executing FLATTEN pass (flatten design).
Keeping chip_core.spi_regs_inst (found keep_hierarchy attribute).
Keeping chip_core.state_machine_inst (found keep_hierarchy attribute).
Keeping chip_core.wave_controller_x_inst (found keep_hierarchy attribute).
Keeping chip_core.wave_controller_y_inst (found keep_hierarchy attribute).
Keeping chip_core.signal_processor_x_inst (found keep_hierarchy attribute).
Keeping chip_core.signal_processor_y_inst (found keep_hierarchy attribute).
Deleting now unused module sine_lut$chip_core.wave_controller_x_inst.u_sine.
Deleting now unused module sine_lut$chip_core.wave_controller_y_inst.u_sine.
<suppressed ~2 debug messages>

7. Executing OPT_CLEAN pass (remove unused cells and wires).
Finding unused cells or wires in module \signal_processor$chip_core.signal_processor_y_inst..
Finding unused cells or wires in module \signal_processor$chip_core.signal_processor_x_inst..
Finding unused cells or wires in module \wave_controller$chip_core.wave_controller_y_inst..
Finding unused cells or wires in module \wave_controller$chip_core.wave_controller_x_inst..
Finding unused cells or wires in module \state_machine$chip_core.state_machine_inst..
Finding unused cells or wires in module \spi_regs$chip_core.spi_regs_inst..
Finding unused cells or wires in module \chip_core..
Removed 41 unused cells and 1826 unused wires.
<suppressed ~168 debug messages>
