Clock: clk
Sources: clk 
Generated: no
Virtual: yes
Propagated: no
Period: 200.000000

===========================================================================
report_clock_properties
============================================================================
Clock                   Period          Waveform
----------------------------------------------------
clk                 200.000000    0.000000100.000000

===========================================================================
report_clock_latency
============================================================================
Clock clk
rise -> rise
    min     max
0.000000 0.000000 source latency
10.982141         network latency _11603_/CLK
        10.982398 network latency _11549_/CLK
---------------
10.982141 10.982398 latency
        0.000257 skew

fall -> fall
    min     max
0.000000 0.000000 source latency
6.053995         network latency _12042_/CLK
        6.054265 network latency _11557_/CLK
---------------
6.053995 6.054265 latency
        0.000270 skew



===========================================================================
report_clock_min_period
============================================================================
clk period_min = 57.35 fmax = 17.44
