Reading timing models for corner max_ss_125C_3v00…
Reading timing library for the 'max_ss_125C_3v00' corner at '/foss/pdks/gf180mcuD/libs.ref/gf180mcu_fd_sc_mcu7t5v0/lib/gf180mcu_fd_sc_mcu7t5v0__ss_125C_3v00.lib'…
Reading timing models for corner min_ff_n40C_3v60…
Reading timing library for the 'min_ff_n40C_3v60' corner at '/foss/pdks/gf180mcuD/libs.ref/gf180mcu_fd_sc_mcu7t5v0/lib/gf180mcu_fd_sc_mcu7t5v0__ff_n40C_3v60.lib'…
Reading timing models for corner nom_tt_025C_3v30…
Reading timing library for the 'nom_tt_025C_3v30' corner at '/foss/pdks/gf180mcuD/libs.ref/gf180mcu_fd_sc_mcu7t5v0/lib/gf180mcu_fd_sc_mcu7t5v0__tt_025C_3v30.lib'…
Reading OpenROAD database at '/workspace/librelane/runs/RUN_2026-08-10_00-21-44/34-openroad-detailedplacement/wave_controller.odb'…
Reading design constraints file at '/usr/local/lib/python3.12/dist-packages/librelane/scripts/base.sdc'…
[INFO] Using clock clk…
[INFO] Setting output delay to: 40
[INFO] Setting input delay to: 40
[INFO] Setting load to: 0.07291
[INFO] Setting clock uncertainty to: 0.25
[INFO] Setting clock transition to: 0.15
[INFO] Setting timing derate to: 5%
[INFO] Configuring cts characterization…
+ configure_cts_characterization 
[INFO] Performing clock tree synthesis…
[INFO] Looking for the following net(s): clk
[INFO] Running Clock Tree Synthesis…
+ clock_tree_synthesis -buf_list gf180mcu_fd_sc_mcu7t5v0__clkbuf_2 gf180mcu_fd_sc_mcu7t5v0__clkbuf_4 gf180mcu_fd_sc_mcu7t5v0__clkbuf_8 -root_buf gf180mcu_fd_sc_mcu7t5v0__clkbuf_16 -sink_clustering_enable -apply_ndr half
[INFO CTS-0050] Root buffer is gf180mcu_fd_sc_mcu7t5v0__clkbuf_16.
[INFO CTS-0051] Sink buffer is gf180mcu_fd_sc_mcu7t5v0__clkbuf_8.
[INFO CTS-0052] The following clock buffers will be used for CTS:
                    gf180mcu_fd_sc_mcu7t5v0__clkbuf_2
                    gf180mcu_fd_sc_mcu7t5v0__clkbuf_4
                    gf180mcu_fd_sc_mcu7t5v0__clkbuf_8
[INFO CTS-0049] Characterization buffer is gf180mcu_fd_sc_mcu7t5v0__clkbuf_8.
[INFO CTS-0007] Net "clk" found for clock "clk".
[INFO CTS-0010]  Clock net "clk" has 129 sinks.
[INFO CTS-0008] TritonCTS found 1 clock nets.
[INFO CTS-0097] Characterization used 3 buffer(s) types.
[INFO CTS-0201] 0 blockages from hard placement blockages and placed macros will be used.
[INFO CTS-0027] Generating H-Tree topology for net clk.
[INFO CTS-0028]  Total number of sinks: 129.
[INFO CTS-0090]  Sinks will be clustered based on buffer max cap.
[INFO CTS-0030]  Number of static layers: 0.
[INFO CTS-0020]  Wire segment unit: 39200  dbu (19 um).
[INFO CTS-0023]  Original sink region: [(112730, 50960), (735450, 560560)].
[INFO CTS-0024]  Normalized sink region: [(2.87577, 1.3), (18.7615, 14.3)].
[INFO CTS-0025]     Width:  15.8857.
[INFO CTS-0026]     Height: 13.0000.
 Level 1
    Direction: Horizontal
    Sinks per sub-region: 65
    Sub-region size: 7.9429 X 13.0000
[INFO CTS-0034]     Segment length (rounded): 4.
 Level 2
    Direction: Vertical
    Sinks per sub-region: 33
    Sub-region size: 7.9429 X 6.5000
[INFO CTS-0034]     Segment length (rounded): 4.
 Level 3
    Direction: Horizontal
    Sinks per sub-region: 17
    Sub-region size: 3.9714 X 6.5000
[INFO CTS-0034]     Segment length (rounded): 2.
 Level 4
    Direction: Vertical
    Sinks per sub-region: 9
    Sub-region size: 3.9714 X 3.2500
[INFO CTS-0034]     Segment length (rounded): 1.
[INFO CTS-0032]  Stop criterion found. Max number of sinks is 10.
[INFO CTS-0035]  Number of sinks covered: 129.
[INFO CTS-0018]     Created 17 clock buffers.
[INFO CTS-0012]     Minimum number of buffers in the clock path: 2.
[INFO CTS-0013]     Maximum number of buffers in the clock path: 2.
[INFO CTS-0015]     Created 17 clock nets.
[INFO CTS-0016]     Fanout distribution for the current clock = 8:15, 9:1..
[INFO CTS-0017]     Max level of the clock tree: 4.
[INFO CTS-0098] Clock net "clk"
[INFO CTS-0099]  Sinks 144
[INFO CTS-0100]  Leaf buffers 0
[INFO CTS-0101]  Average sink wire length 534.30 um
[INFO CTS-0102]  Path depth 2 - 2
[INFO CTS-0207]  Dummy loads inserted 15
[INFO] Repairing long wires on clock nets…
[INFO RSZ-0058] Using max wire length 334316um.
Setting global connections for newly added cells…
[INFO] Setting global connections...
[INFO ODB-0403] 128 connections made, 0 conflicts skipped.
Updating metrics…
Cell type report:                       Count       Area
  Endcap cell                             194     851.74
  Tap cell                                940    4126.98
  Buffer                                    2      26.34
  Clock buffer                             32    1286.39
  Timing Repair Buffer                    663   12899.00
  Inverter                                187    1773.72
  Sequential cell                         129   10036.45
  Multi-Input combinational cell         1669   35834.44
  Total                                  3816   66835.06
Writing OpenROAD database to '/workspace/librelane/runs/RUN_2026-08-10_00-21-44/35-openroad-cts/wave_controller.odb'…
Writing netlist to '/workspace/librelane/runs/RUN_2026-08-10_00-21-44/35-openroad-cts/wave_controller.nl.v'…
Writing powered netlist to '/workspace/librelane/runs/RUN_2026-08-10_00-21-44/35-openroad-cts/wave_controller.pnl.v'…
Writing layout to '/workspace/librelane/runs/RUN_2026-08-10_00-21-44/35-openroad-cts/wave_controller.def'…
Writing timing constraints to '/workspace/librelane/runs/RUN_2026-08-10_00-21-44/35-openroad-cts/wave_controller.sdc'…
[INFO] Legalizing…
+ detailed_placement -max_displacement  500 100 
Placement Analysis
---------------------------------
total displacement       2270.1 u
average displacement        0.6 u
max displacement           47.6 u
original HPWL          117464.5 u
legalized HPWL         121962.2 u
delta HPWL                    4 %

[INFO DPL-0020] Mirrored 1116 instances
[INFO DPL-0021] HPWL before          121962.2 u
[INFO DPL-0022] HPWL after           119449.5 u
[INFO DPL-0023] HPWL delta               -2.1 %
Setting global connections for newly added cells…
[INFO] Setting global connections...
[INFO ODB-0403] 0 connections made, 0 conflicts skipped.
Updating metrics…
Cell type report:                       Count       Area
  Endcap cell                             194     851.74
  Tap cell                                940    4126.98
  Buffer                                    2      26.34
  Clock buffer                             32    1286.39
  Timing Repair Buffer                    663   12899.00
  Inverter                                187    1773.72
  Sequential cell                         129   10036.45
  Multi-Input combinational cell         1669   35834.44
  Total                                  3816   66835.06
Writing OpenROAD database to '/workspace/librelane/runs/RUN_2026-08-10_00-21-44/35-openroad-cts/wave_controller.odb'…
Writing netlist to '/workspace/librelane/runs/RUN_2026-08-10_00-21-44/35-openroad-cts/wave_controller.nl.v'…
Writing powered netlist to '/workspace/librelane/runs/RUN_2026-08-10_00-21-44/35-openroad-cts/wave_controller.pnl.v'…
Writing layout to '/workspace/librelane/runs/RUN_2026-08-10_00-21-44/35-openroad-cts/wave_controller.def'…
Writing timing constraints to '/workspace/librelane/runs/RUN_2026-08-10_00-21-44/35-openroad-cts/wave_controller.sdc'…
%OL_CREATE_REPORT cts.rpt
Total number of Clock Roots: 1.
Total number of Buffers Inserted: 17.
Total number of Clock Subnets: 17.
Total number of Sinks: 129.
Cells used:
  gf180mcu_fd_sc_mcu7t5v0__clkbuf_8: 16
  gf180mcu_fd_sc_mcu7t5v0__clkbuf_16: 1
Dummys used:
  gf180mcu_fd_sc_mcu7t5v0__clkbuf_2: 15
%OL_END_REPORT
