
===========================================================================
 report_power
============================================================================
======================= min_ff_n40C_5v50 Corner ===================================

Group                    Internal    Switching      Leakage        Total
                            Power        Power        Power        Power (Watts)
------------------------------------------------------------------------
Sequential           1.922585e-03 1.699432e-05 2.949973e-07 1.939875e-03  51.2%
Combinational        4.899925e-05 6.225061e-05 8.303949e-07 1.120803e-04   3.0%
Clock                9.350304e-04 8.027673e-04 9.530016e-07 1.738751e-03  45.9%
Macro                0.000000e+00 0.000000e+00 0.000000e+00 0.000000e+00   0.0%
Pad                  0.000000e+00 0.000000e+00 0.000000e+00 0.000000e+00   0.0%
------------------------------------------------------------------------
Total                2.906614e-03 8.820120e-04 2.078433e-06 3.790705e-03 100.0%
                            76.7%        23.3%         0.1%

