
===========================================================================
report_checks -unconstrained
===========================================================================
======================= min_ff_n40C_3v60 Corner ===================================

Startpoint: rst_n (input port clocked by clk)
Endpoint: _216_ (recovery check against rising-edge clock clk)
Path Group: asynchronous
Path Type: max

Fanout         Cap        Slew       Delay        Time   Description
---------------------------------------------------------------------------------------------
                      0.150000    0.000000    0.000000   clock clk (rise edge)
                                  0.000000    0.000000   clock network delay (ideal)
                                 40.000000   40.000000 ^ input external delay
    41    0.296717    4.342389    2.476693   42.476692 ^ rst_n (in)
                                                         rst_n (net)
                      4.342389    0.000000   42.476692 ^ _216_/RN (gf180mcu_fd_sc_mcu7t5v0__dffrnq_1)
                                             42.476692   data arrival time

                      0.150000  200.000000  200.000000   clock clk (rise edge)
                                  0.000000  200.000000   clock network delay (ideal)
                                 -0.250000  199.750000   clock uncertainty
                                  0.000000  199.750000   clock reconvergence pessimism
                                            199.750000 ^ _216_/CLK (gf180mcu_fd_sc_mcu7t5v0__dffrnq_1)
                                 -1.249618  198.500381   library recovery time
                                            198.500381   data required time
---------------------------------------------------------------------------------------------
                                            198.500381   data required time
                                            -42.476692   data arrival time
---------------------------------------------------------------------------------------------
                                            156.023682   slack (MET)


Startpoint: soft_rst_n (input port clocked by clk)
Endpoint: _242_ (rising edge-triggered flip-flop clocked by clk)
Path Group: clk
Path Type: max

Fanout         Cap        Slew       Delay        Time   Description
---------------------------------------------------------------------------------------------
                      0.150000    0.000000    0.000000   clock clk (rise edge)
                                  0.000000    0.000000   clock network delay (ideal)
                                 40.000000   40.000000 ^ input external delay
    23    0.078948    1.187674    0.662151   40.662151 ^ soft_rst_n (in)
                                                         soft_rst_n (net)
                      1.187674    0.000000   40.662151 ^ _108_/I (gf180mcu_fd_sc_mcu7t5v0__clkinv_1)
     4    0.017900    0.467899    0.330846   40.993000 v _108_/ZN (gf180mcu_fd_sc_mcu7t5v0__clkinv_1)
                                                         _101_ (net)
                      0.467899    0.000000   40.993000 v _142_/A1 (gf180mcu_fd_sc_mcu7t5v0__nor2_1)
    11    0.049034    1.358336    0.896890   41.889889 ^ _142_/ZN (gf180mcu_fd_sc_mcu7t5v0__nor2_1)
                                                         _054_ (net)
                      1.358336    0.000000   41.889889 ^ _180_/A2 (gf180mcu_fd_sc_mcu7t5v0__nand2_1)
     3    0.013708    0.407336    0.196973   42.086861 v _180_/ZN (gf180mcu_fd_sc_mcu7t5v0__nand2_1)
                                                         _080_ (net)
                      0.407336    0.000000   42.086861 v _191_/A2 (gf180mcu_fd_sc_mcu7t5v0__oai31_1)
     1    0.003020    0.406055    0.346184   42.433044 ^ _191_/ZN (gf180mcu_fd_sc_mcu7t5v0__oai31_1)
                                                         _029_ (net)
                      0.406055    0.000000   42.433044 ^ _242_/D (gf180mcu_fd_sc_mcu7t5v0__dffrnq_1)
                                             42.433044   data arrival time

                      0.150000  200.000000  200.000000   clock clk (rise edge)
                                  0.000000  200.000000   clock network delay (ideal)
                                 -0.250000  199.750000   clock uncertainty
                                  0.000000  199.750000   clock reconvergence pessimism
                                            199.750000 ^ _242_/CLK (gf180mcu_fd_sc_mcu7t5v0__dffrnq_1)
                                 -0.285942  199.464066   library setup time
                                            199.464066   data required time
---------------------------------------------------------------------------------------------
                                            199.464066   data required time
                                            -42.433044   data arrival time
---------------------------------------------------------------------------------------------
                                            157.031021   slack (MET)




===========================================================================
report_checks --slack_max -0.01
============================================================================
======================= min_ff_n40C_3v60 Corner ===================================

No paths found.


===========================================================================
 report_check_types -max_slew -max_cap -max_fanout -violators
============================================================================
======================= min_ff_n40C_3v60 Corner ===================================

max slew

Pin                                        Limit        Slew       Slack
------------------------------------------------------------------------
rst_n                                   3.000000    4.342389   -1.342389 (VIOLATED)
_216_/RN                                3.000000    4.342389   -1.342389 (VIOLATED)
_217_/RN                                3.000000    4.342389   -1.342389 (VIOLATED)
_218_/RN                                3.000000    4.342389   -1.342389 (VIOLATED)
_219_/RN                                3.000000    4.342389   -1.342389 (VIOLATED)
_220_/RN                                3.000000    4.342389   -1.342389 (VIOLATED)
_221_/RN                                3.000000    4.342389   -1.342389 (VIOLATED)
_222_/RN                                3.000000    4.342389   -1.342389 (VIOLATED)
_223_/RN                                3.000000    4.342389   -1.342389 (VIOLATED)
_224_/RN                                3.000000    4.342389   -1.342389 (VIOLATED)
_225_/RN                                3.000000    4.342389   -1.342389 (VIOLATED)
_226_/RN                                3.000000    4.342389   -1.342389 (VIOLATED)
_227_/RN                                3.000000    4.342389   -1.342389 (VIOLATED)
_228_/RN                                3.000000    4.342389   -1.342389 (VIOLATED)
_229_/RN                                3.000000    4.342389   -1.342389 (VIOLATED)
_230_/RN                                3.000000    4.342389   -1.342389 (VIOLATED)
_231_/RN                                3.000000    4.342389   -1.342389 (VIOLATED)
_232_/RN                                3.000000    4.342389   -1.342389 (VIOLATED)
_233_/RN                                3.000000    4.342389   -1.342389 (VIOLATED)
_234_/RN                                3.000000    4.342389   -1.342389 (VIOLATED)
_235_/RN                                3.000000    4.342389   -1.342389 (VIOLATED)
_236_/RN                                3.000000    4.342389   -1.342389 (VIOLATED)
_237_/RN                                3.000000    4.342389   -1.342389 (VIOLATED)
_238_/RN                                3.000000    4.342389   -1.342389 (VIOLATED)
_239_/RN                                3.000000    4.342389   -1.342389 (VIOLATED)
_240_/RN                                3.000000    4.342389   -1.342389 (VIOLATED)
_241_/RN                                3.000000    4.342389   -1.342389 (VIOLATED)
_242_/RN                                3.000000    4.342389   -1.342389 (VIOLATED)
_243_/RN                                3.000000    4.342389   -1.342389 (VIOLATED)
_244_/RN                                3.000000    4.342389   -1.342389 (VIOLATED)
_245_/RN                                3.000000    4.342389   -1.342389 (VIOLATED)
_246_/RN                                3.000000    4.342389   -1.342389 (VIOLATED)
_247_/RN                                3.000000    4.342389   -1.342389 (VIOLATED)
_248_/RN                                3.000000    4.342389   -1.342389 (VIOLATED)
_249_/RN                                3.000000    4.342389   -1.342389 (VIOLATED)
_250_/RN                                3.000000    4.342389   -1.342389 (VIOLATED)
_251_/RN                                3.000000    4.342389   -1.342389 (VIOLATED)
_252_/RN                                3.000000    4.342389   -1.342389 (VIOLATED)
_253_/RN                                3.000000    4.342389   -1.342389 (VIOLATED)
_254_/RN                                3.000000    4.342389   -1.342389 (VIOLATED)
_255_/RN                                3.000000    4.342389   -1.342389 (VIOLATED)
_256_/RN                                3.000000    4.342389   -1.342389 (VIOLATED)

max fanout

Pin                                   Limit Fanout  Slack
---------------------------------------------------------
rst_n                                    10     41    -31 (VIOLATED)
soft_rst_n                               10     23    -13 (VIOLATED)
_142_/ZN                                 10     11        (VIOLATED)

max capacitance

Pin                                        Limit         Cap       Slack
------------------------------------------------------------------------
rst_n                                   0.200000    0.296717   -0.096717 (VIOLATED)



===========================================================================
report_parasitic_annotation -report_unannotated
============================================================================
Found 155 unannotated drivers.
 clk
 comp_raw
 latch_phase270
 latch_phase90
 rst_n
 soft_rst_n
 _108_/ZN
 _109_/ZN
 _110_/ZN
 _111_/ZN
 _112_/ZN
 _113_/ZN
 _114_/ZN
 _115_/Z
 _116_/Z
 _117_/Z
 _118_/Z
 _119_/Z
 _120_/Z
 _121_/Z
 _122_/Z
 _123_/Z
 _124_/Z
 _125_/Z
 _126_/Z
 _127_/Z
 _128_/Z
 _129_/Z
 _130_/ZN
 _131_/ZN
 _132_/Z
 _133_/ZN
 _134_/ZN
 _135_/ZN
 _136_/ZN
 _137_/ZN
 _138_/ZN
 _139_/ZN
 _140_/Z
 _141_/ZN
 _142_/ZN
 _143_/ZN
 _144_/ZN
 _145_/ZN
 _146_/Z
 _147_/ZN
 _148_/ZN
 _149_/ZN
 _150_/ZN
 _151_/ZN
 _152_/ZN
 _153_/ZN
 _154_/ZN
 _155_/ZN
 _156_/ZN
 _157_/ZN
 _158_/Z
 _159_/ZN
 _160_/ZN
 _161_/ZN
 _162_/ZN
 _163_/Z
 _164_/ZN
 _165_/ZN
 _166_/Z
 _167_/ZN
 _168_/ZN
 _169_/Z
 _170_/ZN
 _171_/Z
 _172_/ZN
 _173_/ZN
 _174_/ZN
 _175_/Z
 _176_/ZN
 _177_/ZN
 _178_/ZN
 _179_/ZN
 _180_/ZN
 _181_/ZN
 _182_/Z
 _183_/ZN
 _184_/ZN
 _185_/ZN
 _186_/ZN
 _187_/ZN
 _188_/ZN
 _189_/ZN
 _190_/ZN
 _191_/ZN
 _192_/ZN
 _193_/ZN
 _194_/Z
 _195_/ZN
 _196_/ZN
 _197_/ZN
 _198_/ZN
 _199_/ZN
 _200_/ZN
 _201_/ZN
 _202_/ZN
 _203_/ZN
 _204_/ZN
 _205_/ZN
 _206_/ZN
 _207_/ZN
 _208_/ZN
 _209_/ZN
 _210_/ZN
 _211_/ZN
 _212_/ZN
 _213_/ZN
 _214_/ZN
 _215_/ZN
 _216_/Q
 _217_/Q
 _218_/Q
 _219_/Q
 _220_/Q
 _221_/Q
 _222_/Q
 _223_/Q
 _224_/Q
 _225_/Q
 _226_/Q
 _227_/Q
 _228_/Q
 _229_/Q
 _230_/Q
 _231_/Q
 _232_/Q
 _233_/Q
 _234_/Q
 _235_/Q
 _236_/Q
 _237_/Q
 _238_/Q
 _239_/Q
 _240_/Q
 _241_/Q
 _242_/Q
 _243_/Q
 _244_/Q
 _245_/Q
 _246_/Q
 _247_/Q
 _248_/Q
 _249_/Q
 _250_/Q
 _251_/Q
 _252_/Q
 _253_/Q
 _254_/Q
 _255_/Q
 _256_/Q
Found 0 partially unannotated drivers.

===========================================================================
max slew violation count 42
max fanout violation count 3
max cap violation count 1
============================================================================

===========================================================================
check_setup -verbose -unconstrained_endpoints -multiple_clock -no_clock -no_input_delay -loops -generated_clocks
===========================================================================
