Clock: clk
Sources: clk 
Generated: no
Virtual: yes
Propagated: no
Period: 200.000000

===========================================================================
report_clock_properties
============================================================================
Clock                   Period          Waveform
----------------------------------------------------
clk                 200.000000    0.000000100.000000

===========================================================================
report_clock_latency
============================================================================
Clock clk
rise -> rise
    min     max
0.000000 0.000000 source latency
2.368900         network latency wave_controller_x_inst/_3616_/CLK
        2.493089 network latency spi_regs_inst/_1569_/CLK
---------------
2.368900 2.493089 latency
        0.124189 skew

fall -> fall
    min     max
0.000000 0.000000 source latency
2.281553         network latency wave_controller_x_inst/_3616_/CLK
        2.423242 network latency spi_regs_inst/_1569_/CLK
---------------
2.281553 2.423242 latency
        0.141689 skew



===========================================================================
report_clock_min_period
============================================================================
clk period_min = 38.50 fmax = 25.98
