┏━━━━━━━━━━━━━━━━━━━━━━┳━━━━━━━━━━┳━━━━━━━━━━┳━━━━━━━━━━┳━━━━━━━━━━┳━━━━━━━━━━━┳━━━━━━━━━━┳━━━━━━━━━━━┳━━━━━━━━━━┳━━━━━━━━━━━┳━━━━━━━━━━┳━━━━━━━━━━━┳━━━━━━━━━━┓
┃                      ┃ Hold     ┃ Reg to   ┃          ┃          ┃ of which  ┃ Setup    ┃           ┃          ┃           ┃ of which ┃           ┃          ┃
┃                      ┃ Worst    ┃ Reg      ┃          ┃ Hold Vio ┃ reg to    ┃ Worst    ┃ Reg to    ┃ Setup    ┃ Setup Vio ┃ reg to   ┃ Max Cap   ┃ Max Slew ┃
┃ Corner/Group         ┃ Slack    ┃ Paths    ┃ Hold TNS ┃ Count    ┃ reg       ┃ Slack    ┃ Reg Paths ┃ TNS      ┃ Count     ┃ reg      ┃ Violatio… ┃ Violati… ┃
┡━━━━━━━━━━━━━━━━━━━━━━╇━━━━━━━━━━╇━━━━━━━━━━╇━━━━━━━━━━╇━━━━━━━━━━╇━━━━━━━━━━━╇━━━━━━━━━━╇━━━━━━━━━━━╇━━━━━━━━━━╇━━━━━━━━━━━╇━━━━━━━━━━╇━━━━━━━━━━━╇━━━━━━━━━━┩
│ Overall              │ 0.2125   │ 0.2125   │ 0.0000   │ 0        │ 0         │ -19.8194 │ 161.5508  │ -11019.… │ 556       │ 0        │ 7         │ 2889     │
│ nom_tt_025C_3v30     │ 0.5766   │ 0.5766   │ 0.0000   │ 0        │ 0         │ 67.0924  │ 180.1465  │ 0.0000   │ 0         │ 0        │ 7         │ 1107     │
│ min_ff_n40C_3v60     │ 0.2125   │ 0.2125   │ 0.0000   │ 0        │ 0         │ 102.6024 │ 188.0306  │ 0.0000   │ 0         │ 0        │ 7         │ 782      │
│ max_ss_125C_3v00     │ 1.4579   │ 1.4579   │ 0.0000   │ 0        │ 0         │ -19.8194 │ 161.5508  │ -11019.… │ 556       │ 0        │ 7         │ 2889     │
└──────────────────────┴──────────┴──────────┴──────────┴──────────┴───────────┴──────────┴───────────┴──────────┴───────────┴──────────┴───────────┴──────────┘
