2026-08-17 01:35:19 +0200: Memory Usage (456132K) : Starting running GF180MCU Klayout DRC runset on /workspace/librelane/runs/RUN_2026-08-17_01-19-22/57-magic-streamout/wrapper.gds
2026-08-17 01:35:19 +0200: Memory Usage (456132K) : Ruby Version for klayout: 3.2.3
2026-08-17 01:35:19 +0200: Memory Usage (485444K) : Loading database to memory is complete.
2026-08-17 01:35:19 +0200: Memory Usage (485444K) : GF180MCU Klayout DRC runset output at: /workspace/librelane/runs/RUN_2026-08-17_01-19-22/65-klayout-drc/reports/drc.klayout.lyrdb
2026-08-17 01:35:19 +0200: Memory Usage (485572K) : Evaluate switches.
2026-08-17 01:35:19 +0200: Memory Usage (485572K) : table_name selected  main
2026-08-17 01:35:19 +0200: Memory Usage (485572K) : CONNECTIVITY_RULES enabled: false
2026-08-17 01:35:19 +0200: Memory Usage (485572K) : Wedge enabled: false
2026-08-17 01:35:19 +0200: Memory Usage (485572K) : Ball enabled: false
2026-08-17 01:35:19 +0200: Memory Usage (485572K) : Gold enabled: false
2026-08-17 01:35:19 +0200: Memory Usage (485572K) : MIM Option selected: B
2026-08-17 01:35:19 +0200: Memory Usage (485572K) : Offgrid enabled:  false
2026-08-17 01:35:19 +0200: Memory Usage (485572K) : Number of threads to use 
2026-08-17 01:35:19 +0200: Memory Usage (485572K) : Verbose mode: 
2026-08-17 01:35:19 +0200: Memory Usage (485572K) : deep  mode is enabled for main table
2026-08-17 01:35:19 +0200: Memory Usage (485572K) : METAL_TOP Selected is 11K
2026-08-17 01:35:19 +0200: Memory Usage (485572K) : METAL_STACK Selected is 5LM
2026-08-17 01:35:19 +0200: Memory Usage (485572K) : FEOL enabled: false
2026-08-17 01:35:19 +0200: Memory Usage (485572K) : BEOL enabled: false
2026-08-17 01:35:19 +0200: Memory Usage (485572K) : DUMMY enabled: false
2026-08-17 01:35:19 +0200: Memory Usage (485572K) : DUMMY_SUB_PREV enabled: true
2026-08-17 01:35:19 +0200: Memory Usage (485572K) : SLOW_VIA enabled: false
2026-08-17 01:35:19 +0200: Memory Usage (485572K) : Read in polygons from layers.
2026-08-17 01:35:19 +0200: Memory Usage (488516K) : comp has 214220 polygons
2026-08-17 01:35:19 +0200: Memory Usage (488516K) : dnwell has 0 polygons
2026-08-17 01:35:19 +0200: Memory Usage (488516K) : nwell has 43460 polygons
2026-08-17 01:35:19 +0200: Memory Usage (488516K) : lvpwell has 43460 polygons
2026-08-17 01:35:19 +0200: Memory Usage (488516K) : dualgate has 43460 polygons
2026-08-17 01:35:19 +0200: Memory Usage (488516K) : poly2 has 218028 polygons
2026-08-17 01:35:19 +0200: Memory Usage (488516K) : nplus has 43460 polygons
2026-08-17 01:35:19 +0200: Memory Usage (488516K) : pplus has 50985 polygons
2026-08-17 01:35:19 +0200: Memory Usage (488516K) : sab has 0 polygons
2026-08-17 01:35:19 +0200: Memory Usage (488516K) : esd has 0 polygons
2026-08-17 01:35:19 +0200: Memory Usage (488516K) : resistor has 0 polygons
2026-08-17 01:35:19 +0200: Memory Usage (488516K) : fhres has 0 polygons
2026-08-17 01:35:19 +0200: Memory Usage (488516K) : fusetop has 0 polygons
2026-08-17 01:35:19 +0200: Memory Usage (488516K) : fusewindow_d has 0 polygons
2026-08-17 01:35:19 +0200: Memory Usage (488516K) : polyfuse has 0 polygons
2026-08-17 01:35:19 +0200: Memory Usage (488516K) : mvsd has 0 polygons
2026-08-17 01:35:19 +0200: Memory Usage (488516K) : mvpsd has 0 polygons
2026-08-17 01:35:19 +0200: Memory Usage (488516K) : nat has 0 polygons
2026-08-17 01:35:19 +0200: Memory Usage (488772K) : comp_dummy has 0 polygons
2026-08-17 01:35:19 +0200: Memory Usage (488772K) : poly2_dummy has 0 polygons
2026-08-17 01:35:19 +0200: Memory Usage (488772K) : schottky_diode has 0 polygons
2026-08-17 01:35:19 +0200: Memory Usage (488772K) : zener has 0 polygons
2026-08-17 01:35:19 +0200: Memory Usage (488772K) : res_mk has 0 polygons
2026-08-17 01:35:19 +0200: Memory Usage (488772K) : opc_drc has 0 polygons
2026-08-17 01:35:19 +0200: Memory Usage (489156K) : v5_xtor has 43460 polygons
2026-08-17 01:35:19 +0200: Memory Usage (489156K) : cap_mk has 0 polygons
2026-08-17 01:35:19 +0200: Memory Usage (489156K) : mos_cap_mk has 0 polygons
2026-08-17 01:35:19 +0200: Memory Usage (489156K) : ind_mk has 0 polygons
2026-08-17 01:35:19 +0200: Memory Usage (489412K) : diode_mk has 10 polygons
2026-08-17 01:35:19 +0200: Memory Usage (489412K) : drc_bjt has 0 polygons
2026-08-17 01:35:20 +0200: Memory Usage (489412K) : lvs_bjt has 0 polygons
2026-08-17 01:35:20 +0200: Memory Usage (489412K) : mim_l_mk has 0 polygons
2026-08-17 01:35:20 +0200: Memory Usage (489412K) : latchup_mk has 0 polygons
2026-08-17 01:35:20 +0200: Memory Usage (489412K) : guard_ring_mk has 0 polygons
2026-08-17 01:35:20 +0200: Memory Usage (489412K) : otp_mk has 0 polygons
2026-08-17 01:35:20 +0200: Memory Usage (489412K) : mtpmark has 0 polygons
2026-08-17 01:35:20 +0200: Memory Usage (489540K) : neo_ee_mk has 0 polygons
2026-08-17 01:35:20 +0200: Memory Usage (489540K) : sramcore has 0 polygons
2026-08-17 01:35:20 +0200: Memory Usage (489668K) : lvs_rf has 0 polygons
2026-08-17 01:35:20 +0200: Memory Usage (489668K) : lvs_drain has 0 polygons
2026-08-17 01:35:20 +0200: Memory Usage (489796K) : ind_mk has 0 polygons
2026-08-17 01:35:20 +0200: Memory Usage (489796K) : hvpolyrs has 0 polygons
2026-08-17 01:35:20 +0200: Memory Usage (489924K) : lvs_io has 0 polygons
2026-08-17 01:35:20 +0200: Memory Usage (489924K) : probe_mk has 0 polygons
2026-08-17 01:35:20 +0200: Memory Usage (490052K) : esd_mk has 0 polygons
2026-08-17 01:35:20 +0200: Memory Usage (490052K) : lvs_source has 0 polygons
2026-08-17 01:35:20 +0200: Memory Usage (490180K) : well_diode_mk has 0 polygons
2026-08-17 01:35:20 +0200: Memory Usage (490180K) : ldmos_xtor has 0 polygons
2026-08-17 01:35:20 +0200: Memory Usage (490180K) : plfuse has 0 polygons
2026-08-17 01:35:20 +0200: Memory Usage (490308K) : efuse_mk has 0 polygons
2026-08-17 01:35:20 +0200: Memory Usage (490308K) : mcell_feol_mk has 0 polygons
2026-08-17 01:35:20 +0200: Memory Usage (490436K) : ymtp_mk has 0 polygons
2026-08-17 01:35:20 +0200: Memory Usage (490436K) : dev_wf_mk has 0 polygons
2026-08-17 01:35:20 +0200: Memory Usage (490564K) : comp_label has 0 polygons
2026-08-17 01:35:20 +0200: Memory Usage (490564K) : poly2_label has 0 polygons
2026-08-17 01:35:20 +0200: Memory Usage (490692K) : mdiode has 0 polygons
2026-08-17 01:35:20 +0200: Memory Usage (490692K) : ndmy has 0 polygons
2026-08-17 01:35:20 +0200: Memory Usage (490820K) : pmndmy has 0 polygons
2026-08-17 01:35:20 +0200: Memory Usage (491204K) : contact has 1076220 polygons
2026-08-17 01:35:20 +0200: Memory Usage (492228K) : metal1_drawn has 612942 polygons
2026-08-17 01:35:20 +0200: Memory Usage (492228K) : metal1_dummy has 0 polygons
2026-08-17 01:35:20 +0200: Memory Usage (493380K) : metal1_label has 284 polygons
2026-08-17 01:35:20 +0200: Memory Usage (493380K) : metal1_slot has 0 polygons
2026-08-17 01:35:20 +0200: Memory Usage (493380K) : metal1_blk has 0 polygons
2026-08-17 01:35:20 +0200: Memory Usage (493764K) : via1 has 35400 polygons
2026-08-17 01:35:20 +0200: Memory Usage (494276K) : metal2_drawn has 37159 polygons
2026-08-17 01:35:20 +0200: Memory Usage (494276K) : metal2_dummy has 0 polygons
2026-08-17 01:35:20 +0200: Memory Usage (495428K) : metal2_label has 4 polygons
2026-08-17 01:35:20 +0200: Memory Usage (495428K) : metal2_slot has 0 polygons
2026-08-17 01:35:20 +0200: Memory Usage (495428K) : metal2_blk has 0 polygons
2026-08-17 01:35:20 +0200: Memory Usage (496068K) : via2 has 35501 polygons
2026-08-17 01:35:20 +0200: Memory Usage (496708K) : metal3_drawn has 17868 polygons
2026-08-17 01:35:20 +0200: Memory Usage (496708K) : metal3_dummy has 0 polygons
2026-08-17 01:35:20 +0200: Memory Usage (496964K) : metal3_label has 11 polygons
2026-08-17 01:35:20 +0200: Memory Usage (496964K) : metal3_slot has 0 polygons
2026-08-17 01:35:20 +0200: Memory Usage (496964K) : metal3_blk has 0 polygons
2026-08-17 01:35:20 +0200: Memory Usage (496964K) : via3 has 10358 polygons
2026-08-17 01:35:20 +0200: Memory Usage (496964K) : metal4_drawn has 2351 polygons
2026-08-17 01:35:20 +0200: Memory Usage (496964K) : metal4_dummy has 0 polygons
2026-08-17 01:35:20 +0200: Memory Usage (496964K) : metal4_label has 32 polygons
2026-08-17 01:35:20 +0200: Memory Usage (496964K) : metal4_slot has 0 polygons
2026-08-17 01:35:20 +0200: Memory Usage (496964K) : metal4_blk has 0 polygons
2026-08-17 01:35:20 +0200: Memory Usage (496964K) : via4 has 1152 polygons
2026-08-17 01:35:20 +0200: Memory Usage (496964K) : metal5_drawn has 16 polygons
2026-08-17 01:35:20 +0200: Memory Usage (496964K) : metal5_dummy has 0 polygons
2026-08-17 01:35:20 +0200: Memory Usage (496964K) : metal5_label has 32 polygons
2026-08-17 01:35:20 +0200: Memory Usage (496964K) : metal5_slot has 0 polygons
2026-08-17 01:35:20 +0200: Memory Usage (496964K) : metal5_blk has 0 polygons
2026-08-17 01:35:20 +0200: Memory Usage (496964K) : pad has 0 polygons
2026-08-17 01:35:20 +0200: Memory Usage (496964K) : ubmpperi has 0 polygons
2026-08-17 01:35:20 +0200: Memory Usage (496964K) : ubmparray has 0 polygons
2026-08-17 01:35:20 +0200: Memory Usage (496964K) : ubmeplate has 0 polygons
2026-08-17 01:35:20 +0200: Memory Usage (496964K) : metal1_res has 0 polygons
2026-08-17 01:35:20 +0200: Memory Usage (496964K) : metal2_res has 0 polygons
2026-08-17 01:35:20 +0200: Memory Usage (496964K) : metal3_res has 0 polygons
2026-08-17 01:35:20 +0200: Memory Usage (496964K) : metal4_res has 0 polygons
2026-08-17 01:35:20 +0200: Memory Usage (496964K) : metal5_res has 0 polygons
2026-08-17 01:35:20 +0200: Memory Usage (496964K) : metal6_res has 0 polygons
2026-08-17 01:35:20 +0200: Memory Usage (496964K) : pr_bndry has 43462 polygons
2026-08-17 01:35:20 +0200: Memory Usage (496964K) : border has 0 polygons
2026-08-17 01:35:20 +0200: Memory Usage (496964K) : Total no. of polygons in the design is 2573335
2026-08-17 01:35:20 +0200: Memory Usage (496964K) : Starting deriving base layers.
2026-08-17 01:35:24 +0200: Memory Usage (641848K) : Total area of the design is 1249432.1058999998 um^2.
2026-08-17 01:35:24 +0200: Memory Usage (641848K) : Starting GF180MCU DRC rules.
2026-08-17 01:35:24 +0200: Memory Usage (641848K) : MIM Capacitor Option B section
2026-08-17 01:35:24 +0200: Memory Usage (641848K) : Executing rule MIMTM.1
2026-08-17 01:35:24 +0200: Memory Usage (642104K) : Executing rule MIMTM.2
2026-08-17 01:35:24 +0200: Memory Usage (642104K) : Executing rule MIMTM.3
2026-08-17 01:35:24 +0200: Memory Usage (642104K) : Executing rule MIMTM.4
2026-08-17 01:35:24 +0200: Memory Usage (642104K) : Executing rule MIMTM.5
2026-08-17 01:35:24 +0200: Memory Usage (643384K) : Executing rule MIMTM.6
2026-08-17 01:35:24 +0200: Memory Usage (643384K) : Executing rule MIMTM.7
2026-08-17 01:35:24 +0200: Memory Usage (643384K) : Executing rule MIMTM.8a
2026-08-17 01:35:24 +0200: Memory Usage (643384K) : Executing rule MIMTM.8b
2026-08-17 01:35:24 +0200: Memory Usage (643384K) : Executing rule MIMTM.9
2026-08-17 01:35:24 +0200: Memory Usage (643384K) : Executing rule MIMTM.10
2026-08-17 01:35:24 +0200: Memory Usage (643384K) : Executing rule MIMTM.11
2026-08-17 01:35:24 +0200: Memory Usage (643384K) :  DRC Total Run time 5.375455529 seconds
2026-08-17 01:35:24 +0200: Memory Usage (643384K) : Executing rule DE.2
2026-08-17 01:35:24 +0200: Memory Usage (643384K) : Executing rule DE.3
2026-08-17 01:35:24 +0200: Memory Usage (643384K) : Executing rule DE.4
2026-08-17 01:35:24 +0200: Memory Usage (643384K) :  DRC Total Run time 5.418691679 seconds
