Clock: clk
Sources: clk 
Generated: no
Virtual: no
Propagated: no
Period: 200.000000

===========================================================================
report_clock_properties
============================================================================
Clock                   Period          Waveform
----------------------------------------------------
clk                 200.000000    0.000000100.000000

===========================================================================
report_clock_latency
============================================================================
Clock clk
rise -> rise
    min     max
0.000000 0.000000 source latency
4.508831         network latency _09375_/CLK
        4.508831 network latency _09375_/CLK
---------------
4.508831 4.508831 latency
        0.000000 skew

fall -> fall
    min     max
0.000000 0.000000 source latency
2.843862         network latency _09375_/CLK
        2.843862 network latency _09375_/CLK
---------------
2.843862 2.843862 latency
        0.000000 skew



===========================================================================
report_clock_min_period
============================================================================
clk period_min = 12.60 fmax = 79.34
