143. Printing statistics.

=== wrapper ===

        +----------Local Count, excluding submodules.
        | 
     6478 wires
     7012 wire bits
      130 public wires
      616 public wire bits
       13 ports
       13 port bits
     6915 cells
     2337   $_ANDNOT_
      217   $_AND_
      478   $_DFFE_PN0P_
        4   $_DFFE_PN1P_
       64   $_DFF_PN0_
        4   $_DFF_PN1_
      561   $_MUX_
      111   $_NAND_
      350   $_NOR_
      324   $_NOT_
      407   $_ORNOT_
     1012   $_OR_
      214   $_XNOR_
      831   $_XOR_
        1   analog_block

   Area for cell type $_ANDNOT_ is unknown!
   Area for cell type $_AND_ is unknown!
   Area for cell type $_DFFE_PN0P_ is unknown!
   Area for cell type $_DFFE_PN1P_ is unknown!
   Area for cell type $_DFF_PN0_ is unknown!
   Area for cell type $_DFF_PN1_ is unknown!
   Area for cell type $_MUX_ is unknown!
   Area for cell type $_NAND_ is unknown!
   Area for cell type $_NOR_ is unknown!
   Area for cell type $_NOT_ is unknown!
   Area for cell type $_ORNOT_ is unknown!
   Area for cell type $_OR_ is unknown!
   Area for cell type $_XNOR_ is unknown!
   Area for cell type $_XOR_ is unknown!
   Area for cell type \analog_block is unknown!

