152. Printing statistics.

=== wrapper ===

        +----------Local Count, excluding submodules.
        |        +-Local Area, excluding submodules.
        |        | 
     6434        - wires
     6434        - wire bits
      574        - public wires
      574        - public wire bits
       18        - ports
       18        - port bits
     6427 1.49E+05 cells
      128 2.25E+03   gf180mcu_fd_sc_mcu7t5v0__and2_1
       88 1.93E+03   gf180mcu_fd_sc_mcu7t5v0__and3_1
       73 1.76E+03   gf180mcu_fd_sc_mcu7t5v0__and4_1
      159 3.49E+03   gf180mcu_fd_sc_mcu7t5v0__aoi211_1
      511 8.97E+03   gf180mcu_fd_sc_mcu7t5v0__aoi21_1
       80 1.93E+03   gf180mcu_fd_sc_mcu7t5v0__aoi221_1
       50  1536.64   gf180mcu_fd_sc_mcu7t5v0__aoi222_1
      237 4.68E+03   gf180mcu_fd_sc_mcu7t5v0__aoi22_1
      393 3.45E+03   gf180mcu_fd_sc_mcu7t5v0__clkinv_1
      558 4.16E+04   gf180mcu_fd_sc_mcu7t5v0__dffrnq_1
        8  632.218   gf180mcu_fd_sc_mcu7t5v0__dffsnq_1
      249  8.2E+03   gf180mcu_fd_sc_mcu7t5v0__mux2_2
     1094  1.2E+04   gf180mcu_fd_sc_mcu7t5v0__nand2_1
      418 6.42E+03   gf180mcu_fd_sc_mcu7t5v0__nand3_1
      211 4.17E+03   gf180mcu_fd_sc_mcu7t5v0__nand4_1
      465 6.12E+03   gf180mcu_fd_sc_mcu7t5v0__nor2_1
      115 2.02E+03   gf180mcu_fd_sc_mcu7t5v0__nor3_1
      133 2.92E+03   gf180mcu_fd_sc_mcu7t5v0__nor4_1
      214  4.7E+03   gf180mcu_fd_sc_mcu7t5v0__oai211_1
      449 7.89E+03   gf180mcu_fd_sc_mcu7t5v0__oai21_1
       68 1.79E+03   gf180mcu_fd_sc_mcu7t5v0__oai221_1
        1   32.928   gf180mcu_fd_sc_mcu7t5v0__oai222_1
       64  1.4E+03   gf180mcu_fd_sc_mcu7t5v0__oai22_1
       89 2.15E+03   gf180mcu_fd_sc_mcu7t5v0__oai31_1
       66 1.74E+03   gf180mcu_fd_sc_mcu7t5v0__oai32_1
       96 1.69E+03   gf180mcu_fd_sc_mcu7t5v0__or2_1
       34  746.368   gf180mcu_fd_sc_mcu7t5v0__or3_1
       12  316.109   gf180mcu_fd_sc_mcu7t5v0__or4_1
       38 1.08E+03   gf180mcu_fd_sc_mcu7t5v0__xnor2_1
        5  263.424   gf180mcu_fd_sc_mcu7t5v0__xnor3_1
      230 6.06E+03   gf180mcu_fd_sc_mcu7t5v0__xor2_1
       91 4.59E+03   gf180mcu_fd_sc_mcu7t5v0__xor3_1

   Chip area for module '\wrapper': 148599.673600
     of which used for sequential elements: 42279.552000 (28.45%)

