
===========================================================================
report_checks -unconstrained
===========================================================================
======================= min_ff_n40C_5v50 Corner ===================================

Startpoint: rst_n_PAD (input port clocked by clk_PAD)
Endpoint: _09631_ (recovery check against rising-edge clock clk_PAD)
Path Group: asynchronous
Path Type: max

Fanout         Cap        Slew       Delay        Time   Description
---------------------------------------------------------------------------------------------
                                  0.000000    0.000000   clock clk_PAD (rise edge)
                                  0.000000    0.000000   clock network delay (propagated)
                                  8.000000    8.000000 ^ input external delay
     1    2.933367    0.000000    0.000000    8.000000 ^ rst_n_PAD (inout)
                                                         rst_n_PAD (net)
                      0.000000    0.000000    8.000000 ^ rst_n_pad/PAD (gf180mcu_fd_io__in_c)
     1    0.065388    0.161008    0.692486    8.692486 ^ rst_n_pad/Y (gf180mcu_fd_io__in_c)
                                                         i_chip_core.rst_n (net)
                      0.162970    0.006191    8.698678 ^ fanout813/I (gf180mcu_fd_sc_mcu7t5v0__dlyb_1)
     2    0.070382    0.777687    0.937114    9.635792 ^ fanout813/Z (gf180mcu_fd_sc_mcu7t5v0__dlyb_1)
                                                         net813 (net)
                      0.777926    0.007695    9.643487 ^ wire815/I (gf180mcu_fd_sc_mcu7t5v0__buf_8)
     1    0.072868    0.128770    0.185274    9.828761 ^ wire815/Z (gf180mcu_fd_sc_mcu7t5v0__buf_8)
                                                         net815 (net)
                      0.129097    0.008884    9.837645 ^ wire814/I (gf180mcu_fd_sc_mcu7t5v0__buf_8)
     1    0.067121    0.112037    0.149527    9.987171 ^ wire814/Z (gf180mcu_fd_sc_mcu7t5v0__buf_8)
                                                         net814 (net)
                      0.112606    0.008024    9.995195 ^ fanout812/I (gf180mcu_fd_sc_mcu7t5v0__dlyb_1)
     2    0.034023    0.395985    0.708869   10.704063 ^ fanout812/Z (gf180mcu_fd_sc_mcu7t5v0__dlyb_1)
                                                         net812 (net)
                      0.396018    0.002023   10.706087 ^ fanout811/I (gf180mcu_fd_sc_mcu7t5v0__dlyb_1)
     2    0.053208    0.597825    0.839919   11.546006 ^ fanout811/Z (gf180mcu_fd_sc_mcu7t5v0__dlyb_1)
                                                         net811 (net)
                      0.597926    0.004375   11.550382 ^ fanout810/I (gf180mcu_fd_sc_mcu7t5v0__dlyb_1)
     3    0.046078    0.523257    0.792116   12.342497 ^ fanout810/Z (gf180mcu_fd_sc_mcu7t5v0__dlyb_1)
                                                         net810 (net)
                      0.523301    0.002663   12.345160 ^ fanout809/I (gf180mcu_fd_sc_mcu7t5v0__dlyb_1)
     2    0.038678    0.444705    0.747686   13.092846 ^ fanout809/Z (gf180mcu_fd_sc_mcu7t5v0__dlyb_1)
                                                         net809 (net)
                      0.444707    0.000462   13.093308 ^ fanout790/I (gf180mcu_fd_sc_mcu7t5v0__dlyb_1)
     2    0.014928    0.200997    0.603435   13.696743 ^ fanout790/Z (gf180mcu_fd_sc_mcu7t5v0__dlyb_1)
                                                         net790 (net)
                      0.200997    0.000347   13.697090 ^ fanout789/I (gf180mcu_fd_sc_mcu7t5v0__dlyb_1)
     2    0.018071    0.232763    0.618609   14.315700 ^ fanout789/Z (gf180mcu_fd_sc_mcu7t5v0__dlyb_1)
                                                         net789 (net)
                      0.232763    0.000211   14.315910 ^ fanout782/I (gf180mcu_fd_sc_mcu7t5v0__dlyb_1)
     2    0.013927    0.191489    0.594749   14.910660 ^ fanout782/Z (gf180mcu_fd_sc_mcu7t5v0__dlyb_1)
                                                         net782 (net)
                      0.191489    0.000181   14.910841 ^ fanout776/I (gf180mcu_fd_sc_mcu7t5v0__dlyb_1)
     3    0.021044    0.263001    0.636211   15.547052 ^ fanout776/Z (gf180mcu_fd_sc_mcu7t5v0__dlyb_1)
                                                         net776 (net)
                      0.263001    0.000380   15.547432 ^ fanout775/I (gf180mcu_fd_sc_mcu7t5v0__dlyb_1)
     5    0.043893    0.500269    0.781133   16.328566 ^ fanout775/Z (gf180mcu_fd_sc_mcu7t5v0__dlyb_1)
                                                         net775 (net)
                      0.500269    0.000417   16.328983 ^ fanout774/I (gf180mcu_fd_sc_mcu7t5v0__dlyb_1)
     5    0.047247    0.535707    0.802292   17.131275 ^ fanout774/Z (gf180mcu_fd_sc_mcu7t5v0__dlyb_1)
                                                         net774 (net)
                      0.535717    0.001313   17.132587 ^ _09631_/RN (gf180mcu_fd_sc_mcu7t5v0__dffrnq_1)
                                             17.132587   data arrival time

                                 40.000000   40.000000   clock clk_PAD (rise edge)
                                  0.000000   40.000000   clock source latency
     1    0.209562    0.325120    0.000000   40.000000 ^ clk_pad/Y (gf180mcu_fd_io__in_s)
                                                         clk_PAD2CORE (net)
                      0.376627    0.067416   40.067417 ^ clkbuf_0_clk_PAD2CORE/I (gf180mcu_fd_sc_mcu7t5v0__clkbuf_16)
     4    0.097989    0.105111    0.234298   40.301716 ^ clkbuf_0_clk_PAD2CORE/Z (gf180mcu_fd_sc_mcu7t5v0__clkbuf_16)
                                                         clknet_0_clk_PAD2CORE (net)
                      0.105597    0.009560   40.311275 ^ clkbuf_2_1_0_clk_PAD2CORE/I (gf180mcu_fd_sc_mcu7t5v0__clkbuf_8)
     2    0.103202    0.161103    0.218805   40.530079 ^ clkbuf_2_1_0_clk_PAD2CORE/Z (gf180mcu_fd_sc_mcu7t5v0__clkbuf_8)
                                                         clknet_2_1_0_clk_PAD2CORE (net)
                      0.162988    0.011301   40.541382 ^ clkbuf_3_3_0_clk_PAD2CORE/I (gf180mcu_fd_sc_mcu7t5v0__clkbuf_8)
     9    0.176609    0.257800    0.291131   40.832512 ^ clkbuf_3_3_0_clk_PAD2CORE/Z (gf180mcu_fd_sc_mcu7t5v0__clkbuf_8)
                                                         clknet_3_3_0_clk_PAD2CORE (net)
                      0.258404    0.007237   40.839748 ^ clkbuf_leaf_41_clk_PAD2CORE/I (gf180mcu_fd_sc_mcu7t5v0__clkbuf_8)
    10    0.052482    0.105606    0.215781   41.055531 ^ clkbuf_leaf_41_clk_PAD2CORE/Z (gf180mcu_fd_sc_mcu7t5v0__clkbuf_8)
                                                         clknet_leaf_41_clk_PAD2CORE (net)
                      0.105607    0.000700   41.056229 ^ _09631_/CLK (gf180mcu_fd_sc_mcu7t5v0__dffrnq_1)
                                 -0.250000   40.806229   clock uncertainty
                                  0.000000   40.806229   clock reconvergence pessimism
                                  0.046751   40.852978   library recovery time
                                             40.852978   data required time
---------------------------------------------------------------------------------------------
                                             40.852978   data required time
                                            -17.132587   data arrival time
---------------------------------------------------------------------------------------------
                                             23.720392   slack (MET)


Startpoint: rst_n_PAD (input port clocked by clk_PAD)
Endpoint: _10113_ (rising edge-triggered flip-flop clocked by clk_PAD)
Path Group: clk_PAD
Path Type: max

Fanout         Cap        Slew       Delay        Time   Description
---------------------------------------------------------------------------------------------
                                  0.000000    0.000000   clock clk_PAD (rise edge)
                                  0.000000    0.000000   clock network delay (propagated)
                                  8.000000    8.000000 v input external delay
     1    2.968245    0.000000    0.000000    8.000000 v rst_n_PAD (inout)
                                                         rst_n_PAD (net)
                      0.000000    0.000000    8.000000 v rst_n_pad/PAD (gf180mcu_fd_io__in_c)
     1    0.065388    0.112184    0.539074    8.539074 v rst_n_pad/Y (gf180mcu_fd_io__in_c)
                                                         i_chip_core.rst_n (net)
                      0.113502    0.006162    8.545236 v fanout813/I (gf180mcu_fd_sc_mcu7t5v0__dlyb_1)
     2    0.070382    0.505102    0.902498    9.447734 v fanout813/Z (gf180mcu_fd_sc_mcu7t5v0__dlyb_1)
                                                         net813 (net)
                      0.505467    0.007689    9.455422 v wire815/I (gf180mcu_fd_sc_mcu7t5v0__buf_8)
     1    0.072868    0.099874    0.270960    9.726382 v wire815/Z (gf180mcu_fd_sc_mcu7t5v0__buf_8)
                                                         net815 (net)
                      0.100289    0.008854    9.735237 v wire814/I (gf180mcu_fd_sc_mcu7t5v0__buf_8)
     1    0.067121    0.082736    0.156976    9.892213 v wire814/Z (gf180mcu_fd_sc_mcu7t5v0__buf_8)
                                                         net814 (net)
                      0.083428    0.007987    9.900199 v fanout812/I (gf180mcu_fd_sc_mcu7t5v0__dlyb_1)
     2    0.034023    0.296533    0.739897   10.640097 v fanout812/Z (gf180mcu_fd_sc_mcu7t5v0__dlyb_1)
                                                         net812 (net)
                      0.296533    0.000399   10.640495 v fanout685/I (gf180mcu_fd_sc_mcu7t5v0__dlyb_1)
     2    0.039964    0.330158    0.842439   11.482934 v fanout685/Z (gf180mcu_fd_sc_mcu7t5v0__dlyb_1)
                                                         net685 (net)
                      0.330160    0.000565   11.483499 v fanout635/I (gf180mcu_fd_sc_mcu7t5v0__dlyb_1)
     2    0.012977    0.177112    0.723000   12.206499 v fanout635/Z (gf180mcu_fd_sc_mcu7t5v0__dlyb_1)
                                                         net635 (net)
                      0.177112    0.000326   12.206825 v fanout634/I (gf180mcu_fd_sc_mcu7t5v0__dlyb_1)
     2    0.014556    0.186071    0.676144   12.882970 v fanout634/Z (gf180mcu_fd_sc_mcu7t5v0__dlyb_1)
                                                         net634 (net)
                      0.186071    0.000151   12.883121 v fanout623/I (gf180mcu_fd_sc_mcu7t5v0__dlyb_1)
     2    0.022576    0.232475    0.721592   13.604712 v fanout623/Z (gf180mcu_fd_sc_mcu7t5v0__dlyb_1)
                                                         net623 (net)
                      0.232475    0.001037   13.605750 v fanout622/I (gf180mcu_fd_sc_mcu7t5v0__dlyb_1)
     2    0.014098    0.183436    0.693548   14.299298 v fanout622/Z (gf180mcu_fd_sc_mcu7t5v0__dlyb_1)
                                                         net622 (net)
                      0.183436    0.000308   14.299606 v fanout621/I (gf180mcu_fd_sc_mcu7t5v0__dlyb_1)
     2    0.015990    0.194308    0.686568   14.986175 v fanout621/Z (gf180mcu_fd_sc_mcu7t5v0__dlyb_1)
                                                         net621 (net)
                      0.194308    0.000188   14.986362 v fanout619/I (gf180mcu_fd_sc_mcu7t5v0__dlyb_1)
     5    0.054014    0.411647    0.866825   15.853188 v fanout619/Z (gf180mcu_fd_sc_mcu7t5v0__dlyb_1)
                                                         net619 (net)
                      0.411651    0.000799   15.853987 v _09258_/B (gf180mcu_fd_sc_mcu7t5v0__oai21_1)
     1    0.005524    0.254769    0.232889   16.086876 ^ _09258_/ZN (gf180mcu_fd_sc_mcu7t5v0__oai21_1)
                                                         _04583_ (net)
                      0.254769    0.000060   16.086937 ^ _09259_/B (gf180mcu_fd_sc_mcu7t5v0__aoi21_1)
     1    0.002974    0.168897    0.129029   16.215965 v _09259_/ZN (gf180mcu_fd_sc_mcu7t5v0__aoi21_1)
                                                         _00364_ (net)
                      0.168897    0.000028   16.215994 v _10113_/D (gf180mcu_fd_sc_mcu7t5v0__dffq_1)
                                             16.215994   data arrival time

                                 40.000000   40.000000   clock clk_PAD (rise edge)
                                  0.000000   40.000000   clock source latency
     1    0.209562    0.325120    0.000000   40.000000 ^ clk_pad/Y (gf180mcu_fd_io__in_s)
                                                         clk_PAD2CORE (net)
                      0.376627    0.067416   40.067417 ^ clkbuf_0_clk_PAD2CORE/I (gf180mcu_fd_sc_mcu7t5v0__clkbuf_16)
     4    0.097989    0.105111    0.234298   40.301716 ^ clkbuf_0_clk_PAD2CORE/Z (gf180mcu_fd_sc_mcu7t5v0__clkbuf_16)
                                                         clknet_0_clk_PAD2CORE (net)
                      0.105655    0.009891   40.311607 ^ clkbuf_2_2_0_clk_PAD2CORE/I (gf180mcu_fd_sc_mcu7t5v0__clkbuf_8)
     2    0.090108    0.147673    0.211546   40.523151 ^ clkbuf_2_2_0_clk_PAD2CORE/Z (gf180mcu_fd_sc_mcu7t5v0__clkbuf_8)
                                                         clknet_2_2_0_clk_PAD2CORE (net)
                      0.147715    0.003709   40.526863 ^ clkbuf_3_4_0_clk_PAD2CORE/I (gf180mcu_fd_sc_mcu7t5v0__clkbuf_8)
     9    0.324981    0.445776    0.390898   40.917759 ^ clkbuf_3_4_0_clk_PAD2CORE/Z (gf180mcu_fd_sc_mcu7t5v0__clkbuf_8)
                                                         clknet_3_4_0_clk_PAD2CORE (net)
                      0.445916    0.003926   40.921684 ^ clkbuf_leaf_68_clk_PAD2CORE/I (gf180mcu_fd_sc_mcu7t5v0__clkbuf_8)
    10    0.060965    0.120775    0.253536   41.175220 ^ clkbuf_leaf_68_clk_PAD2CORE/Z (gf180mcu_fd_sc_mcu7t5v0__clkbuf_8)
                                                         clknet_leaf_68_clk_PAD2CORE (net)
                      0.120780    0.001432   41.176651 ^ _10113_/CLK (gf180mcu_fd_sc_mcu7t5v0__dffq_1)
                                 -0.250000   40.926651   clock uncertainty
                                  0.000000   40.926651   clock reconvergence pessimism
                                 -0.148056   40.778595   library setup time
                                             40.778595   data required time
---------------------------------------------------------------------------------------------
                                             40.778595   data required time
                                            -16.215994   data arrival time
---------------------------------------------------------------------------------------------
                                             24.562601   slack (MET)




===========================================================================
report_checks --slack_max -0.01
============================================================================
======================= min_ff_n40C_5v50 Corner ===================================

No paths found.


===========================================================================
 report_check_types -max_slew -max_cap -max_fanout -violators
============================================================================
======================= min_ff_n40C_5v50 Corner ===================================

max fanout

Pin                                   Limit Fanout  Slack
---------------------------------------------------------
clkbuf_leaf_12_clk_PAD2CORE/Z            10     11        (VIOLATED)
clkbuf_leaf_27_clk_PAD2CORE/Z            10     11        (VIOLATED)
clkbuf_leaf_43_clk_PAD2CORE/Z            10     11        (VIOLATED)

max capacitance

Pin                                        Limit         Cap       Slack
------------------------------------------------------------------------
bidir_PAD[0]                            0.200000    3.256992   -3.056992 (VIOLATED)
bidir_PAD[10]                           0.200000    3.256992   -3.056992 (VIOLATED)
bidir_PAD[11]                           0.200000    3.256992   -3.056992 (VIOLATED)
bidir_PAD[12]                           0.200000    3.256992   -3.056992 (VIOLATED)
bidir_PAD[13]                           0.200000    3.256992   -3.056992 (VIOLATED)
bidir_PAD[14]                           0.200000    3.256992   -3.056992 (VIOLATED)
bidir_PAD[15]                           0.200000    3.256992   -3.056992 (VIOLATED)
bidir_PAD[16]                           0.200000    3.256992   -3.056992 (VIOLATED)
bidir_PAD[17]                           0.200000    3.256992   -3.056992 (VIOLATED)
bidir_PAD[18]                           0.200000    3.256992   -3.056992 (VIOLATED)
bidir_PAD[19]                           0.200000    3.256992   -3.056992 (VIOLATED)
bidir_PAD[1]                            0.200000    3.256992   -3.056992 (VIOLATED)
bidir_PAD[2]                            0.200000    3.256992   -3.056992 (VIOLATED)
bidir_PAD[3]                            0.200000    3.256992   -3.056992 (VIOLATED)
bidir_PAD[4]                            0.200000    3.256992   -3.056992 (VIOLATED)
bidir_PAD[5]                            0.200000    3.256992   -3.056992 (VIOLATED)
bidir_PAD[6]                            0.200000    3.256992   -3.056992 (VIOLATED)
bidir_PAD[7]                            0.200000    3.256992   -3.056992 (VIOLATED)
bidir_PAD[8]                            0.200000    3.256992   -3.056992 (VIOLATED)
bidir_PAD[9]                            0.200000    3.256992   -3.056992 (VIOLATED)
bidir[0].pad/PAD                        0.200000    3.256992   -3.056992 (VIOLATED)
bidir[10].pad/PAD                       0.200000    3.256992   -3.056992 (VIOLATED)
bidir[11].pad/PAD                       0.200000    3.256992   -3.056992 (VIOLATED)
bidir[12].pad/PAD                       0.200000    3.256992   -3.056992 (VIOLATED)
bidir[13].pad/PAD                       0.200000    3.256992   -3.056992 (VIOLATED)
bidir[14].pad/PAD                       0.200000    3.256992   -3.056992 (VIOLATED)
bidir[15].pad/PAD                       0.200000    3.256992   -3.056992 (VIOLATED)
bidir[16].pad/PAD                       0.200000    3.256992   -3.056992 (VIOLATED)
bidir[17].pad/PAD                       0.200000    3.256992   -3.056992 (VIOLATED)
bidir[18].pad/PAD                       0.200000    3.256992   -3.056992 (VIOLATED)
bidir[19].pad/PAD                       0.200000    3.256992   -3.056992 (VIOLATED)
bidir[1].pad/PAD                        0.200000    3.256992   -3.056992 (VIOLATED)
bidir[2].pad/PAD                        0.200000    3.256992   -3.056992 (VIOLATED)
bidir[3].pad/PAD                        0.200000    3.256992   -3.056992 (VIOLATED)
bidir[4].pad/PAD                        0.200000    3.256992   -3.056992 (VIOLATED)
bidir[5].pad/PAD                        0.200000    3.256992   -3.056992 (VIOLATED)
bidir[6].pad/PAD                        0.200000    3.256992   -3.056992 (VIOLATED)
bidir[7].pad/PAD                        0.200000    3.256992   -3.056992 (VIOLATED)
bidir[8].pad/PAD                        0.200000    3.256992   -3.056992 (VIOLATED)
bidir[9].pad/PAD                        0.200000    3.256992   -3.056992 (VIOLATED)
input_PAD                               0.200000    2.968245   -2.768245 (VIOLATED)
rst_n_PAD                               0.200000    2.968245   -2.768245 (VIOLATED)
clk_PAD                                 0.200000    2.938264   -2.738264 (VIOLATED)
clkbuf_3_0_0_clk_PAD2CORE/Z             0.200000    0.369204   -0.169204 (VIOLATED)
clkbuf_3_4_0_clk_PAD2CORE/Z             0.200000    0.324981   -0.124981 (VIOLATED)
clkbuf_3_7_0_clk_PAD2CORE/Z             0.200000    0.301400   -0.101400 (VIOLATED)
clkbuf_3_6_0_clk_PAD2CORE/Z             0.200000    0.288467   -0.088467 (VIOLATED)
clkbuf_3_2_0_clk_PAD2CORE/Z             0.200000    0.251348   -0.051348 (VIOLATED)
clkbuf_3_1_0_clk_PAD2CORE/Z             0.200000    0.218239   -0.018239 (VIOLATED)
clk_pad/Y                               0.200000    0.209562   -0.009562 (VIOLATED)



===========================================================================
report_parasitic_annotation -report_unannotated
============================================================================
Found 1925 unannotated drivers.
 analog_PAD[0]
 analog_PAD[10]
 analog_PAD[11]
 analog_PAD[12]
 analog_PAD[13]
 analog_PAD[14]
 analog_PAD[15]
 analog_PAD[16]
 analog_PAD[17]
 analog_PAD[18]
 analog_PAD[19]
 analog_PAD[1]
 analog_PAD[20]
 analog_PAD[21]
 analog_PAD[22]
 analog_PAD[23]
 analog_PAD[24]
 analog_PAD[25]
 analog_PAD[26]
 analog_PAD[27]
 analog_PAD[28]
 analog_PAD[29]
 analog_PAD[2]
 analog_PAD[30]
 analog_PAD[31]
 analog_PAD[32]
 analog_PAD[33]
 analog_PAD[34]
 analog_PAD[35]
 analog_PAD[36]
 analog_PAD[37]
 analog_PAD[38]
 analog_PAD[39]
 analog_PAD[3]
 analog_PAD[40]
 analog_PAD[41]
 analog_PAD[42]
 analog_PAD[43]
 analog_PAD[44]
 analog_PAD[45]
 analog_PAD[46]
 analog_PAD[47]
 analog_PAD[48]
 analog_PAD[49]
 analog_PAD[4]
 analog_PAD[50]
 analog_PAD[51]
 analog_PAD[52]
 analog_PAD[53]
 analog_PAD[54]
 analog_PAD[55]
 analog_PAD[56]
 analog_PAD[57]
 analog_PAD[58]
 analog_PAD[59]
 analog_PAD[5]
 analog_PAD[6]
 analog_PAD[7]
 analog_PAD[8]
 analog_PAD[9]
 bidir_PAD[0]
 bidir_PAD[10]
 bidir_PAD[11]
 bidir_PAD[12]
 bidir_PAD[13]
 bidir_PAD[14]
 bidir_PAD[15]
 bidir_PAD[16]
 bidir_PAD[17]
 bidir_PAD[18]
 bidir_PAD[19]
 bidir_PAD[1]
 bidir_PAD[2]
 bidir_PAD[3]
 bidir_PAD[4]
 bidir_PAD[5]
 bidir_PAD[6]
 bidir_PAD[7]
 bidir_PAD[8]
 bidir_PAD[9]
 clk_PAD
 input_PAD
 rst_n_PAD
 IO_CORNER_NORTH_EAST_INST/DVDD
 IO_CORNER_NORTH_EAST_INST/DVSS
 IO_CORNER_NORTH_EAST_INST/VDD
 IO_CORNER_NORTH_EAST_INST/VSS
 IO_CORNER_NORTH_WEST_INST/DVDD
 IO_CORNER_NORTH_WEST_INST/DVSS
 IO_CORNER_NORTH_WEST_INST/VDD
 IO_CORNER_NORTH_WEST_INST/VSS
 IO_CORNER_SOUTH_EAST_INST/DVDD
 IO_CORNER_SOUTH_EAST_INST/DVSS
 IO_CORNER_SOUTH_EAST_INST/VDD
 IO_CORNER_SOUTH_EAST_INST/VSS
 IO_CORNER_SOUTH_WEST_INST/DVDD
 IO_CORNER_SOUTH_WEST_INST/DVSS
 IO_CORNER_SOUTH_WEST_INST/VDD
 IO_CORNER_SOUTH_WEST_INST/VSS
 IO_FILL_IO_EAST_0_0/DVDD
 IO_FILL_IO_EAST_0_0/DVSS
 IO_FILL_IO_EAST_0_0/VDD
 IO_FILL_IO_EAST_0_0/VSS
 IO_FILL_IO_EAST_0_100/DVDD
 IO_FILL_IO_EAST_0_100/DVSS
 IO_FILL_IO_EAST_0_100/VDD
 IO_FILL_IO_EAST_0_100/VSS
 IO_FILL_IO_EAST_0_200/DVDD
 IO_FILL_IO_EAST_0_200/DVSS
 IO_FILL_IO_EAST_0_200/VDD
 IO_FILL_IO_EAST_0_200/VSS
 IO_FILL_IO_EAST_10_0/DVDD
 IO_FILL_IO_EAST_10_0/DVSS
 IO_FILL_IO_EAST_10_0/VDD
 IO_FILL_IO_EAST_10_0/VSS
 IO_FILL_IO_EAST_10_100/DVDD
 IO_FILL_IO_EAST_10_100/DVSS
 IO_FILL_IO_EAST_10_100/VDD
 IO_FILL_IO_EAST_10_100/VSS
 IO_FILL_IO_EAST_10_200/DVDD
 IO_FILL_IO_EAST_10_200/DVSS
 IO_FILL_IO_EAST_10_200/VDD
 IO_FILL_IO_EAST_10_200/VSS
 IO_FILL_IO_EAST_10_210/DVDD
 IO_FILL_IO_EAST_10_210/DVSS
 IO_FILL_IO_EAST_10_210/VDD
 IO_FILL_IO_EAST_10_210/VSS
 IO_FILL_IO_EAST_11_0/DVDD
 IO_FILL_IO_EAST_11_0/DVSS
 IO_FILL_IO_EAST_11_0/VDD
 IO_FILL_IO_EAST_11_0/VSS
 IO_FILL_IO_EAST_11_100/DVDD
 IO_FILL_IO_EAST_11_100/DVSS
 IO_FILL_IO_EAST_11_100/VDD
 IO_FILL_IO_EAST_11_100/VSS
 IO_FILL_IO_EAST_11_200/DVDD
 IO_FILL_IO_EAST_11_200/DVSS
 IO_FILL_IO_EAST_11_200/VDD
 IO_FILL_IO_EAST_11_200/VSS
 IO_FILL_IO_EAST_11_210/DVDD
 IO_FILL_IO_EAST_11_210/DVSS
 IO_FILL_IO_EAST_11_210/VDD
 IO_FILL_IO_EAST_11_210/VSS
 IO_FILL_IO_EAST_12_0/DVDD
 IO_FILL_IO_EAST_12_0/DVSS
 IO_FILL_IO_EAST_12_0/VDD
 IO_FILL_IO_EAST_12_0/VSS
 IO_FILL_IO_EAST_12_100/DVDD
 IO_FILL_IO_EAST_12_100/DVSS
 IO_FILL_IO_EAST_12_100/VDD
 IO_FILL_IO_EAST_12_100/VSS
 IO_FILL_IO_EAST_12_200/DVDD
 IO_FILL_IO_EAST_12_200/DVSS
 IO_FILL_IO_EAST_12_200/VDD
 IO_FILL_IO_EAST_12_200/VSS
 IO_FILL_IO_EAST_12_210/DVDD
 IO_FILL_IO_EAST_12_210/DVSS
 IO_FILL_IO_EAST_12_210/VDD
 IO_FILL_IO_EAST_12_210/VSS
 IO_FILL_IO_EAST_13_0/DVDD
 IO_FILL_IO_EAST_13_0/DVSS
 IO_FILL_IO_EAST_13_0/VDD
 IO_FILL_IO_EAST_13_0/VSS
 IO_FILL_IO_EAST_13_100/DVDD
 IO_FILL_IO_EAST_13_100/DVSS
 IO_FILL_IO_EAST_13_100/VDD
 IO_FILL_IO_EAST_13_100/VSS
 IO_FILL_IO_EAST_13_200/DVDD
 IO_FILL_IO_EAST_13_200/DVSS
 IO_FILL_IO_EAST_13_200/VDD
 IO_FILL_IO_EAST_13_200/VSS
 IO_FILL_IO_EAST_13_210/DVDD
 IO_FILL_IO_EAST_13_210/DVSS
 IO_FILL_IO_EAST_13_210/VDD
 IO_FILL_IO_EAST_13_210/VSS
 IO_FILL_IO_EAST_14_0/DVDD
 IO_FILL_IO_EAST_14_0/DVSS
 IO_FILL_IO_EAST_14_0/VDD
 IO_FILL_IO_EAST_14_0/VSS
 IO_FILL_IO_EAST_14_100/DVDD
 IO_FILL_IO_EAST_14_100/DVSS
 IO_FILL_IO_EAST_14_100/VDD
 IO_FILL_IO_EAST_14_100/VSS
 IO_FILL_IO_EAST_14_200/DVDD
 IO_FILL_IO_EAST_14_200/DVSS
 IO_FILL_IO_EAST_14_200/VDD
 IO_FILL_IO_EAST_14_200/VSS
 IO_FILL_IO_EAST_14_210/DVDD
 IO_FILL_IO_EAST_14_210/DVSS
 IO_FILL_IO_EAST_14_210/VDD
 IO_FILL_IO_EAST_14_210/VSS
 IO_FILL_IO_EAST_15_0/DVDD
 IO_FILL_IO_EAST_15_0/DVSS
 IO_FILL_IO_EAST_15_0/VDD
 IO_FILL_IO_EAST_15_0/VSS
 IO_FILL_IO_EAST_15_100/DVDD
 IO_FILL_IO_EAST_15_100/DVSS
 IO_FILL_IO_EAST_15_100/VDD
 IO_FILL_IO_EAST_15_100/VSS
 IO_FILL_IO_EAST_15_200/DVDD
 IO_FILL_IO_EAST_15_200/DVSS
 IO_FILL_IO_EAST_15_200/VDD
 IO_FILL_IO_EAST_15_200/VSS
 IO_FILL_IO_EAST_15_210/DVDD
 IO_FILL_IO_EAST_15_210/DVSS
 IO_FILL_IO_EAST_15_210/VDD
 IO_FILL_IO_EAST_15_210/VSS
 IO_FILL_IO_EAST_16_0/DVDD
 IO_FILL_IO_EAST_16_0/DVSS
 IO_FILL_IO_EAST_16_0/VDD
 IO_FILL_IO_EAST_16_0/VSS
 IO_FILL_IO_EAST_16_100/DVDD
 IO_FILL_IO_EAST_16_100/DVSS
 IO_FILL_IO_EAST_16_100/VDD
 IO_FILL_IO_EAST_16_100/VSS
 IO_FILL_IO_EAST_16_200/DVDD
 IO_FILL_IO_EAST_16_200/DVSS
 IO_FILL_IO_EAST_16_200/VDD
 IO_FILL_IO_EAST_16_200/VSS
 IO_FILL_IO_EAST_16_210/DVDD
 IO_FILL_IO_EAST_16_210/DVSS
 IO_FILL_IO_EAST_16_210/VDD
 IO_FILL_IO_EAST_16_210/VSS
 IO_FILL_IO_EAST_17_0/DVDD
 IO_FILL_IO_EAST_17_0/DVSS
 IO_FILL_IO_EAST_17_0/VDD
 IO_FILL_IO_EAST_17_0/VSS
 IO_FILL_IO_EAST_17_100/DVDD
 IO_FILL_IO_EAST_17_100/DVSS
 IO_FILL_IO_EAST_17_100/VDD
 IO_FILL_IO_EAST_17_100/VSS
 IO_FILL_IO_EAST_17_200/DVDD
 IO_FILL_IO_EAST_17_200/DVSS
 IO_FILL_IO_EAST_17_200/VDD
 IO_FILL_IO_EAST_17_200/VSS
 IO_FILL_IO_EAST_17_210/DVDD
 IO_FILL_IO_EAST_17_210/DVSS
 IO_FILL_IO_EAST_17_210/VDD
 IO_FILL_IO_EAST_17_210/VSS
 IO_FILL_IO_EAST_18_0/DVDD
 IO_FILL_IO_EAST_18_0/DVSS
 IO_FILL_IO_EAST_18_0/VDD
 IO_FILL_IO_EAST_18_0/VSS
 IO_FILL_IO_EAST_18_100/DVDD
 IO_FILL_IO_EAST_18_100/DVSS
 IO_FILL_IO_EAST_18_100/VDD
 IO_FILL_IO_EAST_18_100/VSS
 IO_FILL_IO_EAST_18_200/DVDD
 IO_FILL_IO_EAST_18_200/DVSS
 IO_FILL_IO_EAST_18_200/VDD
 IO_FILL_IO_EAST_18_200/VSS
 IO_FILL_IO_EAST_18_210/DVDD
 IO_FILL_IO_EAST_18_210/DVSS
 IO_FILL_IO_EAST_18_210/VDD
 IO_FILL_IO_EAST_18_210/VSS
 IO_FILL_IO_EAST_19_0/DVDD
 IO_FILL_IO_EAST_19_0/DVSS
 IO_FILL_IO_EAST_19_0/VDD
 IO_FILL_IO_EAST_19_0/VSS
 IO_FILL_IO_EAST_19_100/DVDD
 IO_FILL_IO_EAST_19_100/DVSS
 IO_FILL_IO_EAST_19_100/VDD
 IO_FILL_IO_EAST_19_100/VSS
 IO_FILL_IO_EAST_19_200/DVDD
 IO_FILL_IO_EAST_19_200/DVSS
 IO_FILL_IO_EAST_19_200/VDD
 IO_FILL_IO_EAST_19_200/VSS
 IO_FILL_IO_EAST_19_210/DVDD
 IO_FILL_IO_EAST_19_210/DVSS
 IO_FILL_IO_EAST_19_210/VDD
 IO_FILL_IO_EAST_19_210/VSS
 IO_FILL_IO_EAST_1_0/DVDD
 IO_FILL_IO_EAST_1_0/DVSS
 IO_FILL_IO_EAST_1_0/VDD
 IO_FILL_IO_EAST_1_0/VSS
 IO_FILL_IO_EAST_1_100/DVDD
 IO_FILL_IO_EAST_1_100/DVSS
 IO_FILL_IO_EAST_1_100/VDD
 IO_FILL_IO_EAST_1_100/VSS
 IO_FILL_IO_EAST_1_200/DVDD
 IO_FILL_IO_EAST_1_200/DVSS
 IO_FILL_IO_EAST_1_200/VDD
 IO_FILL_IO_EAST_1_200/VSS
 IO_FILL_IO_EAST_1_210/DVDD
 IO_FILL_IO_EAST_1_210/DVSS
 IO_FILL_IO_EAST_1_210/VDD
 IO_FILL_IO_EAST_1_210/VSS
 IO_FILL_IO_EAST_20_0/DVDD
 IO_FILL_IO_EAST_20_0/DVSS
 IO_FILL_IO_EAST_20_0/VDD
 IO_FILL_IO_EAST_20_0/VSS
 IO_FILL_IO_EAST_20_100/DVDD
 IO_FILL_IO_EAST_20_100/DVSS
 IO_FILL_IO_EAST_20_100/VDD
 IO_FILL_IO_EAST_20_100/VSS
 IO_FILL_IO_EAST_20_200/DVDD
 IO_FILL_IO_EAST_20_200/DVSS
 IO_FILL_IO_EAST_20_200/VDD
 IO_FILL_IO_EAST_20_200/VSS
 IO_FILL_IO_EAST_20_210/DVDD
 IO_FILL_IO_EAST_20_210/DVSS
 IO_FILL_IO_EAST_20_210/VDD
 IO_FILL_IO_EAST_20_210/VSS
 IO_FILL_IO_EAST_21_0/DVDD
 IO_FILL_IO_EAST_21_0/DVSS
 IO_FILL_IO_EAST_21_0/VDD
 IO_FILL_IO_EAST_21_0/VSS
 IO_FILL_IO_EAST_21_100/DVDD
 IO_FILL_IO_EAST_21_100/DVSS
 IO_FILL_IO_EAST_21_100/VDD
 IO_FILL_IO_EAST_21_100/VSS
 IO_FILL_IO_EAST_21_200/DVDD
 IO_FILL_IO_EAST_21_200/DVSS
 IO_FILL_IO_EAST_21_200/VDD
 IO_FILL_IO_EAST_21_200/VSS
 IO_FILL_IO_EAST_21_210/DVDD
 IO_FILL_IO_EAST_21_210/DVSS
 IO_FILL_IO_EAST_21_210/VDD
 IO_FILL_IO_EAST_21_210/VSS
 IO_FILL_IO_EAST_22_0/DVDD
 IO_FILL_IO_EAST_22_0/DVSS
 IO_FILL_IO_EAST_22_0/VDD
 IO_FILL_IO_EAST_22_0/VSS
 IO_FILL_IO_EAST_22_100/DVDD
 IO_FILL_IO_EAST_22_100/DVSS
 IO_FILL_IO_EAST_22_100/VDD
 IO_FILL_IO_EAST_22_100/VSS
 IO_FILL_IO_EAST_22_200/DVDD
 IO_FILL_IO_EAST_22_200/DVSS
 IO_FILL_IO_EAST_22_200/VDD
 IO_FILL_IO_EAST_22_200/VSS
 IO_FILL_IO_EAST_22_300/DVDD
 IO_FILL_IO_EAST_22_300/DVSS
 IO_FILL_IO_EAST_22_300/VDD
 IO_FILL_IO_EAST_22_300/VSS
 IO_FILL_IO_EAST_2_0/DVDD
 IO_FILL_IO_EAST_2_0/DVSS
 IO_FILL_IO_EAST_2_0/VDD
 IO_FILL_IO_EAST_2_0/VSS
 IO_FILL_IO_EAST_2_100/DVDD
 IO_FILL_IO_EAST_2_100/DVSS
 IO_FILL_IO_EAST_2_100/VDD
 IO_FILL_IO_EAST_2_100/VSS
 IO_FILL_IO_EAST_2_200/DVDD
 IO_FILL_IO_EAST_2_200/DVSS
 IO_FILL_IO_EAST_2_200/VDD
 IO_FILL_IO_EAST_2_200/VSS
 IO_FILL_IO_EAST_2_210/DVDD
 IO_FILL_IO_EAST_2_210/DVSS
 IO_FILL_IO_EAST_2_210/VDD
 IO_FILL_IO_EAST_2_210/VSS
 IO_FILL_IO_EAST_3_0/DVDD
 IO_FILL_IO_EAST_3_0/DVSS
 IO_FILL_IO_EAST_3_0/VDD
 IO_FILL_IO_EAST_3_0/VSS
 IO_FILL_IO_EAST_3_100/DVDD
 IO_FILL_IO_EAST_3_100/DVSS
 IO_FILL_IO_EAST_3_100/VDD
 IO_FILL_IO_EAST_3_100/VSS
 IO_FILL_IO_EAST_3_200/DVDD
 IO_FILL_IO_EAST_3_200/DVSS
 IO_FILL_IO_EAST_3_200/VDD
 IO_FILL_IO_EAST_3_200/VSS
 IO_FILL_IO_EAST_3_210/DVDD
 IO_FILL_IO_EAST_3_210/DVSS
 IO_FILL_IO_EAST_3_210/VDD
 IO_FILL_IO_EAST_3_210/VSS
 IO_FILL_IO_EAST_4_0/DVDD
 IO_FILL_IO_EAST_4_0/DVSS
 IO_FILL_IO_EAST_4_0/VDD
 IO_FILL_IO_EAST_4_0/VSS
 IO_FILL_IO_EAST_4_100/DVDD
 IO_FILL_IO_EAST_4_100/DVSS
 IO_FILL_IO_EAST_4_100/VDD
 IO_FILL_IO_EAST_4_100/VSS
 IO_FILL_IO_EAST_4_200/DVDD
 IO_FILL_IO_EAST_4_200/DVSS
 IO_FILL_IO_EAST_4_200/VDD
 IO_FILL_IO_EAST_4_200/VSS
 IO_FILL_IO_EAST_4_210/DVDD
 IO_FILL_IO_EAST_4_210/DVSS
 IO_FILL_IO_EAST_4_210/VDD
 IO_FILL_IO_EAST_4_210/VSS
 IO_FILL_IO_EAST_5_0/DVDD
 IO_FILL_IO_EAST_5_0/DVSS
 IO_FILL_IO_EAST_5_0/VDD
 IO_FILL_IO_EAST_5_0/VSS
 IO_FILL_IO_EAST_5_100/DVDD
 IO_FILL_IO_EAST_5_100/DVSS
 IO_FILL_IO_EAST_5_100/VDD
 IO_FILL_IO_EAST_5_100/VSS
 IO_FILL_IO_EAST_5_200/DVDD
 IO_FILL_IO_EAST_5_200/DVSS
 IO_FILL_IO_EAST_5_200/VDD
 IO_FILL_IO_EAST_5_200/VSS
 IO_FILL_IO_EAST_5_210/DVDD
 IO_FILL_IO_EAST_5_210/DVSS
 IO_FILL_IO_EAST_5_210/VDD
 IO_FILL_IO_EAST_5_210/VSS
 IO_FILL_IO_EAST_6_0/DVDD
 IO_FILL_IO_EAST_6_0/DVSS
 IO_FILL_IO_EAST_6_0/VDD
 IO_FILL_IO_EAST_6_0/VSS
 IO_FILL_IO_EAST_6_100/DVDD
 IO_FILL_IO_EAST_6_100/DVSS
 IO_FILL_IO_EAST_6_100/VDD
 IO_FILL_IO_EAST_6_100/VSS
 IO_FILL_IO_EAST_6_200/DVDD
 IO_FILL_IO_EAST_6_200/DVSS
 IO_FILL_IO_EAST_6_200/VDD
 IO_FILL_IO_EAST_6_200/VSS
 IO_FILL_IO_EAST_6_210/DVDD
 IO_FILL_IO_EAST_6_210/DVSS
 IO_FILL_IO_EAST_6_210/VDD
 IO_FILL_IO_EAST_6_210/VSS
 IO_FILL_IO_EAST_7_0/DVDD
 IO_FILL_IO_EAST_7_0/DVSS
 IO_FILL_IO_EAST_7_0/VDD
 IO_FILL_IO_EAST_7_0/VSS
 IO_FILL_IO_EAST_7_100/DVDD
 IO_FILL_IO_EAST_7_100/DVSS
 IO_FILL_IO_EAST_7_100/VDD
 IO_FILL_IO_EAST_7_100/VSS
 IO_FILL_IO_EAST_7_200/DVDD
 IO_FILL_IO_EAST_7_200/DVSS
 IO_FILL_IO_EAST_7_200/VDD
 IO_FILL_IO_EAST_7_200/VSS
 IO_FILL_IO_EAST_7_210/DVDD
 IO_FILL_IO_EAST_7_210/DVSS
 IO_FILL_IO_EAST_7_210/VDD
 IO_FILL_IO_EAST_7_210/VSS
 IO_FILL_IO_EAST_8_0/DVDD
 IO_FILL_IO_EAST_8_0/DVSS
 IO_FILL_IO_EAST_8_0/VDD
 IO_FILL_IO_EAST_8_0/VSS
 IO_FILL_IO_EAST_8_100/DVDD
 IO_FILL_IO_EAST_8_100/DVSS
 IO_FILL_IO_EAST_8_100/VDD
 IO_FILL_IO_EAST_8_100/VSS
 IO_FILL_IO_EAST_8_200/DVDD
 IO_FILL_IO_EAST_8_200/DVSS
 IO_FILL_IO_EAST_8_200/VDD
 IO_FILL_IO_EAST_8_200/VSS
 IO_FILL_IO_EAST_8_210/DVDD
 IO_FILL_IO_EAST_8_210/DVSS
 IO_FILL_IO_EAST_8_210/VDD
 IO_FILL_IO_EAST_8_210/VSS
 IO_FILL_IO_EAST_9_0/DVDD
 IO_FILL_IO_EAST_9_0/DVSS
 IO_FILL_IO_EAST_9_0/VDD
 IO_FILL_IO_EAST_9_0/VSS
 IO_FILL_IO_EAST_9_100/DVDD
 IO_FILL_IO_EAST_9_100/DVSS
 IO_FILL_IO_EAST_9_100/VDD
 IO_FILL_IO_EAST_9_100/VSS
 IO_FILL_IO_EAST_9_200/DVDD
 IO_FILL_IO_EAST_9_200/DVSS
 IO_FILL_IO_EAST_9_200/VDD
 IO_FILL_IO_EAST_9_200/VSS
 IO_FILL_IO_EAST_9_210/DVDD
 IO_FILL_IO_EAST_9_210/DVSS
 IO_FILL_IO_EAST_9_210/VDD
 IO_FILL_IO_EAST_9_210/VSS
 IO_FILL_IO_NORTH_0_0/DVDD
 IO_FILL_IO_NORTH_0_0/DVSS
 IO_FILL_IO_NORTH_0_0/VDD
 IO_FILL_IO_NORTH_0_0/VSS
 IO_FILL_IO_NORTH_0_100/DVDD
 IO_FILL_IO_NORTH_0_100/DVSS
 IO_FILL_IO_NORTH_0_100/VDD
 IO_FILL_IO_NORTH_0_100/VSS
 IO_FILL_IO_NORTH_0_200/DVDD
 IO_FILL_IO_NORTH_0_200/DVSS
 IO_FILL_IO_NORTH_0_200/VDD
 IO_FILL_IO_NORTH_0_200/VSS
 IO_FILL_IO_NORTH_10_0/DVDD
 IO_FILL_IO_NORTH_10_0/DVSS
 IO_FILL_IO_NORTH_10_0/VDD
 IO_FILL_IO_NORTH_10_0/VSS
 IO_FILL_IO_NORTH_10_100/DVDD
 IO_FILL_IO_NORTH_10_100/DVSS
 IO_FILL_IO_NORTH_10_100/VDD
 IO_FILL_IO_NORTH_10_100/VSS
 IO_FILL_IO_NORTH_10_200/DVDD
 IO_FILL_IO_NORTH_10_200/DVSS
 IO_FILL_IO_NORTH_10_200/VDD
 IO_FILL_IO_NORTH_10_200/VSS
 IO_FILL_IO_NORTH_10_210/DVDD
 IO_FILL_IO_NORTH_10_210/DVSS
 IO_FILL_IO_NORTH_10_210/VDD
 IO_FILL_IO_NORTH_10_210/VSS
 IO_FILL_IO_NORTH_11_0/DVDD
 IO_FILL_IO_NORTH_11_0/DVSS
 IO_FILL_IO_NORTH_11_0/VDD
 IO_FILL_IO_NORTH_11_0/VSS
 IO_FILL_IO_NORTH_11_100/DVDD
 IO_FILL_IO_NORTH_11_100/DVSS
 IO_FILL_IO_NORTH_11_100/VDD
 IO_FILL_IO_NORTH_11_100/VSS
 IO_FILL_IO_NORTH_11_200/DVDD
 IO_FILL_IO_NORTH_11_200/DVSS
 IO_FILL_IO_NORTH_11_200/VDD
 IO_FILL_IO_NORTH_11_200/VSS
 IO_FILL_IO_NORTH_11_210/DVDD
 IO_FILL_IO_NORTH_11_210/DVSS
 IO_FILL_IO_NORTH_11_210/VDD
 IO_FILL_IO_NORTH_11_210/VSS
 IO_FILL_IO_NORTH_12_0/DVDD
 IO_FILL_IO_NORTH_12_0/DVSS
 IO_FILL_IO_NORTH_12_0/VDD
 IO_FILL_IO_NORTH_12_0/VSS
 IO_FILL_IO_NORTH_12_100/DVDD
 IO_FILL_IO_NORTH_12_100/DVSS
 IO_FILL_IO_NORTH_12_100/VDD
 IO_FILL_IO_NORTH_12_100/VSS
 IO_FILL_IO_NORTH_12_200/DVDD
 IO_FILL_IO_NORTH_12_200/DVSS
 IO_FILL_IO_NORTH_12_200/VDD
 IO_FILL_IO_NORTH_12_200/VSS
 IO_FILL_IO_NORTH_12_210/DVDD
 IO_FILL_IO_NORTH_12_210/DVSS
 IO_FILL_IO_NORTH_12_210/VDD
 IO_FILL_IO_NORTH_12_210/VSS
 IO_FILL_IO_NORTH_13_0/DVDD
 IO_FILL_IO_NORTH_13_0/DVSS
 IO_FILL_IO_NORTH_13_0/VDD
 IO_FILL_IO_NORTH_13_0/VSS
 IO_FILL_IO_NORTH_13_100/DVDD
 IO_FILL_IO_NORTH_13_100/DVSS
 IO_FILL_IO_NORTH_13_100/VDD
 IO_FILL_IO_NORTH_13_100/VSS
 IO_FILL_IO_NORTH_13_200/DVDD
 IO_FILL_IO_NORTH_13_200/DVSS
 IO_FILL_IO_NORTH_13_200/VDD
 IO_FILL_IO_NORTH_13_200/VSS
 IO_FILL_IO_NORTH_13_210/DVDD
 IO_FILL_IO_NORTH_13_210/DVSS
 IO_FILL_IO_NORTH_13_210/VDD
 IO_FILL_IO_NORTH_13_210/VSS
 IO_FILL_IO_NORTH_14_0/DVDD
 IO_FILL_IO_NORTH_14_0/DVSS
 IO_FILL_IO_NORTH_14_0/VDD
 IO_FILL_IO_NORTH_14_0/VSS
 IO_FILL_IO_NORTH_14_100/DVDD
 IO_FILL_IO_NORTH_14_100/DVSS
 IO_FILL_IO_NORTH_14_100/VDD
 IO_FILL_IO_NORTH_14_100/VSS
 IO_FILL_IO_NORTH_14_200/DVDD
 IO_FILL_IO_NORTH_14_200/DVSS
 IO_FILL_IO_NORTH_14_200/VDD
 IO_FILL_IO_NORTH_14_200/VSS
 IO_FILL_IO_NORTH_14_210/DVDD
 IO_FILL_IO_NORTH_14_210/DVSS
 IO_FILL_IO_NORTH_14_210/VDD
 IO_FILL_IO_NORTH_14_210/VSS
 IO_FILL_IO_NORTH_15_0/DVDD
 IO_FILL_IO_NORTH_15_0/DVSS
 IO_FILL_IO_NORTH_15_0/VDD
 IO_FILL_IO_NORTH_15_0/VSS
 IO_FILL_IO_NORTH_15_100/DVDD
 IO_FILL_IO_NORTH_15_100/DVSS
 IO_FILL_IO_NORTH_15_100/VDD
 IO_FILL_IO_NORTH_15_100/VSS
 IO_FILL_IO_NORTH_15_200/DVDD
 IO_FILL_IO_NORTH_15_200/DVSS
 IO_FILL_IO_NORTH_15_200/VDD
 IO_FILL_IO_NORTH_15_200/VSS
 IO_FILL_IO_NORTH_15_210/DVDD
 IO_FILL_IO_NORTH_15_210/DVSS
 IO_FILL_IO_NORTH_15_210/VDD
 IO_FILL_IO_NORTH_15_210/VSS
 IO_FILL_IO_NORTH_16_0/DVDD
 IO_FILL_IO_NORTH_16_0/DVSS
 IO_FILL_IO_NORTH_16_0/VDD
 IO_FILL_IO_NORTH_16_0/VSS
 IO_FILL_IO_NORTH_16_100/DVDD
 IO_FILL_IO_NORTH_16_100/DVSS
 IO_FILL_IO_NORTH_16_100/VDD
 IO_FILL_IO_NORTH_16_100/VSS
 IO_FILL_IO_NORTH_16_200/DVDD
 IO_FILL_IO_NORTH_16_200/DVSS
 IO_FILL_IO_NORTH_16_200/VDD
 IO_FILL_IO_NORTH_16_200/VSS
 IO_FILL_IO_NORTH_16_210/DVDD
 IO_FILL_IO_NORTH_16_210/DVSS
 IO_FILL_IO_NORTH_16_210/VDD
 IO_FILL_IO_NORTH_16_210/VSS
 IO_FILL_IO_NORTH_17_0/DVDD
 IO_FILL_IO_NORTH_17_0/DVSS
 IO_FILL_IO_NORTH_17_0/VDD
 IO_FILL_IO_NORTH_17_0/VSS
 IO_FILL_IO_NORTH_17_100/DVDD
 IO_FILL_IO_NORTH_17_100/DVSS
 IO_FILL_IO_NORTH_17_100/VDD
 IO_FILL_IO_NORTH_17_100/VSS
 IO_FILL_IO_NORTH_17_200/DVDD
 IO_FILL_IO_NORTH_17_200/DVSS
 IO_FILL_IO_NORTH_17_200/VDD
 IO_FILL_IO_NORTH_17_200/VSS
 IO_FILL_IO_NORTH_17_210/DVDD
 IO_FILL_IO_NORTH_17_210/DVSS
 IO_FILL_IO_NORTH_17_210/VDD
 IO_FILL_IO_NORTH_17_210/VSS
 IO_FILL_IO_NORTH_18_0/DVDD
 IO_FILL_IO_NORTH_18_0/DVSS
 IO_FILL_IO_NORTH_18_0/VDD
 IO_FILL_IO_NORTH_18_0/VSS
 IO_FILL_IO_NORTH_18_100/DVDD
 IO_FILL_IO_NORTH_18_100/DVSS
 IO_FILL_IO_NORTH_18_100/VDD
 IO_FILL_IO_NORTH_18_100/VSS
 IO_FILL_IO_NORTH_18_200/DVDD
 IO_FILL_IO_NORTH_18_200/DVSS
 IO_FILL_IO_NORTH_18_200/VDD
 IO_FILL_IO_NORTH_18_200/VSS
 IO_FILL_IO_NORTH_18_210/DVDD
 IO_FILL_IO_NORTH_18_210/DVSS
 IO_FILL_IO_NORTH_18_210/VDD
 IO_FILL_IO_NORTH_18_210/VSS
 IO_FILL_IO_NORTH_19_0/DVDD
 IO_FILL_IO_NORTH_19_0/DVSS
 IO_FILL_IO_NORTH_19_0/VDD
 IO_FILL_IO_NORTH_19_0/VSS
 IO_FILL_IO_NORTH_19_100/DVDD
 IO_FILL_IO_NORTH_19_100/DVSS
 IO_FILL_IO_NORTH_19_100/VDD
 IO_FILL_IO_NORTH_19_100/VSS
 IO_FILL_IO_NORTH_19_200/DVDD
 IO_FILL_IO_NORTH_19_200/DVSS
 IO_FILL_IO_NORTH_19_200/VDD
 IO_FILL_IO_NORTH_19_200/VSS
 IO_FILL_IO_NORTH_19_210/DVDD
 IO_FILL_IO_NORTH_19_210/DVSS
 IO_FILL_IO_NORTH_19_210/VDD
 IO_FILL_IO_NORTH_19_210/VSS
 IO_FILL_IO_NORTH_1_0/DVDD
 IO_FILL_IO_NORTH_1_0/DVSS
 IO_FILL_IO_NORTH_1_0/VDD
 IO_FILL_IO_NORTH_1_0/VSS
 IO_FILL_IO_NORTH_1_100/DVDD
 IO_FILL_IO_NORTH_1_100/DVSS
 IO_FILL_IO_NORTH_1_100/VDD
 IO_FILL_IO_NORTH_1_100/VSS
 IO_FILL_IO_NORTH_1_200/DVDD
 IO_FILL_IO_NORTH_1_200/DVSS
 IO_FILL_IO_NORTH_1_200/VDD
 IO_FILL_IO_NORTH_1_200/VSS
 IO_FILL_IO_NORTH_1_210/DVDD
 IO_FILL_IO_NORTH_1_210/DVSS
 IO_FILL_IO_NORTH_1_210/VDD
 IO_FILL_IO_NORTH_1_210/VSS
 IO_FILL_IO_NORTH_20_0/DVDD
 IO_FILL_IO_NORTH_20_0/DVSS
 IO_FILL_IO_NORTH_20_0/VDD
 IO_FILL_IO_NORTH_20_0/VSS
 IO_FILL_IO_NORTH_20_100/DVDD
 IO_FILL_IO_NORTH_20_100/DVSS
 IO_FILL_IO_NORTH_20_100/VDD
 IO_FILL_IO_NORTH_20_100/VSS
 IO_FILL_IO_NORTH_20_200/DVDD
 IO_FILL_IO_NORTH_20_200/DVSS
 IO_FILL_IO_NORTH_20_200/VDD
 IO_FILL_IO_NORTH_20_200/VSS
 IO_FILL_IO_NORTH_20_210/DVDD
 IO_FILL_IO_NORTH_20_210/DVSS
 IO_FILL_IO_NORTH_20_210/VDD
 IO_FILL_IO_NORTH_20_210/VSS
 IO_FILL_IO_NORTH_21_0/DVDD
 IO_FILL_IO_NORTH_21_0/DVSS
 IO_FILL_IO_NORTH_21_0/VDD
 IO_FILL_IO_NORTH_21_0/VSS
 IO_FILL_IO_NORTH_21_100/DVDD
 IO_FILL_IO_NORTH_21_100/DVSS
 IO_FILL_IO_NORTH_21_100/VDD
 IO_FILL_IO_NORTH_21_100/VSS
 IO_FILL_IO_NORTH_21_200/DVDD
 IO_FILL_IO_NORTH_21_200/DVSS
 IO_FILL_IO_NORTH_21_200/VDD
 IO_FILL_IO_NORTH_21_200/VSS
 IO_FILL_IO_NORTH_21_210/DVDD
 IO_FILL_IO_NORTH_21_210/DVSS
 IO_FILL_IO_NORTH_21_210/VDD
 IO_FILL_IO_NORTH_21_210/VSS
 IO_FILL_IO_NORTH_22_0/DVDD
 IO_FILL_IO_NORTH_22_0/DVSS
 IO_FILL_IO_NORTH_22_0/VDD
 IO_FILL_IO_NORTH_22_0/VSS
 IO_FILL_IO_NORTH_22_100/DVDD
 IO_FILL_IO_NORTH_22_100/DVSS
 IO_FILL_IO_NORTH_22_100/VDD
 IO_FILL_IO_NORTH_22_100/VSS
 IO_FILL_IO_NORTH_22_200/DVDD
 IO_FILL_IO_NORTH_22_200/DVSS
 IO_FILL_IO_NORTH_22_200/VDD
 IO_FILL_IO_NORTH_22_200/VSS
 IO_FILL_IO_NORTH_22_300/DVDD
 IO_FILL_IO_NORTH_22_300/DVSS
 IO_FILL_IO_NORTH_22_300/VDD
 IO_FILL_IO_NORTH_22_300/VSS
 IO_FILL_IO_NORTH_2_0/DVDD
 IO_FILL_IO_NORTH_2_0/DVSS
 IO_FILL_IO_NORTH_2_0/VDD
 IO_FILL_IO_NORTH_2_0/VSS
 IO_FILL_IO_NORTH_2_100/DVDD
 IO_FILL_IO_NORTH_2_100/DVSS
 IO_FILL_IO_NORTH_2_100/VDD
 IO_FILL_IO_NORTH_2_100/VSS
 IO_FILL_IO_NORTH_2_200/DVDD
 IO_FILL_IO_NORTH_2_200/DVSS
 IO_FILL_IO_NORTH_2_200/VDD
 IO_FILL_IO_NORTH_2_200/VSS
 IO_FILL_IO_NORTH_2_210/DVDD
 IO_FILL_IO_NORTH_2_210/DVSS
 IO_FILL_IO_NORTH_2_210/VDD
 IO_FILL_IO_NORTH_2_210/VSS
 IO_FILL_IO_NORTH_3_0/DVDD
 IO_FILL_IO_NORTH_3_0/DVSS
 IO_FILL_IO_NORTH_3_0/VDD
 IO_FILL_IO_NORTH_3_0/VSS
 IO_FILL_IO_NORTH_3_100/DVDD
 IO_FILL_IO_NORTH_3_100/DVSS
 IO_FILL_IO_NORTH_3_100/VDD
 IO_FILL_IO_NORTH_3_100/VSS
 IO_FILL_IO_NORTH_3_200/DVDD
 IO_FILL_IO_NORTH_3_200/DVSS
 IO_FILL_IO_NORTH_3_200/VDD
 IO_FILL_IO_NORTH_3_200/VSS
 IO_FILL_IO_NORTH_3_210/DVDD
 IO_FILL_IO_NORTH_3_210/DVSS
 IO_FILL_IO_NORTH_3_210/VDD
 IO_FILL_IO_NORTH_3_210/VSS
 IO_FILL_IO_NORTH_4_0/DVDD
 IO_FILL_IO_NORTH_4_0/DVSS
 IO_FILL_IO_NORTH_4_0/VDD
 IO_FILL_IO_NORTH_4_0/VSS
 IO_FILL_IO_NORTH_4_100/DVDD
 IO_FILL_IO_NORTH_4_100/DVSS
 IO_FILL_IO_NORTH_4_100/VDD
 IO_FILL_IO_NORTH_4_100/VSS
 IO_FILL_IO_NORTH_4_200/DVDD
 IO_FILL_IO_NORTH_4_200/DVSS
 IO_FILL_IO_NORTH_4_200/VDD
 IO_FILL_IO_NORTH_4_200/VSS
 IO_FILL_IO_NORTH_4_210/DVDD
 IO_FILL_IO_NORTH_4_210/DVSS
 IO_FILL_IO_NORTH_4_210/VDD
 IO_FILL_IO_NORTH_4_210/VSS
 IO_FILL_IO_NORTH_5_0/DVDD
 IO_FILL_IO_NORTH_5_0/DVSS
 IO_FILL_IO_NORTH_5_0/VDD
 IO_FILL_IO_NORTH_5_0/VSS
 IO_FILL_IO_NORTH_5_100/DVDD
 IO_FILL_IO_NORTH_5_100/DVSS
 IO_FILL_IO_NORTH_5_100/VDD
 IO_FILL_IO_NORTH_5_100/VSS
 IO_FILL_IO_NORTH_5_200/DVDD
 IO_FILL_IO_NORTH_5_200/DVSS
 IO_FILL_IO_NORTH_5_200/VDD
 IO_FILL_IO_NORTH_5_200/VSS
 IO_FILL_IO_NORTH_5_210/DVDD
 IO_FILL_IO_NORTH_5_210/DVSS
 IO_FILL_IO_NORTH_5_210/VDD
 IO_FILL_IO_NORTH_5_210/VSS
 IO_FILL_IO_NORTH_6_0/DVDD
 IO_FILL_IO_NORTH_6_0/DVSS
 IO_FILL_IO_NORTH_6_0/VDD
 IO_FILL_IO_NORTH_6_0/VSS
 IO_FILL_IO_NORTH_6_100/DVDD
 IO_FILL_IO_NORTH_6_100/DVSS
 IO_FILL_IO_NORTH_6_100/VDD
 IO_FILL_IO_NORTH_6_100/VSS
 IO_FILL_IO_NORTH_6_200/DVDD
 IO_FILL_IO_NORTH_6_200/DVSS
 IO_FILL_IO_NORTH_6_200/VDD
 IO_FILL_IO_NORTH_6_200/VSS
 IO_FILL_IO_NORTH_6_210/DVDD
 IO_FILL_IO_NORTH_6_210/DVSS
 IO_FILL_IO_NORTH_6_210/VDD
 IO_FILL_IO_NORTH_6_210/VSS
 IO_FILL_IO_NORTH_7_0/DVDD
 IO_FILL_IO_NORTH_7_0/DVSS
 IO_FILL_IO_NORTH_7_0/VDD
 IO_FILL_IO_NORTH_7_0/VSS
 IO_FILL_IO_NORTH_7_100/DVDD
 IO_FILL_IO_NORTH_7_100/DVSS
 IO_FILL_IO_NORTH_7_100/VDD
 IO_FILL_IO_NORTH_7_100/VSS
 IO_FILL_IO_NORTH_7_200/DVDD
 IO_FILL_IO_NORTH_7_200/DVSS
 IO_FILL_IO_NORTH_7_200/VDD
 IO_FILL_IO_NORTH_7_200/VSS
 IO_FILL_IO_NORTH_7_210/DVDD
 IO_FILL_IO_NORTH_7_210/DVSS
 IO_FILL_IO_NORTH_7_210/VDD
 IO_FILL_IO_NORTH_7_210/VSS
 IO_FILL_IO_NORTH_8_0/DVDD
 IO_FILL_IO_NORTH_8_0/DVSS
 IO_FILL_IO_NORTH_8_0/VDD
 IO_FILL_IO_NORTH_8_0/VSS
 IO_FILL_IO_NORTH_8_100/DVDD
 IO_FILL_IO_NORTH_8_100/DVSS
 IO_FILL_IO_NORTH_8_100/VDD
 IO_FILL_IO_NORTH_8_100/VSS
 IO_FILL_IO_NORTH_8_200/DVDD
 IO_FILL_IO_NORTH_8_200/DVSS
 IO_FILL_IO_NORTH_8_200/VDD
 IO_FILL_IO_NORTH_8_200/VSS
 IO_FILL_IO_NORTH_8_210/DVDD
 IO_FILL_IO_NORTH_8_210/DVSS
 IO_FILL_IO_NORTH_8_210/VDD
 IO_FILL_IO_NORTH_8_210/VSS
 IO_FILL_IO_NORTH_9_0/DVDD
 IO_FILL_IO_NORTH_9_0/DVSS
 IO_FILL_IO_NORTH_9_0/VDD
 IO_FILL_IO_NORTH_9_0/VSS
 IO_FILL_IO_NORTH_9_100/DVDD
 IO_FILL_IO_NORTH_9_100/DVSS
 IO_FILL_IO_NORTH_9_100/VDD
 IO_FILL_IO_NORTH_9_100/VSS
 IO_FILL_IO_NORTH_9_200/DVDD
 IO_FILL_IO_NORTH_9_200/DVSS
 IO_FILL_IO_NORTH_9_200/VDD
 IO_FILL_IO_NORTH_9_200/VSS
 IO_FILL_IO_NORTH_9_210/DVDD
 IO_FILL_IO_NORTH_9_210/DVSS
 IO_FILL_IO_NORTH_9_210/VDD
 IO_FILL_IO_NORTH_9_210/VSS
 IO_FILL_IO_SOUTH_0_0/DVDD
 IO_FILL_IO_SOUTH_0_0/DVSS
 IO_FILL_IO_SOUTH_0_0/VDD
 IO_FILL_IO_SOUTH_0_0/VSS
 IO_FILL_IO_SOUTH_0_100/DVDD
 IO_FILL_IO_SOUTH_0_100/DVSS
 IO_FILL_IO_SOUTH_0_100/VDD
 IO_FILL_IO_SOUTH_0_100/VSS
 IO_FILL_IO_SOUTH_0_150/DVDD
 IO_FILL_IO_SOUTH_0_150/DVSS
 IO_FILL_IO_SOUTH_0_150/VDD
 IO_FILL_IO_SOUTH_0_150/VSS
 IO_FILL_IO_SOUTH_0_160/DVDD
 IO_FILL_IO_SOUTH_0_160/DVSS
 IO_FILL_IO_SOUTH_0_160/VDD
 IO_FILL_IO_SOUTH_0_160/VSS
 IO_FILL_IO_SOUTH_10_0/DVDD
 IO_FILL_IO_SOUTH_10_0/DVSS
 IO_FILL_IO_SOUTH_10_0/VDD
 IO_FILL_IO_SOUTH_10_0/VSS
 IO_FILL_IO_SOUTH_10_100/DVDD
 IO_FILL_IO_SOUTH_10_100/DVSS
 IO_FILL_IO_SOUTH_10_100/VDD
 IO_FILL_IO_SOUTH_10_100/VSS
 IO_FILL_IO_SOUTH_11_0/DVDD
 IO_FILL_IO_SOUTH_11_0/DVSS
 IO_FILL_IO_SOUTH_11_0/VDD
 IO_FILL_IO_SOUTH_11_0/VSS
 IO_FILL_IO_SOUTH_11_100/DVDD
 IO_FILL_IO_SOUTH_11_100/DVSS
 IO_FILL_IO_SOUTH_11_100/VDD
 IO_FILL_IO_SOUTH_11_100/VSS
 IO_FILL_IO_SOUTH_12_0/DVDD
 IO_FILL_IO_SOUTH_12_0/DVSS
 IO_FILL_IO_SOUTH_12_0/VDD
 IO_FILL_IO_SOUTH_12_0/VSS
 IO_FILL_IO_SOUTH_12_100/DVDD
 IO_FILL_IO_SOUTH_12_100/DVSS
 IO_FILL_IO_SOUTH_12_100/VDD
 IO_FILL_IO_SOUTH_12_100/VSS
 IO_FILL_IO_SOUTH_13_0/DVDD
 IO_FILL_IO_SOUTH_13_0/DVSS
 IO_FILL_IO_SOUTH_13_0/VDD
 IO_FILL_IO_SOUTH_13_0/VSS
 IO_FILL_IO_SOUTH_13_100/DVDD
 IO_FILL_IO_SOUTH_13_100/DVSS
 IO_FILL_IO_SOUTH_13_100/VDD
 IO_FILL_IO_SOUTH_13_100/VSS
 IO_FILL_IO_SOUTH_14_0/DVDD
 IO_FILL_IO_SOUTH_14_0/DVSS
 IO_FILL_IO_SOUTH_14_0/VDD
 IO_FILL_IO_SOUTH_14_0/VSS
 IO_FILL_IO_SOUTH_14_100/DVDD
 IO_FILL_IO_SOUTH_14_100/DVSS
 IO_FILL_IO_SOUTH_14_100/VDD
 IO_FILL_IO_SOUTH_14_100/VSS
 IO_FILL_IO_SOUTH_15_0/DVDD
 IO_FILL_IO_SOUTH_15_0/DVSS
 IO_FILL_IO_SOUTH_15_0/VDD
 IO_FILL_IO_SOUTH_15_0/VSS
 IO_FILL_IO_SOUTH_15_100/DVDD
 IO_FILL_IO_SOUTH_15_100/DVSS
 IO_FILL_IO_SOUTH_15_100/VDD
 IO_FILL_IO_SOUTH_15_100/VSS
 IO_FILL_IO_SOUTH_16_0/DVDD
 IO_FILL_IO_SOUTH_16_0/DVSS
 IO_FILL_IO_SOUTH_16_0/VDD
 IO_FILL_IO_SOUTH_16_0/VSS
 IO_FILL_IO_SOUTH_16_100/DVDD
 IO_FILL_IO_SOUTH_16_100/DVSS
 IO_FILL_IO_SOUTH_16_100/VDD
 IO_FILL_IO_SOUTH_16_100/VSS
 IO_FILL_IO_SOUTH_17_0/DVDD
 IO_FILL_IO_SOUTH_17_0/DVSS
 IO_FILL_IO_SOUTH_17_0/VDD
 IO_FILL_IO_SOUTH_17_0/VSS
 IO_FILL_IO_SOUTH_17_100/DVDD
 IO_FILL_IO_SOUTH_17_100/DVSS
 IO_FILL_IO_SOUTH_17_100/VDD
 IO_FILL_IO_SOUTH_17_100/VSS
 IO_FILL_IO_SOUTH_18_0/DVDD
 IO_FILL_IO_SOUTH_18_0/DVSS
 IO_FILL_IO_SOUTH_18_0/VDD
 IO_FILL_IO_SOUTH_18_0/VSS
 IO_FILL_IO_SOUTH_18_100/DVDD
 IO_FILL_IO_SOUTH_18_100/DVSS
 IO_FILL_IO_SOUTH_18_100/VDD
 IO_FILL_IO_SOUTH_18_100/VSS
 IO_FILL_IO_SOUTH_19_0/DVDD
 IO_FILL_IO_SOUTH_19_0/DVSS
 IO_FILL_IO_SOUTH_19_0/VDD
 IO_FILL_IO_SOUTH_19_0/VSS
 IO_FILL_IO_SOUTH_19_100/DVDD
 IO_FILL_IO_SOUTH_19_100/DVSS
 IO_FILL_IO_SOUTH_19_100/VDD
 IO_FILL_IO_SOUTH_19_100/VSS
 IO_FILL_IO_SOUTH_1_0/DVDD
 IO_FILL_IO_SOUTH_1_0/DVSS
 IO_FILL_IO_SOUTH_1_0/VDD
 IO_FILL_IO_SOUTH_1_0/VSS
 IO_FILL_IO_SOUTH_1_100/DVDD
 IO_FILL_IO_SOUTH_1_100/DVSS
 IO_FILL_IO_SOUTH_1_100/VDD
 IO_FILL_IO_SOUTH_1_100/VSS
 IO_FILL_IO_SOUTH_20_0/DVDD
 IO_FILL_IO_SOUTH_20_0/DVSS
 IO_FILL_IO_SOUTH_20_0/VDD
 IO_FILL_IO_SOUTH_20_0/VSS
 IO_FILL_IO_SOUTH_20_100/DVDD
 IO_FILL_IO_SOUTH_20_100/DVSS
 IO_FILL_IO_SOUTH_20_100/VDD
 IO_FILL_IO_SOUTH_20_100/VSS
 IO_FILL_IO_SOUTH_21_0/DVDD
 IO_FILL_IO_SOUTH_21_0/DVSS
 IO_FILL_IO_SOUTH_21_0/VDD
 IO_FILL_IO_SOUTH_21_0/VSS
 IO_FILL_IO_SOUTH_21_100/DVDD
 IO_FILL_IO_SOUTH_21_100/DVSS
 IO_FILL_IO_SOUTH_21_100/VDD
 IO_FILL_IO_SOUTH_21_100/VSS
 IO_FILL_IO_SOUTH_22_0/DVDD
 IO_FILL_IO_SOUTH_22_0/DVSS
 IO_FILL_IO_SOUTH_22_0/VDD
 IO_FILL_IO_SOUTH_22_0/VSS
 IO_FILL_IO_SOUTH_22_100/DVDD
 IO_FILL_IO_SOUTH_22_100/DVSS
 IO_FILL_IO_SOUTH_22_100/VDD
 IO_FILL_IO_SOUTH_22_100/VSS
 IO_FILL_IO_SOUTH_23_0/DVDD
 IO_FILL_IO_SOUTH_23_0/DVSS
 IO_FILL_IO_SOUTH_23_0/VDD
 IO_FILL_IO_SOUTH_23_0/VSS
 IO_FILL_IO_SOUTH_23_100/DVDD
 IO_FILL_IO_SOUTH_23_100/DVSS
 IO_FILL_IO_SOUTH_23_100/VDD
 IO_FILL_IO_SOUTH_23_100/VSS
 IO_FILL_IO_SOUTH_24_0/DVDD
 IO_FILL_IO_SOUTH_24_0/DVSS
 IO_FILL_IO_SOUTH_24_0/VDD
 IO_FILL_IO_SOUTH_24_0/VSS
 IO_FILL_IO_SOUTH_24_100/DVDD
 IO_FILL_IO_SOUTH_24_100/DVSS
 IO_FILL_IO_SOUTH_24_100/VDD
 IO_FILL_IO_SOUTH_24_100/VSS
 IO_FILL_IO_SOUTH_25_0/DVDD
 IO_FILL_IO_SOUTH_25_0/DVSS
 IO_FILL_IO_SOUTH_25_0/VDD
 IO_FILL_IO_SOUTH_25_0/VSS
 IO_FILL_IO_SOUTH_25_100/DVDD
 IO_FILL_IO_SOUTH_25_100/DVSS
 IO_FILL_IO_SOUTH_25_100/VDD
 IO_FILL_IO_SOUTH_25_100/VSS
 IO_FILL_IO_SOUTH_25_150/DVDD
 IO_FILL_IO_SOUTH_25_150/DVSS
 IO_FILL_IO_SOUTH_25_150/VDD
 IO_FILL_IO_SOUTH_25_150/VSS
 IO_FILL_IO_SOUTH_25_160/DVDD
 IO_FILL_IO_SOUTH_25_160/DVSS
 IO_FILL_IO_SOUTH_25_160/VDD
 IO_FILL_IO_SOUTH_25_160/VSS
 IO_FILL_IO_SOUTH_2_0/DVDD
 IO_FILL_IO_SOUTH_2_0/DVSS
 IO_FILL_IO_SOUTH_2_0/VDD
 IO_FILL_IO_SOUTH_2_0/VSS
 IO_FILL_IO_SOUTH_2_100/DVDD
 IO_FILL_IO_SOUTH_2_100/DVSS
 IO_FILL_IO_SOUTH_2_100/VDD
 IO_FILL_IO_SOUTH_2_100/VSS
 IO_FILL_IO_SOUTH_3_0/DVDD
 IO_FILL_IO_SOUTH_3_0/DVSS
 IO_FILL_IO_SOUTH_3_0/VDD
 IO_FILL_IO_SOUTH_3_0/VSS
 IO_FILL_IO_SOUTH_3_100/DVDD
 IO_FILL_IO_SOUTH_3_100/DVSS
 IO_FILL_IO_SOUTH_3_100/VDD
 IO_FILL_IO_SOUTH_3_100/VSS
 IO_FILL_IO_SOUTH_4_0/DVDD
 IO_FILL_IO_SOUTH_4_0/DVSS
 IO_FILL_IO_SOUTH_4_0/VDD
 IO_FILL_IO_SOUTH_4_0/VSS
 IO_FILL_IO_SOUTH_4_100/DVDD
 IO_FILL_IO_SOUTH_4_100/DVSS
 IO_FILL_IO_SOUTH_4_100/VDD
 IO_FILL_IO_SOUTH_4_100/VSS
 IO_FILL_IO_SOUTH_5_0/DVDD
 IO_FILL_IO_SOUTH_5_0/DVSS
 IO_FILL_IO_SOUTH_5_0/VDD
 IO_FILL_IO_SOUTH_5_0/VSS
 IO_FILL_IO_SOUTH_5_100/DVDD
 IO_FILL_IO_SOUTH_5_100/DVSS
 IO_FILL_IO_SOUTH_5_100/VDD
 IO_FILL_IO_SOUTH_5_100/VSS
 IO_FILL_IO_SOUTH_6_0/DVDD
 IO_FILL_IO_SOUTH_6_0/DVSS
 IO_FILL_IO_SOUTH_6_0/VDD
 IO_FILL_IO_SOUTH_6_0/VSS
 IO_FILL_IO_SOUTH_6_100/DVDD
 IO_FILL_IO_SOUTH_6_100/DVSS
 IO_FILL_IO_SOUTH_6_100/VDD
 IO_FILL_IO_SOUTH_6_100/VSS
 IO_FILL_IO_SOUTH_7_0/DVDD
 IO_FILL_IO_SOUTH_7_0/DVSS
 IO_FILL_IO_SOUTH_7_0/VDD
 IO_FILL_IO_SOUTH_7_0/VSS
 IO_FILL_IO_SOUTH_7_100/DVDD
 IO_FILL_IO_SOUTH_7_100/DVSS
 IO_FILL_IO_SOUTH_7_100/VDD
 IO_FILL_IO_SOUTH_7_100/VSS
 IO_FILL_IO_SOUTH_8_0/DVDD
 IO_FILL_IO_SOUTH_8_0/DVSS
 IO_FILL_IO_SOUTH_8_0/VDD
 IO_FILL_IO_SOUTH_8_0/VSS
 IO_FILL_IO_SOUTH_8_100/DVDD
 IO_FILL_IO_SOUTH_8_100/DVSS
 IO_FILL_IO_SOUTH_8_100/VDD
 IO_FILL_IO_SOUTH_8_100/VSS
 IO_FILL_IO_SOUTH_9_0/DVDD
 IO_FILL_IO_SOUTH_9_0/DVSS
 IO_FILL_IO_SOUTH_9_0/VDD
 IO_FILL_IO_SOUTH_9_0/VSS
 IO_FILL_IO_SOUTH_9_100/DVDD
 IO_FILL_IO_SOUTH_9_100/DVSS
 IO_FILL_IO_SOUTH_9_100/VDD
 IO_FILL_IO_SOUTH_9_100/VSS
 IO_FILL_IO_WEST_0_0/DVDD
 IO_FILL_IO_WEST_0_0/DVSS
 IO_FILL_IO_WEST_0_0/VDD
 IO_FILL_IO_WEST_0_0/VSS
 IO_FILL_IO_WEST_0_100/DVDD
 IO_FILL_IO_WEST_0_100/DVSS
 IO_FILL_IO_WEST_0_100/VDD
 IO_FILL_IO_WEST_0_100/VSS
 IO_FILL_IO_WEST_0_200/DVDD
 IO_FILL_IO_WEST_0_200/DVSS
 IO_FILL_IO_WEST_0_200/VDD
 IO_FILL_IO_WEST_0_200/VSS
 IO_FILL_IO_WEST_10_0/DVDD
 IO_FILL_IO_WEST_10_0/DVSS
 IO_FILL_IO_WEST_10_0/VDD
 IO_FILL_IO_WEST_10_0/VSS
 IO_FILL_IO_WEST_10_100/DVDD
 IO_FILL_IO_WEST_10_100/DVSS
 IO_FILL_IO_WEST_10_100/VDD
 IO_FILL_IO_WEST_10_100/VSS
 IO_FILL_IO_WEST_10_200/DVDD
 IO_FILL_IO_WEST_10_200/DVSS
 IO_FILL_IO_WEST_10_200/VDD
 IO_FILL_IO_WEST_10_200/VSS
 IO_FILL_IO_WEST_10_210/DVDD
 IO_FILL_IO_WEST_10_210/DVSS
 IO_FILL_IO_WEST_10_210/VDD
 IO_FILL_IO_WEST_10_210/VSS
 IO_FILL_IO_WEST_11_0/DVDD
 IO_FILL_IO_WEST_11_0/DVSS
 IO_FILL_IO_WEST_11_0/VDD
 IO_FILL_IO_WEST_11_0/VSS
 IO_FILL_IO_WEST_11_100/DVDD
 IO_FILL_IO_WEST_11_100/DVSS
 IO_FILL_IO_WEST_11_100/VDD
 IO_FILL_IO_WEST_11_100/VSS
 IO_FILL_IO_WEST_11_200/DVDD
 IO_FILL_IO_WEST_11_200/DVSS
 IO_FILL_IO_WEST_11_200/VDD
 IO_FILL_IO_WEST_11_200/VSS
 IO_FILL_IO_WEST_11_210/DVDD
 IO_FILL_IO_WEST_11_210/DVSS
 IO_FILL_IO_WEST_11_210/VDD
 IO_FILL_IO_WEST_11_210/VSS
 IO_FILL_IO_WEST_12_0/DVDD
 IO_FILL_IO_WEST_12_0/DVSS
 IO_FILL_IO_WEST_12_0/VDD
 IO_FILL_IO_WEST_12_0/VSS
 IO_FILL_IO_WEST_12_100/DVDD
 IO_FILL_IO_WEST_12_100/DVSS
 IO_FILL_IO_WEST_12_100/VDD
 IO_FILL_IO_WEST_12_100/VSS
 IO_FILL_IO_WEST_12_200/DVDD
 IO_FILL_IO_WEST_12_200/DVSS
 IO_FILL_IO_WEST_12_200/VDD
 IO_FILL_IO_WEST_12_200/VSS
 IO_FILL_IO_WEST_12_210/DVDD
 IO_FILL_IO_WEST_12_210/DVSS
 IO_FILL_IO_WEST_12_210/VDD
 IO_FILL_IO_WEST_12_210/VSS
 IO_FILL_IO_WEST_13_0/DVDD
 IO_FILL_IO_WEST_13_0/DVSS
 IO_FILL_IO_WEST_13_0/VDD
 IO_FILL_IO_WEST_13_0/VSS
 IO_FILL_IO_WEST_13_100/DVDD
 IO_FILL_IO_WEST_13_100/DVSS
 IO_FILL_IO_WEST_13_100/VDD
 IO_FILL_IO_WEST_13_100/VSS
 IO_FILL_IO_WEST_13_200/DVDD
 IO_FILL_IO_WEST_13_200/DVSS
 IO_FILL_IO_WEST_13_200/VDD
 IO_FILL_IO_WEST_13_200/VSS
 IO_FILL_IO_WEST_13_210/DVDD
 IO_FILL_IO_WEST_13_210/DVSS
 IO_FILL_IO_WEST_13_210/VDD
 IO_FILL_IO_WEST_13_210/VSS
 IO_FILL_IO_WEST_14_0/DVDD
 IO_FILL_IO_WEST_14_0/DVSS
 IO_FILL_IO_WEST_14_0/VDD
 IO_FILL_IO_WEST_14_0/VSS
 IO_FILL_IO_WEST_14_100/DVDD
 IO_FILL_IO_WEST_14_100/DVSS
 IO_FILL_IO_WEST_14_100/VDD
 IO_FILL_IO_WEST_14_100/VSS
 IO_FILL_IO_WEST_14_200/DVDD
 IO_FILL_IO_WEST_14_200/DVSS
 IO_FILL_IO_WEST_14_200/VDD
 IO_FILL_IO_WEST_14_200/VSS
 IO_FILL_IO_WEST_14_210/DVDD
 IO_FILL_IO_WEST_14_210/DVSS
 IO_FILL_IO_WEST_14_210/VDD
 IO_FILL_IO_WEST_14_210/VSS
 IO_FILL_IO_WEST_15_0/DVDD
 IO_FILL_IO_WEST_15_0/DVSS
 IO_FILL_IO_WEST_15_0/VDD
 IO_FILL_IO_WEST_15_0/VSS
 IO_FILL_IO_WEST_15_100/DVDD
 IO_FILL_IO_WEST_15_100/DVSS
 IO_FILL_IO_WEST_15_100/VDD
 IO_FILL_IO_WEST_15_100/VSS
 IO_FILL_IO_WEST_15_200/DVDD
 IO_FILL_IO_WEST_15_200/DVSS
 IO_FILL_IO_WEST_15_200/VDD
 IO_FILL_IO_WEST_15_200/VSS
 IO_FILL_IO_WEST_15_210/DVDD
 IO_FILL_IO_WEST_15_210/DVSS
 IO_FILL_IO_WEST_15_210/VDD
 IO_FILL_IO_WEST_15_210/VSS
 IO_FILL_IO_WEST_16_0/DVDD
 IO_FILL_IO_WEST_16_0/DVSS
 IO_FILL_IO_WEST_16_0/VDD
 IO_FILL_IO_WEST_16_0/VSS
 IO_FILL_IO_WEST_16_100/DVDD
 IO_FILL_IO_WEST_16_100/DVSS
 IO_FILL_IO_WEST_16_100/VDD
 IO_FILL_IO_WEST_16_100/VSS
 IO_FILL_IO_WEST_16_200/DVDD
 IO_FILL_IO_WEST_16_200/DVSS
 IO_FILL_IO_WEST_16_200/VDD
 IO_FILL_IO_WEST_16_200/VSS
 IO_FILL_IO_WEST_16_210/DVDD
 IO_FILL_IO_WEST_16_210/DVSS
 IO_FILL_IO_WEST_16_210/VDD
 IO_FILL_IO_WEST_16_210/VSS
 IO_FILL_IO_WEST_17_0/DVDD
 IO_FILL_IO_WEST_17_0/DVSS
 IO_FILL_IO_WEST_17_0/VDD
 IO_FILL_IO_WEST_17_0/VSS
 IO_FILL_IO_WEST_17_100/DVDD
 IO_FILL_IO_WEST_17_100/DVSS
 IO_FILL_IO_WEST_17_100/VDD
 IO_FILL_IO_WEST_17_100/VSS
 IO_FILL_IO_WEST_17_200/DVDD
 IO_FILL_IO_WEST_17_200/DVSS
 IO_FILL_IO_WEST_17_200/VDD
 IO_FILL_IO_WEST_17_200/VSS
 IO_FILL_IO_WEST_17_210/DVDD
 IO_FILL_IO_WEST_17_210/DVSS
 IO_FILL_IO_WEST_17_210/VDD
 IO_FILL_IO_WEST_17_210/VSS
 IO_FILL_IO_WEST_18_0/DVDD
 IO_FILL_IO_WEST_18_0/DVSS
 IO_FILL_IO_WEST_18_0/VDD
 IO_FILL_IO_WEST_18_0/VSS
 IO_FILL_IO_WEST_18_100/DVDD
 IO_FILL_IO_WEST_18_100/DVSS
 IO_FILL_IO_WEST_18_100/VDD
 IO_FILL_IO_WEST_18_100/VSS
 IO_FILL_IO_WEST_18_200/DVDD
 IO_FILL_IO_WEST_18_200/DVSS
 IO_FILL_IO_WEST_18_200/VDD
 IO_FILL_IO_WEST_18_200/VSS
 IO_FILL_IO_WEST_18_210/DVDD
 IO_FILL_IO_WEST_18_210/DVSS
 IO_FILL_IO_WEST_18_210/VDD
 IO_FILL_IO_WEST_18_210/VSS
 IO_FILL_IO_WEST_19_0/DVDD
 IO_FILL_IO_WEST_19_0/DVSS
 IO_FILL_IO_WEST_19_0/VDD
 IO_FILL_IO_WEST_19_0/VSS
 IO_FILL_IO_WEST_19_100/DVDD
 IO_FILL_IO_WEST_19_100/DVSS
 IO_FILL_IO_WEST_19_100/VDD
 IO_FILL_IO_WEST_19_100/VSS
 IO_FILL_IO_WEST_19_200/DVDD
 IO_FILL_IO_WEST_19_200/DVSS
 IO_FILL_IO_WEST_19_200/VDD
 IO_FILL_IO_WEST_19_200/VSS
 IO_FILL_IO_WEST_19_210/DVDD
 IO_FILL_IO_WEST_19_210/DVSS
 IO_FILL_IO_WEST_19_210/VDD
 IO_FILL_IO_WEST_19_210/VSS
 IO_FILL_IO_WEST_1_0/DVDD
 IO_FILL_IO_WEST_1_0/DVSS
 IO_FILL_IO_WEST_1_0/VDD
 IO_FILL_IO_WEST_1_0/VSS
 IO_FILL_IO_WEST_1_100/DVDD
 IO_FILL_IO_WEST_1_100/DVSS
 IO_FILL_IO_WEST_1_100/VDD
 IO_FILL_IO_WEST_1_100/VSS
 IO_FILL_IO_WEST_1_200/DVDD
 IO_FILL_IO_WEST_1_200/DVSS
 IO_FILL_IO_WEST_1_200/VDD
 IO_FILL_IO_WEST_1_200/VSS
 IO_FILL_IO_WEST_1_210/DVDD
 IO_FILL_IO_WEST_1_210/DVSS
 IO_FILL_IO_WEST_1_210/VDD
 IO_FILL_IO_WEST_1_210/VSS
 IO_FILL_IO_WEST_20_0/DVDD
 IO_FILL_IO_WEST_20_0/DVSS
 IO_FILL_IO_WEST_20_0/VDD
 IO_FILL_IO_WEST_20_0/VSS
 IO_FILL_IO_WEST_20_100/DVDD
 IO_FILL_IO_WEST_20_100/DVSS
 IO_FILL_IO_WEST_20_100/VDD
 IO_FILL_IO_WEST_20_100/VSS
 IO_FILL_IO_WEST_20_200/DVDD
 IO_FILL_IO_WEST_20_200/DVSS
 IO_FILL_IO_WEST_20_200/VDD
 IO_FILL_IO_WEST_20_200/VSS
 IO_FILL_IO_WEST_20_210/DVDD
 IO_FILL_IO_WEST_20_210/DVSS
 IO_FILL_IO_WEST_20_210/VDD
 IO_FILL_IO_WEST_20_210/VSS
 IO_FILL_IO_WEST_21_0/DVDD
 IO_FILL_IO_WEST_21_0/DVSS
 IO_FILL_IO_WEST_21_0/VDD
 IO_FILL_IO_WEST_21_0/VSS
 IO_FILL_IO_WEST_21_100/DVDD
 IO_FILL_IO_WEST_21_100/DVSS
 IO_FILL_IO_WEST_21_100/VDD
 IO_FILL_IO_WEST_21_100/VSS
 IO_FILL_IO_WEST_21_200/DVDD
 IO_FILL_IO_WEST_21_200/DVSS
 IO_FILL_IO_WEST_21_200/VDD
 IO_FILL_IO_WEST_21_200/VSS
 IO_FILL_IO_WEST_21_210/DVDD
 IO_FILL_IO_WEST_21_210/DVSS
 IO_FILL_IO_WEST_21_210/VDD
 IO_FILL_IO_WEST_21_210/VSS
 IO_FILL_IO_WEST_22_0/DVDD
 IO_FILL_IO_WEST_22_0/DVSS
 IO_FILL_IO_WEST_22_0/VDD
 IO_FILL_IO_WEST_22_0/VSS
 IO_FILL_IO_WEST_22_100/DVDD
 IO_FILL_IO_WEST_22_100/DVSS
 IO_FILL_IO_WEST_22_100/VDD
 IO_FILL_IO_WEST_22_100/VSS
 IO_FILL_IO_WEST_22_200/DVDD
 IO_FILL_IO_WEST_22_200/DVSS
 IO_FILL_IO_WEST_22_200/VDD
 IO_FILL_IO_WEST_22_200/VSS
 IO_FILL_IO_WEST_22_300/DVDD
 IO_FILL_IO_WEST_22_300/DVSS
 IO_FILL_IO_WEST_22_300/VDD
 IO_FILL_IO_WEST_22_300/VSS
 IO_FILL_IO_WEST_2_0/DVDD
 IO_FILL_IO_WEST_2_0/DVSS
 IO_FILL_IO_WEST_2_0/VDD
 IO_FILL_IO_WEST_2_0/VSS
 IO_FILL_IO_WEST_2_100/DVDD
 IO_FILL_IO_WEST_2_100/DVSS
 IO_FILL_IO_WEST_2_100/VDD
 IO_FILL_IO_WEST_2_100/VSS
 IO_FILL_IO_WEST_2_200/DVDD
 IO_FILL_IO_WEST_2_200/DVSS
 IO_FILL_IO_WEST_2_200/VDD
 IO_FILL_IO_WEST_2_200/VSS
 IO_FILL_IO_WEST_2_210/DVDD
 IO_FILL_IO_WEST_2_210/DVSS
 IO_FILL_IO_WEST_2_210/VDD
 IO_FILL_IO_WEST_2_210/VSS
 IO_FILL_IO_WEST_3_0/DVDD
 IO_FILL_IO_WEST_3_0/DVSS
 IO_FILL_IO_WEST_3_0/VDD
 IO_FILL_IO_WEST_3_0/VSS
 IO_FILL_IO_WEST_3_100/DVDD
 IO_FILL_IO_WEST_3_100/DVSS
 IO_FILL_IO_WEST_3_100/VDD
 IO_FILL_IO_WEST_3_100/VSS
 IO_FILL_IO_WEST_3_200/DVDD
 IO_FILL_IO_WEST_3_200/DVSS
 IO_FILL_IO_WEST_3_200/VDD
 IO_FILL_IO_WEST_3_200/VSS
 IO_FILL_IO_WEST_3_210/DVDD
 IO_FILL_IO_WEST_3_210/DVSS
 IO_FILL_IO_WEST_3_210/VDD
 IO_FILL_IO_WEST_3_210/VSS
 IO_FILL_IO_WEST_4_0/DVDD
 IO_FILL_IO_WEST_4_0/DVSS
 IO_FILL_IO_WEST_4_0/VDD
 IO_FILL_IO_WEST_4_0/VSS
 IO_FILL_IO_WEST_4_100/DVDD
 IO_FILL_IO_WEST_4_100/DVSS
 IO_FILL_IO_WEST_4_100/VDD
 IO_FILL_IO_WEST_4_100/VSS
 IO_FILL_IO_WEST_4_200/DVDD
 IO_FILL_IO_WEST_4_200/DVSS
 IO_FILL_IO_WEST_4_200/VDD
 IO_FILL_IO_WEST_4_200/VSS
 IO_FILL_IO_WEST_4_210/DVDD
 IO_FILL_IO_WEST_4_210/DVSS
 IO_FILL_IO_WEST_4_210/VDD
 IO_FILL_IO_WEST_4_210/VSS
 IO_FILL_IO_WEST_5_0/DVDD
 IO_FILL_IO_WEST_5_0/DVSS
 IO_FILL_IO_WEST_5_0/VDD
 IO_FILL_IO_WEST_5_0/VSS
 IO_FILL_IO_WEST_5_100/DVDD
 IO_FILL_IO_WEST_5_100/DVSS
 IO_FILL_IO_WEST_5_100/VDD
 IO_FILL_IO_WEST_5_100/VSS
 IO_FILL_IO_WEST_5_200/DVDD
 IO_FILL_IO_WEST_5_200/DVSS
 IO_FILL_IO_WEST_5_200/VDD
 IO_FILL_IO_WEST_5_200/VSS
 IO_FILL_IO_WEST_5_210/DVDD
 IO_FILL_IO_WEST_5_210/DVSS
 IO_FILL_IO_WEST_5_210/VDD
 IO_FILL_IO_WEST_5_210/VSS
 IO_FILL_IO_WEST_6_0/DVDD
 IO_FILL_IO_WEST_6_0/DVSS
 IO_FILL_IO_WEST_6_0/VDD
 IO_FILL_IO_WEST_6_0/VSS
 IO_FILL_IO_WEST_6_100/DVDD
 IO_FILL_IO_WEST_6_100/DVSS
 IO_FILL_IO_WEST_6_100/VDD
 IO_FILL_IO_WEST_6_100/VSS
 IO_FILL_IO_WEST_6_200/DVDD
 IO_FILL_IO_WEST_6_200/DVSS
 IO_FILL_IO_WEST_6_200/VDD
 IO_FILL_IO_WEST_6_200/VSS
 IO_FILL_IO_WEST_6_210/DVDD
 IO_FILL_IO_WEST_6_210/DVSS
 IO_FILL_IO_WEST_6_210/VDD
 IO_FILL_IO_WEST_6_210/VSS
 IO_FILL_IO_WEST_7_0/DVDD
 IO_FILL_IO_WEST_7_0/DVSS
 IO_FILL_IO_WEST_7_0/VDD
 IO_FILL_IO_WEST_7_0/VSS
 IO_FILL_IO_WEST_7_100/DVDD
 IO_FILL_IO_WEST_7_100/DVSS
 IO_FILL_IO_WEST_7_100/VDD
 IO_FILL_IO_WEST_7_100/VSS
 IO_FILL_IO_WEST_7_200/DVDD
 IO_FILL_IO_WEST_7_200/DVSS
 IO_FILL_IO_WEST_7_200/VDD
 IO_FILL_IO_WEST_7_200/VSS
 IO_FILL_IO_WEST_7_210/DVDD
 IO_FILL_IO_WEST_7_210/DVSS
 IO_FILL_IO_WEST_7_210/VDD
 IO_FILL_IO_WEST_7_210/VSS
 IO_FILL_IO_WEST_8_0/DVDD
 IO_FILL_IO_WEST_8_0/DVSS
 IO_FILL_IO_WEST_8_0/VDD
 IO_FILL_IO_WEST_8_0/VSS
 IO_FILL_IO_WEST_8_100/DVDD
 IO_FILL_IO_WEST_8_100/DVSS
 IO_FILL_IO_WEST_8_100/VDD
 IO_FILL_IO_WEST_8_100/VSS
 IO_FILL_IO_WEST_8_200/DVDD
 IO_FILL_IO_WEST_8_200/DVSS
 IO_FILL_IO_WEST_8_200/VDD
 IO_FILL_IO_WEST_8_200/VSS
 IO_FILL_IO_WEST_8_210/DVDD
 IO_FILL_IO_WEST_8_210/DVSS
 IO_FILL_IO_WEST_8_210/VDD
 IO_FILL_IO_WEST_8_210/VSS
 IO_FILL_IO_WEST_9_0/DVDD
 IO_FILL_IO_WEST_9_0/DVSS
 IO_FILL_IO_WEST_9_0/VDD
 IO_FILL_IO_WEST_9_0/VSS
 IO_FILL_IO_WEST_9_100/DVDD
 IO_FILL_IO_WEST_9_100/DVSS
 IO_FILL_IO_WEST_9_100/VDD
 IO_FILL_IO_WEST_9_100/VSS
 IO_FILL_IO_WEST_9_200/DVDD
 IO_FILL_IO_WEST_9_200/DVSS
 IO_FILL_IO_WEST_9_200/VDD
 IO_FILL_IO_WEST_9_200/VSS
 IO_FILL_IO_WEST_9_210/DVDD
 IO_FILL_IO_WEST_9_210/DVSS
 IO_FILL_IO_WEST_9_210/VDD
 IO_FILL_IO_WEST_9_210/VSS
 _05320_/ZN
 _05340_/Z
 _05357_/Z
 analog\[0\].pad/ASIG5V
 analog\[0\].pad/DVDD
 analog\[0\].pad/DVSS
 analog\[0\].pad/VDD
 analog\[0\].pad/VSS
 analog\[10\].pad/ASIG5V
 analog\[10\].pad/DVDD
 analog\[10\].pad/DVSS
 analog\[10\].pad/VDD
 analog\[10\].pad/VSS
 analog\[11\].pad/ASIG5V
 analog\[11\].pad/DVDD
 analog\[11\].pad/DVSS
 analog\[11\].pad/VDD
 analog\[11\].pad/VSS
 analog\[12\].pad/ASIG5V
 analog\[12\].pad/DVDD
 analog\[12\].pad/DVSS
 analog\[12\].pad/VDD
 analog\[12\].pad/VSS
 analog\[13\].pad/ASIG5V
 analog\[13\].pad/DVDD
 analog\[13\].pad/DVSS
 analog\[13\].pad/VDD
 analog\[13\].pad/VSS
 analog\[14\].pad/ASIG5V
 analog\[14\].pad/DVDD
 analog\[14\].pad/DVSS
 analog\[14\].pad/VDD
 analog\[14\].pad/VSS
 analog\[15\].pad/ASIG5V
 analog\[15\].pad/DVDD
 analog\[15\].pad/DVSS
 analog\[15\].pad/VDD
 analog\[15\].pad/VSS
 analog\[16\].pad/ASIG5V
 analog\[16\].pad/DVDD
 analog\[16\].pad/DVSS
 analog\[16\].pad/VDD
 analog\[16\].pad/VSS
 analog\[17\].pad/ASIG5V
 analog\[17\].pad/DVDD
 analog\[17\].pad/DVSS
 analog\[17\].pad/VDD
 analog\[17\].pad/VSS
 analog\[18\].pad/ASIG5V
 analog\[18\].pad/DVDD
 analog\[18\].pad/DVSS
 analog\[18\].pad/VDD
 analog\[18\].pad/VSS
 analog\[19\].pad/ASIG5V
 analog\[19\].pad/DVDD
 analog\[19\].pad/DVSS
 analog\[19\].pad/VDD
 analog\[19\].pad/VSS
 analog\[1\].pad/ASIG5V
 analog\[1\].pad/DVDD
 analog\[1\].pad/DVSS
 analog\[1\].pad/VDD
 analog\[1\].pad/VSS
 analog\[20\].pad/ASIG5V
 analog\[20\].pad/DVDD
 analog\[20\].pad/DVSS
 analog\[20\].pad/VDD
 analog\[20\].pad/VSS
 analog\[21\].pad/ASIG5V
 analog\[21\].pad/DVDD
 analog\[21\].pad/DVSS
 analog\[21\].pad/VDD
 analog\[21\].pad/VSS
 analog\[22\].pad/ASIG5V
 analog\[22\].pad/DVDD
 analog\[22\].pad/DVSS
 analog\[22\].pad/VDD
 analog\[22\].pad/VSS
 analog\[23\].pad/ASIG5V
 analog\[23\].pad/DVDD
 analog\[23\].pad/DVSS
 analog\[23\].pad/VDD
 analog\[23\].pad/VSS
 analog\[24\].pad/ASIG5V
 analog\[24\].pad/DVDD
 analog\[24\].pad/DVSS
 analog\[24\].pad/VDD
 analog\[24\].pad/VSS
 analog\[25\].pad/ASIG5V
 analog\[25\].pad/DVDD
 analog\[25\].pad/DVSS
 analog\[25\].pad/VDD
 analog\[25\].pad/VSS
 analog\[26\].pad/ASIG5V
 analog\[26\].pad/DVDD
 analog\[26\].pad/DVSS
 analog\[26\].pad/VDD
 analog\[26\].pad/VSS
 analog\[27\].pad/ASIG5V
 analog\[27\].pad/DVDD
 analog\[27\].pad/DVSS
 analog\[27\].pad/VDD
 analog\[27\].pad/VSS
 analog\[28\].pad/ASIG5V
 analog\[28\].pad/DVDD
 analog\[28\].pad/DVSS
 analog\[28\].pad/VDD
 analog\[28\].pad/VSS
 analog\[29\].pad/ASIG5V
 analog\[29\].pad/DVDD
 analog\[29\].pad/DVSS
 analog\[29\].pad/VDD
 analog\[29\].pad/VSS
 analog\[2\].pad/ASIG5V
 analog\[2\].pad/DVDD
 analog\[2\].pad/DVSS
 analog\[2\].pad/VDD
 analog\[2\].pad/VSS
 analog\[30\].pad/ASIG5V
 analog\[30\].pad/DVDD
 analog\[30\].pad/DVSS
 analog\[30\].pad/VDD
 analog\[30\].pad/VSS
 analog\[31\].pad/ASIG5V
 analog\[31\].pad/DVDD
 analog\[31\].pad/DVSS
 analog\[31\].pad/VDD
 analog\[31\].pad/VSS
 analog\[32\].pad/ASIG5V
 analog\[32\].pad/DVDD
 analog\[32\].pad/DVSS
 analog\[32\].pad/VDD
 analog\[32\].pad/VSS
 analog\[33\].pad/ASIG5V
 analog\[33\].pad/DVDD
 analog\[33\].pad/DVSS
 analog\[33\].pad/VDD
 analog\[33\].pad/VSS
 analog\[34\].pad/ASIG5V
 analog\[34\].pad/DVDD
 analog\[34\].pad/DVSS
 analog\[34\].pad/VDD
 analog\[34\].pad/VSS
 analog\[35\].pad/ASIG5V
 analog\[35\].pad/DVDD
 analog\[35\].pad/DVSS
 analog\[35\].pad/VDD
 analog\[35\].pad/VSS
 analog\[36\].pad/ASIG5V
 analog\[36\].pad/DVDD
 analog\[36\].pad/DVSS
 analog\[36\].pad/VDD
 analog\[36\].pad/VSS
 analog\[37\].pad/ASIG5V
 analog\[37\].pad/DVDD
 analog\[37\].pad/DVSS
 analog\[37\].pad/VDD
 analog\[37\].pad/VSS
 analog\[38\].pad/ASIG5V
 analog\[38\].pad/DVDD
 analog\[38\].pad/DVSS
 analog\[38\].pad/VDD
 analog\[38\].pad/VSS
 analog\[39\].pad/ASIG5V
 analog\[39\].pad/DVDD
 analog\[39\].pad/DVSS
 analog\[39\].pad/VDD
 analog\[39\].pad/VSS
 analog\[3\].pad/ASIG5V
 analog\[3\].pad/DVDD
 analog\[3\].pad/DVSS
 analog\[3\].pad/VDD
 analog\[3\].pad/VSS
 analog\[40\].pad/ASIG5V
 analog\[40\].pad/DVDD
 analog\[40\].pad/DVSS
 analog\[40\].pad/VDD
 analog\[40\].pad/VSS
 analog\[41\].pad/ASIG5V
 analog\[41\].pad/DVDD
 analog\[41\].pad/DVSS
 analog\[41\].pad/VDD
 analog\[41\].pad/VSS
 analog\[42\].pad/ASIG5V
 analog\[42\].pad/DVDD
 analog\[42\].pad/DVSS
 analog\[42\].pad/VDD
 analog\[42\].pad/VSS
 analog\[43\].pad/ASIG5V
 analog\[43\].pad/DVDD
 analog\[43\].pad/DVSS
 analog\[43\].pad/VDD
 analog\[43\].pad/VSS
 analog\[44\].pad/ASIG5V
 analog\[44\].pad/DVDD
 analog\[44\].pad/DVSS
 analog\[44\].pad/VDD
 analog\[44\].pad/VSS
 analog\[45\].pad/ASIG5V
 analog\[45\].pad/DVDD
 analog\[45\].pad/DVSS
 analog\[45\].pad/VDD
 analog\[45\].pad/VSS
 analog\[46\].pad/ASIG5V
 analog\[46\].pad/DVDD
 analog\[46\].pad/DVSS
 analog\[46\].pad/VDD
 analog\[46\].pad/VSS
 analog\[47\].pad/ASIG5V
 analog\[47\].pad/DVDD
 analog\[47\].pad/DVSS
 analog\[47\].pad/VDD
 analog\[47\].pad/VSS
 analog\[48\].pad/ASIG5V
 analog\[48\].pad/DVDD
 analog\[48\].pad/DVSS
 analog\[48\].pad/VDD
 analog\[48\].pad/VSS
 analog\[49\].pad/ASIG5V
 analog\[49\].pad/DVDD
 analog\[49\].pad/DVSS
 analog\[49\].pad/VDD
 analog\[49\].pad/VSS
 analog\[4\].pad/ASIG5V
 analog\[4\].pad/DVDD
 analog\[4\].pad/DVSS
 analog\[4\].pad/VDD
 analog\[4\].pad/VSS
 analog\[50\].pad/ASIG5V
 analog\[50\].pad/DVDD
 analog\[50\].pad/DVSS
 analog\[50\].pad/VDD
 analog\[50\].pad/VSS
 analog\[51\].pad/ASIG5V
 analog\[51\].pad/DVDD
 analog\[51\].pad/DVSS
 analog\[51\].pad/VDD
 analog\[51\].pad/VSS
 analog\[52\].pad/ASIG5V
 analog\[52\].pad/DVDD
 analog\[52\].pad/DVSS
 analog\[52\].pad/VDD
 analog\[52\].pad/VSS
 analog\[53\].pad/ASIG5V
 analog\[53\].pad/DVDD
 analog\[53\].pad/DVSS
 analog\[53\].pad/VDD
 analog\[53\].pad/VSS
 analog\[54\].pad/ASIG5V
 analog\[54\].pad/DVDD
 analog\[54\].pad/DVSS
 analog\[54\].pad/VDD
 analog\[54\].pad/VSS
 analog\[55\].pad/ASIG5V
 analog\[55\].pad/DVDD
 analog\[55\].pad/DVSS
 analog\[55\].pad/VDD
 analog\[55\].pad/VSS
 analog\[56\].pad/ASIG5V
 analog\[56\].pad/DVDD
 analog\[56\].pad/DVSS
 analog\[56\].pad/VDD
 analog\[56\].pad/VSS
 analog\[57\].pad/ASIG5V
 analog\[57\].pad/DVDD
 analog\[57\].pad/DVSS
 analog\[57\].pad/VDD
 analog\[57\].pad/VSS
 analog\[58\].pad/ASIG5V
 analog\[58\].pad/DVDD
 analog\[58\].pad/DVSS
 analog\[58\].pad/VDD
 analog\[58\].pad/VSS
 analog\[59\].pad/ASIG5V
 analog\[59\].pad/DVDD
 analog\[59\].pad/DVSS
 analog\[59\].pad/VDD
 analog\[59\].pad/VSS
 analog\[5\].pad/ASIG5V
 analog\[5\].pad/DVDD
 analog\[5\].pad/DVSS
 analog\[5\].pad/VDD
 analog\[5\].pad/VSS
 analog\[6\].pad/ASIG5V
 analog\[6\].pad/DVDD
 analog\[6\].pad/DVSS
 analog\[6\].pad/VDD
 analog\[6\].pad/VSS
 analog\[7\].pad/ASIG5V
 analog\[7\].pad/DVDD
 analog\[7\].pad/DVSS
 analog\[7\].pad/VDD
 analog\[7\].pad/VSS
 analog\[8\].pad/ASIG5V
 analog\[8\].pad/DVDD
 analog\[8\].pad/DVSS
 analog\[8\].pad/VDD
 analog\[8\].pad/VSS
 analog\[9\].pad/ASIG5V
 analog\[9\].pad/DVDD
 analog\[9\].pad/DVSS
 analog\[9\].pad/VDD
 analog\[9\].pad/VSS
 bidir\[0\].pad/DVDD
 bidir\[0\].pad/DVSS
 bidir\[0\].pad/PAD
 bidir\[0\].pad/VDD
 bidir\[0\].pad/VSS
 bidir\[10\].pad/DVDD
 bidir\[10\].pad/DVSS
 bidir\[10\].pad/PAD
 bidir\[10\].pad/VDD
 bidir\[10\].pad/VSS
 bidir\[10\].pad/Y
 bidir\[11\].pad/DVDD
 bidir\[11\].pad/DVSS
 bidir\[11\].pad/PAD
 bidir\[11\].pad/VDD
 bidir\[11\].pad/VSS
 bidir\[11\].pad/Y
 bidir\[12\].pad/DVDD
 bidir\[12\].pad/DVSS
 bidir\[12\].pad/PAD
 bidir\[12\].pad/VDD
 bidir\[12\].pad/VSS
 bidir\[12\].pad/Y
 bidir\[13\].pad/DVDD
 bidir\[13\].pad/DVSS
 bidir\[13\].pad/PAD
 bidir\[13\].pad/VDD
 bidir\[13\].pad/VSS
 bidir\[13\].pad/Y
 bidir\[14\].pad/DVDD
 bidir\[14\].pad/DVSS
 bidir\[14\].pad/PAD
 bidir\[14\].pad/VDD
 bidir\[14\].pad/VSS
 bidir\[14\].pad/Y
 bidir\[15\].pad/DVDD
 bidir\[15\].pad/DVSS
 bidir\[15\].pad/PAD
 bidir\[15\].pad/VDD
 bidir\[15\].pad/VSS
 bidir\[15\].pad/Y
 bidir\[16\].pad/DVDD
 bidir\[16\].pad/DVSS
 bidir\[16\].pad/PAD
 bidir\[16\].pad/VDD
 bidir\[16\].pad/VSS
 bidir\[16\].pad/Y
 bidir\[17\].pad/DVDD
 bidir\[17\].pad/DVSS
 bidir\[17\].pad/PAD
 bidir\[17\].pad/VDD
 bidir\[17\].pad/VSS
 bidir\[17\].pad/Y
 bidir\[18\].pad/DVDD
 bidir\[18\].pad/DVSS
 bidir\[18\].pad/PAD
 bidir\[18\].pad/VDD
 bidir\[18\].pad/VSS
 bidir\[18\].pad/Y
 bidir\[19\].pad/DVDD
 bidir\[19\].pad/DVSS
 bidir\[19\].pad/PAD
 bidir\[19\].pad/VDD
 bidir\[19\].pad/VSS
 bidir\[19\].pad/Y
 bidir\[1\].pad/DVDD
 bidir\[1\].pad/DVSS
 bidir\[1\].pad/PAD
 bidir\[1\].pad/VDD
 bidir\[1\].pad/VSS
 bidir\[2\].pad/DVDD
 bidir\[2\].pad/DVSS
 bidir\[2\].pad/PAD
 bidir\[2\].pad/VDD
 bidir\[2\].pad/VSS
 bidir\[3\].pad/DVDD
 bidir\[3\].pad/DVSS
 bidir\[3\].pad/PAD
 bidir\[3\].pad/VDD
 bidir\[3\].pad/VSS
 bidir\[3\].pad/Y
 bidir\[4\].pad/DVDD
 bidir\[4\].pad/DVSS
 bidir\[4\].pad/PAD
 bidir\[4\].pad/VDD
 bidir\[4\].pad/VSS
 bidir\[4\].pad/Y
 bidir\[5\].pad/DVDD
 bidir\[5\].pad/DVSS
 bidir\[5\].pad/PAD
 bidir\[5\].pad/VDD
 bidir\[5\].pad/VSS
 bidir\[5\].pad/Y
 bidir\[6\].pad/DVDD
 bidir\[6\].pad/DVSS
 bidir\[6\].pad/PAD
 bidir\[6\].pad/VDD
 bidir\[6\].pad/VSS
 bidir\[6\].pad/Y
 bidir\[7\].pad/DVDD
 bidir\[7\].pad/DVSS
 bidir\[7\].pad/PAD
 bidir\[7\].pad/VDD
 bidir\[7\].pad/VSS
 bidir\[7\].pad/Y
 bidir\[8\].pad/DVDD
 bidir\[8\].pad/DVSS
 bidir\[8\].pad/PAD
 bidir\[8\].pad/VDD
 bidir\[8\].pad/VSS
 bidir\[8\].pad/Y
 bidir\[9\].pad/DVDD
 bidir\[9\].pad/DVSS
 bidir\[9\].pad/PAD
 bidir\[9\].pad/VDD
 bidir\[9\].pad/VSS
 bidir\[9\].pad/Y
 clk_pad/DVDD
 clk_pad/DVSS
 clk_pad/VDD
 clk_pad/VSS
 clkload0/ZN
 clkload1/ZN
 clkload10/ZN
 clkload11/ZN
 clkload12/ZN
 clkload13/Z
 clkload14/ZN
 clkload15/ZN
 clkload16/ZN
 clkload17/ZN
 clkload18/ZN
 clkload19/ZN
 clkload2/ZN
 clkload20/ZN
 clkload21/ZN
 clkload22/ZN
 clkload23/ZN
 clkload24/ZN
 clkload25/ZN
 clkload26/ZN
 clkload27/ZN
 clkload28/Z
 clkload29/ZN
 clkload3/ZN
 clkload30/ZN
 clkload31/Z
 clkload32/Z
 clkload33/ZN
 clkload34/ZN
 clkload35/ZN
 clkload36/Z
 clkload37/ZN
 clkload38/ZN
 clkload39/ZN
 clkload4/ZN
 clkload40/ZN
 clkload41/Z
 clkload42/ZN
 clkload43/ZN
 clkload44/ZN
 clkload45/ZN
 clkload46/ZN
 clkload47/ZN
 clkload48/ZN
 clkload49/ZN
 clkload5/ZN
 clkload50/ZN
 clkload51/ZN
 clkload52/Z
 clkload53/ZN
 clkload6/ZN
 clkload7/ZN
 clkload8/ZN
 clkload9/ZN
 dvdd_pads\[0\].pad/DVDD
 dvdd_pads\[0\].pad/DVSS
 dvdd_pads\[0\].pad/VSS
 dvdd_pads\[1\].pad/DVDD
 dvdd_pads\[1\].pad/DVSS
 dvdd_pads\[1\].pad/VSS
 dvdd_pads\[2\].pad/DVDD
 dvdd_pads\[2\].pad/DVSS
 dvdd_pads\[2\].pad/VSS
 dvdd_pads\[3\].pad/DVDD
 dvdd_pads\[3\].pad/DVSS
 dvdd_pads\[3\].pad/VSS
 dvss_pads\[0\].pad/DVDD
 dvss_pads\[0\].pad/DVSS
 dvss_pads\[0\].pad/VDD
 dvss_pads\[1\].pad/DVDD
 dvss_pads\[1\].pad/DVSS
 dvss_pads\[1\].pad/VDD
 dvss_pads\[2\].pad/DVDD
 dvss_pads\[2\].pad/DVSS
 dvss_pads\[2\].pad/VDD
 dvss_pads\[3\].pad/DVDD
 dvss_pads\[3\].pad/DVSS
 dvss_pads\[3\].pad/VDD
 inputs\[0\].pad/DVDD
 inputs\[0\].pad/DVSS
 inputs\[0\].pad/VDD
 inputs\[0\].pad/VSS
 rst_n_pad/DVDD
 rst_n_pad/DVSS
 rst_n_pad/VDD
 rst_n_pad/VSS
Found 0 partially unannotated drivers.

===========================================================================
max slew violation count 0
max fanout violation count 3
max cap violation count 50
============================================================================

===========================================================================
check_setup -verbose -unconstrained_endpoints -multiple_clock -no_clock -no_input_delay -loops -generated_clocks
===========================================================================
Warning: There are 62 input ports missing set_input_delay.
  analog_PAD[0]
  analog_PAD[10]
  analog_PAD[11]
  analog_PAD[12]
  analog_PAD[13]
  analog_PAD[14]
  analog_PAD[15]
  analog_PAD[16]
  analog_PAD[17]
  analog_PAD[18]
  analog_PAD[19]
  analog_PAD[1]
  analog_PAD[20]
  analog_PAD[21]
  analog_PAD[22]
  analog_PAD[23]
  analog_PAD[24]
  analog_PAD[25]
  analog_PAD[26]
  analog_PAD[27]
  analog_PAD[28]
  analog_PAD[29]
  analog_PAD[2]
  analog_PAD[30]
  analog_PAD[31]
  analog_PAD[32]
  analog_PAD[33]
  analog_PAD[34]
  analog_PAD[35]
  analog_PAD[36]
  analog_PAD[37]
  analog_PAD[38]
  analog_PAD[39]
  analog_PAD[3]
  analog_PAD[40]
  analog_PAD[41]
  analog_PAD[42]
  analog_PAD[43]
  analog_PAD[44]
  analog_PAD[45]
  analog_PAD[46]
  analog_PAD[47]
  analog_PAD[48]
  analog_PAD[49]
  analog_PAD[4]
  analog_PAD[50]
  analog_PAD[51]
  analog_PAD[52]
  analog_PAD[53]
  analog_PAD[54]
  analog_PAD[55]
  analog_PAD[56]
  analog_PAD[57]
  analog_PAD[58]
  analog_PAD[59]
  analog_PAD[5]
  analog_PAD[6]
  analog_PAD[7]
  analog_PAD[8]
  analog_PAD[9]
  clk_PAD
  input_PAD
Warning: There are 66 unconstrained endpoints.
  analog_PAD[0]
  analog_PAD[10]
  analog_PAD[11]
  analog_PAD[12]
  analog_PAD[13]
  analog_PAD[14]
  analog_PAD[15]
  analog_PAD[16]
  analog_PAD[17]
  analog_PAD[18]
  analog_PAD[19]
  analog_PAD[1]
  analog_PAD[20]
  analog_PAD[21]
  analog_PAD[22]
  analog_PAD[23]
  analog_PAD[24]
  analog_PAD[25]
  analog_PAD[26]
  analog_PAD[27]
  analog_PAD[28]
  analog_PAD[29]
  analog_PAD[2]
  analog_PAD[30]
  analog_PAD[31]
  analog_PAD[32]
  analog_PAD[33]
  analog_PAD[34]
  analog_PAD[35]
  analog_PAD[36]
  analog_PAD[37]
  analog_PAD[38]
  analog_PAD[39]
  analog_PAD[3]
  analog_PAD[40]
  analog_PAD[41]
  analog_PAD[42]
  analog_PAD[43]
  analog_PAD[44]
  analog_PAD[45]
  analog_PAD[46]
  analog_PAD[47]
  analog_PAD[48]
  analog_PAD[49]
  analog_PAD[4]
  analog_PAD[50]
  analog_PAD[51]
  analog_PAD[52]
  analog_PAD[53]
  analog_PAD[54]
  analog_PAD[55]
  analog_PAD[56]
  analog_PAD[57]
  analog_PAD[58]
  analog_PAD[59]
  analog_PAD[5]
  analog_PAD[6]
  analog_PAD[7]
  analog_PAD[8]
  analog_PAD[9]
  bidir_PAD[0]
  bidir_PAD[1]
  bidir_PAD[2]
  clk_PAD
  input_PAD
  rst_n_PAD
