Clock: clk_PAD
Sources: clk_pad/Y 
Generated: no
Virtual: yes
Propagated: no
Period: 40.000000

===========================================================================
report_clock_properties
============================================================================
Clock                   Period          Waveform
----------------------------------------------------
clk_PAD              40.000000    0.000000 20.000000

===========================================================================
report_clock_latency
============================================================================
Clock clk_PAD
rise -> rise
    min     max
0.000000 0.000000 source latency
1.046191         network latency _10080_/CLK
        1.250982 network latency _10119_/CLK
---------------
1.046191 1.250982 latency
        0.204792 skew

fall -> fall
    min     max
0.000000 0.000000 source latency
1.117014         network latency _10080_/CLK
        1.348356 network latency _10119_/CLK
---------------
1.117014 1.348356 latency
        0.231342 skew



===========================================================================
report_clock_min_period
============================================================================
clk_PAD period_min = 13.90 fmax = 71.95
