                                                                       Cells by Function                                                                        
┏━━━━━━━━━━━━━━━━━━━━━━━━━━━━━━━━━━━━━━━━━━━━━━━━━━━━━━━━━━━━━━━━━━━━━━━━━━━━━━━━━━━━━━━━━━━━━━━━━━━━━━━━━━━━━━━━━━━━━━━━━━━━━━━━━━━┳━━━━━━━━━━━━━━━━━━━━━━━━━━┓
┃ Cell Function                                                                                                                     ┃ Count                    ┃
┡━━━━━━━━━━━━━━━━━━━━━━━━━━━━━━━━━━━━━━━━━━━━━━━━━━━━━━━━━━━━━━━━━━━━━━━━━━━━━━━━━━━━━━━━━━━━━━━━━━━━━━━━━━━━━━━━━━━━━━━━━━━━━━━━━━━╇━━━━━━━━━━━━━━━━━━━━━━━━━━┩
│ gf180mcu_fd_sc_mcu7t5v0__and2                                                                                                     │ 138                      │
│ gf180mcu_fd_sc_mcu7t5v0__and3                                                                                                     │ 51                       │
│ gf180mcu_fd_sc_mcu7t5v0__and4                                                                                                     │ 7                        │
│ gf180mcu_fd_sc_mcu7t5v0__aoi21                                                                                                    │ 267                      │
│ gf180mcu_fd_sc_mcu7t5v0__aoi211                                                                                                   │ 106                      │
│ gf180mcu_fd_sc_mcu7t5v0__aoi22                                                                                                    │ 277                      │
│ gf180mcu_fd_sc_mcu7t5v0__aoi221                                                                                                   │ 57                       │
│ gf180mcu_fd_sc_mcu7t5v0__aoi222                                                                                                   │ 20                       │
│ gf180mcu_fd_sc_mcu7t5v0__buf                                                                                                      │ 770                      │
│ gf180mcu_fd_sc_mcu7t5v0__clkbuf                                                                                                   │ 608                      │
│ gf180mcu_fd_sc_mcu7t5v0__clkinv                                                                                                   │ 364                      │
│ gf180mcu_fd_sc_mcu7t5v0__dffrnq                                                                                                   │ 548                      │
│ gf180mcu_fd_sc_mcu7t5v0__dffsnq                                                                                                   │ 8                        │
│ gf180mcu_fd_sc_mcu7t5v0__dlyb                                                                                                     │ 287                      │
│ gf180mcu_fd_sc_mcu7t5v0__fill                                                                                                     │ 4872                     │
│ gf180mcu_fd_sc_mcu7t5v0__fillcap                                                                                                  │ 5919                     │
│ gf180mcu_fd_sc_mcu7t5v0__inv                                                                                                      │ 80                       │
│ gf180mcu_fd_sc_mcu7t5v0__mux2                                                                                                     │ 250                      │
│ gf180mcu_fd_sc_mcu7t5v0__nand2                                                                                                    │ 690                      │
│ gf180mcu_fd_sc_mcu7t5v0__nand3                                                                                                    │ 114                      │
│ gf180mcu_fd_sc_mcu7t5v0__nand4                                                                                                    │ 78                       │
│ gf180mcu_fd_sc_mcu7t5v0__nor2                                                                                                     │ 602                      │
│ gf180mcu_fd_sc_mcu7t5v0__nor3                                                                                                     │ 65                       │
│ gf180mcu_fd_sc_mcu7t5v0__nor4                                                                                                     │ 19                       │
│ gf180mcu_fd_sc_mcu7t5v0__oai21                                                                                                    │ 368                      │
│ gf180mcu_fd_sc_mcu7t5v0__oai211                                                                                                   │ 65                       │
│ gf180mcu_fd_sc_mcu7t5v0__oai22                                                                                                    │ 96                       │
│ gf180mcu_fd_sc_mcu7t5v0__oai221                                                                                                   │ 41                       │
│ gf180mcu_fd_sc_mcu7t5v0__oai31                                                                                                    │ 57                       │
│ gf180mcu_fd_sc_mcu7t5v0__oai32                                                                                                    │ 40                       │
│ gf180mcu_fd_sc_mcu7t5v0__or2                                                                                                      │ 49                       │
│ gf180mcu_fd_sc_mcu7t5v0__or3                                                                                                      │ 43                       │
│ gf180mcu_fd_sc_mcu7t5v0__or4                                                                                                      │ 5                        │
│ gf180mcu_fd_sc_mcu7t5v0__xnor2                                                                                                    │ 132                      │
│ gf180mcu_fd_sc_mcu7t5v0__xnor3                                                                                                    │ 4                        │
│ gf180mcu_fd_sc_mcu7t5v0__xor2                                                                                                     │ 406                      │
│ gf180mcu_fd_sc_mcu7t5v0__xor3                                                                                                     │ 130                      │
└───────────────────────────────────────────────────────────────────────────────────────────────────────────────────────────────────┴──────────────────────────┘
