Reading technology LEF file at '/workspace/gf180mcu/gf180mcuD/libs.ref/gf180mcu_fd_sc_mcu7t5v0/techlef/gf180mcu_fd_sc_mcu7t5v0__max.tlef'…
[INFO ODB-0388] unsupported LEF58_EOLENCLOSURE property for layer Via1 :"
  	EOLENCLOSURE 0.34 0.06 ;"
[INFO ODB-0388] unsupported LEF58_EOLENCLOSURE property for layer Via2 :" EOLENCLOSURE 0.34 0.06 ; "
[INFO ODB-0388] unsupported LEF58_EOLENCLOSURE property for layer Via3 :" EOLENCLOSURE 0.34 0.06 ; "
[INFO ODB-0388] unsupported LEF58_EOLENCLOSURE property for layer Via4 :" EOLENCLOSURE 0.34 0.06 ; "
[INFO ODB-0227] LEF file: /workspace/gf180mcu/gf180mcuD/libs.ref/gf180mcu_fd_sc_mcu7t5v0/techlef/gf180mcu_fd_sc_mcu7t5v0__max.tlef, created 15 layers, 56 vias
Making fake IO site GF_IO_Site…
Making fake IO site GF_COR_Site…
Reading cell LEF file at '/workspace/gf180mcu/gf180mcuD/libs.ref/gf180mcu_fd_sc_mcu7t5v0/lef/gf180mcu_fd_sc_mcu7t5v0.lef'…
[WARNING ODB-0220] WARNING (LEFPARS-2008): NOWIREEXTENSIONATPIN statement is obsolete in version 5.6 or later.
The NOWIREEXTENSIONATPIN statement will be ignored. See file /workspace/gf180mcu/gf180mcuD/libs.ref/gf180mcu_fd_sc_mcu7t5v0/lef/gf180mcu_fd_sc_mcu7t5v0.lef at line 2.

[INFO ODB-0227] LEF file: /workspace/gf180mcu/gf180mcuD/libs.ref/gf180mcu_fd_sc_mcu7t5v0/lef/gf180mcu_fd_sc_mcu7t5v0.lef, created 229 library cells
Reading gpio pad LEF file at '/workspace/gf180mcu/gf180mcuD/libs.ref/gf180mcu_fd_io/lef/gf180mcu_ef_io__bi_t.lef'…
[WARNING ODB-0220] WARNING (LEFPARS-2008): NOWIREEXTENSIONATPIN statement is obsolete in version 5.6 or later.
The NOWIREEXTENSIONATPIN statement will be ignored. See file /workspace/gf180mcu/gf180mcuD/libs.ref/gf180mcu_fd_io/lef/gf180mcu_ef_io__bi_t.lef at line 2.

[INFO ODB-0227] LEF file: /workspace/gf180mcu/gf180mcuD/libs.ref/gf180mcu_fd_io/lef/gf180mcu_ef_io__bi_t.lef, created 1 library cells
Reading gpio pad LEF file at '/workspace/gf180mcu/gf180mcuD/libs.ref/gf180mcu_fd_io/lef/gf180mcu_fd_io__asig_5p0.lef'…
[WARNING ODB-0220] WARNING (LEFPARS-2008): NOWIREEXTENSIONATPIN statement is obsolete in version 5.6 or later.
The NOWIREEXTENSIONATPIN statement will be ignored. See file /workspace/gf180mcu/gf180mcuD/libs.ref/gf180mcu_fd_io/lef/gf180mcu_fd_io__asig_5p0.lef at line 2.

[INFO ODB-0227] LEF file: /workspace/gf180mcu/gf180mcuD/libs.ref/gf180mcu_fd_io/lef/gf180mcu_fd_io__asig_5p0.lef, created 1 library cells
Reading gpio pad LEF file at '/workspace/gf180mcu/gf180mcuD/libs.ref/gf180mcu_fd_io/lef/gf180mcu_fd_io__bi_24t.lef'…
[WARNING ODB-0220] WARNING (LEFPARS-2008): NOWIREEXTENSIONATPIN statement is obsolete in version 5.6 or later.
The NOWIREEXTENSIONATPIN statement will be ignored. See file /workspace/gf180mcu/gf180mcuD/libs.ref/gf180mcu_fd_io/lef/gf180mcu_fd_io__bi_24t.lef at line 2.

[INFO ODB-0227] LEF file: /workspace/gf180mcu/gf180mcuD/libs.ref/gf180mcu_fd_io/lef/gf180mcu_fd_io__bi_24t.lef, created 1 library cells
Reading gpio pad LEF file at '/workspace/gf180mcu/gf180mcuD/libs.ref/gf180mcu_fd_io/lef/gf180mcu_fd_io__bi_t.lef'…
[WARNING ODB-0220] WARNING (LEFPARS-2008): NOWIREEXTENSIONATPIN statement is obsolete in version 5.6 or later.
The NOWIREEXTENSIONATPIN statement will be ignored. See file /workspace/gf180mcu/gf180mcuD/libs.ref/gf180mcu_fd_io/lef/gf180mcu_fd_io__bi_t.lef at line 2.

[INFO ODB-0227] LEF file: /workspace/gf180mcu/gf180mcuD/libs.ref/gf180mcu_fd_io/lef/gf180mcu_fd_io__bi_t.lef, created 1 library cells
Reading gpio pad LEF file at '/workspace/gf180mcu/gf180mcuD/libs.ref/gf180mcu_fd_io/lef/gf180mcu_fd_io__brk2.lef'…
[WARNING ODB-0220] WARNING (LEFPARS-2008): NOWIREEXTENSIONATPIN statement is obsolete in version 5.6 or later.
The NOWIREEXTENSIONATPIN statement will be ignored. See file /workspace/gf180mcu/gf180mcuD/libs.ref/gf180mcu_fd_io/lef/gf180mcu_fd_io__brk2.lef at line 2.

[INFO ODB-0227] LEF file: /workspace/gf180mcu/gf180mcuD/libs.ref/gf180mcu_fd_io/lef/gf180mcu_fd_io__brk2.lef, created 1 library cells
Reading gpio pad LEF file at '/workspace/gf180mcu/gf180mcuD/libs.ref/gf180mcu_fd_io/lef/gf180mcu_fd_io__brk5.lef'…
[WARNING ODB-0220] WARNING (LEFPARS-2008): NOWIREEXTENSIONATPIN statement is obsolete in version 5.6 or later.
The NOWIREEXTENSIONATPIN statement will be ignored. See file /workspace/gf180mcu/gf180mcuD/libs.ref/gf180mcu_fd_io/lef/gf180mcu_fd_io__brk5.lef at line 2.

[INFO ODB-0227] LEF file: /workspace/gf180mcu/gf180mcuD/libs.ref/gf180mcu_fd_io/lef/gf180mcu_fd_io__brk5.lef, created 1 library cells
Reading gpio pad LEF file at '/workspace/gf180mcu/gf180mcuD/libs.ref/gf180mcu_fd_io/lef/gf180mcu_fd_io__cor.lef'…
[WARNING ODB-0220] WARNING (LEFPARS-2008): NOWIREEXTENSIONATPIN statement is obsolete in version 5.6 or later.
The NOWIREEXTENSIONATPIN statement will be ignored. See file /workspace/gf180mcu/gf180mcuD/libs.ref/gf180mcu_fd_io/lef/gf180mcu_fd_io__cor.lef at line 2.

[INFO ODB-0227] LEF file: /workspace/gf180mcu/gf180mcuD/libs.ref/gf180mcu_fd_io/lef/gf180mcu_fd_io__cor.lef, created 1 library cells
Reading gpio pad LEF file at '/workspace/gf180mcu/gf180mcuD/libs.ref/gf180mcu_fd_io/lef/gf180mcu_fd_io__dvdd.lef'…
[WARNING ODB-0220] WARNING (LEFPARS-2008): NOWIREEXTENSIONATPIN statement is obsolete in version 5.6 or later.
The NOWIREEXTENSIONATPIN statement will be ignored. See file /workspace/gf180mcu/gf180mcuD/libs.ref/gf180mcu_fd_io/lef/gf180mcu_fd_io__dvdd.lef at line 2.

[INFO ODB-0227] LEF file: /workspace/gf180mcu/gf180mcuD/libs.ref/gf180mcu_fd_io/lef/gf180mcu_fd_io__dvdd.lef, created 1 library cells
Reading gpio pad LEF file at '/workspace/gf180mcu/gf180mcuD/libs.ref/gf180mcu_fd_io/lef/gf180mcu_fd_io__dvss.lef'…
[WARNING ODB-0220] WARNING (LEFPARS-2008): NOWIREEXTENSIONATPIN statement is obsolete in version 5.6 or later.
The NOWIREEXTENSIONATPIN statement will be ignored. See file /workspace/gf180mcu/gf180mcuD/libs.ref/gf180mcu_fd_io/lef/gf180mcu_fd_io__dvss.lef at line 2.

[INFO ODB-0227] LEF file: /workspace/gf180mcu/gf180mcuD/libs.ref/gf180mcu_fd_io/lef/gf180mcu_fd_io__dvss.lef, created 1 library cells
Reading gpio pad LEF file at '/workspace/gf180mcu/gf180mcuD/libs.ref/gf180mcu_fd_io/lef/gf180mcu_fd_io__fill1.lef'…
[WARNING ODB-0220] WARNING (LEFPARS-2008): NOWIREEXTENSIONATPIN statement is obsolete in version 5.6 or later.
The NOWIREEXTENSIONATPIN statement will be ignored. See file /workspace/gf180mcu/gf180mcuD/libs.ref/gf180mcu_fd_io/lef/gf180mcu_fd_io__fill1.lef at line 2.

[INFO ODB-0227] LEF file: /workspace/gf180mcu/gf180mcuD/libs.ref/gf180mcu_fd_io/lef/gf180mcu_fd_io__fill1.lef, created 1 library cells
Reading gpio pad LEF file at '/workspace/gf180mcu/gf180mcuD/libs.ref/gf180mcu_fd_io/lef/gf180mcu_fd_io__fill10.lef'…
[WARNING ODB-0220] WARNING (LEFPARS-2008): NOWIREEXTENSIONATPIN statement is obsolete in version 5.6 or later.
The NOWIREEXTENSIONATPIN statement will be ignored. See file /workspace/gf180mcu/gf180mcuD/libs.ref/gf180mcu_fd_io/lef/gf180mcu_fd_io__fill10.lef at line 2.

[INFO ODB-0227] LEF file: /workspace/gf180mcu/gf180mcuD/libs.ref/gf180mcu_fd_io/lef/gf180mcu_fd_io__fill10.lef, created 1 library cells
Reading gpio pad LEF file at '/workspace/gf180mcu/gf180mcuD/libs.ref/gf180mcu_fd_io/lef/gf180mcu_fd_io__fill5.lef'…
[WARNING ODB-0220] WARNING (LEFPARS-2008): NOWIREEXTENSIONATPIN statement is obsolete in version 5.6 or later.
The NOWIREEXTENSIONATPIN statement will be ignored. See file /workspace/gf180mcu/gf180mcuD/libs.ref/gf180mcu_fd_io/lef/gf180mcu_fd_io__fill5.lef at line 2.

[INFO ODB-0227] LEF file: /workspace/gf180mcu/gf180mcuD/libs.ref/gf180mcu_fd_io/lef/gf180mcu_fd_io__fill5.lef, created 1 library cells
Reading gpio pad LEF file at '/workspace/gf180mcu/gf180mcuD/libs.ref/gf180mcu_fd_io/lef/gf180mcu_fd_io__fillnc.lef'…
[WARNING ODB-0220] WARNING (LEFPARS-2008): NOWIREEXTENSIONATPIN statement is obsolete in version 5.6 or later.
The NOWIREEXTENSIONATPIN statement will be ignored. See file /workspace/gf180mcu/gf180mcuD/libs.ref/gf180mcu_fd_io/lef/gf180mcu_fd_io__fillnc.lef at line 2.

[INFO ODB-0227] LEF file: /workspace/gf180mcu/gf180mcuD/libs.ref/gf180mcu_fd_io/lef/gf180mcu_fd_io__fillnc.lef, created 1 library cells
Reading gpio pad LEF file at '/workspace/gf180mcu/gf180mcuD/libs.ref/gf180mcu_fd_io/lef/gf180mcu_fd_io__in_c.lef'…
[WARNING ODB-0220] WARNING (LEFPARS-2008): NOWIREEXTENSIONATPIN statement is obsolete in version 5.6 or later.
The NOWIREEXTENSIONATPIN statement will be ignored. See file /workspace/gf180mcu/gf180mcuD/libs.ref/gf180mcu_fd_io/lef/gf180mcu_fd_io__in_c.lef at line 2.

[INFO ODB-0227] LEF file: /workspace/gf180mcu/gf180mcuD/libs.ref/gf180mcu_fd_io/lef/gf180mcu_fd_io__in_c.lef, created 1 library cells
Reading gpio pad LEF file at '/workspace/gf180mcu/gf180mcuD/libs.ref/gf180mcu_fd_io/lef/gf180mcu_fd_io__in_s.lef'…
[WARNING ODB-0220] WARNING (LEFPARS-2008): NOWIREEXTENSIONATPIN statement is obsolete in version 5.6 or later.
The NOWIREEXTENSIONATPIN statement will be ignored. See file /workspace/gf180mcu/gf180mcuD/libs.ref/gf180mcu_fd_io/lef/gf180mcu_fd_io__in_s.lef at line 2.

[INFO ODB-0227] LEF file: /workspace/gf180mcu/gf180mcuD/libs.ref/gf180mcu_fd_io/lef/gf180mcu_fd_io__in_s.lef, created 1 library cells
Reading gpio pad LEF file at '/workspace/gf180mcu/gf180mcuD/libs.ref/gf180mcu_fd_io/lef/gf180mcu_ws_io__dvdd.lef'…
[WARNING ODB-0220] WARNING (LEFPARS-2008): NOWIREEXTENSIONATPIN statement is obsolete in version 5.6 or later.
The NOWIREEXTENSIONATPIN statement will be ignored. See file /workspace/gf180mcu/gf180mcuD/libs.ref/gf180mcu_fd_io/lef/gf180mcu_ws_io__dvdd.lef at line 2.

[INFO ODB-0227] LEF file: /workspace/gf180mcu/gf180mcuD/libs.ref/gf180mcu_fd_io/lef/gf180mcu_ws_io__dvdd.lef, created 1 library cells
Reading gpio pad LEF file at '/workspace/gf180mcu/gf180mcuD/libs.ref/gf180mcu_fd_io/lef/gf180mcu_ws_io__dvss.lef'…
[WARNING ODB-0220] WARNING (LEFPARS-2008): NOWIREEXTENSIONATPIN statement is obsolete in version 5.6 or later.
The NOWIREEXTENSIONATPIN statement will be ignored. See file /workspace/gf180mcu/gf180mcuD/libs.ref/gf180mcu_fd_io/lef/gf180mcu_ws_io__dvss.lef at line 2.

[INFO ODB-0227] LEF file: /workspace/gf180mcu/gf180mcuD/libs.ref/gf180mcu_fd_io/lef/gf180mcu_ws_io__dvss.lef, created 1 library cells
[INFO ODB-0127] Reading DEF file: /workspace/librelane/runs/RUN_2026-08-25_04-55-34/53-odb-cellfrequencytables/wrapper.def
[INFO ODB-0128] Design: wrapper
[INFO ODB-0130]     Created 20 pins.
[INFO ODB-0131]     Created 46651 components and 199092 component-terminals.
[INFO ODB-0132]     Created 2 special nets and 169688 connections.
[INFO ODB-0133]     Created 8768 nets and 29363 connections.
[INFO ODB-0134] Finished DEF file: /workspace/librelane/runs/RUN_2026-08-25_04-55-34/53-odb-cellfrequencytables/wrapper.def
Using RCX ruleset '/workspace/gf180mcu/gf180mcuD/libs.tech/librelane/rules.openrcx.gf180mcuD.max'…
[INFO RCX-0431] Defined process_corner CURRENT_CORNER with ext_model_index 0
[INFO RCX-0029] Defined extraction corner CURRENT_CORNER
+ extract_parasitics  -ext_model_file /workspace/gf180mcu/gf180mcuD/libs.tech/librelane/rules.openrcx.gf180mcuD.max -lef_res
[INFO RCX-0435] Reading extraction model file /workspace/gf180mcu/gf180mcuD/libs.tech/librelane/rules.openrcx.gf180mcuD.max ...
[INFO RCX-0436] RC segment generation wrapper (max_merge_res 50.0) ...
[INFO RCX-0040] Final 33491 rc segments
[INFO RCX-0439] Coupling Cap extraction wrapper ...
[INFO RCX-0440] Coupling threshhold is 0.1000 fF, coupling capacitance less than 0.1000 fF will be grounded.
[INFO RCX-0442] 47% of 64765 wires extracted
[INFO RCX-0442] 100% of 64765 wires extracted
[INFO RCX-0045] Extract 8768 nets, 42259 rsegs, 42259 caps, 100880 ccs
Setting global connections for newly added cells…
[INFO] Setting global connections...
[INFO ODB-0403] 0 connections made, 0 conflicts skipped.
Updating metrics…
Cell type report:                       Count       Area
  Endcap cell                             560    2458.62
  Fill cell                             29381  944230.16
  Tap cell                               7898   34675.38
  Antenna cell                             10      43.90
  Standard cell                          8802  225776.32
  Total                                 46651 1207184.38
Writing extracted parasitics to '/workspace/librelane/runs/RUN_2026-08-25_04-55-34/54-openroad-rcx/max/wrapper.max.spef'…
[INFO RCX-0443] 8768 nets finished
