
===========================================================================
report_checks -unconstrained
===========================================================================
======================= nom_tt_025C_5v00 Corner ===================================

Startpoint: rst_n_PAD (input port clocked by clk_PAD)
Endpoint: _09631_ (recovery check against rising-edge clock clk_PAD)
Path Group: asynchronous
Path Type: max

Fanout         Cap        Slew       Delay        Time   Description
---------------------------------------------------------------------------------------------
                                  0.000000    0.000000   clock clk_PAD (rise edge)
                                  0.000000    0.000000   clock network delay (propagated)
                                  8.000000    8.000000 ^ input external delay
     1    3.035682    0.000000    0.000000    8.000000 ^ rst_n_PAD (inout)
                                                         rst_n_PAD (net)
                      0.000000    0.000000    8.000000 ^ rst_n_pad/PAD (gf180mcu_fd_io__in_c)
     1    0.070569    0.249585    1.018357    9.018357 ^ rst_n_pad/Y (gf180mcu_fd_io__in_c)
                                                         i_chip_core.rst_n (net)
                      0.249585    0.007856    9.026213 ^ fanout813/I (gf180mcu_fd_sc_mcu7t5v0__dlyb_1)
     2    0.074090    1.235561    1.532166   10.558379 ^ fanout813/Z (gf180mcu_fd_sc_mcu7t5v0__dlyb_1)
                                                         net813 (net)
                      1.235787    0.009372   10.567752 ^ wire815/I (gf180mcu_fd_sc_mcu7t5v0__buf_8)
     1    0.076961    0.205937    0.289949   10.857700 ^ wire815/Z (gf180mcu_fd_sc_mcu7t5v0__buf_8)
                                                         net815 (net)
                      0.206209    0.010757   10.868457 ^ wire814/I (gf180mcu_fd_sc_mcu7t5v0__buf_8)
     1    0.071809    0.181270    0.236037   11.104494 ^ wire814/Z (gf180mcu_fd_sc_mcu7t5v0__buf_8)
                                                         net814 (net)
                      0.181603    0.010036   11.114530 ^ fanout812/I (gf180mcu_fd_sc_mcu7t5v0__dlyb_1)
     2    0.036257    0.636540    1.179786   12.294315 ^ fanout812/Z (gf180mcu_fd_sc_mcu7t5v0__dlyb_1)
                                                         net812 (net)
                      0.636570    0.002431   12.296746 ^ fanout811/I (gf180mcu_fd_sc_mcu7t5v0__dlyb_1)
     2    0.058813    0.992352    1.411404   13.708150 ^ fanout811/Z (gf180mcu_fd_sc_mcu7t5v0__dlyb_1)
                                                         net811 (net)
                      0.992448    0.005450   13.713599 ^ fanout810/I (gf180mcu_fd_sc_mcu7t5v0__dlyb_1)
     3    0.051156    0.872178    1.336675   15.050274 ^ fanout810/Z (gf180mcu_fd_sc_mcu7t5v0__dlyb_1)
                                                         net810 (net)
                      0.872217    0.003251   15.053525 ^ fanout809/I (gf180mcu_fd_sc_mcu7t5v0__dlyb_1)
     2    0.042268    0.731180    1.256799   16.310324 ^ fanout809/Z (gf180mcu_fd_sc_mcu7t5v0__dlyb_1)
                                                         net809 (net)
                      0.731180    0.000520   16.310844 ^ fanout790/I (gf180mcu_fd_sc_mcu7t5v0__dlyb_1)
     2    0.016114    0.328639    1.018071   17.328917 ^ fanout790/Z (gf180mcu_fd_sc_mcu7t5v0__dlyb_1)
                                                         net790 (net)
                      0.328639    0.000409   17.329325 ^ fanout789/I (gf180mcu_fd_sc_mcu7t5v0__dlyb_1)
     2    0.019449    0.378037    1.041901   18.371225 ^ fanout789/Z (gf180mcu_fd_sc_mcu7t5v0__dlyb_1)
                                                         net789 (net)
                      0.378037    0.000227   18.371452 ^ fanout782/I (gf180mcu_fd_sc_mcu7t5v0__dlyb_1)
     2    0.014658    0.307122    0.998311   19.369762 ^ fanout782/Z (gf180mcu_fd_sc_mcu7t5v0__dlyb_1)
                                                         net782 (net)
                      0.307122    0.000195   19.369959 ^ fanout776/I (gf180mcu_fd_sc_mcu7t5v0__dlyb_1)
     3    0.021853    0.415152    1.061743   20.431702 ^ fanout776/Z (gf180mcu_fd_sc_mcu7t5v0__dlyb_1)
                                                         net776 (net)
                      0.415152    0.000416   20.432117 ^ fanout775/I (gf180mcu_fd_sc_mcu7t5v0__dlyb_1)
     5    0.044969    0.774862    1.279668   21.711784 ^ fanout775/Z (gf180mcu_fd_sc_mcu7t5v0__dlyb_1)
                                                         net775 (net)
                      0.774862    0.000433   21.712219 ^ fanout774/I (gf180mcu_fd_sc_mcu7t5v0__dlyb_1)
     5    0.047975    0.821898    1.311509   23.023727 ^ fanout774/Z (gf180mcu_fd_sc_mcu7t5v0__dlyb_1)
                                                         net774 (net)
                      0.821905    0.001412   23.025139 ^ _09631_/RN (gf180mcu_fd_sc_mcu7t5v0__dffrnq_1)
                                             23.025139   data arrival time

                                 40.000000   40.000000   clock clk_PAD (rise edge)
                                  0.000000   40.000000   clock source latency
     1    0.222886    0.504558    0.000000   40.000000 ^ clk_pad/Y (gf180mcu_fd_io__in_s)
                                                         clk_PAD2CORE (net)
                      0.557753    0.086271   40.086273 ^ clkbuf_0_clk_PAD2CORE/I (gf180mcu_fd_sc_mcu7t5v0__clkbuf_16)
     4    0.102147    0.167022    0.363357   40.449627 ^ clkbuf_0_clk_PAD2CORE/Z (gf180mcu_fd_sc_mcu7t5v0__clkbuf_16)
                                                         clknet_0_clk_PAD2CORE (net)
                      0.167399    0.011422   40.461052 ^ clkbuf_2_1_0_clk_PAD2CORE/I (gf180mcu_fd_sc_mcu7t5v0__clkbuf_8)
     2    0.111557    0.263620    0.350990   40.812042 ^ clkbuf_2_1_0_clk_PAD2CORE/Z (gf180mcu_fd_sc_mcu7t5v0__clkbuf_8)
                                                         clknet_2_1_0_clk_PAD2CORE (net)
                      0.265142    0.013937   40.825977 ^ clkbuf_3_3_0_clk_PAD2CORE/I (gf180mcu_fd_sc_mcu7t5v0__clkbuf_8)
     9    0.184399    0.406987    0.460854   41.286835 ^ clkbuf_3_3_0_clk_PAD2CORE/Z (gf180mcu_fd_sc_mcu7t5v0__clkbuf_8)
                                                         clknet_3_3_0_clk_PAD2CORE (net)
                      0.407489    0.008367   41.295200 ^ clkbuf_leaf_41_clk_PAD2CORE/I (gf180mcu_fd_sc_mcu7t5v0__clkbuf_8)
    10    0.054642    0.167656    0.339124   41.634323 ^ clkbuf_leaf_41_clk_PAD2CORE/Z (gf180mcu_fd_sc_mcu7t5v0__clkbuf_8)
                                                         clknet_leaf_41_clk_PAD2CORE (net)
                      0.167656    0.000760   41.635082 ^ _09631_/CLK (gf180mcu_fd_sc_mcu7t5v0__dffrnq_1)
                                 -0.250000   41.385082   clock uncertainty
                                  0.000000   41.385082   clock reconvergence pessimism
                                  0.117667   41.502750   library recovery time
                                             41.502750   data required time
---------------------------------------------------------------------------------------------
                                             41.502750   data required time
                                            -23.025139   data arrival time
---------------------------------------------------------------------------------------------
                                             18.477610   slack (MET)


Startpoint: _10127_ (rising edge-triggered flip-flop clocked by clk_PAD)
Endpoint: _10031_ (rising edge-triggered flip-flop clocked by clk_PAD)
Path Group: clk_PAD
Path Type: max

Fanout         Cap        Slew       Delay        Time   Description
---------------------------------------------------------------------------------------------
                                  0.000000    0.000000   clock clk_PAD (rise edge)
                                  0.000000    0.000000   clock source latency
     1    0.222886    0.504558    0.000000    0.000000 ^ clk_pad/Y (gf180mcu_fd_io__in_s)
                                                         clk_PAD2CORE (net)
                      0.557753    0.086272    0.086272 ^ clkbuf_0_clk_PAD2CORE/I (gf180mcu_fd_sc_mcu7t5v0__clkbuf_16)
     4    0.102147    0.167022    0.363355    0.449627 ^ clkbuf_0_clk_PAD2CORE/Z (gf180mcu_fd_sc_mcu7t5v0__clkbuf_16)
                                                         clknet_0_clk_PAD2CORE (net)
                      0.167427    0.011803    0.461430 ^ clkbuf_2_2_0_clk_PAD2CORE/I (gf180mcu_fd_sc_mcu7t5v0__clkbuf_8)
     2    0.098084    0.241919    0.338766    0.800196 ^ clkbuf_2_2_0_clk_PAD2CORE/Z (gf180mcu_fd_sc_mcu7t5v0__clkbuf_8)
                                                         clknet_2_2_0_clk_PAD2CORE (net)
                      0.242128    0.008667    0.808862 ^ clkbuf_3_5_0_clk_PAD2CORE/I (gf180mcu_fd_sc_mcu7t5v0__clkbuf_8)
     9    0.193719    0.425911    0.467471    1.276333 ^ clkbuf_3_5_0_clk_PAD2CORE/Z (gf180mcu_fd_sc_mcu7t5v0__clkbuf_8)
                                                         clknet_3_5_0_clk_PAD2CORE (net)
                      0.426026    0.003709    1.280042 ^ clkbuf_leaf_56_clk_PAD2CORE/I (gf180mcu_fd_sc_mcu7t5v0__clkbuf_8)
     7    0.067946    0.192463    0.358091    1.638132 ^ clkbuf_leaf_56_clk_PAD2CORE/Z (gf180mcu_fd_sc_mcu7t5v0__clkbuf_8)
                                                         clknet_leaf_56_clk_PAD2CORE (net)
                      0.192465    0.001476    1.639609 ^ _10127_/CLK (gf180mcu_fd_sc_mcu7t5v0__dffsnq_1)
     3    0.079474    0.796526    1.242850    2.882459 v _10127_/Q (gf180mcu_fd_sc_mcu7t5v0__dffsnq_1)
                                                         i_chip_core.wave_controller_y_inst.capture_step[0] (net)
                      0.796528    0.000801    2.883260 v fanout389/I (gf180mcu_fd_sc_mcu7t5v0__dlyb_1)
    10    0.105117    1.085578    1.907754    4.791015 v fanout389/Z (gf180mcu_fd_sc_mcu7t5v0__dlyb_1)
                                                         net389 (net)
                      1.085582    0.001182    4.792197 v fanout387/I (gf180mcu_fd_sc_mcu7t5v0__dlyb_1)
     1    0.011418    0.271160    1.373316    6.165513 v fanout387/Z (gf180mcu_fd_sc_mcu7t5v0__dlyb_1)
                                                         net387 (net)
                      0.271160    0.000142    6.165655 v wire388/I (gf180mcu_fd_sc_mcu7t5v0__buf_4)
    10    0.104883    0.280299    0.385787    6.551442 v wire388/Z (gf180mcu_fd_sc_mcu7t5v0__buf_4)
                                                         net388 (net)
                      0.280855    0.006937    6.558379 v fanout386/I (gf180mcu_fd_sc_mcu7t5v0__dlyb_1)
    10    0.086095    0.917181    1.612349    8.170728 v fanout386/Z (gf180mcu_fd_sc_mcu7t5v0__dlyb_1)
                                                         net386 (net)
                      0.917181    0.000892    8.171619 v _05052_/I (gf180mcu_fd_sc_mcu7t5v0__clkinv_1)
     2    0.015537    0.436541    0.399783    8.571403 ^ _05052_/ZN (gf180mcu_fd_sc_mcu7t5v0__clkinv_1)
                                                         _00743_ (net)
                      0.436541    0.000305    8.571707 ^ fanout366/I (gf180mcu_fd_sc_mcu7t5v0__dlya_1)
    10    0.146722    2.394370    1.754373   10.326079 ^ fanout366/Z (gf180mcu_fd_sc_mcu7t5v0__dlya_1)
                                                         net366 (net)
                      2.394651    0.014670   10.340750 ^ _05619_/A1 (gf180mcu_fd_sc_mcu7t5v0__nand2_1)
     1    0.006111    0.530524    0.158158   10.498908 v _05619_/ZN (gf180mcu_fd_sc_mcu7t5v0__nand2_1)
                                                         _01272_ (net)
                      0.530524    0.000119   10.499027 v _05620_/B (gf180mcu_fd_sc_mcu7t5v0__oai21_1)
     2    0.016047    0.746955    0.435902   10.934929 ^ _05620_/ZN (gf180mcu_fd_sc_mcu7t5v0__oai21_1)
                                                         _01273_ (net)
                      0.746955    0.000275   10.935205 ^ _05621_/B1 (gf180mcu_fd_sc_mcu7t5v0__aoi22_1)
     1    0.005435    0.418389    0.258977   11.194181 v _05621_/ZN (gf180mcu_fd_sc_mcu7t5v0__aoi22_1)
                                                         _01274_ (net)
                      0.418389    0.000060   11.194241 v _05625_/A2 (gf180mcu_fd_sc_mcu7t5v0__aoi221_1)
     1    0.011850    0.940550    0.596882   11.791122 ^ _05625_/ZN (gf180mcu_fd_sc_mcu7t5v0__aoi221_1)
                                                         _01278_ (net)
                      0.940550    0.000339   11.791462 ^ _05633_/A1 (gf180mcu_fd_sc_mcu7t5v0__oai21_1)
     1    0.017509    0.472068    0.320959   12.112421 v _05633_/ZN (gf180mcu_fd_sc_mcu7t5v0__oai21_1)
                                                         _01286_ (net)
                      0.472068    0.000679   12.113100 v _05640_/A1 (gf180mcu_fd_sc_mcu7t5v0__aoi21_1)
     1    0.035812    1.238765    0.798670   12.911770 ^ _05640_/ZN (gf180mcu_fd_sc_mcu7t5v0__aoi21_1)
                                                         _01293_ (net)
                      1.238766    0.002021   12.913791 ^ _05649_/A1 (gf180mcu_fd_sc_mcu7t5v0__oai32_1)
     1    0.008273    0.419133    0.218795   13.132586 v _05649_/ZN (gf180mcu_fd_sc_mcu7t5v0__oai32_1)
                                                         _01302_ (net)
                      0.419133    0.000195   13.132781 v wire84/I (gf180mcu_fd_sc_mcu7t5v0__clkbuf_1)
     1    0.022317    0.377473    0.442258   13.575038 v wire84/Z (gf180mcu_fd_sc_mcu7t5v0__clkbuf_1)
                                                         net84 (net)
                      0.377481    0.000969   13.576008 v wire83/I (gf180mcu_fd_sc_mcu7t5v0__clkbuf_1)
     1    0.015463    0.278198    0.370908   13.946915 v wire83/Z (gf180mcu_fd_sc_mcu7t5v0__clkbuf_1)
                                                         net83 (net)
                      0.278201    0.000536   13.947452 v _05659_/A2 (gf180mcu_fd_sc_mcu7t5v0__oai211_1)
     1    0.008297    0.489216    0.325011   14.272463 ^ _05659_/ZN (gf180mcu_fd_sc_mcu7t5v0__oai211_1)
                                                         _01312_ (net)
                      0.489216    0.000185   14.272648 ^ _05662_/B1 (gf180mcu_fd_sc_mcu7t5v0__aoi22_1)
     2    0.014585    0.438351    0.328235   14.600883 v _05662_/ZN (gf180mcu_fd_sc_mcu7t5v0__aoi22_1)
                                                         _01315_ (net)
                      0.438351    0.000313   14.601195 v _05663_/A2 (gf180mcu_fd_sc_mcu7t5v0__nand2_1)
     2    0.011806    0.335430    0.311614   14.912809 ^ _05663_/ZN (gf180mcu_fd_sc_mcu7t5v0__nand2_1)
                                                         _01316_ (net)
                      0.335430    0.000222   14.913032 ^ _05664_/A2 (gf180mcu_fd_sc_mcu7t5v0__aoi21_1)
     1    0.018162    0.527343    0.251864   15.164896 v _05664_/ZN (gf180mcu_fd_sc_mcu7t5v0__aoi21_1)
                                                         _01317_ (net)
                      0.527343    0.000680   15.165576 v _05681_/A1 (gf180mcu_fd_sc_mcu7t5v0__oai22_1)
     1    0.012073    0.763107    0.448484   15.614059 ^ _05681_/ZN (gf180mcu_fd_sc_mcu7t5v0__oai22_1)
                                                         _01334_ (net)
                      0.763107    0.000442   15.614502 ^ _05696_/C (gf180mcu_fd_sc_mcu7t5v0__oai211_1)
     4    0.030800    0.798925    0.564643   16.179146 v _05696_/ZN (gf180mcu_fd_sc_mcu7t5v0__oai211_1)
                                                         _01349_ (net)
                      0.798926    0.001453   16.180599 v _08844_/A3 (gf180mcu_fd_sc_mcu7t5v0__nor4_1)
     2    0.013024    1.090450    0.770106   16.950705 ^ _08844_/ZN (gf180mcu_fd_sc_mcu7t5v0__nor4_1)
                                                         _04282_ (net)
                      1.090450    0.000224   16.950928 ^ wire44/I (gf180mcu_fd_sc_mcu7t5v0__clkbuf_1)
     2    0.016736    0.324746    0.438519   17.389446 ^ wire44/Z (gf180mcu_fd_sc_mcu7t5v0__clkbuf_1)
                                                         net44 (net)
                      0.324746    0.000329   17.389776 ^ _09036_/A3 (gf180mcu_fd_sc_mcu7t5v0__nand3_1)
     1    0.003362    0.420225    0.146002   17.535778 v _09036_/ZN (gf180mcu_fd_sc_mcu7t5v0__nand3_1)
                                                         _04443_ (net)
                      0.420225    0.000062   17.535839 v _09037_/A2 (gf180mcu_fd_sc_mcu7t5v0__and2_1)
     1    0.021965    0.277814    0.477034   18.012873 v _09037_/Z (gf180mcu_fd_sc_mcu7t5v0__and2_1)
                                                         _04444_ (net)
                      0.277814    0.000997   18.013870 v fanout20/I (gf180mcu_fd_sc_mcu7t5v0__dlyb_1)
     7    0.093780    0.978437    1.655467   19.669336 v fanout20/Z (gf180mcu_fd_sc_mcu7t5v0__dlyb_1)
                                                         net20 (net)
                      0.978868    0.011630   19.680967 v fanout16/I (gf180mcu_fd_sc_mcu7t5v0__dlyb_1)
    10    0.101864    1.055410    1.950854   21.631821 v fanout16/Z (gf180mcu_fd_sc_mcu7t5v0__dlyb_1)
                                                         net16 (net)
                      1.055463    0.004267   21.636087 v fanout15/I (gf180mcu_fd_sc_mcu7t5v0__dlyb_1)
    10    0.093851    0.982741    1.928719   23.564806 v fanout15/Z (gf180mcu_fd_sc_mcu7t5v0__dlyb_1)
                                                         net15 (net)
                      0.982845    0.005713   23.570518 v _09040_/A1 (gf180mcu_fd_sc_mcu7t5v0__oai21_1)
     1    0.005433    0.412441    0.449909   24.020428 ^ _09040_/ZN (gf180mcu_fd_sc_mcu7t5v0__oai21_1)
                                                         _00282_ (net)
                      0.412441    0.000112   24.020538 ^ _10031_/D (gf180mcu_fd_sc_mcu7t5v0__dffrnq_1)
                                             24.020538   data arrival time

                                 40.000000   40.000000   clock clk_PAD (rise edge)
                                  0.000000   40.000000   clock source latency
     1    0.222886    0.504558    0.000000   40.000000 ^ clk_pad/Y (gf180mcu_fd_io__in_s)
                                                         clk_PAD2CORE (net)
                      0.557753    0.086271   40.086273 ^ clkbuf_0_clk_PAD2CORE/I (gf180mcu_fd_sc_mcu7t5v0__clkbuf_16)
     4    0.102147    0.167022    0.363357   40.449627 ^ clkbuf_0_clk_PAD2CORE/Z (gf180mcu_fd_sc_mcu7t5v0__clkbuf_16)
                                                         clknet_0_clk_PAD2CORE (net)
                      0.167276    0.009557   40.459187 ^ clkbuf_2_0_0_clk_PAD2CORE/I (gf180mcu_fd_sc_mcu7t5v0__clkbuf_8)
     2    0.079292    0.208103    0.317730   40.776917 ^ clkbuf_2_0_0_clk_PAD2CORE/Z (gf180mcu_fd_sc_mcu7t5v0__clkbuf_8)
                                                         clknet_2_0_0_clk_PAD2CORE (net)
                      0.208189    0.006267   40.783184 ^ clkbuf_3_0_0_clk_PAD2CORE/I (gf180mcu_fd_sc_mcu7t5v0__clkbuf_8)
     9    0.391473    0.794624    0.649909   41.433090 ^ clkbuf_3_0_0_clk_PAD2CORE/Z (gf180mcu_fd_sc_mcu7t5v0__clkbuf_8)
                                                         clknet_3_0_0_clk_PAD2CORE (net)
                      0.795946    0.015078   41.448170 ^ clkbuf_leaf_5_clk_PAD2CORE/I (gf180mcu_fd_sc_mcu7t5v0__clkbuf_8)
    10    0.054400    0.178062    0.395751   41.843918 ^ clkbuf_leaf_5_clk_PAD2CORE/Z (gf180mcu_fd_sc_mcu7t5v0__clkbuf_8)
                                                         clknet_leaf_5_clk_PAD2CORE (net)
                      0.178062    0.000647   41.844566 ^ _10031_/CLK (gf180mcu_fd_sc_mcu7t5v0__dffrnq_1)
                                 -0.250000   41.594566   clock uncertainty
                                  0.000000   41.594566   clock reconvergence pessimism
                                 -0.340328   41.254238   library setup time
                                             41.254238   data required time
---------------------------------------------------------------------------------------------
                                             41.254238   data required time
                                            -24.020538   data arrival time
---------------------------------------------------------------------------------------------
                                             17.233698   slack (MET)




===========================================================================
report_checks --slack_max -0.01
============================================================================
======================= nom_tt_025C_5v00 Corner ===================================

No paths found.


===========================================================================
 report_check_types -max_slew -max_cap -max_fanout -violators
============================================================================
======================= nom_tt_025C_5v00 Corner ===================================

max fanout

Pin                                   Limit Fanout  Slack
---------------------------------------------------------
clkbuf_leaf_12_clk_PAD2CORE/Z            10     11        (VIOLATED)
clkbuf_leaf_27_clk_PAD2CORE/Z            10     11        (VIOLATED)
clkbuf_leaf_43_clk_PAD2CORE/Z            10     11        (VIOLATED)

max capacitance

Pin                                        Limit         Cap       Slack
------------------------------------------------------------------------
bidir_PAD[0]                            0.200000    3.416081   -3.216081 (VIOLATED)
bidir_PAD[10]                           0.200000    3.416081   -3.216081 (VIOLATED)
bidir_PAD[11]                           0.200000    3.416081   -3.216081 (VIOLATED)
bidir_PAD[12]                           0.200000    3.416081   -3.216081 (VIOLATED)
bidir_PAD[13]                           0.200000    3.416081   -3.216081 (VIOLATED)
bidir_PAD[14]                           0.200000    3.416081   -3.216081 (VIOLATED)
bidir_PAD[15]                           0.200000    3.416081   -3.216081 (VIOLATED)
bidir_PAD[16]                           0.200000    3.416081   -3.216081 (VIOLATED)
bidir_PAD[17]                           0.200000    3.416081   -3.216081 (VIOLATED)
bidir_PAD[18]                           0.200000    3.416081   -3.216081 (VIOLATED)
bidir_PAD[19]                           0.200000    3.416081   -3.216081 (VIOLATED)
bidir_PAD[1]                            0.200000    3.416081   -3.216081 (VIOLATED)
bidir_PAD[2]                            0.200000    3.416081   -3.216081 (VIOLATED)
bidir_PAD[3]                            0.200000    3.416081   -3.216081 (VIOLATED)
bidir_PAD[4]                            0.200000    3.416081   -3.216081 (VIOLATED)
bidir_PAD[5]                            0.200000    3.416081   -3.216081 (VIOLATED)
bidir_PAD[6]                            0.200000    3.416081   -3.216081 (VIOLATED)
bidir_PAD[7]                            0.200000    3.416081   -3.216081 (VIOLATED)
bidir_PAD[8]                            0.200000    3.416081   -3.216081 (VIOLATED)
bidir_PAD[9]                            0.200000    3.416081   -3.216081 (VIOLATED)
bidir[0].pad/PAD                        0.200000    3.416081   -3.216081 (VIOLATED)
bidir[10].pad/PAD                       0.200000    3.416081   -3.216081 (VIOLATED)
bidir[11].pad/PAD                       0.200000    3.416081   -3.216081 (VIOLATED)
bidir[12].pad/PAD                       0.200000    3.416081   -3.216081 (VIOLATED)
bidir[13].pad/PAD                       0.200000    3.416081   -3.216081 (VIOLATED)
bidir[14].pad/PAD                       0.200000    3.416081   -3.216081 (VIOLATED)
bidir[15].pad/PAD                       0.200000    3.416081   -3.216081 (VIOLATED)
bidir[16].pad/PAD                       0.200000    3.416081   -3.216081 (VIOLATED)
bidir[17].pad/PAD                       0.200000    3.416081   -3.216081 (VIOLATED)
bidir[18].pad/PAD                       0.200000    3.416081   -3.216081 (VIOLATED)
bidir[19].pad/PAD                       0.200000    3.416081   -3.216081 (VIOLATED)
bidir[1].pad/PAD                        0.200000    3.416081   -3.216081 (VIOLATED)
bidir[2].pad/PAD                        0.200000    3.416081   -3.216081 (VIOLATED)
bidir[3].pad/PAD                        0.200000    3.416081   -3.216081 (VIOLATED)
bidir[4].pad/PAD                        0.200000    3.416081   -3.216081 (VIOLATED)
bidir[5].pad/PAD                        0.200000    3.416081   -3.216081 (VIOLATED)
bidir[6].pad/PAD                        0.200000    3.416081   -3.216081 (VIOLATED)
bidir[7].pad/PAD                        0.200000    3.416081   -3.216081 (VIOLATED)
bidir[8].pad/PAD                        0.200000    3.416081   -3.216081 (VIOLATED)
bidir[9].pad/PAD                        0.200000    3.416081   -3.216081 (VIOLATED)
clk_PAD                                 0.200000    3.066806   -2.866806 (VIOLATED)
input_PAD                               0.200000    3.062116   -2.862116 (VIOLATED)
rst_n_PAD                               0.200000    3.062116   -2.862116 (VIOLATED)
clkbuf_3_0_0_clk_PAD2CORE/Z             0.200000    0.391473   -0.191473 (VIOLATED)
clkbuf_3_4_0_clk_PAD2CORE/Z             0.200000    0.345847   -0.145847 (VIOLATED)
clkbuf_3_7_0_clk_PAD2CORE/Z             0.200000    0.324623   -0.124623 (VIOLATED)
clkbuf_3_6_0_clk_PAD2CORE/Z             0.200000    0.311104   -0.111104 (VIOLATED)
clkbuf_3_2_0_clk_PAD2CORE/Z             0.200000    0.268481   -0.068481 (VIOLATED)
clkbuf_3_1_0_clk_PAD2CORE/Z             0.200000    0.231560   -0.031560 (VIOLATED)
clk_pad/Y                               0.200000    0.222886   -0.022886 (VIOLATED)



===========================================================================
report_parasitic_annotation -report_unannotated
============================================================================
Found 1925 unannotated drivers.
 analog_PAD[0]
 analog_PAD[10]
 analog_PAD[11]
 analog_PAD[12]
 analog_PAD[13]
 analog_PAD[14]
 analog_PAD[15]
 analog_PAD[16]
 analog_PAD[17]
 analog_PAD[18]
 analog_PAD[19]
 analog_PAD[1]
 analog_PAD[20]
 analog_PAD[21]
 analog_PAD[22]
 analog_PAD[23]
 analog_PAD[24]
 analog_PAD[25]
 analog_PAD[26]
 analog_PAD[27]
 analog_PAD[28]
 analog_PAD[29]
 analog_PAD[2]
 analog_PAD[30]
 analog_PAD[31]
 analog_PAD[32]
 analog_PAD[33]
 analog_PAD[34]
 analog_PAD[35]
 analog_PAD[36]
 analog_PAD[37]
 analog_PAD[38]
 analog_PAD[39]
 analog_PAD[3]
 analog_PAD[40]
 analog_PAD[41]
 analog_PAD[42]
 analog_PAD[43]
 analog_PAD[44]
 analog_PAD[45]
 analog_PAD[46]
 analog_PAD[47]
 analog_PAD[48]
 analog_PAD[49]
 analog_PAD[4]
 analog_PAD[50]
 analog_PAD[51]
 analog_PAD[52]
 analog_PAD[53]
 analog_PAD[54]
 analog_PAD[55]
 analog_PAD[56]
 analog_PAD[57]
 analog_PAD[58]
 analog_PAD[59]
 analog_PAD[5]
 analog_PAD[6]
 analog_PAD[7]
 analog_PAD[8]
 analog_PAD[9]
 bidir_PAD[0]
 bidir_PAD[10]
 bidir_PAD[11]
 bidir_PAD[12]
 bidir_PAD[13]
 bidir_PAD[14]
 bidir_PAD[15]
 bidir_PAD[16]
 bidir_PAD[17]
 bidir_PAD[18]
 bidir_PAD[19]
 bidir_PAD[1]
 bidir_PAD[2]
 bidir_PAD[3]
 bidir_PAD[4]
 bidir_PAD[5]
 bidir_PAD[6]
 bidir_PAD[7]
 bidir_PAD[8]
 bidir_PAD[9]
 clk_PAD
 input_PAD
 rst_n_PAD
 IO_CORNER_NORTH_EAST_INST/DVDD
 IO_CORNER_NORTH_EAST_INST/DVSS
 IO_CORNER_NORTH_EAST_INST/VDD
 IO_CORNER_NORTH_EAST_INST/VSS
 IO_CORNER_NORTH_WEST_INST/DVDD
 IO_CORNER_NORTH_WEST_INST/DVSS
 IO_CORNER_NORTH_WEST_INST/VDD
 IO_CORNER_NORTH_WEST_INST/VSS
 IO_CORNER_SOUTH_EAST_INST/DVDD
 IO_CORNER_SOUTH_EAST_INST/DVSS
 IO_CORNER_SOUTH_EAST_INST/VDD
 IO_CORNER_SOUTH_EAST_INST/VSS
 IO_CORNER_SOUTH_WEST_INST/DVDD
 IO_CORNER_SOUTH_WEST_INST/DVSS
 IO_CORNER_SOUTH_WEST_INST/VDD
 IO_CORNER_SOUTH_WEST_INST/VSS
 IO_FILL_IO_EAST_0_0/DVDD
 IO_FILL_IO_EAST_0_0/DVSS
 IO_FILL_IO_EAST_0_0/VDD
 IO_FILL_IO_EAST_0_0/VSS
 IO_FILL_IO_EAST_0_100/DVDD
 IO_FILL_IO_EAST_0_100/DVSS
 IO_FILL_IO_EAST_0_100/VDD
 IO_FILL_IO_EAST_0_100/VSS
 IO_FILL_IO_EAST_0_200/DVDD
 IO_FILL_IO_EAST_0_200/DVSS
 IO_FILL_IO_EAST_0_200/VDD
 IO_FILL_IO_EAST_0_200/VSS
 IO_FILL_IO_EAST_10_0/DVDD
 IO_FILL_IO_EAST_10_0/DVSS
 IO_FILL_IO_EAST_10_0/VDD
 IO_FILL_IO_EAST_10_0/VSS
 IO_FILL_IO_EAST_10_100/DVDD
 IO_FILL_IO_EAST_10_100/DVSS
 IO_FILL_IO_EAST_10_100/VDD
 IO_FILL_IO_EAST_10_100/VSS
 IO_FILL_IO_EAST_10_200/DVDD
 IO_FILL_IO_EAST_10_200/DVSS
 IO_FILL_IO_EAST_10_200/VDD
 IO_FILL_IO_EAST_10_200/VSS
 IO_FILL_IO_EAST_10_210/DVDD
 IO_FILL_IO_EAST_10_210/DVSS
 IO_FILL_IO_EAST_10_210/VDD
 IO_FILL_IO_EAST_10_210/VSS
 IO_FILL_IO_EAST_11_0/DVDD
 IO_FILL_IO_EAST_11_0/DVSS
 IO_FILL_IO_EAST_11_0/VDD
 IO_FILL_IO_EAST_11_0/VSS
 IO_FILL_IO_EAST_11_100/DVDD
 IO_FILL_IO_EAST_11_100/DVSS
 IO_FILL_IO_EAST_11_100/VDD
 IO_FILL_IO_EAST_11_100/VSS
 IO_FILL_IO_EAST_11_200/DVDD
 IO_FILL_IO_EAST_11_200/DVSS
 IO_FILL_IO_EAST_11_200/VDD
 IO_FILL_IO_EAST_11_200/VSS
 IO_FILL_IO_EAST_11_210/DVDD
 IO_FILL_IO_EAST_11_210/DVSS
 IO_FILL_IO_EAST_11_210/VDD
 IO_FILL_IO_EAST_11_210/VSS
 IO_FILL_IO_EAST_12_0/DVDD
 IO_FILL_IO_EAST_12_0/DVSS
 IO_FILL_IO_EAST_12_0/VDD
 IO_FILL_IO_EAST_12_0/VSS
 IO_FILL_IO_EAST_12_100/DVDD
 IO_FILL_IO_EAST_12_100/DVSS
 IO_FILL_IO_EAST_12_100/VDD
 IO_FILL_IO_EAST_12_100/VSS
 IO_FILL_IO_EAST_12_200/DVDD
 IO_FILL_IO_EAST_12_200/DVSS
 IO_FILL_IO_EAST_12_200/VDD
 IO_FILL_IO_EAST_12_200/VSS
 IO_FILL_IO_EAST_12_210/DVDD
 IO_FILL_IO_EAST_12_210/DVSS
 IO_FILL_IO_EAST_12_210/VDD
 IO_FILL_IO_EAST_12_210/VSS
 IO_FILL_IO_EAST_13_0/DVDD
 IO_FILL_IO_EAST_13_0/DVSS
 IO_FILL_IO_EAST_13_0/VDD
 IO_FILL_IO_EAST_13_0/VSS
 IO_FILL_IO_EAST_13_100/DVDD
 IO_FILL_IO_EAST_13_100/DVSS
 IO_FILL_IO_EAST_13_100/VDD
 IO_FILL_IO_EAST_13_100/VSS
 IO_FILL_IO_EAST_13_200/DVDD
 IO_FILL_IO_EAST_13_200/DVSS
 IO_FILL_IO_EAST_13_200/VDD
 IO_FILL_IO_EAST_13_200/VSS
 IO_FILL_IO_EAST_13_210/DVDD
 IO_FILL_IO_EAST_13_210/DVSS
 IO_FILL_IO_EAST_13_210/VDD
 IO_FILL_IO_EAST_13_210/VSS
 IO_FILL_IO_EAST_14_0/DVDD
 IO_FILL_IO_EAST_14_0/DVSS
 IO_FILL_IO_EAST_14_0/VDD
 IO_FILL_IO_EAST_14_0/VSS
 IO_FILL_IO_EAST_14_100/DVDD
 IO_FILL_IO_EAST_14_100/DVSS
 IO_FILL_IO_EAST_14_100/VDD
 IO_FILL_IO_EAST_14_100/VSS
 IO_FILL_IO_EAST_14_200/DVDD
 IO_FILL_IO_EAST_14_200/DVSS
 IO_FILL_IO_EAST_14_200/VDD
 IO_FILL_IO_EAST_14_200/VSS
 IO_FILL_IO_EAST_14_210/DVDD
 IO_FILL_IO_EAST_14_210/DVSS
 IO_FILL_IO_EAST_14_210/VDD
 IO_FILL_IO_EAST_14_210/VSS
 IO_FILL_IO_EAST_15_0/DVDD
 IO_FILL_IO_EAST_15_0/DVSS
 IO_FILL_IO_EAST_15_0/VDD
 IO_FILL_IO_EAST_15_0/VSS
 IO_FILL_IO_EAST_15_100/DVDD
 IO_FILL_IO_EAST_15_100/DVSS
 IO_FILL_IO_EAST_15_100/VDD
 IO_FILL_IO_EAST_15_100/VSS
 IO_FILL_IO_EAST_15_200/DVDD
 IO_FILL_IO_EAST_15_200/DVSS
 IO_FILL_IO_EAST_15_200/VDD
 IO_FILL_IO_EAST_15_200/VSS
 IO_FILL_IO_EAST_15_210/DVDD
 IO_FILL_IO_EAST_15_210/DVSS
 IO_FILL_IO_EAST_15_210/VDD
 IO_FILL_IO_EAST_15_210/VSS
 IO_FILL_IO_EAST_16_0/DVDD
 IO_FILL_IO_EAST_16_0/DVSS
 IO_FILL_IO_EAST_16_0/VDD
 IO_FILL_IO_EAST_16_0/VSS
 IO_FILL_IO_EAST_16_100/DVDD
 IO_FILL_IO_EAST_16_100/DVSS
 IO_FILL_IO_EAST_16_100/VDD
 IO_FILL_IO_EAST_16_100/VSS
 IO_FILL_IO_EAST_16_200/DVDD
 IO_FILL_IO_EAST_16_200/DVSS
 IO_FILL_IO_EAST_16_200/VDD
 IO_FILL_IO_EAST_16_200/VSS
 IO_FILL_IO_EAST_16_210/DVDD
 IO_FILL_IO_EAST_16_210/DVSS
 IO_FILL_IO_EAST_16_210/VDD
 IO_FILL_IO_EAST_16_210/VSS
 IO_FILL_IO_EAST_17_0/DVDD
 IO_FILL_IO_EAST_17_0/DVSS
 IO_FILL_IO_EAST_17_0/VDD
 IO_FILL_IO_EAST_17_0/VSS
 IO_FILL_IO_EAST_17_100/DVDD
 IO_FILL_IO_EAST_17_100/DVSS
 IO_FILL_IO_EAST_17_100/VDD
 IO_FILL_IO_EAST_17_100/VSS
 IO_FILL_IO_EAST_17_200/DVDD
 IO_FILL_IO_EAST_17_200/DVSS
 IO_FILL_IO_EAST_17_200/VDD
 IO_FILL_IO_EAST_17_200/VSS
 IO_FILL_IO_EAST_17_210/DVDD
 IO_FILL_IO_EAST_17_210/DVSS
 IO_FILL_IO_EAST_17_210/VDD
 IO_FILL_IO_EAST_17_210/VSS
 IO_FILL_IO_EAST_18_0/DVDD
 IO_FILL_IO_EAST_18_0/DVSS
 IO_FILL_IO_EAST_18_0/VDD
 IO_FILL_IO_EAST_18_0/VSS
 IO_FILL_IO_EAST_18_100/DVDD
 IO_FILL_IO_EAST_18_100/DVSS
 IO_FILL_IO_EAST_18_100/VDD
 IO_FILL_IO_EAST_18_100/VSS
 IO_FILL_IO_EAST_18_200/DVDD
 IO_FILL_IO_EAST_18_200/DVSS
 IO_FILL_IO_EAST_18_200/VDD
 IO_FILL_IO_EAST_18_200/VSS
 IO_FILL_IO_EAST_18_210/DVDD
 IO_FILL_IO_EAST_18_210/DVSS
 IO_FILL_IO_EAST_18_210/VDD
 IO_FILL_IO_EAST_18_210/VSS
 IO_FILL_IO_EAST_19_0/DVDD
 IO_FILL_IO_EAST_19_0/DVSS
 IO_FILL_IO_EAST_19_0/VDD
 IO_FILL_IO_EAST_19_0/VSS
 IO_FILL_IO_EAST_19_100/DVDD
 IO_FILL_IO_EAST_19_100/DVSS
 IO_FILL_IO_EAST_19_100/VDD
 IO_FILL_IO_EAST_19_100/VSS
 IO_FILL_IO_EAST_19_200/DVDD
 IO_FILL_IO_EAST_19_200/DVSS
 IO_FILL_IO_EAST_19_200/VDD
 IO_FILL_IO_EAST_19_200/VSS
 IO_FILL_IO_EAST_19_210/DVDD
 IO_FILL_IO_EAST_19_210/DVSS
 IO_FILL_IO_EAST_19_210/VDD
 IO_FILL_IO_EAST_19_210/VSS
 IO_FILL_IO_EAST_1_0/DVDD
 IO_FILL_IO_EAST_1_0/DVSS
 IO_FILL_IO_EAST_1_0/VDD
 IO_FILL_IO_EAST_1_0/VSS
 IO_FILL_IO_EAST_1_100/DVDD
 IO_FILL_IO_EAST_1_100/DVSS
 IO_FILL_IO_EAST_1_100/VDD
 IO_FILL_IO_EAST_1_100/VSS
 IO_FILL_IO_EAST_1_200/DVDD
 IO_FILL_IO_EAST_1_200/DVSS
 IO_FILL_IO_EAST_1_200/VDD
 IO_FILL_IO_EAST_1_200/VSS
 IO_FILL_IO_EAST_1_210/DVDD
 IO_FILL_IO_EAST_1_210/DVSS
 IO_FILL_IO_EAST_1_210/VDD
 IO_FILL_IO_EAST_1_210/VSS
 IO_FILL_IO_EAST_20_0/DVDD
 IO_FILL_IO_EAST_20_0/DVSS
 IO_FILL_IO_EAST_20_0/VDD
 IO_FILL_IO_EAST_20_0/VSS
 IO_FILL_IO_EAST_20_100/DVDD
 IO_FILL_IO_EAST_20_100/DVSS
 IO_FILL_IO_EAST_20_100/VDD
 IO_FILL_IO_EAST_20_100/VSS
 IO_FILL_IO_EAST_20_200/DVDD
 IO_FILL_IO_EAST_20_200/DVSS
 IO_FILL_IO_EAST_20_200/VDD
 IO_FILL_IO_EAST_20_200/VSS
 IO_FILL_IO_EAST_20_210/DVDD
 IO_FILL_IO_EAST_20_210/DVSS
 IO_FILL_IO_EAST_20_210/VDD
 IO_FILL_IO_EAST_20_210/VSS
 IO_FILL_IO_EAST_21_0/DVDD
 IO_FILL_IO_EAST_21_0/DVSS
 IO_FILL_IO_EAST_21_0/VDD
 IO_FILL_IO_EAST_21_0/VSS
 IO_FILL_IO_EAST_21_100/DVDD
 IO_FILL_IO_EAST_21_100/DVSS
 IO_FILL_IO_EAST_21_100/VDD
 IO_FILL_IO_EAST_21_100/VSS
 IO_FILL_IO_EAST_21_200/DVDD
 IO_FILL_IO_EAST_21_200/DVSS
 IO_FILL_IO_EAST_21_200/VDD
 IO_FILL_IO_EAST_21_200/VSS
 IO_FILL_IO_EAST_21_210/DVDD
 IO_FILL_IO_EAST_21_210/DVSS
 IO_FILL_IO_EAST_21_210/VDD
 IO_FILL_IO_EAST_21_210/VSS
 IO_FILL_IO_EAST_22_0/DVDD
 IO_FILL_IO_EAST_22_0/DVSS
 IO_FILL_IO_EAST_22_0/VDD
 IO_FILL_IO_EAST_22_0/VSS
 IO_FILL_IO_EAST_22_100/DVDD
 IO_FILL_IO_EAST_22_100/DVSS
 IO_FILL_IO_EAST_22_100/VDD
 IO_FILL_IO_EAST_22_100/VSS
 IO_FILL_IO_EAST_22_200/DVDD
 IO_FILL_IO_EAST_22_200/DVSS
 IO_FILL_IO_EAST_22_200/VDD
 IO_FILL_IO_EAST_22_200/VSS
 IO_FILL_IO_EAST_22_300/DVDD
 IO_FILL_IO_EAST_22_300/DVSS
 IO_FILL_IO_EAST_22_300/VDD
 IO_FILL_IO_EAST_22_300/VSS
 IO_FILL_IO_EAST_2_0/DVDD
 IO_FILL_IO_EAST_2_0/DVSS
 IO_FILL_IO_EAST_2_0/VDD
 IO_FILL_IO_EAST_2_0/VSS
 IO_FILL_IO_EAST_2_100/DVDD
 IO_FILL_IO_EAST_2_100/DVSS
 IO_FILL_IO_EAST_2_100/VDD
 IO_FILL_IO_EAST_2_100/VSS
 IO_FILL_IO_EAST_2_200/DVDD
 IO_FILL_IO_EAST_2_200/DVSS
 IO_FILL_IO_EAST_2_200/VDD
 IO_FILL_IO_EAST_2_200/VSS
 IO_FILL_IO_EAST_2_210/DVDD
 IO_FILL_IO_EAST_2_210/DVSS
 IO_FILL_IO_EAST_2_210/VDD
 IO_FILL_IO_EAST_2_210/VSS
 IO_FILL_IO_EAST_3_0/DVDD
 IO_FILL_IO_EAST_3_0/DVSS
 IO_FILL_IO_EAST_3_0/VDD
 IO_FILL_IO_EAST_3_0/VSS
 IO_FILL_IO_EAST_3_100/DVDD
 IO_FILL_IO_EAST_3_100/DVSS
 IO_FILL_IO_EAST_3_100/VDD
 IO_FILL_IO_EAST_3_100/VSS
 IO_FILL_IO_EAST_3_200/DVDD
 IO_FILL_IO_EAST_3_200/DVSS
 IO_FILL_IO_EAST_3_200/VDD
 IO_FILL_IO_EAST_3_200/VSS
 IO_FILL_IO_EAST_3_210/DVDD
 IO_FILL_IO_EAST_3_210/DVSS
 IO_FILL_IO_EAST_3_210/VDD
 IO_FILL_IO_EAST_3_210/VSS
 IO_FILL_IO_EAST_4_0/DVDD
 IO_FILL_IO_EAST_4_0/DVSS
 IO_FILL_IO_EAST_4_0/VDD
 IO_FILL_IO_EAST_4_0/VSS
 IO_FILL_IO_EAST_4_100/DVDD
 IO_FILL_IO_EAST_4_100/DVSS
 IO_FILL_IO_EAST_4_100/VDD
 IO_FILL_IO_EAST_4_100/VSS
 IO_FILL_IO_EAST_4_200/DVDD
 IO_FILL_IO_EAST_4_200/DVSS
 IO_FILL_IO_EAST_4_200/VDD
 IO_FILL_IO_EAST_4_200/VSS
 IO_FILL_IO_EAST_4_210/DVDD
 IO_FILL_IO_EAST_4_210/DVSS
 IO_FILL_IO_EAST_4_210/VDD
 IO_FILL_IO_EAST_4_210/VSS
 IO_FILL_IO_EAST_5_0/DVDD
 IO_FILL_IO_EAST_5_0/DVSS
 IO_FILL_IO_EAST_5_0/VDD
 IO_FILL_IO_EAST_5_0/VSS
 IO_FILL_IO_EAST_5_100/DVDD
 IO_FILL_IO_EAST_5_100/DVSS
 IO_FILL_IO_EAST_5_100/VDD
 IO_FILL_IO_EAST_5_100/VSS
 IO_FILL_IO_EAST_5_200/DVDD
 IO_FILL_IO_EAST_5_200/DVSS
 IO_FILL_IO_EAST_5_200/VDD
 IO_FILL_IO_EAST_5_200/VSS
 IO_FILL_IO_EAST_5_210/DVDD
 IO_FILL_IO_EAST_5_210/DVSS
 IO_FILL_IO_EAST_5_210/VDD
 IO_FILL_IO_EAST_5_210/VSS
 IO_FILL_IO_EAST_6_0/DVDD
 IO_FILL_IO_EAST_6_0/DVSS
 IO_FILL_IO_EAST_6_0/VDD
 IO_FILL_IO_EAST_6_0/VSS
 IO_FILL_IO_EAST_6_100/DVDD
 IO_FILL_IO_EAST_6_100/DVSS
 IO_FILL_IO_EAST_6_100/VDD
 IO_FILL_IO_EAST_6_100/VSS
 IO_FILL_IO_EAST_6_200/DVDD
 IO_FILL_IO_EAST_6_200/DVSS
 IO_FILL_IO_EAST_6_200/VDD
 IO_FILL_IO_EAST_6_200/VSS
 IO_FILL_IO_EAST_6_210/DVDD
 IO_FILL_IO_EAST_6_210/DVSS
 IO_FILL_IO_EAST_6_210/VDD
 IO_FILL_IO_EAST_6_210/VSS
 IO_FILL_IO_EAST_7_0/DVDD
 IO_FILL_IO_EAST_7_0/DVSS
 IO_FILL_IO_EAST_7_0/VDD
 IO_FILL_IO_EAST_7_0/VSS
 IO_FILL_IO_EAST_7_100/DVDD
 IO_FILL_IO_EAST_7_100/DVSS
 IO_FILL_IO_EAST_7_100/VDD
 IO_FILL_IO_EAST_7_100/VSS
 IO_FILL_IO_EAST_7_200/DVDD
 IO_FILL_IO_EAST_7_200/DVSS
 IO_FILL_IO_EAST_7_200/VDD
 IO_FILL_IO_EAST_7_200/VSS
 IO_FILL_IO_EAST_7_210/DVDD
 IO_FILL_IO_EAST_7_210/DVSS
 IO_FILL_IO_EAST_7_210/VDD
 IO_FILL_IO_EAST_7_210/VSS
 IO_FILL_IO_EAST_8_0/DVDD
 IO_FILL_IO_EAST_8_0/DVSS
 IO_FILL_IO_EAST_8_0/VDD
 IO_FILL_IO_EAST_8_0/VSS
 IO_FILL_IO_EAST_8_100/DVDD
 IO_FILL_IO_EAST_8_100/DVSS
 IO_FILL_IO_EAST_8_100/VDD
 IO_FILL_IO_EAST_8_100/VSS
 IO_FILL_IO_EAST_8_200/DVDD
 IO_FILL_IO_EAST_8_200/DVSS
 IO_FILL_IO_EAST_8_200/VDD
 IO_FILL_IO_EAST_8_200/VSS
 IO_FILL_IO_EAST_8_210/DVDD
 IO_FILL_IO_EAST_8_210/DVSS
 IO_FILL_IO_EAST_8_210/VDD
 IO_FILL_IO_EAST_8_210/VSS
 IO_FILL_IO_EAST_9_0/DVDD
 IO_FILL_IO_EAST_9_0/DVSS
 IO_FILL_IO_EAST_9_0/VDD
 IO_FILL_IO_EAST_9_0/VSS
 IO_FILL_IO_EAST_9_100/DVDD
 IO_FILL_IO_EAST_9_100/DVSS
 IO_FILL_IO_EAST_9_100/VDD
 IO_FILL_IO_EAST_9_100/VSS
 IO_FILL_IO_EAST_9_200/DVDD
 IO_FILL_IO_EAST_9_200/DVSS
 IO_FILL_IO_EAST_9_200/VDD
 IO_FILL_IO_EAST_9_200/VSS
 IO_FILL_IO_EAST_9_210/DVDD
 IO_FILL_IO_EAST_9_210/DVSS
 IO_FILL_IO_EAST_9_210/VDD
 IO_FILL_IO_EAST_9_210/VSS
 IO_FILL_IO_NORTH_0_0/DVDD
 IO_FILL_IO_NORTH_0_0/DVSS
 IO_FILL_IO_NORTH_0_0/VDD
 IO_FILL_IO_NORTH_0_0/VSS
 IO_FILL_IO_NORTH_0_100/DVDD
 IO_FILL_IO_NORTH_0_100/DVSS
 IO_FILL_IO_NORTH_0_100/VDD
 IO_FILL_IO_NORTH_0_100/VSS
 IO_FILL_IO_NORTH_0_200/DVDD
 IO_FILL_IO_NORTH_0_200/DVSS
 IO_FILL_IO_NORTH_0_200/VDD
 IO_FILL_IO_NORTH_0_200/VSS
 IO_FILL_IO_NORTH_10_0/DVDD
 IO_FILL_IO_NORTH_10_0/DVSS
 IO_FILL_IO_NORTH_10_0/VDD
 IO_FILL_IO_NORTH_10_0/VSS
 IO_FILL_IO_NORTH_10_100/DVDD
 IO_FILL_IO_NORTH_10_100/DVSS
 IO_FILL_IO_NORTH_10_100/VDD
 IO_FILL_IO_NORTH_10_100/VSS
 IO_FILL_IO_NORTH_10_200/DVDD
 IO_FILL_IO_NORTH_10_200/DVSS
 IO_FILL_IO_NORTH_10_200/VDD
 IO_FILL_IO_NORTH_10_200/VSS
 IO_FILL_IO_NORTH_10_210/DVDD
 IO_FILL_IO_NORTH_10_210/DVSS
 IO_FILL_IO_NORTH_10_210/VDD
 IO_FILL_IO_NORTH_10_210/VSS
 IO_FILL_IO_NORTH_11_0/DVDD
 IO_FILL_IO_NORTH_11_0/DVSS
 IO_FILL_IO_NORTH_11_0/VDD
 IO_FILL_IO_NORTH_11_0/VSS
 IO_FILL_IO_NORTH_11_100/DVDD
 IO_FILL_IO_NORTH_11_100/DVSS
 IO_FILL_IO_NORTH_11_100/VDD
 IO_FILL_IO_NORTH_11_100/VSS
 IO_FILL_IO_NORTH_11_200/DVDD
 IO_FILL_IO_NORTH_11_200/DVSS
 IO_FILL_IO_NORTH_11_200/VDD
 IO_FILL_IO_NORTH_11_200/VSS
 IO_FILL_IO_NORTH_11_210/DVDD
 IO_FILL_IO_NORTH_11_210/DVSS
 IO_FILL_IO_NORTH_11_210/VDD
 IO_FILL_IO_NORTH_11_210/VSS
 IO_FILL_IO_NORTH_12_0/DVDD
 IO_FILL_IO_NORTH_12_0/DVSS
 IO_FILL_IO_NORTH_12_0/VDD
 IO_FILL_IO_NORTH_12_0/VSS
 IO_FILL_IO_NORTH_12_100/DVDD
 IO_FILL_IO_NORTH_12_100/DVSS
 IO_FILL_IO_NORTH_12_100/VDD
 IO_FILL_IO_NORTH_12_100/VSS
 IO_FILL_IO_NORTH_12_200/DVDD
 IO_FILL_IO_NORTH_12_200/DVSS
 IO_FILL_IO_NORTH_12_200/VDD
 IO_FILL_IO_NORTH_12_200/VSS
 IO_FILL_IO_NORTH_12_210/DVDD
 IO_FILL_IO_NORTH_12_210/DVSS
 IO_FILL_IO_NORTH_12_210/VDD
 IO_FILL_IO_NORTH_12_210/VSS
 IO_FILL_IO_NORTH_13_0/DVDD
 IO_FILL_IO_NORTH_13_0/DVSS
 IO_FILL_IO_NORTH_13_0/VDD
 IO_FILL_IO_NORTH_13_0/VSS
 IO_FILL_IO_NORTH_13_100/DVDD
 IO_FILL_IO_NORTH_13_100/DVSS
 IO_FILL_IO_NORTH_13_100/VDD
 IO_FILL_IO_NORTH_13_100/VSS
 IO_FILL_IO_NORTH_13_200/DVDD
 IO_FILL_IO_NORTH_13_200/DVSS
 IO_FILL_IO_NORTH_13_200/VDD
 IO_FILL_IO_NORTH_13_200/VSS
 IO_FILL_IO_NORTH_13_210/DVDD
 IO_FILL_IO_NORTH_13_210/DVSS
 IO_FILL_IO_NORTH_13_210/VDD
 IO_FILL_IO_NORTH_13_210/VSS
 IO_FILL_IO_NORTH_14_0/DVDD
 IO_FILL_IO_NORTH_14_0/DVSS
 IO_FILL_IO_NORTH_14_0/VDD
 IO_FILL_IO_NORTH_14_0/VSS
 IO_FILL_IO_NORTH_14_100/DVDD
 IO_FILL_IO_NORTH_14_100/DVSS
 IO_FILL_IO_NORTH_14_100/VDD
 IO_FILL_IO_NORTH_14_100/VSS
 IO_FILL_IO_NORTH_14_200/DVDD
 IO_FILL_IO_NORTH_14_200/DVSS
 IO_FILL_IO_NORTH_14_200/VDD
 IO_FILL_IO_NORTH_14_200/VSS
 IO_FILL_IO_NORTH_14_210/DVDD
 IO_FILL_IO_NORTH_14_210/DVSS
 IO_FILL_IO_NORTH_14_210/VDD
 IO_FILL_IO_NORTH_14_210/VSS
 IO_FILL_IO_NORTH_15_0/DVDD
 IO_FILL_IO_NORTH_15_0/DVSS
 IO_FILL_IO_NORTH_15_0/VDD
 IO_FILL_IO_NORTH_15_0/VSS
 IO_FILL_IO_NORTH_15_100/DVDD
 IO_FILL_IO_NORTH_15_100/DVSS
 IO_FILL_IO_NORTH_15_100/VDD
 IO_FILL_IO_NORTH_15_100/VSS
 IO_FILL_IO_NORTH_15_200/DVDD
 IO_FILL_IO_NORTH_15_200/DVSS
 IO_FILL_IO_NORTH_15_200/VDD
 IO_FILL_IO_NORTH_15_200/VSS
 IO_FILL_IO_NORTH_15_210/DVDD
 IO_FILL_IO_NORTH_15_210/DVSS
 IO_FILL_IO_NORTH_15_210/VDD
 IO_FILL_IO_NORTH_15_210/VSS
 IO_FILL_IO_NORTH_16_0/DVDD
 IO_FILL_IO_NORTH_16_0/DVSS
 IO_FILL_IO_NORTH_16_0/VDD
 IO_FILL_IO_NORTH_16_0/VSS
 IO_FILL_IO_NORTH_16_100/DVDD
 IO_FILL_IO_NORTH_16_100/DVSS
 IO_FILL_IO_NORTH_16_100/VDD
 IO_FILL_IO_NORTH_16_100/VSS
 IO_FILL_IO_NORTH_16_200/DVDD
 IO_FILL_IO_NORTH_16_200/DVSS
 IO_FILL_IO_NORTH_16_200/VDD
 IO_FILL_IO_NORTH_16_200/VSS
 IO_FILL_IO_NORTH_16_210/DVDD
 IO_FILL_IO_NORTH_16_210/DVSS
 IO_FILL_IO_NORTH_16_210/VDD
 IO_FILL_IO_NORTH_16_210/VSS
 IO_FILL_IO_NORTH_17_0/DVDD
 IO_FILL_IO_NORTH_17_0/DVSS
 IO_FILL_IO_NORTH_17_0/VDD
 IO_FILL_IO_NORTH_17_0/VSS
 IO_FILL_IO_NORTH_17_100/DVDD
 IO_FILL_IO_NORTH_17_100/DVSS
 IO_FILL_IO_NORTH_17_100/VDD
 IO_FILL_IO_NORTH_17_100/VSS
 IO_FILL_IO_NORTH_17_200/DVDD
 IO_FILL_IO_NORTH_17_200/DVSS
 IO_FILL_IO_NORTH_17_200/VDD
 IO_FILL_IO_NORTH_17_200/VSS
 IO_FILL_IO_NORTH_17_210/DVDD
 IO_FILL_IO_NORTH_17_210/DVSS
 IO_FILL_IO_NORTH_17_210/VDD
 IO_FILL_IO_NORTH_17_210/VSS
 IO_FILL_IO_NORTH_18_0/DVDD
 IO_FILL_IO_NORTH_18_0/DVSS
 IO_FILL_IO_NORTH_18_0/VDD
 IO_FILL_IO_NORTH_18_0/VSS
 IO_FILL_IO_NORTH_18_100/DVDD
 IO_FILL_IO_NORTH_18_100/DVSS
 IO_FILL_IO_NORTH_18_100/VDD
 IO_FILL_IO_NORTH_18_100/VSS
 IO_FILL_IO_NORTH_18_200/DVDD
 IO_FILL_IO_NORTH_18_200/DVSS
 IO_FILL_IO_NORTH_18_200/VDD
 IO_FILL_IO_NORTH_18_200/VSS
 IO_FILL_IO_NORTH_18_210/DVDD
 IO_FILL_IO_NORTH_18_210/DVSS
 IO_FILL_IO_NORTH_18_210/VDD
 IO_FILL_IO_NORTH_18_210/VSS
 IO_FILL_IO_NORTH_19_0/DVDD
 IO_FILL_IO_NORTH_19_0/DVSS
 IO_FILL_IO_NORTH_19_0/VDD
 IO_FILL_IO_NORTH_19_0/VSS
 IO_FILL_IO_NORTH_19_100/DVDD
 IO_FILL_IO_NORTH_19_100/DVSS
 IO_FILL_IO_NORTH_19_100/VDD
 IO_FILL_IO_NORTH_19_100/VSS
 IO_FILL_IO_NORTH_19_200/DVDD
 IO_FILL_IO_NORTH_19_200/DVSS
 IO_FILL_IO_NORTH_19_200/VDD
 IO_FILL_IO_NORTH_19_200/VSS
 IO_FILL_IO_NORTH_19_210/DVDD
 IO_FILL_IO_NORTH_19_210/DVSS
 IO_FILL_IO_NORTH_19_210/VDD
 IO_FILL_IO_NORTH_19_210/VSS
 IO_FILL_IO_NORTH_1_0/DVDD
 IO_FILL_IO_NORTH_1_0/DVSS
 IO_FILL_IO_NORTH_1_0/VDD
 IO_FILL_IO_NORTH_1_0/VSS
 IO_FILL_IO_NORTH_1_100/DVDD
 IO_FILL_IO_NORTH_1_100/DVSS
 IO_FILL_IO_NORTH_1_100/VDD
 IO_FILL_IO_NORTH_1_100/VSS
 IO_FILL_IO_NORTH_1_200/DVDD
 IO_FILL_IO_NORTH_1_200/DVSS
 IO_FILL_IO_NORTH_1_200/VDD
 IO_FILL_IO_NORTH_1_200/VSS
 IO_FILL_IO_NORTH_1_210/DVDD
 IO_FILL_IO_NORTH_1_210/DVSS
 IO_FILL_IO_NORTH_1_210/VDD
 IO_FILL_IO_NORTH_1_210/VSS
 IO_FILL_IO_NORTH_20_0/DVDD
 IO_FILL_IO_NORTH_20_0/DVSS
 IO_FILL_IO_NORTH_20_0/VDD
 IO_FILL_IO_NORTH_20_0/VSS
 IO_FILL_IO_NORTH_20_100/DVDD
 IO_FILL_IO_NORTH_20_100/DVSS
 IO_FILL_IO_NORTH_20_100/VDD
 IO_FILL_IO_NORTH_20_100/VSS
 IO_FILL_IO_NORTH_20_200/DVDD
 IO_FILL_IO_NORTH_20_200/DVSS
 IO_FILL_IO_NORTH_20_200/VDD
 IO_FILL_IO_NORTH_20_200/VSS
 IO_FILL_IO_NORTH_20_210/DVDD
 IO_FILL_IO_NORTH_20_210/DVSS
 IO_FILL_IO_NORTH_20_210/VDD
 IO_FILL_IO_NORTH_20_210/VSS
 IO_FILL_IO_NORTH_21_0/DVDD
 IO_FILL_IO_NORTH_21_0/DVSS
 IO_FILL_IO_NORTH_21_0/VDD
 IO_FILL_IO_NORTH_21_0/VSS
 IO_FILL_IO_NORTH_21_100/DVDD
 IO_FILL_IO_NORTH_21_100/DVSS
 IO_FILL_IO_NORTH_21_100/VDD
 IO_FILL_IO_NORTH_21_100/VSS
 IO_FILL_IO_NORTH_21_200/DVDD
 IO_FILL_IO_NORTH_21_200/DVSS
 IO_FILL_IO_NORTH_21_200/VDD
 IO_FILL_IO_NORTH_21_200/VSS
 IO_FILL_IO_NORTH_21_210/DVDD
 IO_FILL_IO_NORTH_21_210/DVSS
 IO_FILL_IO_NORTH_21_210/VDD
 IO_FILL_IO_NORTH_21_210/VSS
 IO_FILL_IO_NORTH_22_0/DVDD
 IO_FILL_IO_NORTH_22_0/DVSS
 IO_FILL_IO_NORTH_22_0/VDD
 IO_FILL_IO_NORTH_22_0/VSS
 IO_FILL_IO_NORTH_22_100/DVDD
 IO_FILL_IO_NORTH_22_100/DVSS
 IO_FILL_IO_NORTH_22_100/VDD
 IO_FILL_IO_NORTH_22_100/VSS
 IO_FILL_IO_NORTH_22_200/DVDD
 IO_FILL_IO_NORTH_22_200/DVSS
 IO_FILL_IO_NORTH_22_200/VDD
 IO_FILL_IO_NORTH_22_200/VSS
 IO_FILL_IO_NORTH_22_300/DVDD
 IO_FILL_IO_NORTH_22_300/DVSS
 IO_FILL_IO_NORTH_22_300/VDD
 IO_FILL_IO_NORTH_22_300/VSS
 IO_FILL_IO_NORTH_2_0/DVDD
 IO_FILL_IO_NORTH_2_0/DVSS
 IO_FILL_IO_NORTH_2_0/VDD
 IO_FILL_IO_NORTH_2_0/VSS
 IO_FILL_IO_NORTH_2_100/DVDD
 IO_FILL_IO_NORTH_2_100/DVSS
 IO_FILL_IO_NORTH_2_100/VDD
 IO_FILL_IO_NORTH_2_100/VSS
 IO_FILL_IO_NORTH_2_200/DVDD
 IO_FILL_IO_NORTH_2_200/DVSS
 IO_FILL_IO_NORTH_2_200/VDD
 IO_FILL_IO_NORTH_2_200/VSS
 IO_FILL_IO_NORTH_2_210/DVDD
 IO_FILL_IO_NORTH_2_210/DVSS
 IO_FILL_IO_NORTH_2_210/VDD
 IO_FILL_IO_NORTH_2_210/VSS
 IO_FILL_IO_NORTH_3_0/DVDD
 IO_FILL_IO_NORTH_3_0/DVSS
 IO_FILL_IO_NORTH_3_0/VDD
 IO_FILL_IO_NORTH_3_0/VSS
 IO_FILL_IO_NORTH_3_100/DVDD
 IO_FILL_IO_NORTH_3_100/DVSS
 IO_FILL_IO_NORTH_3_100/VDD
 IO_FILL_IO_NORTH_3_100/VSS
 IO_FILL_IO_NORTH_3_200/DVDD
 IO_FILL_IO_NORTH_3_200/DVSS
 IO_FILL_IO_NORTH_3_200/VDD
 IO_FILL_IO_NORTH_3_200/VSS
 IO_FILL_IO_NORTH_3_210/DVDD
 IO_FILL_IO_NORTH_3_210/DVSS
 IO_FILL_IO_NORTH_3_210/VDD
 IO_FILL_IO_NORTH_3_210/VSS
 IO_FILL_IO_NORTH_4_0/DVDD
 IO_FILL_IO_NORTH_4_0/DVSS
 IO_FILL_IO_NORTH_4_0/VDD
 IO_FILL_IO_NORTH_4_0/VSS
 IO_FILL_IO_NORTH_4_100/DVDD
 IO_FILL_IO_NORTH_4_100/DVSS
 IO_FILL_IO_NORTH_4_100/VDD
 IO_FILL_IO_NORTH_4_100/VSS
 IO_FILL_IO_NORTH_4_200/DVDD
 IO_FILL_IO_NORTH_4_200/DVSS
 IO_FILL_IO_NORTH_4_200/VDD
 IO_FILL_IO_NORTH_4_200/VSS
 IO_FILL_IO_NORTH_4_210/DVDD
 IO_FILL_IO_NORTH_4_210/DVSS
 IO_FILL_IO_NORTH_4_210/VDD
 IO_FILL_IO_NORTH_4_210/VSS
 IO_FILL_IO_NORTH_5_0/DVDD
 IO_FILL_IO_NORTH_5_0/DVSS
 IO_FILL_IO_NORTH_5_0/VDD
 IO_FILL_IO_NORTH_5_0/VSS
 IO_FILL_IO_NORTH_5_100/DVDD
 IO_FILL_IO_NORTH_5_100/DVSS
 IO_FILL_IO_NORTH_5_100/VDD
 IO_FILL_IO_NORTH_5_100/VSS
 IO_FILL_IO_NORTH_5_200/DVDD
 IO_FILL_IO_NORTH_5_200/DVSS
 IO_FILL_IO_NORTH_5_200/VDD
 IO_FILL_IO_NORTH_5_200/VSS
 IO_FILL_IO_NORTH_5_210/DVDD
 IO_FILL_IO_NORTH_5_210/DVSS
 IO_FILL_IO_NORTH_5_210/VDD
 IO_FILL_IO_NORTH_5_210/VSS
 IO_FILL_IO_NORTH_6_0/DVDD
 IO_FILL_IO_NORTH_6_0/DVSS
 IO_FILL_IO_NORTH_6_0/VDD
 IO_FILL_IO_NORTH_6_0/VSS
 IO_FILL_IO_NORTH_6_100/DVDD
 IO_FILL_IO_NORTH_6_100/DVSS
 IO_FILL_IO_NORTH_6_100/VDD
 IO_FILL_IO_NORTH_6_100/VSS
 IO_FILL_IO_NORTH_6_200/DVDD
 IO_FILL_IO_NORTH_6_200/DVSS
 IO_FILL_IO_NORTH_6_200/VDD
 IO_FILL_IO_NORTH_6_200/VSS
 IO_FILL_IO_NORTH_6_210/DVDD
 IO_FILL_IO_NORTH_6_210/DVSS
 IO_FILL_IO_NORTH_6_210/VDD
 IO_FILL_IO_NORTH_6_210/VSS
 IO_FILL_IO_NORTH_7_0/DVDD
 IO_FILL_IO_NORTH_7_0/DVSS
 IO_FILL_IO_NORTH_7_0/VDD
 IO_FILL_IO_NORTH_7_0/VSS
 IO_FILL_IO_NORTH_7_100/DVDD
 IO_FILL_IO_NORTH_7_100/DVSS
 IO_FILL_IO_NORTH_7_100/VDD
 IO_FILL_IO_NORTH_7_100/VSS
 IO_FILL_IO_NORTH_7_200/DVDD
 IO_FILL_IO_NORTH_7_200/DVSS
 IO_FILL_IO_NORTH_7_200/VDD
 IO_FILL_IO_NORTH_7_200/VSS
 IO_FILL_IO_NORTH_7_210/DVDD
 IO_FILL_IO_NORTH_7_210/DVSS
 IO_FILL_IO_NORTH_7_210/VDD
 IO_FILL_IO_NORTH_7_210/VSS
 IO_FILL_IO_NORTH_8_0/DVDD
 IO_FILL_IO_NORTH_8_0/DVSS
 IO_FILL_IO_NORTH_8_0/VDD
 IO_FILL_IO_NORTH_8_0/VSS
 IO_FILL_IO_NORTH_8_100/DVDD
 IO_FILL_IO_NORTH_8_100/DVSS
 IO_FILL_IO_NORTH_8_100/VDD
 IO_FILL_IO_NORTH_8_100/VSS
 IO_FILL_IO_NORTH_8_200/DVDD
 IO_FILL_IO_NORTH_8_200/DVSS
 IO_FILL_IO_NORTH_8_200/VDD
 IO_FILL_IO_NORTH_8_200/VSS
 IO_FILL_IO_NORTH_8_210/DVDD
 IO_FILL_IO_NORTH_8_210/DVSS
 IO_FILL_IO_NORTH_8_210/VDD
 IO_FILL_IO_NORTH_8_210/VSS
 IO_FILL_IO_NORTH_9_0/DVDD
 IO_FILL_IO_NORTH_9_0/DVSS
 IO_FILL_IO_NORTH_9_0/VDD
 IO_FILL_IO_NORTH_9_0/VSS
 IO_FILL_IO_NORTH_9_100/DVDD
 IO_FILL_IO_NORTH_9_100/DVSS
 IO_FILL_IO_NORTH_9_100/VDD
 IO_FILL_IO_NORTH_9_100/VSS
 IO_FILL_IO_NORTH_9_200/DVDD
 IO_FILL_IO_NORTH_9_200/DVSS
 IO_FILL_IO_NORTH_9_200/VDD
 IO_FILL_IO_NORTH_9_200/VSS
 IO_FILL_IO_NORTH_9_210/DVDD
 IO_FILL_IO_NORTH_9_210/DVSS
 IO_FILL_IO_NORTH_9_210/VDD
 IO_FILL_IO_NORTH_9_210/VSS
 IO_FILL_IO_SOUTH_0_0/DVDD
 IO_FILL_IO_SOUTH_0_0/DVSS
 IO_FILL_IO_SOUTH_0_0/VDD
 IO_FILL_IO_SOUTH_0_0/VSS
 IO_FILL_IO_SOUTH_0_100/DVDD
 IO_FILL_IO_SOUTH_0_100/DVSS
 IO_FILL_IO_SOUTH_0_100/VDD
 IO_FILL_IO_SOUTH_0_100/VSS
 IO_FILL_IO_SOUTH_0_150/DVDD
 IO_FILL_IO_SOUTH_0_150/DVSS
 IO_FILL_IO_SOUTH_0_150/VDD
 IO_FILL_IO_SOUTH_0_150/VSS
 IO_FILL_IO_SOUTH_0_160/DVDD
 IO_FILL_IO_SOUTH_0_160/DVSS
 IO_FILL_IO_SOUTH_0_160/VDD
 IO_FILL_IO_SOUTH_0_160/VSS
 IO_FILL_IO_SOUTH_10_0/DVDD
 IO_FILL_IO_SOUTH_10_0/DVSS
 IO_FILL_IO_SOUTH_10_0/VDD
 IO_FILL_IO_SOUTH_10_0/VSS
 IO_FILL_IO_SOUTH_10_100/DVDD
 IO_FILL_IO_SOUTH_10_100/DVSS
 IO_FILL_IO_SOUTH_10_100/VDD
 IO_FILL_IO_SOUTH_10_100/VSS
 IO_FILL_IO_SOUTH_11_0/DVDD
 IO_FILL_IO_SOUTH_11_0/DVSS
 IO_FILL_IO_SOUTH_11_0/VDD
 IO_FILL_IO_SOUTH_11_0/VSS
 IO_FILL_IO_SOUTH_11_100/DVDD
 IO_FILL_IO_SOUTH_11_100/DVSS
 IO_FILL_IO_SOUTH_11_100/VDD
 IO_FILL_IO_SOUTH_11_100/VSS
 IO_FILL_IO_SOUTH_12_0/DVDD
 IO_FILL_IO_SOUTH_12_0/DVSS
 IO_FILL_IO_SOUTH_12_0/VDD
 IO_FILL_IO_SOUTH_12_0/VSS
 IO_FILL_IO_SOUTH_12_100/DVDD
 IO_FILL_IO_SOUTH_12_100/DVSS
 IO_FILL_IO_SOUTH_12_100/VDD
 IO_FILL_IO_SOUTH_12_100/VSS
 IO_FILL_IO_SOUTH_13_0/DVDD
 IO_FILL_IO_SOUTH_13_0/DVSS
 IO_FILL_IO_SOUTH_13_0/VDD
 IO_FILL_IO_SOUTH_13_0/VSS
 IO_FILL_IO_SOUTH_13_100/DVDD
 IO_FILL_IO_SOUTH_13_100/DVSS
 IO_FILL_IO_SOUTH_13_100/VDD
 IO_FILL_IO_SOUTH_13_100/VSS
 IO_FILL_IO_SOUTH_14_0/DVDD
 IO_FILL_IO_SOUTH_14_0/DVSS
 IO_FILL_IO_SOUTH_14_0/VDD
 IO_FILL_IO_SOUTH_14_0/VSS
 IO_FILL_IO_SOUTH_14_100/DVDD
 IO_FILL_IO_SOUTH_14_100/DVSS
 IO_FILL_IO_SOUTH_14_100/VDD
 IO_FILL_IO_SOUTH_14_100/VSS
 IO_FILL_IO_SOUTH_15_0/DVDD
 IO_FILL_IO_SOUTH_15_0/DVSS
 IO_FILL_IO_SOUTH_15_0/VDD
 IO_FILL_IO_SOUTH_15_0/VSS
 IO_FILL_IO_SOUTH_15_100/DVDD
 IO_FILL_IO_SOUTH_15_100/DVSS
 IO_FILL_IO_SOUTH_15_100/VDD
 IO_FILL_IO_SOUTH_15_100/VSS
 IO_FILL_IO_SOUTH_16_0/DVDD
 IO_FILL_IO_SOUTH_16_0/DVSS
 IO_FILL_IO_SOUTH_16_0/VDD
 IO_FILL_IO_SOUTH_16_0/VSS
 IO_FILL_IO_SOUTH_16_100/DVDD
 IO_FILL_IO_SOUTH_16_100/DVSS
 IO_FILL_IO_SOUTH_16_100/VDD
 IO_FILL_IO_SOUTH_16_100/VSS
 IO_FILL_IO_SOUTH_17_0/DVDD
 IO_FILL_IO_SOUTH_17_0/DVSS
 IO_FILL_IO_SOUTH_17_0/VDD
 IO_FILL_IO_SOUTH_17_0/VSS
 IO_FILL_IO_SOUTH_17_100/DVDD
 IO_FILL_IO_SOUTH_17_100/DVSS
 IO_FILL_IO_SOUTH_17_100/VDD
 IO_FILL_IO_SOUTH_17_100/VSS
 IO_FILL_IO_SOUTH_18_0/DVDD
 IO_FILL_IO_SOUTH_18_0/DVSS
 IO_FILL_IO_SOUTH_18_0/VDD
 IO_FILL_IO_SOUTH_18_0/VSS
 IO_FILL_IO_SOUTH_18_100/DVDD
 IO_FILL_IO_SOUTH_18_100/DVSS
 IO_FILL_IO_SOUTH_18_100/VDD
 IO_FILL_IO_SOUTH_18_100/VSS
 IO_FILL_IO_SOUTH_19_0/DVDD
 IO_FILL_IO_SOUTH_19_0/DVSS
 IO_FILL_IO_SOUTH_19_0/VDD
 IO_FILL_IO_SOUTH_19_0/VSS
 IO_FILL_IO_SOUTH_19_100/DVDD
 IO_FILL_IO_SOUTH_19_100/DVSS
 IO_FILL_IO_SOUTH_19_100/VDD
 IO_FILL_IO_SOUTH_19_100/VSS
 IO_FILL_IO_SOUTH_1_0/DVDD
 IO_FILL_IO_SOUTH_1_0/DVSS
 IO_FILL_IO_SOUTH_1_0/VDD
 IO_FILL_IO_SOUTH_1_0/VSS
 IO_FILL_IO_SOUTH_1_100/DVDD
 IO_FILL_IO_SOUTH_1_100/DVSS
 IO_FILL_IO_SOUTH_1_100/VDD
 IO_FILL_IO_SOUTH_1_100/VSS
 IO_FILL_IO_SOUTH_20_0/DVDD
 IO_FILL_IO_SOUTH_20_0/DVSS
 IO_FILL_IO_SOUTH_20_0/VDD
 IO_FILL_IO_SOUTH_20_0/VSS
 IO_FILL_IO_SOUTH_20_100/DVDD
 IO_FILL_IO_SOUTH_20_100/DVSS
 IO_FILL_IO_SOUTH_20_100/VDD
 IO_FILL_IO_SOUTH_20_100/VSS
 IO_FILL_IO_SOUTH_21_0/DVDD
 IO_FILL_IO_SOUTH_21_0/DVSS
 IO_FILL_IO_SOUTH_21_0/VDD
 IO_FILL_IO_SOUTH_21_0/VSS
 IO_FILL_IO_SOUTH_21_100/DVDD
 IO_FILL_IO_SOUTH_21_100/DVSS
 IO_FILL_IO_SOUTH_21_100/VDD
 IO_FILL_IO_SOUTH_21_100/VSS
 IO_FILL_IO_SOUTH_22_0/DVDD
 IO_FILL_IO_SOUTH_22_0/DVSS
 IO_FILL_IO_SOUTH_22_0/VDD
 IO_FILL_IO_SOUTH_22_0/VSS
 IO_FILL_IO_SOUTH_22_100/DVDD
 IO_FILL_IO_SOUTH_22_100/DVSS
 IO_FILL_IO_SOUTH_22_100/VDD
 IO_FILL_IO_SOUTH_22_100/VSS
 IO_FILL_IO_SOUTH_23_0/DVDD
 IO_FILL_IO_SOUTH_23_0/DVSS
 IO_FILL_IO_SOUTH_23_0/VDD
 IO_FILL_IO_SOUTH_23_0/VSS
 IO_FILL_IO_SOUTH_23_100/DVDD
 IO_FILL_IO_SOUTH_23_100/DVSS
 IO_FILL_IO_SOUTH_23_100/VDD
 IO_FILL_IO_SOUTH_23_100/VSS
 IO_FILL_IO_SOUTH_24_0/DVDD
 IO_FILL_IO_SOUTH_24_0/DVSS
 IO_FILL_IO_SOUTH_24_0/VDD
 IO_FILL_IO_SOUTH_24_0/VSS
 IO_FILL_IO_SOUTH_24_100/DVDD
 IO_FILL_IO_SOUTH_24_100/DVSS
 IO_FILL_IO_SOUTH_24_100/VDD
 IO_FILL_IO_SOUTH_24_100/VSS
 IO_FILL_IO_SOUTH_25_0/DVDD
 IO_FILL_IO_SOUTH_25_0/DVSS
 IO_FILL_IO_SOUTH_25_0/VDD
 IO_FILL_IO_SOUTH_25_0/VSS
 IO_FILL_IO_SOUTH_25_100/DVDD
 IO_FILL_IO_SOUTH_25_100/DVSS
 IO_FILL_IO_SOUTH_25_100/VDD
 IO_FILL_IO_SOUTH_25_100/VSS
 IO_FILL_IO_SOUTH_25_150/DVDD
 IO_FILL_IO_SOUTH_25_150/DVSS
 IO_FILL_IO_SOUTH_25_150/VDD
 IO_FILL_IO_SOUTH_25_150/VSS
 IO_FILL_IO_SOUTH_25_160/DVDD
 IO_FILL_IO_SOUTH_25_160/DVSS
 IO_FILL_IO_SOUTH_25_160/VDD
 IO_FILL_IO_SOUTH_25_160/VSS
 IO_FILL_IO_SOUTH_2_0/DVDD
 IO_FILL_IO_SOUTH_2_0/DVSS
 IO_FILL_IO_SOUTH_2_0/VDD
 IO_FILL_IO_SOUTH_2_0/VSS
 IO_FILL_IO_SOUTH_2_100/DVDD
 IO_FILL_IO_SOUTH_2_100/DVSS
 IO_FILL_IO_SOUTH_2_100/VDD
 IO_FILL_IO_SOUTH_2_100/VSS
 IO_FILL_IO_SOUTH_3_0/DVDD
 IO_FILL_IO_SOUTH_3_0/DVSS
 IO_FILL_IO_SOUTH_3_0/VDD
 IO_FILL_IO_SOUTH_3_0/VSS
 IO_FILL_IO_SOUTH_3_100/DVDD
 IO_FILL_IO_SOUTH_3_100/DVSS
 IO_FILL_IO_SOUTH_3_100/VDD
 IO_FILL_IO_SOUTH_3_100/VSS
 IO_FILL_IO_SOUTH_4_0/DVDD
 IO_FILL_IO_SOUTH_4_0/DVSS
 IO_FILL_IO_SOUTH_4_0/VDD
 IO_FILL_IO_SOUTH_4_0/VSS
 IO_FILL_IO_SOUTH_4_100/DVDD
 IO_FILL_IO_SOUTH_4_100/DVSS
 IO_FILL_IO_SOUTH_4_100/VDD
 IO_FILL_IO_SOUTH_4_100/VSS
 IO_FILL_IO_SOUTH_5_0/DVDD
 IO_FILL_IO_SOUTH_5_0/DVSS
 IO_FILL_IO_SOUTH_5_0/VDD
 IO_FILL_IO_SOUTH_5_0/VSS
 IO_FILL_IO_SOUTH_5_100/DVDD
 IO_FILL_IO_SOUTH_5_100/DVSS
 IO_FILL_IO_SOUTH_5_100/VDD
 IO_FILL_IO_SOUTH_5_100/VSS
 IO_FILL_IO_SOUTH_6_0/DVDD
 IO_FILL_IO_SOUTH_6_0/DVSS
 IO_FILL_IO_SOUTH_6_0/VDD
 IO_FILL_IO_SOUTH_6_0/VSS
 IO_FILL_IO_SOUTH_6_100/DVDD
 IO_FILL_IO_SOUTH_6_100/DVSS
 IO_FILL_IO_SOUTH_6_100/VDD
 IO_FILL_IO_SOUTH_6_100/VSS
 IO_FILL_IO_SOUTH_7_0/DVDD
 IO_FILL_IO_SOUTH_7_0/DVSS
 IO_FILL_IO_SOUTH_7_0/VDD
 IO_FILL_IO_SOUTH_7_0/VSS
 IO_FILL_IO_SOUTH_7_100/DVDD
 IO_FILL_IO_SOUTH_7_100/DVSS
 IO_FILL_IO_SOUTH_7_100/VDD
 IO_FILL_IO_SOUTH_7_100/VSS
 IO_FILL_IO_SOUTH_8_0/DVDD
 IO_FILL_IO_SOUTH_8_0/DVSS
 IO_FILL_IO_SOUTH_8_0/VDD
 IO_FILL_IO_SOUTH_8_0/VSS
 IO_FILL_IO_SOUTH_8_100/DVDD
 IO_FILL_IO_SOUTH_8_100/DVSS
 IO_FILL_IO_SOUTH_8_100/VDD
 IO_FILL_IO_SOUTH_8_100/VSS
 IO_FILL_IO_SOUTH_9_0/DVDD
 IO_FILL_IO_SOUTH_9_0/DVSS
 IO_FILL_IO_SOUTH_9_0/VDD
 IO_FILL_IO_SOUTH_9_0/VSS
 IO_FILL_IO_SOUTH_9_100/DVDD
 IO_FILL_IO_SOUTH_9_100/DVSS
 IO_FILL_IO_SOUTH_9_100/VDD
 IO_FILL_IO_SOUTH_9_100/VSS
 IO_FILL_IO_WEST_0_0/DVDD
 IO_FILL_IO_WEST_0_0/DVSS
 IO_FILL_IO_WEST_0_0/VDD
 IO_FILL_IO_WEST_0_0/VSS
 IO_FILL_IO_WEST_0_100/DVDD
 IO_FILL_IO_WEST_0_100/DVSS
 IO_FILL_IO_WEST_0_100/VDD
 IO_FILL_IO_WEST_0_100/VSS
 IO_FILL_IO_WEST_0_200/DVDD
 IO_FILL_IO_WEST_0_200/DVSS
 IO_FILL_IO_WEST_0_200/VDD
 IO_FILL_IO_WEST_0_200/VSS
 IO_FILL_IO_WEST_10_0/DVDD
 IO_FILL_IO_WEST_10_0/DVSS
 IO_FILL_IO_WEST_10_0/VDD
 IO_FILL_IO_WEST_10_0/VSS
 IO_FILL_IO_WEST_10_100/DVDD
 IO_FILL_IO_WEST_10_100/DVSS
 IO_FILL_IO_WEST_10_100/VDD
 IO_FILL_IO_WEST_10_100/VSS
 IO_FILL_IO_WEST_10_200/DVDD
 IO_FILL_IO_WEST_10_200/DVSS
 IO_FILL_IO_WEST_10_200/VDD
 IO_FILL_IO_WEST_10_200/VSS
 IO_FILL_IO_WEST_10_210/DVDD
 IO_FILL_IO_WEST_10_210/DVSS
 IO_FILL_IO_WEST_10_210/VDD
 IO_FILL_IO_WEST_10_210/VSS
 IO_FILL_IO_WEST_11_0/DVDD
 IO_FILL_IO_WEST_11_0/DVSS
 IO_FILL_IO_WEST_11_0/VDD
 IO_FILL_IO_WEST_11_0/VSS
 IO_FILL_IO_WEST_11_100/DVDD
 IO_FILL_IO_WEST_11_100/DVSS
 IO_FILL_IO_WEST_11_100/VDD
 IO_FILL_IO_WEST_11_100/VSS
 IO_FILL_IO_WEST_11_200/DVDD
 IO_FILL_IO_WEST_11_200/DVSS
 IO_FILL_IO_WEST_11_200/VDD
 IO_FILL_IO_WEST_11_200/VSS
 IO_FILL_IO_WEST_11_210/DVDD
 IO_FILL_IO_WEST_11_210/DVSS
 IO_FILL_IO_WEST_11_210/VDD
 IO_FILL_IO_WEST_11_210/VSS
 IO_FILL_IO_WEST_12_0/DVDD
 IO_FILL_IO_WEST_12_0/DVSS
 IO_FILL_IO_WEST_12_0/VDD
 IO_FILL_IO_WEST_12_0/VSS
 IO_FILL_IO_WEST_12_100/DVDD
 IO_FILL_IO_WEST_12_100/DVSS
 IO_FILL_IO_WEST_12_100/VDD
 IO_FILL_IO_WEST_12_100/VSS
 IO_FILL_IO_WEST_12_200/DVDD
 IO_FILL_IO_WEST_12_200/DVSS
 IO_FILL_IO_WEST_12_200/VDD
 IO_FILL_IO_WEST_12_200/VSS
 IO_FILL_IO_WEST_12_210/DVDD
 IO_FILL_IO_WEST_12_210/DVSS
 IO_FILL_IO_WEST_12_210/VDD
 IO_FILL_IO_WEST_12_210/VSS
 IO_FILL_IO_WEST_13_0/DVDD
 IO_FILL_IO_WEST_13_0/DVSS
 IO_FILL_IO_WEST_13_0/VDD
 IO_FILL_IO_WEST_13_0/VSS
 IO_FILL_IO_WEST_13_100/DVDD
 IO_FILL_IO_WEST_13_100/DVSS
 IO_FILL_IO_WEST_13_100/VDD
 IO_FILL_IO_WEST_13_100/VSS
 IO_FILL_IO_WEST_13_200/DVDD
 IO_FILL_IO_WEST_13_200/DVSS
 IO_FILL_IO_WEST_13_200/VDD
 IO_FILL_IO_WEST_13_200/VSS
 IO_FILL_IO_WEST_13_210/DVDD
 IO_FILL_IO_WEST_13_210/DVSS
 IO_FILL_IO_WEST_13_210/VDD
 IO_FILL_IO_WEST_13_210/VSS
 IO_FILL_IO_WEST_14_0/DVDD
 IO_FILL_IO_WEST_14_0/DVSS
 IO_FILL_IO_WEST_14_0/VDD
 IO_FILL_IO_WEST_14_0/VSS
 IO_FILL_IO_WEST_14_100/DVDD
 IO_FILL_IO_WEST_14_100/DVSS
 IO_FILL_IO_WEST_14_100/VDD
 IO_FILL_IO_WEST_14_100/VSS
 IO_FILL_IO_WEST_14_200/DVDD
 IO_FILL_IO_WEST_14_200/DVSS
 IO_FILL_IO_WEST_14_200/VDD
 IO_FILL_IO_WEST_14_200/VSS
 IO_FILL_IO_WEST_14_210/DVDD
 IO_FILL_IO_WEST_14_210/DVSS
 IO_FILL_IO_WEST_14_210/VDD
 IO_FILL_IO_WEST_14_210/VSS
 IO_FILL_IO_WEST_15_0/DVDD
 IO_FILL_IO_WEST_15_0/DVSS
 IO_FILL_IO_WEST_15_0/VDD
 IO_FILL_IO_WEST_15_0/VSS
 IO_FILL_IO_WEST_15_100/DVDD
 IO_FILL_IO_WEST_15_100/DVSS
 IO_FILL_IO_WEST_15_100/VDD
 IO_FILL_IO_WEST_15_100/VSS
 IO_FILL_IO_WEST_15_200/DVDD
 IO_FILL_IO_WEST_15_200/DVSS
 IO_FILL_IO_WEST_15_200/VDD
 IO_FILL_IO_WEST_15_200/VSS
 IO_FILL_IO_WEST_15_210/DVDD
 IO_FILL_IO_WEST_15_210/DVSS
 IO_FILL_IO_WEST_15_210/VDD
 IO_FILL_IO_WEST_15_210/VSS
 IO_FILL_IO_WEST_16_0/DVDD
 IO_FILL_IO_WEST_16_0/DVSS
 IO_FILL_IO_WEST_16_0/VDD
 IO_FILL_IO_WEST_16_0/VSS
 IO_FILL_IO_WEST_16_100/DVDD
 IO_FILL_IO_WEST_16_100/DVSS
 IO_FILL_IO_WEST_16_100/VDD
 IO_FILL_IO_WEST_16_100/VSS
 IO_FILL_IO_WEST_16_200/DVDD
 IO_FILL_IO_WEST_16_200/DVSS
 IO_FILL_IO_WEST_16_200/VDD
 IO_FILL_IO_WEST_16_200/VSS
 IO_FILL_IO_WEST_16_210/DVDD
 IO_FILL_IO_WEST_16_210/DVSS
 IO_FILL_IO_WEST_16_210/VDD
 IO_FILL_IO_WEST_16_210/VSS
 IO_FILL_IO_WEST_17_0/DVDD
 IO_FILL_IO_WEST_17_0/DVSS
 IO_FILL_IO_WEST_17_0/VDD
 IO_FILL_IO_WEST_17_0/VSS
 IO_FILL_IO_WEST_17_100/DVDD
 IO_FILL_IO_WEST_17_100/DVSS
 IO_FILL_IO_WEST_17_100/VDD
 IO_FILL_IO_WEST_17_100/VSS
 IO_FILL_IO_WEST_17_200/DVDD
 IO_FILL_IO_WEST_17_200/DVSS
 IO_FILL_IO_WEST_17_200/VDD
 IO_FILL_IO_WEST_17_200/VSS
 IO_FILL_IO_WEST_17_210/DVDD
 IO_FILL_IO_WEST_17_210/DVSS
 IO_FILL_IO_WEST_17_210/VDD
 IO_FILL_IO_WEST_17_210/VSS
 IO_FILL_IO_WEST_18_0/DVDD
 IO_FILL_IO_WEST_18_0/DVSS
 IO_FILL_IO_WEST_18_0/VDD
 IO_FILL_IO_WEST_18_0/VSS
 IO_FILL_IO_WEST_18_100/DVDD
 IO_FILL_IO_WEST_18_100/DVSS
 IO_FILL_IO_WEST_18_100/VDD
 IO_FILL_IO_WEST_18_100/VSS
 IO_FILL_IO_WEST_18_200/DVDD
 IO_FILL_IO_WEST_18_200/DVSS
 IO_FILL_IO_WEST_18_200/VDD
 IO_FILL_IO_WEST_18_200/VSS
 IO_FILL_IO_WEST_18_210/DVDD
 IO_FILL_IO_WEST_18_210/DVSS
 IO_FILL_IO_WEST_18_210/VDD
 IO_FILL_IO_WEST_18_210/VSS
 IO_FILL_IO_WEST_19_0/DVDD
 IO_FILL_IO_WEST_19_0/DVSS
 IO_FILL_IO_WEST_19_0/VDD
 IO_FILL_IO_WEST_19_0/VSS
 IO_FILL_IO_WEST_19_100/DVDD
 IO_FILL_IO_WEST_19_100/DVSS
 IO_FILL_IO_WEST_19_100/VDD
 IO_FILL_IO_WEST_19_100/VSS
 IO_FILL_IO_WEST_19_200/DVDD
 IO_FILL_IO_WEST_19_200/DVSS
 IO_FILL_IO_WEST_19_200/VDD
 IO_FILL_IO_WEST_19_200/VSS
 IO_FILL_IO_WEST_19_210/DVDD
 IO_FILL_IO_WEST_19_210/DVSS
 IO_FILL_IO_WEST_19_210/VDD
 IO_FILL_IO_WEST_19_210/VSS
 IO_FILL_IO_WEST_1_0/DVDD
 IO_FILL_IO_WEST_1_0/DVSS
 IO_FILL_IO_WEST_1_0/VDD
 IO_FILL_IO_WEST_1_0/VSS
 IO_FILL_IO_WEST_1_100/DVDD
 IO_FILL_IO_WEST_1_100/DVSS
 IO_FILL_IO_WEST_1_100/VDD
 IO_FILL_IO_WEST_1_100/VSS
 IO_FILL_IO_WEST_1_200/DVDD
 IO_FILL_IO_WEST_1_200/DVSS
 IO_FILL_IO_WEST_1_200/VDD
 IO_FILL_IO_WEST_1_200/VSS
 IO_FILL_IO_WEST_1_210/DVDD
 IO_FILL_IO_WEST_1_210/DVSS
 IO_FILL_IO_WEST_1_210/VDD
 IO_FILL_IO_WEST_1_210/VSS
 IO_FILL_IO_WEST_20_0/DVDD
 IO_FILL_IO_WEST_20_0/DVSS
 IO_FILL_IO_WEST_20_0/VDD
 IO_FILL_IO_WEST_20_0/VSS
 IO_FILL_IO_WEST_20_100/DVDD
 IO_FILL_IO_WEST_20_100/DVSS
 IO_FILL_IO_WEST_20_100/VDD
 IO_FILL_IO_WEST_20_100/VSS
 IO_FILL_IO_WEST_20_200/DVDD
 IO_FILL_IO_WEST_20_200/DVSS
 IO_FILL_IO_WEST_20_200/VDD
 IO_FILL_IO_WEST_20_200/VSS
 IO_FILL_IO_WEST_20_210/DVDD
 IO_FILL_IO_WEST_20_210/DVSS
 IO_FILL_IO_WEST_20_210/VDD
 IO_FILL_IO_WEST_20_210/VSS
 IO_FILL_IO_WEST_21_0/DVDD
 IO_FILL_IO_WEST_21_0/DVSS
 IO_FILL_IO_WEST_21_0/VDD
 IO_FILL_IO_WEST_21_0/VSS
 IO_FILL_IO_WEST_21_100/DVDD
 IO_FILL_IO_WEST_21_100/DVSS
 IO_FILL_IO_WEST_21_100/VDD
 IO_FILL_IO_WEST_21_100/VSS
 IO_FILL_IO_WEST_21_200/DVDD
 IO_FILL_IO_WEST_21_200/DVSS
 IO_FILL_IO_WEST_21_200/VDD
 IO_FILL_IO_WEST_21_200/VSS
 IO_FILL_IO_WEST_21_210/DVDD
 IO_FILL_IO_WEST_21_210/DVSS
 IO_FILL_IO_WEST_21_210/VDD
 IO_FILL_IO_WEST_21_210/VSS
 IO_FILL_IO_WEST_22_0/DVDD
 IO_FILL_IO_WEST_22_0/DVSS
 IO_FILL_IO_WEST_22_0/VDD
 IO_FILL_IO_WEST_22_0/VSS
 IO_FILL_IO_WEST_22_100/DVDD
 IO_FILL_IO_WEST_22_100/DVSS
 IO_FILL_IO_WEST_22_100/VDD
 IO_FILL_IO_WEST_22_100/VSS
 IO_FILL_IO_WEST_22_200/DVDD
 IO_FILL_IO_WEST_22_200/DVSS
 IO_FILL_IO_WEST_22_200/VDD
 IO_FILL_IO_WEST_22_200/VSS
 IO_FILL_IO_WEST_22_300/DVDD
 IO_FILL_IO_WEST_22_300/DVSS
 IO_FILL_IO_WEST_22_300/VDD
 IO_FILL_IO_WEST_22_300/VSS
 IO_FILL_IO_WEST_2_0/DVDD
 IO_FILL_IO_WEST_2_0/DVSS
 IO_FILL_IO_WEST_2_0/VDD
 IO_FILL_IO_WEST_2_0/VSS
 IO_FILL_IO_WEST_2_100/DVDD
 IO_FILL_IO_WEST_2_100/DVSS
 IO_FILL_IO_WEST_2_100/VDD
 IO_FILL_IO_WEST_2_100/VSS
 IO_FILL_IO_WEST_2_200/DVDD
 IO_FILL_IO_WEST_2_200/DVSS
 IO_FILL_IO_WEST_2_200/VDD
 IO_FILL_IO_WEST_2_200/VSS
 IO_FILL_IO_WEST_2_210/DVDD
 IO_FILL_IO_WEST_2_210/DVSS
 IO_FILL_IO_WEST_2_210/VDD
 IO_FILL_IO_WEST_2_210/VSS
 IO_FILL_IO_WEST_3_0/DVDD
 IO_FILL_IO_WEST_3_0/DVSS
 IO_FILL_IO_WEST_3_0/VDD
 IO_FILL_IO_WEST_3_0/VSS
 IO_FILL_IO_WEST_3_100/DVDD
 IO_FILL_IO_WEST_3_100/DVSS
 IO_FILL_IO_WEST_3_100/VDD
 IO_FILL_IO_WEST_3_100/VSS
 IO_FILL_IO_WEST_3_200/DVDD
 IO_FILL_IO_WEST_3_200/DVSS
 IO_FILL_IO_WEST_3_200/VDD
 IO_FILL_IO_WEST_3_200/VSS
 IO_FILL_IO_WEST_3_210/DVDD
 IO_FILL_IO_WEST_3_210/DVSS
 IO_FILL_IO_WEST_3_210/VDD
 IO_FILL_IO_WEST_3_210/VSS
 IO_FILL_IO_WEST_4_0/DVDD
 IO_FILL_IO_WEST_4_0/DVSS
 IO_FILL_IO_WEST_4_0/VDD
 IO_FILL_IO_WEST_4_0/VSS
 IO_FILL_IO_WEST_4_100/DVDD
 IO_FILL_IO_WEST_4_100/DVSS
 IO_FILL_IO_WEST_4_100/VDD
 IO_FILL_IO_WEST_4_100/VSS
 IO_FILL_IO_WEST_4_200/DVDD
 IO_FILL_IO_WEST_4_200/DVSS
 IO_FILL_IO_WEST_4_200/VDD
 IO_FILL_IO_WEST_4_200/VSS
 IO_FILL_IO_WEST_4_210/DVDD
 IO_FILL_IO_WEST_4_210/DVSS
 IO_FILL_IO_WEST_4_210/VDD
 IO_FILL_IO_WEST_4_210/VSS
 IO_FILL_IO_WEST_5_0/DVDD
 IO_FILL_IO_WEST_5_0/DVSS
 IO_FILL_IO_WEST_5_0/VDD
 IO_FILL_IO_WEST_5_0/VSS
 IO_FILL_IO_WEST_5_100/DVDD
 IO_FILL_IO_WEST_5_100/DVSS
 IO_FILL_IO_WEST_5_100/VDD
 IO_FILL_IO_WEST_5_100/VSS
 IO_FILL_IO_WEST_5_200/DVDD
 IO_FILL_IO_WEST_5_200/DVSS
 IO_FILL_IO_WEST_5_200/VDD
 IO_FILL_IO_WEST_5_200/VSS
 IO_FILL_IO_WEST_5_210/DVDD
 IO_FILL_IO_WEST_5_210/DVSS
 IO_FILL_IO_WEST_5_210/VDD
 IO_FILL_IO_WEST_5_210/VSS
 IO_FILL_IO_WEST_6_0/DVDD
 IO_FILL_IO_WEST_6_0/DVSS
 IO_FILL_IO_WEST_6_0/VDD
 IO_FILL_IO_WEST_6_0/VSS
 IO_FILL_IO_WEST_6_100/DVDD
 IO_FILL_IO_WEST_6_100/DVSS
 IO_FILL_IO_WEST_6_100/VDD
 IO_FILL_IO_WEST_6_100/VSS
 IO_FILL_IO_WEST_6_200/DVDD
 IO_FILL_IO_WEST_6_200/DVSS
 IO_FILL_IO_WEST_6_200/VDD
 IO_FILL_IO_WEST_6_200/VSS
 IO_FILL_IO_WEST_6_210/DVDD
 IO_FILL_IO_WEST_6_210/DVSS
 IO_FILL_IO_WEST_6_210/VDD
 IO_FILL_IO_WEST_6_210/VSS
 IO_FILL_IO_WEST_7_0/DVDD
 IO_FILL_IO_WEST_7_0/DVSS
 IO_FILL_IO_WEST_7_0/VDD
 IO_FILL_IO_WEST_7_0/VSS
 IO_FILL_IO_WEST_7_100/DVDD
 IO_FILL_IO_WEST_7_100/DVSS
 IO_FILL_IO_WEST_7_100/VDD
 IO_FILL_IO_WEST_7_100/VSS
 IO_FILL_IO_WEST_7_200/DVDD
 IO_FILL_IO_WEST_7_200/DVSS
 IO_FILL_IO_WEST_7_200/VDD
 IO_FILL_IO_WEST_7_200/VSS
 IO_FILL_IO_WEST_7_210/DVDD
 IO_FILL_IO_WEST_7_210/DVSS
 IO_FILL_IO_WEST_7_210/VDD
 IO_FILL_IO_WEST_7_210/VSS
 IO_FILL_IO_WEST_8_0/DVDD
 IO_FILL_IO_WEST_8_0/DVSS
 IO_FILL_IO_WEST_8_0/VDD
 IO_FILL_IO_WEST_8_0/VSS
 IO_FILL_IO_WEST_8_100/DVDD
 IO_FILL_IO_WEST_8_100/DVSS
 IO_FILL_IO_WEST_8_100/VDD
 IO_FILL_IO_WEST_8_100/VSS
 IO_FILL_IO_WEST_8_200/DVDD
 IO_FILL_IO_WEST_8_200/DVSS
 IO_FILL_IO_WEST_8_200/VDD
 IO_FILL_IO_WEST_8_200/VSS
 IO_FILL_IO_WEST_8_210/DVDD
 IO_FILL_IO_WEST_8_210/DVSS
 IO_FILL_IO_WEST_8_210/VDD
 IO_FILL_IO_WEST_8_210/VSS
 IO_FILL_IO_WEST_9_0/DVDD
 IO_FILL_IO_WEST_9_0/DVSS
 IO_FILL_IO_WEST_9_0/VDD
 IO_FILL_IO_WEST_9_0/VSS
 IO_FILL_IO_WEST_9_100/DVDD
 IO_FILL_IO_WEST_9_100/DVSS
 IO_FILL_IO_WEST_9_100/VDD
 IO_FILL_IO_WEST_9_100/VSS
 IO_FILL_IO_WEST_9_200/DVDD
 IO_FILL_IO_WEST_9_200/DVSS
 IO_FILL_IO_WEST_9_200/VDD
 IO_FILL_IO_WEST_9_200/VSS
 IO_FILL_IO_WEST_9_210/DVDD
 IO_FILL_IO_WEST_9_210/DVSS
 IO_FILL_IO_WEST_9_210/VDD
 IO_FILL_IO_WEST_9_210/VSS
 _05320_/ZN
 _05340_/Z
 _05357_/Z
 analog\[0\].pad/ASIG5V
 analog\[0\].pad/DVDD
 analog\[0\].pad/DVSS
 analog\[0\].pad/VDD
 analog\[0\].pad/VSS
 analog\[10\].pad/ASIG5V
 analog\[10\].pad/DVDD
 analog\[10\].pad/DVSS
 analog\[10\].pad/VDD
 analog\[10\].pad/VSS
 analog\[11\].pad/ASIG5V
 analog\[11\].pad/DVDD
 analog\[11\].pad/DVSS
 analog\[11\].pad/VDD
 analog\[11\].pad/VSS
 analog\[12\].pad/ASIG5V
 analog\[12\].pad/DVDD
 analog\[12\].pad/DVSS
 analog\[12\].pad/VDD
 analog\[12\].pad/VSS
 analog\[13\].pad/ASIG5V
 analog\[13\].pad/DVDD
 analog\[13\].pad/DVSS
 analog\[13\].pad/VDD
 analog\[13\].pad/VSS
 analog\[14\].pad/ASIG5V
 analog\[14\].pad/DVDD
 analog\[14\].pad/DVSS
 analog\[14\].pad/VDD
 analog\[14\].pad/VSS
 analog\[15\].pad/ASIG5V
 analog\[15\].pad/DVDD
 analog\[15\].pad/DVSS
 analog\[15\].pad/VDD
 analog\[15\].pad/VSS
 analog\[16\].pad/ASIG5V
 analog\[16\].pad/DVDD
 analog\[16\].pad/DVSS
 analog\[16\].pad/VDD
 analog\[16\].pad/VSS
 analog\[17\].pad/ASIG5V
 analog\[17\].pad/DVDD
 analog\[17\].pad/DVSS
 analog\[17\].pad/VDD
 analog\[17\].pad/VSS
 analog\[18\].pad/ASIG5V
 analog\[18\].pad/DVDD
 analog\[18\].pad/DVSS
 analog\[18\].pad/VDD
 analog\[18\].pad/VSS
 analog\[19\].pad/ASIG5V
 analog\[19\].pad/DVDD
 analog\[19\].pad/DVSS
 analog\[19\].pad/VDD
 analog\[19\].pad/VSS
 analog\[1\].pad/ASIG5V
 analog\[1\].pad/DVDD
 analog\[1\].pad/DVSS
 analog\[1\].pad/VDD
 analog\[1\].pad/VSS
 analog\[20\].pad/ASIG5V
 analog\[20\].pad/DVDD
 analog\[20\].pad/DVSS
 analog\[20\].pad/VDD
 analog\[20\].pad/VSS
 analog\[21\].pad/ASIG5V
 analog\[21\].pad/DVDD
 analog\[21\].pad/DVSS
 analog\[21\].pad/VDD
 analog\[21\].pad/VSS
 analog\[22\].pad/ASIG5V
 analog\[22\].pad/DVDD
 analog\[22\].pad/DVSS
 analog\[22\].pad/VDD
 analog\[22\].pad/VSS
 analog\[23\].pad/ASIG5V
 analog\[23\].pad/DVDD
 analog\[23\].pad/DVSS
 analog\[23\].pad/VDD
 analog\[23\].pad/VSS
 analog\[24\].pad/ASIG5V
 analog\[24\].pad/DVDD
 analog\[24\].pad/DVSS
 analog\[24\].pad/VDD
 analog\[24\].pad/VSS
 analog\[25\].pad/ASIG5V
 analog\[25\].pad/DVDD
 analog\[25\].pad/DVSS
 analog\[25\].pad/VDD
 analog\[25\].pad/VSS
 analog\[26\].pad/ASIG5V
 analog\[26\].pad/DVDD
 analog\[26\].pad/DVSS
 analog\[26\].pad/VDD
 analog\[26\].pad/VSS
 analog\[27\].pad/ASIG5V
 analog\[27\].pad/DVDD
 analog\[27\].pad/DVSS
 analog\[27\].pad/VDD
 analog\[27\].pad/VSS
 analog\[28\].pad/ASIG5V
 analog\[28\].pad/DVDD
 analog\[28\].pad/DVSS
 analog\[28\].pad/VDD
 analog\[28\].pad/VSS
 analog\[29\].pad/ASIG5V
 analog\[29\].pad/DVDD
 analog\[29\].pad/DVSS
 analog\[29\].pad/VDD
 analog\[29\].pad/VSS
 analog\[2\].pad/ASIG5V
 analog\[2\].pad/DVDD
 analog\[2\].pad/DVSS
 analog\[2\].pad/VDD
 analog\[2\].pad/VSS
 analog\[30\].pad/ASIG5V
 analog\[30\].pad/DVDD
 analog\[30\].pad/DVSS
 analog\[30\].pad/VDD
 analog\[30\].pad/VSS
 analog\[31\].pad/ASIG5V
 analog\[31\].pad/DVDD
 analog\[31\].pad/DVSS
 analog\[31\].pad/VDD
 analog\[31\].pad/VSS
 analog\[32\].pad/ASIG5V
 analog\[32\].pad/DVDD
 analog\[32\].pad/DVSS
 analog\[32\].pad/VDD
 analog\[32\].pad/VSS
 analog\[33\].pad/ASIG5V
 analog\[33\].pad/DVDD
 analog\[33\].pad/DVSS
 analog\[33\].pad/VDD
 analog\[33\].pad/VSS
 analog\[34\].pad/ASIG5V
 analog\[34\].pad/DVDD
 analog\[34\].pad/DVSS
 analog\[34\].pad/VDD
 analog\[34\].pad/VSS
 analog\[35\].pad/ASIG5V
 analog\[35\].pad/DVDD
 analog\[35\].pad/DVSS
 analog\[35\].pad/VDD
 analog\[35\].pad/VSS
 analog\[36\].pad/ASIG5V
 analog\[36\].pad/DVDD
 analog\[36\].pad/DVSS
 analog\[36\].pad/VDD
 analog\[36\].pad/VSS
 analog\[37\].pad/ASIG5V
 analog\[37\].pad/DVDD
 analog\[37\].pad/DVSS
 analog\[37\].pad/VDD
 analog\[37\].pad/VSS
 analog\[38\].pad/ASIG5V
 analog\[38\].pad/DVDD
 analog\[38\].pad/DVSS
 analog\[38\].pad/VDD
 analog\[38\].pad/VSS
 analog\[39\].pad/ASIG5V
 analog\[39\].pad/DVDD
 analog\[39\].pad/DVSS
 analog\[39\].pad/VDD
 analog\[39\].pad/VSS
 analog\[3\].pad/ASIG5V
 analog\[3\].pad/DVDD
 analog\[3\].pad/DVSS
 analog\[3\].pad/VDD
 analog\[3\].pad/VSS
 analog\[40\].pad/ASIG5V
 analog\[40\].pad/DVDD
 analog\[40\].pad/DVSS
 analog\[40\].pad/VDD
 analog\[40\].pad/VSS
 analog\[41\].pad/ASIG5V
 analog\[41\].pad/DVDD
 analog\[41\].pad/DVSS
 analog\[41\].pad/VDD
 analog\[41\].pad/VSS
 analog\[42\].pad/ASIG5V
 analog\[42\].pad/DVDD
 analog\[42\].pad/DVSS
 analog\[42\].pad/VDD
 analog\[42\].pad/VSS
 analog\[43\].pad/ASIG5V
 analog\[43\].pad/DVDD
 analog\[43\].pad/DVSS
 analog\[43\].pad/VDD
 analog\[43\].pad/VSS
 analog\[44\].pad/ASIG5V
 analog\[44\].pad/DVDD
 analog\[44\].pad/DVSS
 analog\[44\].pad/VDD
 analog\[44\].pad/VSS
 analog\[45\].pad/ASIG5V
 analog\[45\].pad/DVDD
 analog\[45\].pad/DVSS
 analog\[45\].pad/VDD
 analog\[45\].pad/VSS
 analog\[46\].pad/ASIG5V
 analog\[46\].pad/DVDD
 analog\[46\].pad/DVSS
 analog\[46\].pad/VDD
 analog\[46\].pad/VSS
 analog\[47\].pad/ASIG5V
 analog\[47\].pad/DVDD
 analog\[47\].pad/DVSS
 analog\[47\].pad/VDD
 analog\[47\].pad/VSS
 analog\[48\].pad/ASIG5V
 analog\[48\].pad/DVDD
 analog\[48\].pad/DVSS
 analog\[48\].pad/VDD
 analog\[48\].pad/VSS
 analog\[49\].pad/ASIG5V
 analog\[49\].pad/DVDD
 analog\[49\].pad/DVSS
 analog\[49\].pad/VDD
 analog\[49\].pad/VSS
 analog\[4\].pad/ASIG5V
 analog\[4\].pad/DVDD
 analog\[4\].pad/DVSS
 analog\[4\].pad/VDD
 analog\[4\].pad/VSS
 analog\[50\].pad/ASIG5V
 analog\[50\].pad/DVDD
 analog\[50\].pad/DVSS
 analog\[50\].pad/VDD
 analog\[50\].pad/VSS
 analog\[51\].pad/ASIG5V
 analog\[51\].pad/DVDD
 analog\[51\].pad/DVSS
 analog\[51\].pad/VDD
 analog\[51\].pad/VSS
 analog\[52\].pad/ASIG5V
 analog\[52\].pad/DVDD
 analog\[52\].pad/DVSS
 analog\[52\].pad/VDD
 analog\[52\].pad/VSS
 analog\[53\].pad/ASIG5V
 analog\[53\].pad/DVDD
 analog\[53\].pad/DVSS
 analog\[53\].pad/VDD
 analog\[53\].pad/VSS
 analog\[54\].pad/ASIG5V
 analog\[54\].pad/DVDD
 analog\[54\].pad/DVSS
 analog\[54\].pad/VDD
 analog\[54\].pad/VSS
 analog\[55\].pad/ASIG5V
 analog\[55\].pad/DVDD
 analog\[55\].pad/DVSS
 analog\[55\].pad/VDD
 analog\[55\].pad/VSS
 analog\[56\].pad/ASIG5V
 analog\[56\].pad/DVDD
 analog\[56\].pad/DVSS
 analog\[56\].pad/VDD
 analog\[56\].pad/VSS
 analog\[57\].pad/ASIG5V
 analog\[57\].pad/DVDD
 analog\[57\].pad/DVSS
 analog\[57\].pad/VDD
 analog\[57\].pad/VSS
 analog\[58\].pad/ASIG5V
 analog\[58\].pad/DVDD
 analog\[58\].pad/DVSS
 analog\[58\].pad/VDD
 analog\[58\].pad/VSS
 analog\[59\].pad/ASIG5V
 analog\[59\].pad/DVDD
 analog\[59\].pad/DVSS
 analog\[59\].pad/VDD
 analog\[59\].pad/VSS
 analog\[5\].pad/ASIG5V
 analog\[5\].pad/DVDD
 analog\[5\].pad/DVSS
 analog\[5\].pad/VDD
 analog\[5\].pad/VSS
 analog\[6\].pad/ASIG5V
 analog\[6\].pad/DVDD
 analog\[6\].pad/DVSS
 analog\[6\].pad/VDD
 analog\[6\].pad/VSS
 analog\[7\].pad/ASIG5V
 analog\[7\].pad/DVDD
 analog\[7\].pad/DVSS
 analog\[7\].pad/VDD
 analog\[7\].pad/VSS
 analog\[8\].pad/ASIG5V
 analog\[8\].pad/DVDD
 analog\[8\].pad/DVSS
 analog\[8\].pad/VDD
 analog\[8\].pad/VSS
 analog\[9\].pad/ASIG5V
 analog\[9\].pad/DVDD
 analog\[9\].pad/DVSS
 analog\[9\].pad/VDD
 analog\[9\].pad/VSS
 bidir\[0\].pad/DVDD
 bidir\[0\].pad/DVSS
 bidir\[0\].pad/PAD
 bidir\[0\].pad/VDD
 bidir\[0\].pad/VSS
 bidir\[10\].pad/DVDD
 bidir\[10\].pad/DVSS
 bidir\[10\].pad/PAD
 bidir\[10\].pad/VDD
 bidir\[10\].pad/VSS
 bidir\[10\].pad/Y
 bidir\[11\].pad/DVDD
 bidir\[11\].pad/DVSS
 bidir\[11\].pad/PAD
 bidir\[11\].pad/VDD
 bidir\[11\].pad/VSS
 bidir\[11\].pad/Y
 bidir\[12\].pad/DVDD
 bidir\[12\].pad/DVSS
 bidir\[12\].pad/PAD
 bidir\[12\].pad/VDD
 bidir\[12\].pad/VSS
 bidir\[12\].pad/Y
 bidir\[13\].pad/DVDD
 bidir\[13\].pad/DVSS
 bidir\[13\].pad/PAD
 bidir\[13\].pad/VDD
 bidir\[13\].pad/VSS
 bidir\[13\].pad/Y
 bidir\[14\].pad/DVDD
 bidir\[14\].pad/DVSS
 bidir\[14\].pad/PAD
 bidir\[14\].pad/VDD
 bidir\[14\].pad/VSS
 bidir\[14\].pad/Y
 bidir\[15\].pad/DVDD
 bidir\[15\].pad/DVSS
 bidir\[15\].pad/PAD
 bidir\[15\].pad/VDD
 bidir\[15\].pad/VSS
 bidir\[15\].pad/Y
 bidir\[16\].pad/DVDD
 bidir\[16\].pad/DVSS
 bidir\[16\].pad/PAD
 bidir\[16\].pad/VDD
 bidir\[16\].pad/VSS
 bidir\[16\].pad/Y
 bidir\[17\].pad/DVDD
 bidir\[17\].pad/DVSS
 bidir\[17\].pad/PAD
 bidir\[17\].pad/VDD
 bidir\[17\].pad/VSS
 bidir\[17\].pad/Y
 bidir\[18\].pad/DVDD
 bidir\[18\].pad/DVSS
 bidir\[18\].pad/PAD
 bidir\[18\].pad/VDD
 bidir\[18\].pad/VSS
 bidir\[18\].pad/Y
 bidir\[19\].pad/DVDD
 bidir\[19\].pad/DVSS
 bidir\[19\].pad/PAD
 bidir\[19\].pad/VDD
 bidir\[19\].pad/VSS
 bidir\[19\].pad/Y
 bidir\[1\].pad/DVDD
 bidir\[1\].pad/DVSS
 bidir\[1\].pad/PAD
 bidir\[1\].pad/VDD
 bidir\[1\].pad/VSS
 bidir\[2\].pad/DVDD
 bidir\[2\].pad/DVSS
 bidir\[2\].pad/PAD
 bidir\[2\].pad/VDD
 bidir\[2\].pad/VSS
 bidir\[3\].pad/DVDD
 bidir\[3\].pad/DVSS
 bidir\[3\].pad/PAD
 bidir\[3\].pad/VDD
 bidir\[3\].pad/VSS
 bidir\[3\].pad/Y
 bidir\[4\].pad/DVDD
 bidir\[4\].pad/DVSS
 bidir\[4\].pad/PAD
 bidir\[4\].pad/VDD
 bidir\[4\].pad/VSS
 bidir\[4\].pad/Y
 bidir\[5\].pad/DVDD
 bidir\[5\].pad/DVSS
 bidir\[5\].pad/PAD
 bidir\[5\].pad/VDD
 bidir\[5\].pad/VSS
 bidir\[5\].pad/Y
 bidir\[6\].pad/DVDD
 bidir\[6\].pad/DVSS
 bidir\[6\].pad/PAD
 bidir\[6\].pad/VDD
 bidir\[6\].pad/VSS
 bidir\[6\].pad/Y
 bidir\[7\].pad/DVDD
 bidir\[7\].pad/DVSS
 bidir\[7\].pad/PAD
 bidir\[7\].pad/VDD
 bidir\[7\].pad/VSS
 bidir\[7\].pad/Y
 bidir\[8\].pad/DVDD
 bidir\[8\].pad/DVSS
 bidir\[8\].pad/PAD
 bidir\[8\].pad/VDD
 bidir\[8\].pad/VSS
 bidir\[8\].pad/Y
 bidir\[9\].pad/DVDD
 bidir\[9\].pad/DVSS
 bidir\[9\].pad/PAD
 bidir\[9\].pad/VDD
 bidir\[9\].pad/VSS
 bidir\[9\].pad/Y
 clk_pad/DVDD
 clk_pad/DVSS
 clk_pad/VDD
 clk_pad/VSS
 clkload0/ZN
 clkload1/ZN
 clkload10/ZN
 clkload11/ZN
 clkload12/ZN
 clkload13/Z
 clkload14/ZN
 clkload15/ZN
 clkload16/ZN
 clkload17/ZN
 clkload18/ZN
 clkload19/ZN
 clkload2/ZN
 clkload20/ZN
 clkload21/ZN
 clkload22/ZN
 clkload23/ZN
 clkload24/ZN
 clkload25/ZN
 clkload26/ZN
 clkload27/ZN
 clkload28/Z
 clkload29/ZN
 clkload3/ZN
 clkload30/ZN
 clkload31/Z
 clkload32/Z
 clkload33/ZN
 clkload34/ZN
 clkload35/ZN
 clkload36/Z
 clkload37/ZN
 clkload38/ZN
 clkload39/ZN
 clkload4/ZN
 clkload40/ZN
 clkload41/Z
 clkload42/ZN
 clkload43/ZN
 clkload44/ZN
 clkload45/ZN
 clkload46/ZN
 clkload47/ZN
 clkload48/ZN
 clkload49/ZN
 clkload5/ZN
 clkload50/ZN
 clkload51/ZN
 clkload52/Z
 clkload53/ZN
 clkload6/ZN
 clkload7/ZN
 clkload8/ZN
 clkload9/ZN
 dvdd_pads\[0\].pad/DVDD
 dvdd_pads\[0\].pad/DVSS
 dvdd_pads\[0\].pad/VSS
 dvdd_pads\[1\].pad/DVDD
 dvdd_pads\[1\].pad/DVSS
 dvdd_pads\[1\].pad/VSS
 dvdd_pads\[2\].pad/DVDD
 dvdd_pads\[2\].pad/DVSS
 dvdd_pads\[2\].pad/VSS
 dvdd_pads\[3\].pad/DVDD
 dvdd_pads\[3\].pad/DVSS
 dvdd_pads\[3\].pad/VSS
 dvss_pads\[0\].pad/DVDD
 dvss_pads\[0\].pad/DVSS
 dvss_pads\[0\].pad/VDD
 dvss_pads\[1\].pad/DVDD
 dvss_pads\[1\].pad/DVSS
 dvss_pads\[1\].pad/VDD
 dvss_pads\[2\].pad/DVDD
 dvss_pads\[2\].pad/DVSS
 dvss_pads\[2\].pad/VDD
 dvss_pads\[3\].pad/DVDD
 dvss_pads\[3\].pad/DVSS
 dvss_pads\[3\].pad/VDD
 inputs\[0\].pad/DVDD
 inputs\[0\].pad/DVSS
 inputs\[0\].pad/VDD
 inputs\[0\].pad/VSS
 rst_n_pad/DVDD
 rst_n_pad/DVSS
 rst_n_pad/VDD
 rst_n_pad/VSS
Found 0 partially unannotated drivers.

===========================================================================
max slew violation count 0
max fanout violation count 3
max cap violation count 50
============================================================================

===========================================================================
check_setup -verbose -unconstrained_endpoints -multiple_clock -no_clock -no_input_delay -loops -generated_clocks
===========================================================================
Warning: There are 62 input ports missing set_input_delay.
  analog_PAD[0]
  analog_PAD[10]
  analog_PAD[11]
  analog_PAD[12]
  analog_PAD[13]
  analog_PAD[14]
  analog_PAD[15]
  analog_PAD[16]
  analog_PAD[17]
  analog_PAD[18]
  analog_PAD[19]
  analog_PAD[1]
  analog_PAD[20]
  analog_PAD[21]
  analog_PAD[22]
  analog_PAD[23]
  analog_PAD[24]
  analog_PAD[25]
  analog_PAD[26]
  analog_PAD[27]
  analog_PAD[28]
  analog_PAD[29]
  analog_PAD[2]
  analog_PAD[30]
  analog_PAD[31]
  analog_PAD[32]
  analog_PAD[33]
  analog_PAD[34]
  analog_PAD[35]
  analog_PAD[36]
  analog_PAD[37]
  analog_PAD[38]
  analog_PAD[39]
  analog_PAD[3]
  analog_PAD[40]
  analog_PAD[41]
  analog_PAD[42]
  analog_PAD[43]
  analog_PAD[44]
  analog_PAD[45]
  analog_PAD[46]
  analog_PAD[47]
  analog_PAD[48]
  analog_PAD[49]
  analog_PAD[4]
  analog_PAD[50]
  analog_PAD[51]
  analog_PAD[52]
  analog_PAD[53]
  analog_PAD[54]
  analog_PAD[55]
  analog_PAD[56]
  analog_PAD[57]
  analog_PAD[58]
  analog_PAD[59]
  analog_PAD[5]
  analog_PAD[6]
  analog_PAD[7]
  analog_PAD[8]
  analog_PAD[9]
  clk_PAD
  input_PAD
Warning: There are 66 unconstrained endpoints.
  analog_PAD[0]
  analog_PAD[10]
  analog_PAD[11]
  analog_PAD[12]
  analog_PAD[13]
  analog_PAD[14]
  analog_PAD[15]
  analog_PAD[16]
  analog_PAD[17]
  analog_PAD[18]
  analog_PAD[19]
  analog_PAD[1]
  analog_PAD[20]
  analog_PAD[21]
  analog_PAD[22]
  analog_PAD[23]
  analog_PAD[24]
  analog_PAD[25]
  analog_PAD[26]
  analog_PAD[27]
  analog_PAD[28]
  analog_PAD[29]
  analog_PAD[2]
  analog_PAD[30]
  analog_PAD[31]
  analog_PAD[32]
  analog_PAD[33]
  analog_PAD[34]
  analog_PAD[35]
  analog_PAD[36]
  analog_PAD[37]
  analog_PAD[38]
  analog_PAD[39]
  analog_PAD[3]
  analog_PAD[40]
  analog_PAD[41]
  analog_PAD[42]
  analog_PAD[43]
  analog_PAD[44]
  analog_PAD[45]
  analog_PAD[46]
  analog_PAD[47]
  analog_PAD[48]
  analog_PAD[49]
  analog_PAD[4]
  analog_PAD[50]
  analog_PAD[51]
  analog_PAD[52]
  analog_PAD[53]
  analog_PAD[54]
  analog_PAD[55]
  analog_PAD[56]
  analog_PAD[57]
  analog_PAD[58]
  analog_PAD[59]
  analog_PAD[5]
  analog_PAD[6]
  analog_PAD[7]
  analog_PAD[8]
  analog_PAD[9]
  bidir_PAD[0]
  bidir_PAD[1]
  bidir_PAD[2]
  clk_PAD
  input_PAD
  rst_n_PAD
