Clock: clk_PAD
Sources: clk_pad/Y 
Generated: no
Virtual: yes
Propagated: no
Period: 40.000000

===========================================================================
report_clock_properties
============================================================================
Clock                   Period          Waveform
----------------------------------------------------
clk_PAD              40.000000    0.000000 20.000000

===========================================================================
report_clock_latency
============================================================================
Clock clk_PAD
rise -> rise
    min     max
0.000000 0.000000 source latency
1.621524         network latency _10074_/CLK
        1.925041 network latency _10119_/CLK
---------------
1.621524 1.925041 latency
        0.303517 skew

fall -> fall
    min     max
0.000000 0.000000 source latency
1.749605         network latency _10080_/CLK
        2.104651 network latency _10119_/CLK
---------------
1.749605 2.104651 latency
        0.355046 skew



===========================================================================
report_clock_min_period
============================================================================
clk_PAD period_min = 22.77 fmax = 43.92
