Clock: clk
Sources: clk 
Generated: no
Virtual: no
Propagated: no
Period: 200.000000

===========================================================================
report_clock_properties
============================================================================
Clock                   Period          Waveform
----------------------------------------------------
clk                 200.000000    0.000000100.000000

===========================================================================
report_clock_latency
============================================================================
Clock clk
rise -> rise
    min     max
0.000000 0.000000 source latency
3.956736         network latency bidir_out_gf180mcu_fd_sc_mcu7t5v0__dffq_1_Q/CLK
        3.956736 network latency bidir_out_gf180mcu_fd_sc_mcu7t5v0__dffq_1_Q/CLK
---------------
3.956736 3.956736 latency
        0.000000 skew

fall -> fall
    min     max
0.000000 0.000000 source latency
2.254808         network latency bidir_out_gf180mcu_fd_sc_mcu7t5v0__dffq_1_Q/CLK
        2.254808 network latency bidir_out_gf180mcu_fd_sc_mcu7t5v0__dffq_1_Q/CLK
---------------
2.254808 2.254808 latency
        0.000000 skew



===========================================================================
report_clock_min_period
============================================================================
clk period_min = 11.97 fmax = 83.55
