2026-08-09 21:42:08 +0200: Memory Usage (457312K) : Starting running GF180MCU Klayout DRC runset on /workspace/librelane/runs/RUN_2026-08-09_21-37-48/57-magic-streamout/chip_core.gds
2026-08-09 21:42:08 +0200: Memory Usage (457312K) : Ruby Version for klayout: 3.2.3
2026-08-09 21:42:08 +0200: Memory Usage (477664K) : Loading database to memory is complete.
2026-08-09 21:42:08 +0200: Memory Usage (477664K) : GF180MCU Klayout DRC runset output at: /workspace/librelane/runs/RUN_2026-08-09_21-37-48/65-klayout-drc/reports/drc.klayout.lyrdb
2026-08-09 21:42:08 +0200: Memory Usage (477664K) : Evaluate switches.
2026-08-09 21:42:08 +0200: Memory Usage (477664K) : table_name selected  main
2026-08-09 21:42:08 +0200: Memory Usage (477664K) : CONNECTIVITY_RULES enabled: false
2026-08-09 21:42:08 +0200: Memory Usage (477664K) : Wedge enabled: false
2026-08-09 21:42:08 +0200: Memory Usage (477664K) : Ball enabled: false
2026-08-09 21:42:08 +0200: Memory Usage (477664K) : Gold enabled: false
2026-08-09 21:42:08 +0200: Memory Usage (477664K) : MIM Option selected: B
2026-08-09 21:42:08 +0200: Memory Usage (477664K) : Offgrid enabled:  false
2026-08-09 21:42:08 +0200: Memory Usage (477664K) : Number of threads to use 
2026-08-09 21:42:08 +0200: Memory Usage (477664K) : Verbose mode: 
2026-08-09 21:42:08 +0200: Memory Usage (477664K) : deep  mode is enabled for main table
2026-08-09 21:42:08 +0200: Memory Usage (477664K) : METAL_TOP Selected is 11K
2026-08-09 21:42:08 +0200: Memory Usage (477664K) : METAL_STACK Selected is 5LM
2026-08-09 21:42:08 +0200: Memory Usage (477664K) : FEOL enabled: false
2026-08-09 21:42:08 +0200: Memory Usage (477664K) : BEOL enabled: false
2026-08-09 21:42:08 +0200: Memory Usage (477664K) : DUMMY enabled: false
2026-08-09 21:42:08 +0200: Memory Usage (477664K) : DUMMY_SUB_PREV enabled: true
2026-08-09 21:42:08 +0200: Memory Usage (477664K) : SLOW_VIA enabled: false
2026-08-09 21:42:08 +0200: Memory Usage (477664K) : Read in polygons from layers.
2026-08-09 21:42:08 +0200: Memory Usage (480480K) : comp has 130876 polygons
2026-08-09 21:42:08 +0200: Memory Usage (480480K) : dnwell has 0 polygons
2026-08-09 21:42:08 +0200: Memory Usage (480480K) : nwell has 30677 polygons
2026-08-09 21:42:08 +0200: Memory Usage (480480K) : lvpwell has 30677 polygons
2026-08-09 21:42:08 +0200: Memory Usage (480480K) : dualgate has 30677 polygons
2026-08-09 21:42:08 +0200: Memory Usage (480480K) : poly2 has 138671 polygons
2026-08-09 21:42:08 +0200: Memory Usage (480480K) : nplus has 30677 polygons
2026-08-09 21:42:08 +0200: Memory Usage (480480K) : pplus has 35792 polygons
2026-08-09 21:42:08 +0200: Memory Usage (480480K) : sab has 0 polygons
2026-08-09 21:42:08 +0200: Memory Usage (480480K) : esd has 0 polygons
2026-08-09 21:42:08 +0200: Memory Usage (480480K) : resistor has 0 polygons
2026-08-09 21:42:08 +0200: Memory Usage (480480K) : fhres has 0 polygons
2026-08-09 21:42:08 +0200: Memory Usage (480480K) : fusetop has 0 polygons
2026-08-09 21:42:08 +0200: Memory Usage (480480K) : fusewindow_d has 0 polygons
2026-08-09 21:42:08 +0200: Memory Usage (480480K) : polyfuse has 0 polygons
2026-08-09 21:42:08 +0200: Memory Usage (480480K) : mvsd has 0 polygons
2026-08-09 21:42:08 +0200: Memory Usage (480480K) : mvpsd has 0 polygons
2026-08-09 21:42:08 +0200: Memory Usage (480480K) : nat has 0 polygons
2026-08-09 21:42:08 +0200: Memory Usage (480480K) : comp_dummy has 0 polygons
2026-08-09 21:42:08 +0200: Memory Usage (480480K) : poly2_dummy has 0 polygons
2026-08-09 21:42:08 +0200: Memory Usage (480480K) : schottky_diode has 0 polygons
2026-08-09 21:42:08 +0200: Memory Usage (480480K) : zener has 0 polygons
2026-08-09 21:42:08 +0200: Memory Usage (480480K) : res_mk has 0 polygons
2026-08-09 21:42:08 +0200: Memory Usage (480608K) : opc_drc has 0 polygons
2026-08-09 21:42:08 +0200: Memory Usage (480864K) : v5_xtor has 30677 polygons
2026-08-09 21:42:08 +0200: Memory Usage (480864K) : cap_mk has 0 polygons
2026-08-09 21:42:08 +0200: Memory Usage (480864K) : mos_cap_mk has 0 polygons
2026-08-09 21:42:08 +0200: Memory Usage (480864K) : ind_mk has 0 polygons
2026-08-09 21:42:08 +0200: Memory Usage (481120K) : diode_mk has 1 polygons
2026-08-09 21:42:08 +0200: Memory Usage (481120K) : drc_bjt has 0 polygons
2026-08-09 21:42:08 +0200: Memory Usage (481120K) : lvs_bjt has 0 polygons
2026-08-09 21:42:08 +0200: Memory Usage (481120K) : mim_l_mk has 0 polygons
2026-08-09 21:42:08 +0200: Memory Usage (481120K) : latchup_mk has 0 polygons
2026-08-09 21:42:08 +0200: Memory Usage (481248K) : guard_ring_mk has 0 polygons
2026-08-09 21:42:08 +0200: Memory Usage (481248K) : otp_mk has 0 polygons
2026-08-09 21:42:08 +0200: Memory Usage (481376K) : mtpmark has 0 polygons
2026-08-09 21:42:08 +0200: Memory Usage (481376K) : neo_ee_mk has 0 polygons
2026-08-09 21:42:08 +0200: Memory Usage (481376K) : sramcore has 0 polygons
2026-08-09 21:42:08 +0200: Memory Usage (481504K) : lvs_rf has 0 polygons
2026-08-09 21:42:08 +0200: Memory Usage (481504K) : lvs_drain has 0 polygons
2026-08-09 21:42:08 +0200: Memory Usage (481632K) : ind_mk has 0 polygons
2026-08-09 21:42:08 +0200: Memory Usage (481632K) : hvpolyrs has 0 polygons
2026-08-09 21:42:08 +0200: Memory Usage (481760K) : lvs_io has 0 polygons
2026-08-09 21:42:08 +0200: Memory Usage (481760K) : probe_mk has 0 polygons
2026-08-09 21:42:08 +0200: Memory Usage (481888K) : esd_mk has 0 polygons
2026-08-09 21:42:08 +0200: Memory Usage (481888K) : lvs_source has 0 polygons
2026-08-09 21:42:08 +0200: Memory Usage (482016K) : well_diode_mk has 0 polygons
2026-08-09 21:42:08 +0200: Memory Usage (482016K) : ldmos_xtor has 0 polygons
2026-08-09 21:42:08 +0200: Memory Usage (482144K) : plfuse has 0 polygons
2026-08-09 21:42:08 +0200: Memory Usage (482144K) : efuse_mk has 0 polygons
2026-08-09 21:42:08 +0200: Memory Usage (482272K) : mcell_feol_mk has 0 polygons
2026-08-09 21:42:08 +0200: Memory Usage (482272K) : ymtp_mk has 0 polygons
2026-08-09 21:42:08 +0200: Memory Usage (482400K) : dev_wf_mk has 0 polygons
2026-08-09 21:42:08 +0200: Memory Usage (482400K) : comp_label has 0 polygons
2026-08-09 21:42:08 +0200: Memory Usage (482400K) : poly2_label has 0 polygons
2026-08-09 21:42:08 +0200: Memory Usage (482528K) : mdiode has 0 polygons
2026-08-09 21:42:08 +0200: Memory Usage (482528K) : ndmy has 0 polygons
2026-08-09 21:42:08 +0200: Memory Usage (482656K) : pmndmy has 0 polygons
2026-08-09 21:42:08 +0200: Memory Usage (482912K) : contact has 665810 polygons
2026-08-09 21:42:08 +0200: Memory Usage (483296K) : metal1_drawn has 392787 polygons
2026-08-09 21:42:08 +0200: Memory Usage (483680K) : metal1_dummy has 0 polygons
2026-08-09 21:42:08 +0200: Memory Usage (484320K) : metal1_label has 0 polygons
2026-08-09 21:42:08 +0200: Memory Usage (484320K) : metal1_slot has 0 polygons
2026-08-09 21:42:08 +0200: Memory Usage (484320K) : metal1_blk has 0 polygons
2026-08-09 21:42:08 +0200: Memory Usage (484576K) : via1 has 26467 polygons
2026-08-09 21:42:08 +0200: Memory Usage (485344K) : metal2_drawn has 27407 polygons
2026-08-09 21:42:08 +0200: Memory Usage (485600K) : metal2_dummy has 0 polygons
2026-08-09 21:42:08 +0200: Memory Usage (486496K) : metal2_label has 86 polygons
2026-08-09 21:42:08 +0200: Memory Usage (486496K) : metal2_slot has 0 polygons
2026-08-09 21:42:08 +0200: Memory Usage (486496K) : metal2_blk has 0 polygons
2026-08-09 21:42:08 +0200: Memory Usage (486624K) : via2 has 24850 polygons
2026-08-09 21:42:08 +0200: Memory Usage (487008K) : metal3_drawn has 11739 polygons
2026-08-09 21:42:08 +0200: Memory Usage (487008K) : metal3_dummy has 0 polygons
2026-08-09 21:42:08 +0200: Memory Usage (487392K) : metal3_label has 3 polygons
2026-08-09 21:42:08 +0200: Memory Usage (487392K) : metal3_slot has 0 polygons
2026-08-09 21:42:08 +0200: Memory Usage (487392K) : metal3_blk has 0 polygons
2026-08-09 21:42:08 +0200: Memory Usage (487392K) : via3 has 5280 polygons
2026-08-09 21:42:08 +0200: Memory Usage (487392K) : metal4_drawn has 959 polygons
2026-08-09 21:42:08 +0200: Memory Usage (487392K) : metal4_dummy has 0 polygons
2026-08-09 21:42:08 +0200: Memory Usage (487392K) : metal4_label has 12 polygons
2026-08-09 21:42:08 +0200: Memory Usage (487392K) : metal4_slot has 0 polygons
2026-08-09 21:42:08 +0200: Memory Usage (487520K) : metal4_blk has 0 polygons
2026-08-09 21:42:08 +0200: Memory Usage (487520K) : via4 has 924 polygons
2026-08-09 21:42:08 +0200: Memory Usage (487648K) : metal5_drawn has 149 polygons
2026-08-09 21:42:08 +0200: Memory Usage (487648K) : metal5_dummy has 0 polygons
2026-08-09 21:42:09 +0200: Memory Usage (487776K) : metal5_label has 12 polygons
2026-08-09 21:42:09 +0200: Memory Usage (487904K) : metal5_slot has 0 polygons
2026-08-09 21:42:09 +0200: Memory Usage (487904K) : metal5_blk has 0 polygons
2026-08-09 21:42:09 +0200: Memory Usage (488032K) : pad has 0 polygons
2026-08-09 21:42:09 +0200: Memory Usage (488032K) : ubmpperi has 0 polygons
2026-08-09 21:42:09 +0200: Memory Usage (488032K) : ubmparray has 0 polygons
2026-08-09 21:42:09 +0200: Memory Usage (488160K) : ubmeplate has 0 polygons
2026-08-09 21:42:09 +0200: Memory Usage (488160K) : metal1_res has 0 polygons
2026-08-09 21:42:09 +0200: Memory Usage (488288K) : metal2_res has 0 polygons
2026-08-09 21:42:09 +0200: Memory Usage (488288K) : metal3_res has 0 polygons
2026-08-09 21:42:09 +0200: Memory Usage (488416K) : metal4_res has 0 polygons
2026-08-09 21:42:09 +0200: Memory Usage (488416K) : metal5_res has 0 polygons
2026-08-09 21:42:09 +0200: Memory Usage (488544K) : metal6_res has 0 polygons
2026-08-09 21:42:09 +0200: Memory Usage (488800K) : pr_bndry has 30679 polygons
2026-08-09 21:42:09 +0200: Memory Usage (488800K) : border has 0 polygons
2026-08-09 21:42:09 +0200: Memory Usage (488800K) : Total no. of polygons in the design is 1645889
2026-08-09 21:42:09 +0200: Memory Usage (488800K) : Starting deriving base layers.
2026-08-09 21:42:12 +0200: Memory Usage (578880K) : Total area of the design is 1044756.3374999999 um^2.
2026-08-09 21:42:12 +0200: Memory Usage (578880K) : Starting GF180MCU DRC rules.
2026-08-09 21:42:12 +0200: Memory Usage (578880K) : MIM Capacitor Option B section
2026-08-09 21:42:12 +0200: Memory Usage (578880K) : Executing rule MIMTM.1
2026-08-09 21:42:12 +0200: Memory Usage (579136K) : Executing rule MIMTM.2
2026-08-09 21:42:12 +0200: Memory Usage (579136K) : Executing rule MIMTM.3
2026-08-09 21:42:12 +0200: Memory Usage (579136K) : Executing rule MIMTM.4
2026-08-09 21:42:12 +0200: Memory Usage (579136K) : Executing rule MIMTM.5
2026-08-09 21:42:12 +0200: Memory Usage (579392K) : Executing rule MIMTM.6
2026-08-09 21:42:12 +0200: Memory Usage (579392K) : Executing rule MIMTM.7
2026-08-09 21:42:12 +0200: Memory Usage (579392K) : Executing rule MIMTM.8a
2026-08-09 21:42:12 +0200: Memory Usage (579392K) : Executing rule MIMTM.8b
2026-08-09 21:42:12 +0200: Memory Usage (579392K) : Executing rule MIMTM.9
2026-08-09 21:42:12 +0200: Memory Usage (579392K) : Executing rule MIMTM.10
2026-08-09 21:42:12 +0200: Memory Usage (579392K) : Executing rule MIMTM.11
2026-08-09 21:42:12 +0200: Memory Usage (579392K) :  DRC Total Run time 3.932127259 seconds
2026-08-09 21:42:12 +0200: Memory Usage (579392K) : Executing rule DE.2
2026-08-09 21:42:12 +0200: Memory Usage (579392K) : Executing rule DE.3
2026-08-09 21:42:12 +0200: Memory Usage (579392K) : Executing rule DE.4
2026-08-09 21:42:12 +0200: Memory Usage (579392K) :  DRC Total Run time 3.968150921 seconds
