Reading timing models for corner nom_tt_025C_3v30…
Reading timing library for the 'nom_tt_025C_3v30' corner at '/foss/pdks/gf180mcuD/libs.ref/gf180mcu_fd_sc_mcu7t5v0/lib/gf180mcu_fd_sc_mcu7t5v0__tt_025C_3v30.lib'…
Reading OpenROAD database at '/workspace/librelane/runs/RUN_2026-08-09_23-45-37/28-openroad-globalplacement/state_machine.odb'…
Reading design constraints file at '/usr/local/lib/python3.12/dist-packages/librelane/scripts/base.sdc'…
[INFO] Using clock clk…
[INFO] Setting output delay to: 40
[INFO] Setting input delay to: 40
[INFO] Setting load to: 0.07291
[INFO] Setting clock uncertainty to: 0.25
[INFO] Setting clock transition to: 0.15
[INFO] Setting timing derate to: 5%
%OL_CREATE_REPORT min.rpt

===========================================================================
report_checks -path_delay min (Hold)
============================================================================
======================= nom_tt_025C_3v30 Corner ===================================

Startpoint: _39_ (rising edge-triggered flip-flop clocked by clk)
Endpoint: _39_ (rising edge-triggered flip-flop clocked by clk)
Path Group: clk
Path Type: min

Fanout         Cap        Slew       Delay        Time   Description
---------------------------------------------------------------------------------------------
                                  0.000000    0.000000   clock clk (rise edge)
                                  0.000000    0.000000   clock source latency
     3    0.022803    0.182226    0.080547    0.080547 ^ clk (in)
                                                         clk (net)
                      0.182226    0.000000    0.080547 ^ _39_/CLK (gf180mcu_fd_sc_mcu7t5v0__dffrnq_1)
     5    0.088580    1.150342    1.661893    1.742440 v _39_/Q (gf180mcu_fd_sc_mcu7t5v0__dffrnq_1)
                                                         state_o[1] (net)
                      1.150342    0.000000    1.742440 v _32_/A1 (gf180mcu_fd_sc_mcu7t5v0__nor2_1)
     1    0.004238    0.416788    0.514482    2.256922 ^ _32_/ZN (gf180mcu_fd_sc_mcu7t5v0__nor2_1)
                                                         _14_ (net)
                      0.416788    0.000138    2.257060 ^ _35_/B (gf180mcu_fd_sc_mcu7t5v0__aoi211_1)
     1    0.003770    0.227484    0.267251    2.524311 v _35_/ZN (gf180mcu_fd_sc_mcu7t5v0__aoi211_1)
                                                         _01_ (net)
                      0.227484    0.000113    2.524424 v _39_/D (gf180mcu_fd_sc_mcu7t5v0__dffrnq_1)
                                              2.524424   data arrival time

                                  0.000000    0.000000   clock clk (rise edge)
                                  0.000000    0.000000   clock source latency
     3    0.022803    0.182226    0.080547    0.080547 ^ clk (in)
                                                         clk (net)
                      0.182226    0.000000    0.080547 ^ _39_/CLK (gf180mcu_fd_sc_mcu7t5v0__dffrnq_1)
                                  0.250000    0.330547   clock uncertainty
                                  0.000000    0.330547   clock reconvergence pessimism
                                  0.127779    0.458326   library hold time
                                              0.458326   data required time
---------------------------------------------------------------------------------------------
                                              0.458326   data required time
                                             -2.524424   data arrival time
---------------------------------------------------------------------------------------------
                                              2.066098   slack (MET)


Startpoint: _40_ (rising edge-triggered flip-flop clocked by clk)
Endpoint: _40_ (rising edge-triggered flip-flop clocked by clk)
Path Group: clk
Path Type: min

Fanout         Cap        Slew       Delay        Time   Description
---------------------------------------------------------------------------------------------
                                  0.000000    0.000000   clock clk (rise edge)
                                  0.000000    0.000000   clock source latency
     3    0.022803    0.182226    0.080547    0.080547 ^ clk (in)
                                                         clk (net)
                      0.182226    0.000000    0.080547 ^ _40_/CLK (gf180mcu_fd_sc_mcu7t5v0__dffrnq_1)
     6    0.090964    1.179808    1.679636    1.760183 v _40_/Q (gf180mcu_fd_sc_mcu7t5v0__dffrnq_1)
                                                         state_o[2] (net)
                      1.179808    0.000000    1.760183 v _36_/A1 (gf180mcu_fd_sc_mcu7t5v0__nor2_1)
     1    0.004056    0.409924    0.515553    2.275736 ^ _36_/ZN (gf180mcu_fd_sc_mcu7t5v0__nor2_1)
                                                         _17_ (net)
                      0.409924    0.000135    2.275871 ^ _37_/B (gf180mcu_fd_sc_mcu7t5v0__aoi211_1)
     1    0.003791    0.226384    0.266348    2.542219 v _37_/ZN (gf180mcu_fd_sc_mcu7t5v0__aoi211_1)
                                                         _02_ (net)
                      0.226384    0.000114    2.542332 v _40_/D (gf180mcu_fd_sc_mcu7t5v0__dffrnq_1)
                                              2.542332   data arrival time

                                  0.000000    0.000000   clock clk (rise edge)
                                  0.000000    0.000000   clock source latency
     3    0.022803    0.182226    0.080547    0.080547 ^ clk (in)
                                                         clk (net)
                      0.182226    0.000000    0.080547 ^ _40_/CLK (gf180mcu_fd_sc_mcu7t5v0__dffrnq_1)
                                  0.250000    0.330547   clock uncertainty
                                  0.000000    0.330547   clock reconvergence pessimism
                                  0.128083    0.458630   library hold time
                                              0.458630   data required time
---------------------------------------------------------------------------------------------
                                              0.458630   data required time
                                             -2.542332   data arrival time
---------------------------------------------------------------------------------------------
                                              2.083702   slack (MET)


Startpoint: _38_ (rising edge-triggered flip-flop clocked by clk)
Endpoint: _38_ (rising edge-triggered flip-flop clocked by clk)
Path Group: clk
Path Type: min

Fanout         Cap        Slew       Delay        Time   Description
---------------------------------------------------------------------------------------------
                                  0.000000    0.000000   clock clk (rise edge)
                                  0.000000    0.000000   clock source latency
     3    0.022803    0.182226    0.080547    0.080547 ^ clk (in)
                                                         clk (net)
                      0.182226    0.000000    0.080547 ^ _38_/CLK (gf180mcu_fd_sc_mcu7t5v0__dffrnq_1)
     8    0.101145    1.307285    1.755479    1.836027 v _38_/Q (gf180mcu_fd_sc_mcu7t5v0__dffrnq_1)
                                                         state_o[0] (net)
                      1.307285    0.000000    1.836027 v _30_/A1 (gf180mcu_fd_sc_mcu7t5v0__oai21_1)
     1    0.004641    0.325353    0.607664    2.443691 ^ _30_/ZN (gf180mcu_fd_sc_mcu7t5v0__oai21_1)
                                                         _13_ (net)
                      0.325353    0.000144    2.443835 ^ _31_/B (gf180mcu_fd_sc_mcu7t5v0__aoi21_1)
     1    0.003646    0.222924    0.219865    2.663700 v _31_/ZN (gf180mcu_fd_sc_mcu7t5v0__aoi21_1)
                                                         _00_ (net)
                      0.222924    0.000111    2.663811 v _38_/D (gf180mcu_fd_sc_mcu7t5v0__dffrnq_1)
                                              2.663811   data arrival time

                                  0.000000    0.000000   clock clk (rise edge)
                                  0.000000    0.000000   clock source latency
     3    0.022803    0.182226    0.080547    0.080547 ^ clk (in)
                                                         clk (net)
                      0.182226    0.000000    0.080547 ^ _38_/CLK (gf180mcu_fd_sc_mcu7t5v0__dffrnq_1)
                                  0.250000    0.330547   clock uncertainty
                                  0.000000    0.330547   clock reconvergence pessimism
                                  0.129039    0.459587   library hold time
                                              0.459587   data required time
---------------------------------------------------------------------------------------------
                                              0.459587   data required time
                                             -2.663811   data arrival time
---------------------------------------------------------------------------------------------
                                              2.204225   slack (MET)


Startpoint: rst_n (input port clocked by clk)
Endpoint: _38_ (removal check against rising-edge clock clk)
Path Group: asynchronous
Path Type: min

Fanout         Cap        Slew       Delay        Time   Description
---------------------------------------------------------------------------------------------
                                  0.000000    0.000000   clock clk (rise edge)
                                  0.000000    0.000000   clock network delay (propagated)
                                 40.000000   40.000000 ^ input external delay
     3    0.030778    0.803172    0.418098   40.418098 ^ rst_n (in)
                                                         rst_n (net)
                      0.803172    0.000000   40.418098 ^ _38_/RN (gf180mcu_fd_sc_mcu7t5v0__dffrnq_1)
                                             40.418098   data arrival time

                                  0.000000    0.000000   clock clk (rise edge)
                                  0.000000    0.000000   clock source latency
     3    0.022803    0.182226    0.080547    0.080547 ^ clk (in)
                                                         clk (net)
                      0.182226    0.000000    0.080547 ^ _38_/CLK (gf180mcu_fd_sc_mcu7t5v0__dffrnq_1)
                                  0.250000    0.330547   clock uncertainty
                                  0.000000    0.330547   clock reconvergence pessimism
                                  0.610847    0.941395   library removal time
                                              0.941395   data required time
---------------------------------------------------------------------------------------------
                                              0.941395   data required time
                                            -40.418098   data arrival time
---------------------------------------------------------------------------------------------
                                             39.476704   slack (MET)


Startpoint: rst_n (input port clocked by clk)
Endpoint: _39_ (removal check against rising-edge clock clk)
Path Group: asynchronous
Path Type: min

Fanout         Cap        Slew       Delay        Time   Description
---------------------------------------------------------------------------------------------
                                  0.000000    0.000000   clock clk (rise edge)
                                  0.000000    0.000000   clock network delay (propagated)
                                 40.000000   40.000000 ^ input external delay
     3    0.030778    0.803172    0.418098   40.418098 ^ rst_n (in)
                                                         rst_n (net)
                      0.803172    0.000000   40.418098 ^ _39_/RN (gf180mcu_fd_sc_mcu7t5v0__dffrnq_1)
                                             40.418098   data arrival time

                                  0.000000    0.000000   clock clk (rise edge)
                                  0.000000    0.000000   clock source latency
     3    0.022803    0.182226    0.080547    0.080547 ^ clk (in)
                                                         clk (net)
                      0.182226    0.000000    0.080547 ^ _39_/CLK (gf180mcu_fd_sc_mcu7t5v0__dffrnq_1)
                                  0.250000    0.330547   clock uncertainty
                                  0.000000    0.330547   clock reconvergence pessimism
                                  0.610847    0.941395   library removal time
                                              0.941395   data required time
---------------------------------------------------------------------------------------------
                                              0.941395   data required time
                                            -40.418098   data arrival time
---------------------------------------------------------------------------------------------
                                             39.476704   slack (MET)


Startpoint: rst_n (input port clocked by clk)
Endpoint: _40_ (removal check against rising-edge clock clk)
Path Group: asynchronous
Path Type: min

Fanout         Cap        Slew       Delay        Time   Description
---------------------------------------------------------------------------------------------
                                  0.000000    0.000000   clock clk (rise edge)
                                  0.000000    0.000000   clock network delay (propagated)
                                 40.000000   40.000000 ^ input external delay
     3    0.030778    0.803172    0.418098   40.418098 ^ rst_n (in)
                                                         rst_n (net)
                      0.803172    0.000000   40.418098 ^ _40_/RN (gf180mcu_fd_sc_mcu7t5v0__dffrnq_1)
                                             40.418098   data arrival time

                                  0.000000    0.000000   clock clk (rise edge)
                                  0.000000    0.000000   clock source latency
     3    0.022803    0.182226    0.080547    0.080547 ^ clk (in)
                                                         clk (net)
                      0.182226    0.000000    0.080547 ^ _40_/CLK (gf180mcu_fd_sc_mcu7t5v0__dffrnq_1)
                                  0.250000    0.330547   clock uncertainty
                                  0.000000    0.330547   clock reconvergence pessimism
                                  0.610847    0.941395   library removal time
                                              0.941395   data required time
---------------------------------------------------------------------------------------------
                                              0.941395   data required time
                                            -40.418098   data arrival time
---------------------------------------------------------------------------------------------
                                             39.476704   slack (MET)


Startpoint: _39_ (rising edge-triggered flip-flop clocked by clk)
Endpoint: state_o[1] (output port clocked by clk)
Path Group: clk
Path Type: min

Fanout         Cap        Slew       Delay        Time   Description
---------------------------------------------------------------------------------------------
                                  0.000000    0.000000   clock clk (rise edge)
                                  0.000000    0.000000   clock source latency
     3    0.022803    0.182226    0.080547    0.080547 ^ clk (in)
                                                         clk (net)
                      0.182226    0.000000    0.080547 ^ _39_/CLK (gf180mcu_fd_sc_mcu7t5v0__dffrnq_1)
     5    0.088580    1.150342    1.661893    1.742440 v _39_/Q (gf180mcu_fd_sc_mcu7t5v0__dffrnq_1)
                                                         state_o[1] (net)
                      1.150342    0.000000    1.742440 v state_o[1] (out)
                                              1.742440   data arrival time

                                  0.000000    0.000000   clock clk (rise edge)
                                  0.000000    0.000000   clock network delay (propagated)
                                  0.250000    0.250000   clock uncertainty
                                  0.000000    0.250000   clock reconvergence pessimism
                                -40.000000  -39.750000   output external delay
                                            -39.750000   data required time
---------------------------------------------------------------------------------------------
                                            -39.750000   data required time
                                             -1.742440   data arrival time
---------------------------------------------------------------------------------------------
                                             41.492439   slack (MET)


Startpoint: _40_ (rising edge-triggered flip-flop clocked by clk)
Endpoint: state_o[2] (output port clocked by clk)
Path Group: clk
Path Type: min

Fanout         Cap        Slew       Delay        Time   Description
---------------------------------------------------------------------------------------------
                                  0.000000    0.000000   clock clk (rise edge)
                                  0.000000    0.000000   clock source latency
     3    0.022803    0.182226    0.080547    0.080547 ^ clk (in)
                                                         clk (net)
                      0.182226    0.000000    0.080547 ^ _40_/CLK (gf180mcu_fd_sc_mcu7t5v0__dffrnq_1)
     6    0.090964    1.179808    1.679636    1.760183 v _40_/Q (gf180mcu_fd_sc_mcu7t5v0__dffrnq_1)
                                                         state_o[2] (net)
                      1.179808    0.000000    1.760183 v state_o[2] (out)
                                              1.760183   data arrival time

                                  0.000000    0.000000   clock clk (rise edge)
                                  0.000000    0.000000   clock network delay (propagated)
                                  0.250000    0.250000   clock uncertainty
                                  0.000000    0.250000   clock reconvergence pessimism
                                -40.000000  -39.750000   output external delay
                                            -39.750000   data required time
---------------------------------------------------------------------------------------------
                                            -39.750000   data required time
                                             -1.760183   data arrival time
---------------------------------------------------------------------------------------------
                                             41.510185   slack (MET)


Startpoint: _38_ (rising edge-triggered flip-flop clocked by clk)
Endpoint: state_o[0] (output port clocked by clk)
Path Group: clk
Path Type: min

Fanout         Cap        Slew       Delay        Time   Description
---------------------------------------------------------------------------------------------
                                  0.000000    0.000000   clock clk (rise edge)
                                  0.000000    0.000000   clock source latency
     3    0.022803    0.182226    0.080547    0.080547 ^ clk (in)
                                                         clk (net)
                      0.182226    0.000000    0.080547 ^ _38_/CLK (gf180mcu_fd_sc_mcu7t5v0__dffrnq_1)
     8    0.101145    1.307285    1.755479    1.836027 v _38_/Q (gf180mcu_fd_sc_mcu7t5v0__dffrnq_1)
                                                         state_o[0] (net)
                      1.307285    0.000000    1.836027 v state_o[0] (out)
                                              1.836027   data arrival time

                                  0.000000    0.000000   clock clk (rise edge)
                                  0.000000    0.000000   clock network delay (propagated)
                                  0.250000    0.250000   clock uncertainty
                                  0.000000    0.250000   clock reconvergence pessimism
                                -40.000000  -39.750000   output external delay
                                            -39.750000   data required time
---------------------------------------------------------------------------------------------
                                            -39.750000   data required time
                                             -1.836027   data arrival time
---------------------------------------------------------------------------------------------
                                             41.586029   slack (MET)


Startpoint: _39_ (rising edge-triggered flip-flop clocked by clk)
Endpoint: cal_start (output port clocked by clk)
Path Group: clk
Path Type: min

Fanout         Cap        Slew       Delay        Time   Description
---------------------------------------------------------------------------------------------
                                  0.000000    0.000000   clock clk (rise edge)
                                  0.000000    0.000000   clock source latency
     3    0.022803    0.182226    0.080547    0.080547 ^ clk (in)
                                                         clk (net)
                      0.182226    0.000000    0.080547 ^ _39_/CLK (gf180mcu_fd_sc_mcu7t5v0__dffrnq_1)
     5    0.088580    1.150342    1.661893    1.742440 v _39_/Q (gf180mcu_fd_sc_mcu7t5v0__dffrnq_1)
                                                         state_o[1] (net)
                      1.150342    0.000000    1.742440 v _19_/I (gf180mcu_fd_sc_mcu7t5v0__clkinv_1)
     2    0.007442    0.414818    0.421296    2.163736 ^ _19_/ZN (gf180mcu_fd_sc_mcu7t5v0__clkinv_1)
                                                         _04_ (net)
                      0.414818    0.000191    2.163927 ^ _21_/A2 (gf180mcu_fd_sc_mcu7t5v0__nor3_1)
     2    0.077765    1.729221    1.163733    3.327659 v _21_/ZN (gf180mcu_fd_sc_mcu7t5v0__nor3_1)
                                                         cal_start (net)
                      1.729221    0.000000    3.327659 v cal_start (out)
                                              3.327659   data arrival time

                                  0.000000    0.000000   clock clk (rise edge)
                                  0.000000    0.000000   clock network delay (propagated)
                                  0.250000    0.250000   clock uncertainty
                                  0.000000    0.250000   clock reconvergence pessimism
                                -40.000000  -39.750000   output external delay
                                            -39.750000   data required time
---------------------------------------------------------------------------------------------
                                            -39.750000   data required time
                                             -3.327659   data arrival time
---------------------------------------------------------------------------------------------
                                             43.077660   slack (MET)


Startpoint: _40_ (rising edge-triggered flip-flop clocked by clk)
Endpoint: read_en (output port clocked by clk)
Path Group: clk
Path Type: min

Fanout         Cap        Slew       Delay        Time   Description
---------------------------------------------------------------------------------------------
                                  0.000000    0.000000   clock clk (rise edge)
                                  0.000000    0.000000   clock source latency
     3    0.022803    0.182226    0.080547    0.080547 ^ clk (in)
                                                         clk (net)
                      0.182226    0.000000    0.080547 ^ _40_/CLK (gf180mcu_fd_sc_mcu7t5v0__dffrnq_1)
     6    0.090964    1.179808    1.679636    1.760183 v _40_/Q (gf180mcu_fd_sc_mcu7t5v0__dffrnq_1)
                                                         state_o[2] (net)
                      1.179808    0.000000    1.760183 v _23_/A2 (gf180mcu_fd_sc_mcu7t5v0__nor2_1)
     3    0.013475    0.826399    0.725900    2.486084 ^ _23_/ZN (gf180mcu_fd_sc_mcu7t5v0__nor2_1)
                                                         _07_ (net)
                      0.826399    0.000294    2.486378 ^ _24_/A3 (gf180mcu_fd_sc_mcu7t5v0__nor3_1)
     1    0.072910    1.628962    1.233766    3.720144 v _24_/ZN (gf180mcu_fd_sc_mcu7t5v0__nor3_1)
                                                         read_en (net)
                      1.628962    0.000000    3.720144 v read_en (out)
                                              3.720144   data arrival time

                                  0.000000    0.000000   clock clk (rise edge)
                                  0.000000    0.000000   clock network delay (propagated)
                                  0.250000    0.250000   clock uncertainty
                                  0.000000    0.250000   clock reconvergence pessimism
                                -40.000000  -39.750000   output external delay
                                            -39.750000   data required time
---------------------------------------------------------------------------------------------
                                            -39.750000   data required time
                                             -3.720144   data arrival time
---------------------------------------------------------------------------------------------
                                             43.470142   slack (MET)



%OL_END_REPORT
%OL_CREATE_REPORT max.rpt

===========================================================================
report_checks -path_delay max (Setup)
============================================================================
======================= nom_tt_025C_3v30 Corner ===================================

Startpoint: _40_ (rising edge-triggered flip-flop clocked by clk)
Endpoint: read_en (output port clocked by clk)
Path Group: clk
Path Type: max

Fanout         Cap        Slew       Delay        Time   Description
---------------------------------------------------------------------------------------------
                                  0.000000    0.000000   clock clk (rise edge)
                                  0.000000    0.000000   clock source latency
     3    0.022803    0.182226    0.080547    0.080547 ^ clk (in)
                                                         clk (net)
                      0.182226    0.000000    0.080547 ^ _40_/CLK (gf180mcu_fd_sc_mcu7t5v0__dffrnq_1)
     6    0.090964    2.243685    2.471463    2.552011 ^ _40_/Q (gf180mcu_fd_sc_mcu7t5v0__dffrnq_1)
                                                         state_o[2] (net)
                      2.243685    0.000000    2.552011 ^ _23_/A2 (gf180mcu_fd_sc_mcu7t5v0__nor2_1)
     3    0.013475    0.734399    0.487757    3.039768 v _23_/ZN (gf180mcu_fd_sc_mcu7t5v0__nor2_1)
                                                         _07_ (net)
                      0.734399    0.000294    3.040062 v _24_/A3 (gf180mcu_fd_sc_mcu7t5v0__nor3_1)
     1    0.072910    5.119506    3.140603    6.180665 ^ _24_/ZN (gf180mcu_fd_sc_mcu7t5v0__nor3_1)
                                                         read_en (net)
                      5.119506    0.000000    6.180665 ^ read_en (out)
                                              6.180665   data arrival time

                                200.000000  200.000000   clock clk (rise edge)
                                  0.000000  200.000000   clock network delay (propagated)
                                 -0.250000  199.750000   clock uncertainty
                                  0.000000  199.750000   clock reconvergence pessimism
                                -40.000000  159.749985   output external delay
                                            159.749985   data required time
---------------------------------------------------------------------------------------------
                                            159.749985   data required time
                                             -6.180665   data arrival time
---------------------------------------------------------------------------------------------
                                            153.569321   slack (MET)


Startpoint: _39_ (rising edge-triggered flip-flop clocked by clk)
Endpoint: cal_start (output port clocked by clk)
Path Group: clk
Path Type: max

Fanout         Cap        Slew       Delay        Time   Description
---------------------------------------------------------------------------------------------
                                  0.000000    0.000000   clock clk (rise edge)
                                  0.000000    0.000000   clock source latency
     3    0.022803    0.182226    0.080547    0.080547 ^ clk (in)
                                                         clk (net)
                      0.182226    0.000000    0.080547 ^ _39_/CLK (gf180mcu_fd_sc_mcu7t5v0__dffrnq_1)
     5    0.088580    2.187072    2.439281    2.519828 ^ _39_/Q (gf180mcu_fd_sc_mcu7t5v0__dffrnq_1)
                                                         state_o[1] (net)
                      2.187072    0.000000    2.519828 ^ _19_/I (gf180mcu_fd_sc_mcu7t5v0__clkinv_1)
     2    0.007442    0.550603    0.332095    2.851924 v _19_/ZN (gf180mcu_fd_sc_mcu7t5v0__clkinv_1)
                                                         _04_ (net)
                      0.550603    0.000191    2.852114 v _21_/A2 (gf180mcu_fd_sc_mcu7t5v0__nor3_1)
     2    0.077765    5.439332    3.278110    6.130224 ^ _21_/ZN (gf180mcu_fd_sc_mcu7t5v0__nor3_1)
                                                         cal_start (net)
                      5.439332    0.000000    6.130224 ^ cal_start (out)
                                              6.130224   data arrival time

                                200.000000  200.000000   clock clk (rise edge)
                                  0.000000  200.000000   clock network delay (propagated)
                                 -0.250000  199.750000   clock uncertainty
                                  0.000000  199.750000   clock reconvergence pessimism
                                -40.000000  159.749985   output external delay
                                            159.749985   data required time
---------------------------------------------------------------------------------------------
                                            159.749985   data required time
                                             -6.130224   data arrival time
---------------------------------------------------------------------------------------------
                                            153.619766   slack (MET)


Startpoint: cal_done (input port clocked by clk)
Endpoint: _39_ (rising edge-triggered flip-flop clocked by clk)
Path Group: clk
Path Type: max

Fanout         Cap        Slew       Delay        Time   Description
---------------------------------------------------------------------------------------------
                                  0.000000    0.000000   clock clk (rise edge)
                                  0.000000    0.000000   clock network delay (propagated)
                                 40.000000   40.000000 ^ input external delay
     1    0.008625    0.269485    0.118980   40.118980 ^ cal_done (in)
                                                         cal_done (net)
                      0.269485    0.000000   40.118980 ^ _25_/A2 (gf180mcu_fd_sc_mcu7t5v0__nor2_1)
     1    0.005752    0.207937    0.203514   40.322495 v _25_/ZN (gf180mcu_fd_sc_mcu7t5v0__nor2_1)
                                                         _08_ (net)
                      0.207937    0.000142   40.322636 v _26_/A4 (gf180mcu_fd_sc_mcu7t5v0__or4_1)
     1    0.005445    0.385583    1.321730   41.644367 v _26_/Z (gf180mcu_fd_sc_mcu7t5v0__or4_1)
                                                         _09_ (net)
                      0.385583    0.000174   41.644543 v _29_/A1 (gf180mcu_fd_sc_mcu7t5v0__aoi22_1)
     6    0.034055    1.838732    1.156124   42.800667 ^ _29_/ZN (gf180mcu_fd_sc_mcu7t5v0__aoi22_1)
                                                         _12_ (net)
                      1.838732    0.000643   42.801308 ^ _32_/A2 (gf180mcu_fd_sc_mcu7t5v0__nor2_1)
     1    0.004238    0.482509    0.267850   43.069157 v _32_/ZN (gf180mcu_fd_sc_mcu7t5v0__nor2_1)
                                                         _14_ (net)
                      0.482509    0.000139   43.069298 v _35_/B (gf180mcu_fd_sc_mcu7t5v0__aoi211_1)
     1    0.003770    0.760572    0.634444   43.703739 ^ _35_/ZN (gf180mcu_fd_sc_mcu7t5v0__aoi211_1)
                                                         _01_ (net)
                      0.760572    0.000114   43.703854 ^ _39_/D (gf180mcu_fd_sc_mcu7t5v0__dffrnq_1)
                                             43.703854   data arrival time

                                200.000000  200.000000   clock clk (rise edge)
                                  0.000000  200.000000   clock source latency
     3    0.022803    0.182226    0.080547  200.080536 ^ clk (in)
                                                         clk (net)
                      0.182226    0.000000  200.080536 ^ _39_/CLK (gf180mcu_fd_sc_mcu7t5v0__dffrnq_1)
                                 -0.250000  199.830551   clock uncertainty
                                  0.000000  199.830551   clock reconvergence pessimism
                                 -0.549892  199.280655   library setup time
                                            199.280655   data required time
---------------------------------------------------------------------------------------------
                                            199.280655   data required time
                                            -43.703854   data arrival time
---------------------------------------------------------------------------------------------
                                            155.576797   slack (MET)


Startpoint: cal_done (input port clocked by clk)
Endpoint: _40_ (rising edge-triggered flip-flop clocked by clk)
Path Group: clk
Path Type: max

Fanout         Cap        Slew       Delay        Time   Description
---------------------------------------------------------------------------------------------
                                  0.000000    0.000000   clock clk (rise edge)
                                  0.000000    0.000000   clock network delay (propagated)
                                 40.000000   40.000000 ^ input external delay
     1    0.008625    0.269485    0.118980   40.118980 ^ cal_done (in)
                                                         cal_done (net)
                      0.269485    0.000000   40.118980 ^ _25_/A2 (gf180mcu_fd_sc_mcu7t5v0__nor2_1)
     1    0.005752    0.207937    0.203514   40.322495 v _25_/ZN (gf180mcu_fd_sc_mcu7t5v0__nor2_1)
                                                         _08_ (net)
                      0.207937    0.000142   40.322636 v _26_/A4 (gf180mcu_fd_sc_mcu7t5v0__or4_1)
     1    0.005445    0.385583    1.321730   41.644367 v _26_/Z (gf180mcu_fd_sc_mcu7t5v0__or4_1)
                                                         _09_ (net)
                      0.385583    0.000174   41.644543 v _29_/A1 (gf180mcu_fd_sc_mcu7t5v0__aoi22_1)
     6    0.034055    1.838732    1.156124   42.800667 ^ _29_/ZN (gf180mcu_fd_sc_mcu7t5v0__aoi22_1)
                                                         _12_ (net)
                      1.838732    0.000643   42.801308 ^ _36_/A2 (gf180mcu_fd_sc_mcu7t5v0__nor2_1)
     1    0.004056    0.484718    0.263245   43.064552 v _36_/ZN (gf180mcu_fd_sc_mcu7t5v0__nor2_1)
                                                         _17_ (net)
                      0.484718    0.000135   43.064690 v _37_/B (gf180mcu_fd_sc_mcu7t5v0__aoi211_1)
     1    0.003791    0.745147    0.635648   43.700336 ^ _37_/ZN (gf180mcu_fd_sc_mcu7t5v0__aoi211_1)
                                                         _02_ (net)
                      0.745147    0.000114   43.700451 ^ _40_/D (gf180mcu_fd_sc_mcu7t5v0__dffrnq_1)
                                             43.700451   data arrival time

                                200.000000  200.000000   clock clk (rise edge)
                                  0.000000  200.000000   clock source latency
     3    0.022803    0.182226    0.080547  200.080536 ^ clk (in)
                                                         clk (net)
                      0.182226    0.000000  200.080536 ^ _40_/CLK (gf180mcu_fd_sc_mcu7t5v0__dffrnq_1)
                                 -0.250000  199.830551   clock uncertainty
                                  0.000000  199.830551   clock reconvergence pessimism
                                 -0.548360  199.282196   library setup time
                                            199.282196   data required time
---------------------------------------------------------------------------------------------
                                            199.282196   data required time
                                            -43.700451   data arrival time
---------------------------------------------------------------------------------------------
                                            155.581741   slack (MET)


Startpoint: cal_done (input port clocked by clk)
Endpoint: _38_ (rising edge-triggered flip-flop clocked by clk)
Path Group: clk
Path Type: max

Fanout         Cap        Slew       Delay        Time   Description
---------------------------------------------------------------------------------------------
                                  0.000000    0.000000   clock clk (rise edge)
                                  0.000000    0.000000   clock network delay (propagated)
                                 40.000000   40.000000 ^ input external delay
     1    0.008625    0.269485    0.118980   40.118980 ^ cal_done (in)
                                                         cal_done (net)
                      0.269485    0.000000   40.118980 ^ _25_/A2 (gf180mcu_fd_sc_mcu7t5v0__nor2_1)
     1    0.005752    0.207937    0.203514   40.322495 v _25_/ZN (gf180mcu_fd_sc_mcu7t5v0__nor2_1)
                                                         _08_ (net)
                      0.207937    0.000142   40.322636 v _26_/A4 (gf180mcu_fd_sc_mcu7t5v0__or4_1)
     1    0.005445    0.385583    1.321730   41.644367 v _26_/Z (gf180mcu_fd_sc_mcu7t5v0__or4_1)
                                                         _09_ (net)
                      0.385583    0.000174   41.644543 v _29_/A1 (gf180mcu_fd_sc_mcu7t5v0__aoi22_1)
     6    0.034055    1.838732    1.156124   42.800667 ^ _29_/ZN (gf180mcu_fd_sc_mcu7t5v0__aoi22_1)
                                                         _12_ (net)
                      1.838732    0.000654   42.801319 ^ _30_/A2 (gf180mcu_fd_sc_mcu7t5v0__oai21_1)
     1    0.004641    0.567826    0.293412   43.094730 v _30_/ZN (gf180mcu_fd_sc_mcu7t5v0__oai21_1)
                                                         _13_ (net)
                      0.567826    0.000146   43.094875 v _31_/B (gf180mcu_fd_sc_mcu7t5v0__aoi21_1)
     1    0.003646    0.500350    0.458318   43.553196 ^ _31_/ZN (gf180mcu_fd_sc_mcu7t5v0__aoi21_1)
                                                         _00_ (net)
                      0.500350    0.000110   43.553303 ^ _38_/D (gf180mcu_fd_sc_mcu7t5v0__dffrnq_1)
                                             43.553303   data arrival time

                                200.000000  200.000000   clock clk (rise edge)
                                  0.000000  200.000000   clock source latency
     3    0.022803    0.182226    0.080547  200.080536 ^ clk (in)
                                                         clk (net)
                      0.182226    0.000000  200.080536 ^ _38_/CLK (gf180mcu_fd_sc_mcu7t5v0__dffrnq_1)
                                 -0.250000  199.830551   clock uncertainty
                                  0.000000  199.830551   clock reconvergence pessimism
                                 -0.509889  199.320663   library setup time
                                            199.320663   data required time
---------------------------------------------------------------------------------------------
                                            199.320663   data required time
                                            -43.553303   data arrival time
---------------------------------------------------------------------------------------------
                                            155.767365   slack (MET)


Startpoint: _38_ (rising edge-triggered flip-flop clocked by clk)
Endpoint: state_o[0] (output port clocked by clk)
Path Group: clk
Path Type: max

Fanout         Cap        Slew       Delay        Time   Description
---------------------------------------------------------------------------------------------
                                  0.000000    0.000000   clock clk (rise edge)
                                  0.000000    0.000000   clock source latency
     3    0.022803    0.182226    0.080547    0.080547 ^ clk (in)
                                                         clk (net)
                      0.182226    0.000000    0.080547 ^ _38_/CLK (gf180mcu_fd_sc_mcu7t5v0__dffrnq_1)
     8    0.101145    2.486851    2.608902    2.689449 ^ _38_/Q (gf180mcu_fd_sc_mcu7t5v0__dffrnq_1)
                                                         state_o[0] (net)
                      2.486851    0.000000    2.689449 ^ state_o[0] (out)
                                              2.689449   data arrival time

                                200.000000  200.000000   clock clk (rise edge)
                                  0.000000  200.000000   clock network delay (propagated)
                                 -0.250000  199.750000   clock uncertainty
                                  0.000000  199.750000   clock reconvergence pessimism
                                -40.000000  159.749985   output external delay
                                            159.749985   data required time
---------------------------------------------------------------------------------------------
                                            159.749985   data required time
                                             -2.689449   data arrival time
---------------------------------------------------------------------------------------------
                                            157.060547   slack (MET)


Startpoint: _40_ (rising edge-triggered flip-flop clocked by clk)
Endpoint: state_o[2] (output port clocked by clk)
Path Group: clk
Path Type: max

Fanout         Cap        Slew       Delay        Time   Description
---------------------------------------------------------------------------------------------
                                  0.000000    0.000000   clock clk (rise edge)
                                  0.000000    0.000000   clock source latency
     3    0.022803    0.182226    0.080547    0.080547 ^ clk (in)
                                                         clk (net)
                      0.182226    0.000000    0.080547 ^ _40_/CLK (gf180mcu_fd_sc_mcu7t5v0__dffrnq_1)
     6    0.090964    2.243685    2.471463    2.552011 ^ _40_/Q (gf180mcu_fd_sc_mcu7t5v0__dffrnq_1)
                                                         state_o[2] (net)
                      2.243685    0.000000    2.552011 ^ state_o[2] (out)
                                              2.552011   data arrival time

                                200.000000  200.000000   clock clk (rise edge)
                                  0.000000  200.000000   clock network delay (propagated)
                                 -0.250000  199.750000   clock uncertainty
                                  0.000000  199.750000   clock reconvergence pessimism
                                -40.000000  159.749985   output external delay
                                            159.749985   data required time
---------------------------------------------------------------------------------------------
                                            159.749985   data required time
                                             -2.552011   data arrival time
---------------------------------------------------------------------------------------------
                                            157.197983   slack (MET)


Startpoint: _39_ (rising edge-triggered flip-flop clocked by clk)
Endpoint: state_o[1] (output port clocked by clk)
Path Group: clk
Path Type: max

Fanout         Cap        Slew       Delay        Time   Description
---------------------------------------------------------------------------------------------
                                  0.000000    0.000000   clock clk (rise edge)
                                  0.000000    0.000000   clock source latency
     3    0.022803    0.182226    0.080547    0.080547 ^ clk (in)
                                                         clk (net)
                      0.182226    0.000000    0.080547 ^ _39_/CLK (gf180mcu_fd_sc_mcu7t5v0__dffrnq_1)
     5    0.088580    2.187072    2.439281    2.519828 ^ _39_/Q (gf180mcu_fd_sc_mcu7t5v0__dffrnq_1)
                                                         state_o[1] (net)
                      2.187072    0.000000    2.519828 ^ state_o[1] (out)
                                              2.519828   data arrival time

                                200.000000  200.000000   clock clk (rise edge)
                                  0.000000  200.000000   clock network delay (propagated)
                                 -0.250000  199.750000   clock uncertainty
                                  0.000000  199.750000   clock reconvergence pessimism
                                -40.000000  159.749985   output external delay
                                            159.749985   data required time
---------------------------------------------------------------------------------------------
                                            159.749985   data required time
                                             -2.519828   data arrival time
---------------------------------------------------------------------------------------------
                                            157.230164   slack (MET)


Startpoint: rst_n (input port clocked by clk)
Endpoint: _38_ (recovery check against rising-edge clock clk)
Path Group: asynchronous
Path Type: max

Fanout         Cap        Slew       Delay        Time   Description
---------------------------------------------------------------------------------------------
                                  0.000000    0.000000   clock clk (rise edge)
                                  0.000000    0.000000   clock network delay (propagated)
                                 40.000000   40.000000 ^ input external delay
     3    0.030778    0.803172    0.418098   40.418098 ^ rst_n (in)
                                                         rst_n (net)
                      0.803172    0.000000   40.418098 ^ _38_/RN (gf180mcu_fd_sc_mcu7t5v0__dffrnq_1)
                                             40.418098   data arrival time

                                200.000000  200.000000   clock clk (rise edge)
                                  0.000000  200.000000   clock source latency
     3    0.022803    0.182226    0.080547  200.080536 ^ clk (in)
                                                         clk (net)
                      0.182226    0.000000  200.080536 ^ _38_/CLK (gf180mcu_fd_sc_mcu7t5v0__dffrnq_1)
                                 -0.250000  199.830551   clock uncertainty
                                  0.000000  199.830551   clock reconvergence pessimism
                                  0.328475  200.159012   library recovery time
                                            200.159012   data required time
---------------------------------------------------------------------------------------------
                                            200.159012   data required time
                                            -40.418098   data arrival time
---------------------------------------------------------------------------------------------
                                            159.740906   slack (MET)


Startpoint: rst_n (input port clocked by clk)
Endpoint: _39_ (recovery check against rising-edge clock clk)
Path Group: asynchronous
Path Type: max

Fanout         Cap        Slew       Delay        Time   Description
---------------------------------------------------------------------------------------------
                                  0.000000    0.000000   clock clk (rise edge)
                                  0.000000    0.000000   clock network delay (propagated)
                                 40.000000   40.000000 ^ input external delay
     3    0.030778    0.803172    0.418098   40.418098 ^ rst_n (in)
                                                         rst_n (net)
                      0.803172    0.000000   40.418098 ^ _39_/RN (gf180mcu_fd_sc_mcu7t5v0__dffrnq_1)
                                             40.418098   data arrival time

                                200.000000  200.000000   clock clk (rise edge)
                                  0.000000  200.000000   clock source latency
     3    0.022803    0.182226    0.080547  200.080536 ^ clk (in)
                                                         clk (net)
                      0.182226    0.000000  200.080536 ^ _39_/CLK (gf180mcu_fd_sc_mcu7t5v0__dffrnq_1)
                                 -0.250000  199.830551   clock uncertainty
                                  0.000000  199.830551   clock reconvergence pessimism
                                  0.328475  200.159012   library recovery time
                                            200.159012   data required time
---------------------------------------------------------------------------------------------
                                            200.159012   data required time
                                            -40.418098   data arrival time
---------------------------------------------------------------------------------------------
                                            159.740906   slack (MET)


Startpoint: rst_n (input port clocked by clk)
Endpoint: _40_ (recovery check against rising-edge clock clk)
Path Group: asynchronous
Path Type: max

Fanout         Cap        Slew       Delay        Time   Description
---------------------------------------------------------------------------------------------
                                  0.000000    0.000000   clock clk (rise edge)
                                  0.000000    0.000000   clock network delay (propagated)
                                 40.000000   40.000000 ^ input external delay
     3    0.030778    0.803172    0.418098   40.418098 ^ rst_n (in)
                                                         rst_n (net)
                      0.803172    0.000000   40.418098 ^ _40_/RN (gf180mcu_fd_sc_mcu7t5v0__dffrnq_1)
                                             40.418098   data arrival time

                                200.000000  200.000000   clock clk (rise edge)
                                  0.000000  200.000000   clock source latency
     3    0.022803    0.182226    0.080547  200.080536 ^ clk (in)
                                                         clk (net)
                      0.182226    0.000000  200.080536 ^ _40_/CLK (gf180mcu_fd_sc_mcu7t5v0__dffrnq_1)
                                 -0.250000  199.830551   clock uncertainty
                                  0.000000  199.830551   clock reconvergence pessimism
                                  0.328475  200.159012   library recovery time
                                            200.159012   data required time
---------------------------------------------------------------------------------------------
                                            200.159012   data required time
                                            -40.418098   data arrival time
---------------------------------------------------------------------------------------------
                                            159.740906   slack (MET)



%OL_END_REPORT
%OL_CREATE_REPORT checks.rpt

===========================================================================
report_checks -unconstrained
===========================================================================
======================= nom_tt_025C_3v30 Corner ===================================

Startpoint: rst_n (input port clocked by clk)
Endpoint: _38_ (recovery check against rising-edge clock clk)
Path Group: asynchronous
Path Type: max

Fanout         Cap        Slew       Delay        Time   Description
---------------------------------------------------------------------------------------------
                                  0.000000    0.000000   clock clk (rise edge)
                                  0.000000    0.000000   clock network delay (propagated)
                                 40.000000   40.000000 ^ input external delay
     3    0.030778    0.803172    0.418098   40.418098 ^ rst_n (in)
                                                         rst_n (net)
                      0.803172    0.000000   40.418098 ^ _38_/RN (gf180mcu_fd_sc_mcu7t5v0__dffrnq_1)
                                             40.418098   data arrival time

                                200.000000  200.000000   clock clk (rise edge)
                                  0.000000  200.000000   clock source latency
     3    0.022803    0.182226    0.080547  200.080536 ^ clk (in)
                                                         clk (net)
                      0.182226    0.000000  200.080536 ^ _38_/CLK (gf180mcu_fd_sc_mcu7t5v0__dffrnq_1)
                                 -0.250000  199.830551   clock uncertainty
                                  0.000000  199.830551   clock reconvergence pessimism
                                  0.328475  200.159012   library recovery time
                                            200.159012   data required time
---------------------------------------------------------------------------------------------
                                            200.159012   data required time
                                            -40.418098   data arrival time
---------------------------------------------------------------------------------------------
                                            159.740906   slack (MET)


Startpoint: _40_ (rising edge-triggered flip-flop clocked by clk)
Endpoint: read_en (output port clocked by clk)
Path Group: clk
Path Type: max

Fanout         Cap        Slew       Delay        Time   Description
---------------------------------------------------------------------------------------------
                                  0.000000    0.000000   clock clk (rise edge)
                                  0.000000    0.000000   clock source latency
     3    0.022803    0.182226    0.080547    0.080547 ^ clk (in)
                                                         clk (net)
                      0.182226    0.000000    0.080547 ^ _40_/CLK (gf180mcu_fd_sc_mcu7t5v0__dffrnq_1)
     6    0.090964    2.243685    2.471463    2.552011 ^ _40_/Q (gf180mcu_fd_sc_mcu7t5v0__dffrnq_1)
                                                         state_o[2] (net)
                      2.243685    0.000000    2.552011 ^ _23_/A2 (gf180mcu_fd_sc_mcu7t5v0__nor2_1)
     3    0.013475    0.734399    0.487757    3.039768 v _23_/ZN (gf180mcu_fd_sc_mcu7t5v0__nor2_1)
                                                         _07_ (net)
                      0.734399    0.000294    3.040062 v _24_/A3 (gf180mcu_fd_sc_mcu7t5v0__nor3_1)
     1    0.072910    5.119506    3.140603    6.180665 ^ _24_/ZN (gf180mcu_fd_sc_mcu7t5v0__nor3_1)
                                                         read_en (net)
                      5.119506    0.000000    6.180665 ^ read_en (out)
                                              6.180665   data arrival time

                                200.000000  200.000000   clock clk (rise edge)
                                  0.000000  200.000000   clock network delay (propagated)
                                 -0.250000  199.750000   clock uncertainty
                                  0.000000  199.750000   clock reconvergence pessimism
                                -40.000000  159.749985   output external delay
                                            159.749985   data required time
---------------------------------------------------------------------------------------------
                                            159.749985   data required time
                                             -6.180665   data arrival time
---------------------------------------------------------------------------------------------
                                            153.569321   slack (MET)




===========================================================================
report_checks --slack_max -0.01
============================================================================
======================= nom_tt_025C_3v30 Corner ===================================

No paths found.


===========================================================================
 report_check_types -max_slew -max_cap -max_fanout -violators
============================================================================
======================= nom_tt_025C_3v30 Corner ===================================

max slew

Pin                                        Limit        Slew       Slack
------------------------------------------------------------------------
cal_start                               3.000000    5.439332   -2.439332 (VIOLATED)
_21_/ZN                                 3.000000    5.439332   -2.439332 (VIOLATED)
_34_/A1                                 3.000000    5.439332   -2.439332 (VIOLATED)
read_en                                 3.000000    5.119506   -2.119506 (VIOLATED)
_24_/ZN                                 3.000000    5.119506   -2.119506 (VIOLATED)



===========================================================================
report_parasitic_annotation -report_unannotated
============================================================================
Found 0 unannotated drivers.
Found 5 partially unannotated drivers.
 _21_/ZN
 _24_/ZN
 _38_/Q
 _39_/Q
 _40_/Q

===========================================================================
max slew violation count 5
Writing metric design__max_slew_violation__count__corner:nom_tt_025C_3v30: 5
max fanout violation count 0
Writing metric design__max_fanout_violation__count__corner:nom_tt_025C_3v30: 0
max cap violation count 0
Writing metric design__max_cap_violation__count__corner:nom_tt_025C_3v30: 0
============================================================================

===========================================================================
check_setup -verbose -unconstrained_endpoints -multiple_clock -no_clock -no_input_delay -loops -generated_clocks
===========================================================================
%OL_END_REPORT
%OL_CREATE_REPORT power.rpt

===========================================================================
 report_power
============================================================================
======================= nom_tt_025C_3v30 Corner ===================================

Group                    Internal    Switching      Leakage        Total
                            Power        Power        Power        Power (Watts)
------------------------------------------------------------------------
Sequential           5.714374e-06 4.863101e-06 5.991568e-10 1.057807e-05  51.2%
Combinational        3.916614e-06 6.159931e-06 9.435787e-10 1.007749e-05  48.8%
Clock                0.000000e+00 0.000000e+00 6.970127e-10 6.970127e-10   0.0%
Macro                0.000000e+00 0.000000e+00 0.000000e+00 0.000000e+00   0.0%
Pad                  0.000000e+00 0.000000e+00 0.000000e+00 0.000000e+00   0.0%
------------------------------------------------------------------------
Total                9.630989e-06 1.102303e-05 2.239749e-09 2.065626e-05 100.0%
                            46.6%        53.4%         0.0%
Writing metric power__internal__total: 9.630988643039018e-6
Writing metric power__switching__total: 1.1023032129742205e-5
Writing metric power__leakage__total: 2.2397494969794707e-9
Writing metric power__total: 2.0656259948736988e-5

%OL_END_REPORT
%OL_CREATE_REPORT skew.min.rpt

===========================================================================
Clock Skew (Hold)
============================================================================
Writing metric clock__skew__worst_hold__corner:nom_tt_025C_3v30: -0.2500000277555764
======================= nom_tt_025C_3v30 Corner ===================================

Clock clk
0.080547 source latency _38_/CLK ^
-0.080547 target latency _39_/CLK ^
-0.250000 clock uncertainty
0.000000 CRPR
--------------
-0.250000 hold skew

%OL_END_REPORT
%OL_CREATE_REPORT skew.max.rpt

===========================================================================
Clock Skew (Setup)
============================================================================
Writing metric clock__skew__worst_setup__corner:nom_tt_025C_3v30: 0.2500000277555764
======================= nom_tt_025C_3v30 Corner ===================================

Clock clk
0.080547 source latency _39_/CLK ^
-0.080547 target latency _38_/CLK ^
0.250000 clock uncertainty
0.000000 CRPR
--------------
0.250000 setup skew

%OL_END_REPORT
%OL_CREATE_REPORT ws.min.rpt

===========================================================================
Worst Slack (Hold)
============================================================================
Writing metric timing__hold__ws__corner:nom_tt_025C_3v30: 2.0660984619080804
nom_tt_025C_3v30: 2.0660984619080804
%OL_END_REPORT
%OL_CREATE_REPORT ws.max.rpt

===========================================================================
Worst Slack (Setup)
============================================================================
Writing metric timing__setup__ws__corner:nom_tt_025C_3v30: 153.5693216059732
nom_tt_025C_3v30: 153.5693216059732
%OL_END_REPORT
%OL_CREATE_REPORT tns.min.rpt

===========================================================================
Total Negative Slack (Hold)
============================================================================
Writing metric timing__hold__tns__corner:nom_tt_025C_3v30: 0.0
nom_tt_025C_3v30: 0.0
%OL_END_REPORT
%OL_CREATE_REPORT tns.max.rpt

===========================================================================
Total Negative Slack (Setup)
============================================================================
Writing metric timing__setup__tns__corner:nom_tt_025C_3v30: 0.0
nom_tt_025C_3v30: 0.0
%OL_END_REPORT
%OL_CREATE_REPORT wns.min.rpt

===========================================================================
Worst Negative Slack (Hold)
============================================================================
Writing metric timing__hold__wns__corner:nom_tt_025C_3v30: 0
nom_tt_025C_3v30: 0
%OL_END_REPORT
%OL_CREATE_REPORT wns.max.rpt

===========================================================================
Worst Negative Slack (Setup)
============================================================================
Writing metric timing__setup__wns__corner:nom_tt_025C_3v30: 0.0
nom_tt_025C_3v30: 0.0
%OL_END_REPORT
%OL_CREATE_REPORT violator_list.rpt

===========================================================================
Violator List
============================================================================
Writing metric timing__hold_vio__count__corner:nom_tt_025C_3v30: 0
Writing metric timing__hold_r2r__ws__corner:nom_tt_025C_3v30: 2.066098
Writing metric timing__hold_r2r_vio__count__corner:nom_tt_025C_3v30: 0
Writing metric timing__setup_vio__count__corner:nom_tt_025C_3v30: 0
Writing metric timing__setup_r2r__ws__corner:nom_tt_025C_3v30: 1e30
Writing metric timing__setup_r2r_vio__count__corner:nom_tt_025C_3v30: 0
%OL_END_REPORT
%OL_CREATE_REPORT unpropagated.rpt
%OL_END_REPORT
%OL_CREATE_REPORT clock.rpt
Clock: clk
Sources: clk 
Generated: no
Virtual: yes
Propagated: no
Period: 200.000000

===========================================================================
report_clock_properties
============================================================================
Clock                   Period          Waveform
----------------------------------------------------
clk                 200.000000    0.000000100.000000

===========================================================================
report_clock_latency
============================================================================
Clock clk
rise -> rise
    min     max
0.000000 0.000000 source latency
0.080547         network latency _38_/CLK
        0.080547 network latency _38_/CLK
---------------
0.080547 0.080547 latency
        0.000000 skew

fall -> fall
    min     max
0.000000 0.000000 source latency
0.042313         network latency _38_/CLK
        0.042313 network latency _38_/CLK
---------------
0.042313 0.042313 latency
        0.000000 skew



===========================================================================
report_clock_min_period
============================================================================
clk period_min = 7.62 fmax = 131.19
%OL_END_REPORT
