
===========================================================================
report_checks -unconstrained
===========================================================================
======================= nom_tt_025C_3v30 Corner ===================================

Startpoint: rst_n (input port clocked by clk)
Endpoint: _12089_ (recovery check against rising-edge clock clk)
Path Group: asynchronous
Path Type: max

Fanout         Cap        Slew       Delay        Time   Description
---------------------------------------------------------------------------------------------
                                  0.000000    0.000000   clock clk (rise edge)
                                  0.000000    0.000000   clock network delay (propagated)
                                 40.000000   40.000000 ^ input external delay
     2    0.008099    0.257317    0.112010   40.112011 ^ rst_n (in)
                                                         rst_n (net)
                      0.257317    0.000000   40.112011 ^ input1/I (gf180mcu_fd_sc_mcu7t5v0__buf_2)
     1    0.029138    0.388583    0.428148   40.540157 ^ input1/Z (gf180mcu_fd_sc_mcu7t5v0__buf_2)
                                                         net1 (net)
                      0.388584    0.000803   40.540962 ^ wire2150/I (gf180mcu_fd_sc_mcu7t5v0__clkbuf_4)
     2    0.067741    0.447556    0.593371   41.134335 ^ wire2150/Z (gf180mcu_fd_sc_mcu7t5v0__clkbuf_4)
                                                         net2150 (net)
                      0.447631    0.003748   41.138081 ^ fanout2149/I (gf180mcu_fd_sc_mcu7t5v0__dlyb_1)
     5    0.113677    2.685769    2.835869   43.973949 ^ fanout2149/Z (gf180mcu_fd_sc_mcu7t5v0__dlyb_1)
                                                         net2149 (net)
                      2.685883    0.009891   43.983841 ^ fanout2146/I (gf180mcu_fd_sc_mcu7t5v0__dlyb_1)
     3    0.042375    1.055331    1.859370   45.843208 ^ fanout2146/Z (gf180mcu_fd_sc_mcu7t5v0__dlyb_1)
                                                         net2146 (net)
                      1.055334    0.001066   45.844276 ^ load_slew2148/I (gf180mcu_fd_sc_mcu7t5v0__buf_2)
     3    0.035025    0.460277    0.540542   46.384819 ^ load_slew2148/Z (gf180mcu_fd_sc_mcu7t5v0__buf_2)
                                                         net2148 (net)
                      0.460285    0.002228   46.387043 ^ fanout2143/I (gf180mcu_fd_sc_mcu7t5v0__dlyb_1)
     2    0.025859    0.684621    1.661274   48.048317 ^ fanout2143/Z (gf180mcu_fd_sc_mcu7t5v0__dlyb_1)
                                                         net2143 (net)
                      0.684621    0.000522   48.048840 ^ load_slew2145/I (gf180mcu_fd_sc_mcu7t5v0__buf_2)
     2    0.022485    0.316737    0.437954   48.486794 ^ load_slew2145/Z (gf180mcu_fd_sc_mcu7t5v0__buf_2)
                                                         net2145 (net)
                      0.316738    0.001020   48.487816 ^ fanout2140/I (gf180mcu_fd_sc_mcu7t5v0__dlyb_1)
     2    0.011896    0.382843    1.456460   49.944275 ^ fanout2140/Z (gf180mcu_fd_sc_mcu7t5v0__dlyb_1)
                                                         net2140 (net)
                      0.382843    0.000401   49.944675 ^ fanout2137/I (gf180mcu_fd_sc_mcu7t5v0__dlyb_1)
     2    0.011814    0.380977    1.461292   51.405968 ^ fanout2137/Z (gf180mcu_fd_sc_mcu7t5v0__dlyb_1)
                                                         net2137 (net)
                      0.380977    0.000515   51.406483 ^ load_slew2139/I (gf180mcu_fd_sc_mcu7t5v0__clkbuf_2)
     4    0.035610    0.465596    0.571855   51.978336 ^ load_slew2139/Z (gf180mcu_fd_sc_mcu7t5v0__clkbuf_2)
                                                         net2139 (net)
                      0.465604    0.001080   51.979416 ^ fanout2130/I (gf180mcu_fd_sc_mcu7t5v0__dlyb_1)
     4    0.023330    0.630024    1.627296   53.606712 ^ fanout2130/Z (gf180mcu_fd_sc_mcu7t5v0__dlyb_1)
                                                         net2130 (net)
                      0.630024    0.000458   53.607170 ^ load_slew2132/I (gf180mcu_fd_sc_mcu7t5v0__clkbuf_2)
     3    0.028660    0.390337    0.571720   54.178894 ^ load_slew2132/Z (gf180mcu_fd_sc_mcu7t5v0__clkbuf_2)
                                                         net2132 (net)
                      0.390340    0.001478   54.180370 ^ load_slew2131/I (gf180mcu_fd_sc_mcu7t5v0__buf_2)
     3    0.029139    0.389348    0.447177   54.627548 ^ load_slew2131/Z (gf180mcu_fd_sc_mcu7t5v0__buf_2)
                                                         net2131 (net)
                      0.389349    0.001066   54.628613 ^ _12089_/RN (gf180mcu_fd_sc_mcu7t5v0__dffrnq_1)
                                             54.628613   data arrival time

                                200.000000  200.000000   clock clk (rise edge)
                                  0.000000  200.000000   clock source latency
     4    0.149098    0.904897    0.511676  200.511673 ^ clk (in)
                                                         clk (net)
                      0.905128    0.000000  200.511673 ^ clkbuf_regs_0_clk/I (gf180mcu_fd_sc_mcu7t5v0__clkbuf_16)
     1    0.027763    0.148072    0.448793  200.960464 ^ clkbuf_regs_0_clk/Z (gf180mcu_fd_sc_mcu7t5v0__clkbuf_16)
                                                         clk_regs (net)
                      0.148077    0.001705  200.962173 ^ clkbuf_0_clk_regs/I (gf180mcu_fd_sc_mcu7t5v0__clkbuf_16)
     8    0.343399    0.550516    0.587619  201.549789 ^ clkbuf_0_clk_regs/Z (gf180mcu_fd_sc_mcu7t5v0__clkbuf_16)
                                                         clknet_0_clk_regs (net)
                      0.551529    0.013472  201.563263 ^ clkbuf_3_7__f_clk_regs/I (gf180mcu_fd_sc_mcu7t5v0__clkbuf_16)
     8    0.149041    0.289383    0.511051  202.074310 ^ clkbuf_3_7__f_clk_regs/Z (gf180mcu_fd_sc_mcu7t5v0__clkbuf_16)
                                                         clknet_3_7__leaf_clk_regs (net)
                      0.289480    0.006324  202.080627 ^ clkbuf_leaf_37_clk_regs/I (gf180mcu_fd_sc_mcu7t5v0__clkbuf_8)
    10    0.059861    0.244248    0.424066  202.504700 ^ clkbuf_leaf_37_clk_regs/Z (gf180mcu_fd_sc_mcu7t5v0__clkbuf_8)
                                                         clknet_leaf_37_clk_regs (net)
                      0.244249    0.001066  202.505768 ^ _12089_/CLK (gf180mcu_fd_sc_mcu7t5v0__dffrnq_1)
                                 -0.250000  202.255768   clock uncertainty
                                  0.000000  202.255768   clock reconvergence pessimism
                                  0.378055  202.633820   library recovery time
                                            202.633820   data required time
---------------------------------------------------------------------------------------------
                                            202.633820   data required time
                                            -54.628613   data arrival time
---------------------------------------------------------------------------------------------
                                            148.005203   slack (MET)


Startpoint: _12068_ (rising edge-triggered flip-flop clocked by clk)
Endpoint: ref_wave_y (output port clocked by clk)
Path Group: clk
Path Type: max

Fanout         Cap        Slew       Delay        Time   Description
---------------------------------------------------------------------------------------------
                                  0.000000    0.000000   clock clk (rise edge)
                                  0.000000    0.000000   clock source latency
     4    0.149098    0.904897    0.511673    0.511673 ^ clk (in)
                                                         clk (net)
                      0.905128    0.000000    0.511673 ^ clkbuf_regs_0_clk/I (gf180mcu_fd_sc_mcu7t5v0__clkbuf_16)
     1    0.027763    0.148072    0.448802    0.960474 ^ clkbuf_regs_0_clk/Z (gf180mcu_fd_sc_mcu7t5v0__clkbuf_16)
                                                         clk_regs (net)
                      0.148077    0.001696    0.962170 ^ clkbuf_0_clk_regs/I (gf180mcu_fd_sc_mcu7t5v0__clkbuf_16)
     8    0.343399    0.550516    0.587618    1.549788 ^ clkbuf_0_clk_regs/Z (gf180mcu_fd_sc_mcu7t5v0__clkbuf_16)
                                                         clknet_0_clk_regs (net)
                      0.551529    0.013473    1.563261 ^ clkbuf_3_7__f_clk_regs/I (gf180mcu_fd_sc_mcu7t5v0__clkbuf_16)
     8    0.149041    0.289383    0.511053    2.074314 ^ clkbuf_3_7__f_clk_regs/Z (gf180mcu_fd_sc_mcu7t5v0__clkbuf_16)
                                                         clknet_3_7__leaf_clk_regs (net)
                      0.289497    0.007041    2.081356 ^ clkbuf_leaf_35_clk_regs/I (gf180mcu_fd_sc_mcu7t5v0__clkbuf_8)
     9    0.076090    0.285710    0.453834    2.535189 ^ clkbuf_leaf_35_clk_regs/Z (gf180mcu_fd_sc_mcu7t5v0__clkbuf_8)
                                                         clknet_leaf_35_clk_regs (net)
                      0.285713    0.001516    2.536705 ^ _12068_/CLK (gf180mcu_fd_sc_mcu7t5v0__dffrnq_4)
     2    0.099145    0.707412    1.881715    4.418420 ^ _12068_/Q (gf180mcu_fd_sc_mcu7t5v0__dffrnq_4)
                                                         net12 (net)
                      0.707465    0.003639    4.422060 ^ load_slew1068/I (gf180mcu_fd_sc_mcu7t5v0__buf_4)
     1    0.067771    0.441176    0.493576    4.915636 ^ load_slew1068/Z (gf180mcu_fd_sc_mcu7t5v0__buf_4)
                                                         net1068 (net)
                      0.441264    0.003562    4.919198 ^ output12/I (gf180mcu_fd_sc_mcu7t5v0__buf_2)
     1    0.074357    0.905829    0.756099    5.675297 ^ output12/Z (gf180mcu_fd_sc_mcu7t5v0__buf_2)
                                                         ref_wave_y (net)
                      0.905877    0.003718    5.679015 ^ ref_wave_y (out)
                                              5.679015   data arrival time

                                200.000000  200.000000   clock clk (rise edge)
                                  0.000000  200.000000   clock network delay (propagated)
                                 -0.250000  199.750000   clock uncertainty
                                  0.000000  199.750000   clock reconvergence pessimism
                                -40.000000  159.749985   output external delay
                                            159.749985   data required time
---------------------------------------------------------------------------------------------
                                            159.749985   data required time
                                             -5.679015   data arrival time
---------------------------------------------------------------------------------------------
                                            154.070984   slack (MET)




===========================================================================
report_checks --slack_max -0.01
============================================================================
======================= nom_tt_025C_3v30 Corner ===================================

No paths found.


===========================================================================
 report_check_types -max_slew -max_cap -max_fanout -violators
============================================================================
======================= nom_tt_025C_3v30 Corner ===================================

max slew

Pin                                        Limit        Slew       Slack
------------------------------------------------------------------------
_05780_/I                               3.000000    4.144241   -1.144241 (VIOLATED)
_06750_/A2                              3.000000    4.144241   -1.144242 (VIOLATED)
_06855_/A1                              3.000000    4.144236   -1.144236 (VIOLATED)
_06752_/A2                              3.000000    4.144228   -1.144228 (VIOLATED)
_06781_/A1                              3.000000    4.144225   -1.144225 (VIOLATED)
_06824_/A2                              3.000000    4.144220   -1.144220 (VIOLATED)
_06837_/A3                              3.000000    4.144220   -1.144220 (VIOLATED)
_06773_/A2                              3.000000    4.144218   -1.144218 (VIOLATED)
_06806_/A2                              3.000000    4.144217   -1.144218 (VIOLATED)
_06790_/A2                              3.000000    4.144189   -1.144189 (VIOLATED)
fanout1717/Z                            3.000000    4.144189   -1.144189 (VIOLATED)
_06773_/A1                              3.000000    3.910656   -0.910656 (VIOLATED)
_06824_/A3                              3.000000    3.910655   -0.910655 (VIOLATED)
_06790_/A1                              3.000000    3.910644   -0.910644 (VIOLATED)
_06750_/A1                              3.000000    3.910640   -0.910640 (VIOLATED)
_06849_/A2                              3.000000    3.910640   -0.910640 (VIOLATED)
_06806_/A1                              3.000000    3.910637   -0.910637 (VIOLATED)
_05779_/I                               3.000000    3.910636   -0.910636 (VIOLATED)
_06762_/A2                              3.000000    3.910636   -0.910636 (VIOLATED)
_06799_/A1                              3.000000    3.910635   -0.910635 (VIOLATED)
_06870_/A1                              3.000000    3.910635   -0.910635 (VIOLATED)
fanout1718/Z                            3.000000    3.910607   -0.910607 (VIOLATED)
_09529_/ZN                              3.000000    3.834017   -0.834017 (VIOLATED)
_09535_/A2                              3.000000    3.834017   -0.834017 (VIOLATED)
_09663_/A3                              3.000000    3.070071   -0.070071 (VIOLATED)
_09647_/ZN                              3.000000    3.069962   -0.069962 (VIOLATED)

max fanout

Pin                                   Limit Fanout  Slack
---------------------------------------------------------
clkbuf_leaf_22_clk_regs/Z                10     13     -3 (VIOLATED)
clkbuf_leaf_0_clk_regs/Z                 10     12     -2 (VIOLATED)
clkbuf_leaf_20_clk_regs/Z                10     12     -2 (VIOLATED)
clkbuf_leaf_23_clk_regs/Z                10     12     -2 (VIOLATED)
clkbuf_leaf_24_clk_regs/Z                10     12     -2 (VIOLATED)
clkbuf_leaf_26_clk_regs/Z                10     12     -2 (VIOLATED)
clkbuf_leaf_27_clk_regs/Z                10     12     -2 (VIOLATED)
clkbuf_leaf_31_clk_regs/Z                10     12     -2 (VIOLATED)
clkbuf_leaf_36_clk_regs/Z                10     12     -2 (VIOLATED)
clkbuf_leaf_43_clk_regs/Z                10     12     -2 (VIOLATED)
clkbuf_leaf_45_clk_regs/Z                10     12     -2 (VIOLATED)
clkbuf_leaf_47_clk_regs/Z                10     12     -2 (VIOLATED)
clkbuf_leaf_51_clk_regs/Z                10     12     -2 (VIOLATED)
clkbuf_leaf_9_clk_regs/Z                 10     12     -2 (VIOLATED)
clkbuf_leaf_19_clk_regs/Z                10     11        (VIOLATED)
clkbuf_leaf_30_clk_regs/Z                10     11        (VIOLATED)
clkbuf_leaf_3_clk_regs/Z                 10     11        (VIOLATED)

max capacitance

Pin                                        Limit         Cap       Slack
------------------------------------------------------------------------
clkbuf_0_clk_regs/Z                     0.200000    0.343399   -0.143399 (VIOLATED)



===========================================================================
report_parasitic_annotation -report_unannotated
============================================================================
Found 45 unannotated drivers.
 clkload0/Z
 clkload1/Z
 clkload10/ZN
 clkload11/Z
 clkload12/ZN
 clkload13/ZN
 clkload14/Z
 clkload15/ZN
 clkload16/ZN
 clkload17/ZN
 clkload18/ZN
 clkload19/ZN
 clkload2/Z
 clkload20/Z
 clkload21/Z
 clkload22/Z
 clkload23/Z
 clkload24/ZN
 clkload25/Z
 clkload26/Z
 clkload27/ZN
 clkload28/ZN
 clkload29/ZN
 clkload3/ZN
 clkload30/ZN
 clkload31/ZN
 clkload32/Z
 clkload33/Z
 clkload34/ZN
 clkload35/ZN
 clkload36/Z
 clkload37/Z
 clkload38/ZN
 clkload39/ZN
 clkload4/Z
 clkload40/ZN
 clkload41/ZN
 clkload42/Z
 clkload43/ZN
 clkload44/ZN
 clkload5/Z
 clkload6/ZN
 clkload7/ZN
 clkload8/Z
 clkload9/Z
Found 0 partially unannotated drivers.

===========================================================================
max slew violation count 26
Writing metric design__max_slew_violation__count__corner:nom_tt_025C_3v30: 26
max fanout violation count 17
Writing metric design__max_fanout_violation__count__corner:nom_tt_025C_3v30: 17
max cap violation count 1
Writing metric design__max_cap_violation__count__corner:nom_tt_025C_3v30: 1
============================================================================

===========================================================================
check_setup -verbose -unconstrained_endpoints -multiple_clock -no_clock -no_input_delay -loops -generated_clocks
===========================================================================
