Clock: clk
Sources: clk 
Generated: no
Virtual: yes
Propagated: no
Period: 200.000000

===========================================================================
report_clock_properties
============================================================================
Clock                   Period          Waveform
----------------------------------------------------
clk                 200.000000    0.000000100.000000

===========================================================================
report_clock_latency
============================================================================
Clock clk
rise -> rise
    min     max
0.000000 0.000000 source latency
2.501448         network latency _11800_/CLK
        2.587017 network latency _11813_/CLK
---------------
2.501448 2.587017 latency
        0.085569 skew

fall -> fall
    min     max
0.000000 0.000000 source latency
2.308681         network latency _11728_/CLK
        2.398110 network latency _11813_/CLK
---------------
2.308681 2.398110 latency
        0.089429 skew



===========================================================================
report_clock_min_period
============================================================================
clk period_min = 29.07 fmax = 34.40
