Reading timing models for corner nom_tt_025C_3v30…
Reading timing library for the 'nom_tt_025C_3v30' corner at '/foss/pdks/gf180mcuD/libs.ref/gf180mcu_fd_sc_mcu7t5v0/lib/gf180mcu_fd_sc_mcu7t5v0__tt_025C_3v30.lib'…
Reading OpenROAD database at '/workspace/librelane/runs/RUN_2026-08-10_10-35-54/41-odb-diodesonports/3-openroad-globalrouting/wrapper.odb'…
Reading design constraints file at '/usr/local/lib/python3.12/dist-packages/librelane/scripts/base.sdc'…
[INFO] Using clock clk…
[INFO] Setting output delay to: 40
[INFO] Setting input delay to: 40
[INFO] Setting load to: 0.07291
[INFO] Setting clock uncertainty to: 0.25
[INFO] Setting clock transition to: 0.15
[INFO] Setting timing derate to: 5%
+ repair_antennas gf180mcu_fd_sc_mcu7t5v0__antenna -iterations 3 -ratio_margin 10
[INFO GRT-0012] Found 5 antenna violations.
[INFO GRT-0302] Inserted 4 jumpers for 4 nets.
[INFO GRT-0012] Found 1 antenna violations.
[INFO GRT-0015] Inserted 1 diodes.
[INFO GRT-0012] Found 4 antenna violations.
[INFO GRT-0302] Inserted 4 jumpers for 4 nets.
[INFO GRT-0012] Found 1 antenna violations.
[INFO GRT-0015] Inserted 1 diodes.
[INFO GRT-0012] Found 0 antenna violations.
Setting global connections for newly added cells…
[INFO] Setting global connections...
analog_block_inst matched with analog_block_inst
[INFO ODB-0403] 8 connections made, 0 conflicts skipped.
Updating metrics…
Cell type report:                       Count       Area
  Macro                                     1  115200.00
  Endcap cell                             504    2212.76
  Tap cell                               4412   19370.44
  Antenna cell                              9      39.51
  Clock buffer                             92    5316.77
  Timing Repair Buffer                   2255   47903.65
  Inverter                                452    4320.15
  Clock inverter                           29     561.97
  Sequential cell                         548   42281.75
  Multi-Input combinational cell         5323  119486.93
  Total                                 13625  356693.95
Writing OpenROAD database to '/workspace/librelane/runs/RUN_2026-08-10_10-35-54/42-openroad-repairantennas/1-openroad-diodeinsertion/wrapper.odb'…
Writing layout to '/workspace/librelane/runs/RUN_2026-08-10_10-35-54/42-openroad-repairantennas/1-openroad-diodeinsertion/wrapper.def'…
