Clock: clk
Sources: clk 
Generated: no
Virtual: yes
Propagated: no
Period: 200.000000

===========================================================================
report_clock_properties
============================================================================
Clock                   Period          Waveform
----------------------------------------------------
clk                 200.000000    0.000000100.000000

===========================================================================
report_clock_latency
============================================================================
Clock clk
rise -> rise
    min     max
0.000000 0.000000 source latency
1.418309         network latency _40_/CLK
        1.421219 network latency _39_/CLK
---------------
1.418309 1.421219 latency
        0.002910 skew

fall -> fall
    min     max
0.000000 0.000000 source latency
1.351992         network latency _40_/CLK
        1.354934 network latency _39_/CLK
---------------
1.351992 1.354934 latency
        0.002942 skew



===========================================================================
report_clock_min_period
============================================================================
clk period_min = 12.73 fmax = 78.55
