Reading timing models for corner nom_tt_025C_5v00…
Reading timing library for the 'nom_tt_025C_5v00' corner at '/workspace/gf180mcu/gf180mcuD/libs.ref/gf180mcu_fd_sc_mcu7t5v0/lib/gf180mcu_fd_sc_mcu7t5v0__tt_025C_5v00.lib'…
Reading timing library for the 'nom_tt_025C_5v00' corner at '/workspace/gf180mcu/gf180mcuD/libs.ref/gf180mcu_fd_io/lib/gf180mcu_fd_io__tt_025C_5v00.lib'…
Reading timing library for the 'nom_tt_025C_5v00' corner at '/workspace/gf180mcu/gf180mcuD/libs.ref/gf180mcu_fd_io/lib/gf180mcu_ws_io__tt_025C_5v00.lib'…
Reading timing library for the 'nom_tt_025C_5v00' corner at '/workspace/ip/gf180mcu_ws_ip__id/lib/gf180mcu_ws_ip__id.lib'…
Reading timing library for the 'nom_tt_025C_5v00' corner at '/workspace/ip/gf180mcu_ws_ip__logo/lib/gf180mcu_ws_ip__logo.lib'…
Reading OpenROAD database at '/workspace/librelane/runs/RUN_2026-08-03_00-34-52/25-openroad-globalplacementskipio/chip_top.odb'…
[WARNING ORD-2001] LEF macro gf180mcu_ef_io__bi_t pin ANA missing from liberty cell.
Reading design constraints file at '/workspace/librelane/chip_top.sdc'…
[INFO] Using clock clk_PAD…
[INFO] Setting output delay to: 8
[INFO] Setting input delay to: 8
[WARNING STA-0366] port 'input_PAD[*]' not found.
[INFO] Setting load to: 0.07291
[INFO] Setting clock uncertainty to: 0.25
[INFO] Setting clock transition to: 0.15
[INFO] Setting timing derate to: 5%
[INFO] Setting signal min routing layer to: Metal2 and clock min routing layer to Metal2. 
[INFO] Setting signal max routing layer to: Metal5 and clock max routing layer to Metal5. 
+ global_placement -density 0.35 -routability_driven -pad_right 0 -pad_left 0 -init_wirelength_coef 0.25
[INFO GPL-0001] ---- Initialize GPL Main Data Structures
[INFO GPL-0002] DBU: 2000
[INFO GPL-0003] SiteSize: (  0.560  3.920 ) um
[INFO GPL-0004] CoreBBox: ( 442.400 442.960 ) ( 2492.560 2489.200 ) um
[INFO GPL-0036] Movable instances area:     128976.781 um^2
[INFO GPL-0037] Total instances area:       291425.971 um^2
[INFO GPL-0035] Pin density area adjust:     17537.659 um^2
[INFO GPL-0032] ---- Initialize Region: Top-level
[INFO GPL-0006] Number of instances:             32692
[INFO GPL-0007] Movable instances:                5438
[INFO GPL-0008] Fixed instances:                 27254
[INFO GPL-0009] Dummy instances:                     0
[INFO GPL-0010] Number of nets:                   5541
[INFO GPL-0011] Number of pins:                  19651
[INFO GPL-0012] Die BBox:  (  0.000  0.000 ) ( 2935.000 2935.000 ) um
[INFO GPL-0013] Core BBox: ( 442.400 442.960 ) ( 2492.560 2489.200 ) um
[INFO GPL-0016] Core area:                  4195119.398 um^2
[INFO GPL-0014] Region name: top-level.
[INFO GPL-0015] Region area:                4195119.398 um^2
[INFO GPL-0017] Fixed instances area:       119655.962 um^2
[INFO GPL-0018] Movable instances area:     146514.439 um^2
[INFO GPL-0019] Utilization:                     3.595 %
[INFO GPL-0020] Standard cells area:        146514.439 um^2
[INFO GPL-0021] Large instances area:            0.000 um^2
[INFO GPL-0005] ---- Execute Conjugate Gradient Initial Placement.
[INFO GPL-0051] Source of initial instance position counters:
	Odb location = 5438	Core center = 0	Region center = 0
[InitialPlace]  Iter: 1 conjugate gradient residual: 0.00007369 HPWL: 1002601581
[InitialPlace]  Iter: 2 conjugate gradient residual: 0.00002206 HPWL: 518739012
[InitialPlace]  Iter: 3 conjugate gradient residual: 0.00002005 HPWL: 476203624
[InitialPlace]  Iter: 4 conjugate gradient residual: 0.00003188 HPWL: 471710323
[InitialPlace]  Iter: 5 conjugate gradient residual: 0.00001060 HPWL: 470596083
[InitialPlace]  Iter: 6 conjugate gradient residual: 0.00000955 HPWL: 470104297
[INFO GPL-0033] ---- Initialize Nesterov Region: Top-level
[INFO GPL-0023] Placement target density:       0.3500
[INFO GPL-0024] Movable insts average area:     26.943 um^2
[INFO GPL-0025] Ideal bin area:                 76.979 um^2
[INFO GPL-0026] Ideal bin count:                 54496
[INFO GPL-0027] Total bin area:             4195119.398 um^2
[INFO GPL-0028] Bin count (X, Y):         128 ,    128
[INFO GPL-0029] Bin size (W * H):      16.017 * 15.986 um
[INFO GPL-0030] Number of bins:                  16384
[INFO GPL-0007] ---- Execute Nesterov Global Placement.
[INFO GPL-0031] HPWL: Half-Perimeter Wirelength
Iteration | Overflow |     HPWL (um) |  HPWL(%) |   Penalty | Group
---------------------------------------------------------------
        0 |   0.9570 |  8.754467e+04 |   +0.00% |  1.24e-16 |      
       10 |   0.9345 |  1.058580e+05 |  +20.92% |  2.02e-16 |      
       20 |   0.9217 |  1.104216e+05 |   +4.31% |  3.28e-16 |      
       30 |   0.9161 |  1.133390e+05 |   +2.64% |  5.34e-16 |      
       40 |   0.9158 |  1.138874e+05 |   +0.48% |  8.69e-16 |      
       50 |   0.9175 |  1.131984e+05 |   -0.61% |  1.42e-15 |      
       60 |   0.9195 |  1.125804e+05 |   -0.55% |  2.31e-15 |      
       70 |   0.9196 |  1.124744e+05 |   -0.09% |  3.76e-15 |      
       80 |   0.9193 |  1.126056e+05 |   +0.12% |  6.12e-15 |      
       90 |   0.9190 |  1.127159e+05 |   +0.10% |  9.97e-15 |      
      100 |   0.9184 |  1.127876e+05 |   +0.06% |  1.62e-14 |      
      110 |   0.9178 |  1.130211e+05 |   +0.21% |  2.65e-14 |      
      120 |   0.9164 |  1.135559e+05 |   +0.47% |  4.31e-14 |      
      130 |   0.9149 |  1.144736e+05 |   +0.81% |  7.02e-14 |      
      140 |   0.9136 |  1.160204e+05 |   +1.35% |  1.14e-13 |      
      150 |   0.9118 |  1.187838e+05 |   +2.38% |  1.86e-13 |      
      160 |   0.9095 |  1.237838e+05 |   +4.21% |  3.03e-13 |      
      170 |   0.9045 |  1.327977e+05 |   +7.28% |  4.92e-13 |      
      180 |   0.8930 |  1.454547e+05 |   +9.53% |  7.99e-13 |      
      190 |   0.8767 |  1.566789e+05 |   +7.72% |  1.30e-12 |      
      200 |   0.8605 |  1.666116e+05 |   +6.34% |  2.11e-12 |      
      210 |   0.8381 |  1.768756e+05 |   +6.16% |  3.43e-12 |      
      220 |   0.8166 |  1.861783e+05 |   +5.26% |  5.58e-12 |      
      230 |   0.7869 |  2.034369e+05 |   +9.27% |  9.05e-12 |      
      240 |   0.7577 |  2.219867e+05 |   +9.12% |  1.47e-11 |      
      250 |   0.7227 |  2.321027e+05 |   +4.56% |  2.39e-11 |      
      260 |   0.6851 |  2.528655e+05 |   +8.95% |  3.87e-11 |      
      270 |   0.6430 |  2.606113e+05 |   +3.06% |  6.29e-11 |      
      280 |   0.6007 |  2.786611e+05 |   +6.93% |  1.02e-10 |      
[INFO GPL-0038] Routability snapshot saved at iter = 282
      281 |   0.5955 |  2.787345e+05 |          |           |      
      290 |   0.5489 |  2.906384e+05 |   +4.30% |  1.66e-10 |      
      300 |   0.4945 |  2.981026e+05 |   +2.57% |  2.70e-10 |      
      310 |   0.4304 |  3.072144e+05 |   +3.06% |  4.38e-10 |      
      320 |   0.3707 |  3.156808e+05 |   +2.76% |  7.13e-10 |      
      330 |   0.3294 |  3.218998e+05 |   +1.97% |  1.10e-09 |      
      340 |   0.2996 |  3.247085e+05 |   +0.87% |  1.62e-09 |      
[INFO GPL-0040] Routability iteration: 1
[INFO GPL-0041] Total routing overflow: 19.9354
[INFO GPL-0042] Number of overflowed tiles: 3837 (3.15%)
[INFO GPL-0043] Average top 0.5% routing congestion: 1.0211
[INFO GPL-0044] Average top 1.0% routing congestion: 1.0136
[INFO GPL-0045] Average top 2.0% routing congestion: 1.0079
[INFO GPL-0046] Average top 5.0% routing congestion: 1.0033
[INFO GPL-0047] Routability iteration weighted routing congestion: 1.0174
[INFO GPL-0048] Routing congestion (1.0174) lower than previous minimum (1e+30). Updating minimum.
[INFO GPL-0051] Inflated area:                 474.457 um^2 (+0.32%)
[INFO GPL-0052] Placement target density:       0.3500
[INFO GPL-0076] Removing fillers, count: Before: 48827, After: 48809 (-0.04%)
[INFO GPL-0077] Filler area (um^2)     : Before: 1279897.703, After: 1279404.448 (-0.04%)
[INFO GPL-0078] Removed fillers count: 18, area removed: 471.824 um^2. Remaining area to be compensated by modifying density: 2.633 um^2
[INFO GPL-0058] White space area:           4075463.437 um^2 (+0.00%)
[INFO GPL-0059] Movable instances area:     1426412.143 um^2 (+0.00%)
[INFO GPL-0060] Total filler area:          1279404.448 um^2 (-0.04%)
[INFO GPL-0061] Total non-inflated area:    1426393.345 um^2 (-0.00%)
[INFO GPL-0062] Total inflated area:        1426867.802 um^2 (-0.00%)
[INFO GPL-0063] New Target Density:             0.3500
[INFO GPL-0087] Routability end iteration: increase inflation and revert back to snapshot.
Iteration | Overflow |     HPWL (um) |  HPWL(%) |   Penalty | Group
---------------------------------------------------------------
      350 |   0.5502 |  2.903117e+05 |  -10.59% |  1.59e-10 |      
      360 |   0.5117 |  2.949936e+05 |   +1.61% |  2.34e-10 |      
      370 |   0.4584 |  3.011265e+05 |   +2.08% |  3.45e-10 |      
      380 |   0.4108 |  3.080593e+05 |   +2.30% |  5.07e-10 |      
      390 |   0.3633 |  3.143087e+05 |   +2.03% |  7.46e-10 |      
      400 |   0.3335 |  3.201861e+05 |   +1.87% |  1.10e-09 |      
      410 |   0.3021 |  3.250974e+05 |   +1.53% |  1.62e-09 |      
[INFO GPL-0040] Routability iteration: 2
[INFO GPL-0041] Total routing overflow: 19.8637
[INFO GPL-0042] Number of overflowed tiles: 3835 (3.15%)
[INFO GPL-0043] Average top 0.5% routing congestion: 1.0210
[INFO GPL-0044] Average top 1.0% routing congestion: 1.0135
[INFO GPL-0045] Average top 2.0% routing congestion: 1.0079
[INFO GPL-0046] Average top 5.0% routing congestion: 1.0033
[INFO GPL-0047] Routability iteration weighted routing congestion: 1.0173
[INFO GPL-0049] Routing congestion (1.0173) higher than minimum (1.0174). Consecutive non-improvement count: 1.
[INFO GPL-0051] Inflated area:                 485.923 um^2 (+0.33%)
[INFO GPL-0052] Placement target density:       0.3500
[INFO GPL-0076] Removing fillers, count: Before: 48809, After: 48791 (-0.04%)
[INFO GPL-0077] Filler area (um^2)     : Before: 1279404.448, After: 1278932.624 (-0.04%)
[INFO GPL-0078] Removed fillers count: 18, area removed: 471.824 um^2. Remaining area to be compensated by modifying density: 14.098 um^2
[INFO GPL-0058] White space area:           4075463.437 um^2 (+0.00%)
[INFO GPL-0059] Movable instances area:     1426412.143 um^2 (+0.00%)
[INFO GPL-0060] Total filler area:          1278932.624 um^2 (-0.04%)
[INFO GPL-0061] Total non-inflated area:    1426407.443 um^2 (+0.00%)
[INFO GPL-0062] Total inflated area:        1426893.366 um^2 (+0.00%)
[INFO GPL-0063] New Target Density:             0.3500
[INFO GPL-0087] Routability end iteration: increase inflation and revert back to snapshot.
Iteration | Overflow |     HPWL (um) |  HPWL(%) |   Penalty | Group
---------------------------------------------------------------
      420 |   0.5544 |  2.915661e+05 |  -10.31% |  1.53e-10 |      
      430 |   0.5157 |  2.944917e+05 |   +1.00% |  2.25e-10 |      
      440 |   0.4648 |  3.007980e+05 |   +2.14% |  3.32e-10 |      
      450 |   0.4142 |  3.079635e+05 |   +2.38% |  4.88e-10 |      
      460 |   0.3679 |  3.144768e+05 |   +2.11% |  7.18e-10 |      
      470 |   0.3349 |  3.202820e+05 |   +1.85% |  1.06e-09 |      
      480 |   0.3051 |  3.254534e+05 |   +1.61% |  1.55e-09 |      
[INFO GPL-0040] Routability iteration: 3
[INFO GPL-0041] Total routing overflow: 19.4378
[INFO GPL-0042] Number of overflowed tiles: 3832 (3.15%)
[INFO GPL-0043] Average top 0.5% routing congestion: 1.0203
[INFO GPL-0044] Average top 1.0% routing congestion: 1.0132
[INFO GPL-0045] Average top 2.0% routing congestion: 1.0077
[INFO GPL-0046] Average top 5.0% routing congestion: 1.0032
[INFO GPL-0047] Routability iteration weighted routing congestion: 1.0168
[INFO GPL-0049] Routing congestion (1.0168) higher than minimum (1.0174). Consecutive non-improvement count: 2.
[INFO GPL-0051] Inflated area:                 490.705 um^2 (+0.33%)
[INFO GPL-0052] Placement target density:       0.3500
[INFO GPL-0076] Removing fillers, count: Before: 48791, After: 48773 (-0.04%)
[INFO GPL-0077] Filler area (um^2)     : Before: 1278932.624, After: 1278460.799 (-0.04%)
[INFO GPL-0078] Removed fillers count: 18, area removed: 471.824 um^2. Remaining area to be compensated by modifying density: 18.881 um^2
[INFO GPL-0058] White space area:           4075463.437 um^2 (+0.00%)
[INFO GPL-0059] Movable instances area:     1426412.143 um^2 (+0.00%)
[INFO GPL-0060] Total filler area:          1278460.799 um^2 (-0.04%)
[INFO GPL-0061] Total non-inflated area:    1426426.323 um^2 (+0.00%)
[INFO GPL-0062] Total inflated area:        1426917.028 um^2 (+0.00%)
[INFO GPL-0063] New Target Density:             0.3500
[INFO GPL-0087] Routability end iteration: increase inflation and revert back to snapshot.
Iteration | Overflow |     HPWL (um) |  HPWL(%) |   Penalty | Group
---------------------------------------------------------------
      490 |   0.5584 |  2.910350e+05 |  -10.58% |  1.47e-10 |      
      500 |   0.5197 |  2.944797e+05 |   +1.18% |  2.17e-10 |      
      510 |   0.4708 |  3.005271e+05 |   +2.05% |  3.19e-10 |      
      520 |   0.4187 |  3.079986e+05 |   +2.49% |  4.69e-10 |      
      530 |   0.3722 |  3.148399e+05 |   +2.22% |  6.91e-10 |      
      540 |   0.3369 |  3.206707e+05 |   +1.85% |  1.02e-09 |      
      550 |   0.3087 |  3.260834e+05 |   +1.69% |  1.50e-09 |      
[INFO GPL-0040] Routability iteration: 4
[INFO GPL-0041] Total routing overflow: 18.9973
[INFO GPL-0042] Number of overflowed tiles: 3831 (3.15%)
[INFO GPL-0043] Average top 0.5% routing congestion: 1.0196
[INFO GPL-0044] Average top 1.0% routing congestion: 1.0128
[INFO GPL-0045] Average top 2.0% routing congestion: 1.0075
[INFO GPL-0046] Average top 5.0% routing congestion: 1.0031
[INFO GPL-0047] Routability iteration weighted routing congestion: 1.0162
[INFO GPL-0048] Routing congestion (1.0162) lower than previous minimum (1.017). Updating minimum.
[INFO GPL-0051] Inflated area:                 296.126 um^2 (+0.20%)
[INFO GPL-0052] Placement target density:       0.3500
[INFO GPL-0076] Removing fillers, count: Before: 48773, After: 48762 (-0.02%)
[INFO GPL-0077] Filler area (um^2)     : Before: 1278460.799, After: 1278172.462 (-0.02%)
[INFO GPL-0078] Removed fillers count: 11, area removed: 288.337 um^2. Remaining area to be compensated by modifying density: 7.789 um^2
[INFO GPL-0058] White space area:           4075463.437 um^2 (+0.00%)
[INFO GPL-0059] Movable instances area:     1426412.143 um^2 (+0.00%)
[INFO GPL-0060] Total filler area:          1278172.462 um^2 (-0.02%)
[INFO GPL-0061] Total non-inflated area:    1426434.113 um^2 (+0.00%)
[INFO GPL-0062] Total inflated area:        1426730.239 um^2 (+0.00%)
[INFO GPL-0063] New Target Density:             0.3500
[INFO GPL-0087] Routability end iteration: increase inflation and revert back to snapshot.
Iteration | Overflow |     HPWL (um) |  HPWL(%) |   Penalty | Group
---------------------------------------------------------------
      560 |   0.5635 |  2.906551e+05 |  -10.86% |  1.42e-10 |      
      570 |   0.5236 |  2.935412e+05 |   +0.99% |  2.09e-10 |      
      580 |   0.4768 |  2.999636e+05 |   +2.19% |  3.07e-10 |      
      590 |   0.4249 |  3.075331e+05 |   +2.52% |  4.52e-10 |      
      600 |   0.3764 |  3.146766e+05 |   +2.32% |  6.64e-10 |      
      610 |   0.3392 |  3.206110e+05 |   +1.89% |  9.78e-10 |      
      620 |   0.3118 |  3.260293e+05 |   +1.69% |  1.44e-09 |      
[INFO GPL-0040] Routability iteration: 5
[INFO GPL-0041] Total routing overflow: 18.9260
[INFO GPL-0042] Number of overflowed tiles: 3831 (3.15%)
[INFO GPL-0043] Average top 0.5% routing congestion: 1.0195
[INFO GPL-0044] Average top 1.0% routing congestion: 1.0127
[INFO GPL-0045] Average top 2.0% routing congestion: 1.0075
[INFO GPL-0046] Average top 5.0% routing congestion: 1.0031
[INFO GPL-0047] Routability iteration weighted routing congestion: 1.0161
[INFO GPL-0049] Routing congestion (1.0161) higher than minimum (1.0162). Consecutive non-improvement count: 1.
[INFO GPL-0051] Inflated area:                 390.923 um^2 (+0.26%)
[INFO GPL-0052] Placement target density:       0.3500
[INFO GPL-0076] Removing fillers, count: Before: 48762, After: 48748 (-0.03%)
[INFO GPL-0077] Filler area (um^2)     : Before: 1278172.462, After: 1277805.488 (-0.03%)
[INFO GPL-0078] Removed fillers count: 14, area removed: 366.975 um^2. Remaining area to be compensated by modifying density: 23.949 um^2
[INFO GPL-0058] White space area:           4075463.437 um^2 (+0.00%)
[INFO GPL-0059] Movable instances area:     1426412.143 um^2 (+0.00%)
[INFO GPL-0060] Total filler area:          1277805.488 um^2 (-0.03%)
[INFO GPL-0061] Total non-inflated area:    1426458.061 um^2 (+0.00%)
[INFO GPL-0062] Total inflated area:        1426848.985 um^2 (+0.00%)
[INFO GPL-0063] New Target Density:             0.3500
[INFO GPL-0087] Routability end iteration: increase inflation and revert back to snapshot.
Iteration | Overflow |     HPWL (um) |  HPWL(%) |   Penalty | Group
---------------------------------------------------------------
      630 |   0.5683 |  2.885598e+05 |  -11.49% |  1.36e-10 |      
      640 |   0.5270 |  2.940171e+05 |   +1.89% |  2.01e-10 |      
      650 |   0.4823 |  3.003550e+05 |   +2.16% |  2.95e-10 |      
      660 |   0.4289 |  3.076723e+05 |   +2.44% |  4.34e-10 |      
      670 |   0.3803 |  3.149966e+05 |   +2.38% |  6.39e-10 |      
      680 |   0.3428 |  3.207512e+05 |   +1.83% |  9.41e-10 |      
      690 |   0.3153 |  3.262938e+05 |   +1.73% |  1.38e-09 |      
[INFO GPL-0040] Routability iteration: 6
[INFO GPL-0041] Total routing overflow: 18.9023
[INFO GPL-0042] Number of overflowed tiles: 3832 (3.15%)
[INFO GPL-0043] Average top 0.5% routing congestion: 1.0195
[INFO GPL-0044] Average top 1.0% routing congestion: 1.0127
[INFO GPL-0045] Average top 2.0% routing congestion: 1.0075
[INFO GPL-0046] Average top 5.0% routing congestion: 1.0031
[INFO GPL-0047] Routability iteration weighted routing congestion: 1.0161
[INFO GPL-0049] Routing congestion (1.0161) higher than minimum (1.0162). Consecutive non-improvement count: 2.
[INFO GPL-0051] Inflated area:                 311.797 um^2 (+0.21%)
[INFO GPL-0052] Placement target density:       0.3500
[INFO GPL-0076] Removing fillers, count: Before: 48748, After: 48737 (-0.02%)
[INFO GPL-0077] Filler area (um^2)     : Before: 1277805.488, After: 1277517.150 (-0.02%)
[INFO GPL-0078] Removed fillers count: 11, area removed: 288.337 um^2. Remaining area to be compensated by modifying density: 23.460 um^2
[INFO GPL-0058] White space area:           4075463.437 um^2 (+0.00%)
[INFO GPL-0059] Movable instances area:     1426412.143 um^2 (+0.00%)
[INFO GPL-0060] Total filler area:          1277517.150 um^2 (-0.02%)
[INFO GPL-0061] Total non-inflated area:    1426481.522 um^2 (+0.00%)
[INFO GPL-0062] Total inflated area:        1426793.319 um^2 (+0.00%)
[INFO GPL-0063] New Target Density:             0.3500
[INFO GPL-0087] Routability end iteration: increase inflation and revert back to snapshot.
Iteration | Overflow |     HPWL (um) |  HPWL(%) |   Penalty | Group
---------------------------------------------------------------
      700 |   0.5735 |  2.868367e+05 |  -12.09% |  1.31e-10 |      
      710 |   0.5293 |  2.941004e+05 |   +2.53% |  1.93e-10 |      
      720 |   0.4877 |  3.000325e+05 |   +2.02% |  2.84e-10 |      
      730 |   0.4323 |  3.076460e+05 |   +2.54% |  4.18e-10 |      
      740 |   0.3848 |  3.149817e+05 |   +2.38% |  6.15e-10 |      
      750 |   0.3468 |  3.206822e+05 |   +1.81% |  9.05e-10 |      
      760 |   0.3189 |  3.261491e+05 |   +1.70% |  1.33e-09 |      
[INFO GPL-0040] Routability iteration: 7
[INFO GPL-0041] Total routing overflow: 19.0189
[INFO GPL-0042] Number of overflowed tiles: 3827 (3.14%)
[INFO GPL-0043] Average top 0.5% routing congestion: 1.0197
[INFO GPL-0044] Average top 1.0% routing congestion: 1.0128
[INFO GPL-0045] Average top 2.0% routing congestion: 1.0075
[INFO GPL-0046] Average top 5.0% routing congestion: 1.0031
[INFO GPL-0047] Routability iteration weighted routing congestion: 1.0163
[INFO GPL-0049] Routing congestion (1.0163) higher than minimum (1.0162). Consecutive non-improvement count: 3.
[INFO GPL-0051] Inflated area:                 266.231 um^2 (+0.18%)
[INFO GPL-0052] Placement target density:       0.3500
[INFO GPL-0076] Removing fillers, count: Before: 48737, After: 48727 (-0.02%)
[INFO GPL-0077] Filler area (um^2)     : Before: 1277517.150, After: 1277255.026 (-0.02%)
[INFO GPL-0078] Removed fillers count: 10, area removed: 262.125 um^2. Remaining area to be compensated by modifying density: 4.107 um^2
[INFO GPL-0054] No improvement in routing congestion for 3 consecutive iterations (limit is 3).
[INFO GPL-0055] Reverting inflation values and target density from the iteration with minimum observed routing congestion.
[INFO GPL-0056] Minimum observed routing congestion: 1.0162
[INFO GPL-0057] Target density at minimum routing congestion: 0.3500
[INFO GPL-0080] Restoring 46 previously removed fillers.
[INFO GPL-0081] Number of fillers before restoration 48727 and after 48773 . Relative change: +0.09%%
[INFO GPL-0082] Total filler area before restoration 1277255.03 and after 1278460.80 (um^2). Relative change: +0.09%%
[INFO GPL-0089] Routability finished. Reverting to minimal observed routing congestion, could not reach target.
Iteration | Overflow |     HPWL (um) |  HPWL(%) |   Penalty | Group
---------------------------------------------------------------
      770 |   0.5787 |  2.807945e+05 |  -13.91% |  1.22e-10 |      
      780 |   0.5370 |  2.916030e+05 |   +3.85% |  1.79e-10 |      
      790 |   0.4925 |  2.977514e+05 |   +2.11% |  2.63e-10 |      
      800 |   0.4404 |  3.048007e+05 |   +2.37% |  3.87e-10 |      
      810 |   0.3938 |  3.117670e+05 |   +2.29% |  5.69e-10 |      
      820 |   0.3507 |  3.177066e+05 |   +1.91% |  8.38e-10 |      
      830 |   0.3239 |  3.235601e+05 |   +1.84% |  1.23e-09 |      
      840 |   0.2913 |  3.278113e+05 |   +1.31% |  1.81e-09 |      
      850 |   0.2565 |  3.311506e+05 |   +1.02% |  2.67e-09 |      
      860 |   0.2247 |  3.331090e+05 |   +0.59% |  3.93e-09 |      
      870 |   0.2019 |  3.355436e+05 |   +0.73% |  5.79e-09 |      
      880 |   0.1787 |  3.378672e+05 |   +0.69% |  8.53e-09 |      
      890 |   0.1564 |  3.401128e+05 |   +0.66% |  1.26e-08 |      
      900 |   0.1352 |  3.418011e+05 |   +0.50% |  1.85e-08 |      
      910 |   0.1157 |  3.427449e+05 |   +0.28% |  2.73e-08 |      
      920 |   0.1000 |  3.436242e+05 |   +0.26% |  4.01e-08 |      
      921 |   0.0983 |  3.437694e+05 |          |  4.34e-08 |      
---------------------------------------------------------------
[INFO GPL-1001] Global placement finished at iteration 921
[INFO GPL-1003] Routability mode iteration count: 549
[INFO GPL-1005] Routability final weighted congestion: 1.0154
[INFO GPL-1002] Placed Cell Area            148964.3713
[INFO GPL-1003] Available Free Area         4075463.4368
[INFO GPL-1004] Minimum Feasible Density        0.0400 (cell_area / free_area)
[INFO GPL-1006]   Suggested Target Densities:
[INFO GPL-1007]     - For 90% usage of free space: 0.0406
[INFO GPL-1008]     - For 80% usage of free space: 0.0457
[INFO GPL-1009]     - For 50% usage of free space: 0.0731
[INFO GPL-1011] Original area (um^2): 146514.44
[INFO GPL-1012] Total routability artificial inflation: 1451.08 (+0.99%)
[INFO GPL-1014] Final placement area: 148964.37 (+1.67%)
Setting global connections for newly added cells…
[INFO] Setting global connections...
[INFO ODB-0403] 0 connections made, 0 conflicts skipped.
Updating metrics…
Cell type report:                       Count       Area
  Macro                                     2   40912.40
  Input pad                                 3   78750.00
  Input/output pad                         80 2100000.00
  Power pad                                 8  210000.00
  Pad spacer                              329  653450.00
  Endcap cell                            1048  508683.58
  Tap cell                              27254  119655.96
  Tie cell                                125    1097.60
  Inverter                                423    3714.28
  Sequential cell                         569   42261.99
  Multi-Input combinational cell         4321   81902.91
  Total                                 34162 3840428.72
Writing OpenROAD database to '/workspace/librelane/runs/RUN_2026-08-03_00-34-52/27-openroad-globalplacement/chip_top.odb'…
Writing netlist to '/workspace/librelane/runs/RUN_2026-08-03_00-34-52/27-openroad-globalplacement/chip_top.nl.v'…
Writing powered netlist to '/workspace/librelane/runs/RUN_2026-08-03_00-34-52/27-openroad-globalplacement/chip_top.pnl.v'…
Writing layout to '/workspace/librelane/runs/RUN_2026-08-03_00-34-52/27-openroad-globalplacement/chip_top.def'…
Writing timing constraints to '/workspace/librelane/runs/RUN_2026-08-03_00-34-52/27-openroad-globalplacement/chip_top.sdc'…
