Reading timing models for corner max_ff_n40C_5v50…
Reading timing library for the 'max_ff_n40C_5v50' corner at '/workspace/gf180mcu/gf180mcuD/libs.ref/gf180mcu_fd_sc_mcu7t5v0/lib/gf180mcu_fd_sc_mcu7t5v0__ff_n40C_5v50.lib'…
Reading timing library for the 'max_ff_n40C_5v50' corner at '/workspace/gf180mcu/gf180mcuD/libs.ref/gf180mcu_fd_io/lib/gf180mcu_fd_io__ff_n40C_5v50.lib'…
Reading timing library for the 'max_ff_n40C_5v50' corner at '/workspace/gf180mcu/gf180mcuD/libs.ref/gf180mcu_fd_io/lib/gf180mcu_ws_io__ff_n40C_5v50.lib'…
Reading timing library for the 'max_ff_n40C_5v50' corner at '/workspace/ip/gf180mcu_ws_ip__id/lib/gf180mcu_ws_ip__id.lib'…
Reading timing library for the 'max_ff_n40C_5v50' corner at '/workspace/ip/gf180mcu_ws_ip__logo/lib/gf180mcu_ws_ip__logo.lib'…
Reading timing models for corner max_tt_025C_5v00…
Reading timing library for the 'max_tt_025C_5v00' corner at '/workspace/gf180mcu/gf180mcuD/libs.ref/gf180mcu_fd_sc_mcu7t5v0/lib/gf180mcu_fd_sc_mcu7t5v0__tt_025C_5v00.lib'…
Reading timing library for the 'max_tt_025C_5v00' corner at '/workspace/gf180mcu/gf180mcuD/libs.ref/gf180mcu_fd_io/lib/gf180mcu_fd_io__tt_025C_5v00.lib'…
Reading timing library for the 'max_tt_025C_5v00' corner at '/workspace/gf180mcu/gf180mcuD/libs.ref/gf180mcu_fd_io/lib/gf180mcu_ws_io__tt_025C_5v00.lib'…
Reading timing library for the 'max_tt_025C_5v00' corner at '/workspace/ip/gf180mcu_ws_ip__id/lib/gf180mcu_ws_ip__id.lib'…
[WARNING STA-1140] /workspace/ip/gf180mcu_ws_ip__id/lib/gf180mcu_ws_ip__id.lib line 1, library gf180mcu_ws_ip__id already exists.
Reading timing library for the 'max_tt_025C_5v00' corner at '/workspace/ip/gf180mcu_ws_ip__logo/lib/gf180mcu_ws_ip__logo.lib'…
[WARNING STA-1140] /workspace/ip/gf180mcu_ws_ip__logo/lib/gf180mcu_ws_ip__logo.lib line 1, library gf180mcu_ws_ip__logo already exists.
Reading timing models for corner nom_ff_n40C_5v50…
Reading timing library for the 'nom_ff_n40C_5v50' corner at '/workspace/gf180mcu/gf180mcuD/libs.ref/gf180mcu_fd_sc_mcu7t5v0/lib/gf180mcu_fd_sc_mcu7t5v0__ff_n40C_5v50.lib'…
[WARNING STA-1140] /workspace/gf180mcu/gf180mcuD/libs.ref/gf180mcu_fd_sc_mcu7t5v0/lib/gf180mcu_fd_sc_mcu7t5v0__ff_n40C_5v50.lib line 17, library gf180mcu_fd_sc_mcu7t5v0__ff_n40C_5v50 already exists.
Reading timing library for the 'nom_ff_n40C_5v50' corner at '/workspace/gf180mcu/gf180mcuD/libs.ref/gf180mcu_fd_io/lib/gf180mcu_fd_io__ff_n40C_5v50.lib'…
[WARNING STA-1140] /workspace/gf180mcu/gf180mcuD/libs.ref/gf180mcu_fd_io/lib/gf180mcu_fd_io__ff_n40C_5v50.lib line 17, library gf180mcu_fd_io__ff_n40C_5v50 already exists.
Reading timing library for the 'nom_ff_n40C_5v50' corner at '/workspace/gf180mcu/gf180mcuD/libs.ref/gf180mcu_fd_io/lib/gf180mcu_ws_io__ff_n40C_5v50.lib'…
[WARNING STA-1140] /workspace/gf180mcu/gf180mcuD/libs.ref/gf180mcu_fd_io/lib/gf180mcu_ws_io__ff_n40C_5v50.lib line 17, library gf180mcu_ws_io__ff_n40C_5v50 already exists.
Reading timing library for the 'nom_ff_n40C_5v50' corner at '/workspace/ip/gf180mcu_ws_ip__id/lib/gf180mcu_ws_ip__id.lib'…
[WARNING STA-1140] /workspace/ip/gf180mcu_ws_ip__id/lib/gf180mcu_ws_ip__id.lib line 1, library gf180mcu_ws_ip__id already exists.
Reading timing library for the 'nom_ff_n40C_5v50' corner at '/workspace/ip/gf180mcu_ws_ip__logo/lib/gf180mcu_ws_ip__logo.lib'…
[WARNING STA-1140] /workspace/ip/gf180mcu_ws_ip__logo/lib/gf180mcu_ws_ip__logo.lib line 1, library gf180mcu_ws_ip__logo already exists.
Reading timing models for corner nom_tt_025C_5v00…
Reading timing library for the 'nom_tt_025C_5v00' corner at '/workspace/gf180mcu/gf180mcuD/libs.ref/gf180mcu_fd_sc_mcu7t5v0/lib/gf180mcu_fd_sc_mcu7t5v0__tt_025C_5v00.lib'…
[WARNING STA-1140] /workspace/gf180mcu/gf180mcuD/libs.ref/gf180mcu_fd_sc_mcu7t5v0/lib/gf180mcu_fd_sc_mcu7t5v0__tt_025C_5v00.lib line 17, library gf180mcu_fd_sc_mcu7t5v0__tt_025C_5v00 already exists.
Reading timing library for the 'nom_tt_025C_5v00' corner at '/workspace/gf180mcu/gf180mcuD/libs.ref/gf180mcu_fd_io/lib/gf180mcu_fd_io__tt_025C_5v00.lib'…
[WARNING STA-1140] /workspace/gf180mcu/gf180mcuD/libs.ref/gf180mcu_fd_io/lib/gf180mcu_fd_io__tt_025C_5v00.lib line 17, library gf180mcu_fd_io__tt_025C_5v00 already exists.
Reading timing library for the 'nom_tt_025C_5v00' corner at '/workspace/gf180mcu/gf180mcuD/libs.ref/gf180mcu_fd_io/lib/gf180mcu_ws_io__tt_025C_5v00.lib'…
[WARNING STA-1140] /workspace/gf180mcu/gf180mcuD/libs.ref/gf180mcu_fd_io/lib/gf180mcu_ws_io__tt_025C_5v00.lib line 17, library gf180mcu_ws_io__tt_025C_5v00 already exists.
Reading timing library for the 'nom_tt_025C_5v00' corner at '/workspace/ip/gf180mcu_ws_ip__id/lib/gf180mcu_ws_ip__id.lib'…
[WARNING STA-1140] /workspace/ip/gf180mcu_ws_ip__id/lib/gf180mcu_ws_ip__id.lib line 1, library gf180mcu_ws_ip__id already exists.
Reading timing library for the 'nom_tt_025C_5v00' corner at '/workspace/ip/gf180mcu_ws_ip__logo/lib/gf180mcu_ws_ip__logo.lib'…
[WARNING STA-1140] /workspace/ip/gf180mcu_ws_ip__logo/lib/gf180mcu_ws_ip__logo.lib line 1, library gf180mcu_ws_ip__logo already exists.
Reading timing models for corner min_ss_125C_4v50…
Reading timing library for the 'min_ss_125C_4v50' corner at '/workspace/gf180mcu/gf180mcuD/libs.ref/gf180mcu_fd_sc_mcu7t5v0/lib/gf180mcu_fd_sc_mcu7t5v0__ss_125C_4v50.lib'…
Reading timing library for the 'min_ss_125C_4v50' corner at '/workspace/gf180mcu/gf180mcuD/libs.ref/gf180mcu_fd_io/lib/gf180mcu_fd_io__ss_125C_4v50.lib'…
Reading timing library for the 'min_ss_125C_4v50' corner at '/workspace/gf180mcu/gf180mcuD/libs.ref/gf180mcu_fd_io/lib/gf180mcu_ws_io__ss_125C_4v50.lib'…
Reading timing library for the 'min_ss_125C_4v50' corner at '/workspace/ip/gf180mcu_ws_ip__id/lib/gf180mcu_ws_ip__id.lib'…
[WARNING STA-1140] /workspace/ip/gf180mcu_ws_ip__id/lib/gf180mcu_ws_ip__id.lib line 1, library gf180mcu_ws_ip__id already exists.
Reading timing library for the 'min_ss_125C_4v50' corner at '/workspace/ip/gf180mcu_ws_ip__logo/lib/gf180mcu_ws_ip__logo.lib'…
[WARNING STA-1140] /workspace/ip/gf180mcu_ws_ip__logo/lib/gf180mcu_ws_ip__logo.lib line 1, library gf180mcu_ws_ip__logo already exists.
Reading timing models for corner min_ff_n40C_5v50…
Reading timing library for the 'min_ff_n40C_5v50' corner at '/workspace/gf180mcu/gf180mcuD/libs.ref/gf180mcu_fd_sc_mcu7t5v0/lib/gf180mcu_fd_sc_mcu7t5v0__ff_n40C_5v50.lib'…
[WARNING STA-1140] /workspace/gf180mcu/gf180mcuD/libs.ref/gf180mcu_fd_sc_mcu7t5v0/lib/gf180mcu_fd_sc_mcu7t5v0__ff_n40C_5v50.lib line 17, library gf180mcu_fd_sc_mcu7t5v0__ff_n40C_5v50 already exists.
Reading timing library for the 'min_ff_n40C_5v50' corner at '/workspace/gf180mcu/gf180mcuD/libs.ref/gf180mcu_fd_io/lib/gf180mcu_fd_io__ff_n40C_5v50.lib'…
[WARNING STA-1140] /workspace/gf180mcu/gf180mcuD/libs.ref/gf180mcu_fd_io/lib/gf180mcu_fd_io__ff_n40C_5v50.lib line 17, library gf180mcu_fd_io__ff_n40C_5v50 already exists.
Reading timing library for the 'min_ff_n40C_5v50' corner at '/workspace/gf180mcu/gf180mcuD/libs.ref/gf180mcu_fd_io/lib/gf180mcu_ws_io__ff_n40C_5v50.lib'…
[WARNING STA-1140] /workspace/gf180mcu/gf180mcuD/libs.ref/gf180mcu_fd_io/lib/gf180mcu_ws_io__ff_n40C_5v50.lib line 17, library gf180mcu_ws_io__ff_n40C_5v50 already exists.
Reading timing library for the 'min_ff_n40C_5v50' corner at '/workspace/ip/gf180mcu_ws_ip__id/lib/gf180mcu_ws_ip__id.lib'…
[WARNING STA-1140] /workspace/ip/gf180mcu_ws_ip__id/lib/gf180mcu_ws_ip__id.lib line 1, library gf180mcu_ws_ip__id already exists.
Reading timing library for the 'min_ff_n40C_5v50' corner at '/workspace/ip/gf180mcu_ws_ip__logo/lib/gf180mcu_ws_ip__logo.lib'…
[WARNING STA-1140] /workspace/ip/gf180mcu_ws_ip__logo/lib/gf180mcu_ws_ip__logo.lib line 1, library gf180mcu_ws_ip__logo already exists.
Reading timing models for corner min_tt_025C_5v00…
Reading timing library for the 'min_tt_025C_5v00' corner at '/workspace/gf180mcu/gf180mcuD/libs.ref/gf180mcu_fd_sc_mcu7t5v0/lib/gf180mcu_fd_sc_mcu7t5v0__tt_025C_5v00.lib'…
[WARNING STA-1140] /workspace/gf180mcu/gf180mcuD/libs.ref/gf180mcu_fd_sc_mcu7t5v0/lib/gf180mcu_fd_sc_mcu7t5v0__tt_025C_5v00.lib line 17, library gf180mcu_fd_sc_mcu7t5v0__tt_025C_5v00 already exists.
Reading timing library for the 'min_tt_025C_5v00' corner at '/workspace/gf180mcu/gf180mcuD/libs.ref/gf180mcu_fd_io/lib/gf180mcu_fd_io__tt_025C_5v00.lib'…
[WARNING STA-1140] /workspace/gf180mcu/gf180mcuD/libs.ref/gf180mcu_fd_io/lib/gf180mcu_fd_io__tt_025C_5v00.lib line 17, library gf180mcu_fd_io__tt_025C_5v00 already exists.
Reading timing library for the 'min_tt_025C_5v00' corner at '/workspace/gf180mcu/gf180mcuD/libs.ref/gf180mcu_fd_io/lib/gf180mcu_ws_io__tt_025C_5v00.lib'…
[WARNING STA-1140] /workspace/gf180mcu/gf180mcuD/libs.ref/gf180mcu_fd_io/lib/gf180mcu_ws_io__tt_025C_5v00.lib line 17, library gf180mcu_ws_io__tt_025C_5v00 already exists.
Reading timing library for the 'min_tt_025C_5v00' corner at '/workspace/ip/gf180mcu_ws_ip__id/lib/gf180mcu_ws_ip__id.lib'…
[WARNING STA-1140] /workspace/ip/gf180mcu_ws_ip__id/lib/gf180mcu_ws_ip__id.lib line 1, library gf180mcu_ws_ip__id already exists.
Reading timing library for the 'min_tt_025C_5v00' corner at '/workspace/ip/gf180mcu_ws_ip__logo/lib/gf180mcu_ws_ip__logo.lib'…
[WARNING STA-1140] /workspace/ip/gf180mcu_ws_ip__logo/lib/gf180mcu_ws_ip__logo.lib line 1, library gf180mcu_ws_ip__logo already exists.
Reading timing models for corner max_ss_125C_4v50…
Reading timing library for the 'max_ss_125C_4v50' corner at '/workspace/gf180mcu/gf180mcuD/libs.ref/gf180mcu_fd_sc_mcu7t5v0/lib/gf180mcu_fd_sc_mcu7t5v0__ss_125C_4v50.lib'…
[WARNING STA-1140] /workspace/gf180mcu/gf180mcuD/libs.ref/gf180mcu_fd_sc_mcu7t5v0/lib/gf180mcu_fd_sc_mcu7t5v0__ss_125C_4v50.lib line 17, library gf180mcu_fd_sc_mcu7t5v0__ss_125C_4v50 already exists.
Reading timing library for the 'max_ss_125C_4v50' corner at '/workspace/gf180mcu/gf180mcuD/libs.ref/gf180mcu_fd_io/lib/gf180mcu_fd_io__ss_125C_4v50.lib'…
[WARNING STA-1140] /workspace/gf180mcu/gf180mcuD/libs.ref/gf180mcu_fd_io/lib/gf180mcu_fd_io__ss_125C_4v50.lib line 17, library gf180mcu_fd_io__ss_125C_4v50 already exists.
Reading timing library for the 'max_ss_125C_4v50' corner at '/workspace/gf180mcu/gf180mcuD/libs.ref/gf180mcu_fd_io/lib/gf180mcu_ws_io__ss_125C_4v50.lib'…
[WARNING STA-1140] /workspace/gf180mcu/gf180mcuD/libs.ref/gf180mcu_fd_io/lib/gf180mcu_ws_io__ss_125C_4v50.lib line 17, library gf180mcu_ws_io__ss_125C_4v50 already exists.
Reading timing library for the 'max_ss_125C_4v50' corner at '/workspace/ip/gf180mcu_ws_ip__id/lib/gf180mcu_ws_ip__id.lib'…
[WARNING STA-1140] /workspace/ip/gf180mcu_ws_ip__id/lib/gf180mcu_ws_ip__id.lib line 1, library gf180mcu_ws_ip__id already exists.
Reading timing library for the 'max_ss_125C_4v50' corner at '/workspace/ip/gf180mcu_ws_ip__logo/lib/gf180mcu_ws_ip__logo.lib'…
[WARNING STA-1140] /workspace/ip/gf180mcu_ws_ip__logo/lib/gf180mcu_ws_ip__logo.lib line 1, library gf180mcu_ws_ip__logo already exists.
Reading timing models for corner nom_ss_125C_4v50…
Reading timing library for the 'nom_ss_125C_4v50' corner at '/workspace/gf180mcu/gf180mcuD/libs.ref/gf180mcu_fd_sc_mcu7t5v0/lib/gf180mcu_fd_sc_mcu7t5v0__ss_125C_4v50.lib'…
[WARNING STA-1140] /workspace/gf180mcu/gf180mcuD/libs.ref/gf180mcu_fd_sc_mcu7t5v0/lib/gf180mcu_fd_sc_mcu7t5v0__ss_125C_4v50.lib line 17, library gf180mcu_fd_sc_mcu7t5v0__ss_125C_4v50 already exists.
Reading timing library for the 'nom_ss_125C_4v50' corner at '/workspace/gf180mcu/gf180mcuD/libs.ref/gf180mcu_fd_io/lib/gf180mcu_fd_io__ss_125C_4v50.lib'…
[WARNING STA-1140] /workspace/gf180mcu/gf180mcuD/libs.ref/gf180mcu_fd_io/lib/gf180mcu_fd_io__ss_125C_4v50.lib line 17, library gf180mcu_fd_io__ss_125C_4v50 already exists.
Reading timing library for the 'nom_ss_125C_4v50' corner at '/workspace/gf180mcu/gf180mcuD/libs.ref/gf180mcu_fd_io/lib/gf180mcu_ws_io__ss_125C_4v50.lib'…
[WARNING STA-1140] /workspace/gf180mcu/gf180mcuD/libs.ref/gf180mcu_fd_io/lib/gf180mcu_ws_io__ss_125C_4v50.lib line 17, library gf180mcu_ws_io__ss_125C_4v50 already exists.
Reading timing library for the 'nom_ss_125C_4v50' corner at '/workspace/ip/gf180mcu_ws_ip__id/lib/gf180mcu_ws_ip__id.lib'…
[WARNING STA-1140] /workspace/ip/gf180mcu_ws_ip__id/lib/gf180mcu_ws_ip__id.lib line 1, library gf180mcu_ws_ip__id already exists.
Reading timing library for the 'nom_ss_125C_4v50' corner at '/workspace/ip/gf180mcu_ws_ip__logo/lib/gf180mcu_ws_ip__logo.lib'…
[WARNING STA-1140] /workspace/ip/gf180mcu_ws_ip__logo/lib/gf180mcu_ws_ip__logo.lib line 1, library gf180mcu_ws_ip__logo already exists.
Reading OpenROAD database at '/workspace/librelane/runs/RUN_2026-08-03_00-34-52/33-openroad-detailedplacement/chip_top.odb'…
[WARNING ORD-2001] LEF macro gf180mcu_ef_io__bi_t pin ANA missing from liberty cell.
Reading design constraints file at '/workspace/librelane/chip_top.sdc'…
[INFO] Using clock clk_PAD…
[INFO] Setting output delay to: 8
[INFO] Setting input delay to: 8
[WARNING STA-0366] port 'input_PAD[*]' not found.
[INFO] Setting load to: 0.07291
[INFO] Setting clock uncertainty to: 0.25
[INFO] Setting clock transition to: 0.15
[INFO] Setting timing derate to: 5%
[INFO] Configuring cts characterization…
+ configure_cts_characterization 
[INFO] Performing clock tree synthesis…
[INFO] Looking for the following net(s): clk_pad/Y
[INFO] Running Clock Tree Synthesis…
+ clock_tree_synthesis -buf_list gf180mcu_fd_sc_mcu7t5v0__clkbuf_2 gf180mcu_fd_sc_mcu7t5v0__clkbuf_4 gf180mcu_fd_sc_mcu7t5v0__clkbuf_8 -root_buf gf180mcu_fd_sc_mcu7t5v0__clkbuf_16 -sink_clustering_enable -apply_ndr half
[INFO CTS-0050] Root buffer is gf180mcu_fd_sc_mcu7t5v0__clkbuf_16.
[INFO CTS-0051] Sink buffer is gf180mcu_fd_sc_mcu7t5v0__clkbuf_8.
[INFO CTS-0052] The following clock buffers will be used for CTS:
                    gf180mcu_fd_sc_mcu7t5v0__clkbuf_2
                    gf180mcu_fd_sc_mcu7t5v0__clkbuf_4
                    gf180mcu_fd_sc_mcu7t5v0__clkbuf_8
[INFO CTS-0049] Characterization buffer is gf180mcu_fd_sc_mcu7t5v0__clkbuf_8.
[INFO CTS-0007] Net "clk_PAD2CORE" found for clock "clk_PAD".
[INFO CTS-0010]  Clock net "clk_PAD2CORE" has 569 sinks.
[INFO CTS-0008] TritonCTS found 1 clock nets.
[INFO CTS-0097] Characterization used 3 buffer(s) types.
[INFO CTS-0201] 2 blockages from hard placement blockages and placed macros will be used.
[INFO CTS-0027] Generating H-Tree topology for net clk_PAD2CORE.
[INFO CTS-0028]  Total number of sinks: 569.
[INFO CTS-0090]  Sinks will be clustered based on buffer max cap.
[INFO CTS-0030]  Number of static layers: 0.
[INFO CTS-0020]  Wire segment unit: 39200  dbu (19 um).
[INFO CTS-0206] Best clustering solution was found from clustering size of 10 and clustering diameter of 50.
[INFO CTS-0019]  Total number of sinks after clustering: 72.
[INFO CTS-0024]  Normalized sink region: [(23.5143, 51.35), (104.963, 126.233)].
[INFO CTS-0025]     Width:  81.4484.
[INFO CTS-0026]     Height: 74.8833.
 Level 1
    Direction: Horizontal
    Sinks per sub-region: 36
    Sub-region size: 40.7242 X 74.8833
[INFO CTS-0034]     Segment length (rounded): 20.
 Level 2
    Direction: Vertical
    Sinks per sub-region: 18
    Sub-region size: 40.7242 X 37.4417
[INFO CTS-0034]     Segment length (rounded): 18.
 Level 3
    Direction: Horizontal
    Sinks per sub-region: 9
    Sub-region size: 20.3621 X 37.4417
[INFO CTS-0034]     Segment length (rounded): 10.
[INFO CTS-0032]  Stop criterion found. Max number of sinks is 10.
[INFO CTS-0035]  Number of sinks covered: 72.
[INFO CTS-0018]     Created 85 clock buffers.
[INFO CTS-0012]     Minimum number of buffers in the clock path: 4.
[INFO CTS-0013]     Maximum number of buffers in the clock path: 4.
[INFO CTS-0015]     Created 85 clock nets.
[INFO CTS-0016]     Fanout distribution for the current clock = 3:3, 4:2, 5:2, 6:7, 7:13, 8:15, 9:22, 10:13, 11:3..
[INFO CTS-0017]     Max level of the clock tree: 3.
[INFO CTS-0098] Clock net "clk_PAD2CORE"
[INFO CTS-0099]  Sinks 623
[INFO CTS-0100]  Leaf buffers 72
[INFO CTS-0101]  Average sink wire length 3277.53 um
[INFO CTS-0102]  Path depth 4 - 4
[INFO CTS-0207]  Dummy loads inserted 54
[INFO] Repairing long wires on clock nets…
[INFO RSZ-0058] Using max wire length 265160um.
Setting global connections for newly added cells…
[INFO] Setting global connections...
[INFO ODB-0403] 556 connections made, 0 conflicts skipped.
Updating metrics…
Cell type report:                       Count       Area
  Macro                                     2   40912.40
  Input pad                                 3   78750.00
  Input/output pad                         80 2100000.00
  Power pad                                 8  210000.00
  Pad spacer                              329  653450.00
  Endcap cell                            1048  508683.58
  Tap cell                              27254  119655.96
  Tie cell                                125    1097.60
  Clock buffer                             92    5027.01
  Timing Repair Buffer                    817   23822.31
  Inverter                                423    3714.28
  Clock inverter                           47     768.32
  Sequential cell                         569   42266.38
  Multi-Input combinational cell         4321   82181.70
  Total                                 35118 3870329.54
Writing OpenROAD database to '/workspace/librelane/runs/RUN_2026-08-03_00-34-52/34-openroad-cts/chip_top.odb'…
Writing netlist to '/workspace/librelane/runs/RUN_2026-08-03_00-34-52/34-openroad-cts/chip_top.nl.v'…
Writing powered netlist to '/workspace/librelane/runs/RUN_2026-08-03_00-34-52/34-openroad-cts/chip_top.pnl.v'…
Writing layout to '/workspace/librelane/runs/RUN_2026-08-03_00-34-52/34-openroad-cts/chip_top.def'…
Writing timing constraints to '/workspace/librelane/runs/RUN_2026-08-03_00-34-52/34-openroad-cts/chip_top.sdc'…
[INFO] Legalizing…
+ detailed_placement -max_displacement  500 100 
Placement Analysis
---------------------------------
total displacement       1187.3 u
average displacement        0.0 u
max displacement           12.3 u
original HPWL          418097.9 u
legalized HPWL         424330.5 u
delta HPWL                    1 %

[INFO DPL-0020] Mirrored 2442 instances
[INFO DPL-0021] HPWL before          424330.5 u
[INFO DPL-0022] HPWL after           418331.9 u
[INFO DPL-0023] HPWL delta               -1.4 %
Setting global connections for newly added cells…
[INFO] Setting global connections...
[INFO ODB-0403] 0 connections made, 0 conflicts skipped.
Updating metrics…
Cell type report:                       Count       Area
  Macro                                     2   40912.40
  Input pad                                 3   78750.00
  Input/output pad                         80 2100000.00
  Power pad                                 8  210000.00
  Pad spacer                              329  653450.00
  Endcap cell                            1048  508683.58
  Tap cell                              27254  119655.96
  Tie cell                                125    1097.60
  Clock buffer                             92    5027.01
  Timing Repair Buffer                    817   23822.31
  Inverter                                423    3714.28
  Clock inverter                           47     768.32
  Sequential cell                         569   42266.38
  Multi-Input combinational cell         4321   82181.70
  Total                                 35118 3870329.54
Writing OpenROAD database to '/workspace/librelane/runs/RUN_2026-08-03_00-34-52/34-openroad-cts/chip_top.odb'…
Writing netlist to '/workspace/librelane/runs/RUN_2026-08-03_00-34-52/34-openroad-cts/chip_top.nl.v'…
Writing powered netlist to '/workspace/librelane/runs/RUN_2026-08-03_00-34-52/34-openroad-cts/chip_top.pnl.v'…
Writing layout to '/workspace/librelane/runs/RUN_2026-08-03_00-34-52/34-openroad-cts/chip_top.def'…
Writing timing constraints to '/workspace/librelane/runs/RUN_2026-08-03_00-34-52/34-openroad-cts/chip_top.sdc'…
%OL_CREATE_REPORT cts.rpt
Total number of Clock Roots: 1.
Total number of Buffers Inserted: 85.
Total number of Clock Subnets: 85.
Total number of Sinks: 569.
Cells used:
  gf180mcu_fd_sc_mcu7t5v0__clkbuf_8: 84
  gf180mcu_fd_sc_mcu7t5v0__clkbuf_16: 1
Dummys used:
  gf180mcu_fd_sc_mcu7t5v0__clkbuf_2: 7
  gf180mcu_fd_sc_mcu7t5v0__clkinv_2: 18
  gf180mcu_fd_sc_mcu7t5v0__clkinv_8: 3
  gf180mcu_fd_sc_mcu7t5v0__inv_2: 15
  gf180mcu_fd_sc_mcu7t5v0__inv_3: 6
  gf180mcu_fd_sc_mcu7t5v0__inv_4: 5
%OL_END_REPORT
