Reading technology LEF file at '/workspace/gf180mcu/gf180mcuD/libs.ref/gf180mcu_fd_sc_mcu7t5v0/techlef/gf180mcu_fd_sc_mcu7t5v0__nom.tlef'…
[INFO ODB-0388] unsupported LEF58_EOLENCLOSURE property for layer Via1 :"
  	EOLENCLOSURE 0.34 0.06 ;"
[INFO ODB-0388] unsupported LEF58_EOLENCLOSURE property for layer Via2 :" EOLENCLOSURE 0.34 0.06 ; "
[INFO ODB-0388] unsupported LEF58_EOLENCLOSURE property for layer Via3 :" EOLENCLOSURE 0.34 0.06 ; "
[INFO ODB-0388] unsupported LEF58_EOLENCLOSURE property for layer Via4 :" EOLENCLOSURE 0.34 0.06 ; "
[INFO ODB-0227] LEF file: /workspace/gf180mcu/gf180mcuD/libs.ref/gf180mcu_fd_sc_mcu7t5v0/techlef/gf180mcu_fd_sc_mcu7t5v0__nom.tlef, created 15 layers, 56 vias
Making fake IO site GF_IO_Site…
Making fake IO site GF_COR_Site…
Reading cell LEF file at '/workspace/gf180mcu/gf180mcuD/libs.ref/gf180mcu_fd_sc_mcu7t5v0/lef/gf180mcu_fd_sc_mcu7t5v0.lef'…
[WARNING ODB-0220] WARNING (LEFPARS-2008): NOWIREEXTENSIONATPIN statement is obsolete in version 5.6 or later.
The NOWIREEXTENSIONATPIN statement will be ignored. See file /workspace/gf180mcu/gf180mcuD/libs.ref/gf180mcu_fd_sc_mcu7t5v0/lef/gf180mcu_fd_sc_mcu7t5v0.lef at line 2.

[INFO ODB-0227] LEF file: /workspace/gf180mcu/gf180mcuD/libs.ref/gf180mcu_fd_sc_mcu7t5v0/lef/gf180mcu_fd_sc_mcu7t5v0.lef, created 229 library cells
Reading macro LEF file at '/workspace/librelane/analog_block.lef'…
[WARNING ODB-0220] WARNING (LEFPARS-2008): NOWIREEXTENSIONATPIN statement is obsolete in version 5.6 or later.
The NOWIREEXTENSIONATPIN statement will be ignored. See file /workspace/librelane/analog_block.lef at line 2.

[INFO ODB-0227] LEF file: /workspace/librelane/analog_block.lef, created 1 library cells
Reading gpio pad LEF file at '/workspace/gf180mcu/gf180mcuD/libs.ref/gf180mcu_fd_io/lef/gf180mcu_ef_io__bi_t.lef'…
[WARNING ODB-0220] WARNING (LEFPARS-2008): NOWIREEXTENSIONATPIN statement is obsolete in version 5.6 or later.
The NOWIREEXTENSIONATPIN statement will be ignored. See file /workspace/gf180mcu/gf180mcuD/libs.ref/gf180mcu_fd_io/lef/gf180mcu_ef_io__bi_t.lef at line 2.

[INFO ODB-0227] LEF file: /workspace/gf180mcu/gf180mcuD/libs.ref/gf180mcu_fd_io/lef/gf180mcu_ef_io__bi_t.lef, created 1 library cells
Reading gpio pad LEF file at '/workspace/gf180mcu/gf180mcuD/libs.ref/gf180mcu_fd_io/lef/gf180mcu_fd_io__asig_5p0.lef'…
[WARNING ODB-0220] WARNING (LEFPARS-2008): NOWIREEXTENSIONATPIN statement is obsolete in version 5.6 or later.
The NOWIREEXTENSIONATPIN statement will be ignored. See file /workspace/gf180mcu/gf180mcuD/libs.ref/gf180mcu_fd_io/lef/gf180mcu_fd_io__asig_5p0.lef at line 2.

[INFO ODB-0227] LEF file: /workspace/gf180mcu/gf180mcuD/libs.ref/gf180mcu_fd_io/lef/gf180mcu_fd_io__asig_5p0.lef, created 1 library cells
Reading gpio pad LEF file at '/workspace/gf180mcu/gf180mcuD/libs.ref/gf180mcu_fd_io/lef/gf180mcu_fd_io__bi_24t.lef'…
[WARNING ODB-0220] WARNING (LEFPARS-2008): NOWIREEXTENSIONATPIN statement is obsolete in version 5.6 or later.
The NOWIREEXTENSIONATPIN statement will be ignored. See file /workspace/gf180mcu/gf180mcuD/libs.ref/gf180mcu_fd_io/lef/gf180mcu_fd_io__bi_24t.lef at line 2.

[INFO ODB-0227] LEF file: /workspace/gf180mcu/gf180mcuD/libs.ref/gf180mcu_fd_io/lef/gf180mcu_fd_io__bi_24t.lef, created 1 library cells
Reading gpio pad LEF file at '/workspace/gf180mcu/gf180mcuD/libs.ref/gf180mcu_fd_io/lef/gf180mcu_fd_io__bi_t.lef'…
[WARNING ODB-0220] WARNING (LEFPARS-2008): NOWIREEXTENSIONATPIN statement is obsolete in version 5.6 or later.
The NOWIREEXTENSIONATPIN statement will be ignored. See file /workspace/gf180mcu/gf180mcuD/libs.ref/gf180mcu_fd_io/lef/gf180mcu_fd_io__bi_t.lef at line 2.

[INFO ODB-0227] LEF file: /workspace/gf180mcu/gf180mcuD/libs.ref/gf180mcu_fd_io/lef/gf180mcu_fd_io__bi_t.lef, created 1 library cells
Reading gpio pad LEF file at '/workspace/gf180mcu/gf180mcuD/libs.ref/gf180mcu_fd_io/lef/gf180mcu_fd_io__brk2.lef'…
[WARNING ODB-0220] WARNING (LEFPARS-2008): NOWIREEXTENSIONATPIN statement is obsolete in version 5.6 or later.
The NOWIREEXTENSIONATPIN statement will be ignored. See file /workspace/gf180mcu/gf180mcuD/libs.ref/gf180mcu_fd_io/lef/gf180mcu_fd_io__brk2.lef at line 2.

[INFO ODB-0227] LEF file: /workspace/gf180mcu/gf180mcuD/libs.ref/gf180mcu_fd_io/lef/gf180mcu_fd_io__brk2.lef, created 1 library cells
Reading gpio pad LEF file at '/workspace/gf180mcu/gf180mcuD/libs.ref/gf180mcu_fd_io/lef/gf180mcu_fd_io__brk5.lef'…
[WARNING ODB-0220] WARNING (LEFPARS-2008): NOWIREEXTENSIONATPIN statement is obsolete in version 5.6 or later.
The NOWIREEXTENSIONATPIN statement will be ignored. See file /workspace/gf180mcu/gf180mcuD/libs.ref/gf180mcu_fd_io/lef/gf180mcu_fd_io__brk5.lef at line 2.

[INFO ODB-0227] LEF file: /workspace/gf180mcu/gf180mcuD/libs.ref/gf180mcu_fd_io/lef/gf180mcu_fd_io__brk5.lef, created 1 library cells
Reading gpio pad LEF file at '/workspace/gf180mcu/gf180mcuD/libs.ref/gf180mcu_fd_io/lef/gf180mcu_fd_io__cor.lef'…
[WARNING ODB-0220] WARNING (LEFPARS-2008): NOWIREEXTENSIONATPIN statement is obsolete in version 5.6 or later.
The NOWIREEXTENSIONATPIN statement will be ignored. See file /workspace/gf180mcu/gf180mcuD/libs.ref/gf180mcu_fd_io/lef/gf180mcu_fd_io__cor.lef at line 2.

[INFO ODB-0227] LEF file: /workspace/gf180mcu/gf180mcuD/libs.ref/gf180mcu_fd_io/lef/gf180mcu_fd_io__cor.lef, created 1 library cells
Reading gpio pad LEF file at '/workspace/gf180mcu/gf180mcuD/libs.ref/gf180mcu_fd_io/lef/gf180mcu_fd_io__dvdd.lef'…
[WARNING ODB-0220] WARNING (LEFPARS-2008): NOWIREEXTENSIONATPIN statement is obsolete in version 5.6 or later.
The NOWIREEXTENSIONATPIN statement will be ignored. See file /workspace/gf180mcu/gf180mcuD/libs.ref/gf180mcu_fd_io/lef/gf180mcu_fd_io__dvdd.lef at line 2.

[INFO ODB-0227] LEF file: /workspace/gf180mcu/gf180mcuD/libs.ref/gf180mcu_fd_io/lef/gf180mcu_fd_io__dvdd.lef, created 1 library cells
Reading gpio pad LEF file at '/workspace/gf180mcu/gf180mcuD/libs.ref/gf180mcu_fd_io/lef/gf180mcu_fd_io__dvss.lef'…
[WARNING ODB-0220] WARNING (LEFPARS-2008): NOWIREEXTENSIONATPIN statement is obsolete in version 5.6 or later.
The NOWIREEXTENSIONATPIN statement will be ignored. See file /workspace/gf180mcu/gf180mcuD/libs.ref/gf180mcu_fd_io/lef/gf180mcu_fd_io__dvss.lef at line 2.

[INFO ODB-0227] LEF file: /workspace/gf180mcu/gf180mcuD/libs.ref/gf180mcu_fd_io/lef/gf180mcu_fd_io__dvss.lef, created 1 library cells
Reading gpio pad LEF file at '/workspace/gf180mcu/gf180mcuD/libs.ref/gf180mcu_fd_io/lef/gf180mcu_fd_io__fill1.lef'…
[WARNING ODB-0220] WARNING (LEFPARS-2008): NOWIREEXTENSIONATPIN statement is obsolete in version 5.6 or later.
The NOWIREEXTENSIONATPIN statement will be ignored. See file /workspace/gf180mcu/gf180mcuD/libs.ref/gf180mcu_fd_io/lef/gf180mcu_fd_io__fill1.lef at line 2.

[INFO ODB-0227] LEF file: /workspace/gf180mcu/gf180mcuD/libs.ref/gf180mcu_fd_io/lef/gf180mcu_fd_io__fill1.lef, created 1 library cells
Reading gpio pad LEF file at '/workspace/gf180mcu/gf180mcuD/libs.ref/gf180mcu_fd_io/lef/gf180mcu_fd_io__fill10.lef'…
[WARNING ODB-0220] WARNING (LEFPARS-2008): NOWIREEXTENSIONATPIN statement is obsolete in version 5.6 or later.
The NOWIREEXTENSIONATPIN statement will be ignored. See file /workspace/gf180mcu/gf180mcuD/libs.ref/gf180mcu_fd_io/lef/gf180mcu_fd_io__fill10.lef at line 2.

[INFO ODB-0227] LEF file: /workspace/gf180mcu/gf180mcuD/libs.ref/gf180mcu_fd_io/lef/gf180mcu_fd_io__fill10.lef, created 1 library cells
Reading gpio pad LEF file at '/workspace/gf180mcu/gf180mcuD/libs.ref/gf180mcu_fd_io/lef/gf180mcu_fd_io__fill5.lef'…
[WARNING ODB-0220] WARNING (LEFPARS-2008): NOWIREEXTENSIONATPIN statement is obsolete in version 5.6 or later.
The NOWIREEXTENSIONATPIN statement will be ignored. See file /workspace/gf180mcu/gf180mcuD/libs.ref/gf180mcu_fd_io/lef/gf180mcu_fd_io__fill5.lef at line 2.

[INFO ODB-0227] LEF file: /workspace/gf180mcu/gf180mcuD/libs.ref/gf180mcu_fd_io/lef/gf180mcu_fd_io__fill5.lef, created 1 library cells
Reading gpio pad LEF file at '/workspace/gf180mcu/gf180mcuD/libs.ref/gf180mcu_fd_io/lef/gf180mcu_fd_io__fillnc.lef'…
[WARNING ODB-0220] WARNING (LEFPARS-2008): NOWIREEXTENSIONATPIN statement is obsolete in version 5.6 or later.
The NOWIREEXTENSIONATPIN statement will be ignored. See file /workspace/gf180mcu/gf180mcuD/libs.ref/gf180mcu_fd_io/lef/gf180mcu_fd_io__fillnc.lef at line 2.

[INFO ODB-0227] LEF file: /workspace/gf180mcu/gf180mcuD/libs.ref/gf180mcu_fd_io/lef/gf180mcu_fd_io__fillnc.lef, created 1 library cells
Reading gpio pad LEF file at '/workspace/gf180mcu/gf180mcuD/libs.ref/gf180mcu_fd_io/lef/gf180mcu_fd_io__in_c.lef'…
[WARNING ODB-0220] WARNING (LEFPARS-2008): NOWIREEXTENSIONATPIN statement is obsolete in version 5.6 or later.
The NOWIREEXTENSIONATPIN statement will be ignored. See file /workspace/gf180mcu/gf180mcuD/libs.ref/gf180mcu_fd_io/lef/gf180mcu_fd_io__in_c.lef at line 2.

[INFO ODB-0227] LEF file: /workspace/gf180mcu/gf180mcuD/libs.ref/gf180mcu_fd_io/lef/gf180mcu_fd_io__in_c.lef, created 1 library cells
Reading gpio pad LEF file at '/workspace/gf180mcu/gf180mcuD/libs.ref/gf180mcu_fd_io/lef/gf180mcu_fd_io__in_s.lef'…
[WARNING ODB-0220] WARNING (LEFPARS-2008): NOWIREEXTENSIONATPIN statement is obsolete in version 5.6 or later.
The NOWIREEXTENSIONATPIN statement will be ignored. See file /workspace/gf180mcu/gf180mcuD/libs.ref/gf180mcu_fd_io/lef/gf180mcu_fd_io__in_s.lef at line 2.

[INFO ODB-0227] LEF file: /workspace/gf180mcu/gf180mcuD/libs.ref/gf180mcu_fd_io/lef/gf180mcu_fd_io__in_s.lef, created 1 library cells
Reading gpio pad LEF file at '/workspace/gf180mcu/gf180mcuD/libs.ref/gf180mcu_fd_io/lef/gf180mcu_ws_io__dvdd.lef'…
[WARNING ODB-0220] WARNING (LEFPARS-2008): NOWIREEXTENSIONATPIN statement is obsolete in version 5.6 or later.
The NOWIREEXTENSIONATPIN statement will be ignored. See file /workspace/gf180mcu/gf180mcuD/libs.ref/gf180mcu_fd_io/lef/gf180mcu_ws_io__dvdd.lef at line 2.

[INFO ODB-0227] LEF file: /workspace/gf180mcu/gf180mcuD/libs.ref/gf180mcu_fd_io/lef/gf180mcu_ws_io__dvdd.lef, created 1 library cells
Reading gpio pad LEF file at '/workspace/gf180mcu/gf180mcuD/libs.ref/gf180mcu_fd_io/lef/gf180mcu_ws_io__dvss.lef'…
[WARNING ODB-0220] WARNING (LEFPARS-2008): NOWIREEXTENSIONATPIN statement is obsolete in version 5.6 or later.
The NOWIREEXTENSIONATPIN statement will be ignored. See file /workspace/gf180mcu/gf180mcuD/libs.ref/gf180mcu_fd_io/lef/gf180mcu_ws_io__dvss.lef at line 2.

[INFO ODB-0227] LEF file: /workspace/gf180mcu/gf180mcuD/libs.ref/gf180mcu_fd_io/lef/gf180mcu_ws_io__dvss.lef, created 1 library cells
[INFO ODB-0127] Reading DEF file: /workspace/librelane/runs/RUN_2026-08-09_21-04-40/53-odb-cellfrequencytables/chip_core.def
[INFO ODB-0128] Design: chip_core
[INFO ODB-0130]     Created 91 pins.
[INFO ODB-0131]     Created 30654 components and 134670 component-terminals.
[INFO ODB-0132]     Created 2 special nets and 112382 connections.
[INFO ODB-0133]     Created 6886 nets and 22241 connections.
[INFO ODB-0134] Finished DEF file: /workspace/librelane/runs/RUN_2026-08-09_21-04-40/53-odb-cellfrequencytables/chip_core.def
Using RCX ruleset '/workspace/gf180mcu/gf180mcuD/libs.tech/librelane/rules.openrcx.gf180mcuD.nom'…
[INFO RCX-0431] Defined process_corner CURRENT_CORNER with ext_model_index 0
[INFO RCX-0029] Defined extraction corner CURRENT_CORNER
+ extract_parasitics  -ext_model_file /workspace/gf180mcu/gf180mcuD/libs.tech/librelane/rules.openrcx.gf180mcuD.nom -lef_res
[INFO RCX-0435] Reading extraction model file /workspace/gf180mcu/gf180mcuD/libs.tech/librelane/rules.openrcx.gf180mcuD.nom ...
[INFO RCX-0436] RC segment generation chip_core (max_merge_res 50.0) ...
[INFO RCX-0040] Final 24157 rc segments
[INFO RCX-0439] Coupling Cap extraction chip_core ...
[INFO RCX-0440] Coupling threshhold is 0.1000 fF, coupling capacitance less than 0.1000 fF will be grounded.
[INFO RCX-0442] 46% of 46076 wires extracted
[INFO RCX-0442] 100% of 46076 wires extracted
[INFO RCX-0045] Extract 6886 nets, 31030 rsegs, 31030 caps, 71556 ccs
Setting global connections for newly added cells…
[INFO] Setting global connections...
analog_block_inst matched with analog_block_inst
[INFO ODB-0403] 0 connections made, 0 conflicts skipped.
Updating metrics…
Cell type report:                       Count       Area
  Macro                                     1  115200.00
  Endcap cell                             586    2572.77
  Fill cell                             18623  480979.30
  Tap cell                               4529   19884.12
  Antenna cell                              1       4.39
  Tie cell                                 61     535.63
  Standard cell                          6853  186782.98
  Total                                 30654  805959.19
Writing extracted parasitics to '/workspace/librelane/runs/RUN_2026-08-09_21-04-40/54-openroad-rcx/nom/chip_core.nom.spef'…
[INFO RCX-0443] 6886 nets finished
