Clock: clk
Sources: clk 
Generated: no
Virtual: yes
Propagated: no
Period: 200.000000

===========================================================================
report_clock_properties
============================================================================
Clock                   Period          Waveform
----------------------------------------------------
clk                 200.000000    0.000000100.000000

===========================================================================
report_clock_latency
============================================================================
Clock clk
rise -> rise
    min     max
0.000000 0.000000 source latency
0.720432         network latency _249_/CLK
        0.720434 network latency _216_/CLK
---------------
0.720432 0.720434 latency
        0.000002 skew

fall -> fall
    min     max
0.000000 0.000000 source latency
0.393356         network latency _216_/CLK
        0.393356 network latency _216_/CLK
---------------
0.393356 0.393356 latency
        0.000000 skew



===========================================================================
report_clock_min_period
============================================================================
clk period_min = 7.08 fmax = 141.20
