+ analyze_power_grid -net VDD -voltage_file /workspace/librelane/runs/RUN_2026-08-29_02-02-22/57-openroad-irdropreport/net-VDD.csv
[INFO PSM-0040] All shapes on net VDD are connected.
########## IR report #################
Net              : VDD
Corner           : nom_tt_025C_3v30
Total power      : 1.46e-03 W
Supply voltage   : 3.30e+00 V
Worstcase voltage: 3.30e+00 V
Average voltage  : 3.30e+00 V
Average IR drop  : 1.59e-06 V
Worstcase IR drop: 1.98e-05 V
Percentage drop  : 0.00 %
######################################
+ analyze_power_grid -net VSS -voltage_file /workspace/librelane/runs/RUN_2026-08-29_02-02-22/57-openroad-irdropreport/net-VSS.csv
[INFO PSM-0040] All shapes on net VSS are connected.
########## IR report #################
Net              : VSS
Corner           : nom_tt_025C_3v30
Total power      : 1.46e-03 W
Supply voltage   : 0.00e+00 V
Worstcase voltage: 1.52e-05 V
Average voltage  : 1.54e-06 V
Average IR drop  : 1.54e-06 V
Worstcase IR drop: 1.52e-05 V
Percentage drop  : 0.00 %
######################################
