Reading timing models for corner nom_tt_025C_5v00…
Reading timing library for the 'nom_tt_025C_5v00' corner at '/workspace/gf180mcu/gf180mcuD/libs.ref/gf180mcu_fd_sc_mcu7t5v0/lib/gf180mcu_fd_sc_mcu7t5v0__tt_025C_5v00.lib'…
Reading timing library for the 'nom_tt_025C_5v00' corner at '/workspace/gf180mcu/gf180mcuD/libs.ref/gf180mcu_fd_io/lib/gf180mcu_fd_io__tt_025C_5v00.lib'…
Reading timing library for the 'nom_tt_025C_5v00' corner at '/workspace/gf180mcu/gf180mcuD/libs.ref/gf180mcu_fd_io/lib/gf180mcu_ws_io__tt_025C_5v00.lib'…
Reading OpenROAD database at '/workspace/librelane/runs/RUN_2026-08-09_19-20-25/39-openroad-globalrouting/chip_core.odb'…
[WARNING ORD-2001] LEF macro gf180mcu_ef_io__bi_t pin ANA missing from liberty cell.
Reading design constraints file at '/usr/local/lib/python3.12/dist-packages/librelane/scripts/base.sdc'…
[INFO] Using clock clk…
[INFO] Setting output delay to: 40
[INFO] Setting input delay to: 40
[INFO] Setting load to: 0.07291
[INFO] Setting clock uncertainty to: 0.25
[INFO] Setting clock transition to: 0.15
[INFO] Setting timing derate to: 5%
%OL_CREATE_REPORT /workspace/librelane/runs/RUN_2026-08-09_19-20-25/40-openroad-checkantennas/reports/antenna.rpt
Net: net620
  Pin:   wave_controller_x_inst/_3675_/RN (gf180mcu_fd_sc_mcu7t5v0__dffrnq_1)
    Layer: Via1
      Partial area ratio:    0.05
      Required ratio:   20.00 (Gate area) 
      Cumulative area ratio:    0.05
      Required ratio:    0.00 (Cumulative area) 

    Layer: Metal2
      Partial area ratio:    2.58
      Required ratio:    0.00 (Gate area) 
      Cumulative area ratio:    2.58
      Required ratio:    0.00 (Cumulative area) 
      Partial area ratio:   10.16
      Required ratio:  400.00 (Side area) 
      Cumulative area ratio:   10.16
      Required ratio:    0.00 (Cumulative side area) 

    Layer: Via2
      Partial area ratio:    0.10
      Required ratio:   20.00 (Gate area) 
      Cumulative area ratio:    0.15
      Required ratio:    0.00 (Cumulative area) 

    Layer: Metal3
      Partial area ratio:    2.42
      Required ratio:    0.00 (Gate area) 
      Cumulative area ratio:    4.99
      Required ratio:    0.00 (Cumulative area) 
      Partial area ratio:    9.49
      Required ratio:  400.00 (Side area) 
      Cumulative area ratio:   19.66
      Required ratio:    0.00 (Cumulative side area) 


  Pin:   wave_controller_x_inst/_3704_/RN (gf180mcu_fd_sc_mcu7t5v0__dffrnq_1)
    Layer: Via1
      Partial area ratio:    0.05
      Required ratio:   20.00 (Gate area) 
      Cumulative area ratio:    0.05
      Required ratio:    0.00 (Cumulative area) 

    Layer: Metal2
      Partial area ratio:    1.42
      Required ratio:    0.00 (Gate area) 
      Cumulative area ratio:    1.42
      Required ratio:    0.00 (Cumulative area) 
      Partial area ratio:    5.72
      Required ratio:  400.00 (Side area) 
      Cumulative area ratio:    5.72
      Required ratio:    0.00 (Cumulative side area) 

    Layer: Via2
      Partial area ratio:    0.10
      Required ratio:   20.00 (Gate area) 
      Cumulative area ratio:    0.15
      Required ratio:    0.00 (Cumulative area) 

    Layer: Metal3
      Partial area ratio:    2.42
      Required ratio:    0.00 (Gate area) 
      Cumulative area ratio:    3.84
      Required ratio:    0.00 (Cumulative area) 
      Partial area ratio:    9.49
      Required ratio:  400.00 (Side area) 
      Cumulative area ratio:   15.21
      Required ratio:    0.00 (Cumulative side area) 


  Pin:   wave_controller_x_inst/_3705_/RN (gf180mcu_fd_sc_mcu7t5v0__dffrnq_1)
    Layer: Via1
      Partial area ratio:    0.05
      Required ratio:   20.00 (Gate area) 
      Cumulative area ratio:    0.05
      Required ratio:    0.00 (Cumulative area) 

    Layer: Metal2
      Partial area ratio:    3.19
      Required ratio:    0.00 (Gate area) 
      Cumulative area ratio:    3.19
      Required ratio:    0.00 (Cumulative area) 
      Partial area ratio:   12.53
      Required ratio:  400.00 (Side area) 
      Cumulative area ratio:   12.53
      Required ratio:    0.00 (Cumulative side area) 

    Layer: Via2
      Partial area ratio:    0.15
      Required ratio:   20.00 (Gate area) 
      Cumulative area ratio:    0.20
      Required ratio:    0.00 (Cumulative area) 

    Layer: Metal3
      Partial area ratio:    2.42
      Required ratio:    0.00 (Gate area) 
      Cumulative area ratio:    5.61
      Required ratio:    0.00 (Cumulative area) 
      Partial area ratio:    9.49
      Required ratio:  400.00 (Side area) 
      Cumulative area ratio:   22.03
      Required ratio:    0.00 (Cumulative side area) 


  Pin:   wave_controller_x_inst/_3706_/RN (gf180mcu_fd_sc_mcu7t5v0__dffrnq_1)
    Layer: Via1
      Partial area ratio:    0.05
      Required ratio:   20.00 (Gate area) 
      Cumulative area ratio:    0.05
      Required ratio:    0.00 (Cumulative area) 

    Layer: Metal2
      Partial area ratio:    2.96
      Required ratio:    0.00 (Gate area) 
      Cumulative area ratio:    2.96
      Required ratio:    0.00 (Cumulative area) 
      Partial area ratio:   11.66
      Required ratio:  400.00 (Side area) 
      Cumulative area ratio:   11.66
      Required ratio:    0.00 (Cumulative side area) 

    Layer: Via2
      Partial area ratio:    0.10
      Required ratio:   20.00 (Gate area) 
      Cumulative area ratio:    0.15
      Required ratio:    0.00 (Cumulative area) 

    Layer: Metal3
      Partial area ratio:    2.42
      Required ratio:    0.00 (Gate area) 
      Cumulative area ratio:    5.38
      Required ratio:    0.00 (Cumulative area) 
      Partial area ratio:    9.49
      Required ratio:  400.00 (Side area) 
      Cumulative area ratio:   21.16
      Required ratio:    0.00 (Cumulative side area) 


  Pin:   fanout612/I (gf180mcu_fd_sc_mcu7t5v0__dlyb_1)
    Layer: Via1
      Partial area ratio:    0.17
      Required ratio:   20.00 (Gate area) 
      Cumulative area ratio:    0.17
      Required ratio:    0.00 (Cumulative area) 

    Layer: Metal2
      Partial area ratio:  113.78
      Required ratio:    0.00 (Gate area) 
      Cumulative area ratio:  113.78
      Required ratio:    0.00 (Cumulative area) 
      Partial area ratio:  439.64
      Required ratio:  400.00 (Side area) (VIOLATED)
      Cumulative area ratio:  439.64
      Required ratio:    0.00 (Cumulative side area) 

    Layer: Via2
      Partial area ratio:    0.51
      Required ratio:   20.00 (Gate area) 
      Cumulative area ratio:    0.68
      Required ratio:    0.00 (Cumulative area) 

    Layer: Metal3
      Partial area ratio:    2.42
      Required ratio:    0.00 (Gate area) 
      Cumulative area ratio:  116.20
      Required ratio:    0.00 (Cumulative area) 
      Partial area ratio:    9.49
      Required ratio:  400.00 (Side area) 
      Cumulative area ratio:  449.14
      Required ratio:    0.00 (Cumulative side area) 


  Pin:   fanout615/I (gf180mcu_fd_sc_mcu7t5v0__dlyb_1)
    Layer: Via1
      Partial area ratio:    0.17
      Required ratio:   20.00 (Gate area) 
      Cumulative area ratio:    0.17
      Required ratio:    0.00 (Cumulative area) 

    Layer: Metal2
      Partial area ratio:    3.77
      Required ratio:    0.00 (Gate area) 
      Cumulative area ratio:    3.77
      Required ratio:    0.00 (Cumulative area) 
      Partial area ratio:   15.32
      Required ratio:  400.00 (Side area) 
      Cumulative area ratio:   15.32
      Required ratio:    0.00 (Cumulative side area) 

    Layer: Via2
      Partial area ratio:    0.34
      Required ratio:   20.00 (Gate area) 
      Cumulative area ratio:    0.51
      Required ratio:    0.00 (Cumulative area) 

    Layer: Metal3
      Partial area ratio:    2.42
      Required ratio:    0.00 (Gate area) 
      Cumulative area ratio:    6.19
      Required ratio:    0.00 (Cumulative area) 
      Partial area ratio:    9.49
      Required ratio:  400.00 (Side area) 
      Cumulative area ratio:   24.81
      Required ratio:    0.00 (Cumulative side area) 


  Pin:   wave_controller_x_inst/fanout618/I (gf180mcu_fd_sc_mcu7t5v0__dlyb_1)
    Layer: Via1
      Partial area ratio:    0.17
      Required ratio:   20.00 (Gate area) 
      Cumulative area ratio:    0.17
      Required ratio:    0.00 (Cumulative area) 

    Layer: Metal2
      Partial area ratio:    5.22
      Required ratio:    0.00 (Gate area) 
      Cumulative area ratio:    5.22
      Required ratio:    0.00 (Cumulative area) 
      Partial area ratio:   20.90
      Required ratio:  400.00 (Side area) 
      Cumulative area ratio:   20.90
      Required ratio:    0.00 (Cumulative side area) 

    Layer: Via2
      Partial area ratio:    0.34
      Required ratio:   20.00 (Gate area) 
      Cumulative area ratio:    0.51
      Required ratio:    0.00 (Cumulative area) 

    Layer: Metal3
      Partial area ratio:    2.42
      Required ratio:    0.00 (Gate area) 
      Cumulative area ratio:    7.64
      Required ratio:    0.00 (Cumulative area) 
      Partial area ratio:    9.49
      Required ratio:  400.00 (Side area) 
      Cumulative area ratio:   30.39
      Required ratio:    0.00 (Cumulative side area) 



[INFO ANT-0002] Found 1 net violations.
[INFO ANT-0001] Found 1 pin violations.
%OL_END_REPORT
