[WARNING ORD-0039] .openroad ignored with -python
Unannotated report:
['report_parasitic_annotation -report_unannotated\n',
 '============================================================================\n',
 'Found 49 unannotated drivers.\n',
 ' clkload0/Z\n',
 ' clkload1/Z\n',
 ' clkload10/Z\n',
 ' clkload11/ZN\n',
 ' clkload12/ZN\n',
 ' clkload13/ZN\n',
 ' clkload14/Z\n',
 ' clkload15/ZN\n',
 ' clkload16/ZN\n',
 ' clkload17/ZN\n',
 ' clkload18/ZN\n',
 ' clkload19/Z\n',
 ' clkload2/Z\n',
 ' clkload20/ZN\n',
 ' clkload21/ZN\n',
 ' clkload22/Z\n',
 ' clkload23/ZN\n',
 ' clkload24/Z\n',
 ' clkload25/ZN\n',
 ' clkload26/Z\n',
 ' clkload27/Z\n',
 ' clkload28/Z\n',
 ' clkload29/Z\n',
 ' clkload3/Z\n',
 ' clkload30/ZN\n',
 ' clkload31/ZN\n',
 ' clkload32/Z\n',
 ' clkload33/ZN\n',
 ' clkload34/ZN\n',
 ' clkload35/ZN\n',
 ' clkload36/Z\n',
 ' clkload37/ZN\n',
 ' clkload38/ZN\n',
 ' clkload39/Z\n',
 ' clkload4/ZN\n',
 ' clkload40/ZN\n',
 ' clkload41/ZN\n',
 ' clkload42/ZN\n',
 ' clkload43/ZN\n',
 ' clkload44/ZN\n',
 ' clkload45/ZN\n',
 ' clkload46/Z\n',
 ' clkload47/ZN\n',
 ' clkload48/ZN\n',
 ' clkload5/Z\n',
 ' clkload6/Z\n',
 ' clkload7/Z\n',
 ' clkload8/Z\n',
 ' clkload9/ZN\n',
 'Found 0 partially unannotated drivers.\n',
 '\n']
Reported nets:
['clkload0/Z',
 'clkload1/Z',
 'clkload10/Z',
 'clkload11/ZN',
 'clkload12/ZN',
 'clkload13/ZN',
 'clkload14/Z',
 'clkload15/ZN',
 'clkload16/ZN',
 'clkload17/ZN',
 'clkload18/ZN',
 'clkload19/Z',
 'clkload2/Z',
 'clkload20/ZN',
 'clkload21/ZN',
 'clkload22/Z',
 'clkload23/ZN',
 'clkload24/Z',
 'clkload25/ZN',
 'clkload26/Z',
 'clkload27/Z',
 'clkload28/Z',
 'clkload29/Z',
 'clkload3/Z',
 'clkload30/ZN',
 'clkload31/ZN',
 'clkload32/Z',
 'clkload33/ZN',
 'clkload34/ZN',
 'clkload35/ZN',
 'clkload36/Z',
 'clkload37/ZN',
 'clkload38/ZN',
 'clkload39/Z',
 'clkload4/ZN',
 'clkload40/ZN',
 'clkload41/ZN',
 'clkload42/ZN',
 'clkload43/ZN',
 'clkload44/ZN',
 'clkload45/ZN',
 'clkload46/Z',
 'clkload47/ZN',
 'clkload48/ZN',
 'clkload5/Z',
 'clkload6/Z',
 'clkload7/Z',
 'clkload8/Z',
 'clkload9/ZN']
Filtered nets:
[]
done
