Clock: clk
Sources: clk 
Generated: no
Virtual: no
Propagated: no
Period: 200.000000

===========================================================================
report_clock_properties
============================================================================
Clock                   Period          Waveform
----------------------------------------------------
clk                 200.000000    0.000000100.000000

===========================================================================
report_clock_latency
============================================================================
Clock clk
rise -> rise
    min     max
0.000000 0.000000 source latency
6.269832         network latency signal_processor_x_inst/_216_/CLK
        6.269832 network latency signal_processor_x_inst/_216_/CLK
---------------
6.269832 6.269832 latency
        0.000000 skew

fall -> fall
    min     max
0.000000 0.000000 source latency
3.451646         network latency signal_processor_x_inst/_216_/CLK
        3.451646 network latency signal_processor_x_inst/_216_/CLK
---------------
3.451646 3.451646 latency
        0.000000 skew



===========================================================================
report_clock_min_period
============================================================================
clk period_min = 16.87 fmax = 59.29
