
===========================================================================
Violator List
============================================================================
[setup in-reg] rst_n -> _11721_/RN : -21.938761
[setup in-reg] rst_n -> _11722_/RN : -21.938761
[setup in-reg] rst_n -> _11723_/RN : -21.938761
[setup in-reg] rst_n -> _11724_/RN : -21.938761
[setup in-reg] rst_n -> _11725_/RN : -21.938761
[setup in-reg] rst_n -> _11726_/RN : -21.938761
[setup in-reg] rst_n -> _11727_/RN : -21.938761
[setup in-reg] rst_n -> _11728_/RN : -21.938761
[setup in-reg] rst_n -> _11729_/RN : -21.938761
[setup in-reg] rst_n -> _11730_/RN : -21.938761
[setup in-reg] rst_n -> _11731_/RN : -21.938761
[setup in-reg] rst_n -> _11732_/RN : -21.938761
[setup in-reg] rst_n -> _11733_/RN : -21.938761
[setup in-reg] rst_n -> _11734_/RN : -21.938761
[setup in-reg] rst_n -> _11735_/RN : -21.938761
[setup in-reg] rst_n -> _11736_/RN : -21.938761
[setup in-reg] rst_n -> _11737_/RN : -21.938761
[setup in-reg] rst_n -> _11738_/RN : -21.938761
[setup in-reg] rst_n -> _11739_/RN : -21.938761
[setup in-reg] rst_n -> _11740_/RN : -21.938761
[setup in-reg] rst_n -> _11741_/RN : -21.938761
[setup in-reg] rst_n -> _11742_/RN : -21.938761
[setup in-reg] rst_n -> _11743_/RN : -21.938761
[setup in-reg] rst_n -> _11744_/RN : -21.938761
[setup in-reg] rst_n -> _11745_/RN : -21.938761
[setup in-reg] rst_n -> _11746_/RN : -21.938761
[setup in-reg] rst_n -> _11747_/RN : -21.938761
[setup in-reg] rst_n -> _11748_/RN : -21.938761
[setup in-reg] rst_n -> _11749_/RN : -21.938761
[setup in-reg] rst_n -> _11750_/RN : -21.938761
[setup in-reg] rst_n -> _11751_/RN : -21.938761
[setup in-reg] rst_n -> _11752_/RN : -21.938761
[setup in-reg] rst_n -> _11753_/RN : -21.938761
[setup in-reg] rst_n -> _11754_/RN : -21.938761
[setup in-reg] rst_n -> _11755_/RN : -21.938761
[setup in-reg] rst_n -> _11756_/RN : -21.938761
[setup in-reg] rst_n -> _11757_/RN : -21.938761
[setup in-reg] rst_n -> _11758_/RN : -21.938761
[setup in-reg] rst_n -> _11759_/RN : -21.938761
[setup in-reg] rst_n -> _11760_/RN : -21.938761
[setup in-reg] rst_n -> _11761_/RN : -21.938761
[setup in-reg] rst_n -> _11762_/RN : -21.938761
[setup in-reg] rst_n -> _11763_/RN : -21.938761
[setup in-reg] rst_n -> _11764_/RN : -21.938761
[setup in-reg] rst_n -> _11765_/RN : -21.938761
[setup in-reg] rst_n -> _11766_/RN : -21.938761
[setup in-reg] rst_n -> _11767_/RN : -21.938761
[setup in-reg] rst_n -> _11768_/RN : -21.938761
[setup in-reg] rst_n -> _11769_/RN : -21.938761
[setup in-reg] rst_n -> _11770_/RN : -21.938761
[setup in-reg] rst_n -> _11771_/RN : -21.938761
[setup in-reg] rst_n -> _11772_/RN : -21.938761
[setup in-reg] rst_n -> _11773_/RN : -21.938761
[setup in-reg] rst_n -> _11774_/RN : -21.938761
[setup in-reg] rst_n -> _11775_/RN : -21.938761
[setup in-reg] rst_n -> _11776_/RN : -21.938761
[setup in-reg] rst_n -> _11777_/RN : -21.938761
[setup in-reg] rst_n -> _11778_/RN : -21.938761
[setup in-reg] rst_n -> _11779_/RN : -21.938761
[setup in-reg] rst_n -> _11780_/RN : -21.938761
[setup in-reg] rst_n -> _11781_/RN : -21.938761
[setup in-reg] rst_n -> _11782_/RN : -21.938761
[setup in-reg] rst_n -> _11783_/RN : -21.938761
[setup in-reg] rst_n -> _11784_/RN : -21.938761
[setup in-reg] rst_n -> _11785_/RN : -21.938761
[setup in-reg] rst_n -> _11786_/RN : -21.938761
[setup in-reg] rst_n -> _11787_/RN : -21.938761
[setup in-reg] rst_n -> _11788_/RN : -21.938761
[setup in-reg] rst_n -> _11789_/RN : -21.938761
[setup in-reg] rst_n -> _11790_/RN : -21.938761
[setup in-reg] rst_n -> _11791_/RN : -21.938761
[setup in-reg] rst_n -> _11792_/RN : -21.938761
[setup in-reg] rst_n -> _11793_/RN : -21.938761
[setup in-reg] rst_n -> _11794_/RN : -21.938761
[setup in-reg] rst_n -> _11795_/RN : -21.938761
[setup in-reg] rst_n -> _11796_/RN : -21.938761
[setup in-reg] rst_n -> _11797_/RN : -21.938761
[setup in-reg] rst_n -> _11798_/RN : -21.938761
[setup in-reg] rst_n -> _11799_/RN : -21.938761
[setup in-reg] rst_n -> _11800_/RN : -21.938761
[setup in-reg] rst_n -> _11801_/RN : -21.938761
[setup in-reg] rst_n -> _11802_/RN : -21.938761
[setup in-reg] rst_n -> _11803_/RN : -21.938761
[setup in-reg] rst_n -> _11804_/RN : -21.938761
[setup in-reg] rst_n -> _11805_/RN : -21.938761
[setup in-reg] rst_n -> _11806_/RN : -21.938761
[setup in-reg] rst_n -> _11807_/RN : -21.938761
[setup in-reg] rst_n -> _11808_/RN : -21.938761
[setup in-reg] rst_n -> _11809_/RN : -21.938761
[setup in-reg] rst_n -> _11810_/RN : -21.938761
[setup in-reg] rst_n -> _11811_/RN : -21.938761
[setup in-reg] rst_n -> _11812_/RN : -21.938761
[setup in-reg] rst_n -> _11813_/RN : -21.938761
[setup in-reg] rst_n -> _11814_/RN : -21.938761
[setup in-reg] rst_n -> _11815_/RN : -21.938761
[setup in-reg] rst_n -> _11816_/RN : -21.938761
[setup in-reg] rst_n -> _11817_/RN : -21.938761
[setup in-reg] rst_n -> _11818_/RN : -21.938761
[setup in-reg] rst_n -> _11819_/RN : -21.938761
[setup in-reg] rst_n -> _11820_/RN : -21.938761
[setup in-reg] rst_n -> _11821_/RN : -21.938761
[setup in-reg] rst_n -> _11822_/RN : -21.938761
[setup in-reg] rst_n -> _11823_/RN : -21.938761
[setup in-reg] rst_n -> _11824_/RN : -21.938761
[setup in-reg] rst_n -> _11825_/RN : -21.938761
[setup in-reg] rst_n -> _11826_/RN : -21.938761
[setup in-reg] rst_n -> _11827_/RN : -21.938761
[setup in-reg] rst_n -> _11828_/RN : -21.938761
[setup in-reg] rst_n -> _11829_/RN : -21.938761
[setup in-reg] rst_n -> _11830_/RN : -21.938761
[setup in-reg] rst_n -> _11831_/RN : -21.938761
[setup in-reg] rst_n -> _11832_/RN : -21.938761
[setup in-reg] rst_n -> _11833_/RN : -21.938761
[setup in-reg] rst_n -> _11834_/RN : -21.938761
[setup in-reg] rst_n -> _11835_/RN : -21.938761
[setup in-reg] rst_n -> _11836_/RN : -21.938761
[setup in-reg] rst_n -> _11837_/RN : -21.938761
[setup in-reg] rst_n -> _11838_/RN : -21.938761
[setup in-reg] rst_n -> _11839_/RN : -21.938761
[setup in-reg] rst_n -> _11840_/RN : -21.938761
[setup in-reg] rst_n -> _11841_/RN : -21.938761
[setup in-reg] rst_n -> _11842_/RN : -21.938761
[setup in-reg] rst_n -> _11843_/RN : -21.938761
[setup in-reg] rst_n -> _11844_/RN : -21.938761
[setup in-reg] rst_n -> _11845_/RN : -21.938761
[setup in-reg] rst_n -> _11846_/RN : -21.938761
[setup in-reg] rst_n -> _11847_/RN : -21.938761
[setup in-reg] rst_n -> _11848_/RN : -21.938761
[setup in-reg] rst_n -> _11849_/RN : -21.938761
[setup in-reg] rst_n -> _11850_/RN : -21.938761
[setup in-reg] rst_n -> _11851_/RN : -21.938761
[setup in-reg] rst_n -> _11852_/RN : -21.938761
[setup in-reg] rst_n -> _11853_/RN : -21.938761
[setup in-reg] rst_n -> _11854_/RN : -21.938761
[setup in-reg] rst_n -> _11855_/RN : -21.938761
[setup in-reg] rst_n -> _11856_/RN : -21.938761
[setup in-reg] rst_n -> _11857_/RN : -21.938761
[setup in-reg] rst_n -> _11858_/RN : -21.938761
[setup in-reg] rst_n -> _11859_/RN : -21.938761
[setup in-reg] rst_n -> _11860_/RN : -21.938761
[setup in-reg] rst_n -> _11861_/RN : -21.938761
[setup in-reg] rst_n -> _11862_/RN : -21.938761
[setup in-reg] rst_n -> _11863_/RN : -21.938761
[setup in-reg] rst_n -> _11864_/RN : -21.938761
[setup in-reg] rst_n -> _11865_/RN : -21.938761
[setup in-reg] rst_n -> _11866_/RN : -21.938761
[setup in-reg] rst_n -> _11867_/RN : -21.938761
[setup in-reg] rst_n -> _11868_/RN : -21.938761
[setup in-reg] rst_n -> _11869_/RN : -21.938761
[setup in-reg] rst_n -> _11870_/RN : -21.938761
[setup in-reg] rst_n -> _11871_/RN : -21.938761
[setup in-reg] rst_n -> _11872_/RN : -21.938761
[setup in-reg] rst_n -> _11873_/RN : -21.938761
[setup in-reg] rst_n -> _11874_/RN : -21.938761
[setup in-reg] rst_n -> _11875_/RN : -21.938761
[setup in-reg] rst_n -> _11876_/RN : -21.938761
[setup in-reg] rst_n -> _11877_/RN : -21.938761
[setup in-reg] rst_n -> _11878_/RN : -21.938761
[setup in-reg] rst_n -> _11879_/RN : -21.938761
[setup in-reg] rst_n -> _11880_/RN : -21.938761
[setup in-reg] rst_n -> _11881_/RN : -21.938761
[setup in-reg] rst_n -> _11882_/RN : -21.938761
[setup in-reg] rst_n -> _11883_/RN : -21.938761
[setup in-reg] rst_n -> _11884_/RN : -21.938761
[setup in-reg] rst_n -> _11885_/RN : -21.938761
[setup in-reg] rst_n -> _11886_/RN : -21.938761
[setup in-reg] rst_n -> _11887_/RN : -21.938761
[setup in-reg] rst_n -> _11888_/RN : -21.938761
[setup in-reg] rst_n -> _11889_/RN : -21.938761
[setup in-reg] rst_n -> _11890_/RN : -21.938761
[setup in-reg] rst_n -> _11891_/RN : -21.938761
[setup in-reg] rst_n -> _11892_/RN : -21.938761
[setup in-reg] rst_n -> _11893_/RN : -21.938761
[setup in-reg] rst_n -> _11894_/RN : -21.938761
[setup in-reg] rst_n -> _11895_/RN : -21.938761
[setup in-reg] rst_n -> _11896_/RN : -21.938761
[setup in-reg] rst_n -> _11897_/RN : -21.938761
[setup in-reg] rst_n -> _11898_/RN : -21.938761
[setup in-reg] rst_n -> _11899_/RN : -21.938761
[setup in-reg] rst_n -> _11900_/RN : -21.938761
[setup in-reg] rst_n -> _11901_/RN : -21.938761
[setup in-reg] rst_n -> _11902_/RN : -21.938761
[setup in-reg] rst_n -> _11903_/RN : -21.938761
[setup in-reg] rst_n -> _11904_/RN : -21.938761
[setup in-reg] rst_n -> _11905_/RN : -21.938761
[setup in-reg] rst_n -> _11906_/RN : -21.938761
[setup in-reg] rst_n -> _11907_/RN : -21.938761
[setup in-reg] rst_n -> _11908_/RN : -21.938761
[setup in-reg] rst_n -> _11909_/RN : -21.938761
[setup in-reg] rst_n -> _11910_/RN : -21.938761
[setup in-reg] rst_n -> _11911_/RN : -21.938761
[setup in-reg] rst_n -> _11912_/RN : -21.938761
[setup in-reg] rst_n -> _11913_/RN : -21.938761
[setup in-reg] rst_n -> _11914_/RN : -21.938761
[setup in-reg] rst_n -> _11915_/RN : -21.938761
[setup in-reg] rst_n -> _11916_/RN : -21.938761
[setup in-reg] rst_n -> _11917_/RN : -21.938761
[setup in-reg] rst_n -> _11918_/RN : -21.938761
[setup in-reg] rst_n -> _11919_/RN : -21.938761
[setup in-reg] rst_n -> _11920_/RN : -21.938761
[setup in-reg] rst_n -> _11921_/RN : -21.938761
[setup in-reg] rst_n -> _11922_/RN : -21.938761
[setup in-reg] rst_n -> _11923_/RN : -21.938761
[setup in-reg] rst_n -> _11924_/RN : -21.938761
[setup in-reg] rst_n -> _11925_/RN : -21.938761
[setup in-reg] rst_n -> _11926_/RN : -21.938761
[setup in-reg] rst_n -> _11927_/RN : -21.938761
[setup in-reg] rst_n -> _11928_/RN : -21.938761
[setup in-reg] rst_n -> _11929_/RN : -21.938761
[setup in-reg] rst_n -> _11930_/RN : -21.938761
[setup in-reg] rst_n -> _11931_/RN : -21.938761
[setup in-reg] rst_n -> _11932_/RN : -21.938761
[setup in-reg] rst_n -> _11933_/RN : -21.938761
[setup in-reg] rst_n -> _11934_/RN : -21.938761
[setup in-reg] rst_n -> _11935_/RN : -21.938761
[setup in-reg] rst_n -> _11936_/RN : -21.938761
[setup in-reg] rst_n -> _11937_/RN : -21.938761
[setup in-reg] rst_n -> _11938_/RN : -21.938761
[setup in-reg] rst_n -> _11939_/RN : -21.938761
[setup in-reg] rst_n -> _11940_/RN : -21.938761
[setup in-reg] rst_n -> _11941_/RN : -21.938761
[setup in-reg] rst_n -> _11942_/RN : -21.938761
[setup in-reg] rst_n -> _11943_/RN : -21.938761
[setup in-reg] rst_n -> _11944_/RN : -21.938761
[setup in-reg] rst_n -> _11945_/RN : -21.938761
[setup in-reg] rst_n -> _11946_/RN : -21.938761
[setup in-reg] rst_n -> _11947_/RN : -21.938761
[setup in-reg] rst_n -> _11948_/RN : -21.938761
[setup in-reg] rst_n -> _11949_/RN : -21.938761
[setup in-reg] rst_n -> _11950_/RN : -21.938761
[setup in-reg] rst_n -> _11951_/RN : -21.938761
[setup in-reg] rst_n -> _11952_/RN : -21.938761
[setup in-reg] rst_n -> _11953_/RN : -21.938761
[setup in-reg] rst_n -> _11954_/RN : -21.938761
[setup in-reg] rst_n -> _11955_/RN : -21.938761
[setup in-reg] rst_n -> _11956_/RN : -21.938761
[setup in-reg] rst_n -> _11957_/RN : -21.938761
[setup in-reg] rst_n -> _11958_/RN : -21.938761
[setup in-reg] rst_n -> _11959_/RN : -21.938761
[setup in-reg] rst_n -> _11960_/RN : -21.938761
[setup in-reg] rst_n -> _11961_/RN : -21.938761
[setup in-reg] rst_n -> _11962_/RN : -21.938761
[setup in-reg] rst_n -> _11963_/RN : -21.938761
[setup in-reg] rst_n -> _11964_/RN : -21.938761
[setup in-reg] rst_n -> _11965_/RN : -21.938761
[setup in-reg] rst_n -> _11966_/RN : -21.938761
[setup in-reg] rst_n -> _11967_/RN : -21.938761
[setup in-reg] rst_n -> _11968_/RN : -21.938761
[setup in-reg] rst_n -> _11969_/RN : -21.938761
[setup in-reg] rst_n -> _11970_/RN : -21.938761
[setup in-reg] rst_n -> _11971_/RN : -21.938761
[setup in-reg] rst_n -> _11972_/RN : -21.938761
[setup in-reg] rst_n -> _11973_/RN : -21.938761
[setup in-reg] rst_n -> _11974_/RN : -21.938761
[setup in-reg] rst_n -> _11975_/RN : -21.938761
[setup in-reg] rst_n -> _11976_/RN : -21.938761
[setup in-reg] rst_n -> _11977_/RN : -21.938761
[setup in-reg] rst_n -> _11978_/RN : -21.938761
[setup in-reg] rst_n -> _11979_/RN : -21.938761
[setup in-reg] rst_n -> _11980_/RN : -21.938761
[setup in-reg] rst_n -> _11981_/RN : -21.938761
[setup in-reg] rst_n -> _11983_/RN : -21.938761
[setup in-reg] rst_n -> _11984_/RN : -21.938761
[setup in-reg] rst_n -> _11985_/RN : -21.938761
[setup in-reg] rst_n -> _11986_/RN : -21.938761
[setup in-reg] rst_n -> _11987_/RN : -21.938761
[setup in-reg] rst_n -> _11989_/RN : -21.938761
[setup in-reg] rst_n -> _11990_/RN : -21.938761
[setup in-reg] rst_n -> _11991_/RN : -21.938761
[setup in-reg] rst_n -> _11992_/RN : -21.938761
[setup in-reg] rst_n -> _11993_/RN : -21.938761
[setup in-reg] rst_n -> _11994_/RN : -21.938761
[setup in-reg] rst_n -> _11995_/RN : -21.938761
[setup in-reg] rst_n -> _11996_/RN : -21.938761
[setup in-reg] rst_n -> _11997_/RN : -21.938761
[setup in-reg] rst_n -> _11998_/RN : -21.938761
[setup in-reg] rst_n -> _11999_/RN : -21.938761
[setup in-reg] rst_n -> _12000_/RN : -21.938761
[setup in-reg] rst_n -> _12001_/RN : -21.938761
[setup in-reg] rst_n -> _12002_/RN : -21.938761
[setup in-reg] rst_n -> _12003_/RN : -21.938761
[setup in-reg] rst_n -> _12004_/RN : -21.938761
[setup in-reg] rst_n -> _12005_/RN : -21.938761
[setup in-reg] rst_n -> _12006_/RN : -21.938761
[setup in-reg] rst_n -> _12007_/RN : -21.938761
[setup in-reg] rst_n -> _12008_/RN : -21.938761
[setup in-reg] rst_n -> _12009_/RN : -21.938761
[setup in-reg] rst_n -> _12010_/RN : -21.938761
[setup in-reg] rst_n -> _12011_/RN : -21.938761
[setup in-reg] rst_n -> _12012_/RN : -21.938761
[setup in-reg] rst_n -> _12013_/RN : -21.938761
[setup in-reg] rst_n -> _12014_/RN : -21.938761
[setup in-reg] rst_n -> _12015_/RN : -21.938761
[setup in-reg] rst_n -> _12016_/RN : -21.938761
[setup in-reg] rst_n -> _12017_/RN : -21.938761
[setup in-reg] rst_n -> _12018_/RN : -21.938761
[setup in-reg] rst_n -> _12019_/RN : -21.938761
[setup in-reg] rst_n -> _12020_/RN : -21.938761
[setup in-reg] rst_n -> _12021_/RN : -21.938761
[setup in-reg] rst_n -> _12022_/RN : -21.938761
[setup in-reg] rst_n -> _12023_/RN : -21.938761
[setup in-reg] rst_n -> _12024_/RN : -21.938761
[setup in-reg] rst_n -> _12025_/RN : -21.938761
[setup in-reg] rst_n -> _12026_/RN : -21.938761
[setup in-reg] rst_n -> _12027_/RN : -21.938761
[setup in-reg] rst_n -> _12028_/RN : -21.938761
[setup in-reg] rst_n -> _12029_/RN : -21.938761
[setup in-reg] rst_n -> _12030_/RN : -21.938761
[setup in-reg] rst_n -> _12031_/RN : -21.938761
[setup in-reg] rst_n -> _12032_/RN : -21.938761
[setup in-reg] rst_n -> _12033_/RN : -21.938761
[setup in-reg] rst_n -> _12034_/RN : -21.938761
[setup in-reg] rst_n -> _12035_/RN : -21.938761
[setup in-reg] rst_n -> _12036_/RN : -21.938761
[setup in-reg] rst_n -> _12037_/RN : -21.938761
[setup in-reg] rst_n -> _12038_/RN : -21.938761
[setup in-reg] rst_n -> _12039_/RN : -21.938761
[setup in-reg] rst_n -> _12040_/RN : -21.938761
[setup in-reg] rst_n -> _12041_/RN : -21.938761
[setup in-reg] rst_n -> _12042_/RN : -21.938761
[setup in-reg] rst_n -> _12043_/RN : -21.938761
[setup in-reg] rst_n -> _12044_/RN : -21.938761
[setup in-reg] rst_n -> _12045_/RN : -21.938761
[setup in-reg] rst_n -> _12046_/RN : -21.938761
[setup in-reg] rst_n -> _12047_/RN : -21.938761
[setup in-reg] rst_n -> _12048_/RN : -21.938761
[setup in-reg] rst_n -> _12049_/RN : -21.938761
[setup in-reg] rst_n -> _12050_/RN : -21.938761
[setup in-reg] rst_n -> _12051_/RN : -21.938761
[setup in-reg] rst_n -> _12052_/RN : -21.938761
[setup in-reg] rst_n -> _12053_/RN : -21.938761
[setup in-reg] rst_n -> _12054_/RN : -21.938761
[setup in-reg] rst_n -> _12055_/RN : -21.938761
[setup in-reg] rst_n -> _12056_/RN : -21.938761
[setup in-reg] rst_n -> _12057_/RN : -21.938761
[setup in-reg] rst_n -> _12058_/RN : -21.938761
[setup in-reg] rst_n -> _12059_/RN : -21.938761
[setup in-reg] rst_n -> _12060_/RN : -21.938761
[setup in-reg] rst_n -> _12061_/RN : -21.938761
[setup in-reg] rst_n -> _12062_/RN : -21.938761
[setup in-reg] rst_n -> _12063_/RN : -21.938761
[setup in-reg] rst_n -> _12064_/RN : -21.938761
[setup in-reg] rst_n -> _12065_/RN : -21.938761
[setup in-reg] rst_n -> _12066_/RN : -21.938761
[setup in-reg] rst_n -> _12067_/RN : -21.938761
[setup in-reg] rst_n -> _12068_/RN : -21.938761
[setup in-reg] rst_n -> _12069_/RN : -21.938761
[setup in-reg] rst_n -> _12070_/RN : -21.938761
[setup in-reg] rst_n -> _12071_/RN : -21.938761
[setup in-reg] rst_n -> _12072_/RN : -21.938761
[setup in-reg] rst_n -> _12073_/RN : -21.938761
[setup in-reg] rst_n -> _12074_/RN : -21.938761
[setup in-reg] rst_n -> _12075_/RN : -21.938761
[setup in-reg] rst_n -> _12076_/RN : -21.938761
[setup in-reg] rst_n -> _12077_/RN : -21.938761
[setup in-reg] rst_n -> _12078_/RN : -21.938761
[setup in-reg] rst_n -> _12079_/RN : -21.938761
[setup in-reg] rst_n -> _12080_/RN : -21.938761
[setup in-reg] rst_n -> _12081_/RN : -21.938761
[setup in-reg] rst_n -> _12082_/RN : -21.938761
[setup in-reg] rst_n -> _12083_/RN : -21.938761
[setup in-reg] rst_n -> _12084_/RN : -21.938761
[setup in-reg] rst_n -> _12085_/RN : -21.938761
[setup in-reg] rst_n -> _12086_/RN : -21.938761
[setup in-reg] rst_n -> _12087_/RN : -21.938761
[setup in-reg] rst_n -> _12088_/RN : -21.938761
[setup in-reg] rst_n -> _12089_/RN : -21.938761
[setup in-reg] rst_n -> _12090_/RN : -21.938761
[setup in-reg] rst_n -> _12091_/RN : -21.938761
[setup in-reg] rst_n -> _12092_/RN : -21.938761
[setup in-reg] rst_n -> _12094_/RN : -21.938761
[setup in-reg] rst_n -> _12095_/RN : -21.938761
[setup in-reg] rst_n -> _12096_/RN : -21.938761
[setup in-reg] rst_n -> _12097_/RN : -21.938761
[setup in-reg] rst_n -> _12098_/RN : -21.938761
[setup in-reg] rst_n -> _12100_/RN : -21.938761
[setup in-reg] rst_n -> _12101_/RN : -21.938761
[setup in-reg] rst_n -> _12102_/RN : -21.938761
[setup in-reg] rst_n -> _12103_/RN : -21.938761
[setup in-reg] rst_n -> _12104_/RN : -21.938761
[setup in-reg] rst_n -> _12105_/RN : -21.938761
[setup in-reg] rst_n -> _12106_/RN : -21.938761
[setup in-reg] rst_n -> _12107_/RN : -21.938761
[setup in-reg] rst_n -> _12108_/RN : -21.938761
[setup in-reg] rst_n -> _12109_/RN : -21.938761
[setup in-reg] rst_n -> _12110_/RN : -21.938761
[setup in-reg] rst_n -> _12111_/RN : -21.938761
[setup in-reg] rst_n -> _12112_/RN : -21.938761
[setup in-reg] rst_n -> _12113_/RN : -21.938761
[setup in-reg] rst_n -> _12114_/RN : -21.938761
[setup in-reg] rst_n -> _12115_/RN : -21.938761
[setup in-reg] rst_n -> _12116_/RN : -21.938761
[setup in-reg] rst_n -> _12117_/RN : -21.938761
[setup in-reg] rst_n -> _12118_/RN : -21.938761
[setup in-reg] rst_n -> _12119_/RN : -21.938761
[setup in-reg] rst_n -> _12120_/RN : -21.938761
[setup in-reg] rst_n -> _12121_/RN : -21.938761
[setup in-reg] rst_n -> _12122_/RN : -21.938761
[setup in-reg] rst_n -> _12123_/RN : -21.938761
[setup in-reg] rst_n -> _12124_/RN : -21.938761
[setup in-reg] rst_n -> _12125_/RN : -21.938761
[setup in-reg] rst_n -> _12126_/RN : -21.938761
[setup in-reg] rst_n -> _12127_/RN : -21.938761
[setup in-reg] rst_n -> _12128_/RN : -21.938761
[setup in-reg] rst_n -> _12129_/RN : -21.938761
[setup in-reg] rst_n -> _12130_/RN : -21.938761
[setup in-reg] rst_n -> _12131_/RN : -21.938761
[setup in-reg] rst_n -> _12132_/RN : -21.938761
[setup in-reg] rst_n -> _12133_/RN : -21.938761
[setup in-reg] rst_n -> _12134_/RN : -21.938761
[setup in-reg] rst_n -> _12135_/RN : -21.938761
[setup in-reg] rst_n -> _12136_/RN : -21.938761
[setup in-reg] rst_n -> _12137_/RN : -21.938761
[setup in-reg] rst_n -> _12138_/RN : -21.938761
[setup in-reg] rst_n -> _12139_/RN : -21.938761
[setup in-reg] rst_n -> _12140_/RN : -21.938761
[setup in-reg] rst_n -> _12141_/RN : -21.938761
[setup in-reg] rst_n -> _12142_/RN : -21.938761
[setup in-reg] rst_n -> _12143_/RN : -21.938761
[setup in-reg] rst_n -> _12144_/RN : -21.938761
[setup in-reg] rst_n -> _12145_/RN : -21.938761
[setup in-reg] rst_n -> _12146_/RN : -21.938761
[setup in-reg] rst_n -> _12147_/RN : -21.938761
[setup in-reg] rst_n -> _12148_/RN : -21.938761
[setup in-reg] rst_n -> _12149_/RN : -21.938761
[setup in-reg] rst_n -> _12150_/RN : -21.938761
[setup in-reg] rst_n -> _12151_/RN : -21.938761
[setup in-reg] rst_n -> _12152_/RN : -21.938761
[setup in-reg] rst_n -> _12153_/RN : -21.938761
[setup in-reg] rst_n -> _12154_/RN : -21.938761
[setup in-reg] rst_n -> _12155_/RN : -21.938761
[setup in-reg] rst_n -> _12156_/RN : -21.938761
[setup in-reg] rst_n -> _12157_/RN : -21.938761
[setup in-reg] rst_n -> _12158_/RN : -21.938761
[setup in-reg] rst_n -> _12159_/RN : -21.938761
[setup in-reg] rst_n -> _12160_/RN : -21.938761
[setup in-reg] rst_n -> _12161_/RN : -21.938761
[setup in-reg] rst_n -> _12162_/RN : -21.938761
[setup in-reg] rst_n -> _12163_/RN : -21.938761
[setup in-reg] rst_n -> _12164_/RN : -21.938761
[setup in-reg] rst_n -> _12165_/RN : -21.938761
[setup in-reg] rst_n -> _12166_/RN : -21.938761
[setup in-reg] rst_n -> _12167_/RN : -21.938761
[setup in-reg] rst_n -> _12168_/RN : -21.938761
[setup in-reg] rst_n -> _12169_/RN : -21.938761
[setup in-reg] rst_n -> _12170_/RN : -21.938761
[setup in-reg] rst_n -> _12171_/RN : -21.938761
[setup in-reg] rst_n -> _12172_/RN : -21.938761
[setup in-reg] rst_n -> _12173_/RN : -21.938761
[setup in-reg] rst_n -> _12174_/RN : -21.938761
[setup in-reg] rst_n -> _12175_/RN : -21.938761
[setup in-reg] rst_n -> _12176_/RN : -21.938761
[setup in-reg] rst_n -> _12177_/RN : -21.938761
[setup in-reg] rst_n -> _12178_/RN : -21.938761
[setup in-reg] rst_n -> _12179_/RN : -21.938761
[setup in-reg] rst_n -> _12180_/RN : -21.938761
[setup in-reg] rst_n -> _12181_/RN : -21.938761
[setup in-reg] rst_n -> _12182_/RN : -21.938761
[setup in-reg] rst_n -> _12183_/RN : -21.938761
[setup in-reg] rst_n -> _12184_/RN : -21.938761
[setup in-reg] rst_n -> _12185_/RN : -21.938761
[setup in-reg] rst_n -> _12186_/RN : -21.938761
[setup in-reg] rst_n -> _12187_/RN : -21.938761
[setup in-reg] rst_n -> _12188_/RN : -21.938761
[setup in-reg] rst_n -> _12189_/RN : -21.938761
[setup in-reg] rst_n -> _12190_/RN : -21.938761
[setup in-reg] rst_n -> _12191_/RN : -21.938761
[setup in-reg] rst_n -> _12192_/RN : -21.938761
[setup in-reg] rst_n -> _12193_/RN : -21.938761
[setup in-reg] rst_n -> _12194_/RN : -21.938761
[setup in-reg] rst_n -> _12195_/RN : -21.938761
[setup in-reg] rst_n -> _12196_/RN : -21.938761
[setup in-reg] rst_n -> _12197_/RN : -21.938761
[setup in-reg] rst_n -> _12198_/RN : -21.938761
[setup in-reg] rst_n -> _12199_/RN : -21.938761
[setup in-reg] rst_n -> _12200_/RN : -21.938761
[setup in-reg] rst_n -> _12201_/RN : -21.938761
[setup in-reg] rst_n -> _12202_/RN : -21.938761
[setup in-reg] rst_n -> _12204_/RN : -21.938761
[setup in-reg] rst_n -> _12206_/RN : -21.938761
[setup in-reg] rst_n -> _12209_/RN : -21.938761
[setup in-reg] rst_n -> _12210_/RN : -21.938761
[setup in-reg] rst_n -> _12211_/RN : -21.938761
[setup in-reg] rst_n -> _12212_/RN : -21.938761
[setup in-reg] rst_n -> _12213_/RN : -21.938761
[setup in-reg] rst_n -> _12214_/RN : -21.938761
[setup in-reg] rst_n -> _12215_/RN : -21.938761
[setup in-reg] rst_n -> _12216_/RN : -21.938761
[setup in-reg] rst_n -> _12217_/RN : -21.938761
[setup in-reg] rst_n -> _12218_/RN : -21.938761
[setup in-reg] rst_n -> _12219_/RN : -21.938761
[setup in-reg] rst_n -> _12220_/RN : -21.938761
[setup in-reg] rst_n -> _12221_/RN : -21.938761
[setup in-reg] rst_n -> _12222_/RN : -21.938761
[setup in-reg] rst_n -> _12223_/RN : -21.938761
[setup in-reg] rst_n -> _12224_/RN : -21.938761
[setup in-reg] rst_n -> _12225_/RN : -21.938761
[setup in-reg] rst_n -> _12226_/RN : -21.938761
[setup in-reg] rst_n -> _12227_/RN : -21.938761
[setup in-reg] rst_n -> _12228_/RN : -21.938761
[setup in-reg] rst_n -> _12229_/RN : -21.938761
[setup in-reg] rst_n -> _12230_/RN : -21.938761
[setup in-reg] rst_n -> _12231_/RN : -21.938761
[setup in-reg] rst_n -> _12232_/RN : -21.938761
[setup in-reg] rst_n -> _12233_/RN : -21.938761
[setup in-reg] rst_n -> _12234_/RN : -21.938761
[setup in-reg] rst_n -> _12235_/RN : -21.938761
[setup in-reg] rst_n -> _12236_/RN : -21.938761
[setup in-reg] rst_n -> _12237_/RN : -21.938761
[setup in-reg] rst_n -> _12238_/RN : -21.938761
[setup in-reg] rst_n -> _12239_/RN : -21.938761
[setup in-reg] rst_n -> _12240_/RN : -21.938761
[setup in-reg] rst_n -> _12241_/RN : -21.938761
[setup in-reg] rst_n -> _12242_/RN : -21.938761
[setup in-reg] rst_n -> _12243_/RN : -21.938761
[setup in-reg] rst_n -> _12244_/RN : -21.938761
[setup in-reg] rst_n -> _12245_/RN : -21.938761
[setup in-reg] rst_n -> _12246_/RN : -21.938761
[setup in-reg] rst_n -> _12247_/RN : -21.938761
[setup in-reg] rst_n -> _12248_/RN : -21.938761
[setup in-reg] rst_n -> _12249_/RN : -21.938761
[setup in-reg] rst_n -> _12250_/RN : -21.938761
[setup in-reg] rst_n -> _12251_/RN : -21.938761
[setup in-reg] rst_n -> _12252_/RN : -21.938761
[setup in-reg] rst_n -> _12253_/RN : -21.938761
[setup in-reg] rst_n -> _12254_/RN : -21.938761
[setup in-reg] rst_n -> _12255_/RN : -21.938761
[setup in-reg] rst_n -> _12256_/RN : -21.938761
[setup in-reg] rst_n -> _12257_/RN : -21.938761
[setup in-reg] rst_n -> _12258_/RN : -21.938761
[setup in-reg] rst_n -> _12259_/RN : -21.938761
[setup in-reg] rst_n -> _12260_/RN : -21.938761
[setup in-reg] rst_n -> _12261_/RN : -21.938761
[setup in-reg] rst_n -> _12262_/RN : -21.938761
[setup in-reg] rst_n -> _12263_/RN : -21.938761
[setup in-reg] rst_n -> _12264_/RN : -21.938761
[setup in-reg] rst_n -> _12265_/RN : -21.938761
[setup in-reg] rst_n -> _12266_/RN : -21.938761
[setup in-reg] rst_n -> _12267_/RN : -21.938761
[setup in-reg] rst_n -> _12268_/RN : -21.938761
[setup in-reg] rst_n -> _12269_/RN : -21.938761
[setup in-reg] rst_n -> _12270_/RN : -21.938761
[setup in-reg] rst_n -> _12271_/RN : -21.938761
[setup in-reg] rst_n -> _12272_/RN : -21.938761
[setup in-reg] rst_n -> _12273_/RN : -21.938761
[setup in-reg] rst_n -> _12274_/RN : -21.938761
[setup in-reg] rst_n -> _12275_/RN : -21.938761
[setup in-reg] rst_n -> _12276_/RN : -21.938761
[setup in-reg] rst_n -> _12277_/RN : -21.938761
[setup in-reg] rst_n -> _12278_/RN : -21.938761
[setup in-reg] rst_n -> _12279_/RN : -21.938761
[setup in-reg] rst_n -> _12280_/RN : -21.938761
[setup in-reg] rst_n -> _12281_/RN : -21.938761
[setup in-reg] rst_n -> _12282_/RN : -21.938761
[setup in-reg] rst_n -> _12283_/RN : -21.938761
[setup in-reg] rst_n -> _12284_/RN : -21.938761
[setup in-reg] rst_n -> _12285_/RN : -21.938761
[setup in-reg] rst_n -> _12286_/RN : -21.938761
[setup in-reg] rst_n -> _11982_/SETN : -9.391073
[setup in-reg] rst_n -> _11988_/SETN : -9.391073
[setup in-reg] rst_n -> _12093_/SETN : -9.391073
[setup in-reg] rst_n -> _12099_/SETN : -9.391073
[setup in-reg] rst_n -> _12203_/SETN : -9.391073
[setup in-reg] rst_n -> _12205_/SETN : -9.391073
[setup in-reg] rst_n -> _12207_/SETN : -9.391073
[setup in-reg] rst_n -> _12208_/SETN : -9.391073
