Netgen 1.5.321 compiled on Mon Jun 22 11:31:27 AM CEST 2026
Warning: netgen command 'format' use fully-qualified name '::netgen::format'
Warning: netgen command 'global' use fully-qualified name '::netgen::global'
Warning:  Cell gf180mcu_ws_ip__id has no pins
No node 'gf180mcu_ws_ip__id:chip_id/Disconnected(0)' found in current cell 'chip_top'
Warning:  Cell gf180mcu_ws_ip__logo has no pins
No node 'gf180mcu_ws_ip__logo:wafer_space_logo/Disconnected(0)' found in current cell 'chip_top'
Warning:  A case-insensitive file has been read and so the	verilog file must be treated case-insensitive to match.
Reading SPICE netlist file '/workspace/gf180mcu/gf180mcuD/libs.ref/gf180mcu_fd_sc_mcu7t5v0/spice/gf180mcu_fd_sc_mcu7t5v0.spice'...
Call to undefined subcircuit nfet_05v0
Creating placeholder cell definition.
Call to undefined subcircuit pfet_05v0
Creating placeholder cell definition.
Reading SPICE netlist file '/workspace/gf180mcu/gf180mcuD/libs.ref/gf180mcu_fd_io/spice/gf180mcu_ef_io.spice'...
Call to undefined subcircuit cap_nmos_06v0
Creating placeholder cell definition.
Call to undefined subcircuit nfet_06v0
Creating placeholder cell definition.
Call to undefined subcircuit pfet_06v0
Creating placeholder cell definition.
Call to undefined subcircuit pfet_06v0_dss
Creating placeholder cell definition.
Call to undefined subcircuit nfet_06v0_dss
Creating placeholder cell definition.
Call to undefined subcircuit ppolyf_u
Creating placeholder cell definition.
Reading SPICE netlist file '/workspace/gf180mcu/gf180mcuD/libs.ref/gf180mcu_fd_io/spice/gf180mcu_fd_io.spice'...
Reading SPICE netlist file '/workspace/gf180mcu/gf180mcuD/libs.ref/gf180mcu_fd_io/spice/gf180mcu_ws_io.spice'...
Reading Verilog netlist file '/workspace/librelane/runs/RUN_2026-08-03_00-34-52/51-openroad-fillinsertion/chip_top.pnl.v'...
Warning:  A case-insensitive file has been read and so the	verilog file must be treated case-insensitive to match.
Warning:  Cell gf180mcu_ws_ip__id has no pins
Creating placeholder cell definition for module gf180mcu_ws_ip__id.
Note:  Implicit pin ZN in instance clkload0 of gf180mcu_fd_sc_mcu7t5v0__clkinv_8 in cell chip_top
Note:  Implicit pin ZN in instance clkload1 of gf180mcu_fd_sc_mcu7t5v0__clkinv_8 in cell chip_top
Note:  Implicit pin ZN in instance clkload10 of gf180mcu_fd_sc_mcu7t5v0__clkinv_2 in cell chip_top
Note:  Implicit pin ZN in instance clkload11 of gf180mcu_fd_sc_mcu7t5v0__inv_2 in cell chip_top
Note:  Implicit pin ZN in instance clkload12 of gf180mcu_fd_sc_mcu7t5v0__clkinv_2 in cell chip_top
Note:  Implicit pin Z in instance clkload13 of gf180mcu_fd_sc_mcu7t5v0__clkbuf_2 in cell chip_top
Note:  Implicit pin ZN in instance clkload14 of gf180mcu_fd_sc_mcu7t5v0__inv_2 in cell chip_top
Note:  Implicit pin ZN in instance clkload15 of gf180mcu_fd_sc_mcu7t5v0__clkinv_2 in cell chip_top
Note:  Implicit pin ZN in instance clkload16 of gf180mcu_fd_sc_mcu7t5v0__inv_2 in cell chip_top
Note:  Implicit pin ZN in instance clkload17 of gf180mcu_fd_sc_mcu7t5v0__inv_2 in cell chip_top
Note:  Implicit pin ZN in instance clkload18 of gf180mcu_fd_sc_mcu7t5v0__inv_3 in cell chip_top
Note:  Implicit pin ZN in instance clkload19 of gf180mcu_fd_sc_mcu7t5v0__inv_3 in cell chip_top
Note:  Implicit pin ZN in instance clkload2 of gf180mcu_fd_sc_mcu7t5v0__inv_4 in cell chip_top
Note:  Implicit pin ZN in instance clkload20 of gf180mcu_fd_sc_mcu7t5v0__clkinv_2 in cell chip_top
Note:  Implicit pin ZN in instance clkload21 of gf180mcu_fd_sc_mcu7t5v0__inv_3 in cell chip_top
Note:  Implicit pin ZN in instance clkload22 of gf180mcu_fd_sc_mcu7t5v0__inv_2 in cell chip_top
Note:  Implicit pin ZN in instance clkload23 of gf180mcu_fd_sc_mcu7t5v0__inv_4 in cell chip_top
Note:  Implicit pin ZN in instance clkload24 of gf180mcu_fd_sc_mcu7t5v0__inv_2 in cell chip_top
Note:  Implicit pin ZN in instance clkload25 of gf180mcu_fd_sc_mcu7t5v0__inv_2 in cell chip_top
Note:  Implicit pin ZN in instance clkload26 of gf180mcu_fd_sc_mcu7t5v0__clkinv_2 in cell chip_top
Note:  Implicit pin ZN in instance clkload27 of gf180mcu_fd_sc_mcu7t5v0__clkinv_2 in cell chip_top
Note:  Implicit pin Z in instance clkload28 of gf180mcu_fd_sc_mcu7t5v0__clkbuf_2 in cell chip_top
Note:  Implicit pin ZN in instance clkload29 of gf180mcu_fd_sc_mcu7t5v0__clkinv_2 in cell chip_top
Note:  Implicit pin ZN in instance clkload3 of gf180mcu_fd_sc_mcu7t5v0__clkinv_8 in cell chip_top
Note:  Implicit pin ZN in instance clkload30 of gf180mcu_fd_sc_mcu7t5v0__clkinv_2 in cell chip_top
Note:  Implicit pin Z in instance clkload31 of gf180mcu_fd_sc_mcu7t5v0__clkbuf_2 in cell chip_top
Note:  Implicit pin Z in instance clkload32 of gf180mcu_fd_sc_mcu7t5v0__clkbuf_2 in cell chip_top
Note:  Implicit pin ZN in instance clkload33 of gf180mcu_fd_sc_mcu7t5v0__inv_2 in cell chip_top
Note:  Implicit pin ZN in instance clkload34 of gf180mcu_fd_sc_mcu7t5v0__inv_4 in cell chip_top
Note:  Implicit pin ZN in instance clkload35 of gf180mcu_fd_sc_mcu7t5v0__inv_3 in cell chip_top
Note:  Implicit pin Z in instance clkload36 of gf180mcu_fd_sc_mcu7t5v0__clkbuf_2 in cell chip_top
Note:  Implicit pin ZN in instance clkload37 of gf180mcu_fd_sc_mcu7t5v0__inv_3 in cell chip_top
Note:  Implicit pin ZN in instance clkload38 of gf180mcu_fd_sc_mcu7t5v0__clkinv_2 in cell chip_top
Note:  Implicit pin ZN in instance clkload39 of gf180mcu_fd_sc_mcu7t5v0__inv_2 in cell chip_top
Note:  Implicit pin ZN in instance clkload4 of gf180mcu_fd_sc_mcu7t5v0__clkinv_2 in cell chip_top
Note:  Implicit pin ZN in instance clkload40 of gf180mcu_fd_sc_mcu7t5v0__inv_2 in cell chip_top
Note:  Implicit pin Z in instance clkload41 of gf180mcu_fd_sc_mcu7t5v0__clkbuf_2 in cell chip_top
Note:  Implicit pin ZN in instance clkload42 of gf180mcu_fd_sc_mcu7t5v0__inv_2 in cell chip_top
Note:  Implicit pin ZN in instance clkload43 of gf180mcu_fd_sc_mcu7t5v0__inv_3 in cell chip_top
Note:  Implicit pin ZN in instance clkload44 of gf180mcu_fd_sc_mcu7t5v0__inv_2 in cell chip_top
Note:  Implicit pin ZN in instance clkload45 of gf180mcu_fd_sc_mcu7t5v0__clkinv_2 in cell chip_top
Note:  Implicit pin ZN in instance clkload46 of gf180mcu_fd_sc_mcu7t5v0__inv_4 in cell chip_top
Note:  Implicit pin ZN in instance clkload47 of gf180mcu_fd_sc_mcu7t5v0__clkinv_2 in cell chip_top
Note:  Implicit pin ZN in instance clkload48 of gf180mcu_fd_sc_mcu7t5v0__inv_2 in cell chip_top
Note:  Implicit pin ZN in instance clkload49 of gf180mcu_fd_sc_mcu7t5v0__clkinv_2 in cell chip_top
Note:  Implicit pin ZN in instance clkload5 of gf180mcu_fd_sc_mcu7t5v0__inv_2 in cell chip_top
Note:  Implicit pin ZN in instance clkload50 of gf180mcu_fd_sc_mcu7t5v0__inv_2 in cell chip_top
Note:  Implicit pin ZN in instance clkload51 of gf180mcu_fd_sc_mcu7t5v0__clkinv_2 in cell chip_top
Note:  Implicit pin Z in instance clkload52 of gf180mcu_fd_sc_mcu7t5v0__clkbuf_2 in cell chip_top
Note:  Implicit pin ZN in instance clkload53 of gf180mcu_fd_sc_mcu7t5v0__clkinv_2 in cell chip_top
Note:  Implicit pin ZN in instance clkload6 of gf180mcu_fd_sc_mcu7t5v0__clkinv_2 in cell chip_top
Note:  Implicit pin ZN in instance clkload7 of gf180mcu_fd_sc_mcu7t5v0__inv_4 in cell chip_top
Note:  Implicit pin ZN in instance clkload8 of gf180mcu_fd_sc_mcu7t5v0__clkinv_2 in cell chip_top
Note:  Implicit pin ZN in instance clkload9 of gf180mcu_fd_sc_mcu7t5v0__clkinv_2 in cell chip_top
Warning:  Cell gf180mcu_ws_ip__logo has no pins
Creating placeholder cell definition for module gf180mcu_ws_ip__logo.
Treating empty subcircuits as black-box cells
Generating JSON file result

Reading setup file /usr/local/lib/python3.12/dist-packages/librelane/scripts/netgen/setup.tcl

Model ppolyf_u pin 1 == 2
No property par1 found for device ppolyf_u
No property pm found for device ppolyf_u
Model nfet_05v0 pin 1 == 3
No property par1 found for device nfet_05v0
No property NRD found for device nfet_05v0
No property NRS found for device nfet_05v0
No property par found for device nfet_05v0
No property sa found for device nfet_05v0
No property sb found for device nfet_05v0
No property sd found for device nfet_05v0
No property par found for device nfet_05v0
No property dtemp found for device nfet_05v0
No property nf found for device nfet_05v0
No property as found for device nfet_05v0
No property ad found for device nfet_05v0
No property ps found for device nfet_05v0
No property pd found for device nfet_05v0
Model nfet_06v0 pin 1 == 3
No property par1 found for device nfet_06v0
No property par found for device nfet_06v0
Model pfet_05v0 pin 1 == 3
No property par1 found for device pfet_05v0
No property NRD found for device pfet_05v0
No property NRS found for device pfet_05v0
No property par found for device pfet_05v0
No property sa found for device pfet_05v0
No property sb found for device pfet_05v0
No property sd found for device pfet_05v0
No property par found for device pfet_05v0
No property dtemp found for device pfet_05v0
No property nf found for device pfet_05v0
No property as found for device pfet_05v0
No property ad found for device pfet_05v0
No property ps found for device pfet_05v0
No property pd found for device pfet_05v0
Model pfet_06v0 pin 1 == 3
No property par1 found for device pfet_06v0
No property par found for device pfet_06v0
Model nfet_06v0_dss pin 1 == 3
No property par1 found for device nfet_06v0_dss
No property NRD found for device nfet_06v0_dss
No property NRS found for device nfet_06v0_dss
No property sa found for device nfet_06v0_dss
No property sb found for device nfet_06v0_dss
No property sd found for device nfet_06v0_dss
No property par found for device nfet_06v0_dss
No property as found for device nfet_06v0_dss
No property ad found for device nfet_06v0_dss
No property ps found for device nfet_06v0_dss
No property pd found for device nfet_06v0_dss
Model pfet_06v0_dss pin 1 == 3
No property par1 found for device pfet_06v0_dss
No property NRD found for device pfet_06v0_dss
No property NRS found for device pfet_06v0_dss
No property sa found for device pfet_06v0_dss
No property sb found for device pfet_06v0_dss
No property sd found for device pfet_06v0_dss
No property par found for device pfet_06v0_dss
No property as found for device pfet_06v0_dss
No property ad found for device pfet_06v0_dss
No property ps found for device pfet_06v0_dss
No property pd found for device pfet_06v0_dss
No property par1 found for device cap_nmos_06v0
No property NRD found for device cap_nmos_06v0
No property NRS found for device cap_nmos_06v0
No property as found for device cap_nmos_06v0
No property ad found for device cap_nmos_06v0
No property ps found for device cap_nmos_06v0
No property pd found for device cap_nmos_06v0
No property par1 found for device diode_nd2ps_06v0
No property par1 found for device diode_pd2nw_06v0
Comparison output logged to file /workspace/librelane/runs/RUN_2026-08-03_00-34-52/73-netgen-lvs/reports/lvs.netgen.rpt
Logging to file "/workspace/librelane/runs/RUN_2026-08-03_00-34-52/73-netgen-lvs/reports/lvs.netgen.rpt" enabled

Contents of circuit 1:  Circuit: 'gf180mcu_fd_sc_mcu7t5v0__fillcap_4'
Circuit gf180mcu_fd_sc_mcu7t5v0__fillcap_4 contains 0 device instances.
Circuit contains 0 nets, and 4 disconnected pins.
Contents of circuit 2:  Circuit: 'gf180mcu_fd_sc_mcu7t5v0__fillcap_4'
Circuit gf180mcu_fd_sc_mcu7t5v0__fillcap_4 contains 2 device instances.
  Class: pfet_05v0             instances:   1
  Class: nfet_05v0             instances:   1
Circuit contains 6 nets.

Circuit gf180mcu_fd_sc_mcu7t5v0__fillcap_4 contains no devices.

Contents of circuit 1:  Circuit: 'gf180mcu_fd_sc_mcu7t5v0__fillcap_64'
Circuit gf180mcu_fd_sc_mcu7t5v0__fillcap_64 contains 0 device instances.
Circuit contains 0 nets, and 4 disconnected pins.
Contents of circuit 2:  Circuit: 'gf180mcu_fd_sc_mcu7t5v0__fillcap_64'
Circuit gf180mcu_fd_sc_mcu7t5v0__fillcap_64 contains 32 device instances.
  Class: pfet_05v0             instances:  16
  Class: nfet_05v0             instances:  16
Circuit contains 36 nets.

Circuit gf180mcu_fd_sc_mcu7t5v0__fillcap_64 contains no devices.

Contents of circuit 1:  Circuit: 'gf180mcu_fd_sc_mcu7t5v0__xor2_1'
Circuit gf180mcu_fd_sc_mcu7t5v0__xor2_1 contains 0 device instances.
Circuit contains 0 nets, and 7 disconnected pins.
Contents of circuit 2:  Circuit: 'gf180mcu_fd_sc_mcu7t5v0__xor2_1'
Circuit gf180mcu_fd_sc_mcu7t5v0__xor2_1 contains 10 device instances.
  Class: pfet_05v0             instances:   5
  Class: nfet_05v0             instances:   5
Circuit contains 11 nets.

Circuit gf180mcu_fd_sc_mcu7t5v0__xor2_1 contains no devices.

Contents of circuit 1:  Circuit: 'gf180mcu_fd_sc_mcu7t5v0__dffrnq_1'
Circuit gf180mcu_fd_sc_mcu7t5v0__dffrnq_1 contains 0 device instances.
Circuit contains 0 nets, and 8 disconnected pins.
Contents of circuit 2:  Circuit: 'gf180mcu_fd_sc_mcu7t5v0__dffrnq_1'
Circuit gf180mcu_fd_sc_mcu7t5v0__dffrnq_1 contains 28 device instances.
  Class: pfet_05v0             instances:  14
  Class: nfet_05v0             instances:  14
Circuit contains 20 nets.

Circuit gf180mcu_fd_sc_mcu7t5v0__dffrnq_1 contains no devices.

Contents of circuit 1:  Circuit: 'gf180mcu_fd_sc_mcu7t5v0__fillcap_16'
Circuit gf180mcu_fd_sc_mcu7t5v0__fillcap_16 contains 0 device instances.
Circuit contains 0 nets, and 4 disconnected pins.
Contents of circuit 2:  Circuit: 'gf180mcu_fd_sc_mcu7t5v0__fillcap_16'
Circuit gf180mcu_fd_sc_mcu7t5v0__fillcap_16 contains 8 device instances.
  Class: pfet_05v0             instances:   4
  Class: nfet_05v0             instances:   4
Circuit contains 12 nets.

Circuit gf180mcu_fd_sc_mcu7t5v0__fillcap_16 contains no devices.

Contents of circuit 1:  Circuit: 'gf180mcu_fd_sc_mcu7t5v0__oai21_1'
Circuit gf180mcu_fd_sc_mcu7t5v0__oai21_1 contains 0 device instances.
Circuit contains 0 nets, and 8 disconnected pins.
Contents of circuit 2:  Circuit: 'gf180mcu_fd_sc_mcu7t5v0__oai21_1'
Circuit gf180mcu_fd_sc_mcu7t5v0__oai21_1 contains 6 device instances.
  Class: pfet_05v0             instances:   3
  Class: nfet_05v0             instances:   3
Circuit contains 10 nets.

Circuit gf180mcu_fd_sc_mcu7t5v0__oai21_1 contains no devices.

Contents of circuit 1:  Circuit: 'gf180mcu_fd_sc_mcu7t5v0__aoi22_1'
Circuit gf180mcu_fd_sc_mcu7t5v0__aoi22_1 contains 0 device instances.
Circuit contains 0 nets, and 9 disconnected pins.
Contents of circuit 2:  Circuit: 'gf180mcu_fd_sc_mcu7t5v0__aoi22_1'
Circuit gf180mcu_fd_sc_mcu7t5v0__aoi22_1 contains 8 device instances.
  Class: pfet_05v0             instances:   4
  Class: nfet_05v0             instances:   4
Circuit contains 12 nets.

Circuit gf180mcu_fd_sc_mcu7t5v0__aoi22_1 contains no devices.

Contents of circuit 1:  Circuit: 'gf180mcu_fd_sc_mcu7t5v0__nor2_1'
Circuit gf180mcu_fd_sc_mcu7t5v0__nor2_1 contains 0 device instances.
Circuit contains 0 nets, and 7 disconnected pins.
Contents of circuit 2:  Circuit: 'gf180mcu_fd_sc_mcu7t5v0__nor2_1'
Circuit gf180mcu_fd_sc_mcu7t5v0__nor2_1 contains 4 device instances.
  Class: pfet_05v0             instances:   2
  Class: nfet_05v0             instances:   2
Circuit contains 8 nets.

Circuit gf180mcu_fd_sc_mcu7t5v0__nor2_1 contains no devices.

Contents of circuit 1:  Circuit: 'gf180mcu_fd_sc_mcu7t5v0__fillcap_8'
Circuit gf180mcu_fd_sc_mcu7t5v0__fillcap_8 contains 0 device instances.
Circuit contains 0 nets, and 4 disconnected pins.
Contents of circuit 2:  Circuit: 'gf180mcu_fd_sc_mcu7t5v0__fillcap_8'
Circuit gf180mcu_fd_sc_mcu7t5v0__fillcap_8 contains 4 device instances.
  Class: pfet_05v0             instances:   2
  Class: nfet_05v0             instances:   2
Circuit contains 8 nets.

Circuit gf180mcu_fd_sc_mcu7t5v0__fillcap_8 contains no devices.

Contents of circuit 1:  Circuit: 'gf180mcu_fd_sc_mcu7t5v0__mux2_2'
Circuit gf180mcu_fd_sc_mcu7t5v0__mux2_2 contains 0 device instances.
Circuit contains 0 nets, and 8 disconnected pins.
Contents of circuit 2:  Circuit: 'gf180mcu_fd_sc_mcu7t5v0__mux2_2'
Circuit gf180mcu_fd_sc_mcu7t5v0__mux2_2 contains 14 device instances.
  Class: pfet_05v0             instances:   7
  Class: nfet_05v0             instances:   7
Circuit contains 14 nets.

Circuit gf180mcu_fd_sc_mcu7t5v0__mux2_2 contains no devices.

Contents of circuit 1:  Circuit: 'gf180mcu_fd_sc_mcu7t5v0__fillcap_32'
Circuit gf180mcu_fd_sc_mcu7t5v0__fillcap_32 contains 0 device instances.
Circuit contains 0 nets, and 4 disconnected pins.
Contents of circuit 2:  Circuit: 'gf180mcu_fd_sc_mcu7t5v0__fillcap_32'
Circuit gf180mcu_fd_sc_mcu7t5v0__fillcap_32 contains 16 device instances.
  Class: pfet_05v0             instances:   8
  Class: nfet_05v0             instances:   8
Circuit contains 20 nets.

Circuit gf180mcu_fd_sc_mcu7t5v0__fillcap_32 contains no devices.

Contents of circuit 1:  Circuit: 'gf180mcu_fd_sc_mcu7t5v0__clkinv_1'
Circuit gf180mcu_fd_sc_mcu7t5v0__clkinv_1 contains 0 device instances.
Circuit contains 0 nets, and 6 disconnected pins.
Contents of circuit 2:  Circuit: 'gf180mcu_fd_sc_mcu7t5v0__clkinv_1'
Circuit gf180mcu_fd_sc_mcu7t5v0__clkinv_1 contains 2 device instances.
  Class: pfet_05v0             instances:   1
  Class: nfet_05v0             instances:   1
Circuit contains 6 nets.

Circuit gf180mcu_fd_sc_mcu7t5v0__clkinv_1 contains no devices.

Contents of circuit 1:  Circuit: 'gf180mcu_fd_sc_mcu7t5v0__oai211_1'
Circuit gf180mcu_fd_sc_mcu7t5v0__oai211_1 contains 0 device instances.
Circuit contains 0 nets, and 9 disconnected pins.
Contents of circuit 2:  Circuit: 'gf180mcu_fd_sc_mcu7t5v0__oai211_1'
Circuit gf180mcu_fd_sc_mcu7t5v0__oai211_1 contains 8 device instances.
  Class: pfet_05v0             instances:   4
  Class: nfet_05v0             instances:   4
Circuit contains 12 nets.

Circuit gf180mcu_fd_sc_mcu7t5v0__oai211_1 contains no devices.

Contents of circuit 1:  Circuit: 'gf180mcu_fd_sc_mcu7t5v0__aoi221_1'
Circuit gf180mcu_fd_sc_mcu7t5v0__aoi221_1 contains 0 device instances.
Circuit contains 0 nets, and 10 disconnected pins.
Contents of circuit 2:  Circuit: 'gf180mcu_fd_sc_mcu7t5v0__aoi221_1'
Circuit gf180mcu_fd_sc_mcu7t5v0__aoi221_1 contains 10 device instances.
  Class: pfet_05v0             instances:   5
  Class: nfet_05v0             instances:   5
Circuit contains 14 nets.

Circuit gf180mcu_fd_sc_mcu7t5v0__aoi221_1 contains no devices.

Contents of circuit 1:  Circuit: 'gf180mcu_fd_io__asig_5p0'
Circuit gf180mcu_fd_io__asig_5p0 contains 0 device instances.
Circuit contains 0 nets, and 5 disconnected pins.
Contents of circuit 2:  Circuit: 'gf180mcu_fd_io__asig_5p0'
Circuit gf180mcu_fd_io__asig_5p0 contains 4 device instances.
  Class: cap_nmos_06v0         instances:   1
  Class: diode_pd2nw_06v0      instances:   1
  Class: diode_nd2ps_06v0      instances:   2
Circuit contains 3 nets, and 2 disconnected pins.

Circuit gf180mcu_fd_io__asig_5p0 contains no devices.

Contents of circuit 1:  Circuit: 'gf180mcu_fd_sc_mcu7t5v0__nand2_1'
Circuit gf180mcu_fd_sc_mcu7t5v0__nand2_1 contains 0 device instances.
Circuit contains 0 nets, and 7 disconnected pins.
Contents of circuit 2:  Circuit: 'gf180mcu_fd_sc_mcu7t5v0__nand2_1'
Circuit gf180mcu_fd_sc_mcu7t5v0__nand2_1 contains 4 device instances.
  Class: pfet_05v0             instances:   2
  Class: nfet_05v0             instances:   2
Circuit contains 8 nets.

Circuit gf180mcu_fd_sc_mcu7t5v0__nand2_1 contains no devices.

Contents of circuit 1:  Circuit: 'gf180mcu_fd_sc_mcu7t5v0__and2_1'
Circuit gf180mcu_fd_sc_mcu7t5v0__and2_1 contains 0 device instances.
Circuit contains 0 nets, and 7 disconnected pins.
Contents of circuit 2:  Circuit: 'gf180mcu_fd_sc_mcu7t5v0__and2_1'
Circuit gf180mcu_fd_sc_mcu7t5v0__and2_1 contains 6 device instances.
  Class: pfet_05v0             instances:   3
  Class: nfet_05v0             instances:   3
Circuit contains 9 nets.

Circuit gf180mcu_fd_sc_mcu7t5v0__and2_1 contains no devices.

Contents of circuit 1:  Circuit: 'gf180mcu_fd_sc_mcu7t5v0__nand3_1'
Circuit gf180mcu_fd_sc_mcu7t5v0__nand3_1 contains 0 device instances.
Circuit contains 0 nets, and 8 disconnected pins.
Contents of circuit 2:  Circuit: 'gf180mcu_fd_sc_mcu7t5v0__nand3_1'
Circuit gf180mcu_fd_sc_mcu7t5v0__nand3_1 contains 6 device instances.
  Class: pfet_05v0             instances:   3
  Class: nfet_05v0             instances:   3
Circuit contains 10 nets.

Circuit gf180mcu_fd_sc_mcu7t5v0__nand3_1 contains no devices.

Contents of circuit 1:  Circuit: 'gf180mcu_fd_sc_mcu7t5v0__dlyc_1'
Circuit gf180mcu_fd_sc_mcu7t5v0__dlyc_1 contains 0 device instances.
Circuit contains 0 nets, and 6 disconnected pins.
Contents of circuit 2:  Circuit: 'gf180mcu_fd_sc_mcu7t5v0__dlyc_1'
Circuit gf180mcu_fd_sc_mcu7t5v0__dlyc_1 contains 20 device instances.
  Class: pfet_05v0             instances:  10
  Class: nfet_05v0             instances:  10
Circuit contains 19 nets.

Circuit gf180mcu_fd_sc_mcu7t5v0__dlyc_1 contains no devices.

Contents of circuit 1:  Circuit: 'gf180mcu_fd_sc_mcu7t5v0__clkbuf_8'
Circuit gf180mcu_fd_sc_mcu7t5v0__clkbuf_8 contains 0 device instances.
Circuit contains 0 nets, and 6 disconnected pins.
Contents of circuit 2:  Circuit: 'gf180mcu_fd_sc_mcu7t5v0__clkbuf_8'
Circuit gf180mcu_fd_sc_mcu7t5v0__clkbuf_8 contains 23 device instances.
  Class: pfet_05v0             instances:  12
  Class: nfet_05v0             instances:  11
Circuit contains 7 nets.

Circuit gf180mcu_fd_sc_mcu7t5v0__clkbuf_8 contains no devices.

Contents of circuit 1:  Circuit: 'gf180mcu_fd_sc_mcu7t5v0__tiel'
Circuit gf180mcu_fd_sc_mcu7t5v0__tiel contains 0 device instances.
Circuit contains 0 nets, and 5 disconnected pins.
Contents of circuit 2:  Circuit: 'gf180mcu_fd_sc_mcu7t5v0__tiel'
Circuit gf180mcu_fd_sc_mcu7t5v0__tiel contains 2 device instances.
  Class: pfet_05v0             instances:   1
  Class: nfet_05v0             instances:   1
Circuit contains 6 nets.

Circuit gf180mcu_fd_sc_mcu7t5v0__tiel contains no devices.

Contents of circuit 1:  Circuit: 'gf180mcu_fd_io__fill1'
Circuit gf180mcu_fd_io__fill1 contains 0 device instances.
Circuit contains 0 nets, and 4 disconnected pins.
Contents of circuit 2:  Circuit: 'gf180mcu_fd_io__fill1'
Circuit gf180mcu_fd_io__fill1 contains 0 device instances.
Circuit contains 0 nets, and 4 disconnected pins.

Circuit gf180mcu_fd_io__fill1 contains no devices.

Contents of circuit 1:  Circuit: 'gf180mcu_fd_sc_mcu7t5v0__dlyb_1'
Circuit gf180mcu_fd_sc_mcu7t5v0__dlyb_1 contains 0 device instances.
Circuit contains 0 nets, and 6 disconnected pins.
Contents of circuit 2:  Circuit: 'gf180mcu_fd_sc_mcu7t5v0__dlyb_1'
Circuit gf180mcu_fd_sc_mcu7t5v0__dlyb_1 contains 12 device instances.
  Class: pfet_05v0             instances:   6
  Class: nfet_05v0             instances:   6
Circuit contains 13 nets.

Circuit gf180mcu_fd_sc_mcu7t5v0__dlyb_1 contains no devices.

Contents of circuit 1:  Circuit: 'gf180mcu_fd_sc_mcu7t5v0__oai32_1'
Circuit gf180mcu_fd_sc_mcu7t5v0__oai32_1 contains 0 device instances.
Circuit contains 0 nets, and 10 disconnected pins.
Contents of circuit 2:  Circuit: 'gf180mcu_fd_sc_mcu7t5v0__oai32_1'
Circuit gf180mcu_fd_sc_mcu7t5v0__oai32_1 contains 10 device instances.
  Class: pfet_05v0             instances:   5
  Class: nfet_05v0             instances:   5
Circuit contains 14 nets.

Circuit gf180mcu_fd_sc_mcu7t5v0__oai32_1 contains no devices.

Contents of circuit 1:  Circuit: 'gf180mcu_fd_sc_mcu7t5v0__buf_3'
Circuit gf180mcu_fd_sc_mcu7t5v0__buf_3 contains 0 device instances.
Circuit contains 0 nets, and 6 disconnected pins.
Contents of circuit 2:  Circuit: 'gf180mcu_fd_sc_mcu7t5v0__buf_3'
Circuit gf180mcu_fd_sc_mcu7t5v0__buf_3 contains 8 device instances.
  Class: pfet_05v0             instances:   4
  Class: nfet_05v0             instances:   4
Circuit contains 7 nets.

Circuit gf180mcu_fd_sc_mcu7t5v0__buf_3 contains no devices.

Contents of circuit 1:  Circuit: 'gf180mcu_fd_sc_mcu7t5v0__oai221_1'
Circuit gf180mcu_fd_sc_mcu7t5v0__oai221_1 contains 0 device instances.
Circuit contains 0 nets, and 10 disconnected pins.
Contents of circuit 2:  Circuit: 'gf180mcu_fd_sc_mcu7t5v0__oai221_1'
Circuit gf180mcu_fd_sc_mcu7t5v0__oai221_1 contains 10 device instances.
  Class: pfet_05v0             instances:   5
  Class: nfet_05v0             instances:   5
Circuit contains 14 nets.

Circuit gf180mcu_fd_sc_mcu7t5v0__oai221_1 contains no devices.

Contents of circuit 1:  Circuit: 'gf180mcu_fd_sc_mcu7t5v0__xnor2_1'
Circuit gf180mcu_fd_sc_mcu7t5v0__xnor2_1 contains 0 device instances.
Circuit contains 0 nets, and 7 disconnected pins.
Contents of circuit 2:  Circuit: 'gf180mcu_fd_sc_mcu7t5v0__xnor2_1'
Circuit gf180mcu_fd_sc_mcu7t5v0__xnor2_1 contains 10 device instances.
  Class: pfet_05v0             instances:   5
  Class: nfet_05v0             instances:   5
Circuit contains 11 nets.

Circuit gf180mcu_fd_sc_mcu7t5v0__xnor2_1 contains no devices.

Contents of circuit 1:  Circuit: 'gf180mcu_fd_sc_mcu7t5v0__nor3_1'
Circuit gf180mcu_fd_sc_mcu7t5v0__nor3_1 contains 0 device instances.
Circuit contains 0 nets, and 8 disconnected pins.
Contents of circuit 2:  Circuit: 'gf180mcu_fd_sc_mcu7t5v0__nor3_1'
Circuit gf180mcu_fd_sc_mcu7t5v0__nor3_1 contains 6 device instances.
  Class: pfet_05v0             instances:   3
  Class: nfet_05v0             instances:   3
Circuit contains 10 nets.

Circuit gf180mcu_fd_sc_mcu7t5v0__nor3_1 contains no devices.

Contents of circuit 1:  Circuit: 'gf180mcu_fd_sc_mcu7t5v0__oai31_1'
Circuit gf180mcu_fd_sc_mcu7t5v0__oai31_1 contains 0 device instances.
Circuit contains 0 nets, and 9 disconnected pins.
Contents of circuit 2:  Circuit: 'gf180mcu_fd_sc_mcu7t5v0__oai31_1'
Circuit gf180mcu_fd_sc_mcu7t5v0__oai31_1 contains 8 device instances.
  Class: pfet_05v0             instances:   4
  Class: nfet_05v0             instances:   4
Circuit contains 12 nets.

Circuit gf180mcu_fd_sc_mcu7t5v0__oai31_1 contains no devices.

Contents of circuit 1:  Circuit: 'gf180mcu_fd_sc_mcu7t5v0__buf_2'
Circuit gf180mcu_fd_sc_mcu7t5v0__buf_2 contains 0 device instances.
Circuit contains 0 nets, and 6 disconnected pins.
Contents of circuit 2:  Circuit: 'gf180mcu_fd_sc_mcu7t5v0__buf_2'
Circuit gf180mcu_fd_sc_mcu7t5v0__buf_2 contains 6 device instances.
  Class: pfet_05v0             instances:   3
  Class: nfet_05v0             instances:   3
Circuit contains 7 nets.

Circuit gf180mcu_fd_sc_mcu7t5v0__buf_2 contains no devices.

Contents of circuit 1:  Circuit: 'gf180mcu_fd_sc_mcu7t5v0__nand4_1'
Circuit gf180mcu_fd_sc_mcu7t5v0__nand4_1 contains 0 device instances.
Circuit contains 0 nets, and 9 disconnected pins.
Contents of circuit 2:  Circuit: 'gf180mcu_fd_sc_mcu7t5v0__nand4_1'
Circuit gf180mcu_fd_sc_mcu7t5v0__nand4_1 contains 8 device instances.
  Class: pfet_05v0             instances:   4
  Class: nfet_05v0             instances:   4
Circuit contains 12 nets.

Circuit gf180mcu_fd_sc_mcu7t5v0__nand4_1 contains no devices.

Contents of circuit 1:  Circuit: 'gf180mcu_fd_sc_mcu7t5v0__tieh'
Circuit gf180mcu_fd_sc_mcu7t5v0__tieh contains 0 device instances.
Circuit contains 0 nets, and 5 disconnected pins.
Contents of circuit 2:  Circuit: 'gf180mcu_fd_sc_mcu7t5v0__tieh'
Circuit gf180mcu_fd_sc_mcu7t5v0__tieh contains 2 device instances.
  Class: pfet_05v0             instances:   1
  Class: nfet_05v0             instances:   1
Circuit contains 6 nets.

Circuit gf180mcu_fd_sc_mcu7t5v0__tieh contains no devices.

Contents of circuit 1:  Circuit: 'gf180mcu_fd_io__fill10'
Circuit gf180mcu_fd_io__fill10 contains 0 device instances.
Circuit contains 0 nets, and 4 disconnected pins.
Contents of circuit 2:  Circuit: 'gf180mcu_fd_io__fill10'
Circuit gf180mcu_fd_io__fill10 contains 1 device instances.
  Class: cap_nmos_06v0         instances:   1
Circuit contains 2 nets, and 2 disconnected pins.

Circuit gf180mcu_fd_io__fill10 contains no devices.

Contents of circuit 1:  Circuit: 'gf180mcu_fd_sc_mcu7t5v0__aoi21_1'
Circuit gf180mcu_fd_sc_mcu7t5v0__aoi21_1 contains 0 device instances.
Circuit contains 0 nets, and 8 disconnected pins.
Contents of circuit 2:  Circuit: 'gf180mcu_fd_sc_mcu7t5v0__aoi21_1'
Circuit gf180mcu_fd_sc_mcu7t5v0__aoi21_1 contains 6 device instances.
  Class: pfet_05v0             instances:   3
  Class: nfet_05v0             instances:   3
Circuit contains 10 nets.

Circuit gf180mcu_fd_sc_mcu7t5v0__aoi21_1 contains no devices.

Contents of circuit 1:  Circuit: 'gf180mcu_fd_sc_mcu7t5v0__oai22_1'
Circuit gf180mcu_fd_sc_mcu7t5v0__oai22_1 contains 0 device instances.
Circuit contains 0 nets, and 9 disconnected pins.
Contents of circuit 2:  Circuit: 'gf180mcu_fd_sc_mcu7t5v0__oai22_1'
Circuit gf180mcu_fd_sc_mcu7t5v0__oai22_1 contains 8 device instances.
  Class: pfet_05v0             instances:   4
  Class: nfet_05v0             instances:   4
Circuit contains 12 nets.

Circuit gf180mcu_fd_sc_mcu7t5v0__oai22_1 contains no devices.

Contents of circuit 1:  Circuit: 'gf180mcu_fd_sc_mcu7t5v0__xnor3_1'
Circuit gf180mcu_fd_sc_mcu7t5v0__xnor3_1 contains 0 device instances.
Circuit contains 0 nets, and 8 disconnected pins.
Contents of circuit 2:  Circuit: 'gf180mcu_fd_sc_mcu7t5v0__xnor3_1'
Circuit gf180mcu_fd_sc_mcu7t5v0__xnor3_1 contains 20 device instances.
  Class: pfet_05v0             instances:  10
  Class: nfet_05v0             instances:  10
Circuit contains 17 nets.

Circuit gf180mcu_fd_sc_mcu7t5v0__xnor3_1 contains no devices.

Contents of circuit 1:  Circuit: 'gf180mcu_fd_sc_mcu7t5v0__xor3_1'
Circuit gf180mcu_fd_sc_mcu7t5v0__xor3_1 contains 0 device instances.
Circuit contains 0 nets, and 8 disconnected pins.
Contents of circuit 2:  Circuit: 'gf180mcu_fd_sc_mcu7t5v0__xor3_1'
Circuit gf180mcu_fd_sc_mcu7t5v0__xor3_1 contains 20 device instances.
  Class: pfet_05v0             instances:  10
  Class: nfet_05v0             instances:  10
Circuit contains 17 nets.

Circuit gf180mcu_fd_sc_mcu7t5v0__xor3_1 contains no devices.

Contents of circuit 1:  Circuit: 'gf180mcu_fd_sc_mcu7t5v0__clkbuf_3'
Circuit gf180mcu_fd_sc_mcu7t5v0__clkbuf_3 contains 0 device instances.
Circuit contains 0 nets, and 6 disconnected pins.
Contents of circuit 2:  Circuit: 'gf180mcu_fd_sc_mcu7t5v0__clkbuf_3'
Circuit gf180mcu_fd_sc_mcu7t5v0__clkbuf_3 contains 11 device instances.
  Class: pfet_05v0             instances:   6
  Class: nfet_05v0             instances:   5
Circuit contains 7 nets.

Circuit gf180mcu_fd_sc_mcu7t5v0__clkbuf_3 contains no devices.

Contents of circuit 1:  Circuit: 'gf180mcu_fd_sc_mcu7t5v0__dffq_1'
Circuit gf180mcu_fd_sc_mcu7t5v0__dffq_1 contains 0 device instances.
Circuit contains 0 nets, and 7 disconnected pins.
Contents of circuit 2:  Circuit: 'gf180mcu_fd_sc_mcu7t5v0__dffq_1'
Circuit gf180mcu_fd_sc_mcu7t5v0__dffq_1 contains 24 device instances.
  Class: pfet_05v0             instances:  12
  Class: nfet_05v0             instances:  12
Circuit contains 19 nets.

Circuit gf180mcu_fd_sc_mcu7t5v0__dffq_1 contains no devices.

Contents of circuit 1:  Circuit: 'gf180mcu_fd_sc_mcu7t5v0__aoi222_1'
Circuit gf180mcu_fd_sc_mcu7t5v0__aoi222_1 contains 0 device instances.
Circuit contains 0 nets, and 11 disconnected pins.
Contents of circuit 2:  Circuit: 'gf180mcu_fd_sc_mcu7t5v0__aoi222_1'
Circuit gf180mcu_fd_sc_mcu7t5v0__aoi222_1 contains 12 device instances.
  Class: pfet_05v0             instances:   6
  Class: nfet_05v0             instances:   6
Circuit contains 16 nets.

Circuit gf180mcu_fd_sc_mcu7t5v0__aoi222_1 contains no devices.

Contents of circuit 1:  Circuit: 'gf180mcu_fd_sc_mcu7t5v0__aoi211_1'
Circuit gf180mcu_fd_sc_mcu7t5v0__aoi211_1 contains 0 device instances.
Circuit contains 0 nets, and 9 disconnected pins.
Contents of circuit 2:  Circuit: 'gf180mcu_fd_sc_mcu7t5v0__aoi211_1'
Circuit gf180mcu_fd_sc_mcu7t5v0__aoi211_1 contains 8 device instances.
  Class: pfet_05v0             instances:   4
  Class: nfet_05v0             instances:   4
Circuit contains 12 nets.

Circuit gf180mcu_fd_sc_mcu7t5v0__aoi211_1 contains no devices.

Contents of circuit 1:  Circuit: 'gf180mcu_fd_sc_mcu7t5v0__or2_1'
Circuit gf180mcu_fd_sc_mcu7t5v0__or2_1 contains 0 device instances.
Circuit contains 0 nets, and 7 disconnected pins.
Contents of circuit 2:  Circuit: 'gf180mcu_fd_sc_mcu7t5v0__or2_1'
Circuit gf180mcu_fd_sc_mcu7t5v0__or2_1 contains 6 device instances.
  Class: pfet_05v0             instances:   3
  Class: nfet_05v0             instances:   3
Circuit contains 9 nets.

Circuit gf180mcu_fd_sc_mcu7t5v0__or2_1 contains no devices.

Contents of circuit 1:  Circuit: 'gf180mcu_fd_sc_mcu7t5v0__and3_1'
Circuit gf180mcu_fd_sc_mcu7t5v0__and3_1 contains 0 device instances.
Circuit contains 0 nets, and 8 disconnected pins.
Contents of circuit 2:  Circuit: 'gf180mcu_fd_sc_mcu7t5v0__and3_1'
Circuit gf180mcu_fd_sc_mcu7t5v0__and3_1 contains 8 device instances.
  Class: pfet_05v0             instances:   4
  Class: nfet_05v0             instances:   4
Circuit contains 11 nets.

Circuit gf180mcu_fd_sc_mcu7t5v0__and3_1 contains no devices.

Contents of circuit 1:  Circuit: 'gf180mcu_fd_sc_mcu7t5v0__buf_4'
Circuit gf180mcu_fd_sc_mcu7t5v0__buf_4 contains 0 device instances.
Circuit contains 0 nets, and 6 disconnected pins.
Contents of circuit 2:  Circuit: 'gf180mcu_fd_sc_mcu7t5v0__buf_4'
Circuit gf180mcu_fd_sc_mcu7t5v0__buf_4 contains 12 device instances.
  Class: pfet_05v0             instances:   6
  Class: nfet_05v0             instances:   6
Circuit contains 7 nets.

Circuit gf180mcu_fd_sc_mcu7t5v0__buf_4 contains no devices.

Contents of circuit 1:  Circuit: 'gf180mcu_fd_sc_mcu7t5v0__buf_8'
Circuit gf180mcu_fd_sc_mcu7t5v0__buf_8 contains 0 device instances.
Circuit contains 0 nets, and 6 disconnected pins.
Contents of circuit 2:  Circuit: 'gf180mcu_fd_sc_mcu7t5v0__buf_8'
Circuit gf180mcu_fd_sc_mcu7t5v0__buf_8 contains 24 device instances.
  Class: pfet_05v0             instances:  12
  Class: nfet_05v0             instances:  12
Circuit contains 7 nets.

Circuit gf180mcu_fd_sc_mcu7t5v0__buf_8 contains no devices.

Contents of circuit 1:  Circuit: 'gf180mcu_fd_sc_mcu7t5v0__nor4_1'
Circuit gf180mcu_fd_sc_mcu7t5v0__nor4_1 contains 0 device instances.
Circuit contains 0 nets, and 9 disconnected pins.
Contents of circuit 2:  Circuit: 'gf180mcu_fd_sc_mcu7t5v0__nor4_1'
Circuit gf180mcu_fd_sc_mcu7t5v0__nor4_1 contains 8 device instances.
  Class: pfet_05v0             instances:   4
  Class: nfet_05v0             instances:   4
Circuit contains 12 nets.

Circuit gf180mcu_fd_sc_mcu7t5v0__nor4_1 contains no devices.

Contents of circuit 1:  Circuit: 'gf180mcu_fd_sc_mcu7t5v0__nor3_2'
Circuit gf180mcu_fd_sc_mcu7t5v0__nor3_2 contains 0 device instances.
Circuit contains 0 nets, and 8 disconnected pins.
Contents of circuit 2:  Circuit: 'gf180mcu_fd_sc_mcu7t5v0__nor3_2'
Circuit gf180mcu_fd_sc_mcu7t5v0__nor3_2 contains 12 device instances.
  Class: pfet_05v0             instances:   6
  Class: nfet_05v0             instances:   6
Circuit contains 12 nets.

Circuit gf180mcu_fd_sc_mcu7t5v0__nor3_2 contains no devices.

Contents of circuit 1:  Circuit: 'gf180mcu_fd_sc_mcu7t5v0__inv_1'
Circuit gf180mcu_fd_sc_mcu7t5v0__inv_1 contains 0 device instances.
Circuit contains 0 nets, and 6 disconnected pins.
Contents of circuit 2:  Circuit: 'gf180mcu_fd_sc_mcu7t5v0__inv_1'
Circuit gf180mcu_fd_sc_mcu7t5v0__inv_1 contains 2 device instances.
  Class: pfet_05v0             instances:   1
  Class: nfet_05v0             instances:   1
Circuit contains 6 nets.

Circuit gf180mcu_fd_sc_mcu7t5v0__inv_1 contains no devices.

Contents of circuit 1:  Circuit: 'gf180mcu_fd_sc_mcu7t5v0__clkbuf_1'
Circuit gf180mcu_fd_sc_mcu7t5v0__clkbuf_1 contains 0 device instances.
Circuit contains 0 nets, and 6 disconnected pins.
Contents of circuit 2:  Circuit: 'gf180mcu_fd_sc_mcu7t5v0__clkbuf_1'
Circuit gf180mcu_fd_sc_mcu7t5v0__clkbuf_1 contains 5 device instances.
  Class: pfet_05v0             instances:   3
  Class: nfet_05v0             instances:   2
Circuit contains 7 nets.

Circuit gf180mcu_fd_sc_mcu7t5v0__clkbuf_1 contains no devices.

Contents of circuit 1:  Circuit: 'gf180mcu_fd_sc_mcu7t5v0__clkbuf_2'
Circuit gf180mcu_fd_sc_mcu7t5v0__clkbuf_2 contains 0 device instances.
Circuit contains 0 nets, and 6 disconnected pins.
Contents of circuit 2:  Circuit: 'gf180mcu_fd_sc_mcu7t5v0__clkbuf_2'
Circuit gf180mcu_fd_sc_mcu7t5v0__clkbuf_2 contains 6 device instances.
  Class: pfet_05v0             instances:   3
  Class: nfet_05v0             instances:   3
Circuit contains 7 nets.

Circuit gf180mcu_fd_sc_mcu7t5v0__clkbuf_2 contains no devices.

Contents of circuit 1:  Circuit: 'gf180mcu_fd_sc_mcu7t5v0__dffsnq_1'
Circuit gf180mcu_fd_sc_mcu7t5v0__dffsnq_1 contains 0 device instances.
Circuit contains 0 nets, and 8 disconnected pins.
Contents of circuit 2:  Circuit: 'gf180mcu_fd_sc_mcu7t5v0__dffsnq_1'
Circuit gf180mcu_fd_sc_mcu7t5v0__dffsnq_1 contains 28 device instances.
  Class: pfet_05v0             instances:  14
  Class: nfet_05v0             instances:  14
Circuit contains 20 nets.

Circuit gf180mcu_fd_sc_mcu7t5v0__dffsnq_1 contains no devices.

Contents of circuit 1:  Circuit: 'gf180mcu_fd_io__fill5'
Circuit gf180mcu_fd_io__fill5 contains 0 device instances.
Circuit contains 0 nets, and 4 disconnected pins.
Contents of circuit 2:  Circuit: 'gf180mcu_fd_io__fill5'
Circuit gf180mcu_fd_io__fill5 contains 1 device instances.
  Class: cap_nmos_06v0         instances:   1
Circuit contains 2 nets, and 2 disconnected pins.

Circuit gf180mcu_fd_io__fill5 contains no devices.

Contents of circuit 1:  Circuit: 'gf180mcu_fd_sc_mcu7t5v0__nand4_2'
Circuit gf180mcu_fd_sc_mcu7t5v0__nand4_2 contains 0 device instances.
Circuit contains 0 nets, and 9 disconnected pins.
Contents of circuit 2:  Circuit: 'gf180mcu_fd_sc_mcu7t5v0__nand4_2'
Circuit gf180mcu_fd_sc_mcu7t5v0__nand4_2 contains 16 device instances.
  Class: pfet_05v0             instances:   8
  Class: nfet_05v0             instances:   8
Circuit contains 15 nets.

Circuit gf180mcu_fd_sc_mcu7t5v0__nand4_2 contains no devices.

Contents of circuit 1:  Circuit: 'gf180mcu_fd_sc_mcu7t5v0__or3_1'
Circuit gf180mcu_fd_sc_mcu7t5v0__or3_1 contains 0 device instances.
Circuit contains 0 nets, and 8 disconnected pins.
Contents of circuit 2:  Circuit: 'gf180mcu_fd_sc_mcu7t5v0__or3_1'
Circuit gf180mcu_fd_sc_mcu7t5v0__or3_1 contains 8 device instances.
  Class: pfet_05v0             instances:   4
  Class: nfet_05v0             instances:   4
Circuit contains 11 nets.

Circuit gf180mcu_fd_sc_mcu7t5v0__or3_1 contains no devices.

Contents of circuit 1:  Circuit: 'gf180mcu_fd_sc_mcu7t5v0__inv_2'
Circuit gf180mcu_fd_sc_mcu7t5v0__inv_2 contains 0 device instances.
Circuit contains 0 nets, and 6 disconnected pins.
Contents of circuit 2:  Circuit: 'gf180mcu_fd_sc_mcu7t5v0__inv_2'
Circuit gf180mcu_fd_sc_mcu7t5v0__inv_2 contains 4 device instances.
  Class: pfet_05v0             instances:   2
  Class: nfet_05v0             instances:   2
Circuit contains 6 nets.

Circuit gf180mcu_fd_sc_mcu7t5v0__inv_2 contains no devices.

Contents of circuit 1:  Circuit: 'gf180mcu_fd_sc_mcu7t5v0__clkinv_8'
Circuit gf180mcu_fd_sc_mcu7t5v0__clkinv_8 contains 0 device instances.
Circuit contains 0 nets, and 6 disconnected pins.
Contents of circuit 2:  Circuit: 'gf180mcu_fd_sc_mcu7t5v0__clkinv_8'
Circuit gf180mcu_fd_sc_mcu7t5v0__clkinv_8 contains 16 device instances.
  Class: pfet_05v0             instances:   8
  Class: nfet_05v0             instances:   8
Circuit contains 6 nets.

Circuit gf180mcu_fd_sc_mcu7t5v0__clkinv_8 contains no devices.

Contents of circuit 1:  Circuit: 'gf180mcu_fd_sc_mcu7t5v0__nand3_4'
Circuit gf180mcu_fd_sc_mcu7t5v0__nand3_4 contains 0 device instances.
Circuit contains 0 nets, and 8 disconnected pins.
Contents of circuit 2:  Circuit: 'gf180mcu_fd_sc_mcu7t5v0__nand3_4'
Circuit gf180mcu_fd_sc_mcu7t5v0__nand3_4 contains 24 device instances.
  Class: pfet_05v0             instances:  12
  Class: nfet_05v0             instances:  12
Circuit contains 14 nets.

Circuit gf180mcu_fd_sc_mcu7t5v0__nand3_4 contains no devices.

Contents of circuit 1:  Circuit: 'gf180mcu_fd_sc_mcu7t5v0__clkinv_2'
Circuit gf180mcu_fd_sc_mcu7t5v0__clkinv_2 contains 0 device instances.
Circuit contains 0 nets, and 6 disconnected pins.
Contents of circuit 2:  Circuit: 'gf180mcu_fd_sc_mcu7t5v0__clkinv_2'
Circuit gf180mcu_fd_sc_mcu7t5v0__clkinv_2 contains 4 device instances.
  Class: pfet_05v0             instances:   2
  Class: nfet_05v0             instances:   2
Circuit contains 6 nets.

Circuit gf180mcu_fd_sc_mcu7t5v0__clkinv_2 contains no devices.

Contents of circuit 1:  Circuit: 'gf180mcu_fd_sc_mcu7t5v0__nor2_2'
Circuit gf180mcu_fd_sc_mcu7t5v0__nor2_2 contains 0 device instances.
Circuit contains 0 nets, and 7 disconnected pins.
Contents of circuit 2:  Circuit: 'gf180mcu_fd_sc_mcu7t5v0__nor2_2'
Circuit gf180mcu_fd_sc_mcu7t5v0__nor2_2 contains 8 device instances.
  Class: pfet_05v0             instances:   4
  Class: nfet_05v0             instances:   4
Circuit contains 9 nets.

Circuit gf180mcu_fd_sc_mcu7t5v0__nor2_2 contains no devices.

Contents of circuit 1:  Circuit: 'gf180mcu_fd_sc_mcu7t5v0__inv_4'
Circuit gf180mcu_fd_sc_mcu7t5v0__inv_4 contains 0 device instances.
Circuit contains 0 nets, and 6 disconnected pins.
Contents of circuit 2:  Circuit: 'gf180mcu_fd_sc_mcu7t5v0__inv_4'
Circuit gf180mcu_fd_sc_mcu7t5v0__inv_4 contains 8 device instances.
  Class: pfet_05v0             instances:   4
  Class: nfet_05v0             instances:   4
Circuit contains 6 nets.

Circuit gf180mcu_fd_sc_mcu7t5v0__inv_4 contains no devices.

Contents of circuit 1:  Circuit: 'gf180mcu_fd_io__cor'
Circuit gf180mcu_fd_io__cor contains 0 device instances.
Circuit contains 0 nets, and 4 disconnected pins.
Contents of circuit 2:  Circuit: 'gf180mcu_fd_io__cor'
Circuit gf180mcu_fd_io__cor contains 41 device instances.
  Class: cap_nmos_06v0         instances:   3
  Class: ppolyf_u              instances:  24
  Class: pfet_06v0             instances:   6
  Class: nfet_06v0             instances:   8
Circuit contains 34 nets.

Circuit gf180mcu_fd_io__cor contains no devices.

Contents of circuit 1:  Circuit: 'gf180mcu_fd_sc_mcu7t5v0__dffrnq_2'
Circuit gf180mcu_fd_sc_mcu7t5v0__dffrnq_2 contains 0 device instances.
Circuit contains 0 nets, and 8 disconnected pins.
Contents of circuit 2:  Circuit: 'gf180mcu_fd_sc_mcu7t5v0__dffrnq_2'
Circuit gf180mcu_fd_sc_mcu7t5v0__dffrnq_2 contains 30 device instances.
  Class: pfet_05v0             instances:  15
  Class: nfet_05v0             instances:  15
Circuit contains 20 nets.

Circuit gf180mcu_fd_sc_mcu7t5v0__dffrnq_2 contains no devices.

Contents of circuit 1:  Circuit: 'gf180mcu_ws_io__dvdd'
Circuit gf180mcu_ws_io__dvdd contains 0 device instances.
Circuit contains 0 nets, and 3 disconnected pins.
Contents of circuit 2:  Circuit: 'gf180mcu_ws_io__dvdd'
Circuit gf180mcu_ws_io__dvdd contains 22 device instances.
  Class: cap_nmos_06v0         instances:   2
  Class: ppolyf_u              instances:  12
  Class: pfet_06v0             instances:   3
  Class: diode_nd2ps_06v0      instances:   1
  Class: nfet_06v0             instances:   4
Circuit contains 17 nets, and 1 disconnected pin.

Circuit gf180mcu_ws_io__dvdd contains no devices.

Contents of circuit 1:  Circuit: 'gf180mcu_fd_sc_mcu7t5v0__inv_3'
Circuit gf180mcu_fd_sc_mcu7t5v0__inv_3 contains 0 device instances.
Circuit contains 0 nets, and 6 disconnected pins.
Contents of circuit 2:  Circuit: 'gf180mcu_fd_sc_mcu7t5v0__inv_3'
Circuit gf180mcu_fd_sc_mcu7t5v0__inv_3 contains 6 device instances.
  Class: pfet_05v0             instances:   3
  Class: nfet_05v0             instances:   3
Circuit contains 6 nets.

Circuit gf180mcu_fd_sc_mcu7t5v0__inv_3 contains no devices.

Contents of circuit 1:  Circuit: 'gf180mcu_fd_sc_mcu7t5v0__and4_1'
Circuit gf180mcu_fd_sc_mcu7t5v0__and4_1 contains 0 device instances.
Circuit contains 0 nets, and 9 disconnected pins.
Contents of circuit 2:  Circuit: 'gf180mcu_fd_sc_mcu7t5v0__and4_1'
Circuit gf180mcu_fd_sc_mcu7t5v0__and4_1 contains 10 device instances.
  Class: pfet_05v0             instances:   5
  Class: nfet_05v0             instances:   5
Circuit contains 13 nets.

Circuit gf180mcu_fd_sc_mcu7t5v0__and4_1 contains no devices.

Contents of circuit 1:  Circuit: 'gf180mcu_fd_sc_mcu7t5v0__or4_1'
Circuit gf180mcu_fd_sc_mcu7t5v0__or4_1 contains 0 device instances.
Circuit contains 0 nets, and 9 disconnected pins.
Contents of circuit 2:  Circuit: 'gf180mcu_fd_sc_mcu7t5v0__or4_1'
Circuit gf180mcu_fd_sc_mcu7t5v0__or4_1 contains 10 device instances.
  Class: pfet_05v0             instances:   5
  Class: nfet_05v0             instances:   5
Circuit contains 13 nets.

Circuit gf180mcu_fd_sc_mcu7t5v0__or4_1 contains no devices.

Contents of circuit 1:  Circuit: 'gf180mcu_fd_sc_mcu7t5v0__buf_12'
Circuit gf180mcu_fd_sc_mcu7t5v0__buf_12 contains 0 device instances.
Circuit contains 0 nets, and 6 disconnected pins.
Contents of circuit 2:  Circuit: 'gf180mcu_fd_sc_mcu7t5v0__buf_12'
Circuit gf180mcu_fd_sc_mcu7t5v0__buf_12 contains 36 device instances.
  Class: pfet_05v0             instances:  18
  Class: nfet_05v0             instances:  18
Circuit contains 7 nets.

Circuit gf180mcu_fd_sc_mcu7t5v0__buf_12 contains no devices.

Contents of circuit 1:  Circuit: 'gf180mcu_ws_ip__id'
Circuit gf180mcu_ws_ip__id contains 0 device instances.
Circuit contains 0 nets.
Contents of circuit 2:  Circuit: 'gf180mcu_ws_ip__id'
Circuit gf180mcu_ws_ip__id contains 0 device instances.
Circuit contains 0 nets.

Circuit gf180mcu_ws_ip__id contains no devices.

Contents of circuit 1:  Circuit: 'gf180mcu_fd_io__bi_24t'
Circuit gf180mcu_fd_io__bi_24t contains 0 device instances.
Circuit contains 0 nets, and 13 disconnected pins.
Contents of circuit 2:  Circuit: 'gf180mcu_fd_io__bi_24t'
Circuit gf180mcu_fd_io__bi_24t contains 212 device instances.
  Class: pfet_06v0_dss         instances:   8
  Class: cap_nmos_06v0         instances:   2
  Class: diode_pd2nw_06v0      instances:  13
  Class: ppolyf_u              instances:  14
  Class: nfet_06v0_dss         instances:   8
  Class: pfet_06v0             instances:  83
  Class: diode_nd2ps_06v0      instances:   1
  Class: nfet_06v0             instances:  83
Circuit contains 95 nets.

Circuit gf180mcu_fd_io__bi_24t contains no devices.

Contents of circuit 1:  Circuit: 'gf180mcu_fd_sc_mcu7t5v0__nor4_4'
Circuit gf180mcu_fd_sc_mcu7t5v0__nor4_4 contains 0 device instances.
Circuit contains 0 nets, and 9 disconnected pins.
Contents of circuit 2:  Circuit: 'gf180mcu_fd_sc_mcu7t5v0__nor4_4'
Circuit gf180mcu_fd_sc_mcu7t5v0__nor4_4 contains 32 device instances.
  Class: pfet_05v0             instances:  16
  Class: nfet_05v0             instances:  16
Circuit contains 19 nets.

Circuit gf180mcu_fd_sc_mcu7t5v0__nor4_4 contains no devices.

Contents of circuit 1:  Circuit: 'gf180mcu_fd_sc_mcu7t5v0__oai33_1'
Circuit gf180mcu_fd_sc_mcu7t5v0__oai33_1 contains 0 device instances.
Circuit contains 0 nets, and 11 disconnected pins.
Contents of circuit 2:  Circuit: 'gf180mcu_fd_sc_mcu7t5v0__oai33_1'
Circuit gf180mcu_fd_sc_mcu7t5v0__oai33_1 contains 12 device instances.
  Class: pfet_05v0             instances:   6
  Class: nfet_05v0             instances:   6
Circuit contains 16 nets.

Circuit gf180mcu_fd_sc_mcu7t5v0__oai33_1 contains no devices.

Contents of circuit 1:  Circuit: 'gf180mcu_ws_ip__logo'
Circuit gf180mcu_ws_ip__logo contains 0 device instances.
Circuit contains 0 nets.
Contents of circuit 2:  Circuit: 'gf180mcu_ws_ip__logo'
Circuit gf180mcu_ws_ip__logo contains 0 device instances.
Circuit contains 0 nets.

Circuit gf180mcu_ws_ip__logo contains no devices.

Contents of circuit 1:  Circuit: 'gf180mcu_fd_io__in_c'
Circuit gf180mcu_fd_io__in_c contains 0 device instances.
Circuit contains 0 nets, and 8 disconnected pins.
Contents of circuit 2:  Circuit: 'gf180mcu_fd_io__in_c'
Circuit gf180mcu_fd_io__in_c contains 212 device instances.
  Class: pfet_06v0_dss         instances:   8
  Class: cap_nmos_06v0         instances:   2
  Class: diode_pd2nw_06v0      instances:  13
  Class: ppolyf_u              instances:  14
  Class: nfet_06v0_dss         instances:   8
  Class: pfet_06v0             instances:  83
  Class: diode_nd2ps_06v0      instances:   1
  Class: nfet_06v0             instances:  83
Circuit contains 90 nets.

Circuit gf180mcu_fd_io__in_c contains no devices.

Contents of circuit 1:  Circuit: 'gf180mcu_fd_sc_mcu7t5v0__buf_1'
Circuit gf180mcu_fd_sc_mcu7t5v0__buf_1 contains 0 device instances.
Circuit contains 0 nets, and 6 disconnected pins.
Contents of circuit 2:  Circuit: 'gf180mcu_fd_sc_mcu7t5v0__buf_1'
Circuit gf180mcu_fd_sc_mcu7t5v0__buf_1 contains 4 device instances.
  Class: pfet_05v0             instances:   2
  Class: nfet_05v0             instances:   2
Circuit contains 7 nets.

Circuit gf180mcu_fd_sc_mcu7t5v0__buf_1 contains no devices.

Contents of circuit 1:  Circuit: 'gf180mcu_fd_sc_mcu7t5v0__clkbuf_4'
Circuit gf180mcu_fd_sc_mcu7t5v0__clkbuf_4 contains 0 device instances.
Circuit contains 0 nets, and 6 disconnected pins.
Contents of circuit 2:  Circuit: 'gf180mcu_fd_sc_mcu7t5v0__clkbuf_4'
Circuit gf180mcu_fd_sc_mcu7t5v0__clkbuf_4 contains 11 device instances.
  Class: pfet_05v0             instances:   6
  Class: nfet_05v0             instances:   5
Circuit contains 7 nets.

Circuit gf180mcu_fd_sc_mcu7t5v0__clkbuf_4 contains no devices.

Contents of circuit 1:  Circuit: 'gf180mcu_fd_sc_mcu7t5v0__oai222_1'
Circuit gf180mcu_fd_sc_mcu7t5v0__oai222_1 contains 0 device instances.
Circuit contains 0 nets, and 11 disconnected pins.
Contents of circuit 2:  Circuit: 'gf180mcu_fd_sc_mcu7t5v0__oai222_1'
Circuit gf180mcu_fd_sc_mcu7t5v0__oai222_1 contains 12 device instances.
  Class: pfet_05v0             instances:   6
  Class: nfet_05v0             instances:   6
Circuit contains 16 nets.

Circuit gf180mcu_fd_sc_mcu7t5v0__oai222_1 contains no devices.

Contents of circuit 1:  Circuit: 'gf180mcu_fd_sc_mcu7t5v0__nand2_2'
Circuit gf180mcu_fd_sc_mcu7t5v0__nand2_2 contains 0 device instances.
Circuit contains 0 nets, and 7 disconnected pins.
Contents of circuit 2:  Circuit: 'gf180mcu_fd_sc_mcu7t5v0__nand2_2'
Circuit gf180mcu_fd_sc_mcu7t5v0__nand2_2 contains 8 device instances.
  Class: pfet_05v0             instances:   4
  Class: nfet_05v0             instances:   4
Circuit contains 9 nets.

Circuit gf180mcu_fd_sc_mcu7t5v0__nand2_2 contains no devices.

Contents of circuit 1:  Circuit: 'gf180mcu_ws_io__dvss'
Circuit gf180mcu_ws_io__dvss contains 0 device instances.
Circuit contains 0 nets, and 3 disconnected pins.
Contents of circuit 2:  Circuit: 'gf180mcu_ws_io__dvss'
Circuit gf180mcu_ws_io__dvss contains 22 device instances.
  Class: cap_nmos_06v0         instances:   2
  Class: ppolyf_u              instances:  12
  Class: pfet_06v0             instances:   3
  Class: diode_nd2ps_06v0      instances:   1
  Class: nfet_06v0             instances:   4
Circuit contains 17 nets, and 1 disconnected pin.

Circuit gf180mcu_ws_io__dvss contains no devices.

Contents of circuit 1:  Circuit: 'gf180mcu_fd_io__in_s'
Circuit gf180mcu_fd_io__in_s contains 0 device instances.
Circuit contains 0 nets, and 8 disconnected pins.
Contents of circuit 2:  Circuit: 'gf180mcu_fd_io__in_s'
Circuit gf180mcu_fd_io__in_s contains 212 device instances.
  Class: pfet_06v0_dss         instances:   8
  Class: cap_nmos_06v0         instances:   2
  Class: diode_pd2nw_06v0      instances:  13
  Class: ppolyf_u              instances:  14
  Class: nfet_06v0_dss         instances:   8
  Class: pfet_06v0             instances:  83
  Class: diode_nd2ps_06v0      instances:   1
  Class: nfet_06v0             instances:  83
Circuit contains 90 nets.

Circuit gf180mcu_fd_io__in_s contains no devices.

Contents of circuit 1:  Circuit: 'gf180mcu_fd_sc_mcu7t5v0__aoi21_2'
Circuit gf180mcu_fd_sc_mcu7t5v0__aoi21_2 contains 0 device instances.
Circuit contains 0 nets, and 8 disconnected pins.
Contents of circuit 2:  Circuit: 'gf180mcu_fd_sc_mcu7t5v0__aoi21_2'
Circuit gf180mcu_fd_sc_mcu7t5v0__aoi21_2 contains 12 device instances.
  Class: pfet_05v0             instances:   6
  Class: nfet_05v0             instances:   6
Circuit contains 11 nets.

Circuit gf180mcu_fd_sc_mcu7t5v0__aoi21_2 contains no devices.

Contents of circuit 1:  Circuit: 'gf180mcu_fd_sc_mcu7t5v0__dlya_1'
Circuit gf180mcu_fd_sc_mcu7t5v0__dlya_1 contains 0 device instances.
Circuit contains 0 nets, and 6 disconnected pins.
Contents of circuit 2:  Circuit: 'gf180mcu_fd_sc_mcu7t5v0__dlya_1'
Circuit gf180mcu_fd_sc_mcu7t5v0__dlya_1 contains 8 device instances.
  Class: pfet_05v0             instances:   4
  Class: nfet_05v0             instances:   4
Circuit contains 9 nets.

Circuit gf180mcu_fd_sc_mcu7t5v0__dlya_1 contains no devices.

Contents of circuit 1:  Circuit: 'gf180mcu_fd_sc_mcu7t5v0__antenna'
Circuit gf180mcu_fd_sc_mcu7t5v0__antenna contains 0 device instances.
Circuit contains 0 nets, and 5 disconnected pins.
Contents of circuit 2:  Circuit: 'gf180mcu_fd_sc_mcu7t5v0__antenna'
Circuit gf180mcu_fd_sc_mcu7t5v0__antenna contains 2 device instances.
  Class: diode_pd2nw_06v0      instances:   1
  Class: diode_nd2ps_06v0      instances:   1
Circuit contains 3 nets, and 2 disconnected pins.

Circuit gf180mcu_fd_sc_mcu7t5v0__antenna contains no devices.

Contents of circuit 1:  Circuit: 'gf180mcu_fd_sc_mcu7t5v0__clkbuf_16'
Circuit gf180mcu_fd_sc_mcu7t5v0__clkbuf_16 contains 0 device instances.
Circuit contains 0 nets, and 6 disconnected pins.
Contents of circuit 2:  Circuit: 'gf180mcu_fd_sc_mcu7t5v0__clkbuf_16'
Circuit gf180mcu_fd_sc_mcu7t5v0__clkbuf_16 contains 46 device instances.
  Class: pfet_05v0             instances:  24
  Class: nfet_05v0             instances:  22
Circuit contains 7 nets.

Circuit gf180mcu_fd_sc_mcu7t5v0__clkbuf_16 contains no devices.

Contents of circuit 1:  Circuit: 'chip_top'
Circuit chip_top contains 64998 device instances.
  Class: gf180mcu_fd_sc_mcu7t5v0__dlyc_1 instances: 105
  Class: gf180mcu_fd_io__asig_5p0 instances:  60
  Class: gf180mcu_fd_sc_mcu7t5v0__buf_8 instances:  15
  Class: gf180mcu_fd_sc_mcu7t5v0__oai222_1 instances:   1
  Class: gf180mcu_fd_sc_mcu7t5v0__nor4_4 instances:   1
  Class: gf180mcu_ws_io__dvss  instances:   4
  Class: gf180mcu_fd_sc_mcu7t5v0__clkbuf_16 instances:   1
  Class: gf180mcu_fd_sc_mcu7t5v0__clkbuf_8 instances:  86
  Class: gf180mcu_fd_sc_mcu7t5v0__clkinv_8 instances:   3
  Class: gf180mcu_fd_sc_mcu7t5v0__and4_1 instances:  13
  Class: gf180mcu_fd_sc_mcu7t5v0__nand4_1 instances:  44
  Class: gf180mcu_fd_sc_mcu7t5v0__nor2_2 instances:   6
  Class: gf180mcu_fd_sc_mcu7t5v0__aoi222_1 instances:  13
  Class: gf180mcu_fd_sc_mcu7t5v0__fillcap_8 instances: 2535
  Class: gf180mcu_fd_sc_mcu7t5v0__and3_1 instances:  49
  Class: gf180mcu_fd_sc_mcu7t5v0__oai32_1 instances:  30
  Class: gf180mcu_fd_sc_mcu7t5v0__xor3_1 instances: 123
  Class: gf180mcu_fd_sc_mcu7t5v0__dffrnq_1 instances: 538
  Class: gf180mcu_fd_sc_mcu7t5v0__dffsnq_1 instances:   8
  Class: gf180mcu_fd_sc_mcu7t5v0__nor4_1 instances:  19
  Class: gf180mcu_fd_sc_mcu7t5v0__aoi22_1 instances: 247
  Class: gf180mcu_fd_sc_mcu7t5v0__dlya_1 instances:   1
  Class: gf180mcu_fd_sc_mcu7t5v0__nand3_1 instances: 157
  Class: gf180mcu_ws_ip__id    instances:   1
  Class: gf180mcu_fd_io__fill5 instances:   2
  Class: gf180mcu_fd_sc_mcu7t5v0__antenna instances:   2
  Class: gf180mcu_fd_sc_mcu7t5v0__dffq_1 instances:  22
  Class: gf180mcu_fd_sc_mcu7t5v0__oai221_1 instances:  34
  Class: gf180mcu_fd_sc_mcu7t5v0__nor3_1 instances:  97
  Class: gf180mcu_fd_io__bi_24t instances:  20
  Class: gf180mcu_fd_sc_mcu7t5v0__dffrnq_2 instances:   1
  Class: gf180mcu_fd_sc_mcu7t5v0__oai211_1 instances:  78
  Class: gf180mcu_fd_sc_mcu7t5v0__buf_2 instances: 161
  Class: gf180mcu_fd_sc_mcu7t5v0__tieh instances:  24
  Class: gf180mcu_fd_sc_mcu7t5v0__nand3_4 instances:   1
  Class: gf180mcu_fd_sc_mcu7t5v0__fillcap_16 instances: 2394
  Class: gf180mcu_fd_sc_mcu7t5v0__aoi221_1 instances:  62
  Class: gf180mcu_fd_sc_mcu7t5v0__inv_3 instances:   6
  Class: gf180mcu_fd_sc_mcu7t5v0__clkbuf_2 instances:  22
  Class: gf180mcu_fd_sc_mcu7t5v0__oai21_1 instances: 497
  Class: gf180mcu_fd_sc_mcu7t5v0__dlyb_1 instances: 416
  Class: gf180mcu_fd_sc_mcu7t5v0__fillcap_32 instances: 1767
  Class: gf180mcu_fd_sc_mcu7t5v0__or4_1 instances:   7
  Class: gf180mcu_ws_io__dvdd  instances:   4
  Class: gf180mcu_fd_sc_mcu7t5v0__inv_4 instances:   5
  Class: gf180mcu_fd_sc_mcu7t5v0__oai31_1 instances:  45
  Class: gf180mcu_fd_sc_mcu7t5v0__buf_12 instances:   2
  Class: gf180mcu_fd_sc_mcu7t5v0__oai33_1 instances:   4
  Class: gf180mcu_fd_sc_mcu7t5v0__oai22_1 instances:  94
  Class: gf180mcu_fd_sc_mcu7t5v0__buf_4 instances:  89
  Class: gf180mcu_fd_sc_mcu7t5v0__nand2_1 instances: 853
  Class: gf180mcu_fd_sc_mcu7t5v0__inv_1 instances:   5
  Class: gf180mcu_fd_sc_mcu7t5v0__or2_1 instances:  95
  Class: gf180mcu_fd_sc_mcu7t5v0__fillcap_4 instances: 27228
  Class: gf180mcu_fd_sc_mcu7t5v0__xnor3_1 instances:   8
  Class: gf180mcu_fd_sc_mcu7t5v0__and2_1 instances: 153
  Class: gf180mcu_fd_sc_mcu7t5v0__xor2_1 instances: 362
  Class: gf180mcu_fd_sc_mcu7t5v0__clkbuf_4 instances:   1
  Class: gf180mcu_fd_sc_mcu7t5v0__nor3_2 instances:   5
  Class: gf180mcu_fd_io__fill1 instances: 157
  Class: gf180mcu_fd_sc_mcu7t5v0__buf_1 instances:   5
  Class: gf180mcu_fd_sc_mcu7t5v0__nand4_2 instances:   2
  Class: gf180mcu_fd_sc_mcu7t5v0__nand2_2 instances:   2
  Class: gf180mcu_fd_sc_mcu7t5v0__inv_2 instances:  15
  Class: gf180mcu_fd_sc_mcu7t5v0__clkbuf_1 instances:  52
  Class: gf180mcu_fd_sc_mcu7t5v0__mux2_2 instances: 142
  Class: gf180mcu_fd_io__in_c  instances:   2
  Class: gf180mcu_fd_sc_mcu7t5v0__clkinv_1 instances: 418
  Class: gf180mcu_fd_sc_mcu7t5v0__aoi211_1 instances:  70
  Class: gf180mcu_fd_io__cor   instances:   4
  Class: gf180mcu_fd_io__fill10 instances: 170
  Class: gf180mcu_fd_sc_mcu7t5v0__xnor2_1 instances:  92
  Class: gf180mcu_fd_sc_mcu7t5v0__aoi21_2 instances:   1
  Class: gf180mcu_fd_sc_mcu7t5v0__tiel instances: 101
  Class: gf180mcu_fd_io__in_s  instances:   1
  Class: gf180mcu_fd_sc_mcu7t5v0__or3_1 instances:  21
  Class: gf180mcu_fd_sc_mcu7t5v0__clkinv_2 instances:  18
  Class: gf180mcu_fd_sc_mcu7t5v0__buf_3 instances:  40
  Class: gf180mcu_fd_sc_mcu7t5v0__fillcap_64 instances: 24147
  Class: gf180mcu_ws_ip__logo  instances:   1
  Class: gf180mcu_fd_sc_mcu7t5v0__nor2_1 instances: 556
  Class: gf180mcu_fd_sc_mcu7t5v0__aoi21_1 instances: 337
  Class: gf180mcu_fd_sc_mcu7t5v0__clkbuf_3 instances:  18
Circuit contains 6612 nets, and 2 disconnected pins.
Contents of circuit 2:  Circuit: 'chip_top'
Circuit chip_top contains 64998 device instances.
  Class: gf180mcu_fd_sc_mcu7t5v0__dlyc_1 instances: 105
  Class: gf180mcu_fd_io__asig_5p0 instances:  60
  Class: gf180mcu_fd_sc_mcu7t5v0__buf_8 instances:  15
  Class: gf180mcu_fd_sc_mcu7t5v0__oai222_1 instances:   1
  Class: gf180mcu_fd_sc_mcu7t5v0__nor4_4 instances:   1
  Class: gf180mcu_ws_io__dvss  instances:   4
  Class: gf180mcu_fd_sc_mcu7t5v0__clkbuf_16 instances:   1
  Class: gf180mcu_fd_sc_mcu7t5v0__clkbuf_8 instances:  86
  Class: gf180mcu_fd_sc_mcu7t5v0__clkinv_8 instances:   3
  Class: gf180mcu_fd_sc_mcu7t5v0__and4_1 instances:  13
  Class: gf180mcu_fd_sc_mcu7t5v0__nand4_1 instances:  44
  Class: gf180mcu_fd_sc_mcu7t5v0__nor2_2 instances:   6
  Class: gf180mcu_fd_sc_mcu7t5v0__aoi222_1 instances:  13
  Class: gf180mcu_fd_sc_mcu7t5v0__fillcap_8 instances: 2535
  Class: gf180mcu_fd_sc_mcu7t5v0__and3_1 instances:  49
  Class: gf180mcu_fd_sc_mcu7t5v0__oai32_1 instances:  30
  Class: gf180mcu_fd_sc_mcu7t5v0__xor3_1 instances: 123
  Class: gf180mcu_fd_sc_mcu7t5v0__dffrnq_1 instances: 538
  Class: gf180mcu_fd_sc_mcu7t5v0__dffsnq_1 instances:   8
  Class: gf180mcu_fd_sc_mcu7t5v0__nor4_1 instances:  19
  Class: gf180mcu_fd_sc_mcu7t5v0__aoi22_1 instances: 247
  Class: gf180mcu_fd_sc_mcu7t5v0__dlya_1 instances:   1
  Class: gf180mcu_fd_sc_mcu7t5v0__nand3_1 instances: 157
  Class: gf180mcu_ws_ip__id    instances:   1
  Class: gf180mcu_fd_io__fill5 instances:   2
  Class: gf180mcu_fd_sc_mcu7t5v0__antenna instances:   2
  Class: gf180mcu_fd_sc_mcu7t5v0__dffq_1 instances:  22
  Class: gf180mcu_fd_sc_mcu7t5v0__oai221_1 instances:  34
  Class: gf180mcu_fd_sc_mcu7t5v0__nor3_1 instances:  97
  Class: gf180mcu_fd_io__bi_24t instances:  20
  Class: gf180mcu_fd_sc_mcu7t5v0__dffrnq_2 instances:   1
  Class: gf180mcu_fd_sc_mcu7t5v0__oai211_1 instances:  78
  Class: gf180mcu_fd_sc_mcu7t5v0__buf_2 instances: 161
  Class: gf180mcu_fd_sc_mcu7t5v0__tieh instances:  24
  Class: gf180mcu_fd_sc_mcu7t5v0__nand3_4 instances:   1
  Class: gf180mcu_fd_sc_mcu7t5v0__fillcap_16 instances: 2394
  Class: gf180mcu_fd_sc_mcu7t5v0__aoi221_1 instances:  62
  Class: gf180mcu_fd_sc_mcu7t5v0__inv_3 instances:   6
  Class: gf180mcu_fd_sc_mcu7t5v0__clkbuf_2 instances:  22
  Class: gf180mcu_fd_sc_mcu7t5v0__oai21_1 instances: 497
  Class: gf180mcu_fd_sc_mcu7t5v0__dlyb_1 instances: 416
  Class: gf180mcu_fd_sc_mcu7t5v0__fillcap_32 instances: 1767
  Class: gf180mcu_fd_sc_mcu7t5v0__or4_1 instances:   7
  Class: gf180mcu_ws_io__dvdd  instances:   4
  Class: gf180mcu_fd_sc_mcu7t5v0__inv_4 instances:   5
  Class: gf180mcu_fd_sc_mcu7t5v0__oai31_1 instances:  45
  Class: gf180mcu_fd_sc_mcu7t5v0__buf_12 instances:   2
  Class: gf180mcu_fd_sc_mcu7t5v0__oai33_1 instances:   4
  Class: gf180mcu_fd_sc_mcu7t5v0__oai22_1 instances:  94
  Class: gf180mcu_fd_sc_mcu7t5v0__buf_4 instances:  89
  Class: gf180mcu_fd_sc_mcu7t5v0__nand2_1 instances: 853
  Class: gf180mcu_fd_sc_mcu7t5v0__inv_1 instances:   5
  Class: gf180mcu_fd_sc_mcu7t5v0__or2_1 instances:  95
  Class: gf180mcu_fd_sc_mcu7t5v0__fillcap_4 instances: 27228
  Class: gf180mcu_fd_sc_mcu7t5v0__xnor3_1 instances:   8
  Class: gf180mcu_fd_sc_mcu7t5v0__and2_1 instances: 153
  Class: gf180mcu_fd_sc_mcu7t5v0__xor2_1 instances: 362
  Class: gf180mcu_fd_sc_mcu7t5v0__clkbuf_4 instances:   1
  Class: gf180mcu_fd_sc_mcu7t5v0__nor3_2 instances:   5
  Class: gf180mcu_fd_io__fill1 instances: 157
  Class: gf180mcu_fd_sc_mcu7t5v0__buf_1 instances:   5
  Class: gf180mcu_fd_sc_mcu7t5v0__nand4_2 instances:   2
  Class: gf180mcu_fd_sc_mcu7t5v0__nand2_2 instances:   2
  Class: gf180mcu_fd_sc_mcu7t5v0__inv_2 instances:  15
  Class: gf180mcu_fd_sc_mcu7t5v0__clkbuf_1 instances:  52
  Class: gf180mcu_fd_sc_mcu7t5v0__mux2_2 instances: 142
  Class: gf180mcu_fd_io__in_c  instances:   2
  Class: gf180mcu_fd_sc_mcu7t5v0__clkinv_1 instances: 418
  Class: gf180mcu_fd_sc_mcu7t5v0__aoi211_1 instances:  70
  Class: gf180mcu_fd_io__cor   instances:   4
  Class: gf180mcu_fd_io__fill10 instances: 170
  Class: gf180mcu_fd_sc_mcu7t5v0__xnor2_1 instances:  92
  Class: gf180mcu_fd_sc_mcu7t5v0__aoi21_2 instances:   1
  Class: gf180mcu_fd_sc_mcu7t5v0__tiel instances: 101
  Class: gf180mcu_fd_io__in_s  instances:   1
  Class: gf180mcu_fd_sc_mcu7t5v0__or3_1 instances:  21
  Class: gf180mcu_fd_sc_mcu7t5v0__clkinv_2 instances:  18
  Class: gf180mcu_fd_sc_mcu7t5v0__buf_3 instances:  40
  Class: gf180mcu_fd_sc_mcu7t5v0__fillcap_64 instances: 24147
  Class: gf180mcu_ws_ip__logo  instances:   1
  Class: gf180mcu_fd_sc_mcu7t5v0__nor2_1 instances: 556
  Class: gf180mcu_fd_sc_mcu7t5v0__aoi21_1 instances: 337
  Class: gf180mcu_fd_sc_mcu7t5v0__clkbuf_3 instances:  18
Circuit contains 6604 nets, and 2 disconnected pins.

Circuit was modified by parallel/series device merging.
New circuit summary:

Contents of circuit 1:  Circuit: 'chip_top'
Circuit chip_top contains 6932 device instances.
  Class: gf180mcu_fd_sc_mcu7t5v0__dlyc_1 instances: 105
  Class: gf180mcu_fd_io__asig_5p0 instances:  60
  Class: gf180mcu_fd_sc_mcu7t5v0__buf_8 instances:  15
  Class: gf180mcu_fd_sc_mcu7t5v0__oai222_1 instances:   1
  Class: gf180mcu_fd_sc_mcu7t5v0__nor4_4 instances:   1
  Class: gf180mcu_ws_io__dvss  instances:   4
  Class: gf180mcu_fd_sc_mcu7t5v0__clkbuf_16 instances:   1
  Class: gf180mcu_fd_sc_mcu7t5v0__clkbuf_8 instances:  86
  Class: gf180mcu_fd_sc_mcu7t5v0__clkinv_8 instances:   3
  Class: gf180mcu_fd_sc_mcu7t5v0__and4_1 instances:  13
  Class: gf180mcu_fd_sc_mcu7t5v0__nand4_1 instances:  44
  Class: gf180mcu_fd_sc_mcu7t5v0__nor2_2 instances:   6
  Class: gf180mcu_fd_sc_mcu7t5v0__aoi222_1 instances:  13
  Class: gf180mcu_fd_sc_mcu7t5v0__fillcap_8 instances:   1
  Class: gf180mcu_fd_sc_mcu7t5v0__and3_1 instances:  49
  Class: gf180mcu_fd_sc_mcu7t5v0__oai32_1 instances:  30
  Class: gf180mcu_fd_sc_mcu7t5v0__xor3_1 instances: 123
  Class: gf180mcu_fd_sc_mcu7t5v0__dffrnq_1 instances: 538
  Class: gf180mcu_fd_sc_mcu7t5v0__dffsnq_1 instances:   8
  Class: gf180mcu_fd_sc_mcu7t5v0__nor4_1 instances:  19
  Class: gf180mcu_fd_sc_mcu7t5v0__aoi22_1 instances: 247
  Class: gf180mcu_fd_sc_mcu7t5v0__dlya_1 instances:   1
  Class: gf180mcu_fd_sc_mcu7t5v0__nand3_1 instances: 157
  Class: gf180mcu_ws_ip__id    instances:   1
  Class: gf180mcu_fd_io__fill5 instances:   2
  Class: gf180mcu_fd_sc_mcu7t5v0__antenna instances:   2
  Class: gf180mcu_fd_sc_mcu7t5v0__dffq_1 instances:  22
  Class: gf180mcu_fd_sc_mcu7t5v0__oai221_1 instances:  34
  Class: gf180mcu_fd_sc_mcu7t5v0__nor3_1 instances:  97
  Class: gf180mcu_fd_io__bi_24t instances:  20
  Class: gf180mcu_fd_sc_mcu7t5v0__dffrnq_2 instances:   1
  Class: gf180mcu_fd_sc_mcu7t5v0__oai211_1 instances:  78
  Class: gf180mcu_fd_sc_mcu7t5v0__buf_2 instances: 161
  Class: gf180mcu_fd_sc_mcu7t5v0__tieh instances:  24
  Class: gf180mcu_fd_sc_mcu7t5v0__nand3_4 instances:   1
  Class: gf180mcu_fd_sc_mcu7t5v0__fillcap_16 instances:   1
  Class: gf180mcu_fd_sc_mcu7t5v0__aoi221_1 instances:  62
  Class: gf180mcu_fd_sc_mcu7t5v0__inv_3 instances:   6
  Class: gf180mcu_fd_sc_mcu7t5v0__clkbuf_2 instances:  22
  Class: gf180mcu_fd_sc_mcu7t5v0__oai21_1 instances: 497
  Class: gf180mcu_fd_sc_mcu7t5v0__dlyb_1 instances: 416
  Class: gf180mcu_fd_sc_mcu7t5v0__fillcap_32 instances:   1
  Class: gf180mcu_fd_sc_mcu7t5v0__or4_1 instances:   7
  Class: gf180mcu_ws_io__dvdd  instances:   4
  Class: gf180mcu_fd_sc_mcu7t5v0__inv_4 instances:   5
  Class: gf180mcu_fd_sc_mcu7t5v0__oai31_1 instances:  45
  Class: gf180mcu_fd_sc_mcu7t5v0__buf_12 instances:   2
  Class: gf180mcu_fd_sc_mcu7t5v0__oai33_1 instances:   4
  Class: gf180mcu_fd_sc_mcu7t5v0__oai22_1 instances:  94
  Class: gf180mcu_fd_sc_mcu7t5v0__buf_4 instances:  89
  Class: gf180mcu_fd_sc_mcu7t5v0__nand2_1 instances: 853
  Class: gf180mcu_fd_sc_mcu7t5v0__inv_1 instances:   5
  Class: gf180mcu_fd_sc_mcu7t5v0__or2_1 instances:  95
  Class: gf180mcu_fd_sc_mcu7t5v0__fillcap_4 instances:   1
  Class: gf180mcu_fd_sc_mcu7t5v0__xnor3_1 instances:   8
  Class: gf180mcu_fd_sc_mcu7t5v0__and2_1 instances: 153
  Class: gf180mcu_fd_sc_mcu7t5v0__xor2_1 instances: 362
  Class: gf180mcu_fd_sc_mcu7t5v0__clkbuf_4 instances:   1
  Class: gf180mcu_fd_sc_mcu7t5v0__nor3_2 instances:   5
  Class: gf180mcu_fd_io__fill1 instances: 157
  Class: gf180mcu_fd_sc_mcu7t5v0__buf_1 instances:   5
  Class: gf180mcu_fd_sc_mcu7t5v0__nand4_2 instances:   2
  Class: gf180mcu_fd_sc_mcu7t5v0__nand2_2 instances:   2
  Class: gf180mcu_fd_sc_mcu7t5v0__inv_2 instances:  15
  Class: gf180mcu_fd_sc_mcu7t5v0__clkbuf_1 instances:  52
  Class: gf180mcu_fd_sc_mcu7t5v0__mux2_2 instances: 142
  Class: gf180mcu_fd_io__in_c  instances:   2
  Class: gf180mcu_fd_sc_mcu7t5v0__clkinv_1 instances: 418
  Class: gf180mcu_fd_sc_mcu7t5v0__aoi211_1 instances:  70
  Class: gf180mcu_fd_io__cor   instances:   4
  Class: gf180mcu_fd_io__fill10 instances: 170
  Class: gf180mcu_fd_sc_mcu7t5v0__xnor2_1 instances:  92
  Class: gf180mcu_fd_sc_mcu7t5v0__aoi21_2 instances:   1
  Class: gf180mcu_fd_sc_mcu7t5v0__tiel instances: 101
  Class: gf180mcu_fd_io__in_s  instances:   1
  Class: gf180mcu_fd_sc_mcu7t5v0__or3_1 instances:  21
  Class: gf180mcu_fd_sc_mcu7t5v0__clkinv_2 instances:  18
  Class: gf180mcu_fd_sc_mcu7t5v0__buf_3 instances:  40
  Class: gf180mcu_fd_sc_mcu7t5v0__fillcap_64 instances:   1
  Class: gf180mcu_ws_ip__logo  instances:   1
  Class: gf180mcu_fd_sc_mcu7t5v0__nor2_1 instances: 556
  Class: gf180mcu_fd_sc_mcu7t5v0__aoi21_1 instances: 337
  Class: gf180mcu_fd_sc_mcu7t5v0__clkbuf_3 instances:  18
Circuit contains 6612 nets, and 2 disconnected pins.
Contents of circuit 2:  Circuit: 'chip_top'
Circuit chip_top contains 6932 device instances.
  Class: gf180mcu_fd_sc_mcu7t5v0__dlyc_1 instances: 105
  Class: gf180mcu_fd_io__asig_5p0 instances:  60
  Class: gf180mcu_fd_sc_mcu7t5v0__buf_8 instances:  15
  Class: gf180mcu_fd_sc_mcu7t5v0__oai222_1 instances:   1
  Class: gf180mcu_fd_sc_mcu7t5v0__nor4_4 instances:   1
  Class: gf180mcu_ws_io__dvss  instances:   4
  Class: gf180mcu_fd_sc_mcu7t5v0__clkbuf_16 instances:   1
  Class: gf180mcu_fd_sc_mcu7t5v0__clkbuf_8 instances:  86
  Class: gf180mcu_fd_sc_mcu7t5v0__clkinv_8 instances:   3
  Class: gf180mcu_fd_sc_mcu7t5v0__and4_1 instances:  13
  Class: gf180mcu_fd_sc_mcu7t5v0__nand4_1 instances:  44
  Class: gf180mcu_fd_sc_mcu7t5v0__nor2_2 instances:   6
  Class: gf180mcu_fd_sc_mcu7t5v0__aoi222_1 instances:  13
  Class: gf180mcu_fd_sc_mcu7t5v0__fillcap_8 instances:   1
  Class: gf180mcu_fd_sc_mcu7t5v0__and3_1 instances:  49
  Class: gf180mcu_fd_sc_mcu7t5v0__oai32_1 instances:  30
  Class: gf180mcu_fd_sc_mcu7t5v0__xor3_1 instances: 123
  Class: gf180mcu_fd_sc_mcu7t5v0__dffrnq_1 instances: 538
  Class: gf180mcu_fd_sc_mcu7t5v0__dffsnq_1 instances:   8
  Class: gf180mcu_fd_sc_mcu7t5v0__nor4_1 instances:  19
  Class: gf180mcu_fd_sc_mcu7t5v0__aoi22_1 instances: 247
  Class: gf180mcu_fd_sc_mcu7t5v0__dlya_1 instances:   1
  Class: gf180mcu_fd_sc_mcu7t5v0__nand3_1 instances: 157
  Class: gf180mcu_ws_ip__id    instances:   1
  Class: gf180mcu_fd_io__fill5 instances:   2
  Class: gf180mcu_fd_sc_mcu7t5v0__antenna instances:   2
  Class: gf180mcu_fd_sc_mcu7t5v0__dffq_1 instances:  22
  Class: gf180mcu_fd_sc_mcu7t5v0__oai221_1 instances:  34
  Class: gf180mcu_fd_sc_mcu7t5v0__nor3_1 instances:  97
  Class: gf180mcu_fd_io__bi_24t instances:  20
  Class: gf180mcu_fd_sc_mcu7t5v0__dffrnq_2 instances:   1
  Class: gf180mcu_fd_sc_mcu7t5v0__oai211_1 instances:  78
  Class: gf180mcu_fd_sc_mcu7t5v0__buf_2 instances: 161
  Class: gf180mcu_fd_sc_mcu7t5v0__tieh instances:  24
  Class: gf180mcu_fd_sc_mcu7t5v0__nand3_4 instances:   1
  Class: gf180mcu_fd_sc_mcu7t5v0__fillcap_16 instances:   1
  Class: gf180mcu_fd_sc_mcu7t5v0__aoi221_1 instances:  62
  Class: gf180mcu_fd_sc_mcu7t5v0__inv_3 instances:   6
  Class: gf180mcu_fd_sc_mcu7t5v0__clkbuf_2 instances:  22
  Class: gf180mcu_fd_sc_mcu7t5v0__oai21_1 instances: 497
  Class: gf180mcu_fd_sc_mcu7t5v0__dlyb_1 instances: 416
  Class: gf180mcu_fd_sc_mcu7t5v0__fillcap_32 instances:   1
  Class: gf180mcu_fd_sc_mcu7t5v0__or4_1 instances:   7
  Class: gf180mcu_ws_io__dvdd  instances:   4
  Class: gf180mcu_fd_sc_mcu7t5v0__inv_4 instances:   5
  Class: gf180mcu_fd_sc_mcu7t5v0__oai31_1 instances:  45
  Class: gf180mcu_fd_sc_mcu7t5v0__buf_12 instances:   2
  Class: gf180mcu_fd_sc_mcu7t5v0__oai33_1 instances:   4
  Class: gf180mcu_fd_sc_mcu7t5v0__oai22_1 instances:  94
  Class: gf180mcu_fd_sc_mcu7t5v0__buf_4 instances:  89
  Class: gf180mcu_fd_sc_mcu7t5v0__nand2_1 instances: 853
  Class: gf180mcu_fd_sc_mcu7t5v0__inv_1 instances:   5
  Class: gf180mcu_fd_sc_mcu7t5v0__or2_1 instances:  95
  Class: gf180mcu_fd_sc_mcu7t5v0__fillcap_4 instances:   1
  Class: gf180mcu_fd_sc_mcu7t5v0__xnor3_1 instances:   8
  Class: gf180mcu_fd_sc_mcu7t5v0__and2_1 instances: 153
  Class: gf180mcu_fd_sc_mcu7t5v0__xor2_1 instances: 362
  Class: gf180mcu_fd_sc_mcu7t5v0__clkbuf_4 instances:   1
  Class: gf180mcu_fd_sc_mcu7t5v0__nor3_2 instances:   5
  Class: gf180mcu_fd_io__fill1 instances: 157
  Class: gf180mcu_fd_sc_mcu7t5v0__buf_1 instances:   5
  Class: gf180mcu_fd_sc_mcu7t5v0__nand4_2 instances:   2
  Class: gf180mcu_fd_sc_mcu7t5v0__nand2_2 instances:   2
  Class: gf180mcu_fd_sc_mcu7t5v0__inv_2 instances:  15
  Class: gf180mcu_fd_sc_mcu7t5v0__clkbuf_1 instances:  52
  Class: gf180mcu_fd_sc_mcu7t5v0__mux2_2 instances: 142
  Class: gf180mcu_fd_io__in_c  instances:   2
  Class: gf180mcu_fd_sc_mcu7t5v0__clkinv_1 instances: 418
  Class: gf180mcu_fd_sc_mcu7t5v0__aoi211_1 instances:  70
  Class: gf180mcu_fd_io__cor   instances:   4
  Class: gf180mcu_fd_io__fill10 instances: 170
  Class: gf180mcu_fd_sc_mcu7t5v0__xnor2_1 instances:  92
  Class: gf180mcu_fd_sc_mcu7t5v0__aoi21_2 instances:   1
  Class: gf180mcu_fd_sc_mcu7t5v0__tiel instances: 101
  Class: gf180mcu_fd_io__in_s  instances:   1
  Class: gf180mcu_fd_sc_mcu7t5v0__or3_1 instances:  21
  Class: gf180mcu_fd_sc_mcu7t5v0__clkinv_2 instances:  18
  Class: gf180mcu_fd_sc_mcu7t5v0__buf_3 instances:  40
  Class: gf180mcu_fd_sc_mcu7t5v0__fillcap_64 instances:   1
  Class: gf180mcu_ws_ip__logo  instances:   1
  Class: gf180mcu_fd_sc_mcu7t5v0__nor2_1 instances: 556
  Class: gf180mcu_fd_sc_mcu7t5v0__aoi21_1 instances: 337
  Class: gf180mcu_fd_sc_mcu7t5v0__clkbuf_3 instances:  18
Circuit contains 6604 nets, and 2 disconnected pins.

Circuit 1 contains 6932 devices, Circuit 2 contains 6932 devices.
Circuit 1 contains 6612 nets,    Circuit 2 contains 6604 nets. *** MISMATCH ***


Final result: 
Top level cell failed pin matching.

Logging to file "/workspace/librelane/runs/RUN_2026-08-03_00-34-52/73-netgen-lvs/reports/lvs.netgen.rpt" disabled
LVS Done.
