Using 16 threads…
Using a tile size of (500 µm)²…
Reading /workspace/librelane/runs/RUN_2026-08-10_10-35-54/57-magic-streamout/wrapper.magic.gds ..
Reading /workspace/librelane/runs/RUN_2026-08-10_10-35-54/58-klayout-streamout/wrapper.klayout.gds ..
Warning: --- Skipping 0/0… ---
--- Running XOR for layer 112/1 ---
"input" in: xor.drc:109
    Polygons (raw): 35409 (flat)  104 (hierarchical)
    Elapsed: 0.000s  Memory: 479.00M
"input" in: xor.drc:109
    Polygons (raw): 35409 (flat)  104 (hierarchical)
    Elapsed: 0.000s  Memory: 479.00M
"^" in: xor.drc:109
    Polygons (raw): 0 (flat)  0 (hierarchical)
    Elapsed: 0.300s  Memory: 506.00M
XOR differences: 0
"output" in: xor.drc:86
    Polygons (raw): 0 (flat)  0 (hierarchical)
    Elapsed: 0.000s  Memory: 506.00M
--- Running XOR for layer 115/5 ---
"input" in: xor.drc:109
    Polygons (raw): 14 (flat)  1 (hierarchical)
    Elapsed: 0.000s  Memory: 506.00M
"input" in: xor.drc:109
    Polygons (raw): 14 (flat)  1 (hierarchical)
    Elapsed: 0.000s  Memory: 507.00M
"^" in: xor.drc:109
    Polygons (raw): 0 (flat)  0 (hierarchical)
    Elapsed: 0.040s  Memory: 507.00M
XOR differences: 0
"output" in: xor.drc:86
    Polygons (raw): 0 (flat)  0 (hierarchical)
    Elapsed: 0.020s  Memory: 507.00M
--- Running XOR for layer 204/0 ---
"input" in: xor.drc:109
    Polygons (raw): 35409 (flat)  104 (hierarchical)
    Elapsed: 0.000s  Memory: 507.00M
"input" in: xor.drc:109
    Polygons (raw): 35409 (flat)  104 (hierarchical)
    Elapsed: 0.000s  Memory: 507.00M
"^" in: xor.drc:109
    Polygons (raw): 0 (flat)  0 (hierarchical)
    Elapsed: 0.400s  Memory: 532.00M
XOR differences: 0
"output" in: xor.drc:86
    Polygons (raw): 0 (flat)  0 (hierarchical)
    Elapsed: 0.000s  Memory: 532.00M
--- Running XOR for layer 204/10 ---
"input" in: xor.drc:109
    Polygons (raw): 0 (flat)  0 (hierarchical)
    Elapsed: 0.000s  Memory: 532.00M
"input" in: xor.drc:109
    Polygons (raw): 0 (flat)  0 (hierarchical)
    Elapsed: 0.000s  Memory: 532.00M
"^" in: xor.drc:109
    Polygons (raw): 0 (flat)  0 (hierarchical)
    Elapsed: 0.080s  Memory: 532.00M
XOR differences: 0
"output" in: xor.drc:86
    Polygons (raw): 0 (flat)  0 (hierarchical)
    Elapsed: 0.000s  Memory: 532.00M
--- Running XOR for layer 21/0 ---
"input" in: xor.drc:109
    Polygons (raw): 35409 (flat)  104 (hierarchical)
    Elapsed: 0.000s  Memory: 532.00M
"input" in: xor.drc:109
    Polygons (raw): 35409 (flat)  104 (hierarchical)
    Elapsed: 0.000s  Memory: 532.00M
"^" in: xor.drc:109
    Polygons (raw): 0 (flat)  0 (hierarchical)
    Elapsed: 0.350s  Memory: 551.00M
XOR differences: 0
"output" in: xor.drc:86
    Polygons (raw): 0 (flat)  0 (hierarchical)
    Elapsed: 0.000s  Memory: 551.00M
--- Running XOR for layer 21/10 ---
"input" in: xor.drc:109
    Polygons (raw): 0 (flat)  0 (hierarchical)
    Elapsed: 0.000s  Memory: 551.00M
"input" in: xor.drc:109
    Polygons (raw): 0 (flat)  0 (hierarchical)
    Elapsed: 0.000s  Memory: 551.00M
"^" in: xor.drc:109
    Polygons (raw): 0 (flat)  0 (hierarchical)
    Elapsed: 0.070s  Memory: 551.00M
XOR differences: 0
"output" in: xor.drc:86
    Polygons (raw): 0 (flat)  0 (hierarchical)
    Elapsed: 0.000s  Memory: 551.00M
--- Running XOR for layer 22/0 ---
"input" in: xor.drc:109
    Polygons (raw): 122578 (flat)  311 (hierarchical)
    Elapsed: 0.000s  Memory: 551.00M
"input" in: xor.drc:109
    Polygons (raw): 122578 (flat)  311 (hierarchical)
    Elapsed: 0.000s  Memory: 551.00M
"^" in: xor.drc:109
    Polygons (raw): 0 (flat)  0 (hierarchical)
    Elapsed: 0.510s  Memory: 558.00M
XOR differences: 0
"output" in: xor.drc:86
    Polygons (raw): 0 (flat)  0 (hierarchical)
    Elapsed: 0.000s  Memory: 558.00M
--- Running XOR for layer 30/0 ---
"input" in: xor.drc:109
    Polygons (raw): 124232 (flat)  598 (hierarchical)
    Elapsed: 0.000s  Memory: 558.00M
"input" in: xor.drc:109
    Polygons (raw): 124232 (flat)  598 (hierarchical)
    Elapsed: 0.000s  Memory: 558.00M
"^" in: xor.drc:109
    Polygons (raw): 0 (flat)  0 (hierarchical)
    Elapsed: 0.680s  Memory: 566.00M
XOR differences: 0
"output" in: xor.drc:86
    Polygons (raw): 0 (flat)  0 (hierarchical)
    Elapsed: 0.020s  Memory: 566.00M
--- Running XOR for layer 31/0 ---
"input" in: xor.drc:109
    Polygons (raw): 40325 (flat)  106 (hierarchical)
    Elapsed: 0.000s  Memory: 566.00M
"input" in: xor.drc:109
    Polygons (raw): 40325 (flat)  106 (hierarchical)
    Elapsed: 0.000s  Memory: 566.00M
"^" in: xor.drc:109
    Polygons (raw): 0 (flat)  0 (hierarchical)
    Elapsed: 0.360s  Memory: 574.00M
XOR differences: 0
"output" in: xor.drc:86
    Polygons (raw): 0 (flat)  0 (hierarchical)
    Elapsed: 0.000s  Memory: 574.00M
--- Running XOR for layer 32/0 ---
"input" in: xor.drc:109
    Polygons (raw): 35409 (flat)  104 (hierarchical)
    Elapsed: 0.000s  Memory: 574.00M
"input" in: xor.drc:109
    Polygons (raw): 35409 (flat)  104 (hierarchical)
    Elapsed: 0.000s  Memory: 574.00M
"^" in: xor.drc:109
    Polygons (raw): 0 (flat)  0 (hierarchical)
    Elapsed: 0.350s  Memory: 589.00M
XOR differences: 0
"output" in: xor.drc:86
    Polygons (raw): 0 (flat)  0 (hierarchical)
    Elapsed: 0.000s  Memory: 589.00M
--- Running XOR for layer 33/0 ---
"input" in: xor.drc:109
    Polygons (raw): 635344 (flat)  2970 (hierarchical)
    Elapsed: 0.000s  Memory: 589.00M
"input" in: xor.drc:109
    Polygons (raw): 635344 (flat)  2970 (hierarchical)
    Elapsed: 0.000s  Memory: 589.00M
"^" in: xor.drc:109
    Polygons (raw): 0 (flat)  0 (hierarchical)
    Elapsed: 2.400s  Memory: 589.00M
XOR differences: 0
"output" in: xor.drc:86
    Polygons (raw): 0 (flat)  0 (hierarchical)
    Elapsed: 0.020s  Memory: 589.00M
--- Running XOR for layer 34/0 ---
"input" in: xor.drc:109
    Polygons (raw): 233874 (flat)  30712 (hierarchical)
    Elapsed: 0.000s  Memory: 589.00M
"input" in: xor.drc:109
    Polygons (raw): 235194 (flat)  1077 (hierarchical)
    Elapsed: 0.000s  Memory: 589.00M
"^" in: xor.drc:109
    Polygons (raw): 0 (flat)  0 (hierarchical)
    Elapsed: 2.280s  Memory: 733.00M
XOR differences: 0
"output" in: xor.drc:86
    Polygons (raw): 0 (flat)  0 (hierarchical)
    Elapsed: 0.020s  Memory: 733.00M
--- Running XOR for layer 34/10 ---
"input" in: xor.drc:109
    Polygons (raw): 0 (flat)  0 (hierarchical)
    Elapsed: 0.000s  Memory: 733.00M
"input" in: xor.drc:109
    Polygons (raw): 0 (flat)  0 (hierarchical)
    Elapsed: 0.000s  Memory: 733.00M
"^" in: xor.drc:109
    Polygons (raw): 0 (flat)  0 (hierarchical)
    Elapsed: 0.090s  Memory: 733.00M
XOR differences: 0
"output" in: xor.drc:86
    Polygons (raw): 0 (flat)  0 (hierarchical)
    Elapsed: 0.000s  Memory: 733.00M
--- Running XOR for layer 35/0 ---
"input" in: xor.drc:109
    Polygons (raw): 33598 (flat)  33598 (hierarchical)
    Elapsed: 0.000s  Memory: 733.00M
"input" in: xor.drc:109
    Polygons (raw): 33598 (flat)  5 (hierarchical)
    Elapsed: 0.000s  Memory: 733.00M
"^" in: xor.drc:109
    Polygons (raw): 0 (flat)  0 (hierarchical)
    Elapsed: 0.160s  Memory: 733.00M
XOR differences: 0
"output" in: xor.drc:86
    Polygons (raw): 0 (flat)  0 (hierarchical)
    Elapsed: 0.000s  Memory: 733.00M
--- Running XOR for layer 36/0 ---
"input" in: xor.drc:109
    Polygons (raw): 28453 (flat)  28453 (hierarchical)
    Elapsed: 0.000s  Memory: 733.00M
"input" in: xor.drc:109
    Polygons (raw): 111084 (flat)  48357 (hierarchical)
    Elapsed: 0.000s  Memory: 733.00M
"^" in: xor.drc:109
    Polygons (raw): 0 (flat)  0 (hierarchical)
    Elapsed: 0.660s  Memory: 751.00M
XOR differences: 0
"output" in: xor.drc:86
    Polygons (raw): 0 (flat)  0 (hierarchical)
    Elapsed: 0.000s  Memory: 751.00M
--- Running XOR for layer 36/10 ---
"input" in: xor.drc:109
    Polygons (raw): 11 (flat)  11 (hierarchical)
    Elapsed: 0.000s  Memory: 751.00M
"input" in: xor.drc:109
    Polygons (raw): 11 (flat)  11 (hierarchical)
    Elapsed: 0.000s  Memory: 751.00M
"^" in: xor.drc:109
    Polygons (raw): 0 (flat)  0 (hierarchical)
    Elapsed: 0.020s  Memory: 751.00M
XOR differences: 0
"output" in: xor.drc:86
    Polygons (raw): 0 (flat)  0 (hierarchical)
    Elapsed: 0.000s  Memory: 751.00M
--- Running XOR for layer 38/0 ---
"input" in: xor.drc:109
    Polygons (raw): 34414 (flat)  34414 (hierarchical)
    Elapsed: 0.000s  Memory: 751.00M
"input" in: xor.drc:109
    Polygons (raw): 34414 (flat)  4 (hierarchical)
    Elapsed: 0.000s  Memory: 751.00M
"^" in: xor.drc:109
    Polygons (raw): 0 (flat)  0 (hierarchical)
    Elapsed: 0.170s  Memory: 754.00M
XOR differences: 0
"output" in: xor.drc:86
    Polygons (raw): 0 (flat)  0 (hierarchical)
    Elapsed: 0.000s  Memory: 754.00M
--- Running XOR for layer 40/0 ---
"input" in: xor.drc:109
    Polygons (raw): 8722 (flat)  8722 (hierarchical)
    Elapsed: 0.000s  Memory: 754.00M
"input" in: xor.drc:109
    Polygons (raw): 8722 (flat)  4 (hierarchical)
    Elapsed: 0.000s  Memory: 754.00M
"^" in: xor.drc:109
    Polygons (raw): 0 (flat)  0 (hierarchical)
    Elapsed: 0.070s  Memory: 754.00M
XOR differences: 0
"output" in: xor.drc:86
    Polygons (raw): 0 (flat)  0 (hierarchical)
    Elapsed: 0.020s  Memory: 754.00M
--- Running XOR for layer 41/0 ---
"input" in: xor.drc:109
    Polygons (raw): 720 (flat)  720 (hierarchical)
    Elapsed: 0.000s  Memory: 754.00M
"input" in: xor.drc:109
    Polygons (raw): 720 (flat)  9 (hierarchical)
    Elapsed: 0.000s  Memory: 754.00M
"^" in: xor.drc:109
    Polygons (raw): 0 (flat)  0 (hierarchical)
    Elapsed: 0.050s  Memory: 754.00M
XOR differences: 0
"output" in: xor.drc:86
    Polygons (raw): 0 (flat)  0 (hierarchical)
    Elapsed: 0.010s  Memory: 754.00M
--- Running XOR for layer 42/0 ---
"input" in: xor.drc:109
    Polygons (raw): 16446 (flat)  16446 (hierarchical)
    Elapsed: 0.000s  Memory: 754.00M
"input" in: xor.drc:109
    Polygons (raw): 62835 (flat)  24983 (hierarchical)
    Elapsed: 0.000s  Memory: 754.00M
"^" in: xor.drc:109
    Polygons (raw): 0 (flat)  0 (hierarchical)
    Elapsed: 0.220s  Memory: 757.00M
XOR differences: 0
"output" in: xor.drc:86
    Polygons (raw): 0 (flat)  0 (hierarchical)
    Elapsed: 0.000s  Memory: 757.00M
--- Running XOR for layer 42/10 ---
"input" in: xor.drc:109
    Polygons (raw): 6 (flat)  6 (hierarchical)
    Elapsed: 0.000s  Memory: 757.00M
"input" in: xor.drc:109
    Polygons (raw): 6 (flat)  6 (hierarchical)
    Elapsed: 0.000s  Memory: 757.00M
"^" in: xor.drc:109
    Polygons (raw): 0 (flat)  0 (hierarchical)
    Elapsed: 0.030s  Memory: 757.00M
XOR differences: 0
"output" in: xor.drc:86
    Polygons (raw): 0 (flat)  0 (hierarchical)
    Elapsed: 0.000s  Memory: 757.00M
--- Running XOR for layer 46/0 ---
"input" in: xor.drc:109
    Polygons (raw): 2321 (flat)  2321 (hierarchical)
    Elapsed: 0.000s  Memory: 757.00M
"input" in: xor.drc:109
    Polygons (raw): 9522 (flat)  3363 (hierarchical)
    Elapsed: 0.000s  Memory: 757.00M
"^" in: xor.drc:109
    Polygons (raw): 0 (flat)  0 (hierarchical)
    Elapsed: 0.100s  Memory: 757.00M
XOR differences: 0
"output" in: xor.drc:86
    Polygons (raw): 0 (flat)  0 (hierarchical)
    Elapsed: 0.000s  Memory: 757.00M
--- Running XOR for layer 46/10 ---
"input" in: xor.drc:109
    Polygons (raw): 16 (flat)  16 (hierarchical)
    Elapsed: 0.000s  Memory: 757.00M
"input" in: xor.drc:109
    Polygons (raw): 16 (flat)  16 (hierarchical)
    Elapsed: 0.000s  Memory: 757.00M
"^" in: xor.drc:109
    Polygons (raw): 0 (flat)  0 (hierarchical)
    Elapsed: 0.040s  Memory: 757.00M
XOR differences: 0
"output" in: xor.drc:86
    Polygons (raw): 0 (flat)  0 (hierarchical)
    Elapsed: 0.000s  Memory: 757.00M
--- Running XOR for layer 55/0 ---
"input" in: xor.drc:109
    Polygons (raw): 35409 (flat)  104 (hierarchical)
    Elapsed: 0.000s  Memory: 757.00M
"input" in: xor.drc:109
    Polygons (raw): 35409 (flat)  104 (hierarchical)
    Elapsed: 0.010s  Memory: 757.00M
"^" in: xor.drc:109
    Polygons (raw): 0 (flat)  0 (hierarchical)
    Elapsed: 0.350s  Memory: 767.00M
XOR differences: 0
"output" in: xor.drc:86
    Polygons (raw): 0 (flat)  0 (hierarchical)
    Elapsed: 0.000s  Memory: 767.00M
--- Running XOR for layer 63/63 ---
"input" in: xor.drc:109
    Polygons (raw): 0 (flat)  0 (hierarchical)
    Elapsed: 0.000s  Memory: 767.00M
"input" in: xor.drc:109
    Polygons (raw): 0 (flat)  0 (hierarchical)
    Elapsed: 0.000s  Memory: 767.00M
"^" in: xor.drc:109
    Polygons (raw): 0 (flat)  0 (hierarchical)
    Elapsed: 0.090s  Memory: 768.00M
XOR differences: 0
"output" in: xor.drc:86
    Polygons (raw): 0 (flat)  0 (hierarchical)
    Elapsed: 0.000s  Memory: 768.00M
--- Running XOR for layer 81/0 ---
"input" in: xor.drc:109
    Polygons (raw): 10 (flat)  10 (hierarchical)
    Elapsed: 0.000s  Memory: 768.00M
"input" in: xor.drc:109
    Polygons (raw): 100 (flat)  21 (hierarchical)
    Elapsed: 0.000s  Memory: 768.00M
"^" in: xor.drc:109
    Polygons (raw): 0 (flat)  0 (hierarchical)
    Elapsed: 0.050s  Memory: 768.00M
XOR differences: 0
"output" in: xor.drc:86
    Polygons (raw): 0 (flat)  0 (hierarchical)
    Elapsed: 0.000s  Memory: 768.00M
--- Running XOR for layer 81/10 ---
"input" in: xor.drc:109
    Polygons (raw): 10 (flat)  10 (hierarchical)
    Elapsed: 0.000s  Memory: 768.00M
"input" in: xor.drc:109
    Polygons (raw): 10 (flat)  10 (hierarchical)
    Elapsed: 0.000s  Memory: 768.00M
"^" in: xor.drc:109
    Polygons (raw): 0 (flat)  0 (hierarchical)
    Elapsed: 0.050s  Memory: 768.00M
XOR differences: 0
"output" in: xor.drc:86
    Polygons (raw): 0 (flat)  0 (hierarchical)
    Elapsed: 0.000s  Memory: 768.00M
---
Total XOR differences: 0
Writing report database: /workspace/librelane/runs/RUN_2026-08-10_10-35-54/62-klayout-xor/xor.xml ..
Total elapsed: 10.530s  Memory: 768.00M
/workspace/librelane/runs/RUN_2026-08-10_10-35-54/57-magic-streamout/wrapper.magic.gds
/workspace/librelane/runs/RUN_2026-08-10_10-35-54/58-klayout-streamout/wrapper.klayout.gds
%OL_METRIC_I design__xor_difference__count 0
