2026-08-10 00:07:19 +0200: Memory Usage (457164K) : Starting running GF180MCU Klayout DRC runset on /workspace/librelane/runs/RUN_2026-08-10_00-05-58/57-magic-streamout/signal_processor.gds
2026-08-10 00:07:19 +0200: Memory Usage (457164K) : Ruby Version for klayout: 3.2.3
2026-08-10 00:07:19 +0200: Memory Usage (458316K) : Loading database to memory is complete.
2026-08-10 00:07:19 +0200: Memory Usage (458316K) : GF180MCU Klayout DRC runset output at: /workspace/librelane/runs/RUN_2026-08-10_00-05-58/65-klayout-drc/reports/drc.klayout.lyrdb
2026-08-10 00:07:19 +0200: Memory Usage (458316K) : Evaluate switches.
2026-08-10 00:07:19 +0200: Memory Usage (458316K) : table_name selected  main
2026-08-10 00:07:19 +0200: Memory Usage (458316K) : CONNECTIVITY_RULES enabled: false
2026-08-10 00:07:19 +0200: Memory Usage (458316K) : Wedge enabled: false
2026-08-10 00:07:19 +0200: Memory Usage (458316K) : Ball enabled: false
2026-08-10 00:07:19 +0200: Memory Usage (458316K) : Gold enabled: false
2026-08-10 00:07:19 +0200: Memory Usage (458316K) : MIM Option selected: B
2026-08-10 00:07:19 +0200: Memory Usage (458316K) : Offgrid enabled:  false
2026-08-10 00:07:19 +0200: Memory Usage (458316K) : Number of threads to use 
2026-08-10 00:07:19 +0200: Memory Usage (458316K) : Verbose mode: 
2026-08-10 00:07:19 +0200: Memory Usage (458316K) : deep  mode is enabled for main table
2026-08-10 00:07:19 +0200: Memory Usage (458316K) : METAL_TOP Selected is 11K
2026-08-10 00:07:19 +0200: Memory Usage (458316K) : METAL_STACK Selected is 5LM
2026-08-10 00:07:19 +0200: Memory Usage (458316K) : FEOL enabled: false
2026-08-10 00:07:19 +0200: Memory Usage (458316K) : BEOL enabled: false
2026-08-10 00:07:19 +0200: Memory Usage (458316K) : DUMMY enabled: false
2026-08-10 00:07:19 +0200: Memory Usage (458316K) : DUMMY_SUB_PREV enabled: true
2026-08-10 00:07:19 +0200: Memory Usage (458316K) : SLOW_VIA enabled: false
2026-08-10 00:07:19 +0200: Memory Usage (458316K) : Read in polygons from layers.
2026-08-10 00:07:19 +0200: Memory Usage (459724K) : comp has 2761 polygons
2026-08-10 00:07:19 +0200: Memory Usage (459724K) : dnwell has 0 polygons
2026-08-10 00:07:19 +0200: Memory Usage (459724K) : nwell has 743 polygons
2026-08-10 00:07:19 +0200: Memory Usage (459724K) : lvpwell has 743 polygons
2026-08-10 00:07:19 +0200: Memory Usage (459724K) : dualgate has 743 polygons
2026-08-10 00:07:19 +0200: Memory Usage (459724K) : poly2 has 3356 polygons
2026-08-10 00:07:19 +0200: Memory Usage (459724K) : nplus has 743 polygons
2026-08-10 00:07:19 +0200: Memory Usage (459724K) : pplus has 909 polygons
2026-08-10 00:07:19 +0200: Memory Usage (459724K) : sab has 0 polygons
2026-08-10 00:07:19 +0200: Memory Usage (459724K) : esd has 0 polygons
2026-08-10 00:07:19 +0200: Memory Usage (459724K) : resistor has 0 polygons
2026-08-10 00:07:19 +0200: Memory Usage (459724K) : fhres has 0 polygons
2026-08-10 00:07:19 +0200: Memory Usage (459724K) : fusetop has 0 polygons
2026-08-10 00:07:19 +0200: Memory Usage (459724K) : fusewindow_d has 0 polygons
2026-08-10 00:07:19 +0200: Memory Usage (459724K) : polyfuse has 0 polygons
2026-08-10 00:07:19 +0200: Memory Usage (459724K) : mvsd has 0 polygons
2026-08-10 00:07:19 +0200: Memory Usage (459724K) : mvpsd has 0 polygons
2026-08-10 00:07:19 +0200: Memory Usage (459724K) : nat has 0 polygons
2026-08-10 00:07:19 +0200: Memory Usage (459724K) : comp_dummy has 0 polygons
2026-08-10 00:07:19 +0200: Memory Usage (459724K) : poly2_dummy has 0 polygons
2026-08-10 00:07:19 +0200: Memory Usage (459724K) : schottky_diode has 0 polygons
2026-08-10 00:07:19 +0200: Memory Usage (459724K) : zener has 0 polygons
2026-08-10 00:07:19 +0200: Memory Usage (459724K) : res_mk has 0 polygons
2026-08-10 00:07:19 +0200: Memory Usage (459724K) : opc_drc has 0 polygons
2026-08-10 00:07:19 +0200: Memory Usage (459724K) : v5_xtor has 743 polygons
2026-08-10 00:07:19 +0200: Memory Usage (459724K) : cap_mk has 0 polygons
2026-08-10 00:07:19 +0200: Memory Usage (459724K) : mos_cap_mk has 0 polygons
2026-08-10 00:07:19 +0200: Memory Usage (459724K) : ind_mk has 0 polygons
2026-08-10 00:07:19 +0200: Memory Usage (459724K) : diode_mk has 0 polygons
2026-08-10 00:07:19 +0200: Memory Usage (459724K) : drc_bjt has 0 polygons
2026-08-10 00:07:19 +0200: Memory Usage (459724K) : lvs_bjt has 0 polygons
2026-08-10 00:07:19 +0200: Memory Usage (459724K) : mim_l_mk has 0 polygons
2026-08-10 00:07:19 +0200: Memory Usage (459724K) : latchup_mk has 0 polygons
2026-08-10 00:07:19 +0200: Memory Usage (459724K) : guard_ring_mk has 0 polygons
2026-08-10 00:07:19 +0200: Memory Usage (459724K) : otp_mk has 0 polygons
2026-08-10 00:07:19 +0200: Memory Usage (459724K) : mtpmark has 0 polygons
2026-08-10 00:07:19 +0200: Memory Usage (459724K) : neo_ee_mk has 0 polygons
2026-08-10 00:07:19 +0200: Memory Usage (459724K) : sramcore has 0 polygons
2026-08-10 00:07:19 +0200: Memory Usage (459724K) : lvs_rf has 0 polygons
2026-08-10 00:07:19 +0200: Memory Usage (459724K) : lvs_drain has 0 polygons
2026-08-10 00:07:19 +0200: Memory Usage (459724K) : ind_mk has 0 polygons
2026-08-10 00:07:19 +0200: Memory Usage (459724K) : hvpolyrs has 0 polygons
2026-08-10 00:07:19 +0200: Memory Usage (459724K) : lvs_io has 0 polygons
2026-08-10 00:07:19 +0200: Memory Usage (459724K) : probe_mk has 0 polygons
2026-08-10 00:07:19 +0200: Memory Usage (459724K) : esd_mk has 0 polygons
2026-08-10 00:07:19 +0200: Memory Usage (459724K) : lvs_source has 0 polygons
2026-08-10 00:07:19 +0200: Memory Usage (459724K) : well_diode_mk has 0 polygons
2026-08-10 00:07:19 +0200: Memory Usage (459724K) : ldmos_xtor has 0 polygons
2026-08-10 00:07:19 +0200: Memory Usage (459724K) : plfuse has 0 polygons
2026-08-10 00:07:19 +0200: Memory Usage (459724K) : efuse_mk has 0 polygons
2026-08-10 00:07:19 +0200: Memory Usage (459724K) : mcell_feol_mk has 0 polygons
2026-08-10 00:07:19 +0200: Memory Usage (459724K) : ymtp_mk has 0 polygons
2026-08-10 00:07:19 +0200: Memory Usage (459724K) : dev_wf_mk has 0 polygons
2026-08-10 00:07:19 +0200: Memory Usage (459724K) : comp_label has 0 polygons
2026-08-10 00:07:19 +0200: Memory Usage (459724K) : poly2_label has 0 polygons
2026-08-10 00:07:19 +0200: Memory Usage (459724K) : mdiode has 0 polygons
2026-08-10 00:07:19 +0200: Memory Usage (459724K) : ndmy has 0 polygons
2026-08-10 00:07:19 +0200: Memory Usage (459724K) : pmndmy has 0 polygons
2026-08-10 00:07:19 +0200: Memory Usage (459724K) : contact has 14600 polygons
2026-08-10 00:07:19 +0200: Memory Usage (459724K) : metal1_drawn has 8960 polygons
2026-08-10 00:07:19 +0200: Memory Usage (459724K) : metal1_dummy has 0 polygons
2026-08-10 00:07:19 +0200: Memory Usage (459852K) : metal1_label has 0 polygons
2026-08-10 00:07:19 +0200: Memory Usage (460236K) : metal1_slot has 0 polygons
2026-08-10 00:07:19 +0200: Memory Usage (460236K) : metal1_blk has 0 polygons
2026-08-10 00:07:19 +0200: Memory Usage (460236K) : via1 has 782 polygons
2026-08-10 00:07:19 +0200: Memory Usage (460236K) : metal2_drawn has 747 polygons
2026-08-10 00:07:19 +0200: Memory Usage (460236K) : metal2_dummy has 0 polygons
2026-08-10 00:07:19 +0200: Memory Usage (460236K) : metal2_label has 9 polygons
2026-08-10 00:07:19 +0200: Memory Usage (460236K) : metal2_slot has 0 polygons
2026-08-10 00:07:19 +0200: Memory Usage (460236K) : metal2_blk has 0 polygons
2026-08-10 00:07:19 +0200: Memory Usage (460236K) : via2 has 612 polygons
2026-08-10 00:07:19 +0200: Memory Usage (460364K) : metal3_drawn has 263 polygons
2026-08-10 00:07:19 +0200: Memory Usage (460364K) : metal3_dummy has 0 polygons
2026-08-10 00:07:19 +0200: Memory Usage (460492K) : metal3_label has 12 polygons
2026-08-10 00:07:19 +0200: Memory Usage (460620K) : metal3_slot has 0 polygons
2026-08-10 00:07:19 +0200: Memory Usage (460620K) : metal3_blk has 0 polygons
2026-08-10 00:07:19 +0200: Memory Usage (460748K) : via3 has 110 polygons
2026-08-10 00:07:19 +0200: Memory Usage (460748K) : metal4_drawn has 7 polygons
2026-08-10 00:07:19 +0200: Memory Usage (460876K) : metal4_dummy has 0 polygons
2026-08-10 00:07:19 +0200: Memory Usage (461004K) : metal4_label has 2 polygons
2026-08-10 00:07:19 +0200: Memory Usage (461004K) : metal4_slot has 0 polygons
2026-08-10 00:07:19 +0200: Memory Usage (461132K) : metal4_blk has 0 polygons
2026-08-10 00:07:19 +0200: Memory Usage (461132K) : via4 has 18 polygons
2026-08-10 00:07:19 +0200: Memory Usage (461260K) : metal5_drawn has 2 polygons
2026-08-10 00:07:19 +0200: Memory Usage (461260K) : metal5_dummy has 0 polygons
2026-08-10 00:07:19 +0200: Memory Usage (461388K) : metal5_label has 2 polygons
2026-08-10 00:07:19 +0200: Memory Usage (461388K) : metal5_slot has 0 polygons
2026-08-10 00:07:19 +0200: Memory Usage (461516K) : metal5_blk has 0 polygons
2026-08-10 00:07:19 +0200: Memory Usage (461516K) : pad has 0 polygons
2026-08-10 00:07:19 +0200: Memory Usage (461644K) : ubmpperi has 0 polygons
2026-08-10 00:07:19 +0200: Memory Usage (461644K) : ubmparray has 0 polygons
2026-08-10 00:07:19 +0200: Memory Usage (461772K) : ubmeplate has 0 polygons
2026-08-10 00:07:19 +0200: Memory Usage (461772K) : metal1_res has 0 polygons
2026-08-10 00:07:19 +0200: Memory Usage (461900K) : metal2_res has 0 polygons
2026-08-10 00:07:19 +0200: Memory Usage (461900K) : metal3_res has 0 polygons
2026-08-10 00:07:19 +0200: Memory Usage (462028K) : metal4_res has 0 polygons
2026-08-10 00:07:19 +0200: Memory Usage (462028K) : metal5_res has 0 polygons
2026-08-10 00:07:19 +0200: Memory Usage (462156K) : metal6_res has 0 polygons
2026-08-10 00:07:19 +0200: Memory Usage (462156K) : pr_bndry has 744 polygons
2026-08-10 00:07:19 +0200: Memory Usage (462156K) : border has 0 polygons
2026-08-10 00:07:19 +0200: Memory Usage (462156K) : Total no. of polygons in the design is 37611
2026-08-10 00:07:19 +0200: Memory Usage (462156K) : Starting deriving base layers.
2026-08-10 00:07:20 +0200: Memory Usage (472252K) : Total area of the design is 8614225.0 um^2.
2026-08-10 00:07:20 +0200: Memory Usage (472252K) : Starting GF180MCU DRC rules.
2026-08-10 00:07:20 +0200: Memory Usage (472252K) : MIM Capacitor Option B section
2026-08-10 00:07:20 +0200: Memory Usage (472508K) : Executing rule MIMTM.1
2026-08-10 00:07:20 +0200: Memory Usage (472892K) : Executing rule MIMTM.2
2026-08-10 00:07:20 +0200: Memory Usage (473276K) : Executing rule MIMTM.3
2026-08-10 00:07:20 +0200: Memory Usage (473532K) : Executing rule MIMTM.4
2026-08-10 00:07:20 +0200: Memory Usage (473788K) : Executing rule MIMTM.5
2026-08-10 00:07:20 +0200: Memory Usage (473916K) : Executing rule MIMTM.6
2026-08-10 00:07:20 +0200: Memory Usage (474044K) : Executing rule MIMTM.7
2026-08-10 00:07:20 +0200: Memory Usage (474172K) : Executing rule MIMTM.8a
2026-08-10 00:07:20 +0200: Memory Usage (474300K) : Executing rule MIMTM.8b
2026-08-10 00:07:20 +0200: Memory Usage (474428K) : Executing rule MIMTM.9
2026-08-10 00:07:20 +0200: Memory Usage (474684K) : Executing rule MIMTM.10
2026-08-10 00:07:20 +0200: Memory Usage (474812K) : Executing rule MIMTM.11
2026-08-10 00:07:20 +0200: Memory Usage (474940K) :  DRC Total Run time 0.416348703 seconds
2026-08-10 00:07:20 +0200: Memory Usage (474940K) : Executing rule DE.2
2026-08-10 00:07:20 +0200: Memory Usage (475068K) : Executing rule DE.3
2026-08-10 00:07:20 +0200: Memory Usage (475580K) : Executing rule DE.4
2026-08-10 00:07:20 +0200: Memory Usage (475580K) :  DRC Total Run time 0.423498598 seconds
