chip_core
----------------------------------------
Metal3 width < 56 (M3.1)
----------------------------------------
 405.890um 10.280um 406.030um 10.500um
----------------------------------------
Metal3 spacing < 56 (M3.2a)
----------------------------------------
 418.750um 249.720um 418.890um 249.900um
 418.890um 249.720um 419.030um 249.900um
 663.750um 249.720um 664.030um 249.900um
----------------------------------------
Metal3 minimum area < 5776 (M3.3)
----------------------------------------
 507.750um 10.000um 508.030um 10.280um
 418.750um 249.720um 419.030um 250.000um
 538.470um 249.720um 538.750um 250.000um
 663.750um 249.720um 664.030um 250.000um
----------------------------------------
[INFO] COUNT: 8
[INFO] Should be divided by 3 or 4

