
===========================================================================
 report_power
============================================================================
======================= nom_ss_125C_4v50 Corner ===================================

Group                    Internal    Switching      Leakage        Total
                            Power        Power        Power        Power (Watts)
------------------------------------------------------------------------
Sequential           1.300975e-03 1.209788e-05 6.900167e-07 1.313763e-03  53.2%
Combinational        2.911049e-05 4.389705e-05 3.409451e-06 7.641698e-05   3.1%
Clock                5.217669e-04 5.492482e-04 7.370607e-06 1.078386e-03  43.7%
Macro                0.000000e+00 0.000000e+00 0.000000e+00 0.000000e+00   0.0%
Pad                  0.000000e+00 0.000000e+00 0.000000e+00 0.000000e+00   0.0%
------------------------------------------------------------------------
Total                1.851849e-03 6.052430e-04 1.146994e-05 2.468562e-03 100.0%
                            75.0%        24.5%         0.5%

