144. Printing statistics.

=== wave_controller ===

        +----------Local Count, excluding submodules.
        | 
     2343 wires
     2682 wire bits
       42 public wires
      282 public wire bits
       27 ports
      229 port bits
     2573 cells
      813   $_ANDNOT_
       52   $_AND_
      109   $_DFFE_PN0P_
        2   $_DFFE_PN1P_
       18   $_DFF_PN0_
        1   $_DFF_PN1_
      259   $_MUX_
       36   $_NAND_
      172   $_NOR_
      151   $_NOT_
      152   $_ORNOT_
      300   $_OR_
      101   $_XNOR_
      407   $_XOR_

   Area for cell type $_ANDNOT_ is unknown!
   Area for cell type $_AND_ is unknown!
   Area for cell type $_DFFE_PN0P_ is unknown!
   Area for cell type $_DFFE_PN1P_ is unknown!
   Area for cell type $_DFF_PN0_ is unknown!
   Area for cell type $_DFF_PN1_ is unknown!
   Area for cell type $_MUX_ is unknown!
   Area for cell type $_NAND_ is unknown!
   Area for cell type $_NOR_ is unknown!
   Area for cell type $_NOT_ is unknown!
   Area for cell type $_ORNOT_ is unknown!
   Area for cell type $_OR_ is unknown!
   Area for cell type $_XNOR_ is unknown!
   Area for cell type $_XOR_ is unknown!

