
 /----------------------------------------------------------------------------\
 |  yosys -- Yosys Open SYnthesis Suite                                       |
 |  Copyright (C) 2012 - 2026  Claire Xenia Wolf <claire@yosyshq.com>         |
 |  Distributed under an ISC-like license, type "license" to see terms        |
 \----------------------------------------------------------------------------/
 Yosys 0.67 (git sha1 2d1509d1b, Release, GNU /usr/bin/c++ 13.3.0)

1. Executing Verilog-2005 frontend: /workspace/librelane/runs/RUN_2026-08-09_20-32-35/tmp/02a7e662c79a4abfb45044e04aa368d7.bb.v
Parsing SystemVerilog input from `/workspace/librelane/runs/RUN_2026-08-09_20-32-35/tmp/02a7e662c79a4abfb45044e04aa368d7.bb.v' to AST representation.
Generating RTLIL representation for module `\gf180mcu_fd_sc_mcu7t5v0__addf_1'.
Generating RTLIL representation for module `\gf180mcu_fd_sc_mcu7t5v0__addf_2'.
Generating RTLIL representation for module `\gf180mcu_fd_sc_mcu7t5v0__addf_4'.
Generating RTLIL representation for module `\gf180mcu_fd_sc_mcu7t5v0__addf_func'.
Generating RTLIL representation for module `\gf180mcu_fd_sc_mcu7t5v0__addh_1'.
Generating RTLIL representation for module `\gf180mcu_fd_sc_mcu7t5v0__addh_2'.
Generating RTLIL representation for module `\gf180mcu_fd_sc_mcu7t5v0__addh_4'.
Generating RTLIL representation for module `\gf180mcu_fd_sc_mcu7t5v0__addh_func'.
Generating RTLIL representation for module `\gf180mcu_fd_sc_mcu7t5v0__and2_1'.
Generating RTLIL representation for module `\gf180mcu_fd_sc_mcu7t5v0__and2_2'.
Generating RTLIL representation for module `\gf180mcu_fd_sc_mcu7t5v0__and2_4'.
Generating RTLIL representation for module `\gf180mcu_fd_sc_mcu7t5v0__and2_func'.
Generating RTLIL representation for module `\gf180mcu_fd_sc_mcu7t5v0__and3_1'.
Generating RTLIL representation for module `\gf180mcu_fd_sc_mcu7t5v0__and3_2'.
Generating RTLIL representation for module `\gf180mcu_fd_sc_mcu7t5v0__and3_4'.
Generating RTLIL representation for module `\gf180mcu_fd_sc_mcu7t5v0__and3_func'.
Generating RTLIL representation for module `\gf180mcu_fd_sc_mcu7t5v0__and4_1'.
Generating RTLIL representation for module `\gf180mcu_fd_sc_mcu7t5v0__and4_2'.
Generating RTLIL representation for module `\gf180mcu_fd_sc_mcu7t5v0__and4_4'.
Generating RTLIL representation for module `\gf180mcu_fd_sc_mcu7t5v0__and4_func'.
Generating RTLIL representation for module `\gf180mcu_fd_sc_mcu7t5v0__antenna'.
Generating RTLIL representation for module `\gf180mcu_fd_sc_mcu7t5v0__antenna_func'.
Generating RTLIL representation for module `\gf180mcu_fd_sc_mcu7t5v0__aoi211_1'.
Generating RTLIL representation for module `\gf180mcu_fd_sc_mcu7t5v0__aoi211_2'.
Generating RTLIL representation for module `\gf180mcu_fd_sc_mcu7t5v0__aoi211_4'.
Generating RTLIL representation for module `\gf180mcu_fd_sc_mcu7t5v0__aoi211_func'.
Generating RTLIL representation for module `\gf180mcu_fd_sc_mcu7t5v0__aoi21_1'.
Generating RTLIL representation for module `\gf180mcu_fd_sc_mcu7t5v0__aoi21_2'.
Generating RTLIL representation for module `\gf180mcu_fd_sc_mcu7t5v0__aoi21_4'.
Generating RTLIL representation for module `\gf180mcu_fd_sc_mcu7t5v0__aoi21_func'.
Generating RTLIL representation for module `\gf180mcu_fd_sc_mcu7t5v0__aoi221_1'.
Generating RTLIL representation for module `\gf180mcu_fd_sc_mcu7t5v0__aoi221_2'.
Generating RTLIL representation for module `\gf180mcu_fd_sc_mcu7t5v0__aoi221_4'.
Generating RTLIL representation for module `\gf180mcu_fd_sc_mcu7t5v0__aoi221_func'.
Generating RTLIL representation for module `\gf180mcu_fd_sc_mcu7t5v0__aoi222_1'.
Generating RTLIL representation for module `\gf180mcu_fd_sc_mcu7t5v0__aoi222_2'.
Generating RTLIL representation for module `\gf180mcu_fd_sc_mcu7t5v0__aoi222_4'.
Generating RTLIL representation for module `\gf180mcu_fd_sc_mcu7t5v0__aoi222_func'.
Generating RTLIL representation for module `\gf180mcu_fd_sc_mcu7t5v0__aoi22_1'.
Generating RTLIL representation for module `\gf180mcu_fd_sc_mcu7t5v0__aoi22_2'.
Generating RTLIL representation for module `\gf180mcu_fd_sc_mcu7t5v0__aoi22_4'.
Generating RTLIL representation for module `\gf180mcu_fd_sc_mcu7t5v0__aoi22_func'.
Generating RTLIL representation for module `\gf180mcu_fd_sc_mcu7t5v0__buf_1'.
Generating RTLIL representation for module `\gf180mcu_fd_sc_mcu7t5v0__buf_12'.
Generating RTLIL representation for module `\gf180mcu_fd_sc_mcu7t5v0__buf_16'.
Generating RTLIL representation for module `\gf180mcu_fd_sc_mcu7t5v0__buf_2'.
Generating RTLIL representation for module `\gf180mcu_fd_sc_mcu7t5v0__buf_20'.
Generating RTLIL representation for module `\gf180mcu_fd_sc_mcu7t5v0__buf_3'.
Generating RTLIL representation for module `\gf180mcu_fd_sc_mcu7t5v0__buf_4'.
Generating RTLIL representation for module `\gf180mcu_fd_sc_mcu7t5v0__buf_8'.
Generating RTLIL representation for module `\gf180mcu_fd_sc_mcu7t5v0__buf_func'.
Generating RTLIL representation for module `\gf180mcu_fd_sc_mcu7t5v0__bufz_1'.
Generating RTLIL representation for module `\gf180mcu_fd_sc_mcu7t5v0__bufz_12'.
Generating RTLIL representation for module `\gf180mcu_fd_sc_mcu7t5v0__bufz_16'.
Generating RTLIL representation for module `\gf180mcu_fd_sc_mcu7t5v0__bufz_2'.
Generating RTLIL representation for module `\gf180mcu_fd_sc_mcu7t5v0__bufz_3'.
Generating RTLIL representation for module `\gf180mcu_fd_sc_mcu7t5v0__bufz_4'.
Generating RTLIL representation for module `\gf180mcu_fd_sc_mcu7t5v0__bufz_8'.
Generating RTLIL representation for module `\gf180mcu_fd_sc_mcu7t5v0__bufz_func'.
Generating RTLIL representation for module `\gf180mcu_fd_sc_mcu7t5v0__clkbuf_1'.
Generating RTLIL representation for module `\gf180mcu_fd_sc_mcu7t5v0__clkbuf_12'.
Generating RTLIL representation for module `\gf180mcu_fd_sc_mcu7t5v0__clkbuf_16'.
Generating RTLIL representation for module `\gf180mcu_fd_sc_mcu7t5v0__clkbuf_2'.
Generating RTLIL representation for module `\gf180mcu_fd_sc_mcu7t5v0__clkbuf_20'.
Generating RTLIL representation for module `\gf180mcu_fd_sc_mcu7t5v0__clkbuf_3'.
Generating RTLIL representation for module `\gf180mcu_fd_sc_mcu7t5v0__clkbuf_4'.
Generating RTLIL representation for module `\gf180mcu_fd_sc_mcu7t5v0__clkbuf_8'.
Generating RTLIL representation for module `\gf180mcu_fd_sc_mcu7t5v0__clkbuf_func'.
Generating RTLIL representation for module `\gf180mcu_fd_sc_mcu7t5v0__clkinv_1'.
Generating RTLIL representation for module `\gf180mcu_fd_sc_mcu7t5v0__clkinv_12'.
Generating RTLIL representation for module `\gf180mcu_fd_sc_mcu7t5v0__clkinv_16'.
Generating RTLIL representation for module `\gf180mcu_fd_sc_mcu7t5v0__clkinv_2'.
Generating RTLIL representation for module `\gf180mcu_fd_sc_mcu7t5v0__clkinv_20'.
Generating RTLIL representation for module `\gf180mcu_fd_sc_mcu7t5v0__clkinv_3'.
Generating RTLIL representation for module `\gf180mcu_fd_sc_mcu7t5v0__clkinv_4'.
Generating RTLIL representation for module `\gf180mcu_fd_sc_mcu7t5v0__clkinv_8'.
Generating RTLIL representation for module `\gf180mcu_fd_sc_mcu7t5v0__clkinv_func'.
Generating RTLIL representation for module `\gf180mcu_fd_sc_mcu7t5v0__dffnq_1'.
Generating RTLIL representation for module `\gf180mcu_fd_sc_mcu7t5v0__dffnq_2'.
Generating RTLIL representation for module `\gf180mcu_fd_sc_mcu7t5v0__dffnq_4'.
Generating RTLIL representation for module `\gf180mcu_fd_sc_mcu7t5v0__dffnq_func'.
Generating RTLIL representation for module `\gf180mcu_fd_sc_mcu7t5v0__dffnrnq_1'.
Generating RTLIL representation for module `\gf180mcu_fd_sc_mcu7t5v0__dffnrnq_2'.
Generating RTLIL representation for module `\gf180mcu_fd_sc_mcu7t5v0__dffnrnq_4'.
Generating RTLIL representation for module `\gf180mcu_fd_sc_mcu7t5v0__dffnrnq_func'.
Generating RTLIL representation for module `\gf180mcu_fd_sc_mcu7t5v0__dffnrsnq_1'.
Generating RTLIL representation for module `\gf180mcu_fd_sc_mcu7t5v0__dffnrsnq_2'.
Generating RTLIL representation for module `\gf180mcu_fd_sc_mcu7t5v0__dffnrsnq_4'.
Generating RTLIL representation for module `\gf180mcu_fd_sc_mcu7t5v0__dffnrsnq_func'.
Generating RTLIL representation for module `\gf180mcu_fd_sc_mcu7t5v0__dffnsnq_1'.
Generating RTLIL representation for module `\gf180mcu_fd_sc_mcu7t5v0__dffnsnq_2'.
Generating RTLIL representation for module `\gf180mcu_fd_sc_mcu7t5v0__dffnsnq_4'.
Generating RTLIL representation for module `\gf180mcu_fd_sc_mcu7t5v0__dffnsnq_func'.
Generating RTLIL representation for module `\gf180mcu_fd_sc_mcu7t5v0__dffq_1'.
Generating RTLIL representation for module `\gf180mcu_fd_sc_mcu7t5v0__dffq_2'.
Generating RTLIL representation for module `\gf180mcu_fd_sc_mcu7t5v0__dffq_4'.
Generating RTLIL representation for module `\gf180mcu_fd_sc_mcu7t5v0__dffq_func'.
Generating RTLIL representation for module `\gf180mcu_fd_sc_mcu7t5v0__dffrnq_1'.
Generating RTLIL representation for module `\gf180mcu_fd_sc_mcu7t5v0__dffrnq_2'.
Generating RTLIL representation for module `\gf180mcu_fd_sc_mcu7t5v0__dffrnq_4'.
Generating RTLIL representation for module `\gf180mcu_fd_sc_mcu7t5v0__dffrnq_func'.
Generating RTLIL representation for module `\gf180mcu_fd_sc_mcu7t5v0__dffrsnq_1'.
Generating RTLIL representation for module `\gf180mcu_fd_sc_mcu7t5v0__dffrsnq_2'.
Generating RTLIL representation for module `\gf180mcu_fd_sc_mcu7t5v0__dffrsnq_4'.
Generating RTLIL representation for module `\gf180mcu_fd_sc_mcu7t5v0__dffrsnq_func'.
Generating RTLIL representation for module `\gf180mcu_fd_sc_mcu7t5v0__dffsnq_1'.
Generating RTLIL representation for module `\gf180mcu_fd_sc_mcu7t5v0__dffsnq_2'.
Generating RTLIL representation for module `\gf180mcu_fd_sc_mcu7t5v0__dffsnq_4'.
Generating RTLIL representation for module `\gf180mcu_fd_sc_mcu7t5v0__dffsnq_func'.
Generating RTLIL representation for module `\gf180mcu_fd_sc_mcu7t5v0__dlya_1'.
Generating RTLIL representation for module `\gf180mcu_fd_sc_mcu7t5v0__dlya_2'.
Generating RTLIL representation for module `\gf180mcu_fd_sc_mcu7t5v0__dlya_4'.
Generating RTLIL representation for module `\gf180mcu_fd_sc_mcu7t5v0__dlya_func'.
Generating RTLIL representation for module `\gf180mcu_fd_sc_mcu7t5v0__dlyb_1'.
Generating RTLIL representation for module `\gf180mcu_fd_sc_mcu7t5v0__dlyb_2'.
Generating RTLIL representation for module `\gf180mcu_fd_sc_mcu7t5v0__dlyb_4'.
Generating RTLIL representation for module `\gf180mcu_fd_sc_mcu7t5v0__dlyb_func'.
Generating RTLIL representation for module `\gf180mcu_fd_sc_mcu7t5v0__dlyc_1'.
Generating RTLIL representation for module `\gf180mcu_fd_sc_mcu7t5v0__dlyc_2'.
Generating RTLIL representation for module `\gf180mcu_fd_sc_mcu7t5v0__dlyc_4'.
Generating RTLIL representation for module `\gf180mcu_fd_sc_mcu7t5v0__dlyc_func'.
Generating RTLIL representation for module `\gf180mcu_fd_sc_mcu7t5v0__dlyd_1'.
Generating RTLIL representation for module `\gf180mcu_fd_sc_mcu7t5v0__dlyd_2'.
Generating RTLIL representation for module `\gf180mcu_fd_sc_mcu7t5v0__dlyd_4'.
Generating RTLIL representation for module `\gf180mcu_fd_sc_mcu7t5v0__dlyd_func'.
Generating RTLIL representation for module `\gf180mcu_fd_sc_mcu7t5v0__endcap'.
Generating RTLIL representation for module `\gf180mcu_fd_sc_mcu7t5v0__endcap_func'.
Generating RTLIL representation for module `\gf180mcu_fd_sc_mcu7t5v0__fill_1'.
Generating RTLIL representation for module `\gf180mcu_fd_sc_mcu7t5v0__fill_16'.
Generating RTLIL representation for module `\gf180mcu_fd_sc_mcu7t5v0__fill_2'.
Generating RTLIL representation for module `\gf180mcu_fd_sc_mcu7t5v0__fill_32'.
Generating RTLIL representation for module `\gf180mcu_fd_sc_mcu7t5v0__fill_4'.
Generating RTLIL representation for module `\gf180mcu_fd_sc_mcu7t5v0__fill_64'.
Generating RTLIL representation for module `\gf180mcu_fd_sc_mcu7t5v0__fill_8'.
Generating RTLIL representation for module `\gf180mcu_fd_sc_mcu7t5v0__fill_func'.
Generating RTLIL representation for module `\gf180mcu_fd_sc_mcu7t5v0__fillcap_16'.
Generating RTLIL representation for module `\gf180mcu_fd_sc_mcu7t5v0__fillcap_32'.
Generating RTLIL representation for module `\gf180mcu_fd_sc_mcu7t5v0__fillcap_4'.
Generating RTLIL representation for module `\gf180mcu_fd_sc_mcu7t5v0__fillcap_64'.
Generating RTLIL representation for module `\gf180mcu_fd_sc_mcu7t5v0__fillcap_8'.
Generating RTLIL representation for module `\gf180mcu_fd_sc_mcu7t5v0__fillcap_func'.
Generating RTLIL representation for module `\gf180mcu_fd_sc_mcu7t5v0__filltie'.
Generating RTLIL representation for module `\gf180mcu_fd_sc_mcu7t5v0__filltie_func'.
Generating RTLIL representation for module `\gf180mcu_fd_sc_mcu7t5v0__hold'.
Generating RTLIL representation for module `\gf180mcu_fd_sc_mcu7t5v0__hold_func'.
Generating RTLIL representation for module `\gf180mcu_fd_sc_mcu7t5v0__icgtn_1'.
Generating RTLIL representation for module `\gf180mcu_fd_sc_mcu7t5v0__icgtn_2'.
Generating RTLIL representation for module `\gf180mcu_fd_sc_mcu7t5v0__icgtn_4'.
Generating RTLIL representation for module `\gf180mcu_fd_sc_mcu7t5v0__icgtn_func'.
Generating RTLIL representation for module `\gf180mcu_fd_sc_mcu7t5v0__icgtp_1'.
Generating RTLIL representation for module `\gf180mcu_fd_sc_mcu7t5v0__icgtp_2'.
Generating RTLIL representation for module `\gf180mcu_fd_sc_mcu7t5v0__icgtp_4'.
Generating RTLIL representation for module `\gf180mcu_fd_sc_mcu7t5v0__icgtp_func'.
Generating RTLIL representation for module `\gf180mcu_fd_sc_mcu7t5v0__inv_1'.
Generating RTLIL representation for module `\gf180mcu_fd_sc_mcu7t5v0__inv_12'.
Generating RTLIL representation for module `\gf180mcu_fd_sc_mcu7t5v0__inv_16'.
Generating RTLIL representation for module `\gf180mcu_fd_sc_mcu7t5v0__inv_2'.
Generating RTLIL representation for module `\gf180mcu_fd_sc_mcu7t5v0__inv_20'.
Generating RTLIL representation for module `\gf180mcu_fd_sc_mcu7t5v0__inv_3'.
Generating RTLIL representation for module `\gf180mcu_fd_sc_mcu7t5v0__inv_4'.
Generating RTLIL representation for module `\gf180mcu_fd_sc_mcu7t5v0__inv_8'.
Generating RTLIL representation for module `\gf180mcu_fd_sc_mcu7t5v0__inv_func'.
Generating RTLIL representation for module `\gf180mcu_fd_sc_mcu7t5v0__invz_1'.
Generating RTLIL representation for module `\gf180mcu_fd_sc_mcu7t5v0__invz_12'.
Generating RTLIL representation for module `\gf180mcu_fd_sc_mcu7t5v0__invz_16'.
Generating RTLIL representation for module `\gf180mcu_fd_sc_mcu7t5v0__invz_2'.
Generating RTLIL representation for module `\gf180mcu_fd_sc_mcu7t5v0__invz_3'.
Generating RTLIL representation for module `\gf180mcu_fd_sc_mcu7t5v0__invz_4'.
Generating RTLIL representation for module `\gf180mcu_fd_sc_mcu7t5v0__invz_8'.
Generating RTLIL representation for module `\gf180mcu_fd_sc_mcu7t5v0__invz_func'.
Generating RTLIL representation for module `\gf180mcu_fd_sc_mcu7t5v0__latq_1'.
Generating RTLIL representation for module `\gf180mcu_fd_sc_mcu7t5v0__latq_2'.
Generating RTLIL representation for module `\gf180mcu_fd_sc_mcu7t5v0__latq_4'.
Generating RTLIL representation for module `\gf180mcu_fd_sc_mcu7t5v0__latq_func'.
Generating RTLIL representation for module `\gf180mcu_fd_sc_mcu7t5v0__latrnq_1'.
Generating RTLIL representation for module `\gf180mcu_fd_sc_mcu7t5v0__latrnq_2'.
Generating RTLIL representation for module `\gf180mcu_fd_sc_mcu7t5v0__latrnq_4'.
Generating RTLIL representation for module `\gf180mcu_fd_sc_mcu7t5v0__latrnq_func'.
Generating RTLIL representation for module `\gf180mcu_fd_sc_mcu7t5v0__latrsnq_1'.
Generating RTLIL representation for module `\gf180mcu_fd_sc_mcu7t5v0__latrsnq_2'.
Generating RTLIL representation for module `\gf180mcu_fd_sc_mcu7t5v0__latrsnq_4'.
Generating RTLIL representation for module `\gf180mcu_fd_sc_mcu7t5v0__latrsnq_func'.
Generating RTLIL representation for module `\gf180mcu_fd_sc_mcu7t5v0__latsnq_1'.
Generating RTLIL representation for module `\gf180mcu_fd_sc_mcu7t5v0__latsnq_2'.
Generating RTLIL representation for module `\gf180mcu_fd_sc_mcu7t5v0__latsnq_4'.
Generating RTLIL representation for module `\gf180mcu_fd_sc_mcu7t5v0__latsnq_func'.
Generating RTLIL representation for module `\gf180mcu_fd_sc_mcu7t5v0__mux2_1'.
Generating RTLIL representation for module `\gf180mcu_fd_sc_mcu7t5v0__mux2_2'.
Generating RTLIL representation for module `\gf180mcu_fd_sc_mcu7t5v0__mux2_4'.
Generating RTLIL representation for module `\gf180mcu_fd_sc_mcu7t5v0__mux2_func'.
Generating RTLIL representation for module `\gf180mcu_fd_sc_mcu7t5v0__mux4_1'.
Generating RTLIL representation for module `\gf180mcu_fd_sc_mcu7t5v0__mux4_2'.
Generating RTLIL representation for module `\gf180mcu_fd_sc_mcu7t5v0__mux4_4'.
Generating RTLIL representation for module `\gf180mcu_fd_sc_mcu7t5v0__mux4_func'.
Generating RTLIL representation for module `\gf180mcu_fd_sc_mcu7t5v0__nand2_1'.
Generating RTLIL representation for module `\gf180mcu_fd_sc_mcu7t5v0__nand2_2'.
Generating RTLIL representation for module `\gf180mcu_fd_sc_mcu7t5v0__nand2_4'.
Generating RTLIL representation for module `\gf180mcu_fd_sc_mcu7t5v0__nand2_func'.
Generating RTLIL representation for module `\gf180mcu_fd_sc_mcu7t5v0__nand3_1'.
Generating RTLIL representation for module `\gf180mcu_fd_sc_mcu7t5v0__nand3_2'.
Generating RTLIL representation for module `\gf180mcu_fd_sc_mcu7t5v0__nand3_4'.
Generating RTLIL representation for module `\gf180mcu_fd_sc_mcu7t5v0__nand3_func'.
Generating RTLIL representation for module `\gf180mcu_fd_sc_mcu7t5v0__nand4_1'.
Generating RTLIL representation for module `\gf180mcu_fd_sc_mcu7t5v0__nand4_2'.
Generating RTLIL representation for module `\gf180mcu_fd_sc_mcu7t5v0__nand4_4'.
Generating RTLIL representation for module `\gf180mcu_fd_sc_mcu7t5v0__nand4_func'.
Generating RTLIL representation for module `\gf180mcu_fd_sc_mcu7t5v0__nor2_1'.
Generating RTLIL representation for module `\gf180mcu_fd_sc_mcu7t5v0__nor2_2'.
Generating RTLIL representation for module `\gf180mcu_fd_sc_mcu7t5v0__nor2_4'.
Generating RTLIL representation for module `\gf180mcu_fd_sc_mcu7t5v0__nor2_func'.
Generating RTLIL representation for module `\gf180mcu_fd_sc_mcu7t5v0__nor3_1'.
Generating RTLIL representation for module `\gf180mcu_fd_sc_mcu7t5v0__nor3_2'.
Generating RTLIL representation for module `\gf180mcu_fd_sc_mcu7t5v0__nor3_4'.
Generating RTLIL representation for module `\gf180mcu_fd_sc_mcu7t5v0__nor3_func'.
Generating RTLIL representation for module `\gf180mcu_fd_sc_mcu7t5v0__nor4_1'.
Generating RTLIL representation for module `\gf180mcu_fd_sc_mcu7t5v0__nor4_2'.
Generating RTLIL representation for module `\gf180mcu_fd_sc_mcu7t5v0__nor4_4'.
Generating RTLIL representation for module `\gf180mcu_fd_sc_mcu7t5v0__nor4_func'.
Generating RTLIL representation for module `\gf180mcu_fd_sc_mcu7t5v0__oai211_1'.
Generating RTLIL representation for module `\gf180mcu_fd_sc_mcu7t5v0__oai211_2'.
Generating RTLIL representation for module `\gf180mcu_fd_sc_mcu7t5v0__oai211_4'.
Generating RTLIL representation for module `\gf180mcu_fd_sc_mcu7t5v0__oai211_func'.
Generating RTLIL representation for module `\gf180mcu_fd_sc_mcu7t5v0__oai21_1'.
Generating RTLIL representation for module `\gf180mcu_fd_sc_mcu7t5v0__oai21_2'.
Generating RTLIL representation for module `\gf180mcu_fd_sc_mcu7t5v0__oai21_4'.
Generating RTLIL representation for module `\gf180mcu_fd_sc_mcu7t5v0__oai21_func'.
Generating RTLIL representation for module `\gf180mcu_fd_sc_mcu7t5v0__oai221_1'.
Generating RTLIL representation for module `\gf180mcu_fd_sc_mcu7t5v0__oai221_2'.
Generating RTLIL representation for module `\gf180mcu_fd_sc_mcu7t5v0__oai221_4'.
Generating RTLIL representation for module `\gf180mcu_fd_sc_mcu7t5v0__oai221_func'.
Generating RTLIL representation for module `\gf180mcu_fd_sc_mcu7t5v0__oai222_1'.
Generating RTLIL representation for module `\gf180mcu_fd_sc_mcu7t5v0__oai222_2'.
Generating RTLIL representation for module `\gf180mcu_fd_sc_mcu7t5v0__oai222_4'.
Generating RTLIL representation for module `\gf180mcu_fd_sc_mcu7t5v0__oai222_func'.
Generating RTLIL representation for module `\gf180mcu_fd_sc_mcu7t5v0__oai22_1'.
Generating RTLIL representation for module `\gf180mcu_fd_sc_mcu7t5v0__oai22_2'.
Generating RTLIL representation for module `\gf180mcu_fd_sc_mcu7t5v0__oai22_4'.
Generating RTLIL representation for module `\gf180mcu_fd_sc_mcu7t5v0__oai22_func'.
Generating RTLIL representation for module `\gf180mcu_fd_sc_mcu7t5v0__oai31_1'.
Generating RTLIL representation for module `\gf180mcu_fd_sc_mcu7t5v0__oai31_2'.
Generating RTLIL representation for module `\gf180mcu_fd_sc_mcu7t5v0__oai31_4'.
Generating RTLIL representation for module `\gf180mcu_fd_sc_mcu7t5v0__oai31_func'.
Generating RTLIL representation for module `\gf180mcu_fd_sc_mcu7t5v0__oai32_1'.
Generating RTLIL representation for module `\gf180mcu_fd_sc_mcu7t5v0__oai32_2'.
Generating RTLIL representation for module `\gf180mcu_fd_sc_mcu7t5v0__oai32_4'.
Generating RTLIL representation for module `\gf180mcu_fd_sc_mcu7t5v0__oai32_func'.
Generating RTLIL representation for module `\gf180mcu_fd_sc_mcu7t5v0__oai33_1'.
Generating RTLIL representation for module `\gf180mcu_fd_sc_mcu7t5v0__oai33_2'.
Generating RTLIL representation for module `\gf180mcu_fd_sc_mcu7t5v0__oai33_4'.
Generating RTLIL representation for module `\gf180mcu_fd_sc_mcu7t5v0__oai33_func'.
Generating RTLIL representation for module `\gf180mcu_fd_sc_mcu7t5v0__or2_1'.
Generating RTLIL representation for module `\gf180mcu_fd_sc_mcu7t5v0__or2_2'.
Generating RTLIL representation for module `\gf180mcu_fd_sc_mcu7t5v0__or2_4'.
Generating RTLIL representation for module `\gf180mcu_fd_sc_mcu7t5v0__or2_func'.
Generating RTLIL representation for module `\gf180mcu_fd_sc_mcu7t5v0__or3_1'.
Generating RTLIL representation for module `\gf180mcu_fd_sc_mcu7t5v0__or3_2'.
Generating RTLIL representation for module `\gf180mcu_fd_sc_mcu7t5v0__or3_4'.
Generating RTLIL representation for module `\gf180mcu_fd_sc_mcu7t5v0__or3_func'.
Generating RTLIL representation for module `\gf180mcu_fd_sc_mcu7t5v0__or4_1'.
Generating RTLIL representation for module `\gf180mcu_fd_sc_mcu7t5v0__or4_2'.
Generating RTLIL representation for module `\gf180mcu_fd_sc_mcu7t5v0__or4_4'.
Generating RTLIL representation for module `\gf180mcu_fd_sc_mcu7t5v0__or4_func'.
Generating RTLIL representation for module `\gf180mcu_fd_sc_mcu7t5v0__sdffq_1'.
Generating RTLIL representation for module `\gf180mcu_fd_sc_mcu7t5v0__sdffq_2'.
Generating RTLIL representation for module `\gf180mcu_fd_sc_mcu7t5v0__sdffq_4'.
Generating RTLIL representation for module `\gf180mcu_fd_sc_mcu7t5v0__sdffq_func'.
Generating RTLIL representation for module `\gf180mcu_fd_sc_mcu7t5v0__sdffrnq_1'.
Generating RTLIL representation for module `\gf180mcu_fd_sc_mcu7t5v0__sdffrnq_2'.
Generating RTLIL representation for module `\gf180mcu_fd_sc_mcu7t5v0__sdffrnq_4'.
Generating RTLIL representation for module `\gf180mcu_fd_sc_mcu7t5v0__sdffrnq_func'.
Generating RTLIL representation for module `\gf180mcu_fd_sc_mcu7t5v0__sdffrsnq_1'.
Generating RTLIL representation for module `\gf180mcu_fd_sc_mcu7t5v0__sdffrsnq_2'.
Generating RTLIL representation for module `\gf180mcu_fd_sc_mcu7t5v0__sdffrsnq_4'.
Generating RTLIL representation for module `\gf180mcu_fd_sc_mcu7t5v0__sdffrsnq_func'.
Generating RTLIL representation for module `\gf180mcu_fd_sc_mcu7t5v0__sdffsnq_1'.
Generating RTLIL representation for module `\gf180mcu_fd_sc_mcu7t5v0__sdffsnq_2'.
Generating RTLIL representation for module `\gf180mcu_fd_sc_mcu7t5v0__sdffsnq_4'.
Generating RTLIL representation for module `\gf180mcu_fd_sc_mcu7t5v0__sdffsnq_func'.
Generating RTLIL representation for module `\gf180mcu_fd_sc_mcu7t5v0__tieh'.
Generating RTLIL representation for module `\gf180mcu_fd_sc_mcu7t5v0__tieh_func'.
Generating RTLIL representation for module `\gf180mcu_fd_sc_mcu7t5v0__tiel'.
Generating RTLIL representation for module `\gf180mcu_fd_sc_mcu7t5v0__tiel_func'.
Generating RTLIL representation for module `\gf180mcu_fd_sc_mcu7t5v0__xnor2_1'.
Generating RTLIL representation for module `\gf180mcu_fd_sc_mcu7t5v0__xnor2_2'.
Generating RTLIL representation for module `\gf180mcu_fd_sc_mcu7t5v0__xnor2_4'.
Generating RTLIL representation for module `\gf180mcu_fd_sc_mcu7t5v0__xnor2_func'.
Generating RTLIL representation for module `\gf180mcu_fd_sc_mcu7t5v0__xnor3_1'.
Generating RTLIL representation for module `\gf180mcu_fd_sc_mcu7t5v0__xnor3_2'.
Generating RTLIL representation for module `\gf180mcu_fd_sc_mcu7t5v0__xnor3_4'.
Generating RTLIL representation for module `\gf180mcu_fd_sc_mcu7t5v0__xnor3_func'.
Generating RTLIL representation for module `\gf180mcu_fd_sc_mcu7t5v0__xor2_1'.
Generating RTLIL representation for module `\gf180mcu_fd_sc_mcu7t5v0__xor2_2'.
Generating RTLIL representation for module `\gf180mcu_fd_sc_mcu7t5v0__xor2_4'.
Generating RTLIL representation for module `\gf180mcu_fd_sc_mcu7t5v0__xor2_func'.
Generating RTLIL representation for module `\gf180mcu_fd_sc_mcu7t5v0__xor3_1'.
Generating RTLIL representation for module `\gf180mcu_fd_sc_mcu7t5v0__xor3_2'.
Generating RTLIL representation for module `\gf180mcu_fd_sc_mcu7t5v0__xor3_4'.
Generating RTLIL representation for module `\gf180mcu_fd_sc_mcu7t5v0__xor3_func'.
Successfully finished Verilog frontend.

2. Executing Verilog-2005 frontend: /workspace/librelane/runs/RUN_2026-08-09_20-32-35/tmp/ecd37fc32cb34b6d858229658999760f.bb.v
Parsing SystemVerilog input from `/workspace/librelane/runs/RUN_2026-08-09_20-32-35/tmp/ecd37fc32cb34b6d858229658999760f.bb.v' to AST representation.
Generating RTLIL representation for module `\gf180mcu_ef_io__bi_t'.
Generating RTLIL representation for module `\gf180mcu_fd_io__asig_5p0'.
Generating RTLIL representation for module `\gf180mcu_fd_io__bi_24t'.
Generating RTLIL representation for module `\gf180mcu_fd_io__bi_t'.
Generating RTLIL representation for module `\gf180mcu_fd_io__brk2'.
Generating RTLIL representation for module `\gf180mcu_fd_io__brk5'.
Generating RTLIL representation for module `\gf180mcu_fd_io__cor'.
Generating RTLIL representation for module `\gf180mcu_fd_io__dvdd'.
Generating RTLIL representation for module `\gf180mcu_fd_io__dvss'.
Generating RTLIL representation for module `\gf180mcu_fd_io__fill1'.
Generating RTLIL representation for module `\gf180mcu_fd_io__fill10'.
Generating RTLIL representation for module `\gf180mcu_fd_io__fill5'.
Generating RTLIL representation for module `\gf180mcu_fd_io__fillnc'.
Generating RTLIL representation for module `\gf180mcu_fd_io__in_c'.
Generating RTLIL representation for module `\gf180mcu_fd_io__in_s'.
Generating RTLIL representation for module `\gf180mcu_ws_io__dvdd'.
Generating RTLIL representation for module `\gf180mcu_ws_io__dvss'.
Successfully finished Verilog frontend.

3. Executing Verilog-2005 frontend: /workspace/src/analog_macro.sv
Parsing SystemVerilog input from `/workspace/src/analog_macro.sv' to AST representation.
Generating RTLIL representation for module `\analog_block'.
Generating RTLIL representation for module `\analog_readout'.
Generating RTLIL representation for module `\analog_wave_mixer'.
Generating RTLIL representation for module `\analog_comp'.
Successfully finished Verilog frontend.
wtaf

4. Executing Verilog-2005 frontend: /workspace/src/chip_core.sv
Parsing SystemVerilog input from `/workspace/src/chip_core.sv' to AST representation.
Storing AST representation for module `$abstract\spi_regs'.
Storing AST representation for module `$abstract\state_machine'.
Storing AST representation for module `$abstract\sine_lut'.
Storing AST representation for module `$abstract\wave_controller'.
Storing AST representation for module `$abstract\signal_processor'.
Storing AST representation for module `$abstract\analog_block'.
Storing AST representation for module `$abstract\analog_readout'.
Storing AST representation for module `$abstract\analog_wave_mixer'.
Storing AST representation for module `$abstract\analog_comp'.
Storing AST representation for module `$abstract\chip_core'.
Successfully finished Verilog frontend.

5. Executing HIERARCHY pass (managing design hierarchy).

6. Executing AST frontend in derive mode using pre-parsed AST for module `\chip_core'.
Generating RTLIL representation for module `\chip_core'.

6.1. Analyzing design hierarchy..
Top module:  \chip_core

6.2. Executing AST frontend in derive mode using pre-parsed AST for module `\signal_processor'.
Generating RTLIL representation for module `\signal_processor'.

6.3. Executing AST frontend in derive mode using pre-parsed AST for module `\wave_controller'.
Generating RTLIL representation for module `\wave_controller'.

6.4. Executing AST frontend in derive mode using pre-parsed AST for module `\state_machine'.
Generating RTLIL representation for module `\state_machine'.

6.5. Executing AST frontend in derive mode using pre-parsed AST for module `\spi_regs'.
Generating RTLIL representation for module `\spi_regs'.

6.6. Analyzing design hierarchy..
Top module:  \chip_core
Used module:     \signal_processor
Used module:     \wave_controller
Used module:     \state_machine
Used module:     \spi_regs

6.7. Executing AST frontend in derive mode using pre-parsed AST for module `\sine_lut'.
Generating RTLIL representation for module `\sine_lut'.

6.8. Analyzing design hierarchy..
Top module:  \chip_core
Used module:     \signal_processor
Used module:     \wave_controller
Used module:         \sine_lut
Used module:     \state_machine
Used module:     \spi_regs

6.9. Analyzing design hierarchy..
Top module:  \chip_core
Used module:     \signal_processor
Used module:     \wave_controller
Used module:         \sine_lut
Used module:     \state_machine
Used module:     \spi_regs
Removing unused module `$abstract\chip_core'.
Removing unused module `$abstract\analog_comp'.
Removing unused module `$abstract\analog_wave_mixer'.
Removing unused module `$abstract\analog_readout'.
Removing unused module `$abstract\signal_processor'.
Removing unused module `$abstract\wave_controller'.
Removing unused module `$abstract\sine_lut'.
Removing unused module `$abstract\state_machine'.
Removing unused module `$abstract\spi_regs'.
Removed 9 unused modules.
Renaming module chip_core to chip_core.

7. Executing PROC pass (convert processes to netlists).

7.1. Executing PROC_CLEAN pass (remove empty switches from decision trees).
Cleaned up 0 empty switches.

7.2. Executing PROC_RMDEAD pass (remove dead branches from decision trees).
Marked 1 switch rules as full_case in process $proc$/workspace/src/chip_core.sv:59$2 in module chip_core.
Marked 5 switch rules as full_case in process $proc$/workspace/src/signal_processor.sv:101$20 in module signal_processor.
Marked 2 switch rules as full_case in process $proc$/workspace/src/signal_processor.sv:87$15 in module signal_processor.
Marked 2 switch rules as full_case in process $proc$/workspace/src/signal_processor.sv:46$11 in module signal_processor.
Marked 5 switch rules as full_case in process $proc$/workspace/src/wave_controller.sv:374$88 in module wave_controller.
Marked 2 switch rules as full_case in process $proc$/workspace/src/wave_controller.sv:360$86 in module wave_controller.
Marked 1 switch rules as full_case in process $proc$/workspace/src/wave_controller.sv:341$82 in module wave_controller.
Marked 5 switch rules as full_case in process $proc$/workspace/src/wave_controller.sv:281$72 in module wave_controller.
Marked 5 switch rules as full_case in process $proc$/workspace/src/wave_controller.sv:154$49 in module wave_controller.
Marked 2 switch rules as full_case in process $proc$/workspace/src/wave_controller.sv:104$32 in module wave_controller.
Marked 2 switch rules as full_case in process $proc$/workspace/src/wave_controller.sv:89$29 in module wave_controller.
Marked 1 switch rules as full_case in process $proc$/workspace/src/sine_lut.sv:71$119 in module sine_lut.
Removed 1 dead cases from process $proc$/workspace/src/sine_lut.sv:32$118 in module sine_lut.
Marked 1 switch rules as full_case in process $proc$/workspace/src/sine_lut.sv:32$118 in module sine_lut.
Marked 1 switch rules as full_case in process $proc$/workspace/src/spi.sv:246$113 in module spi_regs.
Removed 1 dead cases from process $proc$/workspace/src/spi.sv:191$104 in module spi_regs.
Marked 4 switch rules as full_case in process $proc$/workspace/src/spi.sv:191$104 in module spi_regs.
Marked 1 switch rules as full_case in process $proc$/workspace/src/spi.sv:166$98 in module spi_regs.
Marked 1 switch rules as full_case in process $proc$/workspace/src/spi.sv:150$96 in module spi_regs.
Marked 1 switch rules as full_case in process $proc$/workspace/src/state_machine.sv:82$95 in module state_machine.
Marked 1 switch rules as full_case in process $proc$/workspace/src/state_machine.sv:77$93 in module state_machine.
Marked 7 switch rules as full_case in process $proc$/workspace/src/state_machine.sv:44$92 in module state_machine.
Removed a total of 2 dead cases.

7.3. Executing PROC_PRUNE pass (remove redundant assignments in processes).
Removed 21 redundant assignments.
Promoted 75 assignments to connections.

7.4. Executing PROC_INIT pass (extract init attributes).

7.5. Executing PROC_ARST pass (detect async resets in processes).
Found async reset \rst_n in `\signal_processor.$proc$/workspace/src/signal_processor.sv:101$20'.
Found async reset \rst_n in `\signal_processor.$proc$/workspace/src/signal_processor.sv:46$11'.
Found async reset \rst_n in `\wave_controller.$proc$/workspace/src/wave_controller.sv:374$88'.
Found async reset \rst_n in `\wave_controller.$proc$/workspace/src/wave_controller.sv:341$82'.
Found async reset \rst_n in `\wave_controller.$proc$/workspace/src/wave_controller.sv:281$72'.
Found async reset \rst_n in `\wave_controller.$proc$/workspace/src/wave_controller.sv:154$49'.
Found async reset \rst_n in `\wave_controller.$proc$/workspace/src/wave_controller.sv:104$32'.
Found async reset \rst_n in `\wave_controller.$proc$/workspace/src/wave_controller.sv:89$29'.
Found async reset \rst_n in `\spi_regs.$proc$/workspace/src/spi.sv:246$113'.
Found async reset \rst_n in `\spi_regs.$proc$/workspace/src/spi.sv:191$104'.
Found async reset \rst_n in `\spi_regs.$proc$/workspace/src/spi.sv:166$98'.
Found async reset \rst_n in `\spi_regs.$proc$/workspace/src/spi.sv:150$96'.
Found async reset \rst_n in `\state_machine.$proc$/workspace/src/state_machine.sv:77$93'.

7.6. Executing PROC_ROM pass (convert switches to ROMs).
Converted 1 switch.
<suppressed ~61 debug messages>

7.7. Executing PROC_MUX pass (convert decision trees to multiplexers).
Creating decoders for process `\chip_core.$proc$/workspace/src/chip_core.sv:147$6'.
Creating decoders for process `\chip_core.$proc$/workspace/src/chip_core.sv:59$2'.
     1/1: $0\count[9:0]
Creating decoders for process `\signal_processor.$proc$/workspace/src/signal_processor.sv:101$20'.
     1/13: $0\latch_phase270_ack[0:0]
     2/13: $0\latch_phase90_ack[0:0]
     3/13: $0\cycle_count[3:0]
     4/13: $0\cnt_out[3:0]
     5/13: $0\cnt_in[3:0]
     6/13: $0\s90_valid[0:0]
     7/13: $0\s90[0:0]
     8/13: $0\votes_out_phase[3:0]
     9/13: $0\votes_in_phase[3:0]
    10/13: $0\phase_state[1:0]
    11/13: $0\jitter_flag[0:0]
    12/13: $0\move_en[0:0]
    13/13: $0\dir[0:0]
Creating decoders for process `\signal_processor.$proc$/workspace/src/signal_processor.sv:87$15'.
     1/4: $2\next_in[3:0]
     2/4: $2\next_out[3:0]
     3/4: $1\next_out[3:0]
     4/4: $1\next_in[3:0]
Creating decoders for process `\signal_processor.$proc$/workspace/src/signal_processor.sv:46$11'.
     1/3: $0\s270_pipe[3:0]
     2/3: $0\s90_pipe[3:0]
     3/3: $0\comp_pipe[3:0]
Creating decoders for process `\wave_controller.$proc$/workspace/src/wave_controller.sv:374$88'.
     1/5: $0\ref_wave[0:0]
     2/5: $0\mems_drv[0:0]
     3/5: $0\cal_burst_count[1:0]
     4/5: $0\cal_burst_active[0:0]
     5/5: $0\cal_burst_armed[0:0]
Creating decoders for process `\wave_controller.$proc$/workspace/src/wave_controller.sv:360$86'.
     1/2: $2\ds_code[7:0]
     2/2: $1\ds_code[7:0]
Creating decoders for process `\wave_controller.$proc$/workspace/src/wave_controller.sv:341$82'.
     1/1: $0\ds_acc[8:0]
Creating decoders for process `\wave_controller.$proc$/workspace/src/wave_controller.sv:281$72'.
     1/3: $0\latch_error[0:0]
     2/3: $0\latch_phase270[0:0]
     3/3: $0\latch_phase90[0:0]
Creating decoders for process `\wave_controller.$proc$/workspace/src/wave_controller.sv:154$49'.
     1/10: $0\capture_step[1:0]
     2/10: $0\capture_pending[0:0]
     3/10: $0\wave_cycle_cnt[7:0]
     4/10: $0\cal_dir[0:0]
     5/10: $0\raw_edge3[20:0]
     6/10: $0\raw_edge2[20:0]
     7/10: $0\raw_edge1[20:0]
     8/10: $0\delay_wave_cycle[7:0]
     9/10: $0\cal_timeout[0:0]
    10/10: $0\cal_done[0:0]
Creating decoders for process `\wave_controller.$proc$/workspace/src/wave_controller.sv:104$32'.
     1/5: $0\comp_sync4[0:0]
     2/5: $0\comp_sync3[0:0]
     3/5: $0\comp_sync2[0:0]
     4/5: $0\comp_sync1[0:0]
     5/5: $0\comp_sync0[0:0]
Creating decoders for process `\wave_controller.$proc$/workspace/src/wave_controller.sv:89$29'.
     1/1: $0\phase_acc[20:0]
Creating decoders for process `\sine_lut.$proc$/workspace/src/sine_lut.sv:71$119'.
     1/1: $1\amp[7:0]
Creating decoders for process `\sine_lut.$proc$/workspace/src/sine_lut.sv:32$118'.
     1/1: $1\q_val[6:0]
Creating decoders for process `\spi_regs.$proc$/workspace/src/spi.sv:311$115'.
     1/1: $1\reg_rd_data[7:0]
Creating decoders for process `\spi_regs.$proc$/workspace/src/spi.sv:246$113'.
     1/26: $0\cfg_phase270_offset_y[20:0] [20:16]
     2/26: $0\cfg_phase270_offset_y[20:0] [15:8]
     3/26: $0\cfg_phase270_offset_y[20:0] [7:0]
     4/26: $0\cfg_phase90_offset_y[20:0] [15:8]
     5/26: $0\cfg_phase90_offset_y[20:0] [7:0]
     6/26: $0\cfg_phase0_offset_y[20:0] [15:8]
     7/26: $0\cfg_phase0_offset_y[20:0] [7:0]
     8/26: $0\cfg_phase270_offset_x[20:0] [15:8]
     9/26: $0\cfg_phase270_offset_x[20:0] [7:0]
    10/26: $0\cfg_phase90_offset_x[20:0] [15:8]
    11/26: $0\cfg_phase90_offset_x[20:0] [7:0]
    12/26: $0\cfg_phase0_offset_x[20:0] [15:8]
    13/26: $0\cfg_phase0_offset_x[20:0] [7:0]
    14/26: $0\cfg_f_MEMS_fcw_y[15:0] [7:0]
    15/26: $0\cfg_f_MEMS_fcw_x[15:0] [7:0]
    16/26: $0\phase_offset_imported[0:0]
    17/26: $0\cfg_done[0:0]
    18/26: $0\boot_complete[0:0]
    19/26: $0\cfg_phase90_offset_y[20:0] [20:16]
    20/26: $0\cfg_phase0_offset_y[20:0] [20:16]
    21/26: $0\cfg_phase270_offset_x[20:0] [20:16]
    22/26: $0\cfg_phase90_offset_x[20:0] [20:16]
    23/26: $0\cfg_phase0_offset_x[20:0] [20:16]
    24/26: $0\cfg_f_MEMS_fcw_y[15:0] [15:8]
    25/26: $0\cfg_f_MEMS_fcw_x[15:0] [15:8]
    26/26: $0\soft_rst[0:0]
Creating decoders for process `\spi_regs.$proc$/workspace/src/spi.sv:191$104'.
     1/10: $0\spi_miso_oe[0:0]
     2/10: $0\reg_wr_en[0:0]
     3/10: $0\reg_wr_data[7:0]
     4/10: $0\reg_wr_addr[6:0]
     5/10: $0\tx_shift[7:0]
     6/10: $0\rx_shift[7:0]
     7/10: $0\spi_addr[6:0]
     8/10: $0\rw_n[0:0]
     9/10: $0\bit_cnt[2:0]
    10/10: $0\spi_state[0:0]
Creating decoders for process `\spi_regs.$proc$/workspace/src/spi.sv:166$98'.
     1/1: $0\sclk_d[0:0]
Creating decoders for process `\spi_regs.$proc$/workspace/src/spi.sv:150$96'.
     1/3: $0\mosi_sync[1:0]
     2/3: $0\sclk_sync[1:0]
     3/3: $0\cs_sync[1:0]
Creating decoders for process `\state_machine.$proc$/workspace/src/state_machine.sv:82$95'.
     1/2: $1\read_en[0:0]
     2/2: $1\cal_start[0:0]
Creating decoders for process `\state_machine.$proc$/workspace/src/state_machine.sv:77$93'.
     1/1: $0\state_q[2:0]
Creating decoders for process `\state_machine.$proc$/workspace/src/state_machine.sv:44$92'.
     1/7: $7\state_d[2:0]
     2/7: $6\state_d[2:0]
     3/7: $5\state_d[2:0]
     4/7: $4\state_d[2:0]
     5/7: $3\state_d[2:0]
     6/7: $2\state_d[2:0]
     7/7: $1\state_d[2:0]

7.8. Executing PROC_DLATCH pass (convert process syncs to latches).
No latch inferred for signal `\chip_core.\bidir_out' from process `\chip_core.$proc$/workspace/src/chip_core.sv:147$6'.
No latch inferred for signal `\chip_core.\bidir_oe' from process `\chip_core.$proc$/workspace/src/chip_core.sv:147$6'.
No latch inferred for signal `\chip_core.\bidir_cs' from process `\chip_core.$proc$/workspace/src/chip_core.sv:147$6'.
No latch inferred for signal `\chip_core.\bidir_sl' from process `\chip_core.$proc$/workspace/src/chip_core.sv:147$6'.
No latch inferred for signal `\chip_core.\bidir_ie' from process `\chip_core.$proc$/workspace/src/chip_core.sv:147$6'.
No latch inferred for signal `\chip_core.\bidir_pu' from process `\chip_core.$proc$/workspace/src/chip_core.sv:147$6'.
No latch inferred for signal `\chip_core.\bidir_pd' from process `\chip_core.$proc$/workspace/src/chip_core.sv:147$6'.
No latch inferred for signal `\signal_processor.\next_in' from process `\signal_processor.$proc$/workspace/src/signal_processor.sv:87$15'.
No latch inferred for signal `\signal_processor.\next_out' from process `\signal_processor.$proc$/workspace/src/signal_processor.sv:87$15'.
No latch inferred for signal `\wave_controller.\ds_code' from process `\wave_controller.$proc$/workspace/src/wave_controller.sv:360$86'.
No latch inferred for signal `\sine_lut.\amp' from process `\sine_lut.$proc$/workspace/src/sine_lut.sv:71$119'.
No latch inferred for signal `\sine_lut.\q_val' from process `\sine_lut.$proc$/workspace/src/sine_lut.sv:32$118'.
No latch inferred for signal `\spi_regs.\reg_rd_data' from process `\spi_regs.$proc$/workspace/src/spi.sv:311$115'.
No latch inferred for signal `\state_machine.\read_en' from process `\state_machine.$proc$/workspace/src/state_machine.sv:82$95'.
No latch inferred for signal `\state_machine.\cal_start' from process `\state_machine.$proc$/workspace/src/state_machine.sv:82$95'.
No latch inferred for signal `\state_machine.\state_d' from process `\state_machine.$proc$/workspace/src/state_machine.sv:44$92'.

7.9. Executing PROC_DFF pass (convert process syncs to FFs).
Creating register for signal `\chip_core.\count' using process `\chip_core.$proc$/workspace/src/chip_core.sv:59$2'.
  created $dff cell `$procdff$1217' with positive edge clock.
Creating register for signal `\signal_processor.\latch_phase90_ack' using process `\signal_processor.$proc$/workspace/src/signal_processor.sv:101$20'.
  created $adff cell `$procdff$1222' with positive edge clock and positive level reset.
Creating register for signal `\signal_processor.\latch_phase270_ack' using process `\signal_processor.$proc$/workspace/src/signal_processor.sv:101$20'.
  created $adff cell `$procdff$1227' with positive edge clock and positive level reset.
Creating register for signal `\signal_processor.\dir' using process `\signal_processor.$proc$/workspace/src/signal_processor.sv:101$20'.
  created $adff cell `$procdff$1232' with positive edge clock and positive level reset.
Creating register for signal `\signal_processor.\move_en' using process `\signal_processor.$proc$/workspace/src/signal_processor.sv:101$20'.
  created $adff cell `$procdff$1237' with positive edge clock and positive level reset.
Creating register for signal `\signal_processor.\jitter_flag' using process `\signal_processor.$proc$/workspace/src/signal_processor.sv:101$20'.
  created $adff cell `$procdff$1242' with positive edge clock and positive level reset.
Creating register for signal `\signal_processor.\phase_state' using process `\signal_processor.$proc$/workspace/src/signal_processor.sv:101$20'.
  created $adff cell `$procdff$1247' with positive edge clock and positive level reset.
Creating register for signal `\signal_processor.\votes_in_phase' using process `\signal_processor.$proc$/workspace/src/signal_processor.sv:101$20'.
  created $adff cell `$procdff$1252' with positive edge clock and positive level reset.
Creating register for signal `\signal_processor.\votes_out_phase' using process `\signal_processor.$proc$/workspace/src/signal_processor.sv:101$20'.
  created $adff cell `$procdff$1257' with positive edge clock and positive level reset.
Creating register for signal `\signal_processor.\s90' using process `\signal_processor.$proc$/workspace/src/signal_processor.sv:101$20'.
  created $adff cell `$procdff$1262' with positive edge clock and positive level reset.
Creating register for signal `\signal_processor.\s90_valid' using process `\signal_processor.$proc$/workspace/src/signal_processor.sv:101$20'.
  created $adff cell `$procdff$1267' with positive edge clock and positive level reset.
Creating register for signal `\signal_processor.\cnt_in' using process `\signal_processor.$proc$/workspace/src/signal_processor.sv:101$20'.
  created $adff cell `$procdff$1272' with positive edge clock and positive level reset.
Creating register for signal `\signal_processor.\cnt_out' using process `\signal_processor.$proc$/workspace/src/signal_processor.sv:101$20'.
  created $adff cell `$procdff$1277' with positive edge clock and positive level reset.
Creating register for signal `\signal_processor.\cycle_count' using process `\signal_processor.$proc$/workspace/src/signal_processor.sv:101$20'.
  created $adff cell `$procdff$1282' with positive edge clock and positive level reset.
Creating register for signal `\signal_processor.\comp_pipe' using process `\signal_processor.$proc$/workspace/src/signal_processor.sv:46$11'.
  created $adff cell `$procdff$1287' with positive edge clock and positive level reset.
Creating register for signal `\signal_processor.\s90_pipe' using process `\signal_processor.$proc$/workspace/src/signal_processor.sv:46$11'.
  created $adff cell `$procdff$1292' with positive edge clock and positive level reset.
Creating register for signal `\signal_processor.\s270_pipe' using process `\signal_processor.$proc$/workspace/src/signal_processor.sv:46$11'.
  created $adff cell `$procdff$1297' with positive edge clock and positive level reset.
Creating register for signal `\wave_controller.\mems_drv' using process `\wave_controller.$proc$/workspace/src/wave_controller.sv:374$88'.
  created $adff cell `$procdff$1302' with positive edge clock and positive level reset.
Creating register for signal `\wave_controller.\ref_wave' using process `\wave_controller.$proc$/workspace/src/wave_controller.sv:374$88'.
  created $adff cell `$procdff$1307' with positive edge clock and positive level reset.
Creating register for signal `\wave_controller.\cal_burst_armed' using process `\wave_controller.$proc$/workspace/src/wave_controller.sv:374$88'.
  created $adff cell `$procdff$1312' with positive edge clock and positive level reset.
Creating register for signal `\wave_controller.\cal_burst_active' using process `\wave_controller.$proc$/workspace/src/wave_controller.sv:374$88'.
  created $adff cell `$procdff$1317' with positive edge clock and positive level reset.
Creating register for signal `\wave_controller.\cal_burst_count' using process `\wave_controller.$proc$/workspace/src/wave_controller.sv:374$88'.
  created $adff cell `$procdff$1322' with positive edge clock and positive level reset.
Creating register for signal `\wave_controller.\ds_acc' using process `\wave_controller.$proc$/workspace/src/wave_controller.sv:341$82'.
  created $adff cell `$procdff$1327' with positive edge clock and positive level reset.
Creating register for signal `\wave_controller.\latch_phase90' using process `\wave_controller.$proc$/workspace/src/wave_controller.sv:281$72'.
  created $adff cell `$procdff$1332' with positive edge clock and positive level reset.
Creating register for signal `\wave_controller.\latch_phase270' using process `\wave_controller.$proc$/workspace/src/wave_controller.sv:281$72'.
  created $adff cell `$procdff$1337' with positive edge clock and positive level reset.
Creating register for signal `\wave_controller.\latch_error' using process `\wave_controller.$proc$/workspace/src/wave_controller.sv:281$72'.
  created $adff cell `$procdff$1342' with positive edge clock and positive level reset.
Creating register for signal `\wave_controller.\cal_done' using process `\wave_controller.$proc$/workspace/src/wave_controller.sv:154$49'.
  created $adff cell `$procdff$1347' with positive edge clock and positive level reset.
Creating register for signal `\wave_controller.\cal_timeout' using process `\wave_controller.$proc$/workspace/src/wave_controller.sv:154$49'.
  created $adff cell `$procdff$1352' with positive edge clock and positive level reset.
Creating register for signal `\wave_controller.\delay_wave_cycle' using process `\wave_controller.$proc$/workspace/src/wave_controller.sv:154$49'.
  created $adff cell `$procdff$1357' with positive edge clock and positive level reset.
Creating register for signal `\wave_controller.\raw_edge1' using process `\wave_controller.$proc$/workspace/src/wave_controller.sv:154$49'.
  created $adff cell `$procdff$1362' with positive edge clock and positive level reset.
Creating register for signal `\wave_controller.\raw_edge2' using process `\wave_controller.$proc$/workspace/src/wave_controller.sv:154$49'.
  created $adff cell `$procdff$1367' with positive edge clock and positive level reset.
Creating register for signal `\wave_controller.\raw_edge3' using process `\wave_controller.$proc$/workspace/src/wave_controller.sv:154$49'.
  created $adff cell `$procdff$1372' with positive edge clock and positive level reset.
Creating register for signal `\wave_controller.\cal_dir' using process `\wave_controller.$proc$/workspace/src/wave_controller.sv:154$49'.
  created $adff cell `$procdff$1377' with positive edge clock and positive level reset.
Creating register for signal `\wave_controller.\wave_cycle_cnt' using process `\wave_controller.$proc$/workspace/src/wave_controller.sv:154$49'.
  created $adff cell `$procdff$1382' with positive edge clock and positive level reset.
Creating register for signal `\wave_controller.\capture_pending' using process `\wave_controller.$proc$/workspace/src/wave_controller.sv:154$49'.
  created $adff cell `$procdff$1387' with positive edge clock and positive level reset.
Creating register for signal `\wave_controller.\capture_step' using process `\wave_controller.$proc$/workspace/src/wave_controller.sv:154$49'.
  created $adff cell `$procdff$1392' with positive edge clock and positive level reset.
Creating register for signal `\wave_controller.\comp_sync0' using process `\wave_controller.$proc$/workspace/src/wave_controller.sv:104$32'.
  created $adff cell `$procdff$1397' with positive edge clock and positive level reset.
Creating register for signal `\wave_controller.\comp_sync1' using process `\wave_controller.$proc$/workspace/src/wave_controller.sv:104$32'.
  created $adff cell `$procdff$1402' with positive edge clock and positive level reset.
Creating register for signal `\wave_controller.\comp_sync2' using process `\wave_controller.$proc$/workspace/src/wave_controller.sv:104$32'.
  created $adff cell `$procdff$1407' with positive edge clock and positive level reset.
Creating register for signal `\wave_controller.\comp_sync3' using process `\wave_controller.$proc$/workspace/src/wave_controller.sv:104$32'.
  created $adff cell `$procdff$1412' with positive edge clock and positive level reset.
Creating register for signal `\wave_controller.\comp_sync4' using process `\wave_controller.$proc$/workspace/src/wave_controller.sv:104$32'.
  created $adff cell `$procdff$1417' with positive edge clock and positive level reset.
Creating register for signal `\wave_controller.\phase_acc' using process `\wave_controller.$proc$/workspace/src/wave_controller.sv:89$29'.
  created $adff cell `$procdff$1422' with positive edge clock and positive level reset.
Creating register for signal `\spi_regs.\cfg_f_MEMS_fcw_x' using process `\spi_regs.$proc$/workspace/src/spi.sv:246$113'.
  created $adff cell `$procdff$1427' with positive edge clock and positive level reset.
Creating register for signal `\spi_regs.\cfg_f_MEMS_fcw_y' using process `\spi_regs.$proc$/workspace/src/spi.sv:246$113'.
  created $adff cell `$procdff$1432' with positive edge clock and positive level reset.
Creating register for signal `\spi_regs.\cfg_phase0_offset_x' using process `\spi_regs.$proc$/workspace/src/spi.sv:246$113'.
  created $adff cell `$procdff$1437' with positive edge clock and positive level reset.
Creating register for signal `\spi_regs.\cfg_phase90_offset_x' using process `\spi_regs.$proc$/workspace/src/spi.sv:246$113'.
  created $adff cell `$procdff$1442' with positive edge clock and positive level reset.
Creating register for signal `\spi_regs.\cfg_phase270_offset_x' using process `\spi_regs.$proc$/workspace/src/spi.sv:246$113'.
  created $adff cell `$procdff$1447' with positive edge clock and positive level reset.
Creating register for signal `\spi_regs.\cfg_phase0_offset_y' using process `\spi_regs.$proc$/workspace/src/spi.sv:246$113'.
  created $adff cell `$procdff$1452' with positive edge clock and positive level reset.
Creating register for signal `\spi_regs.\cfg_phase90_offset_y' using process `\spi_regs.$proc$/workspace/src/spi.sv:246$113'.
  created $adff cell `$procdff$1457' with positive edge clock and positive level reset.
Creating register for signal `\spi_regs.\cfg_phase270_offset_y' using process `\spi_regs.$proc$/workspace/src/spi.sv:246$113'.
  created $adff cell `$procdff$1462' with positive edge clock and positive level reset.
Creating register for signal `\spi_regs.\boot_complete' using process `\spi_regs.$proc$/workspace/src/spi.sv:246$113'.
  created $adff cell `$procdff$1467' with positive edge clock and positive level reset.
Creating register for signal `\spi_regs.\cfg_done' using process `\spi_regs.$proc$/workspace/src/spi.sv:246$113'.
  created $adff cell `$procdff$1472' with positive edge clock and positive level reset.
Creating register for signal `\spi_regs.\phase_offset_imported' using process `\spi_regs.$proc$/workspace/src/spi.sv:246$113'.
  created $adff cell `$procdff$1477' with positive edge clock and positive level reset.
Creating register for signal `\spi_regs.\soft_rst' using process `\spi_regs.$proc$/workspace/src/spi.sv:246$113'.
  created $adff cell `$procdff$1482' with positive edge clock and positive level reset.
Creating register for signal `\spi_regs.\spi_miso_oe' using process `\spi_regs.$proc$/workspace/src/spi.sv:191$104'.
  created $adff cell `$procdff$1487' with positive edge clock and positive level reset.
Creating register for signal `\spi_regs.\spi_state' using process `\spi_regs.$proc$/workspace/src/spi.sv:191$104'.
  created $adff cell `$procdff$1492' with positive edge clock and positive level reset.
Creating register for signal `\spi_regs.\bit_cnt' using process `\spi_regs.$proc$/workspace/src/spi.sv:191$104'.
  created $adff cell `$procdff$1497' with positive edge clock and positive level reset.
Creating register for signal `\spi_regs.\rw_n' using process `\spi_regs.$proc$/workspace/src/spi.sv:191$104'.
  created $adff cell `$procdff$1502' with positive edge clock and positive level reset.
Creating register for signal `\spi_regs.\spi_addr' using process `\spi_regs.$proc$/workspace/src/spi.sv:191$104'.
  created $adff cell `$procdff$1507' with positive edge clock and positive level reset.
Creating register for signal `\spi_regs.\rx_shift' using process `\spi_regs.$proc$/workspace/src/spi.sv:191$104'.
  created $adff cell `$procdff$1512' with positive edge clock and positive level reset.
Creating register for signal `\spi_regs.\tx_shift' using process `\spi_regs.$proc$/workspace/src/spi.sv:191$104'.
  created $adff cell `$procdff$1517' with positive edge clock and positive level reset.
Creating register for signal `\spi_regs.\reg_wr_en' using process `\spi_regs.$proc$/workspace/src/spi.sv:191$104'.
  created $adff cell `$procdff$1522' with positive edge clock and positive level reset.
Creating register for signal `\spi_regs.\reg_wr_addr' using process `\spi_regs.$proc$/workspace/src/spi.sv:191$104'.
  created $adff cell `$procdff$1527' with positive edge clock and positive level reset.
Creating register for signal `\spi_regs.\reg_wr_data' using process `\spi_regs.$proc$/workspace/src/spi.sv:191$104'.
  created $adff cell `$procdff$1532' with positive edge clock and positive level reset.
Creating register for signal `\spi_regs.\sclk_d' using process `\spi_regs.$proc$/workspace/src/spi.sv:166$98'.
  created $adff cell `$procdff$1537' with positive edge clock and positive level reset.
Creating register for signal `\spi_regs.\cs_sync' using process `\spi_regs.$proc$/workspace/src/spi.sv:150$96'.
  created $adff cell `$procdff$1542' with positive edge clock and positive level reset.
Creating register for signal `\spi_regs.\sclk_sync' using process `\spi_regs.$proc$/workspace/src/spi.sv:150$96'.
  created $adff cell `$procdff$1547' with positive edge clock and positive level reset.
Creating register for signal `\spi_regs.\mosi_sync' using process `\spi_regs.$proc$/workspace/src/spi.sv:150$96'.
  created $adff cell `$procdff$1552' with positive edge clock and positive level reset.
Creating register for signal `\state_machine.\state_q' using process `\state_machine.$proc$/workspace/src/state_machine.sv:77$93'.
  created $adff cell `$procdff$1557' with positive edge clock and positive level reset.

7.10. Executing PROC_MEMWR pass (convert process memory writes to cells).

7.11. Executing PROC_CLEAN pass (remove empty switches from decision trees).
Removing empty process `chip_core.$proc$/workspace/src/chip_core.sv:147$6'.
Found and cleaned up 2 empty switches in `\chip_core.$proc$/workspace/src/chip_core.sv:59$2'.
Removing empty process `chip_core.$proc$/workspace/src/chip_core.sv:59$2'.
Found and cleaned up 6 empty switches in `\signal_processor.$proc$/workspace/src/signal_processor.sv:101$20'.
Removing empty process `signal_processor.$proc$/workspace/src/signal_processor.sv:101$20'.
Found and cleaned up 2 empty switches in `\signal_processor.$proc$/workspace/src/signal_processor.sv:87$15'.
Removing empty process `signal_processor.$proc$/workspace/src/signal_processor.sv:87$15'.
Found and cleaned up 1 empty switch in `\signal_processor.$proc$/workspace/src/signal_processor.sv:46$11'.
Removing empty process `signal_processor.$proc$/workspace/src/signal_processor.sv:46$11'.
Found and cleaned up 6 empty switches in `\wave_controller.$proc$/workspace/src/wave_controller.sv:374$88'.
Removing empty process `wave_controller.$proc$/workspace/src/wave_controller.sv:374$88'.
Found and cleaned up 2 empty switches in `\wave_controller.$proc$/workspace/src/wave_controller.sv:360$86'.
Removing empty process `wave_controller.$proc$/workspace/src/wave_controller.sv:360$86'.
Removing empty process `wave_controller.$proc$/workspace/src/wave_controller.sv:341$82'.
Found and cleaned up 7 empty switches in `\wave_controller.$proc$/workspace/src/wave_controller.sv:281$72'.
Removing empty process `wave_controller.$proc$/workspace/src/wave_controller.sv:281$72'.
Found and cleaned up 13 empty switches in `\wave_controller.$proc$/workspace/src/wave_controller.sv:154$49'.
Removing empty process `wave_controller.$proc$/workspace/src/wave_controller.sv:154$49'.
Found and cleaned up 1 empty switch in `\wave_controller.$proc$/workspace/src/wave_controller.sv:104$32'.
Removing empty process `wave_controller.$proc$/workspace/src/wave_controller.sv:104$32'.
Found and cleaned up 2 empty switches in `\wave_controller.$proc$/workspace/src/wave_controller.sv:89$29'.
Removing empty process `wave_controller.$proc$/workspace/src/wave_controller.sv:89$29'.
Found and cleaned up 1 empty switch in `\sine_lut.$proc$/workspace/src/sine_lut.sv:71$119'.
Removing empty process `sine_lut.$proc$/workspace/src/sine_lut.sv:71$119'.
Found and cleaned up 1 empty switch in `\sine_lut.$proc$/workspace/src/sine_lut.sv:32$118'.
Removing empty process `sine_lut.$proc$/workspace/src/sine_lut.sv:32$118'.
Found and cleaned up 1 empty switch in `\spi_regs.$proc$/workspace/src/spi.sv:311$115'.
Removing empty process `spi_regs.$proc$/workspace/src/spi.sv:311$115'.
Found and cleaned up 2 empty switches in `\spi_regs.$proc$/workspace/src/spi.sv:246$113'.
Removing empty process `spi_regs.$proc$/workspace/src/spi.sv:246$113'.
Found and cleaned up 7 empty switches in `\spi_regs.$proc$/workspace/src/spi.sv:191$104'.
Removing empty process `spi_regs.$proc$/workspace/src/spi.sv:191$104'.
Removing empty process `spi_regs.$proc$/workspace/src/spi.sv:166$98'.
Removing empty process `spi_regs.$proc$/workspace/src/spi.sv:150$96'.
Found and cleaned up 1 empty switch in `\state_machine.$proc$/workspace/src/state_machine.sv:82$95'.
Removing empty process `state_machine.$proc$/workspace/src/state_machine.sv:82$95'.
Removing empty process `state_machine.$proc$/workspace/src/state_machine.sv:77$93'.
Found and cleaned up 7 empty switches in `\state_machine.$proc$/workspace/src/state_machine.sv:44$92'.
Removing empty process `state_machine.$proc$/workspace/src/state_machine.sv:44$92'.
Cleaned up 62 empty switches.

7.12. Executing OPT_EXPR pass (perform const folding).
Optimizing module chip_core.
<suppressed ~3 debug messages>
Optimizing module signal_processor.
<suppressed ~48 debug messages>
Optimizing module wave_controller.
<suppressed ~88 debug messages>
Optimizing module sine_lut.
Optimizing module spi_regs.
<suppressed ~63 debug messages>
Optimizing module state_machine.
<suppressed ~4 debug messages>

8. Executing FLATTEN pass (flatten design).
Keeping chip_core.spi_regs_inst (found keep_hierarchy attribute).
Keeping chip_core.state_machine_inst (found keep_hierarchy attribute).
Keeping chip_core.wave_controller_x_inst (found keep_hierarchy attribute).
Keeping chip_core.wave_controller_y_inst (found keep_hierarchy attribute).
Keeping chip_core.signal_processor_x_inst (found keep_hierarchy attribute).
Keeping chip_core.signal_processor_y_inst (found keep_hierarchy attribute).
Deleting now unused module sine_lut.
<suppressed ~1 debug messages>

9. Executing OPT_CLEAN pass (remove unused cells and wires).
Finding unused cells or wires in module \signal_processor..
Finding unused cells or wires in module \wave_controller..
Finding unused cells or wires in module \chip_core..
Finding unused cells or wires in module \spi_regs..
Finding unused cells or wires in module \state_machine..
Removed 93 unused cells and 572 unused wires.
<suppressed ~118 debug messages>
