[WARNING ORD-0039] .openroad ignored with -python
Top-level design name: wrapper
Block boundaries: 0 0 2235000 1517500
Horizontal Tracks Origin: 560, Count: 1355, Step: 1120
Vertical Tracks Origin: 560, Count: 1995, Step: 1120
Placement details for the E side
Virtual pin count:  78
Actual pin count:  6
Total pin count:  84
Tracks count:  678
Tracks per pin:  8
Used tracks count:  665
Unused track count:  13
Starting track index:  6
Placement details for the S side
Virtual pin count:  0
Actual pin count:  11
Total pin count:  11
Tracks count:  998
Tracks per pin:  90
Used tracks count:  901
Unused track count:  97
Starting track index:  48
