
===========================================================================
report_checks -unconstrained
===========================================================================
======================= min_ff_n40C_5v50 Corner ===================================

Startpoint: rst_n (input port clocked by clk)
Endpoint: signal_processor_y_inst/_248_
          (recovery check against rising-edge clock clk)
Path Group: asynchronous
Path Type: max

Fanout         Cap        Slew       Delay        Time   Description
---------------------------------------------------------------------------------------------
                                  0.000000    0.000000   clock clk (rise edge)
                                  0.000000    0.000000   clock network delay (propagated)
                                 40.000000   40.000000 ^ input external delay
     1    0.003932    0.072881    0.026500   40.026501 ^ rst_n (in)
                                                         rst_n (net)
                      0.072881    0.000000   40.026501 ^ input5/I (gf180mcu_fd_sc_mcu7t5v0__buf_1)
     1    0.010119    0.141702    0.168797   40.195297 ^ input5/Z (gf180mcu_fd_sc_mcu7t5v0__buf_1)
                                                         net5 (net)
                      0.141702    0.000270   40.195568 ^ fanout627/I (gf180mcu_fd_sc_mcu7t5v0__dlyb_1)
     3    0.059545    0.665429    0.869381   41.064949 ^ fanout627/Z (gf180mcu_fd_sc_mcu7t5v0__dlyb_1)
                                                         net627 (net)
                      0.665515    0.004281   41.069229 ^ fanout570/I (gf180mcu_fd_sc_mcu7t5v0__dlyb_1)
     5    0.071621    0.793673    0.948255   42.017483 ^ fanout570/Z (gf180mcu_fd_sc_mcu7t5v0__dlyb_1)
                                                         net570 (net)
                      0.793727    0.003709   42.021194 ^ fanout547/I (gf180mcu_fd_sc_mcu7t5v0__dlyb_1)
     9    0.093628    1.027894    1.079897   43.101089 ^ fanout547/Z (gf180mcu_fd_sc_mcu7t5v0__dlyb_1)
                                                         net547 (net)
                      1.027894    0.000785   43.101875 ^ fanout546/I (gf180mcu_fd_sc_mcu7t5v0__dlyb_1)
     5    0.046017    0.522844    0.771333   43.873207 ^ fanout546/Z (gf180mcu_fd_sc_mcu7t5v0__dlyb_1)
                                                         net546 (net)
                      0.522849    0.000924   43.874134 ^ fanout544/I (gf180mcu_fd_sc_mcu7t5v0__dlyb_1)
    10    0.090691    0.996519    1.074241   44.948372 ^ fanout544/Z (gf180mcu_fd_sc_mcu7t5v0__dlyb_1)
                                                         net544 (net)
                      0.996519    0.000938   44.949310 ^ signal_processor_y_inst/fanout543/I (gf180mcu_fd_sc_mcu7t5v0__dlyb_1)
    10    0.088366    0.972785    1.037833   45.987144 ^ signal_processor_y_inst/fanout543/Z (gf180mcu_fd_sc_mcu7t5v0__dlyb_1)
                                                         signal_processor_y_inst/net543 (net)
                      0.972803    0.002373   45.989517 ^ signal_processor_y_inst/_248_/RN (gf180mcu_fd_sc_mcu7t5v0__dffrnq_1)
                                             45.989517   data arrival time

                                200.000000  200.000000   clock clk (rise edge)
                                  0.000000  200.000000   clock source latency
     1    0.078503    0.229294    0.133468  200.133469 ^ clk (in)
                                                         clk (net)
                      0.230541    0.000000  200.133469 ^ clkbuf_0_clk/I (gf180mcu_fd_sc_mcu7t5v0__clkbuf_16)
     8    0.323653    0.236867    0.294960  200.428421 ^ clkbuf_0_clk/Z (gf180mcu_fd_sc_mcu7t5v0__clkbuf_16)
                                                         clknet_0_clk (net)
                      0.238915    0.012790  200.441208 ^ clkbuf_3_0__f_clk/I (gf180mcu_fd_sc_mcu7t5v0__clkbuf_16)
     7    0.125860    0.118468    0.225199  200.666412 ^ clkbuf_3_0__f_clk/Z (gf180mcu_fd_sc_mcu7t5v0__clkbuf_16)
                                                         clknet_3_0__leaf_clk (net)
                      0.118470    0.000966  200.667374 ^ clkbuf_leaf_0_clk/I (gf180mcu_fd_sc_mcu7t5v0__clkbuf_8)
    13    0.064794    0.118131    0.197119  200.864502 ^ clkbuf_leaf_0_clk/Z (gf180mcu_fd_sc_mcu7t5v0__clkbuf_8)
                                                         clknet_leaf_0_clk (net)
                      0.118131    0.000085  200.864578 ^ signal_processor_y_inst/_248_/CLK (gf180mcu_fd_sc_mcu7t5v0__dffrnq_1)
                                 -0.250000  200.614578   clock uncertainty
                                  0.000000  200.614578   clock reconvergence pessimism
                                 -0.108508  200.506073   library recovery time
                                            200.506073   data required time
---------------------------------------------------------------------------------------------
                                            200.506073   data required time
                                            -45.989517   data arrival time
---------------------------------------------------------------------------------------------
                                            154.516556   slack (MET)


Startpoint: analog[0] (input port clocked by clk)
Endpoint: analog[2] (output port clocked by clk)
Path Group: clk
Path Type: max

Fanout         Cap        Slew       Delay        Time   Description
---------------------------------------------------------------------------------------------
                                  0.000000    0.000000   clock clk (rise edge)
                                  0.000000    0.000000   clock network delay (propagated)
                                 40.000000   40.000000 ^ input external delay
     2    0.081170    0.895063    0.518806   40.518806 ^ analog[0] (inout)
                                                         analog[0] (net)
                      0.895063    0.000000   40.518806 ^ analog_block_inst/analog_readout_inst/_0_/A1 (gf180mcu_fd_sc_mcu7t5v0__and2_1)
     4    0.112059    1.230066    0.924381   41.443188 ^ analog_block_inst/analog_readout_inst/_0_/Z (gf180mcu_fd_sc_mcu7t5v0__and2_1)
                                                         analog[1] (net)
                      1.230066    0.000586   41.443775 ^ analog_block_inst/analog_wave_mixer_x_inst/_0_/A2 (gf180mcu_fd_sc_mcu7t5v0__and2_1)
     3    0.088070    0.975907    0.739160   42.182934 ^ analog_block_inst/analog_wave_mixer_x_inst/_0_/Z (gf180mcu_fd_sc_mcu7t5v0__and2_1)
                                                         analog[2] (net)
                      0.975911    0.001123   42.184055 ^ analog[2] (inout)
                                             42.184055   data arrival time

                                200.000000  200.000000   clock clk (rise edge)
                                  0.000000  200.000000   clock network delay (propagated)
                                 -0.250000  199.750000   clock uncertainty
                                  0.000000  199.750000   clock reconvergence pessimism
                                -40.000000  159.749985   output external delay
                                            159.749985   data required time
---------------------------------------------------------------------------------------------
                                            159.749985   data required time
                                            -42.184055   data arrival time
---------------------------------------------------------------------------------------------
                                            117.565933   slack (MET)




===========================================================================
report_checks --slack_max -0.01
============================================================================
======================= min_ff_n40C_5v50 Corner ===================================

No paths found.


===========================================================================
 report_check_types -max_slew -max_cap -max_fanout -violators
============================================================================
======================= min_ff_n40C_5v50 Corner ===================================

max fanout

Pin                                   Limit Fanout  Slack
---------------------------------------------------------
clkbuf_leaf_17_clk/Z                     10     14     -4 (VIOLATED)
clkbuf_leaf_36_clk/Z                     10     14     -4 (VIOLATED)
clkbuf_leaf_0_clk/Z                      10     13     -3 (VIOLATED)
clkbuf_leaf_12_clk/Z                     10     13     -3 (VIOLATED)
clkbuf_leaf_13_clk/Z                     10     13     -3 (VIOLATED)
clkbuf_leaf_14_clk/Z                     10     13     -3 (VIOLATED)
clkbuf_leaf_1_clk/Z                      10     13     -3 (VIOLATED)
clkbuf_leaf_28_clk/Z                     10     13     -3 (VIOLATED)
clkbuf_leaf_37_clk/Z                     10     13     -3 (VIOLATED)
clkbuf_leaf_3_clk/Z                      10     13     -3 (VIOLATED)
clkbuf_leaf_4_clk/Z                      10     13     -3 (VIOLATED)
clkbuf_leaf_5_clk/Z                      10     13     -3 (VIOLATED)
clkbuf_leaf_6_clk/Z                      10     13     -3 (VIOLATED)
clkbuf_leaf_7_clk/Z                      10     13     -3 (VIOLATED)
clkbuf_leaf_8_clk/Z                      10     13     -3 (VIOLATED)
clkbuf_leaf_15_clk/Z                     10     12     -2 (VIOLATED)
clkbuf_leaf_16_clk/Z                     10     12     -2 (VIOLATED)
clkbuf_leaf_20_clk/Z                     10     12     -2 (VIOLATED)
clkbuf_leaf_2_clk/Z                      10     12     -2 (VIOLATED)
clkbuf_leaf_34_clk/Z                     10     12     -2 (VIOLATED)
clkbuf_leaf_38_clk/Z                     10     12     -2 (VIOLATED)
clkbuf_leaf_46_clk/Z                     10     12     -2 (VIOLATED)
clkbuf_leaf_50_clk/Z                     10     12     -2 (VIOLATED)
clkbuf_leaf_9_clk/Z                      10     11        (VIOLATED)

max capacitance

Pin                                        Limit         Cap       Slack
------------------------------------------------------------------------
clkbuf_0_clk/Z                          0.200000    0.323653   -0.123653 (VIOLATED)



===========================================================================
report_parasitic_annotation -report_unannotated
============================================================================
Found 50 unannotated drivers.
 bidir_in[3]
 bidir_in[4]
 bidir_in[5]
 bidir_in[6]
 bidir_in[7]
 bidir_in[8]
 bidir_in[9]
 _83_/Z
 _84_/Z
 _85_/Z
 _86_/Z
 clkload0/Z
 clkload1/Z
 clkload10/ZN
 clkload11/ZN
 clkload12/ZN
 clkload13/ZN
 clkload14/ZN
 clkload15/Z
 clkload16/ZN
 clkload17/ZN
 clkload18/ZN
 clkload19/ZN
 clkload2/Z
 clkload20/ZN
 clkload21/ZN
 clkload22/Z
 clkload23/ZN
 clkload24/Z
 clkload25/ZN
 clkload26/ZN
 clkload27/ZN
 clkload28/ZN
 clkload29/ZN
 clkload3/Z
 clkload30/ZN
 clkload31/ZN
 clkload32/ZN
 clkload33/ZN
 clkload34/ZN
 clkload35/ZN
 clkload36/ZN
 clkload4/ZN
 clkload5/ZN
 clkload6/ZN
 clkload7/Z
 clkload8/Z
 clkload9/Z
 wave_controller_x_inst\/_3725_/Q
 wave_controller_y_inst\/_3725_/Q
Found 0 partially unannotated drivers.

===========================================================================
max slew violation count 0
max fanout violation count 24
max cap violation count 1
============================================================================

===========================================================================
check_setup -verbose -unconstrained_endpoints -multiple_clock -no_clock -no_input_delay -loops -generated_clocks
===========================================================================
Warning: There is 1 unconstrained endpoint.
  analog[0]
