Reading timing models for corner nom_tt_025C_5v00…
Reading timing library for the 'nom_tt_025C_5v00' corner at '/workspace/gf180mcu/gf180mcuD/libs.ref/gf180mcu_fd_sc_mcu7t5v0/lib/gf180mcu_fd_sc_mcu7t5v0__tt_025C_5v00.lib'…
Reading timing library for the 'nom_tt_025C_5v00' corner at '/workspace/gf180mcu/gf180mcuD/libs.ref/gf180mcu_fd_io/lib/gf180mcu_fd_io__tt_025C_5v00.lib'…
Reading timing library for the 'nom_tt_025C_5v00' corner at '/workspace/gf180mcu/gf180mcuD/libs.ref/gf180mcu_fd_io/lib/gf180mcu_ws_io__tt_025C_5v00.lib'…
Reading OpenROAD database at '/workspace/librelane/runs/RUN_2026-08-03_06-58-25/39-openroad-globalrouting/chip_core.odb'…
[WARNING ORD-2001] LEF macro gf180mcu_ef_io__bi_t pin ANA missing from liberty cell.
Reading design constraints file at '/usr/local/lib/python3.12/dist-packages/librelane/scripts/base.sdc'…
[INFO] Using clock clk…
[INFO] Setting output delay to: 40
[INFO] Setting input delay to: 40
[INFO] Setting load to: 0.07291
[INFO] Setting clock uncertainty to: 0.25
[INFO] Setting clock transition to: 0.15
[INFO] Setting timing derate to: 5%
+ repair_antennas gf180mcu_fd_sc_mcu7t5v0__antenna -iterations 3 -ratio_margin 10 -allow_congestion
[INFO GRT-0012] Found 6 antenna violations.
[INFO GRT-0302] Inserted 6 jumpers for 6 nets.
[INFO GRT-0012] Found 0 antenna violations.
Setting global connections for newly added cells…
[INFO] Setting global connections...
[INFO ODB-0403] 0 connections made, 0 conflicts skipped.
Updating metrics…
Cell type report:                       Count       Area
  Endcap cell                             334    1466.39
  Tap cell                               2790   12249.22
  Tie cell                                121    1062.48
  Buffer                                   25     329.28
  Clock buffer                             83    4816.27
  Timing Repair Buffer                    641   17969.91
  Inverter                                395    3468.42
  Clock inverter                           29     487.33
  Sequential cell                         568   42191.74
  Multi-Input combinational cell         4296   81718.52
  Total                                  9282  165759.55
Writing OpenROAD database to '/workspace/librelane/runs/RUN_2026-08-03_06-58-25/42-openroad-repairantennas/1-openroad-diodeinsertion/chip_core.odb'…
Writing layout to '/workspace/librelane/runs/RUN_2026-08-03_06-58-25/42-openroad-repairantennas/1-openroad-diodeinsertion/chip_core.def'…
