
===========================================================================
 report_power
============================================================================
======================= nom_tt_025C_3v30 Corner ===================================

Group                    Internal    Switching      Leakage        Total
                            Power        Power        Power        Power (Watts)
------------------------------------------------------------------------
Sequential           6.574145e-04 7.630851e-06 1.117711e-07 6.651571e-04  48.0%
Combinational        2.560569e-05 3.168853e-05 3.774875e-07 5.767170e-05   4.2%
Clock                3.514368e-04 3.115983e-04 5.347846e-07 6.635699e-04  47.9%
Macro                0.000000e+00 0.000000e+00 0.000000e+00 0.000000e+00   0.0%
Pad                  0.000000e+00 0.000000e+00 0.000000e+00 0.000000e+00   0.0%
------------------------------------------------------------------------
Total                1.034457e-03 3.509177e-04 1.024052e-06 1.386399e-03 100.0%
                            74.6%        25.3%         0.1%

