Reading timing models for corner nom_tt_025C_5v00…
Reading timing library for the 'nom_tt_025C_5v00' corner at '/workspace/gf180mcu/gf180mcuD/libs.ref/gf180mcu_fd_sc_mcu7t5v0/lib/gf180mcu_fd_sc_mcu7t5v0__tt_025C_5v00.lib'…
Reading timing library for the 'nom_tt_025C_5v00' corner at '/workspace/gf180mcu/gf180mcuD/libs.ref/gf180mcu_fd_io/lib/gf180mcu_fd_io__tt_025C_5v00.lib'…
Reading timing library for the 'nom_tt_025C_5v00' corner at '/workspace/gf180mcu/gf180mcuD/libs.ref/gf180mcu_fd_io/lib/gf180mcu_ws_io__tt_025C_5v00.lib'…
Reading OpenROAD database at '/workspace/librelane/runs/RUN_2026-08-09_19-31-35/32-openroad-repairdesignpostgpl/chip_core.odb'…
[WARNING ORD-2001] LEF macro gf180mcu_ef_io__bi_t pin ANA missing from liberty cell.
Reading design constraints file at '/usr/local/lib/python3.12/dist-packages/librelane/scripts/base.sdc'…
[INFO] Using clock clk…
[INFO] Setting output delay to: 40
[INFO] Setting input delay to: 40
[INFO] Setting load to: 0.07291
[INFO] Setting clock uncertainty to: 0.25
[INFO] Setting clock transition to: 0.15
[INFO] Setting timing derate to: 5%
+ detailed_placement -max_displacement  500 100 
Placement Analysis
---------------------------------
total displacement          0.0 u
average displacement        0.0 u
max displacement            0.0 u
original HPWL          294750.9 u
legalized HPWL         300078.9 u
delta HPWL                    2 %

[INFO DPL-0020] Mirrored 2320 instances
[INFO DPL-0021] HPWL before          300078.9 u
[INFO DPL-0022] HPWL after           294750.9 u
[INFO DPL-0023] HPWL delta               -1.8 %
Setting global connections for newly added cells…
[INFO] Setting global connections...
[INFO ODB-0403] 0 connections made, 0 conflicts skipped.
Updating metrics…
Cell type report:                       Count       Area
  Endcap cell                             336    1475.17
  Tap cell                               2339   10269.15
  Tie cell                                 61     535.63
  Buffer                                   16     210.74
  Timing Repair Buffer                    628   16556.20
  Inverter                                446    3916.24
  Sequential cell                         561   41851.49
  Multi-Input combinational cell         4202   83970.79
  Total                                  8589  158785.40
Writing OpenROAD database to '/workspace/librelane/runs/RUN_2026-08-09_19-31-35/34-openroad-detailedplacement/chip_core.odb'…
Writing netlist to '/workspace/librelane/runs/RUN_2026-08-09_19-31-35/34-openroad-detailedplacement/chip_core.nl.v'…
Writing powered netlist to '/workspace/librelane/runs/RUN_2026-08-09_19-31-35/34-openroad-detailedplacement/chip_core.pnl.v'…
Writing layout to '/workspace/librelane/runs/RUN_2026-08-09_19-31-35/34-openroad-detailedplacement/chip_core.def'…
Writing timing constraints to '/workspace/librelane/runs/RUN_2026-08-09_19-31-35/34-openroad-detailedplacement/chip_core.sdc'…
