
===========================================================================
 report_power
============================================================================
======================= nom_tt_025C_3v30 Corner ===================================

Group                    Internal    Switching      Leakage        Total
                            Power        Power        Power        Power (Watts)
------------------------------------------------------------------------
Sequential           2.787223e-04 5.742842e-05 2.546512e-08 3.361762e-04  20.8%
Combinational        4.538502e-04 8.260945e-04 9.801532e-08 1.280043e-03  79.2%
Clock                0.000000e+00 0.000000e+00 2.470043e-08 2.470043e-08   0.0%
Macro                0.000000e+00 0.000000e+00 0.000000e+00 0.000000e+00   0.0%
Pad                  0.000000e+00 0.000000e+00 0.000000e+00 0.000000e+00   0.0%
------------------------------------------------------------------------
Total                7.325723e-04 8.835228e-04 1.481849e-07 1.616243e-03 100.0%
                            45.3%        54.7%         0.0%
Writing metric power__internal__total: 0.0007325722835958004
Writing metric power__switching__total: 0.0008835227927193046
Writing metric power__leakage__total: 1.4818485283285554e-7
Writing metric power__total: 0.0016162432730197906

