
 /----------------------------------------------------------------------------\
 |  yosys -- Yosys Open SYnthesis Suite                                       |
 |  Copyright (C) 2012 - 2026  Claire Xenia Wolf <claire@yosyshq.com>         |
 |  Distributed under an ISC-like license, type "license" to see terms        |
 \----------------------------------------------------------------------------/
 Yosys 0.67 (git sha1 2d1509d1b, Release, GNU /usr/bin/c++ 13.3.0)

-- Running command `
                    verilog_defines -DUSE_POWER_PINS;
read_verilog -sv -lib /workspace/librelane/runs/RUN_2026-08-09_23-45-37/tmp/cf3250e294aa44e9aa3a8a70940350fb.bb.v;

                    blackbox;
                    write_verilog -noattr -noexpr -nohex -nodec -defparam -blackboxes /workspace/librelane/runs/RUN_2026-08-09_23-45-37/tmp/cf3250e294aa44e9aa3a8a70940350fb.bb.v;
                    ' --

1. Executing Verilog-2005 frontend: /workspace/librelane/runs/RUN_2026-08-09_23-45-37/tmp/cf3250e294aa44e9aa3a8a70940350fb.bb.v
Parsing SystemVerilog input from `/workspace/librelane/runs/RUN_2026-08-09_23-45-37/tmp/cf3250e294aa44e9aa3a8a70940350fb.bb.v' to AST representation.
Generating RTLIL representation for module `\gf180mcu_fd_io__asig_5p0'.
Generating RTLIL representation for module `\gf180mcu_fd_io__bi_24t'.
Generating RTLIL representation for module `\gf180mcu_fd_io__bi_t'.
Generating RTLIL representation for module `\gf180mcu_fd_io__brk2'.
Generating RTLIL representation for module `\gf180mcu_fd_io__brk5'.
Generating RTLIL representation for module `\gf180mcu_fd_io__cor'.
Generating RTLIL representation for module `\gf180mcu_fd_io__dvdd'.
Generating RTLIL representation for module `\gf180mcu_fd_io__dvss'.
Generating RTLIL representation for module `\gf180mcu_fd_io__fill1'.
Generating RTLIL representation for module `\gf180mcu_fd_io__fill5'.
Generating RTLIL representation for module `\gf180mcu_fd_io__fill10'.
Generating RTLIL representation for module `\gf180mcu_fd_io__fillnc'.
Generating RTLIL representation for module `\gf180mcu_fd_io__in_c'.
Generating RTLIL representation for module `\gf180mcu_fd_io__in_s'.
Generating RTLIL representation for module `\gf180mcu_ws_io__dvdd'.
Generating RTLIL representation for module `\gf180mcu_ws_io__dvss'.
Generating RTLIL representation for module `\gf180mcu_ef_io__bi_t'.
Successfully finished Verilog frontend.

2. Executing Verilog backend.
Dumping module `\gf180mcu_ef_io__bi_t'.
Dumping module `\gf180mcu_fd_io__asig_5p0'.
Dumping module `\gf180mcu_fd_io__bi_24t'.
Dumping module `\gf180mcu_fd_io__bi_t'.
Dumping module `\gf180mcu_fd_io__brk2'.
Dumping module `\gf180mcu_fd_io__brk5'.
Dumping module `\gf180mcu_fd_io__cor'.
Dumping module `\gf180mcu_fd_io__dvdd'.
Dumping module `\gf180mcu_fd_io__dvss'.
Dumping module `\gf180mcu_fd_io__fill1'.
Dumping module `\gf180mcu_fd_io__fill10'.
Dumping module `\gf180mcu_fd_io__fill5'.
Dumping module `\gf180mcu_fd_io__fillnc'.
Dumping module `\gf180mcu_fd_io__in_c'.
Dumping module `\gf180mcu_fd_io__in_s'.
Dumping module `\gf180mcu_ws_io__dvdd'.
Dumping module `\gf180mcu_ws_io__dvss'.

End of script. Logfile hash: 5ed516cc44, time: 0.03s, user: 0.02s, system: 0.02s, MEM: 48.07 MB peak
Yosys 0.67 (git sha1 2d1509d1b, Release, GNU /usr/bin/c++ 13.3.0)
Time spent: 74% 2x read_verilog (0 sec), 14% 2x write_verilog (0 sec), ...
