Reading timing models for corner nom_tt_025C_3v30…
Reading timing library for the 'nom_tt_025C_3v30' corner at '/foss/pdks/gf180mcuD/libs.ref/gf180mcu_fd_sc_mcu7t5v0/lib/gf180mcu_fd_sc_mcu7t5v0__tt_025C_3v30.lib'…
Reading OpenROAD database at '/workspace/librelane/runs/RUN_2026-08-09_20-16-44/24-openroad-globalplacementskipio/chip_core.odb'…
Reading design constraints file at '/usr/local/lib/python3.12/dist-packages/librelane/scripts/base.sdc'…
[INFO] Using clock clk…
[INFO] Setting output delay to: 40
[INFO] Setting input delay to: 40
[INFO] Setting load to: 0.07291
[INFO] Setting clock uncertainty to: 0.25
[INFO] Setting clock transition to: 0.15
[INFO] Setting timing derate to: 5%
+ place_pins -hor_layers Metal3 -ver_layers Metal2
Found 1 macro blocks.
Using 2 tracks default min distance between IO pins.
[INFO PPL-0001] Number of available slots 3236
[INFO PPL-0002] Number of I/O             89
[INFO PPL-0003] Number of I/O w/sink      82
[INFO PPL-0004] Number of I/O w/o sink    7
[INFO PPL-0005] Slots per section         200
[INFO PPL-0008] Successfully assigned pins to sections.
[INFO PPL-0012] I/O nets HPWL: 8091.07 um.
Setting global connections for newly added cells…
[INFO] Setting global connections...
analog_block_inst matched with analog_block_inst
[INFO ODB-0403] 0 connections made, 0 conflicts skipped.
Updating metrics…
Cell type report:                       Count       Area
  Macro                                     1  105600.00
  Endcap cell                             566    2484.97
  Tap cell                               4364   19159.71
  Tie cell                                 61     535.63
  Buffer                                   16     210.74
  Inverter                                416    3652.81
  Sequential cell                         559   41724.17
  Multi-Input combinational cell         4185   83595.41
  Total                                 10168  256963.43
Writing OpenROAD database to '/workspace/librelane/runs/RUN_2026-08-09_20-16-44/25-openroad-ioplacement/chip_core.odb'…
Writing netlist to '/workspace/librelane/runs/RUN_2026-08-09_20-16-44/25-openroad-ioplacement/chip_core.nl.v'…
Writing powered netlist to '/workspace/librelane/runs/RUN_2026-08-09_20-16-44/25-openroad-ioplacement/chip_core.pnl.v'…
Writing layout to '/workspace/librelane/runs/RUN_2026-08-09_20-16-44/25-openroad-ioplacement/chip_core.def'…
Writing timing constraints to '/workspace/librelane/runs/RUN_2026-08-09_20-16-44/25-openroad-ioplacement/chip_core.sdc'…
