Reading timing models for corner nom_tt_025C_5v00…
Reading timing library for the 'nom_tt_025C_5v00' corner at '/workspace/gf180mcu/gf180mcuD/libs.ref/gf180mcu_fd_sc_mcu7t5v0/lib/gf180mcu_fd_sc_mcu7t5v0__tt_025C_5v00.lib'…
Reading timing library for the 'nom_tt_025C_5v00' corner at '/workspace/gf180mcu/gf180mcuD/libs.ref/gf180mcu_fd_io/lib/gf180mcu_fd_io__tt_025C_5v00.lib'…
Reading timing library for the 'nom_tt_025C_5v00' corner at '/workspace/gf180mcu/gf180mcuD/libs.ref/gf180mcu_fd_io/lib/gf180mcu_ws_io__tt_025C_5v00.lib'…
Reading OpenROAD database at '/workspace/librelane/runs/RUN_2026-08-03_06-58-25/19-openroad-tapendcapinsertion/chip_core.odb'…
[WARNING ORD-2001] LEF macro gf180mcu_ef_io__bi_t pin ANA missing from liberty cell.
Reading design constraints file at '/usr/local/lib/python3.12/dist-packages/librelane/scripts/base.sdc'…
[INFO] Using clock clk…
[INFO] Setting output delay to: 40
[INFO] Setting input delay to: 40
[INFO] Setting load to: 0.07291
[INFO] Setting clock uncertainty to: 0.25
[INFO] Setting clock transition to: 0.15
[INFO] Setting timing derate to: 5%
[INFO] Setting global connections...
[INFO ODB-0403] 0 connections made, 0 conflicts skipped.
+ pdngen 
[INFO PDN-0001] Inserting grid: stdcell_grid
Setting global connections for newly added cells…
[INFO] Setting global connections...
[INFO ODB-0403] 0 connections made, 0 conflicts skipped.
Updating metrics…
Cell type report:                       Count       Area
  Endcap cell                             334    1466.39
  Tap cell                               2790   12249.22
  Tie cell                                121    1062.48
  Buffer                                   25     329.28
  Inverter                                395    3468.42
  Sequential cell                         568   42191.74
  Multi-Input combinational cell         4296   81624.12
  Total                                  8529  142391.65
Writing OpenROAD database to '/workspace/librelane/runs/RUN_2026-08-03_06-58-25/21-openroad-generatepdn/chip_core.odb'…
Writing netlist to '/workspace/librelane/runs/RUN_2026-08-03_06-58-25/21-openroad-generatepdn/chip_core.nl.v'…
Writing powered netlist to '/workspace/librelane/runs/RUN_2026-08-03_06-58-25/21-openroad-generatepdn/chip_core.pnl.v'…
Writing layout to '/workspace/librelane/runs/RUN_2026-08-03_06-58-25/21-openroad-generatepdn/chip_core.def'…
Writing timing constraints to '/workspace/librelane/runs/RUN_2026-08-03_06-58-25/21-openroad-generatepdn/chip_core.sdc'…
[INFO PSM-0040] All shapes on net VDD are connected.
[INFO PSM-0040] All shapes on net VSS are connected.
