Clock: clk
Sources: clk 
Generated: no
Virtual: no
Propagated: no
Period: 200.000000

===========================================================================
report_clock_properties
============================================================================
Clock                   Period          Waveform
----------------------------------------------------
clk                 200.000000    0.000000100.000000

===========================================================================
report_clock_latency
============================================================================
Clock clk
rise -> rise
    min     max
0.000000 0.000000 source latency
0.914967         network latency _3651_/CLK
        0.914967 network latency _3651_/CLK
---------------
0.914967 0.914967 latency
        0.000000 skew

fall -> fall
    min     max
0.000000 0.000000 source latency
0.520409         network latency _3651_/CLK
        0.520409 network latency _3651_/CLK
---------------
0.520409 0.520409 latency
        0.000000 skew



===========================================================================
report_clock_min_period
============================================================================
clk period_min = 1.19 fmax = 838.51
