
===========================================================================
 report_power
============================================================================
======================= min_ff_n40C_3v60 Corner ===================================

Group                    Internal    Switching      Leakage        Total
                            Power        Power        Power        Power (Watts)
------------------------------------------------------------------------
Sequential           2.347540e-04 6.004170e-05 2.969806e-08 2.948254e-04  16.9%
Combinational        5.524551e-04 8.930130e-04 1.165695e-07 1.445585e-03  83.1%
Clock                0.000000e+00 0.000000e+00 0.000000e+00 0.000000e+00   0.0%
Macro                0.000000e+00 0.000000e+00 0.000000e+00 0.000000e+00   0.0%
Pad                  0.000000e+00 0.000000e+00 0.000000e+00 0.000000e+00   0.0%
------------------------------------------------------------------------
Total                7.872095e-04 9.530546e-04 1.462676e-07 1.740410e-03 100.0%
                            45.2%        54.8%         0.0%

