Clock: clk
Sources: clk 
Generated: no
Virtual: yes
Propagated: no
Period: 200.000000

===========================================================================
report_clock_properties
============================================================================
Clock                   Period          Waveform
----------------------------------------------------
clk                 200.000000    0.000000100.000000

===========================================================================
report_clock_latency
============================================================================
Clock clk
rise -> rise
    min     max
0.000000 0.000000 source latency
1.310277         network latency _3688_/CLK
        1.345846 network latency _3677_/CLK
---------------
1.310277 1.345846 latency
        0.035569 skew

fall -> fall
    min     max
0.000000 0.000000 source latency
1.204391         network latency _3688_/CLK
        1.241716 network latency _3677_/CLK
---------------
1.204391 1.241716 latency
        0.037325 skew



===========================================================================
report_clock_min_period
============================================================================
clk period_min = 22.52 fmax = 44.40
