Reading timing models for corner nom_tt_025C_3v30…
Reading timing library for the 'nom_tt_025C_3v30' corner at '/foss/pdks/gf180mcuD/libs.ref/gf180mcu_fd_sc_mcu7t5v0/lib/gf180mcu_fd_sc_mcu7t5v0__tt_025C_3v30.lib'…
Reading OpenROAD database at '/workspace/librelane/runs/RUN_2026-09-02_02-09-59/42-odb-diodesonports/3-openroad-globalrouting/B18_Probton.odb'…
Reading design constraints file at '/usr/local/lib/python3.12/dist-packages/librelane/scripts/base.sdc'…
[INFO] Using clock clk…
[INFO] Setting output delay to: 40
[INFO] Setting input delay to: 40
[INFO] Setting load to: 0.07291
[INFO] Setting clock uncertainty to: 0.25
[INFO] Setting clock transition to: 0.15
[INFO] Setting timing derate to: 5%
+ repair_antennas gf180mcu_fd_sc_mcu7t5v0__antenna -iterations 3 -ratio_margin 10
[INFO GRT-0012] Found 7 antenna violations.
[INFO GRT-0302] Inserted 7 jumpers for 6 nets.
[INFO GRT-0012] Found 1 antenna violations.
[INFO GRT-0015] Inserted 1 diodes.
[INFO GRT-0012] Found 5 antenna violations.
[INFO GRT-0302] Inserted 5 jumpers for 5 nets.
[INFO GRT-0012] Found 0 antenna violations.
Setting global connections for newly added cells…
[INFO] Setting global connections...
[INFO ODB-0403] 4 connections made, 0 conflicts skipped.
Updating metrics…
Cell type report:                       Count       Area
  Endcap cell                             502    2203.98
  Tap cell                               6327   27778.06
  Antenna cell                              8      35.12
  Tie cell                                 93     816.61
  Clock buffer                            118    6155.34
  Timing Repair Buffer                   2814   62427.10
  Inverter                                427    4030.39
  Clock inverter                           16     259.03
  Sequential cell                         566   43192.76
  Multi-Input combinational cell         5670  127962.60
  Total                                 16541  274860.99
Writing OpenROAD database to '/workspace/librelane/runs/RUN_2026-09-02_02-09-59/43-openroad-repairantennas/1-openroad-diodeinsertion/B18_Probton.odb'…
Writing layout to '/workspace/librelane/runs/RUN_2026-09-02_02-09-59/43-openroad-repairantennas/1-openroad-diodeinsertion/B18_Probton.def'…
