Reading timing models for corner nom_tt_025C_3v30…
Reading timing library for the 'nom_tt_025C_3v30' corner at '/foss/pdks/gf180mcuD/libs.ref/gf180mcu_fd_sc_mcu7t5v0/lib/gf180mcu_fd_sc_mcu7t5v0__tt_025C_3v30.lib'…
Reading OpenROAD database at '/workspace/librelane/runs/RUN_2026-08-10_00-21-44/48-odb-reportdisconnectedpins/wave_controller.odb'…
Reading design constraints file at '/usr/local/lib/python3.12/dist-packages/librelane/scripts/base.sdc'…
[INFO] Using clock clk…
[INFO] Setting output delay to: 40
[INFO] Setting input delay to: 40
[INFO] Setting load to: 0.07291
[INFO] Setting clock uncertainty to: 0.25
[INFO] Setting clock transition to: 0.15
[INFO] Setting timing derate to: 5%
gf180mcu_fd_sc_mcu7t5v0__fillcap_* gf180mcu_fd_sc_mcu7t5v0__fill_*
[INFO DPL-0001] Placed 3665 filler instances.
Setting global connections for newly added cells…
[INFO] Setting global connections...
[INFO ODB-0403] 14660 connections made, 0 conflicts skipped.
Updating metrics…
Cell type report:                       Count       Area
  Endcap cell                             194     851.74
  Fill cell                              3665   77747.40
  Tap cell                                940    4126.98
  Buffer                                    2      26.34
  Clock buffer                             32    1286.39
  Timing Repair Buffer                    663   12899.00
  Inverter                                187    1773.72
  Sequential cell                         129   10036.45
  Multi-Input combinational cell         1669   35834.44
  Total                                  7481  144582.46
Writing OpenROAD database to '/workspace/librelane/runs/RUN_2026-08-10_00-21-44/52-openroad-fillinsertion/wave_controller.odb'…
Writing netlist to '/workspace/librelane/runs/RUN_2026-08-10_00-21-44/52-openroad-fillinsertion/wave_controller.nl.v'…
Writing powered netlist to '/workspace/librelane/runs/RUN_2026-08-10_00-21-44/52-openroad-fillinsertion/wave_controller.pnl.v'…
Writing layout to '/workspace/librelane/runs/RUN_2026-08-10_00-21-44/52-openroad-fillinsertion/wave_controller.def'…
Writing timing constraints to '/workspace/librelane/runs/RUN_2026-08-10_00-21-44/52-openroad-fillinsertion/wave_controller.sdc'…
