Reading timing models for corner nom_tt_025C_3v30…
Reading timing library for the 'nom_tt_025C_3v30' corner at '/foss/pdks/gf180mcuD/libs.ref/gf180mcu_fd_sc_mcu7t5v0/lib/gf180mcu_fd_sc_mcu7t5v0__tt_025C_3v30.lib'…
Reading OpenROAD database at '/workspace/librelane/runs/RUN_2026-08-10_10-35-54/41-odb-diodesonports/2-openroad-detailedplacement/wrapper.odb'…
Reading design constraints file at '/usr/local/lib/python3.12/dist-packages/librelane/scripts/base.sdc'…
[INFO] Using clock clk…
[INFO] Setting output delay to: 40
[INFO] Setting input delay to: 40
[INFO] Setting load to: 0.07291
[INFO] Setting clock uncertainty to: 0.25
[INFO] Setting clock transition to: 0.15
[INFO] Setting timing derate to: 5%
[INFO] Setting signal min routing layer to: Metal2 and clock min routing layer to Metal2. 
[INFO] Setting signal max routing layer to: Metal4 and clock max routing layer to Metal4. 
+ global_route -congestion_iterations 50 -verbose
[INFO GRT-0020] Min routing layer: Metal2
[INFO GRT-0021] Max routing layer: Metal4
[INFO GRT-0022] Global adjustment: 30%
[INFO GRT-0023] Grid origin: (0, 0)
[INFO GRT-0088] Layer Metal1  Track-Pitch = 0.5600  line-2-Via Pitch: 0.4750
[INFO GRT-0088] Layer Metal2  Track-Pitch = 0.5600  line-2-Via Pitch: 0.5600
[INFO GRT-0088] Layer Metal3  Track-Pitch = 0.5600  line-2-Via Pitch: 0.5600
[INFO GRT-0088] Layer Metal4  Track-Pitch = 0.5600  line-2-Via Pitch: 0.5600
[INFO GRT-0003] Macros: 1
[INFO GRT-0004] Blockages: 2
[INFO GRT-0019] Found 75 clock nets.
[INFO GRT-0001] Minimum degree: 2
[INFO GRT-0002] Maximum degree: 15

[INFO GRT-0053] Routing resources analysis:
          Routing      Original      Derated      Resource
Layer     Direction    Resources     Resources    Reduction (%)
---------------------------------------------------------------
Metal1     Horizontal          0             0          0.00%
Metal2     Vertical       149817         99930          33.30%
Metal3     Horizontal     153054        102094          33.30%
Metal4     Vertical       173243        115554          33.30%
---------------------------------------------------------------

[INFO GRT-0101] Running extra iterations to remove overflow.
[INFO GRT-0102] Start extra iteration 1/50
[INFO GRT-0102] Start extra iteration 2/50
[INFO GRT-0102] Start extra iteration 3/50
[INFO GRT-0102] Start extra iteration 4/50
[INFO GRT-0102] Start extra iteration 5/50
[INFO GRT-0102] Start extra iteration 6/50
[INFO GRT-0102] Start extra iteration 7/50
[INFO GRT-0102] Start extra iteration 8/50
[INFO GRT-0197] Via related to pin nodes: 54377
[INFO GRT-0198] Via related Steiner nodes: 1185
[INFO GRT-0199] Via filling finished.
[INFO GRT-0111] Final number of vias: 71037
[INFO GRT-0112] Final usage 3D: 283751

[INFO GRT-0096] Final congestion report:
Layer         Resource        Demand        Usage (%)    Max H / Max V / Total Overflow
---------------------------------------------------------------------------------------
Metal1               0             0            0.00%             0 /  0 /  0
Metal2           99930         27099           27.12%             0 /  0 /  0
Metal3          102094         36636           35.88%             0 /  0 /  0
Metal4          115554          6905            5.98%             0 /  0 /  0
---------------------------------------------------------------------------------------
Total           317578         70640           22.24%             0 /  0 /  0

[INFO GRT-0018] Total wirelength: 819806 um
[INFO GRT-0014] Routed nets: 8663
[INFO GRT-0303] Global routing runtime = 00:00:02
Setting global connections for newly added cells…
[INFO] Setting global connections...
analog_block_inst matched with analog_block_inst
[INFO ODB-0403] 0 connections made, 0 conflicts skipped.
Updating metrics…
Cell type report:                       Count       Area
  Macro                                     1  115200.00
  Endcap cell                             504    2212.76
  Tap cell                               4412   19370.44
  Antenna cell                              7      30.73
  Clock buffer                             92    5316.77
  Timing Repair Buffer                   2255   47903.65
  Inverter                                452    4320.15
  Clock inverter                           29     561.97
  Sequential cell                         548   42281.75
  Multi-Input combinational cell         5323  119486.93
  Total                                 13623  356685.17
Writing OpenROAD database to '/workspace/librelane/runs/RUN_2026-08-10_10-35-54/41-odb-diodesonports/3-openroad-globalrouting/wrapper.odb'…
Writing layout to '/workspace/librelane/runs/RUN_2026-08-10_10-35-54/41-odb-diodesonports/3-openroad-globalrouting/wrapper.def'…
