
===========================================================================
report_checks -path_delay min (Hold)
============================================================================
======================= min_ff_n40C_3v60 Corner ===================================

Startpoint: _39_ (rising edge-triggered flip-flop clocked by clk)
Endpoint: _39_ (rising edge-triggered flip-flop clocked by clk)
Path Group: clk
Path Type: min

Fanout         Cap        Slew       Delay        Time   Description
---------------------------------------------------------------------------------------------
                                  0.000000    0.000000   clock clk (rise edge)
                                  0.000000    0.000000   clock source latency
     1    0.027148    0.125331    0.060247    0.060247 ^ clk (in)
                                                         clk (net)
                      0.125332    0.000000    0.060247 ^ clkbuf_0_clk/I (gf180mcu_fd_sc_mcu7t5v0__clkbuf_16)
     2    0.047724    0.092186    0.205686    0.265933 ^ clkbuf_0_clk/Z (gf180mcu_fd_sc_mcu7t5v0__clkbuf_16)
                                                         clknet_0_clk (net)
                      0.092187    0.000557    0.266490 ^ clkbuf_1_0__f_clk/I (gf180mcu_fd_sc_mcu7t5v0__clkbuf_16)
     2    0.009404    0.061425    0.173017    0.439507 ^ clkbuf_1_0__f_clk/Z (gf180mcu_fd_sc_mcu7t5v0__clkbuf_16)
                                                         clknet_1_0__leaf_clk (net)
                      0.061425    0.000139    0.439646 ^ _39_/CLK (gf180mcu_fd_sc_mcu7t5v0__dffrnq_1)
     5    0.034334    0.297107    0.723724    1.163370 v _39_/Q (gf180mcu_fd_sc_mcu7t5v0__dffrnq_1)
                                                         net11 (net)
                      0.297112    0.000791    1.164161 v _32_/A1 (gf180mcu_fd_sc_mcu7t5v0__nor2_1)
     1    0.004600    0.217226    0.204860    1.369021 ^ _32_/ZN (gf180mcu_fd_sc_mcu7t5v0__nor2_1)
                                                         _14_ (net)
                      0.217226    0.000086    1.369107 ^ _35_/B (gf180mcu_fd_sc_mcu7t5v0__aoi211_1)
     1    0.004985    0.147939    0.162678    1.531785 v _35_/ZN (gf180mcu_fd_sc_mcu7t5v0__aoi211_1)
                                                         _01_ (net)
                      0.147939    0.000059    1.531844 v _39_/D (gf180mcu_fd_sc_mcu7t5v0__dffrnq_1)
                                              1.531844   data arrival time

                                  0.000000    0.000000   clock clk (rise edge)
                                  0.000000    0.000000   clock source latency
     1    0.027148    0.125331    0.060247    0.060247 ^ clk (in)
                                                         clk (net)
                      0.125332    0.000000    0.060247 ^ clkbuf_0_clk/I (gf180mcu_fd_sc_mcu7t5v0__clkbuf_16)
     2    0.047724    0.092186    0.205686    0.265933 ^ clkbuf_0_clk/Z (gf180mcu_fd_sc_mcu7t5v0__clkbuf_16)
                                                         clknet_0_clk (net)
                      0.092187    0.000557    0.266490 ^ clkbuf_1_0__f_clk/I (gf180mcu_fd_sc_mcu7t5v0__clkbuf_16)
     2    0.009404    0.061425    0.173017    0.439507 ^ clkbuf_1_0__f_clk/Z (gf180mcu_fd_sc_mcu7t5v0__clkbuf_16)
                                                         clknet_1_0__leaf_clk (net)
                      0.061425    0.000139    0.439646 ^ _39_/CLK (gf180mcu_fd_sc_mcu7t5v0__dffrnq_1)
                                  0.250000    0.689646   clock uncertainty
                                  0.000000    0.689646   clock reconvergence pessimism
                                  0.071932    0.761578   library hold time
                                              0.761578   data required time
---------------------------------------------------------------------------------------------
                                              0.761578   data required time
                                             -1.531844   data arrival time
---------------------------------------------------------------------------------------------
                                              0.770266   slack (MET)


Startpoint: _40_ (rising edge-triggered flip-flop clocked by clk)
Endpoint: _40_ (rising edge-triggered flip-flop clocked by clk)
Path Group: clk
Path Type: min

Fanout         Cap        Slew       Delay        Time   Description
---------------------------------------------------------------------------------------------
                                  0.000000    0.000000   clock clk (rise edge)
                                  0.000000    0.000000   clock source latency
     1    0.027148    0.125331    0.060247    0.060247 ^ clk (in)
                                                         clk (net)
                      0.125332    0.000000    0.060247 ^ clkbuf_0_clk/I (gf180mcu_fd_sc_mcu7t5v0__clkbuf_16)
     2    0.047724    0.092186    0.205686    0.265933 ^ clkbuf_0_clk/Z (gf180mcu_fd_sc_mcu7t5v0__clkbuf_16)
                                                         clknet_0_clk (net)
                      0.092186    0.000262    0.266195 ^ clkbuf_1_1__f_clk/I (gf180mcu_fd_sc_mcu7t5v0__clkbuf_16)
     2    0.008646    0.060810    0.172501    0.438696 ^ clkbuf_1_1__f_clk/Z (gf180mcu_fd_sc_mcu7t5v0__clkbuf_16)
                                                         clknet_1_1__leaf_clk (net)
                      0.060810    0.000037    0.438733 ^ _40_/CLK (gf180mcu_fd_sc_mcu7t5v0__dffrnq_1)
     6    0.038007    0.324552    0.741389    1.180123 v _40_/Q (gf180mcu_fd_sc_mcu7t5v0__dffrnq_1)
                                                         net12 (net)
                      0.324553    0.000580    1.180703 v _36_/A1 (gf180mcu_fd_sc_mcu7t5v0__nor2_1)
     1    0.004592    0.217036    0.212490    1.393193 ^ _36_/ZN (gf180mcu_fd_sc_mcu7t5v0__nor2_1)
                                                         _17_ (net)
                      0.217036    0.000086    1.393278 ^ _37_/B (gf180mcu_fd_sc_mcu7t5v0__aoi211_1)
     1    0.005357    0.157741    0.165726    1.559005 v _37_/ZN (gf180mcu_fd_sc_mcu7t5v0__aoi211_1)
                                                         _02_ (net)
                      0.157741    0.000110    1.559115 v _40_/D (gf180mcu_fd_sc_mcu7t5v0__dffrnq_1)
                                              1.559115   data arrival time

                                  0.000000    0.000000   clock clk (rise edge)
                                  0.000000    0.000000   clock source latency
     1    0.027148    0.125331    0.060247    0.060247 ^ clk (in)
                                                         clk (net)
                      0.125332    0.000000    0.060247 ^ clkbuf_0_clk/I (gf180mcu_fd_sc_mcu7t5v0__clkbuf_16)
     2    0.047724    0.092186    0.205686    0.265933 ^ clkbuf_0_clk/Z (gf180mcu_fd_sc_mcu7t5v0__clkbuf_16)
                                                         clknet_0_clk (net)
                      0.092186    0.000262    0.266195 ^ clkbuf_1_1__f_clk/I (gf180mcu_fd_sc_mcu7t5v0__clkbuf_16)
     2    0.008646    0.060810    0.172501    0.438696 ^ clkbuf_1_1__f_clk/Z (gf180mcu_fd_sc_mcu7t5v0__clkbuf_16)
                                                         clknet_1_1__leaf_clk (net)
                      0.060810    0.000037    0.438733 ^ _40_/CLK (gf180mcu_fd_sc_mcu7t5v0__dffrnq_1)
                                  0.250000    0.688733   clock uncertainty
                                  0.000000    0.688733   clock reconvergence pessimism
                                  0.069510    0.758243   library hold time
                                              0.758243   data required time
---------------------------------------------------------------------------------------------
                                              0.758243   data required time
                                             -1.559115   data arrival time
---------------------------------------------------------------------------------------------
                                              0.800872   slack (MET)


Startpoint: _38_ (rising edge-triggered flip-flop clocked by clk)
Endpoint: _38_ (rising edge-triggered flip-flop clocked by clk)
Path Group: clk
Path Type: min

Fanout         Cap        Slew       Delay        Time   Description
---------------------------------------------------------------------------------------------
                                  0.000000    0.000000   clock clk (rise edge)
                                  0.000000    0.000000   clock source latency
     1    0.027148    0.125331    0.060247    0.060247 ^ clk (in)
                                                         clk (net)
                      0.125332    0.000000    0.060247 ^ clkbuf_0_clk/I (gf180mcu_fd_sc_mcu7t5v0__clkbuf_16)
     2    0.047724    0.092186    0.205686    0.265933 ^ clkbuf_0_clk/Z (gf180mcu_fd_sc_mcu7t5v0__clkbuf_16)
                                                         clknet_0_clk (net)
                      0.092187    0.000557    0.266490 ^ clkbuf_1_0__f_clk/I (gf180mcu_fd_sc_mcu7t5v0__clkbuf_16)
     2    0.009404    0.061425    0.173017    0.439507 ^ clkbuf_1_0__f_clk/Z (gf180mcu_fd_sc_mcu7t5v0__clkbuf_16)
                                                         clknet_1_0__leaf_clk (net)
                      0.061425    0.000077    0.439584 ^ _38_/CLK (gf180mcu_fd_sc_mcu7t5v0__dffrnq_1)
     8    0.050284    0.416587    0.800728    1.240312 v _38_/Q (gf180mcu_fd_sc_mcu7t5v0__dffrnq_1)
                                                         net10 (net)
                      0.416589    0.000577    1.240889 v _30_/A1 (gf180mcu_fd_sc_mcu7t5v0__oai21_1)
     1    0.004922    0.201826    0.262765    1.503654 ^ _30_/ZN (gf180mcu_fd_sc_mcu7t5v0__oai21_1)
                                                         _13_ (net)
                      0.201826    0.000094    1.503749 ^ _31_/B (gf180mcu_fd_sc_mcu7t5v0__aoi21_1)
     1    0.006295    0.139230    0.153067    1.656816 v _31_/ZN (gf180mcu_fd_sc_mcu7t5v0__aoi21_1)
                                                         _00_ (net)
                      0.139230    0.000138    1.656954 v _38_/D (gf180mcu_fd_sc_mcu7t5v0__dffrnq_1)
                                              1.656954   data arrival time

                                  0.000000    0.000000   clock clk (rise edge)
                                  0.000000    0.000000   clock source latency
     1    0.027148    0.125331    0.060247    0.060247 ^ clk (in)
                                                         clk (net)
                      0.125332    0.000000    0.060247 ^ clkbuf_0_clk/I (gf180mcu_fd_sc_mcu7t5v0__clkbuf_16)
     2    0.047724    0.092186    0.205686    0.265933 ^ clkbuf_0_clk/Z (gf180mcu_fd_sc_mcu7t5v0__clkbuf_16)
                                                         clknet_0_clk (net)
                      0.092187    0.000557    0.266490 ^ clkbuf_1_0__f_clk/I (gf180mcu_fd_sc_mcu7t5v0__clkbuf_16)
     2    0.009404    0.061425    0.173017    0.439507 ^ clkbuf_1_0__f_clk/Z (gf180mcu_fd_sc_mcu7t5v0__clkbuf_16)
                                                         clknet_1_0__leaf_clk (net)
                      0.061425    0.000077    0.439584 ^ _38_/CLK (gf180mcu_fd_sc_mcu7t5v0__dffrnq_1)
                                  0.250000    0.689584   clock uncertainty
                                  0.000000    0.689584   clock reconvergence pessimism
                                  0.073969    0.763553   library hold time
                                              0.763553   data required time
---------------------------------------------------------------------------------------------
                                              0.763553   data required time
                                             -1.656954   data arrival time
---------------------------------------------------------------------------------------------
                                              0.893401   slack (MET)


Startpoint: rst_n (input port clocked by clk)
Endpoint: _38_ (removal check against rising-edge clock clk)
Path Group: asynchronous
Path Type: min

Fanout         Cap        Slew       Delay        Time   Description
---------------------------------------------------------------------------------------------
                                  0.000000    0.000000   clock clk (rise edge)
                                  0.000000    0.000000   clock network delay (propagated)
                                 40.000000   40.000000 ^ input external delay
     1    0.008025    0.153603    0.069658   40.069660 ^ rst_n (in)
                                                         rst_n (net)
                      0.153603    0.000000   40.069660 ^ input6/I (gf180mcu_fd_sc_mcu7t5v0__buf_1)
     3    0.028769    0.447431    0.385327   40.454987 ^ input6/Z (gf180mcu_fd_sc_mcu7t5v0__buf_1)
                                                         net6 (net)
                      0.447433    0.000515   40.455502 ^ _38_/RN (gf180mcu_fd_sc_mcu7t5v0__dffrnq_1)
                                             40.455502   data arrival time

                                  0.000000    0.000000   clock clk (rise edge)
                                  0.000000    0.000000   clock source latency
     1    0.027148    0.125331    0.060247    0.060247 ^ clk (in)
                                                         clk (net)
                      0.125332    0.000000    0.060247 ^ clkbuf_0_clk/I (gf180mcu_fd_sc_mcu7t5v0__clkbuf_16)
     2    0.047724    0.092186    0.205686    0.265933 ^ clkbuf_0_clk/Z (gf180mcu_fd_sc_mcu7t5v0__clkbuf_16)
                                                         clknet_0_clk (net)
                      0.092187    0.000557    0.266490 ^ clkbuf_1_0__f_clk/I (gf180mcu_fd_sc_mcu7t5v0__clkbuf_16)
     2    0.009404    0.061425    0.173017    0.439507 ^ clkbuf_1_0__f_clk/Z (gf180mcu_fd_sc_mcu7t5v0__clkbuf_16)
                                                         clknet_1_0__leaf_clk (net)
                      0.061425    0.000077    0.439584 ^ _38_/CLK (gf180mcu_fd_sc_mcu7t5v0__dffrnq_1)
                                  0.250000    0.689584   clock uncertainty
                                  0.000000    0.689584   clock reconvergence pessimism
                                  0.329334    1.018918   library removal time
                                              1.018918   data required time
---------------------------------------------------------------------------------------------
                                              1.018918   data required time
                                            -40.455502   data arrival time
---------------------------------------------------------------------------------------------
                                             39.436584   slack (MET)


Startpoint: rst_n (input port clocked by clk)
Endpoint: _39_ (removal check against rising-edge clock clk)
Path Group: asynchronous
Path Type: min

Fanout         Cap        Slew       Delay        Time   Description
---------------------------------------------------------------------------------------------
                                  0.000000    0.000000   clock clk (rise edge)
                                  0.000000    0.000000   clock network delay (propagated)
                                 40.000000   40.000000 ^ input external delay
     1    0.008025    0.153603    0.069658   40.069660 ^ rst_n (in)
                                                         rst_n (net)
                      0.153603    0.000000   40.069660 ^ input6/I (gf180mcu_fd_sc_mcu7t5v0__buf_1)
     3    0.028769    0.447431    0.385327   40.454987 ^ input6/Z (gf180mcu_fd_sc_mcu7t5v0__buf_1)
                                                         net6 (net)
                      0.447437    0.000885   40.455872 ^ _39_/RN (gf180mcu_fd_sc_mcu7t5v0__dffrnq_1)
                                             40.455872   data arrival time

                                  0.000000    0.000000   clock clk (rise edge)
                                  0.000000    0.000000   clock source latency
     1    0.027148    0.125331    0.060247    0.060247 ^ clk (in)
                                                         clk (net)
                      0.125332    0.000000    0.060247 ^ clkbuf_0_clk/I (gf180mcu_fd_sc_mcu7t5v0__clkbuf_16)
     2    0.047724    0.092186    0.205686    0.265933 ^ clkbuf_0_clk/Z (gf180mcu_fd_sc_mcu7t5v0__clkbuf_16)
                                                         clknet_0_clk (net)
                      0.092187    0.000557    0.266490 ^ clkbuf_1_0__f_clk/I (gf180mcu_fd_sc_mcu7t5v0__clkbuf_16)
     2    0.009404    0.061425    0.173017    0.439507 ^ clkbuf_1_0__f_clk/Z (gf180mcu_fd_sc_mcu7t5v0__clkbuf_16)
                                                         clknet_1_0__leaf_clk (net)
                      0.061425    0.000139    0.439646 ^ _39_/CLK (gf180mcu_fd_sc_mcu7t5v0__dffrnq_1)
                                  0.250000    0.689646   clock uncertainty
                                  0.000000    0.689646   clock reconvergence pessimism
                                  0.329335    1.018981   library removal time
                                              1.018981   data required time
---------------------------------------------------------------------------------------------
                                              1.018981   data required time
                                            -40.455872   data arrival time
---------------------------------------------------------------------------------------------
                                             39.436893   slack (MET)


Startpoint: rst_n (input port clocked by clk)
Endpoint: _40_ (removal check against rising-edge clock clk)
Path Group: asynchronous
Path Type: min

Fanout         Cap        Slew       Delay        Time   Description
---------------------------------------------------------------------------------------------
                                  0.000000    0.000000   clock clk (rise edge)
                                  0.000000    0.000000   clock network delay (propagated)
                                 40.000000   40.000000 ^ input external delay
     1    0.008025    0.153603    0.069658   40.069660 ^ rst_n (in)
                                                         rst_n (net)
                      0.153603    0.000000   40.069660 ^ input6/I (gf180mcu_fd_sc_mcu7t5v0__buf_1)
     3    0.028769    0.447431    0.385327   40.454987 ^ input6/Z (gf180mcu_fd_sc_mcu7t5v0__buf_1)
                                                         net6 (net)
                      0.447438    0.000973   40.455959 ^ _40_/RN (gf180mcu_fd_sc_mcu7t5v0__dffrnq_1)
                                             40.455959   data arrival time

                                  0.000000    0.000000   clock clk (rise edge)
                                  0.000000    0.000000   clock source latency
     1    0.027148    0.125331    0.060247    0.060247 ^ clk (in)
                                                         clk (net)
                      0.125332    0.000000    0.060247 ^ clkbuf_0_clk/I (gf180mcu_fd_sc_mcu7t5v0__clkbuf_16)
     2    0.047724    0.092186    0.205686    0.265933 ^ clkbuf_0_clk/Z (gf180mcu_fd_sc_mcu7t5v0__clkbuf_16)
                                                         clknet_0_clk (net)
                      0.092186    0.000262    0.266195 ^ clkbuf_1_1__f_clk/I (gf180mcu_fd_sc_mcu7t5v0__clkbuf_16)
     2    0.008646    0.060810    0.172501    0.438696 ^ clkbuf_1_1__f_clk/Z (gf180mcu_fd_sc_mcu7t5v0__clkbuf_16)
                                                         clknet_1_1__leaf_clk (net)
                      0.060810    0.000037    0.438733 ^ _40_/CLK (gf180mcu_fd_sc_mcu7t5v0__dffrnq_1)
                                  0.250000    0.688733   clock uncertainty
                                  0.000000    0.688733   clock reconvergence pessimism
                                  0.329204    1.017937   library removal time
                                              1.017937   data required time
---------------------------------------------------------------------------------------------
                                              1.017937   data required time
                                            -40.455959   data arrival time
---------------------------------------------------------------------------------------------
                                             39.438023   slack (MET)


Startpoint: _39_ (rising edge-triggered flip-flop clocked by clk)
Endpoint: state_o[1] (output port clocked by clk)
Path Group: clk
Path Type: min

Fanout         Cap        Slew       Delay        Time   Description
---------------------------------------------------------------------------------------------
                                  0.000000    0.000000   clock clk (rise edge)
                                  0.000000    0.000000   clock source latency
     1    0.027148    0.125331    0.060247    0.060247 ^ clk (in)
                                                         clk (net)
                      0.125332    0.000000    0.060247 ^ clkbuf_0_clk/I (gf180mcu_fd_sc_mcu7t5v0__clkbuf_16)
     2    0.047724    0.092186    0.205686    0.265933 ^ clkbuf_0_clk/Z (gf180mcu_fd_sc_mcu7t5v0__clkbuf_16)
                                                         clknet_0_clk (net)
                      0.092187    0.000557    0.266490 ^ clkbuf_1_0__f_clk/I (gf180mcu_fd_sc_mcu7t5v0__clkbuf_16)
     2    0.009404    0.061425    0.173017    0.439507 ^ clkbuf_1_0__f_clk/Z (gf180mcu_fd_sc_mcu7t5v0__clkbuf_16)
                                                         clknet_1_0__leaf_clk (net)
                      0.061425    0.000139    0.439646 ^ _39_/CLK (gf180mcu_fd_sc_mcu7t5v0__dffrnq_1)
     5    0.034334    0.297107    0.723724    1.163370 v _39_/Q (gf180mcu_fd_sc_mcu7t5v0__dffrnq_1)
                                                         net11 (net)
                      0.297111    0.000787    1.164157 v output11/I (gf180mcu_fd_sc_mcu7t5v0__buf_2)
     1    0.073883    0.310358    0.413976    1.578133 v output11/Z (gf180mcu_fd_sc_mcu7t5v0__buf_2)
                                                         state_o[1] (net)
                      0.310367    0.000914    1.579047 v state_o[1] (out)
                                              1.579047   data arrival time

                                  0.000000    0.000000   clock clk (rise edge)
                                  0.000000    0.000000   clock network delay (propagated)
                                  0.250000    0.250000   clock uncertainty
                                  0.000000    0.250000   clock reconvergence pessimism
                                -40.000000  -39.750000   output external delay
                                            -39.750000   data required time
---------------------------------------------------------------------------------------------
                                            -39.750000   data required time
                                             -1.579047   data arrival time
---------------------------------------------------------------------------------------------
                                             41.329044   slack (MET)


Startpoint: _40_ (rising edge-triggered flip-flop clocked by clk)
Endpoint: state_o[2] (output port clocked by clk)
Path Group: clk
Path Type: min

Fanout         Cap        Slew       Delay        Time   Description
---------------------------------------------------------------------------------------------
                                  0.000000    0.000000   clock clk (rise edge)
                                  0.000000    0.000000   clock source latency
     1    0.027148    0.125331    0.060247    0.060247 ^ clk (in)
                                                         clk (net)
                      0.125332    0.000000    0.060247 ^ clkbuf_0_clk/I (gf180mcu_fd_sc_mcu7t5v0__clkbuf_16)
     2    0.047724    0.092186    0.205686    0.265933 ^ clkbuf_0_clk/Z (gf180mcu_fd_sc_mcu7t5v0__clkbuf_16)
                                                         clknet_0_clk (net)
                      0.092186    0.000262    0.266195 ^ clkbuf_1_1__f_clk/I (gf180mcu_fd_sc_mcu7t5v0__clkbuf_16)
     2    0.008646    0.060810    0.172501    0.438696 ^ clkbuf_1_1__f_clk/Z (gf180mcu_fd_sc_mcu7t5v0__clkbuf_16)
                                                         clknet_1_1__leaf_clk (net)
                      0.060810    0.000037    0.438733 ^ _40_/CLK (gf180mcu_fd_sc_mcu7t5v0__dffrnq_1)
     6    0.038007    0.324552    0.741389    1.180123 v _40_/Q (gf180mcu_fd_sc_mcu7t5v0__dffrnq_1)
                                                         net12 (net)
                      0.324553    0.000600    1.180722 v output12/I (gf180mcu_fd_sc_mcu7t5v0__buf_2)
     1    0.074772    0.313767    0.424060    1.604783 v output12/Z (gf180mcu_fd_sc_mcu7t5v0__buf_2)
                                                         state_o[2] (net)
                      0.313779    0.001122    1.605905 v state_o[2] (out)
                                              1.605905   data arrival time

                                  0.000000    0.000000   clock clk (rise edge)
                                  0.000000    0.000000   clock network delay (propagated)
                                  0.250000    0.250000   clock uncertainty
                                  0.000000    0.250000   clock reconvergence pessimism
                                -40.000000  -39.750000   output external delay
                                            -39.750000   data required time
---------------------------------------------------------------------------------------------
                                            -39.750000   data required time
                                             -1.605905   data arrival time
---------------------------------------------------------------------------------------------
                                             41.355904   slack (MET)


Startpoint: _38_ (rising edge-triggered flip-flop clocked by clk)
Endpoint: state_o[0] (output port clocked by clk)
Path Group: clk
Path Type: min

Fanout         Cap        Slew       Delay        Time   Description
---------------------------------------------------------------------------------------------
                                  0.000000    0.000000   clock clk (rise edge)
                                  0.000000    0.000000   clock source latency
     1    0.027148    0.125331    0.060247    0.060247 ^ clk (in)
                                                         clk (net)
                      0.125332    0.000000    0.060247 ^ clkbuf_0_clk/I (gf180mcu_fd_sc_mcu7t5v0__clkbuf_16)
     2    0.047724    0.092186    0.205686    0.265933 ^ clkbuf_0_clk/Z (gf180mcu_fd_sc_mcu7t5v0__clkbuf_16)
                                                         clknet_0_clk (net)
                      0.092187    0.000557    0.266490 ^ clkbuf_1_0__f_clk/I (gf180mcu_fd_sc_mcu7t5v0__clkbuf_16)
     2    0.009404    0.061425    0.173017    0.439507 ^ clkbuf_1_0__f_clk/Z (gf180mcu_fd_sc_mcu7t5v0__clkbuf_16)
                                                         clknet_1_0__leaf_clk (net)
                      0.061425    0.000077    0.439584 ^ _38_/CLK (gf180mcu_fd_sc_mcu7t5v0__dffrnq_1)
     8    0.050284    0.416587    0.800728    1.240312 v _38_/Q (gf180mcu_fd_sc_mcu7t5v0__dffrnq_1)
                                                         net10 (net)
                      0.416594    0.000980    1.241292 v output10/I (gf180mcu_fd_sc_mcu7t5v0__buf_2)
     1    0.074009    0.311382    0.449623    1.690916 v output10/Z (gf180mcu_fd_sc_mcu7t5v0__buf_2)
                                                         state_o[0] (net)
                      0.311391    0.000927    1.691842 v state_o[0] (out)
                                              1.691842   data arrival time

                                  0.000000    0.000000   clock clk (rise edge)
                                  0.000000    0.000000   clock network delay (propagated)
                                  0.250000    0.250000   clock uncertainty
                                  0.000000    0.250000   clock reconvergence pessimism
                                -40.000000  -39.750000   output external delay
                                            -39.750000   data required time
---------------------------------------------------------------------------------------------
                                            -39.750000   data required time
                                             -1.691842   data arrival time
---------------------------------------------------------------------------------------------
                                             41.441841   slack (MET)


Startpoint: _39_ (rising edge-triggered flip-flop clocked by clk)
Endpoint: cal_start (output port clocked by clk)
Path Group: clk
Path Type: min

Fanout         Cap        Slew       Delay        Time   Description
---------------------------------------------------------------------------------------------
                                  0.000000    0.000000   clock clk (rise edge)
                                  0.000000    0.000000   clock source latency
     1    0.027148    0.125331    0.060247    0.060247 ^ clk (in)
                                                         clk (net)
                      0.125332    0.000000    0.060247 ^ clkbuf_0_clk/I (gf180mcu_fd_sc_mcu7t5v0__clkbuf_16)
     2    0.047724    0.092186    0.205686    0.265933 ^ clkbuf_0_clk/Z (gf180mcu_fd_sc_mcu7t5v0__clkbuf_16)
                                                         clknet_0_clk (net)
                      0.092187    0.000557    0.266490 ^ clkbuf_1_0__f_clk/I (gf180mcu_fd_sc_mcu7t5v0__clkbuf_16)
     2    0.009404    0.061425    0.173017    0.439507 ^ clkbuf_1_0__f_clk/Z (gf180mcu_fd_sc_mcu7t5v0__clkbuf_16)
                                                         clknet_1_0__leaf_clk (net)
                      0.061425    0.000139    0.439646 ^ _39_/CLK (gf180mcu_fd_sc_mcu7t5v0__dffrnq_1)
     5    0.034334    0.297107    0.723724    1.163370 v _39_/Q (gf180mcu_fd_sc_mcu7t5v0__dffrnq_1)
                                                         net11 (net)
                      0.297113    0.000870    1.164240 v _19_/I (gf180mcu_fd_sc_mcu7t5v0__clkinv_1)
     2    0.015568    0.276732    0.240815    1.405055 ^ _19_/ZN (gf180mcu_fd_sc_mcu7t5v0__clkinv_1)
                                                         _04_ (net)
                      0.276732    0.000448    1.405503 ^ _21_/A2 (gf180mcu_fd_sc_mcu7t5v0__nor3_2)
     2    0.014748    0.195602    0.174419    1.579921 v _21_/ZN (gf180mcu_fd_sc_mcu7t5v0__nor3_2)
                                                         net8 (net)
                      0.195602    0.000249    1.580170 v output8/I (gf180mcu_fd_sc_mcu7t5v0__buf_2)
     1    0.079080    0.329134    0.395395    1.975566 v output8/Z (gf180mcu_fd_sc_mcu7t5v0__buf_2)
                                                         cal_start (net)
                      0.329177    0.002149    1.977715 v cal_start (out)
                                              1.977715   data arrival time

                                  0.000000    0.000000   clock clk (rise edge)
                                  0.000000    0.000000   clock network delay (propagated)
                                  0.250000    0.250000   clock uncertainty
                                  0.000000    0.250000   clock reconvergence pessimism
                                -40.000000  -39.750000   output external delay
                                            -39.750000   data required time
---------------------------------------------------------------------------------------------
                                            -39.750000   data required time
                                             -1.977715   data arrival time
---------------------------------------------------------------------------------------------
                                             41.727715   slack (MET)


Startpoint: _38_ (rising edge-triggered flip-flop clocked by clk)
Endpoint: read_en (output port clocked by clk)
Path Group: clk
Path Type: min

Fanout         Cap        Slew       Delay        Time   Description
---------------------------------------------------------------------------------------------
                                  0.000000    0.000000   clock clk (rise edge)
                                  0.000000    0.000000   clock source latency
     1    0.027148    0.125331    0.060247    0.060247 ^ clk (in)
                                                         clk (net)
                      0.125332    0.000000    0.060247 ^ clkbuf_0_clk/I (gf180mcu_fd_sc_mcu7t5v0__clkbuf_16)
     2    0.047724    0.092186    0.205686    0.265933 ^ clkbuf_0_clk/Z (gf180mcu_fd_sc_mcu7t5v0__clkbuf_16)
                                                         clknet_0_clk (net)
                      0.092187    0.000557    0.266490 ^ clkbuf_1_0__f_clk/I (gf180mcu_fd_sc_mcu7t5v0__clkbuf_16)
     2    0.009404    0.061425    0.173017    0.439507 ^ clkbuf_1_0__f_clk/Z (gf180mcu_fd_sc_mcu7t5v0__clkbuf_16)
                                                         clknet_1_0__leaf_clk (net)
                      0.061425    0.000077    0.439584 ^ _38_/CLK (gf180mcu_fd_sc_mcu7t5v0__dffrnq_1)
     8    0.050284    0.416587    0.800728    1.240312 v _38_/Q (gf180mcu_fd_sc_mcu7t5v0__dffrnq_1)
                                                         net10 (net)
                      0.416596    0.001079    1.241391 v _24_/A1 (gf180mcu_fd_sc_mcu7t5v0__nor3_1)
     1    0.007680    0.447479    0.358354    1.599745 ^ _24_/ZN (gf180mcu_fd_sc_mcu7t5v0__nor3_1)
                                                         net9 (net)
                      0.447479    0.000166    1.599911 ^ output9/I (gf180mcu_fd_sc_mcu7t5v0__buf_2)
     1    0.076066    0.565215    0.481433    2.081344 ^ output9/Z (gf180mcu_fd_sc_mcu7t5v0__buf_2)
                                                         read_en (net)
                      0.565229    0.001602    2.082947 ^ read_en (out)
                                              2.082947   data arrival time

                                  0.000000    0.000000   clock clk (rise edge)
                                  0.000000    0.000000   clock network delay (propagated)
                                  0.250000    0.250000   clock uncertainty
                                  0.000000    0.250000   clock reconvergence pessimism
                                -40.000000  -39.750000   output external delay
                                            -39.750000   data required time
---------------------------------------------------------------------------------------------
                                            -39.750000   data required time
                                             -2.082947   data arrival time
---------------------------------------------------------------------------------------------
                                             41.832947   slack (MET)



