2026-08-10 01:28:51 +0200: Memory Usage (456212K) : Starting running GF180MCU Klayout DRC runset on /workspace/librelane/runs/RUN_2026-08-10_01-25-13/57-magic-streamout/digital_domain.gds
2026-08-10 01:28:51 +0200: Memory Usage (456212K) : Ruby Version for klayout: 3.2.3
2026-08-10 01:28:51 +0200: Memory Usage (469780K) : Loading database to memory is complete.
2026-08-10 01:28:51 +0200: Memory Usage (469780K) : GF180MCU Klayout DRC runset output at: /workspace/librelane/runs/RUN_2026-08-10_01-25-13/65-klayout-drc/reports/drc.klayout.lyrdb
2026-08-10 01:28:51 +0200: Memory Usage (469780K) : Evaluate switches.
2026-08-10 01:28:51 +0200: Memory Usage (469780K) : table_name selected  main
2026-08-10 01:28:51 +0200: Memory Usage (469780K) : CONNECTIVITY_RULES enabled: false
2026-08-10 01:28:51 +0200: Memory Usage (469780K) : Wedge enabled: false
2026-08-10 01:28:51 +0200: Memory Usage (469780K) : Ball enabled: false
2026-08-10 01:28:51 +0200: Memory Usage (469780K) : Gold enabled: false
2026-08-10 01:28:51 +0200: Memory Usage (469780K) : MIM Option selected: B
2026-08-10 01:28:51 +0200: Memory Usage (469780K) : Offgrid enabled:  false
2026-08-10 01:28:51 +0200: Memory Usage (469780K) : Number of threads to use 
2026-08-10 01:28:51 +0200: Memory Usage (469780K) : Verbose mode: 
2026-08-10 01:28:51 +0200: Memory Usage (469780K) : deep  mode is enabled for main table
2026-08-10 01:28:51 +0200: Memory Usage (469780K) : METAL_TOP Selected is 11K
2026-08-10 01:28:51 +0200: Memory Usage (469780K) : METAL_STACK Selected is 5LM
2026-08-10 01:28:51 +0200: Memory Usage (469780K) : FEOL enabled: false
2026-08-10 01:28:51 +0200: Memory Usage (469780K) : BEOL enabled: false
2026-08-10 01:28:51 +0200: Memory Usage (469780K) : DUMMY enabled: false
2026-08-10 01:28:51 +0200: Memory Usage (469780K) : DUMMY_SUB_PREV enabled: true
2026-08-10 01:28:51 +0200: Memory Usage (469780K) : SLOW_VIA enabled: false
2026-08-10 01:28:51 +0200: Memory Usage (469780K) : Read in polygons from layers.
2026-08-10 01:28:51 +0200: Memory Usage (471956K) : comp has 73500 polygons
2026-08-10 01:28:51 +0200: Memory Usage (472340K) : dnwell has 0 polygons
2026-08-10 01:28:51 +0200: Memory Usage (472340K) : nwell has 20757 polygons
2026-08-10 01:28:51 +0200: Memory Usage (472340K) : lvpwell has 20757 polygons
2026-08-10 01:28:51 +0200: Memory Usage (472340K) : dualgate has 20757 polygons
2026-08-10 01:28:51 +0200: Memory Usage (472340K) : poly2 has 85112 polygons
2026-08-10 01:28:51 +0200: Memory Usage (472340K) : nplus has 20757 polygons
2026-08-10 01:28:51 +0200: Memory Usage (472340K) : pplus has 23881 polygons
2026-08-10 01:28:51 +0200: Memory Usage (472340K) : sab has 0 polygons
2026-08-10 01:28:51 +0200: Memory Usage (472340K) : esd has 0 polygons
2026-08-10 01:28:51 +0200: Memory Usage (472340K) : resistor has 0 polygons
2026-08-10 01:28:51 +0200: Memory Usage (472340K) : fhres has 0 polygons
2026-08-10 01:28:51 +0200: Memory Usage (472340K) : fusetop has 0 polygons
2026-08-10 01:28:51 +0200: Memory Usage (472340K) : fusewindow_d has 0 polygons
2026-08-10 01:28:51 +0200: Memory Usage (472340K) : polyfuse has 0 polygons
2026-08-10 01:28:51 +0200: Memory Usage (472340K) : mvsd has 0 polygons
2026-08-10 01:28:51 +0200: Memory Usage (472340K) : mvpsd has 0 polygons
2026-08-10 01:28:51 +0200: Memory Usage (472340K) : nat has 0 polygons
2026-08-10 01:28:51 +0200: Memory Usage (472340K) : comp_dummy has 0 polygons
2026-08-10 01:28:51 +0200: Memory Usage (472468K) : poly2_dummy has 0 polygons
2026-08-10 01:28:51 +0200: Memory Usage (472468K) : schottky_diode has 0 polygons
2026-08-10 01:28:51 +0200: Memory Usage (472596K) : zener has 0 polygons
2026-08-10 01:28:51 +0200: Memory Usage (472596K) : res_mk has 0 polygons
2026-08-10 01:28:51 +0200: Memory Usage (472724K) : opc_drc has 0 polygons
2026-08-10 01:28:51 +0200: Memory Usage (472852K) : v5_xtor has 20757 polygons
2026-08-10 01:28:51 +0200: Memory Usage (472852K) : cap_mk has 0 polygons
2026-08-10 01:28:51 +0200: Memory Usage (472852K) : mos_cap_mk has 0 polygons
2026-08-10 01:28:51 +0200: Memory Usage (472980K) : ind_mk has 0 polygons
2026-08-10 01:28:51 +0200: Memory Usage (472980K) : diode_mk has 0 polygons
2026-08-10 01:28:51 +0200: Memory Usage (473108K) : drc_bjt has 0 polygons
2026-08-10 01:28:51 +0200: Memory Usage (473108K) : lvs_bjt has 0 polygons
2026-08-10 01:28:51 +0200: Memory Usage (473236K) : mim_l_mk has 0 polygons
2026-08-10 01:28:51 +0200: Memory Usage (473236K) : latchup_mk has 0 polygons
2026-08-10 01:28:51 +0200: Memory Usage (473236K) : guard_ring_mk has 0 polygons
2026-08-10 01:28:51 +0200: Memory Usage (473364K) : otp_mk has 0 polygons
2026-08-10 01:28:51 +0200: Memory Usage (473364K) : mtpmark has 0 polygons
2026-08-10 01:28:51 +0200: Memory Usage (473492K) : neo_ee_mk has 0 polygons
2026-08-10 01:28:51 +0200: Memory Usage (473492K) : sramcore has 0 polygons
2026-08-10 01:28:51 +0200: Memory Usage (473620K) : lvs_rf has 0 polygons
2026-08-10 01:28:51 +0200: Memory Usage (473620K) : lvs_drain has 0 polygons
2026-08-10 01:28:51 +0200: Memory Usage (473748K) : ind_mk has 0 polygons
2026-08-10 01:28:51 +0200: Memory Usage (473748K) : hvpolyrs has 0 polygons
2026-08-10 01:28:51 +0200: Memory Usage (473876K) : lvs_io has 0 polygons
2026-08-10 01:28:51 +0200: Memory Usage (473876K) : probe_mk has 0 polygons
2026-08-10 01:28:51 +0200: Memory Usage (474004K) : esd_mk has 0 polygons
2026-08-10 01:28:51 +0200: Memory Usage (474004K) : lvs_source has 0 polygons
2026-08-10 01:28:51 +0200: Memory Usage (474132K) : well_diode_mk has 0 polygons
2026-08-10 01:28:51 +0200: Memory Usage (474132K) : ldmos_xtor has 0 polygons
2026-08-10 01:28:51 +0200: Memory Usage (474260K) : plfuse has 0 polygons
2026-08-10 01:28:51 +0200: Memory Usage (474260K) : efuse_mk has 0 polygons
2026-08-10 01:28:51 +0200: Memory Usage (474260K) : mcell_feol_mk has 0 polygons
2026-08-10 01:28:51 +0200: Memory Usage (474388K) : ymtp_mk has 0 polygons
2026-08-10 01:28:51 +0200: Memory Usage (474388K) : dev_wf_mk has 0 polygons
2026-08-10 01:28:51 +0200: Memory Usage (474516K) : comp_label has 0 polygons
2026-08-10 01:28:51 +0200: Memory Usage (474516K) : poly2_label has 0 polygons
2026-08-10 01:28:51 +0200: Memory Usage (474644K) : mdiode has 0 polygons
2026-08-10 01:28:51 +0200: Memory Usage (474644K) : ndmy has 0 polygons
2026-08-10 01:28:51 +0200: Memory Usage (474772K) : pmndmy has 0 polygons
2026-08-10 01:28:51 +0200: Memory Usage (474900K) : contact has 388152 polygons
2026-08-10 01:28:51 +0200: Memory Usage (475412K) : metal1_drawn has 243484 polygons
2026-08-10 01:28:51 +0200: Memory Usage (475796K) : metal1_dummy has 0 polygons
2026-08-10 01:28:51 +0200: Memory Usage (476308K) : metal1_label has 0 polygons
2026-08-10 01:28:51 +0200: Memory Usage (476308K) : metal1_slot has 0 polygons
2026-08-10 01:28:51 +0200: Memory Usage (476308K) : metal1_blk has 0 polygons
2026-08-10 01:28:51 +0200: Memory Usage (476692K) : via1 has 25292 polygons
2026-08-10 01:28:51 +0200: Memory Usage (477332K) : metal2_drawn has 26278 polygons
2026-08-10 01:28:51 +0200: Memory Usage (477716K) : metal2_dummy has 0 polygons
2026-08-10 01:28:51 +0200: Memory Usage (478484K) : metal2_label has 12 polygons
2026-08-10 01:28:51 +0200: Memory Usage (478484K) : metal2_slot has 0 polygons
2026-08-10 01:28:51 +0200: Memory Usage (478484K) : metal2_blk has 0 polygons
2026-08-10 01:28:51 +0200: Memory Usage (478612K) : via2 has 22317 polygons
2026-08-10 01:28:51 +0200: Memory Usage (478868K) : metal3_drawn has 10665 polygons
2026-08-10 01:28:51 +0200: Memory Usage (478868K) : metal3_dummy has 0 polygons
2026-08-10 01:28:52 +0200: Memory Usage (478996K) : metal3_label has 6 polygons
2026-08-10 01:28:52 +0200: Memory Usage (478996K) : metal3_slot has 0 polygons
2026-08-10 01:28:52 +0200: Memory Usage (478996K) : metal3_blk has 0 polygons
2026-08-10 01:28:52 +0200: Memory Usage (478996K) : via3 has 4131 polygons
2026-08-10 01:28:52 +0200: Memory Usage (479252K) : metal4_drawn has 921 polygons
2026-08-10 01:28:52 +0200: Memory Usage (479252K) : metal4_dummy has 0 polygons
2026-08-10 01:28:52 +0200: Memory Usage (479380K) : metal4_label has 10 polygons
2026-08-10 01:28:52 +0200: Memory Usage (479380K) : metal4_slot has 0 polygons
2026-08-10 01:28:52 +0200: Memory Usage (479508K) : metal4_blk has 0 polygons
2026-08-10 01:28:52 +0200: Memory Usage (479508K) : via4 has 705 polygons
2026-08-10 01:28:52 +0200: Memory Usage (479636K) : metal5_drawn has 135 polygons
2026-08-10 01:28:52 +0200: Memory Usage (479636K) : metal5_dummy has 0 polygons
2026-08-10 01:28:52 +0200: Memory Usage (479764K) : metal5_label has 10 polygons
2026-08-10 01:28:52 +0200: Memory Usage (479764K) : metal5_slot has 0 polygons
2026-08-10 01:28:52 +0200: Memory Usage (479892K) : metal5_blk has 0 polygons
2026-08-10 01:28:52 +0200: Memory Usage (479892K) : pad has 0 polygons
2026-08-10 01:28:52 +0200: Memory Usage (480020K) : ubmpperi has 0 polygons
2026-08-10 01:28:52 +0200: Memory Usage (480020K) : ubmparray has 0 polygons
2026-08-10 01:28:52 +0200: Memory Usage (480148K) : ubmeplate has 0 polygons
2026-08-10 01:28:52 +0200: Memory Usage (480148K) : metal1_res has 0 polygons
2026-08-10 01:28:52 +0200: Memory Usage (480276K) : metal2_res has 0 polygons
2026-08-10 01:28:52 +0200: Memory Usage (480276K) : metal3_res has 0 polygons
2026-08-10 01:28:52 +0200: Memory Usage (480404K) : metal4_res has 0 polygons
2026-08-10 01:28:52 +0200: Memory Usage (480404K) : metal5_res has 0 polygons
2026-08-10 01:28:52 +0200: Memory Usage (480532K) : metal6_res has 0 polygons
2026-08-10 01:28:52 +0200: Memory Usage (480660K) : pr_bndry has 20758 polygons
2026-08-10 01:28:52 +0200: Memory Usage (480660K) : border has 0 polygons
2026-08-10 01:28:52 +0200: Memory Usage (480660K) : Total no. of polygons in the design is 1029154
2026-08-10 01:28:52 +0200: Memory Usage (480660K) : Starting deriving base layers.
2026-08-10 01:28:54 +0200: Memory Usage (548236K) : Total area of the design is 749563.125 um^2.
2026-08-10 01:28:54 +0200: Memory Usage (548236K) : Starting GF180MCU DRC rules.
2026-08-10 01:28:54 +0200: Memory Usage (548236K) : MIM Capacitor Option B section
2026-08-10 01:28:54 +0200: Memory Usage (548236K) : Executing rule MIMTM.1
2026-08-10 01:28:54 +0200: Memory Usage (548492K) : Executing rule MIMTM.2
2026-08-10 01:28:54 +0200: Memory Usage (548492K) : Executing rule MIMTM.3
2026-08-10 01:28:54 +0200: Memory Usage (548492K) : Executing rule MIMTM.4
2026-08-10 01:28:54 +0200: Memory Usage (548492K) : Executing rule MIMTM.5
2026-08-10 01:28:54 +0200: Memory Usage (549132K) : Executing rule MIMTM.6
2026-08-10 01:28:54 +0200: Memory Usage (549132K) : Executing rule MIMTM.7
2026-08-10 01:28:54 +0200: Memory Usage (549132K) : Executing rule MIMTM.8a
2026-08-10 01:28:54 +0200: Memory Usage (549132K) : Executing rule MIMTM.8b
2026-08-10 01:28:54 +0200: Memory Usage (549132K) : Executing rule MIMTM.9
2026-08-10 01:28:54 +0200: Memory Usage (549132K) : Executing rule MIMTM.10
2026-08-10 01:28:54 +0200: Memory Usage (549132K) : Executing rule MIMTM.11
2026-08-10 01:28:54 +0200: Memory Usage (549132K) :  DRC Total Run time 3.200573341 seconds
2026-08-10 01:28:54 +0200: Memory Usage (549132K) : Executing rule DE.2
2026-08-10 01:28:54 +0200: Memory Usage (549132K) : Executing rule DE.3
2026-08-10 01:28:54 +0200: Memory Usage (549132K) : Executing rule DE.4
2026-08-10 01:28:54 +0200: Memory Usage (549132K) :  DRC Total Run time 3.227112515 seconds
