
===========================================================================
report_checks -unconstrained
===========================================================================
======================= nom_tt_025C_3v30 Corner ===================================

Startpoint: rst_n (input port clocked by clk)
Endpoint: _38_ (recovery check against rising-edge clock clk)
Path Group: asynchronous
Path Type: max

Fanout         Cap        Slew       Delay        Time   Description
---------------------------------------------------------------------------------------------
                      0.150000    0.000000    0.000000   clock clk (rise edge)
                                  0.000000    0.000000   clock network delay (ideal)
                                 40.000000   40.000000 ^ input external delay
     3    0.021339    0.579061    0.290829   40.290829 ^ rst_n (in)
                                                         rst_n (net)
                      0.579061    0.000000   40.290829 ^ _38_/RN (gf180mcu_fd_sc_mcu7t5v0__dffrnq_1)
                                             40.290829   data arrival time

                      0.150000  200.000000  200.000000   clock clk (rise edge)
                                  0.000000  200.000000   clock network delay (ideal)
                                 -0.250000  199.750000   clock uncertainty
                                  0.000000  199.750000   clock reconvergence pessimism
                                            199.750000 ^ _38_/CLK (gf180mcu_fd_sc_mcu7t5v0__dffrnq_1)
                                  0.345666  200.095657   library recovery time
                                            200.095657   data required time
---------------------------------------------------------------------------------------------
                                            200.095657   data required time
                                            -40.290829   data arrival time
---------------------------------------------------------------------------------------------
                                            159.804825   slack (MET)


Startpoint: _40_ (rising edge-triggered flip-flop clocked by clk)
Endpoint: read_en (output port clocked by clk)
Path Group: clk
Path Type: max

Fanout         Cap        Slew       Delay        Time   Description
---------------------------------------------------------------------------------------------
                      0.150000    0.000000    0.000000   clock clk (rise edge)
                                  0.000000    0.000000   clock network delay (ideal)
                      0.150000    0.000000    0.000000 ^ _40_/CLK (gf180mcu_fd_sc_mcu7t5v0__dffrnq_1)
     6    0.090964    2.244145    2.463866    2.463866 ^ _40_/Q (gf180mcu_fd_sc_mcu7t5v0__dffrnq_1)
                                                         state_o[2] (net)
                      2.244145    0.000000    2.463866 ^ _23_/A2 (gf180mcu_fd_sc_mcu7t5v0__nor2_1)
     3    0.011423    0.708651    0.442026    2.905893 v _23_/ZN (gf180mcu_fd_sc_mcu7t5v0__nor2_1)
                                                         _07_ (net)
                      0.708651    0.000000    2.905893 v _24_/A3 (gf180mcu_fd_sc_mcu7t5v0__nor3_1)
     1    0.072910    5.119522    3.137666    6.043559 ^ _24_/ZN (gf180mcu_fd_sc_mcu7t5v0__nor3_1)
                                                         read_en (net)
                      5.119522    0.000000    6.043559 ^ read_en (out)
                                              6.043559   data arrival time

                      0.150000  200.000000  200.000000   clock clk (rise edge)
                                  0.000000  200.000000   clock network delay (ideal)
                                 -0.250000  199.750000   clock uncertainty
                                  0.000000  199.750000   clock reconvergence pessimism
                                -40.000000  159.749985   output external delay
                                            159.749985   data required time
---------------------------------------------------------------------------------------------
                                            159.749985   data required time
                                             -6.043559   data arrival time
---------------------------------------------------------------------------------------------
                                            153.706421   slack (MET)




===========================================================================
report_checks --slack_max -0.01
============================================================================
======================= nom_tt_025C_3v30 Corner ===================================

No paths found.


===========================================================================
 report_check_types -max_slew -max_cap -max_fanout -violators
============================================================================
======================= nom_tt_025C_3v30 Corner ===================================

max slew

Pin                                        Limit        Slew       Slack
------------------------------------------------------------------------
cal_start                               3.000000    5.439322   -2.439322 (VIOLATED)
_21_/ZN                                 3.000000    5.439322   -2.439322 (VIOLATED)
_34_/A1                                 3.000000    5.439322   -2.439322 (VIOLATED)
read_en                                 3.000000    5.119522   -2.119522 (VIOLATED)
_24_/ZN                                 3.000000    5.119522   -2.119522 (VIOLATED)



===========================================================================
report_parasitic_annotation -report_unannotated
============================================================================
Found 31 unannotated drivers.
 boot_complete
 cal_done
 cal_timeout
 cfg_done
 clk
 phase_offset_imported
 rst_n
 soft_rst
 _18_/ZN
 _19_/ZN
 _20_/ZN
 _21_/ZN
 _22_/Z
 _23_/ZN
 _24_/ZN
 _25_/ZN
 _26_/Z
 _27_/ZN
 _28_/Z
 _29_/ZN
 _30_/ZN
 _31_/ZN
 _32_/ZN
 _33_/ZN
 _34_/ZN
 _35_/ZN
 _36_/ZN
 _37_/ZN
 _38_/Q
 _39_/Q
 _40_/Q
Found 0 partially unannotated drivers.

===========================================================================
max slew violation count 5
max fanout violation count 0
max cap violation count 0
============================================================================

===========================================================================
check_setup -verbose -unconstrained_endpoints -multiple_clock -no_clock -no_input_delay -loops -generated_clocks
===========================================================================
