+ define_corners nom_tt_025C_3v30
Reading timing models for corner nom_tt_025C_3v30…
Reading cell library for the 'nom_tt_025C_3v30' corner at '/foss/pdks/gf180mcuD/libs.ref/gf180mcu_fd_sc_mcu7t5v0/lib/gf180mcu_fd_sc_mcu7t5v0__tt_025C_3v30.lib'…
Reading top-level netlist at '/workspace/librelane/runs/RUN_2026-08-09_23-45-37/06-yosys-synthesis/state_machine.nl.v'…
Linking design 'state_machine' from netlist…
Reading design constraints file at '/usr/local/lib/python3.12/dist-packages/librelane/scripts/base.sdc'…
[INFO] Using clock clk…
[INFO] Setting output delay to: 40
[INFO] Setting input delay to: 40
[INFO] Setting load to: 0.07291
[INFO] Setting clock uncertainty to: 0.25
[INFO] Setting clock transition to: 0.15
[INFO] Setting timing derate to: 5%
%OL_CREATE_REPORT min.rpt

===========================================================================
report_checks -path_delay min (Hold)
============================================================================
======================= nom_tt_025C_3v30 Corner ===================================

Startpoint: _39_ (rising edge-triggered flip-flop clocked by clk)
Endpoint: _39_ (rising edge-triggered flip-flop clocked by clk)
Path Group: clk
Path Type: min

Fanout         Cap        Slew       Delay        Time   Description
---------------------------------------------------------------------------------------------
                      0.150000    0.000000    0.000000   clock clk (rise edge)
                                  0.000000    0.000000   clock network delay (ideal)
                      0.150000    0.000000    0.000000 ^ _39_/CLK (gf180mcu_fd_sc_mcu7t5v0__dffrnq_1)
     5    0.088580    1.150343    1.654142    1.654142 v _39_/Q (gf180mcu_fd_sc_mcu7t5v0__dffrnq_1)
                                                         state_o[1] (net)
                      1.150343    0.000000    1.654142 v _32_/A1 (gf180mcu_fd_sc_mcu7t5v0__nor2_1)
     1    0.003931    0.394383    0.504544    2.158685 ^ _32_/ZN (gf180mcu_fd_sc_mcu7t5v0__nor2_1)
                                                         _14_ (net)
                      0.394383    0.000000    2.158685 ^ _35_/B (gf180mcu_fd_sc_mcu7t5v0__aoi211_1)
     1    0.002956    0.205719    0.251363    2.410049 v _35_/ZN (gf180mcu_fd_sc_mcu7t5v0__aoi211_1)
                                                         _01_ (net)
                      0.205719    0.000000    2.410049 v _39_/D (gf180mcu_fd_sc_mcu7t5v0__dffrnq_1)
                                              2.410049   data arrival time

                      0.150000    0.000000    0.000000   clock clk (rise edge)
                                  0.000000    0.000000   clock network delay (ideal)
                                  0.250000    0.250000   clock uncertainty
                                  0.000000    0.250000   clock reconvergence pessimism
                                              0.250000 ^ _39_/CLK (gf180mcu_fd_sc_mcu7t5v0__dffrnq_1)
                                  0.126395    0.376395   library hold time
                                              0.376395   data required time
---------------------------------------------------------------------------------------------
                                              0.376395   data required time
                                             -2.410049   data arrival time
---------------------------------------------------------------------------------------------
                                              2.033654   slack (MET)


Startpoint: _40_ (rising edge-triggered flip-flop clocked by clk)
Endpoint: _40_ (rising edge-triggered flip-flop clocked by clk)
Path Group: clk
Path Type: min

Fanout         Cap        Slew       Delay        Time   Description
---------------------------------------------------------------------------------------------
                      0.150000    0.000000    0.000000   clock clk (rise edge)
                                  0.000000    0.000000   clock network delay (ideal)
                      0.150000    0.000000    0.000000 ^ _40_/CLK (gf180mcu_fd_sc_mcu7t5v0__dffrnq_1)
     6    0.090964    1.179808    1.671885    1.671885 v _40_/Q (gf180mcu_fd_sc_mcu7t5v0__dffrnq_1)
                                                         state_o[2] (net)
                      1.179808    0.000000    1.671885 v _36_/A1 (gf180mcu_fd_sc_mcu7t5v0__nor2_1)
     1    0.003931    0.394383    0.511499    2.183384 ^ _36_/ZN (gf180mcu_fd_sc_mcu7t5v0__nor2_1)
                                                         _17_ (net)
                      0.394383    0.000000    2.183384 ^ _37_/B (gf180mcu_fd_sc_mcu7t5v0__aoi211_1)
     1    0.002956    0.206084    0.251363    2.434747 v _37_/ZN (gf180mcu_fd_sc_mcu7t5v0__aoi211_1)
                                                         _02_ (net)
                      0.206084    0.000000    2.434747 v _40_/D (gf180mcu_fd_sc_mcu7t5v0__dffrnq_1)
                                              2.434747   data arrival time

                      0.150000    0.000000    0.000000   clock clk (rise edge)
                                  0.000000    0.000000   clock network delay (ideal)
                                  0.250000    0.250000   clock uncertainty
                                  0.000000    0.250000   clock reconvergence pessimism
                                              0.250000 ^ _40_/CLK (gf180mcu_fd_sc_mcu7t5v0__dffrnq_1)
                                  0.126296    0.376296   library hold time
                                              0.376296   data required time
---------------------------------------------------------------------------------------------
                                              0.376296   data required time
                                             -2.434747   data arrival time
---------------------------------------------------------------------------------------------
                                              2.058451   slack (MET)


Startpoint: _38_ (rising edge-triggered flip-flop clocked by clk)
Endpoint: _38_ (rising edge-triggered flip-flop clocked by clk)
Path Group: clk
Path Type: min

Fanout         Cap        Slew       Delay        Time   Description
---------------------------------------------------------------------------------------------
                      0.150000    0.000000    0.000000   clock clk (rise edge)
                                  0.000000    0.000000   clock network delay (ideal)
                      0.150000    0.000000    0.000000 ^ _38_/CLK (gf180mcu_fd_sc_mcu7t5v0__dffrnq_1)
     8    0.101145    1.307285    1.747728    1.747728 v _38_/Q (gf180mcu_fd_sc_mcu7t5v0__dffrnq_1)
                                                         state_o[0] (net)
                      1.307285    0.000000    1.747728 v _30_/A1 (gf180mcu_fd_sc_mcu7t5v0__oai21_1)
     1    0.003919    0.308312    0.584232    2.331960 ^ _30_/ZN (gf180mcu_fd_sc_mcu7t5v0__oai21_1)
                                                         _13_ (net)
                      0.308312    0.000000    2.331960 ^ _31_/B (gf180mcu_fd_sc_mcu7t5v0__aoi21_1)
     1    0.002956    0.208697    0.208363    2.540324 v _31_/ZN (gf180mcu_fd_sc_mcu7t5v0__aoi21_1)
                                                         _00_ (net)
                      0.208697    0.000000    2.540324 v _38_/D (gf180mcu_fd_sc_mcu7t5v0__dffrnq_1)
                                              2.540324   data arrival time

                      0.150000    0.000000    0.000000   clock clk (rise edge)
                                  0.000000    0.000000   clock network delay (ideal)
                                  0.250000    0.250000   clock uncertainty
                                  0.000000    0.250000   clock reconvergence pessimism
                                              0.250000 ^ _38_/CLK (gf180mcu_fd_sc_mcu7t5v0__dffrnq_1)
                                  0.125587    0.375587   library hold time
                                              0.375587   data required time
---------------------------------------------------------------------------------------------
                                              0.375587   data required time
                                             -2.540324   data arrival time
---------------------------------------------------------------------------------------------
                                              2.164737   slack (MET)


Startpoint: rst_n (input port clocked by clk)
Endpoint: _38_ (removal check against rising-edge clock clk)
Path Group: asynchronous
Path Type: min

Fanout         Cap        Slew       Delay        Time   Description
---------------------------------------------------------------------------------------------
                      0.150000    0.000000    0.000000   clock clk (rise edge)
                                  0.000000    0.000000   clock network delay (ideal)
                                 40.000000   40.000000 ^ input external delay
     3    0.021339    0.579061    0.290829   40.290829 ^ rst_n (in)
                                                         rst_n (net)
                      0.579061    0.000000   40.290829 ^ _38_/RN (gf180mcu_fd_sc_mcu7t5v0__dffrnq_1)
                                             40.290829   data arrival time

                      0.150000    0.000000    0.000000   clock clk (rise edge)
                                  0.000000    0.000000   clock network delay (ideal)
                                  0.250000    0.250000   clock uncertainty
                                  0.000000    0.250000   clock reconvergence pessimism
                                              0.250000 ^ _38_/CLK (gf180mcu_fd_sc_mcu7t5v0__dffrnq_1)
                                  0.571513    0.821513   library removal time
                                              0.821513   data required time
---------------------------------------------------------------------------------------------
                                              0.821513   data required time
                                            -40.290829   data arrival time
---------------------------------------------------------------------------------------------
                                             39.469318   slack (MET)


Startpoint: rst_n (input port clocked by clk)
Endpoint: _39_ (removal check against rising-edge clock clk)
Path Group: asynchronous
Path Type: min

Fanout         Cap        Slew       Delay        Time   Description
---------------------------------------------------------------------------------------------
                      0.150000    0.000000    0.000000   clock clk (rise edge)
                                  0.000000    0.000000   clock network delay (ideal)
                                 40.000000   40.000000 ^ input external delay
     3    0.021339    0.579061    0.290829   40.290829 ^ rst_n (in)
                                                         rst_n (net)
                      0.579061    0.000000   40.290829 ^ _39_/RN (gf180mcu_fd_sc_mcu7t5v0__dffrnq_1)
                                             40.290829   data arrival time

                      0.150000    0.000000    0.000000   clock clk (rise edge)
                                  0.000000    0.000000   clock network delay (ideal)
                                  0.250000    0.250000   clock uncertainty
                                  0.000000    0.250000   clock reconvergence pessimism
                                              0.250000 ^ _39_/CLK (gf180mcu_fd_sc_mcu7t5v0__dffrnq_1)
                                  0.571513    0.821513   library removal time
                                              0.821513   data required time
---------------------------------------------------------------------------------------------
                                              0.821513   data required time
                                            -40.290829   data arrival time
---------------------------------------------------------------------------------------------
                                             39.469318   slack (MET)


Startpoint: rst_n (input port clocked by clk)
Endpoint: _40_ (removal check against rising-edge clock clk)
Path Group: asynchronous
Path Type: min

Fanout         Cap        Slew       Delay        Time   Description
---------------------------------------------------------------------------------------------
                      0.150000    0.000000    0.000000   clock clk (rise edge)
                                  0.000000    0.000000   clock network delay (ideal)
                                 40.000000   40.000000 ^ input external delay
     3    0.021339    0.579061    0.290829   40.290829 ^ rst_n (in)
                                                         rst_n (net)
                      0.579061    0.000000   40.290829 ^ _40_/RN (gf180mcu_fd_sc_mcu7t5v0__dffrnq_1)
                                             40.290829   data arrival time

                      0.150000    0.000000    0.000000   clock clk (rise edge)
                                  0.000000    0.000000   clock network delay (ideal)
                                  0.250000    0.250000   clock uncertainty
                                  0.000000    0.250000   clock reconvergence pessimism
                                              0.250000 ^ _40_/CLK (gf180mcu_fd_sc_mcu7t5v0__dffrnq_1)
                                  0.571513    0.821513   library removal time
                                              0.821513   data required time
---------------------------------------------------------------------------------------------
                                              0.821513   data required time
                                            -40.290829   data arrival time
---------------------------------------------------------------------------------------------
                                             39.469318   slack (MET)


Startpoint: _39_ (rising edge-triggered flip-flop clocked by clk)
Endpoint: state_o[1] (output port clocked by clk)
Path Group: clk
Path Type: min

Fanout         Cap        Slew       Delay        Time   Description
---------------------------------------------------------------------------------------------
                      0.150000    0.000000    0.000000   clock clk (rise edge)
                                  0.000000    0.000000   clock network delay (ideal)
                      0.150000    0.000000    0.000000 ^ _39_/CLK (gf180mcu_fd_sc_mcu7t5v0__dffrnq_1)
     5    0.088580    1.150343    1.654142    1.654142 v _39_/Q (gf180mcu_fd_sc_mcu7t5v0__dffrnq_1)
                                                         state_o[1] (net)
                      1.150343    0.000000    1.654142 v state_o[1] (out)
                                              1.654142   data arrival time

                      0.150000    0.000000    0.000000   clock clk (rise edge)
                                  0.000000    0.000000   clock network delay (ideal)
                                  0.250000    0.250000   clock uncertainty
                                  0.000000    0.250000   clock reconvergence pessimism
                                -40.000000  -39.750000   output external delay
                                            -39.750000   data required time
---------------------------------------------------------------------------------------------
                                            -39.750000   data required time
                                             -1.654142   data arrival time
---------------------------------------------------------------------------------------------
                                             41.404144   slack (MET)


Startpoint: _40_ (rising edge-triggered flip-flop clocked by clk)
Endpoint: state_o[2] (output port clocked by clk)
Path Group: clk
Path Type: min

Fanout         Cap        Slew       Delay        Time   Description
---------------------------------------------------------------------------------------------
                      0.150000    0.000000    0.000000   clock clk (rise edge)
                                  0.000000    0.000000   clock network delay (ideal)
                      0.150000    0.000000    0.000000 ^ _40_/CLK (gf180mcu_fd_sc_mcu7t5v0__dffrnq_1)
     6    0.090964    1.179808    1.671885    1.671885 v _40_/Q (gf180mcu_fd_sc_mcu7t5v0__dffrnq_1)
                                                         state_o[2] (net)
                      1.179808    0.000000    1.671885 v state_o[2] (out)
                                              1.671885   data arrival time

                      0.150000    0.000000    0.000000   clock clk (rise edge)
                                  0.000000    0.000000   clock network delay (ideal)
                                  0.250000    0.250000   clock uncertainty
                                  0.000000    0.250000   clock reconvergence pessimism
                                -40.000000  -39.750000   output external delay
                                            -39.750000   data required time
---------------------------------------------------------------------------------------------
                                            -39.750000   data required time
                                             -1.671885   data arrival time
---------------------------------------------------------------------------------------------
                                             41.421886   slack (MET)


Startpoint: _38_ (rising edge-triggered flip-flop clocked by clk)
Endpoint: state_o[0] (output port clocked by clk)
Path Group: clk
Path Type: min

Fanout         Cap        Slew       Delay        Time   Description
---------------------------------------------------------------------------------------------
                      0.150000    0.000000    0.000000   clock clk (rise edge)
                                  0.000000    0.000000   clock network delay (ideal)
                      0.150000    0.000000    0.000000 ^ _38_/CLK (gf180mcu_fd_sc_mcu7t5v0__dffrnq_1)
     8    0.101145    1.307285    1.747728    1.747728 v _38_/Q (gf180mcu_fd_sc_mcu7t5v0__dffrnq_1)
                                                         state_o[0] (net)
                      1.307285    0.000000    1.747728 v state_o[0] (out)
                                              1.747728   data arrival time

                      0.150000    0.000000    0.000000   clock clk (rise edge)
                                  0.000000    0.000000   clock network delay (ideal)
                                  0.250000    0.250000   clock uncertainty
                                  0.000000    0.250000   clock reconvergence pessimism
                                -40.000000  -39.750000   output external delay
                                            -39.750000   data required time
---------------------------------------------------------------------------------------------
                                            -39.750000   data required time
                                             -1.747728   data arrival time
---------------------------------------------------------------------------------------------
                                             41.497730   slack (MET)


Startpoint: _39_ (rising edge-triggered flip-flop clocked by clk)
Endpoint: cal_start (output port clocked by clk)
Path Group: clk
Path Type: min

Fanout         Cap        Slew       Delay        Time   Description
---------------------------------------------------------------------------------------------
                      0.150000    0.000000    0.000000   clock clk (rise edge)
                                  0.000000    0.000000   clock network delay (ideal)
                      0.150000    0.000000    0.000000 ^ _39_/CLK (gf180mcu_fd_sc_mcu7t5v0__dffrnq_1)
     5    0.088580    1.150343    1.654142    1.654142 v _39_/Q (gf180mcu_fd_sc_mcu7t5v0__dffrnq_1)
                                                         state_o[1] (net)
                      1.150343    0.000000    1.654142 v _19_/I (gf180mcu_fd_sc_mcu7t5v0__clkinv_1)
     2    0.006649    0.405813    0.403921    2.058063 ^ _19_/ZN (gf180mcu_fd_sc_mcu7t5v0__clkinv_1)
                                                         _04_ (net)
                      0.405813    0.000000    2.058063 ^ _21_/A2 (gf180mcu_fd_sc_mcu7t5v0__nor3_1)
     2    0.077765    1.729221    1.161496    3.219559 v _21_/ZN (gf180mcu_fd_sc_mcu7t5v0__nor3_1)
                                                         cal_start (net)
                      1.729221    0.000000    3.219559 v cal_start (out)
                                              3.219559   data arrival time

                      0.150000    0.000000    0.000000   clock clk (rise edge)
                                  0.000000    0.000000   clock network delay (ideal)
                                  0.250000    0.250000   clock uncertainty
                                  0.000000    0.250000   clock reconvergence pessimism
                                -40.000000  -39.750000   output external delay
                                            -39.750000   data required time
---------------------------------------------------------------------------------------------
                                            -39.750000   data required time
                                             -3.219559   data arrival time
---------------------------------------------------------------------------------------------
                                             42.969559   slack (MET)


Startpoint: _40_ (rising edge-triggered flip-flop clocked by clk)
Endpoint: read_en (output port clocked by clk)
Path Group: clk
Path Type: min

Fanout         Cap        Slew       Delay        Time   Description
---------------------------------------------------------------------------------------------
                      0.150000    0.000000    0.000000   clock clk (rise edge)
                                  0.000000    0.000000   clock network delay (ideal)
                      0.150000    0.000000    0.000000 ^ _40_/CLK (gf180mcu_fd_sc_mcu7t5v0__dffrnq_1)
     6    0.090964    1.179808    1.671885    1.671885 v _40_/Q (gf180mcu_fd_sc_mcu7t5v0__dffrnq_1)
                                                         state_o[2] (net)
                      1.179808    0.000000    1.671885 v _23_/A2 (gf180mcu_fd_sc_mcu7t5v0__nor2_1)
     3    0.011423    0.766413    0.669888    2.341773 ^ _23_/ZN (gf180mcu_fd_sc_mcu7t5v0__nor2_1)
                                                         _07_ (net)
                      0.766413    0.000000    2.341773 ^ _24_/A3 (gf180mcu_fd_sc_mcu7t5v0__nor3_1)
     1    0.072910    1.628986    1.218492    3.560264 v _24_/ZN (gf180mcu_fd_sc_mcu7t5v0__nor3_1)
                                                         read_en (net)
                      1.628986    0.000000    3.560264 v read_en (out)
                                              3.560264   data arrival time

                      0.150000    0.000000    0.000000   clock clk (rise edge)
                                  0.000000    0.000000   clock network delay (ideal)
                                  0.250000    0.250000   clock uncertainty
                                  0.000000    0.250000   clock reconvergence pessimism
                                -40.000000  -39.750000   output external delay
                                            -39.750000   data required time
---------------------------------------------------------------------------------------------
                                            -39.750000   data required time
                                             -3.560264   data arrival time
---------------------------------------------------------------------------------------------
                                             43.310265   slack (MET)



%OL_END_REPORT
%OL_CREATE_REPORT max.rpt

===========================================================================
report_checks -path_delay max (Setup)
============================================================================
======================= nom_tt_025C_3v30 Corner ===================================

Startpoint: _40_ (rising edge-triggered flip-flop clocked by clk)
Endpoint: read_en (output port clocked by clk)
Path Group: clk
Path Type: max

Fanout         Cap        Slew       Delay        Time   Description
---------------------------------------------------------------------------------------------
                      0.150000    0.000000    0.000000   clock clk (rise edge)
                                  0.000000    0.000000   clock network delay (ideal)
                      0.150000    0.000000    0.000000 ^ _40_/CLK (gf180mcu_fd_sc_mcu7t5v0__dffrnq_1)
     6    0.090964    2.244145    2.463866    2.463866 ^ _40_/Q (gf180mcu_fd_sc_mcu7t5v0__dffrnq_1)
                                                         state_o[2] (net)
                      2.244145    0.000000    2.463866 ^ _23_/A2 (gf180mcu_fd_sc_mcu7t5v0__nor2_1)
     3    0.011423    0.708651    0.442026    2.905893 v _23_/ZN (gf180mcu_fd_sc_mcu7t5v0__nor2_1)
                                                         _07_ (net)
                      0.708651    0.000000    2.905893 v _24_/A3 (gf180mcu_fd_sc_mcu7t5v0__nor3_1)
     1    0.072910    5.119522    3.137666    6.043559 ^ _24_/ZN (gf180mcu_fd_sc_mcu7t5v0__nor3_1)
                                                         read_en (net)
                      5.119522    0.000000    6.043559 ^ read_en (out)
                                              6.043559   data arrival time

                      0.150000  200.000000  200.000000   clock clk (rise edge)
                                  0.000000  200.000000   clock network delay (ideal)
                                 -0.250000  199.750000   clock uncertainty
                                  0.000000  199.750000   clock reconvergence pessimism
                                -40.000000  159.749985   output external delay
                                            159.749985   data required time
---------------------------------------------------------------------------------------------
                                            159.749985   data required time
                                             -6.043559   data arrival time
---------------------------------------------------------------------------------------------
                                            153.706421   slack (MET)


Startpoint: _39_ (rising edge-triggered flip-flop clocked by clk)
Endpoint: cal_start (output port clocked by clk)
Path Group: clk
Path Type: max

Fanout         Cap        Slew       Delay        Time   Description
---------------------------------------------------------------------------------------------
                      0.150000    0.000000    0.000000   clock clk (rise edge)
                                  0.000000    0.000000   clock network delay (ideal)
                      0.150000    0.000000    0.000000 ^ _39_/CLK (gf180mcu_fd_sc_mcu7t5v0__dffrnq_1)
     5    0.088580    2.187511    2.431685    2.431685 ^ _39_/Q (gf180mcu_fd_sc_mcu7t5v0__dffrnq_1)
                                                         state_o[1] (net)
                      2.187511    0.000000    2.431685 ^ _19_/I (gf180mcu_fd_sc_mcu7t5v0__clkinv_1)
     2    0.006649    0.540786    0.310195    2.741881 v _19_/ZN (gf180mcu_fd_sc_mcu7t5v0__clkinv_1)
                                                         _04_ (net)
                      0.540786    0.000000    2.741881 v _21_/A2 (gf180mcu_fd_sc_mcu7t5v0__nor3_1)
     2    0.077765    5.439322    3.276468    6.018349 ^ _21_/ZN (gf180mcu_fd_sc_mcu7t5v0__nor3_1)
                                                         cal_start (net)
                      5.439322    0.000000    6.018349 ^ cal_start (out)
                                              6.018349   data arrival time

                      0.150000  200.000000  200.000000   clock clk (rise edge)
                                  0.000000  200.000000   clock network delay (ideal)
                                 -0.250000  199.750000   clock uncertainty
                                  0.000000  199.750000   clock reconvergence pessimism
                                -40.000000  159.749985   output external delay
                                            159.749985   data required time
---------------------------------------------------------------------------------------------
                                            159.749985   data required time
                                             -6.018349   data arrival time
---------------------------------------------------------------------------------------------
                                            153.731644   slack (MET)


Startpoint: cal_done (input port clocked by clk)
Endpoint: _40_ (rising edge-triggered flip-flop clocked by clk)
Path Group: clk
Path Type: max

Fanout         Cap        Slew       Delay        Time   Description
---------------------------------------------------------------------------------------------
                      0.150000    0.000000    0.000000   clock clk (rise edge)
                                  0.000000    0.000000   clock network delay (ideal)
                                 40.000000   40.000000 ^ input external delay
     1    0.004154    0.169971    0.058062   40.058064 ^ cal_done (in)
                                                         cal_done (net)
                      0.169971    0.000000   40.058064 ^ _25_/A2 (gf180mcu_fd_sc_mcu7t5v0__nor2_1)
     1    0.002682    0.152177    0.143800   40.201862 v _25_/ZN (gf180mcu_fd_sc_mcu7t5v0__nor2_1)
                                                         _08_ (net)
                      0.152177    0.000000   40.201862 v _26_/A4 (gf180mcu_fd_sc_mcu7t5v0__or4_1)
     1    0.004838    0.378742    1.303505   41.505367 v _26_/Z (gf180mcu_fd_sc_mcu7t5v0__or4_1)
                                                         _09_ (net)
                      0.378742    0.000000   41.505367 v _29_/A1 (gf180mcu_fd_sc_mcu7t5v0__aoi22_1)
     6    0.026840    1.569336    0.969472   42.474838 ^ _29_/ZN (gf180mcu_fd_sc_mcu7t5v0__aoi22_1)
                                                         _12_ (net)
                      1.569336    0.000000   42.474838 ^ _36_/A2 (gf180mcu_fd_sc_mcu7t5v0__nor2_1)
     1    0.003931    0.486391    0.258840   42.733681 v _36_/ZN (gf180mcu_fd_sc_mcu7t5v0__nor2_1)
                                                         _17_ (net)
                      0.486391    0.000000   42.733681 v _37_/B (gf180mcu_fd_sc_mcu7t5v0__aoi211_1)
     1    0.002956    0.695060    0.603713   43.337391 ^ _37_/ZN (gf180mcu_fd_sc_mcu7t5v0__aoi211_1)
                                                         _02_ (net)
                      0.695060    0.000000   43.337391 ^ _40_/D (gf180mcu_fd_sc_mcu7t5v0__dffrnq_1)
                                             43.337391   data arrival time

                      0.150000  200.000000  200.000000   clock clk (rise edge)
                                  0.000000  200.000000   clock network delay (ideal)
                                 -0.250000  199.750000   clock uncertainty
                                  0.000000  199.750000   clock reconvergence pessimism
                                            199.750000 ^ _40_/CLK (gf180mcu_fd_sc_mcu7t5v0__dffrnq_1)
                                 -0.553597  199.196396   library setup time
                                            199.196396   data required time
---------------------------------------------------------------------------------------------
                                            199.196396   data required time
                                            -43.337391   data arrival time
---------------------------------------------------------------------------------------------
                                            155.859009   slack (MET)


Startpoint: cal_done (input port clocked by clk)
Endpoint: _39_ (rising edge-triggered flip-flop clocked by clk)
Path Group: clk
Path Type: max

Fanout         Cap        Slew       Delay        Time   Description
---------------------------------------------------------------------------------------------
                      0.150000    0.000000    0.000000   clock clk (rise edge)
                                  0.000000    0.000000   clock network delay (ideal)
                                 40.000000   40.000000 ^ input external delay
     1    0.004154    0.169971    0.058062   40.058064 ^ cal_done (in)
                                                         cal_done (net)
                      0.169971    0.000000   40.058064 ^ _25_/A2 (gf180mcu_fd_sc_mcu7t5v0__nor2_1)
     1    0.002682    0.152177    0.143800   40.201862 v _25_/ZN (gf180mcu_fd_sc_mcu7t5v0__nor2_1)
                                                         _08_ (net)
                      0.152177    0.000000   40.201862 v _26_/A4 (gf180mcu_fd_sc_mcu7t5v0__or4_1)
     1    0.004838    0.378742    1.303505   41.505367 v _26_/Z (gf180mcu_fd_sc_mcu7t5v0__or4_1)
                                                         _09_ (net)
                      0.378742    0.000000   41.505367 v _29_/A1 (gf180mcu_fd_sc_mcu7t5v0__aoi22_1)
     6    0.026840    1.569336    0.969472   42.474838 ^ _29_/ZN (gf180mcu_fd_sc_mcu7t5v0__aoi22_1)
                                                         _12_ (net)
                      1.569336    0.000000   42.474838 ^ _32_/A2 (gf180mcu_fd_sc_mcu7t5v0__nor2_1)
     1    0.003931    0.479372    0.258840   42.733681 v _32_/ZN (gf180mcu_fd_sc_mcu7t5v0__nor2_1)
                                                         _14_ (net)
                      0.479372    0.000000   42.733681 v _35_/B (gf180mcu_fd_sc_mcu7t5v0__aoi211_1)
     1    0.002956    0.701958    0.602416   43.336094 ^ _35_/ZN (gf180mcu_fd_sc_mcu7t5v0__aoi211_1)
                                                         _01_ (net)
                      0.701958    0.000000   43.336094 ^ _39_/D (gf180mcu_fd_sc_mcu7t5v0__dffrnq_1)
                                             43.336094   data arrival time

                      0.150000  200.000000  200.000000   clock clk (rise edge)
                                  0.000000  200.000000   clock network delay (ideal)
                                 -0.250000  199.750000   clock uncertainty
                                  0.000000  199.750000   clock reconvergence pessimism
                                            199.750000 ^ _39_/CLK (gf180mcu_fd_sc_mcu7t5v0__dffrnq_1)
                                 -0.554270  199.195724   library setup time
                                            199.195724   data required time
---------------------------------------------------------------------------------------------
                                            199.195724   data required time
                                            -43.336094   data arrival time
---------------------------------------------------------------------------------------------
                                            155.859634   slack (MET)


Startpoint: cal_done (input port clocked by clk)
Endpoint: _38_ (rising edge-triggered flip-flop clocked by clk)
Path Group: clk
Path Type: max

Fanout         Cap        Slew       Delay        Time   Description
---------------------------------------------------------------------------------------------
                      0.150000    0.000000    0.000000   clock clk (rise edge)
                                  0.000000    0.000000   clock network delay (ideal)
                                 40.000000   40.000000 ^ input external delay
     1    0.004154    0.169971    0.058062   40.058064 ^ cal_done (in)
                                                         cal_done (net)
                      0.169971    0.000000   40.058064 ^ _25_/A2 (gf180mcu_fd_sc_mcu7t5v0__nor2_1)
     1    0.002682    0.152177    0.143800   40.201862 v _25_/ZN (gf180mcu_fd_sc_mcu7t5v0__nor2_1)
                                                         _08_ (net)
                      0.152177    0.000000   40.201862 v _26_/A4 (gf180mcu_fd_sc_mcu7t5v0__or4_1)
     1    0.004838    0.378742    1.303505   41.505367 v _26_/Z (gf180mcu_fd_sc_mcu7t5v0__or4_1)
                                                         _09_ (net)
                      0.378742    0.000000   41.505367 v _29_/A1 (gf180mcu_fd_sc_mcu7t5v0__aoi22_1)
     6    0.026840    1.569336    0.969472   42.474838 ^ _29_/ZN (gf180mcu_fd_sc_mcu7t5v0__aoi22_1)
                                                         _12_ (net)
                      1.569336    0.000000   42.474838 ^ _30_/A2 (gf180mcu_fd_sc_mcu7t5v0__oai21_1)
     1    0.003919    0.552146    0.274859   42.749699 v _30_/ZN (gf180mcu_fd_sc_mcu7t5v0__oai21_1)
                                                         _13_ (net)
                      0.552146    0.000000   42.749699 v _31_/B (gf180mcu_fd_sc_mcu7t5v0__aoi21_1)
     1    0.002956    0.465219    0.436831   43.186531 ^ _31_/ZN (gf180mcu_fd_sc_mcu7t5v0__aoi21_1)
                                                         _00_ (net)
                      0.465219    0.000000   43.186531 ^ _38_/D (gf180mcu_fd_sc_mcu7t5v0__dffrnq_1)
                                             43.186531   data arrival time

                      0.150000  200.000000  200.000000   clock clk (rise edge)
                                  0.000000  200.000000   clock network delay (ideal)
                                 -0.250000  199.750000   clock uncertainty
                                  0.000000  199.750000   clock reconvergence pessimism
                                            199.750000 ^ _38_/CLK (gf180mcu_fd_sc_mcu7t5v0__dffrnq_1)
                                 -0.513583  199.236420   library setup time
                                            199.236420   data required time
---------------------------------------------------------------------------------------------
                                            199.236420   data required time
                                            -43.186531   data arrival time
---------------------------------------------------------------------------------------------
                                            156.049881   slack (MET)


Startpoint: _38_ (rising edge-triggered flip-flop clocked by clk)
Endpoint: state_o[0] (output port clocked by clk)
Path Group: clk
Path Type: max

Fanout         Cap        Slew       Delay        Time   Description
---------------------------------------------------------------------------------------------
                      0.150000    0.000000    0.000000   clock clk (rise edge)
                                  0.000000    0.000000   clock network delay (ideal)
                      0.150000    0.000000    0.000000 ^ _38_/CLK (gf180mcu_fd_sc_mcu7t5v0__dffrnq_1)
     8    0.101145    2.487179    2.601271    2.601271 ^ _38_/Q (gf180mcu_fd_sc_mcu7t5v0__dffrnq_1)
                                                         state_o[0] (net)
                      2.487179    0.000000    2.601271 ^ state_o[0] (out)
                                              2.601271   data arrival time

                      0.150000  200.000000  200.000000   clock clk (rise edge)
                                  0.000000  200.000000   clock network delay (ideal)
                                 -0.250000  199.750000   clock uncertainty
                                  0.000000  199.750000   clock reconvergence pessimism
                                -40.000000  159.749985   output external delay
                                            159.749985   data required time
---------------------------------------------------------------------------------------------
                                            159.749985   data required time
                                             -2.601271   data arrival time
---------------------------------------------------------------------------------------------
                                            157.148727   slack (MET)


Startpoint: _40_ (rising edge-triggered flip-flop clocked by clk)
Endpoint: state_o[2] (output port clocked by clk)
Path Group: clk
Path Type: max

Fanout         Cap        Slew       Delay        Time   Description
---------------------------------------------------------------------------------------------
                      0.150000    0.000000    0.000000   clock clk (rise edge)
                                  0.000000    0.000000   clock network delay (ideal)
                      0.150000    0.000000    0.000000 ^ _40_/CLK (gf180mcu_fd_sc_mcu7t5v0__dffrnq_1)
     6    0.090964    2.244145    2.463866    2.463866 ^ _40_/Q (gf180mcu_fd_sc_mcu7t5v0__dffrnq_1)
                                                         state_o[2] (net)
                      2.244145    0.000000    2.463866 ^ state_o[2] (out)
                                              2.463866   data arrival time

                      0.150000  200.000000  200.000000   clock clk (rise edge)
                                  0.000000  200.000000   clock network delay (ideal)
                                 -0.250000  199.750000   clock uncertainty
                                  0.000000  199.750000   clock reconvergence pessimism
                                -40.000000  159.749985   output external delay
                                            159.749985   data required time
---------------------------------------------------------------------------------------------
                                            159.749985   data required time
                                             -2.463866   data arrival time
---------------------------------------------------------------------------------------------
                                            157.286133   slack (MET)


Startpoint: _39_ (rising edge-triggered flip-flop clocked by clk)
Endpoint: state_o[1] (output port clocked by clk)
Path Group: clk
Path Type: max

Fanout         Cap        Slew       Delay        Time   Description
---------------------------------------------------------------------------------------------
                      0.150000    0.000000    0.000000   clock clk (rise edge)
                                  0.000000    0.000000   clock network delay (ideal)
                      0.150000    0.000000    0.000000 ^ _39_/CLK (gf180mcu_fd_sc_mcu7t5v0__dffrnq_1)
     5    0.088580    2.187511    2.431685    2.431685 ^ _39_/Q (gf180mcu_fd_sc_mcu7t5v0__dffrnq_1)
                                                         state_o[1] (net)
                      2.187511    0.000000    2.431685 ^ state_o[1] (out)
                                              2.431685   data arrival time

                      0.150000  200.000000  200.000000   clock clk (rise edge)
                                  0.000000  200.000000   clock network delay (ideal)
                                 -0.250000  199.750000   clock uncertainty
                                  0.000000  199.750000   clock reconvergence pessimism
                                -40.000000  159.749985   output external delay
                                            159.749985   data required time
---------------------------------------------------------------------------------------------
                                            159.749985   data required time
                                             -2.431685   data arrival time
---------------------------------------------------------------------------------------------
                                            157.318298   slack (MET)


Startpoint: rst_n (input port clocked by clk)
Endpoint: _38_ (recovery check against rising-edge clock clk)
Path Group: asynchronous
Path Type: max

Fanout         Cap        Slew       Delay        Time   Description
---------------------------------------------------------------------------------------------
                      0.150000    0.000000    0.000000   clock clk (rise edge)
                                  0.000000    0.000000   clock network delay (ideal)
                                 40.000000   40.000000 ^ input external delay
     3    0.021339    0.579061    0.290829   40.290829 ^ rst_n (in)
                                                         rst_n (net)
                      0.579061    0.000000   40.290829 ^ _38_/RN (gf180mcu_fd_sc_mcu7t5v0__dffrnq_1)
                                             40.290829   data arrival time

                      0.150000  200.000000  200.000000   clock clk (rise edge)
                                  0.000000  200.000000   clock network delay (ideal)
                                 -0.250000  199.750000   clock uncertainty
                                  0.000000  199.750000   clock reconvergence pessimism
                                            199.750000 ^ _38_/CLK (gf180mcu_fd_sc_mcu7t5v0__dffrnq_1)
                                  0.345666  200.095657   library recovery time
                                            200.095657   data required time
---------------------------------------------------------------------------------------------
                                            200.095657   data required time
                                            -40.290829   data arrival time
---------------------------------------------------------------------------------------------
                                            159.804825   slack (MET)


Startpoint: rst_n (input port clocked by clk)
Endpoint: _39_ (recovery check against rising-edge clock clk)
Path Group: asynchronous
Path Type: max

Fanout         Cap        Slew       Delay        Time   Description
---------------------------------------------------------------------------------------------
                      0.150000    0.000000    0.000000   clock clk (rise edge)
                                  0.000000    0.000000   clock network delay (ideal)
                                 40.000000   40.000000 ^ input external delay
     3    0.021339    0.579061    0.290829   40.290829 ^ rst_n (in)
                                                         rst_n (net)
                      0.579061    0.000000   40.290829 ^ _39_/RN (gf180mcu_fd_sc_mcu7t5v0__dffrnq_1)
                                             40.290829   data arrival time

                      0.150000  200.000000  200.000000   clock clk (rise edge)
                                  0.000000  200.000000   clock network delay (ideal)
                                 -0.250000  199.750000   clock uncertainty
                                  0.000000  199.750000   clock reconvergence pessimism
                                            199.750000 ^ _39_/CLK (gf180mcu_fd_sc_mcu7t5v0__dffrnq_1)
                                  0.345666  200.095657   library recovery time
                                            200.095657   data required time
---------------------------------------------------------------------------------------------
                                            200.095657   data required time
                                            -40.290829   data arrival time
---------------------------------------------------------------------------------------------
                                            159.804825   slack (MET)


Startpoint: rst_n (input port clocked by clk)
Endpoint: _40_ (recovery check against rising-edge clock clk)
Path Group: asynchronous
Path Type: max

Fanout         Cap        Slew       Delay        Time   Description
---------------------------------------------------------------------------------------------
                      0.150000    0.000000    0.000000   clock clk (rise edge)
                                  0.000000    0.000000   clock network delay (ideal)
                                 40.000000   40.000000 ^ input external delay
     3    0.021339    0.579061    0.290829   40.290829 ^ rst_n (in)
                                                         rst_n (net)
                      0.579061    0.000000   40.290829 ^ _40_/RN (gf180mcu_fd_sc_mcu7t5v0__dffrnq_1)
                                             40.290829   data arrival time

                      0.150000  200.000000  200.000000   clock clk (rise edge)
                                  0.000000  200.000000   clock network delay (ideal)
                                 -0.250000  199.750000   clock uncertainty
                                  0.000000  199.750000   clock reconvergence pessimism
                                            199.750000 ^ _40_/CLK (gf180mcu_fd_sc_mcu7t5v0__dffrnq_1)
                                  0.345666  200.095657   library recovery time
                                            200.095657   data required time
---------------------------------------------------------------------------------------------
                                            200.095657   data required time
                                            -40.290829   data arrival time
---------------------------------------------------------------------------------------------
                                            159.804825   slack (MET)



%OL_END_REPORT
%OL_CREATE_REPORT checks.rpt

===========================================================================
report_checks -unconstrained
===========================================================================
======================= nom_tt_025C_3v30 Corner ===================================

Startpoint: rst_n (input port clocked by clk)
Endpoint: _38_ (recovery check against rising-edge clock clk)
Path Group: asynchronous
Path Type: max

Fanout         Cap        Slew       Delay        Time   Description
---------------------------------------------------------------------------------------------
                      0.150000    0.000000    0.000000   clock clk (rise edge)
                                  0.000000    0.000000   clock network delay (ideal)
                                 40.000000   40.000000 ^ input external delay
     3    0.021339    0.579061    0.290829   40.290829 ^ rst_n (in)
                                                         rst_n (net)
                      0.579061    0.000000   40.290829 ^ _38_/RN (gf180mcu_fd_sc_mcu7t5v0__dffrnq_1)
                                             40.290829   data arrival time

                      0.150000  200.000000  200.000000   clock clk (rise edge)
                                  0.000000  200.000000   clock network delay (ideal)
                                 -0.250000  199.750000   clock uncertainty
                                  0.000000  199.750000   clock reconvergence pessimism
                                            199.750000 ^ _38_/CLK (gf180mcu_fd_sc_mcu7t5v0__dffrnq_1)
                                  0.345666  200.095657   library recovery time
                                            200.095657   data required time
---------------------------------------------------------------------------------------------
                                            200.095657   data required time
                                            -40.290829   data arrival time
---------------------------------------------------------------------------------------------
                                            159.804825   slack (MET)


Startpoint: _40_ (rising edge-triggered flip-flop clocked by clk)
Endpoint: read_en (output port clocked by clk)
Path Group: clk
Path Type: max

Fanout         Cap        Slew       Delay        Time   Description
---------------------------------------------------------------------------------------------
                      0.150000    0.000000    0.000000   clock clk (rise edge)
                                  0.000000    0.000000   clock network delay (ideal)
                      0.150000    0.000000    0.000000 ^ _40_/CLK (gf180mcu_fd_sc_mcu7t5v0__dffrnq_1)
     6    0.090964    2.244145    2.463866    2.463866 ^ _40_/Q (gf180mcu_fd_sc_mcu7t5v0__dffrnq_1)
                                                         state_o[2] (net)
                      2.244145    0.000000    2.463866 ^ _23_/A2 (gf180mcu_fd_sc_mcu7t5v0__nor2_1)
     3    0.011423    0.708651    0.442026    2.905893 v _23_/ZN (gf180mcu_fd_sc_mcu7t5v0__nor2_1)
                                                         _07_ (net)
                      0.708651    0.000000    2.905893 v _24_/A3 (gf180mcu_fd_sc_mcu7t5v0__nor3_1)
     1    0.072910    5.119522    3.137666    6.043559 ^ _24_/ZN (gf180mcu_fd_sc_mcu7t5v0__nor3_1)
                                                         read_en (net)
                      5.119522    0.000000    6.043559 ^ read_en (out)
                                              6.043559   data arrival time

                      0.150000  200.000000  200.000000   clock clk (rise edge)
                                  0.000000  200.000000   clock network delay (ideal)
                                 -0.250000  199.750000   clock uncertainty
                                  0.000000  199.750000   clock reconvergence pessimism
                                -40.000000  159.749985   output external delay
                                            159.749985   data required time
---------------------------------------------------------------------------------------------
                                            159.749985   data required time
                                             -6.043559   data arrival time
---------------------------------------------------------------------------------------------
                                            153.706421   slack (MET)




===========================================================================
report_checks --slack_max -0.01
============================================================================
======================= nom_tt_025C_3v30 Corner ===================================

No paths found.


===========================================================================
 report_check_types -max_slew -max_cap -max_fanout -violators
============================================================================
======================= nom_tt_025C_3v30 Corner ===================================

max slew

Pin                                        Limit        Slew       Slack
------------------------------------------------------------------------
cal_start                               3.000000    5.439322   -2.439322 (VIOLATED)
_21_/ZN                                 3.000000    5.439322   -2.439322 (VIOLATED)
_34_/A1                                 3.000000    5.439322   -2.439322 (VIOLATED)
read_en                                 3.000000    5.119522   -2.119522 (VIOLATED)
_24_/ZN                                 3.000000    5.119522   -2.119522 (VIOLATED)



===========================================================================
report_parasitic_annotation -report_unannotated
============================================================================
Found 31 unannotated drivers.
 boot_complete
 cal_done
 cal_timeout
 cfg_done
 clk
 phase_offset_imported
 rst_n
 soft_rst
 _18_/ZN
 _19_/ZN
 _20_/ZN
 _21_/ZN
 _22_/Z
 _23_/ZN
 _24_/ZN
 _25_/ZN
 _26_/Z
 _27_/ZN
 _28_/Z
 _29_/ZN
 _30_/ZN
 _31_/ZN
 _32_/ZN
 _33_/ZN
 _34_/ZN
 _35_/ZN
 _36_/ZN
 _37_/ZN
 _38_/Q
 _39_/Q
 _40_/Q
Found 0 partially unannotated drivers.

===========================================================================
max slew violation count 5
%OL_METRIC_I design__max_slew_violation__count__corner:nom_tt_025C_3v30 5
max fanout violation count 0
%OL_METRIC_I design__max_fanout_violation__count__corner:nom_tt_025C_3v30 0
max cap violation count 0
%OL_METRIC_I design__max_cap_violation__count__corner:nom_tt_025C_3v30 0
============================================================================

===========================================================================
check_setup -verbose -unconstrained_endpoints -multiple_clock -no_clock -no_input_delay -loops -generated_clocks
===========================================================================
%OL_END_REPORT
%OL_CREATE_REPORT power.rpt

===========================================================================
 report_power
============================================================================
======================= nom_tt_025C_3v30 Corner ===================================

Group                    Internal    Switching      Leakage        Total
                            Power        Power        Power        Power (Watts)
------------------------------------------------------------------------
Sequential           5.704298e-06 4.863101e-06 5.991568e-10 1.056800e-05  52.7%
Combinational        3.876738e-06 5.612581e-06 9.435787e-10 9.490263e-06  47.3%
Clock                0.000000e+00 0.000000e+00 0.000000e+00 0.000000e+00   0.0%
Macro                0.000000e+00 0.000000e+00 0.000000e+00 0.000000e+00   0.0%
Pad                  0.000000e+00 0.000000e+00 0.000000e+00 0.000000e+00   0.0%
------------------------------------------------------------------------
Total                9.581036e-06 1.047568e-05 1.542735e-09 2.005826e-05 100.0%
                            47.8%        52.2%         0.0%
%OL_METRIC_F power__internal__total 9.581036465533543e-6
%OL_METRIC_F power__switching__total 1.0475682756805327e-5
%OL_METRIC_F power__leakage__total 1.5427354949082428e-9
%OL_METRIC_F power__total 2.0058261725353077e-5

%OL_END_REPORT
%OL_CREATE_REPORT skew.min.rpt

===========================================================================
Clock Skew (Hold)
============================================================================
%OL_METRIC_F clock__skew__worst_hold__corner:nom_tt_025C_3v30 -0.25
======================= nom_tt_025C_3v30 Corner ===================================

Clock clk
0.036666 source latency _38_/CLK ^
-0.036666 target latency _38_/CLK ^
-0.250000 clock uncertainty
0.000000 CRPR
--------------
-0.250000 hold skew

%OL_END_REPORT
%OL_CREATE_REPORT skew.max.rpt

===========================================================================
Clock Skew (Setup)
============================================================================
%OL_METRIC_F clock__skew__worst_setup__corner:nom_tt_025C_3v30 0.25
======================= nom_tt_025C_3v30 Corner ===================================

Clock clk
0.036666 source latency _38_/CLK ^
-0.036666 target latency _38_/CLK ^
0.250000 clock uncertainty
0.000000 CRPR
--------------
0.250000 setup skew

%OL_END_REPORT
%OL_CREATE_REPORT ws.min.rpt

===========================================================================
Worst Slack (Hold)
============================================================================
%OL_METRIC_F timing__hold__ws__corner:nom_tt_025C_3v30 2.0336537474080454
nom_tt_025C_3v30: 2.0336537474080454
%OL_END_REPORT
%OL_CREATE_REPORT ws.max.rpt

===========================================================================
Worst Slack (Setup)
============================================================================
%OL_METRIC_F timing__setup__ws__corner:nom_tt_025C_3v30 153.7064279361431
nom_tt_025C_3v30: 153.7064279361431
%OL_END_REPORT
%OL_CREATE_REPORT tns.min.rpt

===========================================================================
Total Negative Slack (Hold)
============================================================================
%OL_METRIC_F timing__hold__tns__corner:nom_tt_025C_3v30 0.0
nom_tt_025C_3v30: 0.0
%OL_END_REPORT
%OL_CREATE_REPORT tns.max.rpt

===========================================================================
Total Negative Slack (Setup)
============================================================================
%OL_METRIC_F timing__setup__tns__corner:nom_tt_025C_3v30 0.0
nom_tt_025C_3v30: 0.0
%OL_END_REPORT
%OL_CREATE_REPORT wns.min.rpt

===========================================================================
Worst Negative Slack (Hold)
============================================================================
%OL_METRIC_F timing__hold__wns__corner:nom_tt_025C_3v30 0
nom_tt_025C_3v30: 0
%OL_END_REPORT
%OL_CREATE_REPORT wns.max.rpt

===========================================================================
Worst Negative Slack (Setup)
============================================================================
%OL_METRIC_F timing__setup__wns__corner:nom_tt_025C_3v30 0.0
nom_tt_025C_3v30: 0.0
%OL_END_REPORT
%OL_CREATE_REPORT violator_list.rpt

===========================================================================
Violator List
============================================================================
%OL_METRIC_I timing__hold_vio__count__corner:nom_tt_025C_3v30 0
%OL_METRIC_F timing__hold_r2r__ws__corner:nom_tt_025C_3v30 2.033654
%OL_METRIC_I timing__hold_r2r_vio__count__corner:nom_tt_025C_3v30 0
%OL_METRIC_I timing__setup_vio__count__corner:nom_tt_025C_3v30 0
%OL_METRIC_F timing__setup_r2r__ws__corner:nom_tt_025C_3v30 inf
%OL_METRIC_I timing__setup_r2r_vio__count__corner:nom_tt_025C_3v30 0
%OL_END_REPORT
%OL_CREATE_REPORT unpropagated.rpt
clk
%OL_END_REPORT
%OL_CREATE_REPORT clock.rpt
Clock: clk
Sources: clk 
Generated: no
Virtual: no
Propagated: no
Period: 200.000000

===========================================================================
report_clock_properties
============================================================================
Clock                   Period          Waveform
----------------------------------------------------
clk                 200.000000    0.000000100.000000

===========================================================================
report_clock_latency
============================================================================
Clock clk
rise -> rise
    min     max
0.000000 0.000000 source latency
0.036666         network latency _38_/CLK
        0.036666 network latency _38_/CLK
---------------
0.036666 0.036666 latency
        0.000000 skew

fall -> fall
    min     max
0.000000 0.000000 source latency
0.018439         network latency _38_/CLK
        0.018439 network latency _38_/CLK
---------------
0.018439 0.018439 latency
        0.000000 skew



===========================================================================
report_clock_min_period
============================================================================
clk period_min = 0.00 fmax = inf
%OL_END_REPORT
Writing SDF files for all corners…
