Clock: clk
Sources: clk 
Generated: no
Virtual: yes
Propagated: no
Period: 200.000000

===========================================================================
report_clock_properties
============================================================================
Clock                   Period          Waveform
----------------------------------------------------
clk                 200.000000    0.000000100.000000

===========================================================================
report_clock_latency
============================================================================
Clock clk
rise -> rise
    min     max
0.000000 0.000000 source latency
7.554251         network latency wave_controller_x_inst/_3726_/CLK
        7.554405 network latency wave_controller_y_inst/_3618_/CLK
---------------
7.554251 7.554405 latency
        0.000155 skew

fall -> fall
    min     max
0.000000 0.000000 source latency
4.765170         network latency wave_controller_x_inst/_3726_/CLK
        4.765326 network latency wave_controller_y_inst/_3618_/CLK
---------------
4.765170 4.765326 latency
        0.000156 skew



===========================================================================
report_clock_min_period
============================================================================
clk period_min = 28.32 fmax = 35.31
