Netgen 1.5.323 compiled on Mon Jul 27 09:16:59 AM CEST 2026
Warning: netgen command 'format' use fully-qualified name '::netgen::format'
Warning: netgen command 'global' use fully-qualified name '::netgen::global'
Warning:  A case-insensitive file has been read and so the	verilog file must be treated case-insensitive to match.
Reading SPICE netlist file '/workspace/gf180mcu/gf180mcuD/libs.ref/gf180mcu_fd_sc_mcu7t5v0/spice/gf180mcu_fd_sc_mcu7t5v0.spice'...
Call to undefined subcircuit nfet_05v0
Creating placeholder cell definition.
Call to undefined subcircuit pfet_05v0
Creating placeholder cell definition.
Reading SPICE netlist file '/workspace/gf180mcu/gf180mcuD/libs.ref/gf180mcu_fd_io/spice/gf180mcu_ef_io.spice'...
Call to undefined subcircuit cap_nmos_06v0
Creating placeholder cell definition.
Call to undefined subcircuit nfet_06v0
Creating placeholder cell definition.
Call to undefined subcircuit pfet_06v0
Creating placeholder cell definition.
Call to undefined subcircuit pfet_06v0_dss
Creating placeholder cell definition.
Call to undefined subcircuit nfet_06v0_dss
Creating placeholder cell definition.
Call to undefined subcircuit ppolyf_u
Creating placeholder cell definition.
Reading SPICE netlist file '/workspace/gf180mcu/gf180mcuD/libs.ref/gf180mcu_fd_io/spice/gf180mcu_fd_io.spice'...
Reading SPICE netlist file '/workspace/gf180mcu/gf180mcuD/libs.ref/gf180mcu_fd_io/spice/gf180mcu_ws_io.spice'...
Reading Verilog netlist file '/workspace/librelane/runs/RUN_2026-08-10_00-05-58/52-openroad-fillinsertion/signal_processor.pnl.v'...
Warning:  A case-insensitive file has been read and so the	verilog file must be treated case-insensitive to match.
Note:  Implicit pin Z in instance clkload0 of gf180mcu_fd_sc_mcu7t5v0__clkbuf_2 in cell signal_processor
Note:  Implicit pin Z in instance clkload1 of gf180mcu_fd_sc_mcu7t5v0__clkbuf_2 in cell signal_processor
Note:  Implicit pin Z in instance clkload2 of gf180mcu_fd_sc_mcu7t5v0__clkbuf_2 in cell signal_processor
Note:  Implicit pin Z in instance clkload3 of gf180mcu_fd_sc_mcu7t5v0__clkbuf_2 in cell signal_processor
Note:  Implicit pin Z in instance clkload4 of gf180mcu_fd_sc_mcu7t5v0__clkbuf_2 in cell signal_processor
Note:  Implicit pin Z in instance clkload5 of gf180mcu_fd_sc_mcu7t5v0__clkbuf_2 in cell signal_processor
Note:  Implicit pin Z in instance clkload6 of gf180mcu_fd_sc_mcu7t5v0__clkbuf_2 in cell signal_processor
Treating empty subcircuits as black-box cells
Generating JSON file result

Reading setup file /usr/local/lib/python3.12/dist-packages/librelane/scripts/netgen/setup.tcl

Model ppolyf_u pin 1 == 2
No property par1 found for device ppolyf_u
No property pm found for device ppolyf_u
Model nfet_05v0 pin 1 == 3
No property par1 found for device nfet_05v0
No property NRD found for device nfet_05v0
No property NRS found for device nfet_05v0
No property par found for device nfet_05v0
No property sa found for device nfet_05v0
No property sb found for device nfet_05v0
No property sd found for device nfet_05v0
No property par found for device nfet_05v0
No property dtemp found for device nfet_05v0
No property nf found for device nfet_05v0
No property as found for device nfet_05v0
No property ad found for device nfet_05v0
No property ps found for device nfet_05v0
No property pd found for device nfet_05v0
Model nfet_06v0 pin 1 == 3
No property par1 found for device nfet_06v0
No property par found for device nfet_06v0
Model pfet_05v0 pin 1 == 3
No property par1 found for device pfet_05v0
No property NRD found for device pfet_05v0
No property NRS found for device pfet_05v0
No property par found for device pfet_05v0
No property sa found for device pfet_05v0
No property sb found for device pfet_05v0
No property sd found for device pfet_05v0
No property par found for device pfet_05v0
No property dtemp found for device pfet_05v0
No property nf found for device pfet_05v0
No property as found for device pfet_05v0
No property ad found for device pfet_05v0
No property ps found for device pfet_05v0
No property pd found for device pfet_05v0
Model pfet_06v0 pin 1 == 3
No property par1 found for device pfet_06v0
No property par found for device pfet_06v0
Model nfet_06v0_dss pin 1 == 3
No property par1 found for device nfet_06v0_dss
No property NRD found for device nfet_06v0_dss
No property NRS found for device nfet_06v0_dss
No property sa found for device nfet_06v0_dss
No property sb found for device nfet_06v0_dss
No property sd found for device nfet_06v0_dss
No property par found for device nfet_06v0_dss
No property as found for device nfet_06v0_dss
No property ad found for device nfet_06v0_dss
No property ps found for device nfet_06v0_dss
No property pd found for device nfet_06v0_dss
Model pfet_06v0_dss pin 1 == 3
No property par1 found for device pfet_06v0_dss
No property NRD found for device pfet_06v0_dss
No property NRS found for device pfet_06v0_dss
No property sa found for device pfet_06v0_dss
No property sb found for device pfet_06v0_dss
No property sd found for device pfet_06v0_dss
No property par found for device pfet_06v0_dss
No property as found for device pfet_06v0_dss
No property ad found for device pfet_06v0_dss
No property ps found for device pfet_06v0_dss
No property pd found for device pfet_06v0_dss
No property par1 found for device cap_nmos_06v0
No property NRD found for device cap_nmos_06v0
No property NRS found for device cap_nmos_06v0
No property as found for device cap_nmos_06v0
No property ad found for device cap_nmos_06v0
No property ps found for device cap_nmos_06v0
No property pd found for device cap_nmos_06v0
No property par1 found for device diode_nd2ps_06v0
No property par1 found for device diode_pd2nw_06v0
Comparison output logged to file /workspace/librelane/runs/RUN_2026-08-10_00-05-58/70-netgen-lvs/reports/lvs.netgen.rpt
Logging to file "/workspace/librelane/runs/RUN_2026-08-10_00-05-58/70-netgen-lvs/reports/lvs.netgen.rpt" enabled

Contents of circuit 1:  Circuit: 'gf180mcu_fd_sc_mcu7t5v0__fillcap_4'
Circuit gf180mcu_fd_sc_mcu7t5v0__fillcap_4 contains 0 device instances.
Circuit contains 0 nets, and 4 disconnected pins.
Contents of circuit 2:  Circuit: 'gf180mcu_fd_sc_mcu7t5v0__fillcap_4'
Circuit gf180mcu_fd_sc_mcu7t5v0__fillcap_4 contains 2 device instances.
  Class: pfet_05v0             instances:   1
  Class: nfet_05v0             instances:   1
Circuit contains 6 nets.

Circuit gf180mcu_fd_sc_mcu7t5v0__fillcap_4 contains no devices.

Contents of circuit 1:  Circuit: 'gf180mcu_fd_sc_mcu7t5v0__fillcap_16'
Circuit gf180mcu_fd_sc_mcu7t5v0__fillcap_16 contains 0 device instances.
Circuit contains 0 nets, and 4 disconnected pins.
Contents of circuit 2:  Circuit: 'gf180mcu_fd_sc_mcu7t5v0__fillcap_16'
Circuit gf180mcu_fd_sc_mcu7t5v0__fillcap_16 contains 8 device instances.
  Class: pfet_05v0             instances:   4
  Class: nfet_05v0             instances:   4
Circuit contains 12 nets.

Circuit gf180mcu_fd_sc_mcu7t5v0__fillcap_16 contains no devices.

Contents of circuit 1:  Circuit: 'gf180mcu_fd_sc_mcu7t5v0__nor3_1'
Circuit gf180mcu_fd_sc_mcu7t5v0__nor3_1 contains 0 device instances.
Circuit contains 0 nets, and 8 disconnected pins.
Contents of circuit 2:  Circuit: 'gf180mcu_fd_sc_mcu7t5v0__nor3_1'
Circuit gf180mcu_fd_sc_mcu7t5v0__nor3_1 contains 6 device instances.
  Class: pfet_05v0             instances:   3
  Class: nfet_05v0             instances:   3
Circuit contains 10 nets.

Circuit gf180mcu_fd_sc_mcu7t5v0__nor3_1 contains no devices.

Contents of circuit 1:  Circuit: 'gf180mcu_fd_sc_mcu7t5v0__nand3_1'
Circuit gf180mcu_fd_sc_mcu7t5v0__nand3_1 contains 0 device instances.
Circuit contains 0 nets, and 8 disconnected pins.
Contents of circuit 2:  Circuit: 'gf180mcu_fd_sc_mcu7t5v0__nand3_1'
Circuit gf180mcu_fd_sc_mcu7t5v0__nand3_1 contains 6 device instances.
  Class: pfet_05v0             instances:   3
  Class: nfet_05v0             instances:   3
Circuit contains 10 nets.

Circuit gf180mcu_fd_sc_mcu7t5v0__nand3_1 contains no devices.

Contents of circuit 1:  Circuit: 'gf180mcu_fd_sc_mcu7t5v0__clkinv_1'
Circuit gf180mcu_fd_sc_mcu7t5v0__clkinv_1 contains 0 device instances.
Circuit contains 0 nets, and 6 disconnected pins.
Contents of circuit 2:  Circuit: 'gf180mcu_fd_sc_mcu7t5v0__clkinv_1'
Circuit gf180mcu_fd_sc_mcu7t5v0__clkinv_1 contains 2 device instances.
  Class: pfet_05v0             instances:   1
  Class: nfet_05v0             instances:   1
Circuit contains 6 nets.

Circuit gf180mcu_fd_sc_mcu7t5v0__clkinv_1 contains no devices.

Contents of circuit 1:  Circuit: 'gf180mcu_fd_sc_mcu7t5v0__clkbuf_1'
Circuit gf180mcu_fd_sc_mcu7t5v0__clkbuf_1 contains 0 device instances.
Circuit contains 0 nets, and 6 disconnected pins.
Contents of circuit 2:  Circuit: 'gf180mcu_fd_sc_mcu7t5v0__clkbuf_1'
Circuit gf180mcu_fd_sc_mcu7t5v0__clkbuf_1 contains 5 device instances.
  Class: pfet_05v0             instances:   3
  Class: nfet_05v0             instances:   2
Circuit contains 7 nets.

Circuit gf180mcu_fd_sc_mcu7t5v0__clkbuf_1 contains no devices.

Contents of circuit 1:  Circuit: 'gf180mcu_fd_sc_mcu7t5v0__buf_2'
Circuit gf180mcu_fd_sc_mcu7t5v0__buf_2 contains 0 device instances.
Circuit contains 0 nets, and 6 disconnected pins.
Contents of circuit 2:  Circuit: 'gf180mcu_fd_sc_mcu7t5v0__buf_2'
Circuit gf180mcu_fd_sc_mcu7t5v0__buf_2 contains 6 device instances.
  Class: pfet_05v0             instances:   3
  Class: nfet_05v0             instances:   3
Circuit contains 7 nets.

Circuit gf180mcu_fd_sc_mcu7t5v0__buf_2 contains no devices.

Contents of circuit 1:  Circuit: 'gf180mcu_fd_sc_mcu7t5v0__clkbuf_16'
Circuit gf180mcu_fd_sc_mcu7t5v0__clkbuf_16 contains 0 device instances.
Circuit contains 0 nets, and 6 disconnected pins.
Contents of circuit 2:  Circuit: 'gf180mcu_fd_sc_mcu7t5v0__clkbuf_16'
Circuit gf180mcu_fd_sc_mcu7t5v0__clkbuf_16 contains 46 device instances.
  Class: pfet_05v0             instances:  24
  Class: nfet_05v0             instances:  22
Circuit contains 7 nets.

Circuit gf180mcu_fd_sc_mcu7t5v0__clkbuf_16 contains no devices.

Contents of circuit 1:  Circuit: 'gf180mcu_fd_sc_mcu7t5v0__nand2_2'
Circuit gf180mcu_fd_sc_mcu7t5v0__nand2_2 contains 0 device instances.
Circuit contains 0 nets, and 7 disconnected pins.
Contents of circuit 2:  Circuit: 'gf180mcu_fd_sc_mcu7t5v0__nand2_2'
Circuit gf180mcu_fd_sc_mcu7t5v0__nand2_2 contains 8 device instances.
  Class: pfet_05v0             instances:   4
  Class: nfet_05v0             instances:   4
Circuit contains 9 nets.

Circuit gf180mcu_fd_sc_mcu7t5v0__nand2_2 contains no devices.

Contents of circuit 1:  Circuit: 'gf180mcu_fd_sc_mcu7t5v0__fillcap_64'
Circuit gf180mcu_fd_sc_mcu7t5v0__fillcap_64 contains 0 device instances.
Circuit contains 0 nets, and 4 disconnected pins.
Contents of circuit 2:  Circuit: 'gf180mcu_fd_sc_mcu7t5v0__fillcap_64'
Circuit gf180mcu_fd_sc_mcu7t5v0__fillcap_64 contains 32 device instances.
  Class: pfet_05v0             instances:  16
  Class: nfet_05v0             instances:  16
Circuit contains 36 nets.

Circuit gf180mcu_fd_sc_mcu7t5v0__fillcap_64 contains no devices.

Contents of circuit 1:  Circuit: 'gf180mcu_fd_sc_mcu7t5v0__fillcap_8'
Circuit gf180mcu_fd_sc_mcu7t5v0__fillcap_8 contains 0 device instances.
Circuit contains 0 nets, and 4 disconnected pins.
Contents of circuit 2:  Circuit: 'gf180mcu_fd_sc_mcu7t5v0__fillcap_8'
Circuit gf180mcu_fd_sc_mcu7t5v0__fillcap_8 contains 4 device instances.
  Class: pfet_05v0             instances:   2
  Class: nfet_05v0             instances:   2
Circuit contains 8 nets.

Circuit gf180mcu_fd_sc_mcu7t5v0__fillcap_8 contains no devices.

Contents of circuit 1:  Circuit: 'gf180mcu_fd_sc_mcu7t5v0__clkbuf_2'
Circuit gf180mcu_fd_sc_mcu7t5v0__clkbuf_2 contains 0 device instances.
Circuit contains 0 nets, and 6 disconnected pins.
Contents of circuit 2:  Circuit: 'gf180mcu_fd_sc_mcu7t5v0__clkbuf_2'
Circuit gf180mcu_fd_sc_mcu7t5v0__clkbuf_2 contains 6 device instances.
  Class: pfet_05v0             instances:   3
  Class: nfet_05v0             instances:   3
Circuit contains 7 nets.

Circuit gf180mcu_fd_sc_mcu7t5v0__clkbuf_2 contains no devices.

Contents of circuit 1:  Circuit: 'gf180mcu_fd_sc_mcu7t5v0__fillcap_32'
Circuit gf180mcu_fd_sc_mcu7t5v0__fillcap_32 contains 0 device instances.
Circuit contains 0 nets, and 4 disconnected pins.
Contents of circuit 2:  Circuit: 'gf180mcu_fd_sc_mcu7t5v0__fillcap_32'
Circuit gf180mcu_fd_sc_mcu7t5v0__fillcap_32 contains 16 device instances.
  Class: pfet_05v0             instances:   8
  Class: nfet_05v0             instances:   8
Circuit contains 20 nets.

Circuit gf180mcu_fd_sc_mcu7t5v0__fillcap_32 contains no devices.

Contents of circuit 1:  Circuit: 'gf180mcu_fd_sc_mcu7t5v0__aoi22_1'
Circuit gf180mcu_fd_sc_mcu7t5v0__aoi22_1 contains 0 device instances.
Circuit contains 0 nets, and 9 disconnected pins.
Contents of circuit 2:  Circuit: 'gf180mcu_fd_sc_mcu7t5v0__aoi22_1'
Circuit gf180mcu_fd_sc_mcu7t5v0__aoi22_1 contains 8 device instances.
  Class: pfet_05v0             instances:   4
  Class: nfet_05v0             instances:   4
Circuit contains 12 nets.

Circuit gf180mcu_fd_sc_mcu7t5v0__aoi22_1 contains no devices.

Contents of circuit 1:  Circuit: 'gf180mcu_fd_sc_mcu7t5v0__nand4_1'
Circuit gf180mcu_fd_sc_mcu7t5v0__nand4_1 contains 0 device instances.
Circuit contains 0 nets, and 9 disconnected pins.
Contents of circuit 2:  Circuit: 'gf180mcu_fd_sc_mcu7t5v0__nand4_1'
Circuit gf180mcu_fd_sc_mcu7t5v0__nand4_1 contains 8 device instances.
  Class: pfet_05v0             instances:   4
  Class: nfet_05v0             instances:   4
Circuit contains 12 nets.

Circuit gf180mcu_fd_sc_mcu7t5v0__nand4_1 contains no devices.

Contents of circuit 1:  Circuit: 'gf180mcu_fd_sc_mcu7t5v0__dffrnq_1'
Circuit gf180mcu_fd_sc_mcu7t5v0__dffrnq_1 contains 0 device instances.
Circuit contains 0 nets, and 8 disconnected pins.
Contents of circuit 2:  Circuit: 'gf180mcu_fd_sc_mcu7t5v0__dffrnq_1'
Circuit gf180mcu_fd_sc_mcu7t5v0__dffrnq_1 contains 28 device instances.
  Class: pfet_05v0             instances:  14
  Class: nfet_05v0             instances:  14
Circuit contains 20 nets.

Circuit gf180mcu_fd_sc_mcu7t5v0__dffrnq_1 contains no devices.

Contents of circuit 1:  Circuit: 'gf180mcu_fd_sc_mcu7t5v0__oai21_1'
Circuit gf180mcu_fd_sc_mcu7t5v0__oai21_1 contains 0 device instances.
Circuit contains 0 nets, and 8 disconnected pins.
Contents of circuit 2:  Circuit: 'gf180mcu_fd_sc_mcu7t5v0__oai21_1'
Circuit gf180mcu_fd_sc_mcu7t5v0__oai21_1 contains 6 device instances.
  Class: pfet_05v0             instances:   3
  Class: nfet_05v0             instances:   3
Circuit contains 10 nets.

Circuit gf180mcu_fd_sc_mcu7t5v0__oai21_1 contains no devices.

Contents of circuit 1:  Circuit: 'gf180mcu_fd_sc_mcu7t5v0__nand2_1'
Circuit gf180mcu_fd_sc_mcu7t5v0__nand2_1 contains 0 device instances.
Circuit contains 0 nets, and 7 disconnected pins.
Contents of circuit 2:  Circuit: 'gf180mcu_fd_sc_mcu7t5v0__nand2_1'
Circuit gf180mcu_fd_sc_mcu7t5v0__nand2_1 contains 4 device instances.
  Class: pfet_05v0             instances:   2
  Class: nfet_05v0             instances:   2
Circuit contains 8 nets.

Circuit gf180mcu_fd_sc_mcu7t5v0__nand2_1 contains no devices.

Contents of circuit 1:  Circuit: 'gf180mcu_fd_sc_mcu7t5v0__xor2_1'
Circuit gf180mcu_fd_sc_mcu7t5v0__xor2_1 contains 0 device instances.
Circuit contains 0 nets, and 7 disconnected pins.
Contents of circuit 2:  Circuit: 'gf180mcu_fd_sc_mcu7t5v0__xor2_1'
Circuit gf180mcu_fd_sc_mcu7t5v0__xor2_1 contains 10 device instances.
  Class: pfet_05v0             instances:   5
  Class: nfet_05v0             instances:   5
Circuit contains 11 nets.

Circuit gf180mcu_fd_sc_mcu7t5v0__xor2_1 contains no devices.

Contents of circuit 1:  Circuit: 'gf180mcu_fd_sc_mcu7t5v0__nor2_1'
Circuit gf180mcu_fd_sc_mcu7t5v0__nor2_1 contains 0 device instances.
Circuit contains 0 nets, and 7 disconnected pins.
Contents of circuit 2:  Circuit: 'gf180mcu_fd_sc_mcu7t5v0__nor2_1'
Circuit gf180mcu_fd_sc_mcu7t5v0__nor2_1 contains 4 device instances.
  Class: pfet_05v0             instances:   2
  Class: nfet_05v0             instances:   2
Circuit contains 8 nets.

Circuit gf180mcu_fd_sc_mcu7t5v0__nor2_1 contains no devices.

Contents of circuit 1:  Circuit: 'gf180mcu_fd_sc_mcu7t5v0__xnor2_1'
Circuit gf180mcu_fd_sc_mcu7t5v0__xnor2_1 contains 0 device instances.
Circuit contains 0 nets, and 7 disconnected pins.
Contents of circuit 2:  Circuit: 'gf180mcu_fd_sc_mcu7t5v0__xnor2_1'
Circuit gf180mcu_fd_sc_mcu7t5v0__xnor2_1 contains 10 device instances.
  Class: pfet_05v0             instances:   5
  Class: nfet_05v0             instances:   5
Circuit contains 11 nets.

Circuit gf180mcu_fd_sc_mcu7t5v0__xnor2_1 contains no devices.

Contents of circuit 1:  Circuit: 'gf180mcu_fd_sc_mcu7t5v0__oai22_1'
Circuit gf180mcu_fd_sc_mcu7t5v0__oai22_1 contains 0 device instances.
Circuit contains 0 nets, and 9 disconnected pins.
Contents of circuit 2:  Circuit: 'gf180mcu_fd_sc_mcu7t5v0__oai22_1'
Circuit gf180mcu_fd_sc_mcu7t5v0__oai22_1 contains 8 device instances.
  Class: pfet_05v0             instances:   4
  Class: nfet_05v0             instances:   4
Circuit contains 12 nets.

Circuit gf180mcu_fd_sc_mcu7t5v0__oai22_1 contains no devices.

Contents of circuit 1:  Circuit: 'gf180mcu_fd_sc_mcu7t5v0__dlyb_1'
Circuit gf180mcu_fd_sc_mcu7t5v0__dlyb_1 contains 0 device instances.
Circuit contains 0 nets, and 6 disconnected pins.
Contents of circuit 2:  Circuit: 'gf180mcu_fd_sc_mcu7t5v0__dlyb_1'
Circuit gf180mcu_fd_sc_mcu7t5v0__dlyb_1 contains 12 device instances.
  Class: pfet_05v0             instances:   6
  Class: nfet_05v0             instances:   6
Circuit contains 13 nets.

Circuit gf180mcu_fd_sc_mcu7t5v0__dlyb_1 contains no devices.

Contents of circuit 1:  Circuit: 'gf180mcu_fd_sc_mcu7t5v0__and2_1'
Circuit gf180mcu_fd_sc_mcu7t5v0__and2_1 contains 0 device instances.
Circuit contains 0 nets, and 7 disconnected pins.
Contents of circuit 2:  Circuit: 'gf180mcu_fd_sc_mcu7t5v0__and2_1'
Circuit gf180mcu_fd_sc_mcu7t5v0__and2_1 contains 6 device instances.
  Class: pfet_05v0             instances:   3
  Class: nfet_05v0             instances:   3
Circuit contains 9 nets.

Circuit gf180mcu_fd_sc_mcu7t5v0__and2_1 contains no devices.

Contents of circuit 1:  Circuit: 'gf180mcu_fd_sc_mcu7t5v0__buf_1'
Circuit gf180mcu_fd_sc_mcu7t5v0__buf_1 contains 0 device instances.
Circuit contains 0 nets, and 6 disconnected pins.
Contents of circuit 2:  Circuit: 'gf180mcu_fd_sc_mcu7t5v0__buf_1'
Circuit gf180mcu_fd_sc_mcu7t5v0__buf_1 contains 4 device instances.
  Class: pfet_05v0             instances:   2
  Class: nfet_05v0             instances:   2
Circuit contains 7 nets.

Circuit gf180mcu_fd_sc_mcu7t5v0__buf_1 contains no devices.

Contents of circuit 1:  Circuit: 'gf180mcu_fd_sc_mcu7t5v0__nor4_4'
Circuit gf180mcu_fd_sc_mcu7t5v0__nor4_4 contains 0 device instances.
Circuit contains 0 nets, and 9 disconnected pins.
Contents of circuit 2:  Circuit: 'gf180mcu_fd_sc_mcu7t5v0__nor4_4'
Circuit gf180mcu_fd_sc_mcu7t5v0__nor4_4 contains 32 device instances.
  Class: pfet_05v0             instances:  16
  Class: nfet_05v0             instances:  16
Circuit contains 19 nets.

Circuit gf180mcu_fd_sc_mcu7t5v0__nor4_4 contains no devices.

Contents of circuit 1:  Circuit: 'gf180mcu_fd_sc_mcu7t5v0__oai32_1'
Circuit gf180mcu_fd_sc_mcu7t5v0__oai32_1 contains 0 device instances.
Circuit contains 0 nets, and 10 disconnected pins.
Contents of circuit 2:  Circuit: 'gf180mcu_fd_sc_mcu7t5v0__oai32_1'
Circuit gf180mcu_fd_sc_mcu7t5v0__oai32_1 contains 10 device instances.
  Class: pfet_05v0             instances:   5
  Class: nfet_05v0             instances:   5
Circuit contains 14 nets.

Circuit gf180mcu_fd_sc_mcu7t5v0__oai32_1 contains no devices.

Contents of circuit 1:  Circuit: 'gf180mcu_fd_sc_mcu7t5v0__aoi21_1'
Circuit gf180mcu_fd_sc_mcu7t5v0__aoi21_1 contains 0 device instances.
Circuit contains 0 nets, and 8 disconnected pins.
Contents of circuit 2:  Circuit: 'gf180mcu_fd_sc_mcu7t5v0__aoi21_1'
Circuit gf180mcu_fd_sc_mcu7t5v0__aoi21_1 contains 6 device instances.
  Class: pfet_05v0             instances:   3
  Class: nfet_05v0             instances:   3
Circuit contains 10 nets.

Circuit gf180mcu_fd_sc_mcu7t5v0__aoi21_1 contains no devices.

Contents of circuit 1:  Circuit: 'gf180mcu_fd_sc_mcu7t5v0__oai211_1'
Circuit gf180mcu_fd_sc_mcu7t5v0__oai211_1 contains 0 device instances.
Circuit contains 0 nets, and 9 disconnected pins.
Contents of circuit 2:  Circuit: 'gf180mcu_fd_sc_mcu7t5v0__oai211_1'
Circuit gf180mcu_fd_sc_mcu7t5v0__oai211_1 contains 8 device instances.
  Class: pfet_05v0             instances:   4
  Class: nfet_05v0             instances:   4
Circuit contains 12 nets.

Circuit gf180mcu_fd_sc_mcu7t5v0__oai211_1 contains no devices.

Contents of circuit 1:  Circuit: 'gf180mcu_fd_sc_mcu7t5v0__oai31_1'
Circuit gf180mcu_fd_sc_mcu7t5v0__oai31_1 contains 0 device instances.
Circuit contains 0 nets, and 9 disconnected pins.
Contents of circuit 2:  Circuit: 'gf180mcu_fd_sc_mcu7t5v0__oai31_1'
Circuit gf180mcu_fd_sc_mcu7t5v0__oai31_1 contains 8 device instances.
  Class: pfet_05v0             instances:   4
  Class: nfet_05v0             instances:   4
Circuit contains 12 nets.

Circuit gf180mcu_fd_sc_mcu7t5v0__oai31_1 contains no devices.

Contents of circuit 1:  Circuit: 'gf180mcu_fd_sc_mcu7t5v0__nor3_2'
Circuit gf180mcu_fd_sc_mcu7t5v0__nor3_2 contains 0 device instances.
Circuit contains 0 nets, and 8 disconnected pins.
Contents of circuit 2:  Circuit: 'gf180mcu_fd_sc_mcu7t5v0__nor3_2'
Circuit gf180mcu_fd_sc_mcu7t5v0__nor3_2 contains 12 device instances.
  Class: pfet_05v0             instances:   6
  Class: nfet_05v0             instances:   6
Circuit contains 12 nets.

Circuit gf180mcu_fd_sc_mcu7t5v0__nor3_2 contains no devices.

Contents of circuit 1:  Circuit: 'gf180mcu_fd_sc_mcu7t5v0__or3_1'
Circuit gf180mcu_fd_sc_mcu7t5v0__or3_1 contains 0 device instances.
Circuit contains 0 nets, and 8 disconnected pins.
Contents of circuit 2:  Circuit: 'gf180mcu_fd_sc_mcu7t5v0__or3_1'
Circuit gf180mcu_fd_sc_mcu7t5v0__or3_1 contains 8 device instances.
  Class: pfet_05v0             instances:   4
  Class: nfet_05v0             instances:   4
Circuit contains 11 nets.

Circuit gf180mcu_fd_sc_mcu7t5v0__or3_1 contains no devices.

Contents of circuit 1:  Circuit: 'signal_processor'
Circuit signal_processor contains 408 device instances.
  Class: gf180mcu_fd_sc_mcu7t5v0__nor4_4 instances:   2
  Class: gf180mcu_fd_sc_mcu7t5v0__clkbuf_16 instances:   9
  Class: gf180mcu_fd_sc_mcu7t5v0__nand4_1 instances:   3
  Class: gf180mcu_fd_sc_mcu7t5v0__fillcap_8 instances:  34
  Class: gf180mcu_fd_sc_mcu7t5v0__oai32_1 instances:   1
  Class: gf180mcu_fd_sc_mcu7t5v0__dffrnq_1 instances:  41
  Class: gf180mcu_fd_sc_mcu7t5v0__aoi22_1 instances:   1
  Class: gf180mcu_fd_sc_mcu7t5v0__nand3_1 instances:   6
  Class: gf180mcu_fd_sc_mcu7t5v0__nor3_1 instances:   1
  Class: gf180mcu_fd_sc_mcu7t5v0__oai211_1 instances:   2
  Class: gf180mcu_fd_sc_mcu7t5v0__buf_2 instances:  22
  Class: gf180mcu_fd_sc_mcu7t5v0__fillcap_16 instances:  20
  Class: gf180mcu_fd_sc_mcu7t5v0__clkbuf_2 instances:  16
  Class: gf180mcu_fd_sc_mcu7t5v0__oai21_1 instances:  12
  Class: gf180mcu_fd_sc_mcu7t5v0__dlyb_1 instances:   9
  Class: gf180mcu_fd_sc_mcu7t5v0__fillcap_32 instances:  33
  Class: gf180mcu_fd_sc_mcu7t5v0__oai31_1 instances:   2
  Class: gf180mcu_fd_sc_mcu7t5v0__oai22_1 instances:   2
  Class: gf180mcu_fd_sc_mcu7t5v0__nand2_1 instances:  18
  Class: gf180mcu_fd_sc_mcu7t5v0__fillcap_4 instances:  82
  Class: gf180mcu_fd_sc_mcu7t5v0__and2_1 instances:  16
  Class: gf180mcu_fd_sc_mcu7t5v0__xor2_1 instances:   9
  Class: gf180mcu_fd_sc_mcu7t5v0__nor3_2 instances:   1
  Class: gf180mcu_fd_sc_mcu7t5v0__buf_1 instances:   9
  Class: gf180mcu_fd_sc_mcu7t5v0__nand2_2 instances:   3
  Class: gf180mcu_fd_sc_mcu7t5v0__clkbuf_1 instances:   2
  Class: gf180mcu_fd_sc_mcu7t5v0__clkinv_1 instances:   9
  Class: gf180mcu_fd_sc_mcu7t5v0__xnor2_1 instances:   6
  Class: gf180mcu_fd_sc_mcu7t5v0__or3_1 instances:   1
  Class: gf180mcu_fd_sc_mcu7t5v0__fillcap_64 instances:  23
  Class: gf180mcu_fd_sc_mcu7t5v0__nor2_1 instances:  12
  Class: gf180mcu_fd_sc_mcu7t5v0__aoi21_1 instances:   1
Circuit contains 224 nets.
Contents of circuit 2:  Circuit: 'signal_processor'
Circuit signal_processor contains 408 device instances.
  Class: gf180mcu_fd_sc_mcu7t5v0__nor4_4 instances:   2
  Class: gf180mcu_fd_sc_mcu7t5v0__clkbuf_16 instances:   9
  Class: gf180mcu_fd_sc_mcu7t5v0__nand4_1 instances:   3
  Class: gf180mcu_fd_sc_mcu7t5v0__fillcap_8 instances:  34
  Class: gf180mcu_fd_sc_mcu7t5v0__oai32_1 instances:   1
  Class: gf180mcu_fd_sc_mcu7t5v0__dffrnq_1 instances:  41
  Class: gf180mcu_fd_sc_mcu7t5v0__aoi22_1 instances:   1
  Class: gf180mcu_fd_sc_mcu7t5v0__nand3_1 instances:   6
  Class: gf180mcu_fd_sc_mcu7t5v0__nor3_1 instances:   1
  Class: gf180mcu_fd_sc_mcu7t5v0__oai211_1 instances:   2
  Class: gf180mcu_fd_sc_mcu7t5v0__buf_2 instances:  22
  Class: gf180mcu_fd_sc_mcu7t5v0__fillcap_16 instances:  20
  Class: gf180mcu_fd_sc_mcu7t5v0__clkbuf_2 instances:  16
  Class: gf180mcu_fd_sc_mcu7t5v0__oai21_1 instances:  12
  Class: gf180mcu_fd_sc_mcu7t5v0__dlyb_1 instances:   9
  Class: gf180mcu_fd_sc_mcu7t5v0__fillcap_32 instances:  33
  Class: gf180mcu_fd_sc_mcu7t5v0__oai31_1 instances:   2
  Class: gf180mcu_fd_sc_mcu7t5v0__oai22_1 instances:   2
  Class: gf180mcu_fd_sc_mcu7t5v0__nand2_1 instances:  18
  Class: gf180mcu_fd_sc_mcu7t5v0__fillcap_4 instances:  82
  Class: gf180mcu_fd_sc_mcu7t5v0__and2_1 instances:  16
  Class: gf180mcu_fd_sc_mcu7t5v0__xor2_1 instances:   9
  Class: gf180mcu_fd_sc_mcu7t5v0__nor3_2 instances:   1
  Class: gf180mcu_fd_sc_mcu7t5v0__buf_1 instances:   9
  Class: gf180mcu_fd_sc_mcu7t5v0__nand2_2 instances:   3
  Class: gf180mcu_fd_sc_mcu7t5v0__clkbuf_1 instances:   2
  Class: gf180mcu_fd_sc_mcu7t5v0__clkinv_1 instances:   9
  Class: gf180mcu_fd_sc_mcu7t5v0__xnor2_1 instances:   6
  Class: gf180mcu_fd_sc_mcu7t5v0__or3_1 instances:   1
  Class: gf180mcu_fd_sc_mcu7t5v0__fillcap_64 instances:  23
  Class: gf180mcu_fd_sc_mcu7t5v0__nor2_1 instances:  12
  Class: gf180mcu_fd_sc_mcu7t5v0__aoi21_1 instances:   1
Circuit contains 224 nets.

Circuit was modified by parallel/series device merging.
New circuit summary:

Contents of circuit 1:  Circuit: 'signal_processor'
Circuit signal_processor contains 221 device instances.
  Class: gf180mcu_fd_sc_mcu7t5v0__nor4_4 instances:   2
  Class: gf180mcu_fd_sc_mcu7t5v0__clkbuf_16 instances:   9
  Class: gf180mcu_fd_sc_mcu7t5v0__nand4_1 instances:   3
  Class: gf180mcu_fd_sc_mcu7t5v0__fillcap_8 instances:   1
  Class: gf180mcu_fd_sc_mcu7t5v0__oai32_1 instances:   1
  Class: gf180mcu_fd_sc_mcu7t5v0__dffrnq_1 instances:  41
  Class: gf180mcu_fd_sc_mcu7t5v0__aoi22_1 instances:   1
  Class: gf180mcu_fd_sc_mcu7t5v0__nand3_1 instances:   6
  Class: gf180mcu_fd_sc_mcu7t5v0__nor3_1 instances:   1
  Class: gf180mcu_fd_sc_mcu7t5v0__oai211_1 instances:   2
  Class: gf180mcu_fd_sc_mcu7t5v0__buf_2 instances:  22
  Class: gf180mcu_fd_sc_mcu7t5v0__fillcap_16 instances:   1
  Class: gf180mcu_fd_sc_mcu7t5v0__clkbuf_2 instances:  16
  Class: gf180mcu_fd_sc_mcu7t5v0__oai21_1 instances:  12
  Class: gf180mcu_fd_sc_mcu7t5v0__dlyb_1 instances:   9
  Class: gf180mcu_fd_sc_mcu7t5v0__fillcap_32 instances:   1
  Class: gf180mcu_fd_sc_mcu7t5v0__oai31_1 instances:   2
  Class: gf180mcu_fd_sc_mcu7t5v0__oai22_1 instances:   2
  Class: gf180mcu_fd_sc_mcu7t5v0__nand2_1 instances:  18
  Class: gf180mcu_fd_sc_mcu7t5v0__fillcap_4 instances:   1
  Class: gf180mcu_fd_sc_mcu7t5v0__and2_1 instances:  16
  Class: gf180mcu_fd_sc_mcu7t5v0__xor2_1 instances:   9
  Class: gf180mcu_fd_sc_mcu7t5v0__nor3_2 instances:   1
  Class: gf180mcu_fd_sc_mcu7t5v0__buf_1 instances:   9
  Class: gf180mcu_fd_sc_mcu7t5v0__nand2_2 instances:   3
  Class: gf180mcu_fd_sc_mcu7t5v0__clkbuf_1 instances:   2
  Class: gf180mcu_fd_sc_mcu7t5v0__clkinv_1 instances:   9
  Class: gf180mcu_fd_sc_mcu7t5v0__xnor2_1 instances:   6
  Class: gf180mcu_fd_sc_mcu7t5v0__or3_1 instances:   1
  Class: gf180mcu_fd_sc_mcu7t5v0__fillcap_64 instances:   1
  Class: gf180mcu_fd_sc_mcu7t5v0__nor2_1 instances:  12
  Class: gf180mcu_fd_sc_mcu7t5v0__aoi21_1 instances:   1
Circuit contains 224 nets.
Contents of circuit 2:  Circuit: 'signal_processor'
Circuit signal_processor contains 221 device instances.
  Class: gf180mcu_fd_sc_mcu7t5v0__nor4_4 instances:   2
  Class: gf180mcu_fd_sc_mcu7t5v0__clkbuf_16 instances:   9
  Class: gf180mcu_fd_sc_mcu7t5v0__nand4_1 instances:   3
  Class: gf180mcu_fd_sc_mcu7t5v0__fillcap_8 instances:   1
  Class: gf180mcu_fd_sc_mcu7t5v0__oai32_1 instances:   1
  Class: gf180mcu_fd_sc_mcu7t5v0__dffrnq_1 instances:  41
  Class: gf180mcu_fd_sc_mcu7t5v0__aoi22_1 instances:   1
  Class: gf180mcu_fd_sc_mcu7t5v0__nand3_1 instances:   6
  Class: gf180mcu_fd_sc_mcu7t5v0__nor3_1 instances:   1
  Class: gf180mcu_fd_sc_mcu7t5v0__oai211_1 instances:   2
  Class: gf180mcu_fd_sc_mcu7t5v0__buf_2 instances:  22
  Class: gf180mcu_fd_sc_mcu7t5v0__fillcap_16 instances:   1
  Class: gf180mcu_fd_sc_mcu7t5v0__clkbuf_2 instances:  16
  Class: gf180mcu_fd_sc_mcu7t5v0__oai21_1 instances:  12
  Class: gf180mcu_fd_sc_mcu7t5v0__dlyb_1 instances:   9
  Class: gf180mcu_fd_sc_mcu7t5v0__fillcap_32 instances:   1
  Class: gf180mcu_fd_sc_mcu7t5v0__oai31_1 instances:   2
  Class: gf180mcu_fd_sc_mcu7t5v0__oai22_1 instances:   2
  Class: gf180mcu_fd_sc_mcu7t5v0__nand2_1 instances:  18
  Class: gf180mcu_fd_sc_mcu7t5v0__fillcap_4 instances:   1
  Class: gf180mcu_fd_sc_mcu7t5v0__and2_1 instances:  16
  Class: gf180mcu_fd_sc_mcu7t5v0__xor2_1 instances:   9
  Class: gf180mcu_fd_sc_mcu7t5v0__nor3_2 instances:   1
  Class: gf180mcu_fd_sc_mcu7t5v0__buf_1 instances:   9
  Class: gf180mcu_fd_sc_mcu7t5v0__nand2_2 instances:   3
  Class: gf180mcu_fd_sc_mcu7t5v0__clkbuf_1 instances:   2
  Class: gf180mcu_fd_sc_mcu7t5v0__clkinv_1 instances:   9
  Class: gf180mcu_fd_sc_mcu7t5v0__xnor2_1 instances:   6
  Class: gf180mcu_fd_sc_mcu7t5v0__or3_1 instances:   1
  Class: gf180mcu_fd_sc_mcu7t5v0__fillcap_64 instances:   1
  Class: gf180mcu_fd_sc_mcu7t5v0__nor2_1 instances:  12
  Class: gf180mcu_fd_sc_mcu7t5v0__aoi21_1 instances:   1
Circuit contains 224 nets.

Circuit 1 contains 221 devices, Circuit 2 contains 221 devices.
Circuit 1 contains 224 nets,    Circuit 2 contains 224 nets.


Final result: 
Circuits match uniquely.
.
Logging to file "/workspace/librelane/runs/RUN_2026-08-10_00-05-58/70-netgen-lvs/reports/lvs.netgen.rpt" disabled
LVS Done.
