                                                                       Cells by Function                                                                        
┏━━━━━━━━━━━━━━━━━━━━━━━━━━━━━━━━━━━━━━━━━━━━━━━━━━━━━━━━━━━━━━━━━━━━━━━━━━━━━━━━━━━━━━━━━━━━━━━━━━━━━━━━━━━━━━━━━━━━━━━━━━━━━━━━━━━┳━━━━━━━━━━━━━━━━━━━━━━━━━━┓
┃ Cell Function                                                                                                                     ┃ Count                    ┃
┡━━━━━━━━━━━━━━━━━━━━━━━━━━━━━━━━━━━━━━━━━━━━━━━━━━━━━━━━━━━━━━━━━━━━━━━━━━━━━━━━━━━━━━━━━━━━━━━━━━━━━━━━━━━━━━━━━━━━━━━━━━━━━━━━━━━╇━━━━━━━━━━━━━━━━━━━━━━━━━━┩
│ gf180mcu_fd_io__asig                                                                                                              │ 60                       │
│ gf180mcu_fd_io__bi                                                                                                                │ 20                       │
│ gf180mcu_fd_sc_mcu7t5v0__and2                                                                                                     │ 153                      │
│ gf180mcu_fd_sc_mcu7t5v0__and3                                                                                                     │ 49                       │
│ gf180mcu_fd_sc_mcu7t5v0__and4                                                                                                     │ 13                       │
│ gf180mcu_fd_sc_mcu7t5v0__aoi21                                                                                                    │ 338                      │
│ gf180mcu_fd_sc_mcu7t5v0__aoi211                                                                                                   │ 70                       │
│ gf180mcu_fd_sc_mcu7t5v0__aoi22                                                                                                    │ 247                      │
│ gf180mcu_fd_sc_mcu7t5v0__aoi221                                                                                                   │ 62                       │
│ gf180mcu_fd_sc_mcu7t5v0__aoi222                                                                                                   │ 13                       │
│ gf180mcu_fd_sc_mcu7t5v0__buf                                                                                                      │ 312                      │
│ gf180mcu_fd_sc_mcu7t5v0__clkbuf                                                                                                   │ 180                      │
│ gf180mcu_fd_sc_mcu7t5v0__clkinv                                                                                                   │ 439                      │
│ gf180mcu_fd_sc_mcu7t5v0__dffq                                                                                                     │ 22                       │
│ gf180mcu_fd_sc_mcu7t5v0__dffrnq                                                                                                   │ 539                      │
│ gf180mcu_fd_sc_mcu7t5v0__dffsnq                                                                                                   │ 8                        │
│ gf180mcu_fd_sc_mcu7t5v0__dlya                                                                                                     │ 1                        │
│ gf180mcu_fd_sc_mcu7t5v0__dlyb                                                                                                     │ 416                      │
│ gf180mcu_fd_sc_mcu7t5v0__dlyc                                                                                                     │ 105                      │
│ gf180mcu_fd_sc_mcu7t5v0__fill                                                                                                     │ 6899                     │
│ gf180mcu_fd_sc_mcu7t5v0__fillcap                                                                                                  │ 58071                    │
│ gf180mcu_fd_sc_mcu7t5v0__inv                                                                                                      │ 31                       │
│ gf180mcu_fd_sc_mcu7t5v0__mux2                                                                                                     │ 142                      │
│ gf180mcu_fd_sc_mcu7t5v0__nand2                                                                                                    │ 855                      │
│ gf180mcu_fd_sc_mcu7t5v0__nand3                                                                                                    │ 158                      │
│ gf180mcu_fd_sc_mcu7t5v0__nand4                                                                                                    │ 46                       │
│ gf180mcu_fd_sc_mcu7t5v0__nor2                                                                                                     │ 562                      │
│ gf180mcu_fd_sc_mcu7t5v0__nor3                                                                                                     │ 102                      │
│ gf180mcu_fd_sc_mcu7t5v0__nor4                                                                                                     │ 20                       │
│ gf180mcu_fd_sc_mcu7t5v0__oai21                                                                                                    │ 497                      │
│ gf180mcu_fd_sc_mcu7t5v0__oai211                                                                                                   │ 78                       │
│ gf180mcu_fd_sc_mcu7t5v0__oai22                                                                                                    │ 94                       │
│ gf180mcu_fd_sc_mcu7t5v0__oai221                                                                                                   │ 34                       │
│ gf180mcu_fd_sc_mcu7t5v0__oai222                                                                                                   │ 1                        │
│ gf180mcu_fd_sc_mcu7t5v0__oai31                                                                                                    │ 45                       │
│ gf180mcu_fd_sc_mcu7t5v0__oai32                                                                                                    │ 30                       │
│ gf180mcu_fd_sc_mcu7t5v0__oai33                                                                                                    │ 4                        │
│ gf180mcu_fd_sc_mcu7t5v0__or2                                                                                                      │ 95                       │
│ gf180mcu_fd_sc_mcu7t5v0__or3                                                                                                      │ 21                       │
│ gf180mcu_fd_sc_mcu7t5v0__or4                                                                                                      │ 7                        │
│ gf180mcu_fd_sc_mcu7t5v0__xnor2                                                                                                    │ 92                       │
│ gf180mcu_fd_sc_mcu7t5v0__xnor3                                                                                                    │ 8                        │
│ gf180mcu_fd_sc_mcu7t5v0__xor2                                                                                                     │ 362                      │
│ gf180mcu_fd_sc_mcu7t5v0__xor3                                                                                                     │ 123                      │
└───────────────────────────────────────────────────────────────────────────────────────────────────────────────────────────────────┴──────────────────────────┘
