
 /----------------------------------------------------------------------------\
 |  yosys -- Yosys Open SYnthesis Suite                                       |
 |  Copyright (C) 2012 - 2026  Claire Xenia Wolf <claire@yosyshq.com>         |
 |  Distributed under an ISC-like license, type "license" to see terms        |
 \----------------------------------------------------------------------------/
 Yosys 0.67 (git sha1 2d1509d1b, Release, GNU /usr/bin/c++ 13.3.0)

1. Executing Verilog-2005 frontend: /workspace/librelane/runs/RUN_2026-08-25_04-55-34/tmp/95a50f3a0a534911adf65e4003fdab06.bb.v
Parsing SystemVerilog input from `/workspace/librelane/runs/RUN_2026-08-25_04-55-34/tmp/95a50f3a0a534911adf65e4003fdab06.bb.v' to AST representation.
Generating RTLIL representation for module `\gf180mcu_fd_sc_mcu7t5v0__addf_1'.
Generating RTLIL representation for module `\gf180mcu_fd_sc_mcu7t5v0__addf_2'.
Generating RTLIL representation for module `\gf180mcu_fd_sc_mcu7t5v0__addf_4'.
Generating RTLIL representation for module `\gf180mcu_fd_sc_mcu7t5v0__addf_func'.
Generating RTLIL representation for module `\gf180mcu_fd_sc_mcu7t5v0__addh_1'.
Generating RTLIL representation for module `\gf180mcu_fd_sc_mcu7t5v0__addh_2'.
Generating RTLIL representation for module `\gf180mcu_fd_sc_mcu7t5v0__addh_4'.
Generating RTLIL representation for module `\gf180mcu_fd_sc_mcu7t5v0__addh_func'.
Generating RTLIL representation for module `\gf180mcu_fd_sc_mcu7t5v0__and2_1'.
Generating RTLIL representation for module `\gf180mcu_fd_sc_mcu7t5v0__and2_2'.
Generating RTLIL representation for module `\gf180mcu_fd_sc_mcu7t5v0__and2_4'.
Generating RTLIL representation for module `\gf180mcu_fd_sc_mcu7t5v0__and2_func'.
Generating RTLIL representation for module `\gf180mcu_fd_sc_mcu7t5v0__and3_1'.
Generating RTLIL representation for module `\gf180mcu_fd_sc_mcu7t5v0__and3_2'.
Generating RTLIL representation for module `\gf180mcu_fd_sc_mcu7t5v0__and3_4'.
Generating RTLIL representation for module `\gf180mcu_fd_sc_mcu7t5v0__and3_func'.
Generating RTLIL representation for module `\gf180mcu_fd_sc_mcu7t5v0__and4_1'.
Generating RTLIL representation for module `\gf180mcu_fd_sc_mcu7t5v0__and4_2'.
Generating RTLIL representation for module `\gf180mcu_fd_sc_mcu7t5v0__and4_4'.
Generating RTLIL representation for module `\gf180mcu_fd_sc_mcu7t5v0__and4_func'.
Generating RTLIL representation for module `\gf180mcu_fd_sc_mcu7t5v0__antenna'.
Generating RTLIL representation for module `\gf180mcu_fd_sc_mcu7t5v0__antenna_func'.
Generating RTLIL representation for module `\gf180mcu_fd_sc_mcu7t5v0__aoi211_1'.
Generating RTLIL representation for module `\gf180mcu_fd_sc_mcu7t5v0__aoi211_2'.
Generating RTLIL representation for module `\gf180mcu_fd_sc_mcu7t5v0__aoi211_4'.
Generating RTLIL representation for module `\gf180mcu_fd_sc_mcu7t5v0__aoi211_func'.
Generating RTLIL representation for module `\gf180mcu_fd_sc_mcu7t5v0__aoi21_1'.
Generating RTLIL representation for module `\gf180mcu_fd_sc_mcu7t5v0__aoi21_2'.
Generating RTLIL representation for module `\gf180mcu_fd_sc_mcu7t5v0__aoi21_4'.
Generating RTLIL representation for module `\gf180mcu_fd_sc_mcu7t5v0__aoi21_func'.
Generating RTLIL representation for module `\gf180mcu_fd_sc_mcu7t5v0__aoi221_1'.
Generating RTLIL representation for module `\gf180mcu_fd_sc_mcu7t5v0__aoi221_2'.
Generating RTLIL representation for module `\gf180mcu_fd_sc_mcu7t5v0__aoi221_4'.
Generating RTLIL representation for module `\gf180mcu_fd_sc_mcu7t5v0__aoi221_func'.
Generating RTLIL representation for module `\gf180mcu_fd_sc_mcu7t5v0__aoi222_1'.
Generating RTLIL representation for module `\gf180mcu_fd_sc_mcu7t5v0__aoi222_2'.
Generating RTLIL representation for module `\gf180mcu_fd_sc_mcu7t5v0__aoi222_4'.
Generating RTLIL representation for module `\gf180mcu_fd_sc_mcu7t5v0__aoi222_func'.
Generating RTLIL representation for module `\gf180mcu_fd_sc_mcu7t5v0__aoi22_1'.
Generating RTLIL representation for module `\gf180mcu_fd_sc_mcu7t5v0__aoi22_2'.
Generating RTLIL representation for module `\gf180mcu_fd_sc_mcu7t5v0__aoi22_4'.
Generating RTLIL representation for module `\gf180mcu_fd_sc_mcu7t5v0__aoi22_func'.
Generating RTLIL representation for module `\gf180mcu_fd_sc_mcu7t5v0__buf_1'.
Generating RTLIL representation for module `\gf180mcu_fd_sc_mcu7t5v0__buf_12'.
Generating RTLIL representation for module `\gf180mcu_fd_sc_mcu7t5v0__buf_16'.
Generating RTLIL representation for module `\gf180mcu_fd_sc_mcu7t5v0__buf_2'.
Generating RTLIL representation for module `\gf180mcu_fd_sc_mcu7t5v0__buf_20'.
Generating RTLIL representation for module `\gf180mcu_fd_sc_mcu7t5v0__buf_3'.
Generating RTLIL representation for module `\gf180mcu_fd_sc_mcu7t5v0__buf_4'.
Generating RTLIL representation for module `\gf180mcu_fd_sc_mcu7t5v0__buf_8'.
Generating RTLIL representation for module `\gf180mcu_fd_sc_mcu7t5v0__buf_func'.
Generating RTLIL representation for module `\gf180mcu_fd_sc_mcu7t5v0__bufz_1'.
Generating RTLIL representation for module `\gf180mcu_fd_sc_mcu7t5v0__bufz_12'.
Generating RTLIL representation for module `\gf180mcu_fd_sc_mcu7t5v0__bufz_16'.
Generating RTLIL representation for module `\gf180mcu_fd_sc_mcu7t5v0__bufz_2'.
Generating RTLIL representation for module `\gf180mcu_fd_sc_mcu7t5v0__bufz_3'.
Generating RTLIL representation for module `\gf180mcu_fd_sc_mcu7t5v0__bufz_4'.
Generating RTLIL representation for module `\gf180mcu_fd_sc_mcu7t5v0__bufz_8'.
Generating RTLIL representation for module `\gf180mcu_fd_sc_mcu7t5v0__bufz_func'.
Generating RTLIL representation for module `\gf180mcu_fd_sc_mcu7t5v0__clkbuf_1'.
Generating RTLIL representation for module `\gf180mcu_fd_sc_mcu7t5v0__clkbuf_12'.
Generating RTLIL representation for module `\gf180mcu_fd_sc_mcu7t5v0__clkbuf_16'.
Generating RTLIL representation for module `\gf180mcu_fd_sc_mcu7t5v0__clkbuf_2'.
Generating RTLIL representation for module `\gf180mcu_fd_sc_mcu7t5v0__clkbuf_20'.
Generating RTLIL representation for module `\gf180mcu_fd_sc_mcu7t5v0__clkbuf_3'.
Generating RTLIL representation for module `\gf180mcu_fd_sc_mcu7t5v0__clkbuf_4'.
Generating RTLIL representation for module `\gf180mcu_fd_sc_mcu7t5v0__clkbuf_8'.
Generating RTLIL representation for module `\gf180mcu_fd_sc_mcu7t5v0__clkbuf_func'.
Generating RTLIL representation for module `\gf180mcu_fd_sc_mcu7t5v0__clkinv_1'.
Generating RTLIL representation for module `\gf180mcu_fd_sc_mcu7t5v0__clkinv_12'.
Generating RTLIL representation for module `\gf180mcu_fd_sc_mcu7t5v0__clkinv_16'.
Generating RTLIL representation for module `\gf180mcu_fd_sc_mcu7t5v0__clkinv_2'.
Generating RTLIL representation for module `\gf180mcu_fd_sc_mcu7t5v0__clkinv_20'.
Generating RTLIL representation for module `\gf180mcu_fd_sc_mcu7t5v0__clkinv_3'.
Generating RTLIL representation for module `\gf180mcu_fd_sc_mcu7t5v0__clkinv_4'.
Generating RTLIL representation for module `\gf180mcu_fd_sc_mcu7t5v0__clkinv_8'.
Generating RTLIL representation for module `\gf180mcu_fd_sc_mcu7t5v0__clkinv_func'.
Generating RTLIL representation for module `\gf180mcu_fd_sc_mcu7t5v0__dffnq_1'.
Generating RTLIL representation for module `\gf180mcu_fd_sc_mcu7t5v0__dffnq_2'.
Generating RTLIL representation for module `\gf180mcu_fd_sc_mcu7t5v0__dffnq_4'.
Generating RTLIL representation for module `\gf180mcu_fd_sc_mcu7t5v0__dffnq_func'.
Generating RTLIL representation for module `\gf180mcu_fd_sc_mcu7t5v0__dffnrnq_1'.
Generating RTLIL representation for module `\gf180mcu_fd_sc_mcu7t5v0__dffnrnq_2'.
Generating RTLIL representation for module `\gf180mcu_fd_sc_mcu7t5v0__dffnrnq_4'.
Generating RTLIL representation for module `\gf180mcu_fd_sc_mcu7t5v0__dffnrnq_func'.
Generating RTLIL representation for module `\gf180mcu_fd_sc_mcu7t5v0__dffnrsnq_1'.
Generating RTLIL representation for module `\gf180mcu_fd_sc_mcu7t5v0__dffnrsnq_2'.
Generating RTLIL representation for module `\gf180mcu_fd_sc_mcu7t5v0__dffnrsnq_4'.
Generating RTLIL representation for module `\gf180mcu_fd_sc_mcu7t5v0__dffnrsnq_func'.
Generating RTLIL representation for module `\gf180mcu_fd_sc_mcu7t5v0__dffnsnq_1'.
Generating RTLIL representation for module `\gf180mcu_fd_sc_mcu7t5v0__dffnsnq_2'.
Generating RTLIL representation for module `\gf180mcu_fd_sc_mcu7t5v0__dffnsnq_4'.
Generating RTLIL representation for module `\gf180mcu_fd_sc_mcu7t5v0__dffnsnq_func'.
Generating RTLIL representation for module `\gf180mcu_fd_sc_mcu7t5v0__dffq_1'.
Generating RTLIL representation for module `\gf180mcu_fd_sc_mcu7t5v0__dffq_2'.
Generating RTLIL representation for module `\gf180mcu_fd_sc_mcu7t5v0__dffq_4'.
Generating RTLIL representation for module `\gf180mcu_fd_sc_mcu7t5v0__dffq_func'.
Generating RTLIL representation for module `\gf180mcu_fd_sc_mcu7t5v0__dffrnq_1'.
Generating RTLIL representation for module `\gf180mcu_fd_sc_mcu7t5v0__dffrnq_2'.
Generating RTLIL representation for module `\gf180mcu_fd_sc_mcu7t5v0__dffrnq_4'.
Generating RTLIL representation for module `\gf180mcu_fd_sc_mcu7t5v0__dffrnq_func'.
Generating RTLIL representation for module `\gf180mcu_fd_sc_mcu7t5v0__dffrsnq_1'.
Generating RTLIL representation for module `\gf180mcu_fd_sc_mcu7t5v0__dffrsnq_2'.
Generating RTLIL representation for module `\gf180mcu_fd_sc_mcu7t5v0__dffrsnq_4'.
Generating RTLIL representation for module `\gf180mcu_fd_sc_mcu7t5v0__dffrsnq_func'.
Generating RTLIL representation for module `\gf180mcu_fd_sc_mcu7t5v0__dffsnq_1'.
Generating RTLIL representation for module `\gf180mcu_fd_sc_mcu7t5v0__dffsnq_2'.
Generating RTLIL representation for module `\gf180mcu_fd_sc_mcu7t5v0__dffsnq_4'.
Generating RTLIL representation for module `\gf180mcu_fd_sc_mcu7t5v0__dffsnq_func'.
Generating RTLIL representation for module `\gf180mcu_fd_sc_mcu7t5v0__dlya_1'.
Generating RTLIL representation for module `\gf180mcu_fd_sc_mcu7t5v0__dlya_2'.
Generating RTLIL representation for module `\gf180mcu_fd_sc_mcu7t5v0__dlya_4'.
Generating RTLIL representation for module `\gf180mcu_fd_sc_mcu7t5v0__dlya_func'.
Generating RTLIL representation for module `\gf180mcu_fd_sc_mcu7t5v0__dlyb_1'.
Generating RTLIL representation for module `\gf180mcu_fd_sc_mcu7t5v0__dlyb_2'.
Generating RTLIL representation for module `\gf180mcu_fd_sc_mcu7t5v0__dlyb_4'.
Generating RTLIL representation for module `\gf180mcu_fd_sc_mcu7t5v0__dlyb_func'.
Generating RTLIL representation for module `\gf180mcu_fd_sc_mcu7t5v0__dlyc_1'.
Generating RTLIL representation for module `\gf180mcu_fd_sc_mcu7t5v0__dlyc_2'.
Generating RTLIL representation for module `\gf180mcu_fd_sc_mcu7t5v0__dlyc_4'.
Generating RTLIL representation for module `\gf180mcu_fd_sc_mcu7t5v0__dlyc_func'.
Generating RTLIL representation for module `\gf180mcu_fd_sc_mcu7t5v0__dlyd_1'.
Generating RTLIL representation for module `\gf180mcu_fd_sc_mcu7t5v0__dlyd_2'.
Generating RTLIL representation for module `\gf180mcu_fd_sc_mcu7t5v0__dlyd_4'.
Generating RTLIL representation for module `\gf180mcu_fd_sc_mcu7t5v0__dlyd_func'.
Generating RTLIL representation for module `\gf180mcu_fd_sc_mcu7t5v0__endcap'.
Generating RTLIL representation for module `\gf180mcu_fd_sc_mcu7t5v0__endcap_func'.
Generating RTLIL representation for module `\gf180mcu_fd_sc_mcu7t5v0__fill_1'.
Generating RTLIL representation for module `\gf180mcu_fd_sc_mcu7t5v0__fill_16'.
Generating RTLIL representation for module `\gf180mcu_fd_sc_mcu7t5v0__fill_2'.
Generating RTLIL representation for module `\gf180mcu_fd_sc_mcu7t5v0__fill_32'.
Generating RTLIL representation for module `\gf180mcu_fd_sc_mcu7t5v0__fill_4'.
Generating RTLIL representation for module `\gf180mcu_fd_sc_mcu7t5v0__fill_64'.
Generating RTLIL representation for module `\gf180mcu_fd_sc_mcu7t5v0__fill_8'.
Generating RTLIL representation for module `\gf180mcu_fd_sc_mcu7t5v0__fill_func'.
Generating RTLIL representation for module `\gf180mcu_fd_sc_mcu7t5v0__fillcap_16'.
Generating RTLIL representation for module `\gf180mcu_fd_sc_mcu7t5v0__fillcap_32'.
Generating RTLIL representation for module `\gf180mcu_fd_sc_mcu7t5v0__fillcap_4'.
Generating RTLIL representation for module `\gf180mcu_fd_sc_mcu7t5v0__fillcap_64'.
Generating RTLIL representation for module `\gf180mcu_fd_sc_mcu7t5v0__fillcap_8'.
Generating RTLIL representation for module `\gf180mcu_fd_sc_mcu7t5v0__fillcap_func'.
Generating RTLIL representation for module `\gf180mcu_fd_sc_mcu7t5v0__filltie'.
Generating RTLIL representation for module `\gf180mcu_fd_sc_mcu7t5v0__filltie_func'.
Generating RTLIL representation for module `\gf180mcu_fd_sc_mcu7t5v0__hold'.
Generating RTLIL representation for module `\gf180mcu_fd_sc_mcu7t5v0__hold_func'.
Generating RTLIL representation for module `\gf180mcu_fd_sc_mcu7t5v0__icgtn_1'.
Generating RTLIL representation for module `\gf180mcu_fd_sc_mcu7t5v0__icgtn_2'.
Generating RTLIL representation for module `\gf180mcu_fd_sc_mcu7t5v0__icgtn_4'.
Generating RTLIL representation for module `\gf180mcu_fd_sc_mcu7t5v0__icgtn_func'.
Generating RTLIL representation for module `\gf180mcu_fd_sc_mcu7t5v0__icgtp_1'.
Generating RTLIL representation for module `\gf180mcu_fd_sc_mcu7t5v0__icgtp_2'.
Generating RTLIL representation for module `\gf180mcu_fd_sc_mcu7t5v0__icgtp_4'.
Generating RTLIL representation for module `\gf180mcu_fd_sc_mcu7t5v0__icgtp_func'.
Generating RTLIL representation for module `\gf180mcu_fd_sc_mcu7t5v0__inv_1'.
Generating RTLIL representation for module `\gf180mcu_fd_sc_mcu7t5v0__inv_12'.
Generating RTLIL representation for module `\gf180mcu_fd_sc_mcu7t5v0__inv_16'.
Generating RTLIL representation for module `\gf180mcu_fd_sc_mcu7t5v0__inv_2'.
Generating RTLIL representation for module `\gf180mcu_fd_sc_mcu7t5v0__inv_20'.
Generating RTLIL representation for module `\gf180mcu_fd_sc_mcu7t5v0__inv_3'.
Generating RTLIL representation for module `\gf180mcu_fd_sc_mcu7t5v0__inv_4'.
Generating RTLIL representation for module `\gf180mcu_fd_sc_mcu7t5v0__inv_8'.
Generating RTLIL representation for module `\gf180mcu_fd_sc_mcu7t5v0__inv_func'.
Generating RTLIL representation for module `\gf180mcu_fd_sc_mcu7t5v0__invz_1'.
Generating RTLIL representation for module `\gf180mcu_fd_sc_mcu7t5v0__invz_12'.
Generating RTLIL representation for module `\gf180mcu_fd_sc_mcu7t5v0__invz_16'.
Generating RTLIL representation for module `\gf180mcu_fd_sc_mcu7t5v0__invz_2'.
Generating RTLIL representation for module `\gf180mcu_fd_sc_mcu7t5v0__invz_3'.
Generating RTLIL representation for module `\gf180mcu_fd_sc_mcu7t5v0__invz_4'.
Generating RTLIL representation for module `\gf180mcu_fd_sc_mcu7t5v0__invz_8'.
Generating RTLIL representation for module `\gf180mcu_fd_sc_mcu7t5v0__invz_func'.
Generating RTLIL representation for module `\gf180mcu_fd_sc_mcu7t5v0__latq_1'.
Generating RTLIL representation for module `\gf180mcu_fd_sc_mcu7t5v0__latq_2'.
Generating RTLIL representation for module `\gf180mcu_fd_sc_mcu7t5v0__latq_4'.
Generating RTLIL representation for module `\gf180mcu_fd_sc_mcu7t5v0__latq_func'.
Generating RTLIL representation for module `\gf180mcu_fd_sc_mcu7t5v0__latrnq_1'.
Generating RTLIL representation for module `\gf180mcu_fd_sc_mcu7t5v0__latrnq_2'.
Generating RTLIL representation for module `\gf180mcu_fd_sc_mcu7t5v0__latrnq_4'.
Generating RTLIL representation for module `\gf180mcu_fd_sc_mcu7t5v0__latrnq_func'.
Generating RTLIL representation for module `\gf180mcu_fd_sc_mcu7t5v0__latrsnq_1'.
Generating RTLIL representation for module `\gf180mcu_fd_sc_mcu7t5v0__latrsnq_2'.
Generating RTLIL representation for module `\gf180mcu_fd_sc_mcu7t5v0__latrsnq_4'.
Generating RTLIL representation for module `\gf180mcu_fd_sc_mcu7t5v0__latrsnq_func'.
Generating RTLIL representation for module `\gf180mcu_fd_sc_mcu7t5v0__latsnq_1'.
Generating RTLIL representation for module `\gf180mcu_fd_sc_mcu7t5v0__latsnq_2'.
Generating RTLIL representation for module `\gf180mcu_fd_sc_mcu7t5v0__latsnq_4'.
Generating RTLIL representation for module `\gf180mcu_fd_sc_mcu7t5v0__latsnq_func'.
Generating RTLIL representation for module `\gf180mcu_fd_sc_mcu7t5v0__mux2_1'.
Generating RTLIL representation for module `\gf180mcu_fd_sc_mcu7t5v0__mux2_2'.
Generating RTLIL representation for module `\gf180mcu_fd_sc_mcu7t5v0__mux2_4'.
Generating RTLIL representation for module `\gf180mcu_fd_sc_mcu7t5v0__mux2_func'.
Generating RTLIL representation for module `\gf180mcu_fd_sc_mcu7t5v0__mux4_1'.
Generating RTLIL representation for module `\gf180mcu_fd_sc_mcu7t5v0__mux4_2'.
Generating RTLIL representation for module `\gf180mcu_fd_sc_mcu7t5v0__mux4_4'.
Generating RTLIL representation for module `\gf180mcu_fd_sc_mcu7t5v0__mux4_func'.
Generating RTLIL representation for module `\gf180mcu_fd_sc_mcu7t5v0__nand2_1'.
Generating RTLIL representation for module `\gf180mcu_fd_sc_mcu7t5v0__nand2_2'.
Generating RTLIL representation for module `\gf180mcu_fd_sc_mcu7t5v0__nand2_4'.
Generating RTLIL representation for module `\gf180mcu_fd_sc_mcu7t5v0__nand2_func'.
Generating RTLIL representation for module `\gf180mcu_fd_sc_mcu7t5v0__nand3_1'.
Generating RTLIL representation for module `\gf180mcu_fd_sc_mcu7t5v0__nand3_2'.
Generating RTLIL representation for module `\gf180mcu_fd_sc_mcu7t5v0__nand3_4'.
Generating RTLIL representation for module `\gf180mcu_fd_sc_mcu7t5v0__nand3_func'.
Generating RTLIL representation for module `\gf180mcu_fd_sc_mcu7t5v0__nand4_1'.
Generating RTLIL representation for module `\gf180mcu_fd_sc_mcu7t5v0__nand4_2'.
Generating RTLIL representation for module `\gf180mcu_fd_sc_mcu7t5v0__nand4_4'.
Generating RTLIL representation for module `\gf180mcu_fd_sc_mcu7t5v0__nand4_func'.
Generating RTLIL representation for module `\gf180mcu_fd_sc_mcu7t5v0__nor2_1'.
Generating RTLIL representation for module `\gf180mcu_fd_sc_mcu7t5v0__nor2_2'.
Generating RTLIL representation for module `\gf180mcu_fd_sc_mcu7t5v0__nor2_4'.
Generating RTLIL representation for module `\gf180mcu_fd_sc_mcu7t5v0__nor2_func'.
Generating RTLIL representation for module `\gf180mcu_fd_sc_mcu7t5v0__nor3_1'.
Generating RTLIL representation for module `\gf180mcu_fd_sc_mcu7t5v0__nor3_2'.
Generating RTLIL representation for module `\gf180mcu_fd_sc_mcu7t5v0__nor3_4'.
Generating RTLIL representation for module `\gf180mcu_fd_sc_mcu7t5v0__nor3_func'.
Generating RTLIL representation for module `\gf180mcu_fd_sc_mcu7t5v0__nor4_1'.
Generating RTLIL representation for module `\gf180mcu_fd_sc_mcu7t5v0__nor4_2'.
Generating RTLIL representation for module `\gf180mcu_fd_sc_mcu7t5v0__nor4_4'.
Generating RTLIL representation for module `\gf180mcu_fd_sc_mcu7t5v0__nor4_func'.
Generating RTLIL representation for module `\gf180mcu_fd_sc_mcu7t5v0__oai211_1'.
Generating RTLIL representation for module `\gf180mcu_fd_sc_mcu7t5v0__oai211_2'.
Generating RTLIL representation for module `\gf180mcu_fd_sc_mcu7t5v0__oai211_4'.
Generating RTLIL representation for module `\gf180mcu_fd_sc_mcu7t5v0__oai211_func'.
Generating RTLIL representation for module `\gf180mcu_fd_sc_mcu7t5v0__oai21_1'.
Generating RTLIL representation for module `\gf180mcu_fd_sc_mcu7t5v0__oai21_2'.
Generating RTLIL representation for module `\gf180mcu_fd_sc_mcu7t5v0__oai21_4'.
Generating RTLIL representation for module `\gf180mcu_fd_sc_mcu7t5v0__oai21_func'.
Generating RTLIL representation for module `\gf180mcu_fd_sc_mcu7t5v0__oai221_1'.
Generating RTLIL representation for module `\gf180mcu_fd_sc_mcu7t5v0__oai221_2'.
Generating RTLIL representation for module `\gf180mcu_fd_sc_mcu7t5v0__oai221_4'.
Generating RTLIL representation for module `\gf180mcu_fd_sc_mcu7t5v0__oai221_func'.
Generating RTLIL representation for module `\gf180mcu_fd_sc_mcu7t5v0__oai222_1'.
Generating RTLIL representation for module `\gf180mcu_fd_sc_mcu7t5v0__oai222_2'.
Generating RTLIL representation for module `\gf180mcu_fd_sc_mcu7t5v0__oai222_4'.
Generating RTLIL representation for module `\gf180mcu_fd_sc_mcu7t5v0__oai222_func'.
Generating RTLIL representation for module `\gf180mcu_fd_sc_mcu7t5v0__oai22_1'.
Generating RTLIL representation for module `\gf180mcu_fd_sc_mcu7t5v0__oai22_2'.
Generating RTLIL representation for module `\gf180mcu_fd_sc_mcu7t5v0__oai22_4'.
Generating RTLIL representation for module `\gf180mcu_fd_sc_mcu7t5v0__oai22_func'.
Generating RTLIL representation for module `\gf180mcu_fd_sc_mcu7t5v0__oai31_1'.
Generating RTLIL representation for module `\gf180mcu_fd_sc_mcu7t5v0__oai31_2'.
Generating RTLIL representation for module `\gf180mcu_fd_sc_mcu7t5v0__oai31_4'.
Generating RTLIL representation for module `\gf180mcu_fd_sc_mcu7t5v0__oai31_func'.
Generating RTLIL representation for module `\gf180mcu_fd_sc_mcu7t5v0__oai32_1'.
Generating RTLIL representation for module `\gf180mcu_fd_sc_mcu7t5v0__oai32_2'.
Generating RTLIL representation for module `\gf180mcu_fd_sc_mcu7t5v0__oai32_4'.
Generating RTLIL representation for module `\gf180mcu_fd_sc_mcu7t5v0__oai32_func'.
Generating RTLIL representation for module `\gf180mcu_fd_sc_mcu7t5v0__oai33_1'.
Generating RTLIL representation for module `\gf180mcu_fd_sc_mcu7t5v0__oai33_2'.
Generating RTLIL representation for module `\gf180mcu_fd_sc_mcu7t5v0__oai33_4'.
Generating RTLIL representation for module `\gf180mcu_fd_sc_mcu7t5v0__oai33_func'.
Generating RTLIL representation for module `\gf180mcu_fd_sc_mcu7t5v0__or2_1'.
Generating RTLIL representation for module `\gf180mcu_fd_sc_mcu7t5v0__or2_2'.
Generating RTLIL representation for module `\gf180mcu_fd_sc_mcu7t5v0__or2_4'.
Generating RTLIL representation for module `\gf180mcu_fd_sc_mcu7t5v0__or2_func'.
Generating RTLIL representation for module `\gf180mcu_fd_sc_mcu7t5v0__or3_1'.
Generating RTLIL representation for module `\gf180mcu_fd_sc_mcu7t5v0__or3_2'.
Generating RTLIL representation for module `\gf180mcu_fd_sc_mcu7t5v0__or3_4'.
Generating RTLIL representation for module `\gf180mcu_fd_sc_mcu7t5v0__or3_func'.
Generating RTLIL representation for module `\gf180mcu_fd_sc_mcu7t5v0__or4_1'.
Generating RTLIL representation for module `\gf180mcu_fd_sc_mcu7t5v0__or4_2'.
Generating RTLIL representation for module `\gf180mcu_fd_sc_mcu7t5v0__or4_4'.
Generating RTLIL representation for module `\gf180mcu_fd_sc_mcu7t5v0__or4_func'.
Generating RTLIL representation for module `\gf180mcu_fd_sc_mcu7t5v0__sdffq_1'.
Generating RTLIL representation for module `\gf180mcu_fd_sc_mcu7t5v0__sdffq_2'.
Generating RTLIL representation for module `\gf180mcu_fd_sc_mcu7t5v0__sdffq_4'.
Generating RTLIL representation for module `\gf180mcu_fd_sc_mcu7t5v0__sdffq_func'.
Generating RTLIL representation for module `\gf180mcu_fd_sc_mcu7t5v0__sdffrnq_1'.
Generating RTLIL representation for module `\gf180mcu_fd_sc_mcu7t5v0__sdffrnq_2'.
Generating RTLIL representation for module `\gf180mcu_fd_sc_mcu7t5v0__sdffrnq_4'.
Generating RTLIL representation for module `\gf180mcu_fd_sc_mcu7t5v0__sdffrnq_func'.
Generating RTLIL representation for module `\gf180mcu_fd_sc_mcu7t5v0__sdffrsnq_1'.
Generating RTLIL representation for module `\gf180mcu_fd_sc_mcu7t5v0__sdffrsnq_2'.
Generating RTLIL representation for module `\gf180mcu_fd_sc_mcu7t5v0__sdffrsnq_4'.
Generating RTLIL representation for module `\gf180mcu_fd_sc_mcu7t5v0__sdffrsnq_func'.
Generating RTLIL representation for module `\gf180mcu_fd_sc_mcu7t5v0__sdffsnq_1'.
Generating RTLIL representation for module `\gf180mcu_fd_sc_mcu7t5v0__sdffsnq_2'.
Generating RTLIL representation for module `\gf180mcu_fd_sc_mcu7t5v0__sdffsnq_4'.
Generating RTLIL representation for module `\gf180mcu_fd_sc_mcu7t5v0__sdffsnq_func'.
Generating RTLIL representation for module `\gf180mcu_fd_sc_mcu7t5v0__tieh'.
Generating RTLIL representation for module `\gf180mcu_fd_sc_mcu7t5v0__tieh_func'.
Generating RTLIL representation for module `\gf180mcu_fd_sc_mcu7t5v0__tiel'.
Generating RTLIL representation for module `\gf180mcu_fd_sc_mcu7t5v0__tiel_func'.
Generating RTLIL representation for module `\gf180mcu_fd_sc_mcu7t5v0__xnor2_1'.
Generating RTLIL representation for module `\gf180mcu_fd_sc_mcu7t5v0__xnor2_2'.
Generating RTLIL representation for module `\gf180mcu_fd_sc_mcu7t5v0__xnor2_4'.
Generating RTLIL representation for module `\gf180mcu_fd_sc_mcu7t5v0__xnor2_func'.
Generating RTLIL representation for module `\gf180mcu_fd_sc_mcu7t5v0__xnor3_1'.
Generating RTLIL representation for module `\gf180mcu_fd_sc_mcu7t5v0__xnor3_2'.
Generating RTLIL representation for module `\gf180mcu_fd_sc_mcu7t5v0__xnor3_4'.
Generating RTLIL representation for module `\gf180mcu_fd_sc_mcu7t5v0__xnor3_func'.
Generating RTLIL representation for module `\gf180mcu_fd_sc_mcu7t5v0__xor2_1'.
Generating RTLIL representation for module `\gf180mcu_fd_sc_mcu7t5v0__xor2_2'.
Generating RTLIL representation for module `\gf180mcu_fd_sc_mcu7t5v0__xor2_4'.
Generating RTLIL representation for module `\gf180mcu_fd_sc_mcu7t5v0__xor2_func'.
Generating RTLIL representation for module `\gf180mcu_fd_sc_mcu7t5v0__xor3_1'.
Generating RTLIL representation for module `\gf180mcu_fd_sc_mcu7t5v0__xor3_2'.
Generating RTLIL representation for module `\gf180mcu_fd_sc_mcu7t5v0__xor3_4'.
Generating RTLIL representation for module `\gf180mcu_fd_sc_mcu7t5v0__xor3_func'.
Successfully finished Verilog frontend.

2. Executing Verilog-2005 frontend: /workspace/librelane/runs/RUN_2026-08-25_04-55-34/tmp/fcb7ae3153314b8fbb10541a16874cfe.bb.v
Parsing SystemVerilog input from `/workspace/librelane/runs/RUN_2026-08-25_04-55-34/tmp/fcb7ae3153314b8fbb10541a16874cfe.bb.v' to AST representation.
Generating RTLIL representation for module `\gf180mcu_ef_io__bi_t'.
Generating RTLIL representation for module `\gf180mcu_fd_io__asig_5p0'.
Generating RTLIL representation for module `\gf180mcu_fd_io__bi_24t'.
Generating RTLIL representation for module `\gf180mcu_fd_io__bi_t'.
Generating RTLIL representation for module `\gf180mcu_fd_io__brk2'.
Generating RTLIL representation for module `\gf180mcu_fd_io__brk5'.
Generating RTLIL representation for module `\gf180mcu_fd_io__cor'.
Generating RTLIL representation for module `\gf180mcu_fd_io__dvdd'.
Generating RTLIL representation for module `\gf180mcu_fd_io__dvss'.
Generating RTLIL representation for module `\gf180mcu_fd_io__fill1'.
Generating RTLIL representation for module `\gf180mcu_fd_io__fill10'.
Generating RTLIL representation for module `\gf180mcu_fd_io__fill5'.
Generating RTLIL representation for module `\gf180mcu_fd_io__fillnc'.
Generating RTLIL representation for module `\gf180mcu_fd_io__in_c'.
Generating RTLIL representation for module `\gf180mcu_fd_io__in_s'.
Generating RTLIL representation for module `\gf180mcu_ws_io__dvdd'.
Generating RTLIL representation for module `\gf180mcu_ws_io__dvss'.
Successfully finished Verilog frontend.
use_slang

3. Executing SLANG frontend.
Top level design units:
    wrapper


Build succeeded: 0 errors, 0 warnings

3.1. Executing PROC_CLEAN pass (remove empty switches from decision trees).
Found and cleaned up 1 empty switch in `\digital_domain$wrapper.digital_domain_inst.$855'.
Found and cleaned up 1 empty switch in `\digital_domain$wrapper.digital_domain_inst.$844'.
Found and cleaned up 1 empty switch in `\digital_domain$wrapper.digital_domain_inst.$831'.
Found and cleaned up 1 empty switch in `\digital_domain$wrapper.digital_domain_inst.$771'.
Found and cleaned up 1 empty switch in `\digital_domain$wrapper.digital_domain_inst.$760'.
Found and cleaned up 1 empty switch in `\digital_domain$wrapper.digital_domain_inst.$747'.
Found and cleaned up 1 empty switch in `\digital_domain$wrapper.digital_domain_inst.$694'.
Found and cleaned up 1 empty switch in `\digital_domain$wrapper.digital_domain_inst.$689'.
Found and cleaned up 1 empty switch in `\digital_domain$wrapper.digital_domain_inst.$684'.
Removing empty process `digital_domain$wrapper.digital_domain_inst.$679'.
Found and cleaned up 1 empty switch in `\digital_domain$wrapper.digital_domain_inst.$672'.
Found and cleaned up 1 empty switch in `\digital_domain$wrapper.digital_domain_inst.$669'.
Removing empty process `digital_domain$wrapper.digital_domain_inst.$657'.
Found and cleaned up 1 empty switch in `\digital_domain$wrapper.digital_domain_inst.$650'.
Found and cleaned up 1 empty switch in `\digital_domain$wrapper.digital_domain_inst.$647'.
Found and cleaned up 1 empty switch in `\digital_domain$wrapper.digital_domain_inst.$618'.
Found and cleaned up 1 empty switch in `\digital_domain$wrapper.digital_domain_inst.$504'.
Found and cleaned up 1 empty switch in `\digital_domain$wrapper.digital_domain_inst.$474'.
Found and cleaned up 1 empty switch in `\digital_domain$wrapper.digital_domain_inst.$468'.
Found and cleaned up 1 empty switch in `\digital_domain$wrapper.digital_domain_inst.$409'.
Found and cleaned up 1 empty switch in `\digital_domain$wrapper.digital_domain_inst.$404'.
Found and cleaned up 1 empty switch in `\digital_domain$wrapper.digital_domain_inst.$399'.
Removing empty process `digital_domain$wrapper.digital_domain_inst.$394'.
Found and cleaned up 1 empty switch in `\digital_domain$wrapper.digital_domain_inst.$387'.
Found and cleaned up 1 empty switch in `\digital_domain$wrapper.digital_domain_inst.$384'.
Removing empty process `digital_domain$wrapper.digital_domain_inst.$372'.
Found and cleaned up 1 empty switch in `\digital_domain$wrapper.digital_domain_inst.$365'.
Found and cleaned up 1 empty switch in `\digital_domain$wrapper.digital_domain_inst.$362'.
Found and cleaned up 1 empty switch in `\digital_domain$wrapper.digital_domain_inst.$333'.
Found and cleaned up 1 empty switch in `\digital_domain$wrapper.digital_domain_inst.$219'.
Found and cleaned up 1 empty switch in `\digital_domain$wrapper.digital_domain_inst.$189'.
Found and cleaned up 1 empty switch in `\digital_domain$wrapper.digital_domain_inst.$183'.
Found and cleaned up 1 empty switch in `\digital_domain$wrapper.digital_domain_inst.$160'.
Removing empty process `digital_domain$wrapper.digital_domain_inst.$157'.
Found and cleaned up 1 empty switch in `\digital_domain$wrapper.digital_domain_inst.$148'.
Found and cleaned up 1 empty switch in `\digital_domain$wrapper.digital_domain_inst.$95'.
Found and cleaned up 1 empty switch in `\digital_domain$wrapper.digital_domain_inst.$68'.
Found and cleaned up 1 empty switch in `\digital_domain$wrapper.digital_domain_inst.$23'.
Removing empty process `digital_domain$wrapper.digital_domain_inst.$12'.
Removing empty process `digital_domain$wrapper.digital_domain_inst.$6'.
Cleaned up 33 empty switches.

3.2. Executing TRIBUF pass.

3.3. Executing PROC_RMDEAD pass (remove dead branches from decision trees).
Marked 2 switch rules as full_case in process $689 in module digital_domain$wrapper.digital_domain_inst.
Marked 9 switch rules as full_case in process $855 in module digital_domain$wrapper.digital_domain_inst.
Marked 1 switch rules as full_case in process $672 in module digital_domain$wrapper.digital_domain_inst.
Removed 1 dead cases from process $669 in module digital_domain$wrapper.digital_domain_inst.
Marked 1 switch rules as full_case in process $669 in module digital_domain$wrapper.digital_domain_inst.
Marked 1 switch rules as full_case in process $844 in module digital_domain$wrapper.digital_domain_inst.
Marked 1 switch rules as full_case in process $650 in module digital_domain$wrapper.digital_domain_inst.
Removed 1 dead cases from process $647 in module digital_domain$wrapper.digital_domain_inst.
Marked 1 switch rules as full_case in process $647 in module digital_domain$wrapper.digital_domain_inst.
Marked 10 switch rules as full_case in process $618 in module digital_domain$wrapper.digital_domain_inst.
Marked 16 switch rules as full_case in process $504 in module digital_domain$wrapper.digital_domain_inst.
Marked 1 switch rules as full_case in process $474 in module digital_domain$wrapper.digital_domain_inst.
Marked 2 switch rules as full_case in process $468 in module digital_domain$wrapper.digital_domain_inst.
Marked 9 switch rules as full_case in process $409 in module digital_domain$wrapper.digital_domain_inst.
Marked 2 switch rules as full_case in process $404 in module digital_domain$wrapper.digital_domain_inst.
Marked 1 switch rules as full_case in process $831 in module digital_domain$wrapper.digital_domain_inst.
Marked 1 switch rules as full_case in process $387 in module digital_domain$wrapper.digital_domain_inst.
Removed 1 dead cases from process $384 in module digital_domain$wrapper.digital_domain_inst.
Marked 1 switch rules as full_case in process $384 in module digital_domain$wrapper.digital_domain_inst.
Marked 9 switch rules as full_case in process $771 in module digital_domain$wrapper.digital_domain_inst.
Marked 1 switch rules as full_case in process $365 in module digital_domain$wrapper.digital_domain_inst.
Removed 1 dead cases from process $362 in module digital_domain$wrapper.digital_domain_inst.
Marked 1 switch rules as full_case in process $362 in module digital_domain$wrapper.digital_domain_inst.
Marked 10 switch rules as full_case in process $333 in module digital_domain$wrapper.digital_domain_inst.
Marked 16 switch rules as full_case in process $219 in module digital_domain$wrapper.digital_domain_inst.
Marked 1 switch rules as full_case in process $189 in module digital_domain$wrapper.digital_domain_inst.
Marked 2 switch rules as full_case in process $183 in module digital_domain$wrapper.digital_domain_inst.
Marked 1 switch rules as full_case in process $760 in module digital_domain$wrapper.digital_domain_inst.
Marked 9 switch rules as full_case in process $148 in module digital_domain$wrapper.digital_domain_inst.
Marked 1 switch rules as full_case in process $68 in module digital_domain$wrapper.digital_domain_inst.
Marked 9 switch rules as full_case in process $23 in module digital_domain$wrapper.digital_domain_inst.
Marked 1 switch rules as full_case in process $747 in module digital_domain$wrapper.digital_domain_inst.
Marked 9 switch rules as full_case in process $694 in module digital_domain$wrapper.digital_domain_inst.
Removed a total of 4 dead cases.

3.4. Executing PROC_PRUNE pass (remove redundant assignments in processes).
Removed 147 redundant assignments.
Promoted 0 assignments to connections.

3.5. Executing PROC_INIT pass (extract init attributes).

3.6. Executing PROC_ROM pass (convert switches to ROMs).
Converted 4 switches.
<suppressed ~179 debug messages>

3.7. Executing PROC_MUX pass (convert decision trees to multiplexers).
Creating decoders for process `\digital_domain$wrapper.digital_domain_inst.$689'.
     1/2: $wave_controller_y_inst.ds_code$691
     2/2: $wave_controller_y_inst.ds_code$692
Creating decoders for process `\digital_domain$wrapper.digital_domain_inst.$684'.
     1/1: $wave_controller_y_inst.ref_ds_code$687
Creating decoders for process `\digital_domain$wrapper.digital_domain_inst.$855'.
     1/39: $signal_processor_y_inst.cycle_count$877
     2/39: $signal_processor_y_inst.cnt_out$876
     3/39: $signal_processor_y_inst.cnt_in$875
     4/39: $signal_processor_y_inst.jitter_flag$865
     5/39: $signal_processor_y_inst.move_en$864
     6/39: $signal_processor_y_inst.dir$863
     7/39: $signal_processor_y_inst.jitter_flag$868
     8/39: $signal_processor_y_inst.move_en$867
     9/39: $signal_processor_y_inst.dir$866
    10/39: $signal_processor_y_inst.votes_out_phase$874
    11/39: $signal_processor_y_inst.votes_in_phase$873
    12/39: $signal_processor_y_inst.jitter_flag$872
    13/39: $signal_processor_y_inst.move_en$871
    14/39: $signal_processor_y_inst.dir$870
    15/39: $signal_processor_y_inst.cycle_count$887
    16/39: $signal_processor_y_inst.cnt_out$886
    17/39: $signal_processor_y_inst.cnt_in$885
    18/39: $signal_processor_y_inst.s90_valid$884
    19/39: $signal_processor_y_inst.votes_out_phase$883
    20/39: $signal_processor_y_inst.votes_in_phase$882
    21/39: $signal_processor_y_inst.phase_state$881
    22/39: $signal_processor_y_inst.jitter_flag$880
    23/39: $signal_processor_y_inst.move_en$879
    24/39: $signal_processor_y_inst.dir$878
    25/39: $signal_processor_y_inst.s90_valid$860
    26/39: $signal_processor_y_inst.s90$859
    27/39: $signal_processor_y_inst.cycle_count$900
    28/39: $signal_processor_y_inst.cnt_out$899
    29/39: $signal_processor_y_inst.cnt_in$898
    30/39: $signal_processor_y_inst.s90_valid$897
    31/39: $signal_processor_y_inst.s90$896
    32/39: $signal_processor_y_inst.votes_out_phase$895
    33/39: $signal_processor_y_inst.votes_in_phase$894
    34/39: $signal_processor_y_inst.phase_state$893
    35/39: $signal_processor_y_inst.jitter_flag$892
    36/39: $signal_processor_y_inst.move_en$891
    37/39: $signal_processor_y_inst.dir$890
    38/39: $signal_processor_y_inst.latch_phase270_ack$889
    39/39: $signal_processor_y_inst.latch_phase90_ack$888
Creating decoders for process `\digital_domain$wrapper.digital_domain_inst.$672'.
     1/1: $wave_controller_y_inst.u_ref_sine.amp$675
Creating decoders for process `\digital_domain$wrapper.digital_domain_inst.$669'.
     1/1: $wave_controller_y_inst.u_ref_sine.q_val$670
Creating decoders for process `\digital_domain$wrapper.digital_domain_inst.$844'.
     1/4: $signal_processor_y_inst.next_out$848
     2/4: $signal_processor_y_inst.next_in$847
     3/4: $signal_processor_y_inst.next_out$850
     4/4: $signal_processor_y_inst.next_in$849
Creating decoders for process `\digital_domain$wrapper.digital_domain_inst.$650'.
     1/1: $wave_controller_y_inst.u_sine.amp$653
Creating decoders for process `\digital_domain$wrapper.digital_domain_inst.$647'.
     1/1: $wave_controller_y_inst.u_sine.q_val$648
Creating decoders for process `\digital_domain$wrapper.digital_domain_inst.$618'.
     1/13: $wave_controller_y_inst.latch_phase270$637
     2/13: $wave_controller_y_inst.latch_phase90$636
     3/13: $wave_controller_y_inst.latch_error$635
     4/13: $wave_controller_y_inst.latch_phase270$634
     5/13: $wave_controller_y_inst.latch_phase90$633
     6/13: $wave_controller_y_inst.latch_phase270$630
     7/13: $wave_controller_y_inst.latch_phase270$631
     8/13: $wave_controller_y_inst.latch_phase90$626
     9/13: $wave_controller_y_inst.latch_phase90$627
    10/13: $wave_controller_y_inst.latch_error$638
    11/13: $wave_controller_y_inst.latch_error$641
    12/13: $wave_controller_y_inst.latch_phase270$640
    13/13: $wave_controller_y_inst.latch_phase90$639
Creating decoders for process `\digital_domain$wrapper.digital_domain_inst.$504'.
     1/84: $wave_controller_y_inst.capture_step$563
     2/84: $wave_controller_y_inst.capture_pending$562
     3/84: $wave_controller_y_inst.capture_step$541
     4/84: $wave_controller_y_inst.capture_pending$540
     5/84: $wave_controller_y_inst.raw_edge3$539
     6/84: $wave_controller_y_inst.raw_edge1$538
     7/84: $wave_controller_y_inst.delay_wave_cycle$537
     8/84: $wave_controller_y_inst.cal_done$536
     9/84: $wave_controller_y_inst.capture_step$547
    10/84: $wave_controller_y_inst.capture_pending$546
    11/84: $wave_controller_y_inst.raw_edge3$545
    12/84: $wave_controller_y_inst.raw_edge1$544
    13/84: $wave_controller_y_inst.delay_wave_cycle$543
    14/84: $wave_controller_y_inst.cal_done$542
    15/84: $wave_controller_y_inst.capture_step$528
    16/84: $wave_controller_y_inst.delay_wave_cycle$523
    17/84: $wave_controller_y_inst.capture_pending$527
    18/84: $wave_controller_y_inst.cal_dir$526
    19/84: $wave_controller_y_inst.raw_edge2$525
    20/84: $wave_controller_y_inst.raw_edge1$524
    21/84: $wave_controller_y_inst.capture_step$534
    22/84: $wave_controller_y_inst.capture_pending$533
    23/84: $wave_controller_y_inst.cal_dir$532
    24/84: $wave_controller_y_inst.raw_edge2$531
    25/84: $wave_controller_y_inst.raw_edge1$530
    26/84: $wave_controller_y_inst.delay_wave_cycle$529
    27/84: $wave_controller_y_inst.capture_step$555
    28/84: $wave_controller_y_inst.capture_pending$554
    29/84: $wave_controller_y_inst.cal_dir$553
    30/84: $wave_controller_y_inst.raw_edge3$552
    31/84: $wave_controller_y_inst.raw_edge2$551
    32/84: $wave_controller_y_inst.raw_edge1$550
    33/84: $wave_controller_y_inst.delay_wave_cycle$549
    34/84: $wave_controller_y_inst.cal_done$548
    35/84: $wave_controller_y_inst.cal_dir$561
    36/84: $wave_controller_y_inst.raw_edge3$560
    37/84: $wave_controller_y_inst.raw_edge2$559
    38/84: $wave_controller_y_inst.raw_edge1$558
    39/84: $wave_controller_y_inst.delay_wave_cycle$557
    40/84: $wave_controller_y_inst.cal_done$556
    41/84: $wave_controller_y_inst.capture_step$571
    42/84: $wave_controller_y_inst.capture_pending$570
    43/84: $wave_controller_y_inst.cal_dir$569
    44/84: $wave_controller_y_inst.raw_edge3$568
    45/84: $wave_controller_y_inst.raw_edge2$567
    46/84: $wave_controller_y_inst.raw_edge1$566
    47/84: $wave_controller_y_inst.delay_wave_cycle$565
    48/84: $wave_controller_y_inst.cal_done$564
    49/84: $wave_controller_y_inst.capture_step$520
    50/84: $wave_controller_y_inst.capture_pending$519
    51/84: $wave_controller_y_inst.raw_edge1$518
    52/84: $wave_controller_y_inst.delay_wave_cycle$517
    53/84: $wave_controller_y_inst.cal_timeout$514
    54/84: $wave_controller_y_inst.wave_cycle_cnt$512
    55/84: $wave_controller_y_inst.capture_step$581
    56/84: $wave_controller_y_inst.capture_pending$580
    57/84: $wave_controller_y_inst.wave_cycle_cnt$579
    58/84: $wave_controller_y_inst.cal_dir$578
    59/84: $wave_controller_y_inst.raw_edge3$577
    60/84: $wave_controller_y_inst.raw_edge2$576
    61/84: $wave_controller_y_inst.raw_edge1$575
    62/84: $wave_controller_y_inst.delay_wave_cycle$574
    63/84: $wave_controller_y_inst.cal_timeout$573
    64/84: $wave_controller_y_inst.cal_done$572
    65/84: $wave_controller_y_inst.capture_step$591
    66/84: $wave_controller_y_inst.capture_pending$590
    67/84: $wave_controller_y_inst.wave_cycle_cnt$589
    68/84: $wave_controller_y_inst.cal_dir$588
    69/84: $wave_controller_y_inst.raw_edge3$587
    70/84: $wave_controller_y_inst.raw_edge2$586
    71/84: $wave_controller_y_inst.raw_edge1$585
    72/84: $wave_controller_y_inst.delay_wave_cycle$584
    73/84: $wave_controller_y_inst.cal_timeout$583
    74/84: $wave_controller_y_inst.cal_done$582
    75/84: $wave_controller_y_inst.capture_step$601
    76/84: $wave_controller_y_inst.capture_pending$600
    77/84: $wave_controller_y_inst.wave_cycle_cnt$599
    78/84: $wave_controller_y_inst.cal_dir$598
    79/84: $wave_controller_y_inst.raw_edge3$597
    80/84: $wave_controller_y_inst.raw_edge2$596
    81/84: $wave_controller_y_inst.raw_edge1$595
    82/84: $wave_controller_y_inst.delay_wave_cycle$594
    83/84: $wave_controller_y_inst.cal_timeout$593
    84/84: $wave_controller_y_inst.cal_done$592
Creating decoders for process `\digital_domain$wrapper.digital_domain_inst.$474'.
     1/5: $wave_controller_y_inst.comp_sync4$482
     2/5: $wave_controller_y_inst.comp_sync3$481
     3/5: $wave_controller_y_inst.comp_sync2$480
     4/5: $wave_controller_y_inst.comp_sync1$479
     5/5: $wave_controller_y_inst.comp_sync0$478
Creating decoders for process `\digital_domain$wrapper.digital_domain_inst.$468'.
     1/2: $wave_controller_y_inst.phase_acc$472
     2/2: $wave_controller_y_inst.phase_acc$473
Creating decoders for process `\digital_domain$wrapper.digital_domain_inst.$409'.
     1/20: $wave_controller_x_inst.cal_burst_count$433
     2/20: $wave_controller_x_inst.cal_burst_active$432
     3/20: $wave_controller_x_inst.cal_burst_armed$431
     4/20: $wave_controller_x_inst.ref_wave$430
     5/20: $wave_controller_x_inst.mems_drv$429
     6/20: $wave_controller_x_inst.cal_burst_count$428
     7/20: $wave_controller_x_inst.cal_burst_active$427
     8/20: $wave_controller_x_inst.cal_burst_armed$426
     9/20: $wave_controller_x_inst.ref_wave$425
    10/20: $wave_controller_x_inst.mems_drv$424
    11/20: $wave_controller_x_inst.cal_burst_count$415
    12/20: $wave_controller_x_inst.cal_burst_active$414
    13/20: $wave_controller_x_inst.cal_burst_count$417
    14/20: $wave_controller_x_inst.cal_burst_active$416
    15/20: $wave_controller_x_inst.cal_burst_count$420
    16/20: $wave_controller_x_inst.cal_burst_active$419
    17/20: $wave_controller_x_inst.cal_burst_armed$418
    18/20: $wave_controller_x_inst.cal_burst_count$423
    19/20: $wave_controller_x_inst.cal_burst_active$422
    20/20: $wave_controller_x_inst.cal_burst_armed$421
Creating decoders for process `\digital_domain$wrapper.digital_domain_inst.$404'.
     1/2: $wave_controller_x_inst.ds_code$406
     2/2: $wave_controller_x_inst.ds_code$407
Creating decoders for process `\digital_domain$wrapper.digital_domain_inst.$399'.
     1/1: $wave_controller_x_inst.ref_ds_code$402
Creating decoders for process `\digital_domain$wrapper.digital_domain_inst.$831'.
     1/3: $signal_processor_y_inst.s270_pipe$837
     2/3: $signal_processor_y_inst.s90_pipe$836
     3/3: $signal_processor_y_inst.comp_pipe$835
Creating decoders for process `\digital_domain$wrapper.digital_domain_inst.$387'.
     1/1: $wave_controller_x_inst.u_ref_sine.amp$390
Creating decoders for process `\digital_domain$wrapper.digital_domain_inst.$384'.
     1/1: $wave_controller_x_inst.u_ref_sine.q_val$385
Creating decoders for process `\digital_domain$wrapper.digital_domain_inst.$771'.
     1/39: $signal_processor_x_inst.cycle_count$793
     2/39: $signal_processor_x_inst.cnt_out$792
     3/39: $signal_processor_x_inst.cnt_in$791
     4/39: $signal_processor_x_inst.jitter_flag$781
     5/39: $signal_processor_x_inst.move_en$780
     6/39: $signal_processor_x_inst.dir$779
     7/39: $signal_processor_x_inst.jitter_flag$784
     8/39: $signal_processor_x_inst.move_en$783
     9/39: $signal_processor_x_inst.dir$782
    10/39: $signal_processor_x_inst.votes_out_phase$790
    11/39: $signal_processor_x_inst.votes_in_phase$789
    12/39: $signal_processor_x_inst.jitter_flag$788
    13/39: $signal_processor_x_inst.move_en$787
    14/39: $signal_processor_x_inst.dir$786
    15/39: $signal_processor_x_inst.cycle_count$803
    16/39: $signal_processor_x_inst.cnt_out$802
    17/39: $signal_processor_x_inst.cnt_in$801
    18/39: $signal_processor_x_inst.s90_valid$800
    19/39: $signal_processor_x_inst.votes_out_phase$799
    20/39: $signal_processor_x_inst.votes_in_phase$798
    21/39: $signal_processor_x_inst.phase_state$797
    22/39: $signal_processor_x_inst.jitter_flag$796
    23/39: $signal_processor_x_inst.move_en$795
    24/39: $signal_processor_x_inst.dir$794
    25/39: $signal_processor_x_inst.s90_valid$776
    26/39: $signal_processor_x_inst.s90$775
    27/39: $signal_processor_x_inst.cycle_count$816
    28/39: $signal_processor_x_inst.cnt_out$815
    29/39: $signal_processor_x_inst.cnt_in$814
    30/39: $signal_processor_x_inst.s90_valid$813
    31/39: $signal_processor_x_inst.s90$812
    32/39: $signal_processor_x_inst.votes_out_phase$811
    33/39: $signal_processor_x_inst.votes_in_phase$810
    34/39: $signal_processor_x_inst.phase_state$809
    35/39: $signal_processor_x_inst.jitter_flag$808
    36/39: $signal_processor_x_inst.move_en$807
    37/39: $signal_processor_x_inst.dir$806
    38/39: $signal_processor_x_inst.latch_phase270_ack$805
    39/39: $signal_processor_x_inst.latch_phase90_ack$804
Creating decoders for process `\digital_domain$wrapper.digital_domain_inst.$365'.
     1/1: $wave_controller_x_inst.u_sine.amp$368
Creating decoders for process `\digital_domain$wrapper.digital_domain_inst.$362'.
     1/1: $wave_controller_x_inst.u_sine.q_val$363
Creating decoders for process `\digital_domain$wrapper.digital_domain_inst.$333'.
     1/13: $wave_controller_x_inst.latch_phase270$352
     2/13: $wave_controller_x_inst.latch_phase90$351
     3/13: $wave_controller_x_inst.latch_error$350
     4/13: $wave_controller_x_inst.latch_phase270$349
     5/13: $wave_controller_x_inst.latch_phase90$348
     6/13: $wave_controller_x_inst.latch_phase270$345
     7/13: $wave_controller_x_inst.latch_phase270$346
     8/13: $wave_controller_x_inst.latch_phase90$341
     9/13: $wave_controller_x_inst.latch_phase90$342
    10/13: $wave_controller_x_inst.latch_error$353
    11/13: $wave_controller_x_inst.latch_error$356
    12/13: $wave_controller_x_inst.latch_phase270$355
    13/13: $wave_controller_x_inst.latch_phase90$354
Creating decoders for process `\digital_domain$wrapper.digital_domain_inst.$219'.
     1/84: $wave_controller_x_inst.capture_step$278
     2/84: $wave_controller_x_inst.capture_pending$277
     3/84: $wave_controller_x_inst.capture_step$256
     4/84: $wave_controller_x_inst.capture_pending$255
     5/84: $wave_controller_x_inst.raw_edge3$254
     6/84: $wave_controller_x_inst.raw_edge1$253
     7/84: $wave_controller_x_inst.delay_wave_cycle$252
     8/84: $wave_controller_x_inst.cal_done$251
     9/84: $wave_controller_x_inst.capture_step$262
    10/84: $wave_controller_x_inst.capture_pending$261
    11/84: $wave_controller_x_inst.raw_edge3$260
    12/84: $wave_controller_x_inst.raw_edge1$259
    13/84: $wave_controller_x_inst.delay_wave_cycle$258
    14/84: $wave_controller_x_inst.cal_done$257
    15/84: $wave_controller_x_inst.capture_step$243
    16/84: $wave_controller_x_inst.delay_wave_cycle$238
    17/84: $wave_controller_x_inst.capture_pending$242
    18/84: $wave_controller_x_inst.cal_dir$241
    19/84: $wave_controller_x_inst.raw_edge2$240
    20/84: $wave_controller_x_inst.raw_edge1$239
    21/84: $wave_controller_x_inst.capture_step$249
    22/84: $wave_controller_x_inst.capture_pending$248
    23/84: $wave_controller_x_inst.cal_dir$247
    24/84: $wave_controller_x_inst.raw_edge2$246
    25/84: $wave_controller_x_inst.raw_edge1$245
    26/84: $wave_controller_x_inst.delay_wave_cycle$244
    27/84: $wave_controller_x_inst.capture_step$270
    28/84: $wave_controller_x_inst.capture_pending$269
    29/84: $wave_controller_x_inst.cal_dir$268
    30/84: $wave_controller_x_inst.raw_edge3$267
    31/84: $wave_controller_x_inst.raw_edge2$266
    32/84: $wave_controller_x_inst.raw_edge1$265
    33/84: $wave_controller_x_inst.delay_wave_cycle$264
    34/84: $wave_controller_x_inst.cal_done$263
    35/84: $wave_controller_x_inst.cal_dir$276
    36/84: $wave_controller_x_inst.raw_edge3$275
    37/84: $wave_controller_x_inst.raw_edge2$274
    38/84: $wave_controller_x_inst.raw_edge1$273
    39/84: $wave_controller_x_inst.delay_wave_cycle$272
    40/84: $wave_controller_x_inst.cal_done$271
    41/84: $wave_controller_x_inst.capture_step$286
    42/84: $wave_controller_x_inst.capture_pending$285
    43/84: $wave_controller_x_inst.cal_dir$284
    44/84: $wave_controller_x_inst.raw_edge3$283
    45/84: $wave_controller_x_inst.raw_edge2$282
    46/84: $wave_controller_x_inst.raw_edge1$281
    47/84: $wave_controller_x_inst.delay_wave_cycle$280
    48/84: $wave_controller_x_inst.cal_done$279
    49/84: $wave_controller_x_inst.capture_step$235
    50/84: $wave_controller_x_inst.capture_pending$234
    51/84: $wave_controller_x_inst.raw_edge1$233
    52/84: $wave_controller_x_inst.delay_wave_cycle$232
    53/84: $wave_controller_x_inst.cal_timeout$229
    54/84: $wave_controller_x_inst.wave_cycle_cnt$227
    55/84: $wave_controller_x_inst.capture_step$296
    56/84: $wave_controller_x_inst.capture_pending$295
    57/84: $wave_controller_x_inst.wave_cycle_cnt$294
    58/84: $wave_controller_x_inst.cal_dir$293
    59/84: $wave_controller_x_inst.raw_edge3$292
    60/84: $wave_controller_x_inst.raw_edge2$291
    61/84: $wave_controller_x_inst.raw_edge1$290
    62/84: $wave_controller_x_inst.delay_wave_cycle$289
    63/84: $wave_controller_x_inst.cal_timeout$288
    64/84: $wave_controller_x_inst.cal_done$287
    65/84: $wave_controller_x_inst.capture_step$306
    66/84: $wave_controller_x_inst.capture_pending$305
    67/84: $wave_controller_x_inst.wave_cycle_cnt$304
    68/84: $wave_controller_x_inst.cal_dir$303
    69/84: $wave_controller_x_inst.raw_edge3$302
    70/84: $wave_controller_x_inst.raw_edge2$301
    71/84: $wave_controller_x_inst.raw_edge1$300
    72/84: $wave_controller_x_inst.delay_wave_cycle$299
    73/84: $wave_controller_x_inst.cal_timeout$298
    74/84: $wave_controller_x_inst.cal_done$297
    75/84: $wave_controller_x_inst.capture_step$316
    76/84: $wave_controller_x_inst.capture_pending$315
    77/84: $wave_controller_x_inst.wave_cycle_cnt$314
    78/84: $wave_controller_x_inst.cal_dir$313
    79/84: $wave_controller_x_inst.raw_edge3$312
    80/84: $wave_controller_x_inst.raw_edge2$311
    81/84: $wave_controller_x_inst.raw_edge1$310
    82/84: $wave_controller_x_inst.delay_wave_cycle$309
    83/84: $wave_controller_x_inst.cal_timeout$308
    84/84: $wave_controller_x_inst.cal_done$307
Creating decoders for process `\digital_domain$wrapper.digital_domain_inst.$189'.
     1/5: $wave_controller_x_inst.comp_sync4$197
     2/5: $wave_controller_x_inst.comp_sync3$196
     3/5: $wave_controller_x_inst.comp_sync2$195
     4/5: $wave_controller_x_inst.comp_sync1$194
     5/5: $wave_controller_x_inst.comp_sync0$193
Creating decoders for process `\digital_domain$wrapper.digital_domain_inst.$183'.
     1/2: $wave_controller_x_inst.phase_acc$187
     2/2: $wave_controller_x_inst.phase_acc$188
Creating decoders for process `\digital_domain$wrapper.digital_domain_inst.$160'.
     1/2: $state_machine_inst.read_en$162
     2/2: $state_machine_inst.cal_start$161
Creating decoders for process `\digital_domain$wrapper.digital_domain_inst.$760'.
     1/4: $signal_processor_x_inst.next_out$764
     2/4: $signal_processor_x_inst.next_in$763
     3/4: $signal_processor_x_inst.next_out$766
     4/4: $signal_processor_x_inst.next_in$765
Creating decoders for process `\digital_domain$wrapper.digital_domain_inst.$148'.
     1/7: $state_machine_inst.state_d$152
     2/7: $state_machine_inst.state_d$153
     3/7: $state_machine_inst.state_d$150
     4/7: $state_machine_inst.state_d$151
     5/7: $state_machine_inst.state_d$149
     6/7: $state_machine_inst.state_d$154
     7/7: $state_machine_inst.state_d$155
Creating decoders for process `\digital_domain$wrapper.digital_domain_inst.$95'.
     1/1: $spi_regs_inst.reg_rd_data$96
Creating decoders for process `\digital_domain$wrapper.digital_domain_inst.$68'.
     1/38: $spi_regs_inst.cfg_phase270_offset_y$78 [20:16]
     2/38: $spi_regs_inst.cfg_phase270_offset_y$78 [15:8]
     3/38: $spi_regs_inst.cfg_phase270_offset_y$78 [7:0]
     4/38: $spi_regs_inst.cfg_phase90_offset_y$77 [15:8]
     5/38: $spi_regs_inst.cfg_phase90_offset_y$77 [7:0]
     6/38: $spi_regs_inst.cfg_phase0_offset_y$76 [15:8]
     7/38: $spi_regs_inst.cfg_phase0_offset_y$76 [7:0]
     8/38: $spi_regs_inst.cfg_phase270_offset_x$75 [15:8]
     9/38: $spi_regs_inst.cfg_phase270_offset_x$75 [7:0]
    10/38: $spi_regs_inst.cfg_phase90_offset_x$74 [15:8]
    11/38: $spi_regs_inst.cfg_phase90_offset_x$74 [7:0]
    12/38: $spi_regs_inst.cfg_phase0_offset_x$73 [15:8]
    13/38: $spi_regs_inst.cfg_phase0_offset_x$73 [7:0]
    14/38: $spi_regs_inst.cfg_f_MEMS_fcw_y$72 [7:0]
    15/38: $spi_regs_inst.cfg_f_MEMS_fcw_x$71 [7:0]
    16/38: $spi_regs_inst.phase_offset_imported$81
    17/38: $spi_regs_inst.cfg_done$80
    18/38: $spi_regs_inst.boot_complete$79
    19/38: $spi_regs_inst.cfg_phase90_offset_y$77 [20:16]
    20/38: $spi_regs_inst.cfg_phase0_offset_y$76 [20:16]
    21/38: $spi_regs_inst.cfg_phase270_offset_x$75 [20:16]
    22/38: $spi_regs_inst.cfg_phase90_offset_x$74 [20:16]
    23/38: $spi_regs_inst.cfg_phase0_offset_x$73 [20:16]
    24/38: $spi_regs_inst.cfg_f_MEMS_fcw_y$72 [15:8]
    25/38: $spi_regs_inst.cfg_f_MEMS_fcw_x$71 [15:8]
    26/38: $spi_regs_inst.soft_rst$82
    27/38: $spi_regs_inst.soft_rst$94
    28/38: $spi_regs_inst.phase_offset_imported$93
    29/38: $spi_regs_inst.cfg_done$92
    30/38: $spi_regs_inst.boot_complete$91
    31/38: $spi_regs_inst.cfg_phase270_offset_y$90
    32/38: $spi_regs_inst.cfg_phase90_offset_y$89
    33/38: $spi_regs_inst.cfg_phase0_offset_y$88
    34/38: $spi_regs_inst.cfg_phase270_offset_x$87
    35/38: $spi_regs_inst.cfg_phase90_offset_x$86
    36/38: $spi_regs_inst.cfg_phase0_offset_x$85
    37/38: $spi_regs_inst.cfg_f_MEMS_fcw_y$84
    38/38: $spi_regs_inst.cfg_f_MEMS_fcw_x$83
Creating decoders for process `\digital_domain$wrapper.digital_domain_inst.$23'.
     1/35: $spi_regs_inst.tx_shift$57
     2/35: $spi_regs_inst.tx_shift$58
     3/35: $spi_regs_inst.bit_cnt$40
     4/35: $spi_regs_inst.reg_wr_data$30
     5/35: $spi_regs_inst.reg_wr_addr$29
     6/35: $spi_regs_inst.reg_wr_en$28
     7/35: $spi_regs_inst.spi_addr$34
     8/35: $spi_regs_inst.reg_wr_data$37
     9/35: $spi_regs_inst.reg_wr_addr$36
    10/35: $spi_regs_inst.reg_wr_en$35
    11/35: $spi_regs_inst.rw_n$33
    12/35: $spi_regs_inst.spi_state$32
    13/35: $spi_regs_inst.reg_wr_data$45
    14/35: $spi_regs_inst.reg_wr_addr$44
    15/35: $spi_regs_inst.reg_wr_en$43
    16/35: $spi_regs_inst.spi_addr$42
    17/35: $spi_regs_inst.rw_n$41
    18/35: $spi_regs_inst.spi_state$39
    19/35: $spi_regs_inst.reg_wr_data$53
    20/35: $spi_regs_inst.reg_wr_addr$52
    21/35: $spi_regs_inst.reg_wr_en$51
    22/35: $spi_regs_inst.rx_shift$50
    23/35: $spi_regs_inst.spi_addr$49
    24/35: $spi_regs_inst.rw_n$48
    25/35: $spi_regs_inst.bit_cnt$47
    26/35: $spi_regs_inst.spi_state$46
    27/35: $spi_regs_inst.bit_cnt$60
    28/35: $spi_regs_inst.spi_state$59
    29/35: $spi_regs_inst.reg_wr_data$67
    30/35: $spi_regs_inst.reg_wr_addr$66
    31/35: $spi_regs_inst.reg_wr_en$65
    32/35: $spi_regs_inst.tx_shift$64
    33/35: $spi_regs_inst.rx_shift$63
    34/35: $spi_regs_inst.spi_addr$62
    35/35: $spi_regs_inst.rw_n$61
Creating decoders for process `\digital_domain$wrapper.digital_domain_inst.$747'.
     1/3: $signal_processor_x_inst.s270_pipe$753
     2/3: $signal_processor_x_inst.s90_pipe$752
     3/3: $signal_processor_x_inst.comp_pipe$751
Creating decoders for process `\digital_domain$wrapper.digital_domain_inst.$694'.
     1/20: $wave_controller_y_inst.cal_burst_count$718
     2/20: $wave_controller_y_inst.cal_burst_active$717
     3/20: $wave_controller_y_inst.cal_burst_armed$716
     4/20: $wave_controller_y_inst.ref_wave$715
     5/20: $wave_controller_y_inst.mems_drv$714
     6/20: $wave_controller_y_inst.cal_burst_count$713
     7/20: $wave_controller_y_inst.cal_burst_active$712
     8/20: $wave_controller_y_inst.cal_burst_armed$711
     9/20: $wave_controller_y_inst.ref_wave$710
    10/20: $wave_controller_y_inst.mems_drv$709
    11/20: $wave_controller_y_inst.cal_burst_count$700
    12/20: $wave_controller_y_inst.cal_burst_active$699
    13/20: $wave_controller_y_inst.cal_burst_count$702
    14/20: $wave_controller_y_inst.cal_burst_active$701
    15/20: $wave_controller_y_inst.cal_burst_count$705
    16/20: $wave_controller_y_inst.cal_burst_active$704
    17/20: $wave_controller_y_inst.cal_burst_armed$703
    18/20: $wave_controller_y_inst.cal_burst_count$708
    19/20: $wave_controller_y_inst.cal_burst_active$707
    20/20: $wave_controller_y_inst.cal_burst_armed$706

3.8. Executing PROC_CLEAN pass (remove empty switches from decision trees).
Found and cleaned up 3 empty switches in `\digital_domain$wrapper.digital_domain_inst.$689'.
Removing empty process `digital_domain$wrapper.digital_domain_inst.$689'.
Found and cleaned up 1 empty switch in `\digital_domain$wrapper.digital_domain_inst.$684'.
Removing empty process `digital_domain$wrapper.digital_domain_inst.$684'.
Found and cleaned up 11 empty switches in `\digital_domain$wrapper.digital_domain_inst.$855'.
Removing empty process `digital_domain$wrapper.digital_domain_inst.$855'.
Found and cleaned up 1 empty switch in `\digital_domain$wrapper.digital_domain_inst.$672'.
Removing empty process `digital_domain$wrapper.digital_domain_inst.$672'.
Found and cleaned up 1 empty switch in `\digital_domain$wrapper.digital_domain_inst.$669'.
Removing empty process `digital_domain$wrapper.digital_domain_inst.$669'.
Found and cleaned up 3 empty switches in `\digital_domain$wrapper.digital_domain_inst.$844'.
Removing empty process `digital_domain$wrapper.digital_domain_inst.$844'.
Found and cleaned up 1 empty switch in `\digital_domain$wrapper.digital_domain_inst.$650'.
Removing empty process `digital_domain$wrapper.digital_domain_inst.$650'.
Found and cleaned up 1 empty switch in `\digital_domain$wrapper.digital_domain_inst.$647'.
Removing empty process `digital_domain$wrapper.digital_domain_inst.$647'.
Found and cleaned up 13 empty switches in `\digital_domain$wrapper.digital_domain_inst.$618'.
Removing empty process `digital_domain$wrapper.digital_domain_inst.$618'.
Found and cleaned up 25 empty switches in `\digital_domain$wrapper.digital_domain_inst.$504'.
Removing empty process `digital_domain$wrapper.digital_domain_inst.$504'.
Found and cleaned up 1 empty switch in `\digital_domain$wrapper.digital_domain_inst.$474'.
Removing empty process `digital_domain$wrapper.digital_domain_inst.$474'.
Found and cleaned up 3 empty switches in `\digital_domain$wrapper.digital_domain_inst.$468'.
Removing empty process `digital_domain$wrapper.digital_domain_inst.$468'.
Found and cleaned up 11 empty switches in `\digital_domain$wrapper.digital_domain_inst.$409'.
Removing empty process `digital_domain$wrapper.digital_domain_inst.$409'.
Found and cleaned up 3 empty switches in `\digital_domain$wrapper.digital_domain_inst.$404'.
Removing empty process `digital_domain$wrapper.digital_domain_inst.$404'.
Found and cleaned up 1 empty switch in `\digital_domain$wrapper.digital_domain_inst.$399'.
Removing empty process `digital_domain$wrapper.digital_domain_inst.$399'.
Found and cleaned up 1 empty switch in `\digital_domain$wrapper.digital_domain_inst.$831'.
Removing empty process `digital_domain$wrapper.digital_domain_inst.$831'.
Found and cleaned up 1 empty switch in `\digital_domain$wrapper.digital_domain_inst.$387'.
Removing empty process `digital_domain$wrapper.digital_domain_inst.$387'.
Found and cleaned up 1 empty switch in `\digital_domain$wrapper.digital_domain_inst.$384'.
Removing empty process `digital_domain$wrapper.digital_domain_inst.$384'.
Found and cleaned up 11 empty switches in `\digital_domain$wrapper.digital_domain_inst.$771'.
Removing empty process `digital_domain$wrapper.digital_domain_inst.$771'.
Found and cleaned up 1 empty switch in `\digital_domain$wrapper.digital_domain_inst.$365'.
Removing empty process `digital_domain$wrapper.digital_domain_inst.$365'.
Found and cleaned up 1 empty switch in `\digital_domain$wrapper.digital_domain_inst.$362'.
Removing empty process `digital_domain$wrapper.digital_domain_inst.$362'.
Found and cleaned up 13 empty switches in `\digital_domain$wrapper.digital_domain_inst.$333'.
Removing empty process `digital_domain$wrapper.digital_domain_inst.$333'.
Found and cleaned up 25 empty switches in `\digital_domain$wrapper.digital_domain_inst.$219'.
Removing empty process `digital_domain$wrapper.digital_domain_inst.$219'.
Found and cleaned up 1 empty switch in `\digital_domain$wrapper.digital_domain_inst.$189'.
Removing empty process `digital_domain$wrapper.digital_domain_inst.$189'.
Found and cleaned up 3 empty switches in `\digital_domain$wrapper.digital_domain_inst.$183'.
Removing empty process `digital_domain$wrapper.digital_domain_inst.$183'.
Found and cleaned up 1 empty switch in `\digital_domain$wrapper.digital_domain_inst.$160'.
Removing empty process `digital_domain$wrapper.digital_domain_inst.$160'.
Found and cleaned up 3 empty switches in `\digital_domain$wrapper.digital_domain_inst.$760'.
Removing empty process `digital_domain$wrapper.digital_domain_inst.$760'.
Found and cleaned up 13 empty switches in `\digital_domain$wrapper.digital_domain_inst.$148'.
Removing empty process `digital_domain$wrapper.digital_domain_inst.$148'.
Found and cleaned up 1 empty switch in `\digital_domain$wrapper.digital_domain_inst.$95'.
Removing empty process `digital_domain$wrapper.digital_domain_inst.$95'.
Found and cleaned up 3 empty switches in `\digital_domain$wrapper.digital_domain_inst.$68'.
Removing empty process `digital_domain$wrapper.digital_domain_inst.$68'.
Found and cleaned up 13 empty switches in `\digital_domain$wrapper.digital_domain_inst.$23'.
Removing empty process `digital_domain$wrapper.digital_domain_inst.$23'.
Found and cleaned up 1 empty switch in `\digital_domain$wrapper.digital_domain_inst.$747'.
Removing empty process `digital_domain$wrapper.digital_domain_inst.$747'.
Found and cleaned up 11 empty switches in `\digital_domain$wrapper.digital_domain_inst.$694'.
Removing empty process `digital_domain$wrapper.digital_domain_inst.$694'.
Cleaned up 183 empty switches.

3.9. Executing OPT_EXPR pass (perform const folding).
Optimizing module digital_domain$wrapper.digital_domain_inst.
<suppressed ~466 debug messages>
Optimizing module wrapper.

4. Executing HIERARCHY pass (managing design hierarchy).

4.1. Analyzing design hierarchy..
Top module:  \wrapper
Used module:     \digital_domain$wrapper.digital_domain_inst

4.2. Analyzing design hierarchy..
Top module:  \wrapper
Used module:     \digital_domain$wrapper.digital_domain_inst
Removed 0 unused modules.
Renaming module wrapper to wrapper.

5. Executing PROC pass (convert processes to netlists).

5.1. Executing PROC_CLEAN pass (remove empty switches from decision trees).
Cleaned up 0 empty switches.

5.2. Executing PROC_RMDEAD pass (remove dead branches from decision trees).
Removed a total of 0 dead cases.

5.3. Executing PROC_PRUNE pass (remove redundant assignments in processes).
Removed 0 redundant assignments.
Promoted 0 assignments to connections.

5.4. Executing PROC_INIT pass (extract init attributes).

5.5. Executing PROC_ARST pass (detect async resets in processes).

5.6. Executing PROC_ROM pass (convert switches to ROMs).
Converted 0 switches.

5.7. Executing PROC_MUX pass (convert decision trees to multiplexers).

5.8. Executing PROC_DLATCH pass (convert process syncs to latches).

5.9. Executing PROC_DFF pass (convert process syncs to FFs).

5.10. Executing PROC_MEMWR pass (convert process memory writes to cells).

5.11. Executing PROC_CLEAN pass (remove empty switches from decision trees).
Cleaned up 0 empty switches.

5.12. Executing OPT_EXPR pass (perform const folding).
Optimizing module wrapper.
Optimizing module digital_domain$wrapper.digital_domain_inst.

6. Executing FLATTEN pass (flatten design).
Deleting now unused module digital_domain$wrapper.digital_domain_inst.
<suppressed ~1 debug messages>

7. Executing OPT_CLEAN pass (remove unused cells and wires).
Finding unused cells or wires in module \wrapper..
Removed 40 unused cells and 1993 unused wires.
<suppressed ~483 debug messages>
