
===========================================================================
report_checks -unconstrained
===========================================================================
======================= nom_tt_025C_3v30 Corner ===================================

Startpoint: rst_n (input port clocked by clk)
Endpoint: signal_processor_y_inst/_239_
          (recovery check against rising-edge clock clk)
Path Group: asynchronous
Path Type: max

Fanout         Cap        Slew       Delay        Time   Description
---------------------------------------------------------------------------------------------
                                  0.000000    0.000000   clock clk (rise edge)
                                  0.000000    0.000000   clock network delay (propagated)
                                 40.000000   40.000000 ^ input external delay
     1    0.003930    0.161844    0.055035   40.055035 ^ rst_n (in)
                                                         rst_n (net)
                      0.161844    0.000000   40.055035 ^ input3/I (gf180mcu_fd_sc_mcu7t5v0__buf_1)
     1    0.007839    0.262316    0.338748   40.393784 ^ input3/Z (gf180mcu_fd_sc_mcu7t5v0__buf_1)
                                                         net3 (net)
                      0.262316    0.000206   40.393990 ^ fanout1571/I (gf180mcu_fd_sc_mcu7t5v0__dlyb_1)
     5    0.122646    2.890277    2.933831   43.327820 ^ fanout1571/Z (gf180mcu_fd_sc_mcu7t5v0__dlyb_1)
                                                         net1571 (net)
                      2.890277    0.001283   43.329102 ^ fanout1570/I (gf180mcu_fd_sc_mcu7t5v0__dlyb_1)
     5    0.120830    2.850173    2.895799   46.224903 ^ fanout1570/Z (gf180mcu_fd_sc_mcu7t5v0__dlyb_1)
                                                         net1570 (net)
                      2.850173    0.001144   46.226048 ^ fanout1504/I (gf180mcu_fd_sc_mcu7t5v0__dlyb_1)
     6    0.075150    1.802988    2.289529   48.515575 ^ fanout1504/Z (gf180mcu_fd_sc_mcu7t5v0__dlyb_1)
                                                         net1504 (net)
                      1.802994    0.001872   48.517448 ^ fanout1452/I (gf180mcu_fd_sc_mcu7t5v0__dlyb_1)
     3    0.024553    0.656395    1.658027   50.175472 ^ fanout1452/Z (gf180mcu_fd_sc_mcu7t5v0__dlyb_1)
                                                         net1452 (net)
                      0.656395    0.000391   50.175865 ^ fanout1443/I (gf180mcu_fd_sc_mcu7t5v0__dlyb_1)
     2    0.009775    0.338067    1.455987   51.631851 ^ fanout1443/Z (gf180mcu_fd_sc_mcu7t5v0__dlyb_1)
                                                         net1443 (net)
                      0.338067    0.000160   51.632011 ^ load_slew1446/I (gf180mcu_fd_sc_mcu7t5v0__buf_1)
     4    0.027912    0.716703    0.644274   52.276287 ^ load_slew1446/Z (gf180mcu_fd_sc_mcu7t5v0__buf_1)
                                                         net1446 (net)
                      0.716703    0.000423   52.276711 ^ load_slew1444/I (gf180mcu_fd_sc_mcu7t5v0__clkbuf_2)
     3    0.023404    0.334597    0.550859   52.827568 ^ load_slew1444/Z (gf180mcu_fd_sc_mcu7t5v0__clkbuf_2)
                                                         net1444 (net)
                      0.334597    0.000426   52.827995 ^ fanout1433/I (gf180mcu_fd_sc_mcu7t5v0__dlyb_1)
     2    0.012638    0.399006    1.468745   54.296738 ^ fanout1433/Z (gf180mcu_fd_sc_mcu7t5v0__dlyb_1)
                                                         net1433 (net)
                      0.399006    0.000171   54.296909 ^ load_slew1437/I (gf180mcu_fd_sc_mcu7t5v0__clkbuf_2)
     3    0.030362    0.407465    0.540116   54.837025 ^ load_slew1437/Z (gf180mcu_fd_sc_mcu7t5v0__clkbuf_2)
                                                         net1437 (net)
                      0.407465    0.000398   54.837421 ^ load_slew1436/I (gf180mcu_fd_sc_mcu7t5v0__buf_2)
     3    0.022889    0.318876    0.407319   55.244743 ^ load_slew1436/Z (gf180mcu_fd_sc_mcu7t5v0__buf_2)
                                                         net1436 (net)
                      0.318876    0.000298   55.245041 ^ load_slew1435/I (gf180mcu_fd_sc_mcu7t5v0__buf_1)
     3    0.021225    0.564020    0.551598   55.796638 ^ load_slew1435/Z (gf180mcu_fd_sc_mcu7t5v0__buf_1)
                                                         net1435 (net)
                      0.564020    0.000565   55.797203 ^ signal_processor_y_inst/load_slew1434/I (gf180mcu_fd_sc_mcu7t5v0__clkbuf_2)
     3    0.026253    0.363900    0.543800   56.341003 ^ signal_processor_y_inst/load_slew1434/Z (gf180mcu_fd_sc_mcu7t5v0__clkbuf_2)
                                                         signal_processor_y_inst/net1434 (net)
                      0.363900    0.000473   56.341476 ^ signal_processor_y_inst/_239_/RN (gf180mcu_fd_sc_mcu7t5v0__dffrnq_1)
                                             56.341476   data arrival time

                                200.000000  200.000000   clock clk (rise edge)
                                  0.000000  200.000000   clock source latency
     1    0.062440    0.406331    0.218066  200.218063 ^ clk (in)
                                                         clk (net)
                      0.406580    0.000000  200.218063 ^ clkbuf_0_clk/I (gf180mcu_fd_sc_mcu7t5v0__clkbuf_16)
     8    0.323489    0.523520    0.628091  200.846146 ^ clkbuf_0_clk/Z (gf180mcu_fd_sc_mcu7t5v0__clkbuf_16)
                                                         clknet_0_clk (net)
                      0.524739    0.014381  200.860535 ^ clkbuf_3_4__f_clk/I (gf180mcu_fd_sc_mcu7t5v0__clkbuf_16)
     8    0.151284    0.292423    0.510141  201.370667 ^ clkbuf_3_4__f_clk/Z (gf180mcu_fd_sc_mcu7t5v0__clkbuf_16)
                                                         clknet_3_4__leaf_clk (net)
                      0.292438    0.003226  201.373901 ^ clkbuf_leaf_42_clk/I (gf180mcu_fd_sc_mcu7t5v0__clkbuf_8)
    10    0.057868    0.239637    0.421679  201.795578 ^ clkbuf_leaf_42_clk/Z (gf180mcu_fd_sc_mcu7t5v0__clkbuf_8)
                                                         clknet_leaf_42_clk (net)
                      0.239637    0.000384  201.795959 ^ signal_processor_y_inst/_239_/CLK (gf180mcu_fd_sc_mcu7t5v0__dffrnq_1)
                                 -0.250000  201.545959   clock uncertainty
                                  0.000000  201.545959   clock reconvergence pessimism
                                  0.377287  201.923248   library recovery time
                                            201.923248   data required time
---------------------------------------------------------------------------------------------
                                            201.923248   data required time
                                            -56.341476   data arrival time
---------------------------------------------------------------------------------------------
                                            145.581772   slack (MET)


Startpoint: state_machine_inst/_40_
            (rising edge-triggered flip-flop clocked by clk)
Endpoint: read_en (output port clocked by clk)
Path Group: clk
Path Type: max

Fanout         Cap        Slew       Delay        Time   Description
---------------------------------------------------------------------------------------------
                                  0.000000    0.000000   clock clk (rise edge)
                                  0.000000    0.000000   clock source latency
     1    0.062440    0.406331    0.218069    0.218069 ^ clk (in)
                                                         clk (net)
                      0.406580    0.000000    0.218069 ^ clkbuf_0_clk/I (gf180mcu_fd_sc_mcu7t5v0__clkbuf_16)
     8    0.323489    0.523520    0.628081    0.846150 ^ clkbuf_0_clk/Z (gf180mcu_fd_sc_mcu7t5v0__clkbuf_16)
                                                         clknet_0_clk (net)
                      0.524739    0.014394    0.860544 ^ clkbuf_3_4__f_clk/I (gf180mcu_fd_sc_mcu7t5v0__clkbuf_16)
     8    0.151284    0.292423    0.510133    1.370677 ^ clkbuf_3_4__f_clk/Z (gf180mcu_fd_sc_mcu7t5v0__clkbuf_16)
                                                         clknet_3_4__leaf_clk (net)
                      0.292431    0.002324    1.373001 ^ clkbuf_leaf_44_clk/I (gf180mcu_fd_sc_mcu7t5v0__clkbuf_8)
    13    0.061209    0.248334    0.428070    1.801070 ^ clkbuf_leaf_44_clk/Z (gf180mcu_fd_sc_mcu7t5v0__clkbuf_8)
                                                         clknet_leaf_44_clk (net)
                      0.248334    0.000692    1.801762 ^ state_machine_inst/_40_/CLK (gf180mcu_fd_sc_mcu7t5v0__dffrnq_2)
     6    0.082292    1.023791    1.874378    3.676140 ^ state_machine_inst/_40_/Q (gf180mcu_fd_sc_mcu7t5v0__dffrnq_2)
                                                         state_o[2] (net)
                      1.023812    0.002635    3.678774 ^ state_machine_inst/_23_/A2 (gf180mcu_fd_sc_mcu7t5v0__nor2_1)
     3    0.021053    0.600758    0.516684    4.195458 v state_machine_inst/_23_/ZN (gf180mcu_fd_sc_mcu7t5v0__nor2_1)
                                                         state_machine_inst/_07_ (net)
                      0.600758    0.000397    4.195855 v state_machine_inst/_24_/A3 (gf180mcu_fd_sc_mcu7t5v0__nor3_2)
     1    0.008665    0.615233    0.543312    4.739167 ^ state_machine_inst/_24_/ZN (gf180mcu_fd_sc_mcu7t5v0__nor3_2)
                                                         net13 (net)
                      0.615233    0.000215    4.739382 ^ wire537/I (gf180mcu_fd_sc_mcu7t5v0__clkbuf_1)
     1    0.014935    0.413547    0.503094    5.242477 ^ wire537/Z (gf180mcu_fd_sc_mcu7t5v0__clkbuf_1)
                                                         net537 (net)
                      0.413548    0.000526    5.243003 ^ output13/I (gf180mcu_fd_sc_mcu7t5v0__buf_2)
     1    0.074503    0.908475    0.756109    5.999112 ^ output13/Z (gf180mcu_fd_sc_mcu7t5v0__buf_2)
                                                         read_en (net)
                      0.908475    0.000766    5.999877 ^ read_en (out)
                                              5.999877   data arrival time

                                200.000000  200.000000   clock clk (rise edge)
                                  0.000000  200.000000   clock network delay (propagated)
                                 -0.250000  199.750000   clock uncertainty
                                  0.000000  199.750000   clock reconvergence pessimism
                                -40.000000  159.749985   output external delay
                                            159.749985   data required time
---------------------------------------------------------------------------------------------
                                            159.749985   data required time
                                             -5.999877   data arrival time
---------------------------------------------------------------------------------------------
                                            153.750107   slack (MET)




===========================================================================
report_checks --slack_max -0.01
============================================================================
======================= nom_tt_025C_3v30 Corner ===================================

No paths found.


===========================================================================
 report_check_types -max_slew -max_cap -max_fanout -violators
============================================================================
======================= nom_tt_025C_3v30 Corner ===================================

max fanout

Pin                                   Limit Fanout  Slack
---------------------------------------------------------
clkbuf_leaf_19_clk/Z                     10     13     -3 (VIOLATED)
clkbuf_leaf_21_clk/Z                     10     13     -3 (VIOLATED)
clkbuf_leaf_43_clk/Z                     10     13     -3 (VIOLATED)
clkbuf_leaf_44_clk/Z                     10     13     -3 (VIOLATED)
clkbuf_leaf_45_clk/Z                     10     13     -3 (VIOLATED)
clkbuf_leaf_13_clk/Z                     10     12     -2 (VIOLATED)
clkbuf_leaf_14_clk/Z                     10     12     -2 (VIOLATED)
clkbuf_leaf_40_clk/Z                     10     12     -2 (VIOLATED)
clkbuf_leaf_41_clk/Z                     10     12     -2 (VIOLATED)
clkbuf_leaf_48_clk/Z                     10     12     -2 (VIOLATED)
clkbuf_leaf_56_clk/Z                     10     12     -2 (VIOLATED)
clkbuf_leaf_57_clk/Z                     10     12     -2 (VIOLATED)
clkbuf_leaf_5_clk/Z                      10     12     -2 (VIOLATED)
clkbuf_leaf_36_clk/Z                     10     11        (VIOLATED)
clkbuf_leaf_55_clk/Z                     10     11        (VIOLATED)

max capacitance

Pin                                        Limit         Cap       Slack
------------------------------------------------------------------------
clkbuf_0_clk/Z                          0.200000    0.323489   -0.123489 (VIOLATED)



===========================================================================
report_parasitic_annotation -report_unannotated
============================================================================
Found 49 unannotated drivers.
 clkload0/Z
 clkload1/Z
 clkload10/Z
 clkload11/ZN
 clkload12/ZN
 clkload13/ZN
 clkload14/Z
 clkload15/ZN
 clkload16/ZN
 clkload17/ZN
 clkload18/ZN
 clkload19/Z
 clkload2/Z
 clkload20/ZN
 clkload21/ZN
 clkload22/Z
 clkload23/ZN
 clkload24/Z
 clkload25/ZN
 clkload26/Z
 clkload27/Z
 clkload28/Z
 clkload29/Z
 clkload3/Z
 clkload30/ZN
 clkload31/ZN
 clkload32/Z
 clkload33/ZN
 clkload34/ZN
 clkload35/ZN
 clkload36/Z
 clkload37/ZN
 clkload38/ZN
 clkload39/Z
 clkload4/ZN
 clkload40/ZN
 clkload41/ZN
 clkload42/ZN
 clkload43/ZN
 clkload44/ZN
 clkload45/ZN
 clkload46/Z
 clkload47/ZN
 clkload48/ZN
 clkload5/Z
 clkload6/Z
 clkload7/Z
 clkload8/Z
 clkload9/ZN
Found 0 partially unannotated drivers.

===========================================================================
max slew violation count 0
max fanout violation count 15
max cap violation count 1
============================================================================

===========================================================================
check_setup -verbose -unconstrained_endpoints -multiple_clock -no_clock -no_input_delay -loops -generated_clocks
===========================================================================
