                                                                     Buffers by Cell Master                                                                     
┏━━━━━━━━━━━━━━━━━━━━━━━━━━━━━━━━━━━━━━━━━━━━━━━━━━━━━━━━━━━━━━━━━━━━━━━━━━━━━━━━━━━━━━━━━━━━━━━━━━━━━━━━━━━━━━━━━━━━━━━━━━━━━━━━━━━━┳━━━━━━━━━━━━━━━━━━━━━━━━━┓
┃ Buffer                                                                                                                             ┃ Count                   ┃
┡━━━━━━━━━━━━━━━━━━━━━━━━━━━━━━━━━━━━━━━━━━━━━━━━━━━━━━━━━━━━━━━━━━━━━━━━━━━━━━━━━━━━━━━━━━━━━━━━━━━━━━━━━━━━━━━━━━━━━━━━━━━━━━━━━━━━╇━━━━━━━━━━━━━━━━━━━━━━━━━┩
│ gf180mcu_fd_sc_mcu7t5v0__buf_1                                                                                                     │ 30                      │
│ gf180mcu_fd_sc_mcu7t5v0__buf_2                                                                                                     │ 152                     │
│ gf180mcu_fd_sc_mcu7t5v0__buf_3                                                                                                     │ 26                      │
│ gf180mcu_fd_sc_mcu7t5v0__buf_4                                                                                                     │ 80                      │
│ gf180mcu_fd_sc_mcu7t5v0__clkbuf_1                                                                                                  │ 41                      │
│ gf180mcu_fd_sc_mcu7t5v0__clkbuf_16                                                                                                 │ 9                       │
│ gf180mcu_fd_sc_mcu7t5v0__clkbuf_2                                                                                                  │ 17                      │
│ gf180mcu_fd_sc_mcu7t5v0__clkbuf_3                                                                                                  │ 19                      │
│ gf180mcu_fd_sc_mcu7t5v0__clkbuf_4                                                                                                  │ 1                       │
│ gf180mcu_fd_sc_mcu7t5v0__clkbuf_8                                                                                                  │ 64                      │
│ gf180mcu_fd_sc_mcu7t5v0__dlyb_1                                                                                                    │ 308                     │
│ gf180mcu_fd_sc_mcu7t5v0__dlyc_1                                                                                                    │ 2                       │
└────────────────────────────────────────────────────────────────────────────────────────────────────────────────────────────────────┴─────────────────────────┘
