Reading timing models for corner nom_tt_025C_3v30…
Reading timing library for the 'nom_tt_025C_3v30' corner at '/foss/pdks/gf180mcuD/libs.ref/gf180mcu_fd_sc_mcu7t5v0/lib/gf180mcu_fd_sc_mcu7t5v0__tt_025C_3v30.lib'…
Reading OpenROAD database at '/workspace/librelane/runs/RUN_2026-08-09_12-36-47/23-odb-addroutingobstructions/chip_core.odb'…
Reading design constraints file at '/usr/local/lib/python3.12/dist-packages/librelane/scripts/base.sdc'…
[INFO] Using clock clk…
[INFO] Setting output delay to: 40
[INFO] Setting input delay to: 40
[INFO] Setting load to: 0.07291
[INFO] Setting clock uncertainty to: 0.25
[INFO] Setting clock transition to: 0.15
[INFO] Setting timing derate to: 5%
+ global_placement -density 0.55 -skip_io -pad_right 0 -pad_left 0 -init_wirelength_coef 0.25
[INFO GPL-0001] ---- Initialize GPL Main Data Structures
[INFO GPL-0002] DBU: 2000
[INFO GPL-0003] SiteSize: (  0.560  3.920 ) um
[INFO GPL-0004] CoreBBox: (  6.720 15.680 ) ( 912.800 921.200 ) um
[INFO GPL-0036] Movable instances area:     140808.909 um^2
[INFO GPL-0037] Total instances area:       268609.062 um^2
[INFO GPL-0035] Pin density area adjust:     12646.387 um^2
[INFO GPL-0032] ---- Initialize Region: Top-level
[INFO GPL-0006] Number of instances:             10137
[INFO GPL-0007] Movable instances:                5372
[INFO GPL-0008] Fixed instances:                  4657
[INFO GPL-0009] Dummy instances:                   108
[INFO GPL-0010] Number of nets:                   5391
[INFO GPL-0011] Number of pins:                  19317
[INFO GPL-0012] Die BBox:  (  0.000  0.000 ) ( 919.730 937.650 ) um
[INFO GPL-0013] Core BBox: (  6.720 15.680 ) ( 912.800 921.200 ) um
[INFO GPL-0016] Core area:                  820473.562 um^2
[INFO GPL-0014] Region name: top-level.
[INFO GPL-0015] Region area:                820473.562 um^2
[INFO GPL-0017] Fixed instances area:       128379.686 um^2
[INFO GPL-0018] Movable instances area:     153455.296 um^2
[INFO GPL-0019] Utilization:                    22.173 %
[INFO GPL-0020] Standard cells area:        153455.296 um^2
[INFO GPL-0021] Large instances area:            0.000 um^2
[INFO GPL-0005] ---- Execute Conjugate Gradient Initial Placement.
[INFO GPL-0051] Source of initial instance position counters:
	Odb location = 0	Core center = 5372	Region center = 0
[INFO GPL-0033] ---- Initialize Nesterov Region: Top-level
[INFO GPL-0023] Placement target density:       0.5500
[INFO GPL-0024] Movable insts average area:     28.566 um^2
[INFO GPL-0025] Ideal bin area:                 51.938 um^2
[INFO GPL-0026] Ideal bin count:                 15797
[INFO GPL-0027] Total bin area:             820473.562 um^2
[INFO GPL-0028] Bin count (X, Y):          64 ,     64
[INFO GPL-0029] Bin size (W * H):      14.158 * 14.149 um
[INFO GPL-0030] Number of bins:                   4096
[INFO GPL-0007] ---- Execute Nesterov Global Placement.
[INFO GPL-0031] HPWL: Half-Perimeter Wirelength
Iteration | Overflow |     HPWL (um) |  HPWL(%) |   Penalty | Group
---------------------------------------------------------------
        0 |   0.9951 |  2.516370e+04 |   +0.00% |  1.93e-16 |      
       10 |   0.9810 |  2.389634e+04 |   -5.04% |  3.15e-16 |      
       20 |   0.9761 |  2.414829e+04 |   +1.05% |  5.13e-16 |      
       30 |   0.9757 |  2.441118e+04 |   +1.09% |  8.35e-16 |      
       40 |   0.9758 |  2.442197e+04 |   +0.04% |  1.36e-15 |      
       50 |   0.9756 |  2.442130e+04 |   -0.00% |  2.21e-15 |      
       60 |   0.9751 |  2.445546e+04 |   +0.14% |  3.61e-15 |      
       70 |   0.9750 |  2.440551e+04 |   -0.20% |  5.88e-15 |      
       80 |   0.9747 |  2.432984e+04 |   -0.31% |  9.57e-15 |      
       90 |   0.9738 |  2.433064e+04 |   +0.00% |  1.56e-14 |      
      100 |   0.9724 |  2.450329e+04 |   +0.71% |  2.54e-14 |      
      110 |   0.9711 |  2.489248e+04 |   +1.59% |  4.14e-14 |      
      120 |   0.9703 |  2.558537e+04 |   +2.78% |  6.74e-14 |      
      130 |   0.9683 |  2.714617e+04 |   +6.10% |  1.10e-13 |      
      140 |   0.9621 |  3.083699e+04 |  +13.60% |  1.79e-13 |      
      150 |   0.9530 |  3.782766e+04 |  +22.67% |  2.90e-13 |      
      160 |   0.9416 |  4.678682e+04 |  +23.68% |  4.72e-13 |      
      170 |   0.9297 |  5.467723e+04 |  +16.86% |  7.68e-13 |      
      180 |   0.9165 |  6.230136e+04 |  +13.94% |  1.25e-12 |      
      190 |   0.8951 |  7.252281e+04 |  +16.41% |  2.03e-12 |      
      200 |   0.8676 |  8.423266e+04 |  +16.15% |  3.30e-12 |      
      210 |   0.8390 |  9.628924e+04 |  +14.31% |  5.36e-12 |      
      220 |   0.8064 |  1.097108e+05 |  +13.94% |  8.70e-12 |      
      230 |   0.7711 |  1.234131e+05 |  +12.49% |  1.41e-11 |      
      240 |   0.7366 |  1.383163e+05 |  +12.08% |  2.29e-11 |      
      250 |   0.6982 |  1.521499e+05 |  +10.00% |  3.73e-11 |      
      260 |   0.6546 |  1.659267e+05 |   +9.05% |  6.05e-11 |      
      270 |   0.6089 |  1.787984e+05 |   +7.76% |  9.83e-11 |      
      280 |   0.5621 |  1.916765e+05 |   +7.20% |  1.60e-10 |      
      290 |   0.5104 |  2.028936e+05 |   +5.85% |  2.59e-10 |      
      300 |   0.4533 |  2.104452e+05 |   +3.72% |  4.22e-10 |      
      310 |   0.3900 |  2.180105e+05 |   +3.59% |  6.86e-10 |      
      320 |   0.3346 |  2.235679e+05 |   +2.55% |  1.09e-09 |      
      330 |   0.3021 |  2.264021e+05 |   +1.27% |  1.61e-09 |      
      340 |   0.2713 |  2.288143e+05 |   +1.07% |  2.37e-09 |      
      350 |   0.2386 |  2.311728e+05 |   +1.03% |  3.49e-09 |      
      360 |   0.2091 |  2.328159e+05 |   +0.71% |  5.14e-09 |      
      370 |   0.1819 |  2.341954e+05 |   +0.59% |  7.57e-09 |      
      380 |   0.1585 |  2.352884e+05 |   +0.47% |  1.12e-08 |      
      390 |   0.1381 |  2.361832e+05 |   +0.38% |  1.64e-08 |      
      400 |   0.1153 |  2.366048e+05 |   +0.18% |  2.42e-08 |      
      410 |   0.0989 |  2.370487e+05 |   +0.19% |  3.56e-08 |      
      410 |   0.0989 |  2.370487e+05 |          |  3.71e-08 |      
---------------------------------------------------------------
[INFO GPL-1001] Global placement finished at iteration 410
[INFO GPL-1002] Placed Cell Area            153455.2961
[INFO GPL-1003] Available Free Area         692093.8752
[INFO GPL-1004] Minimum Feasible Density        0.2300 (cell_area / free_area)
[INFO GPL-1006]   Suggested Target Densities:
[INFO GPL-1007]     - For 90% usage of free space: 0.2464
[INFO GPL-1008]     - For 80% usage of free space: 0.2772
[INFO GPL-1009]     - For 50% usage of free space: 0.4435
[INFO GPL-1014] Final placement area: 153455.30 (+0.00%)
Setting global connections for newly added cells…
[INFO] Setting global connections...
analog_block_inst matched with analog_block_inst
[INFO ODB-0403] 0 connections made, 0 conflicts skipped.
Updating metrics…
Cell type report:                       Count       Area
  Macro                                     1  105600.00
  Endcap cell                             572    2511.31
  Tap cell                               4656   20441.70
  Tie cell                                 61     535.63
  Buffer                                   16     210.74
  Inverter                                472    4587.97
  Sequential cell                         559   41689.04
  Multi-Input combinational cell         4264   93785.53
  Total                                 10601  269361.92
Writing OpenROAD database to '/workspace/librelane/runs/RUN_2026-08-09_12-36-47/24-openroad-globalplacementskipio/chip_core.odb'…
Writing netlist to '/workspace/librelane/runs/RUN_2026-08-09_12-36-47/24-openroad-globalplacementskipio/chip_core.nl.v'…
Writing powered netlist to '/workspace/librelane/runs/RUN_2026-08-09_12-36-47/24-openroad-globalplacementskipio/chip_core.pnl.v'…
Writing layout to '/workspace/librelane/runs/RUN_2026-08-09_12-36-47/24-openroad-globalplacementskipio/chip_core.def'…
Writing timing constraints to '/workspace/librelane/runs/RUN_2026-08-09_12-36-47/24-openroad-globalplacementskipio/chip_core.sdc'…
