
===========================================================================
 report_power
============================================================================
======================= max_ff_n40C_5v50 Corner ===================================

Group                    Internal    Switching      Leakage        Total
                            Power        Power        Power        Power (Watts)
------------------------------------------------------------------------
Sequential           1.968011e-03 2.290941e-05 2.984951e-07 1.991219e-03  50.1%
Combinational        5.832204e-05 7.819920e-05 8.240702e-07 1.373453e-04   3.5%
Clock                9.503341e-04 8.960789e-04 9.630179e-07 1.847376e-03  46.5%
Macro                0.000000e+00 0.000000e+00 0.000000e+00 0.000000e+00   0.0%
Pad                  0.000000e+00 0.000000e+00 0.000000e+00 0.000000e+00   0.0%
------------------------------------------------------------------------
Total                2.976668e-03 9.971879e-04 2.085631e-06 3.975941e-03 100.0%
                            74.9%        25.1%         0.1%

