Clock: clk_PAD
Sources: clk_pad/Y 
Generated: no
Virtual: yes
Propagated: no
Period: 40.000000

===========================================================================
report_clock_properties
============================================================================
Clock                   Period          Waveform
----------------------------------------------------
clk_PAD              40.000000    0.000000 20.000000

===========================================================================
report_clock_latency
============================================================================
Clock clk_PAD
rise -> rise
    min     max
0.000000 0.000000 source latency
1.144466         network latency _10074_/CLK
        1.389862 network latency _10119_/CLK
---------------
1.144466 1.389862 latency
        0.245396 skew

fall -> fall
    min     max
0.000000 0.000000 source latency
1.233829         network latency _10074_/CLK
        1.510188 network latency _10119_/CLK
---------------
1.233829 1.510188 latency
        0.276358 skew



===========================================================================
report_clock_min_period
============================================================================
clk_PAD period_min = 15.03 fmax = 66.55
