Net: net1035
  Pin:   fanout1011/I (gf180mcu_fd_sc_mcu7t5v0__dlyb_1)
    Layer: Via1
      Partial area ratio:    0.17
      Required ratio:   20.00 (Gate area) 
      Cumulative area ratio:    0.17
      Required ratio:    0.00 (Cumulative area) 

    Layer: Metal2
      Partial area ratio:  120.26
      Required ratio:    0.00 (Gate area) 
      Cumulative area ratio:  120.26
      Required ratio:    0.00 (Cumulative area) 
      Partial area ratio:  464.61
      Required ratio:  400.00 (Side area) (VIOLATED)
      Cumulative area ratio:  464.61
      Required ratio:    0.00 (Cumulative side area) 

    Layer: Via2
      Partial area ratio:    0.51
      Required ratio:   20.00 (Gate area) 
      Cumulative area ratio:    0.68
      Required ratio:    0.00 (Cumulative area) 

    Layer: Metal3
      Partial area ratio:    0.28
      Required ratio:    0.00 (Gate area) 
      Cumulative area ratio:  120.54
      Required ratio:    0.00 (Cumulative area) 
      Partial area ratio:    1.17
      Required ratio:  400.00 (Side area) 
      Cumulative area ratio:  465.78
      Required ratio:    0.00 (Cumulative side area) 


  Pin:   fanout1018/I (gf180mcu_fd_sc_mcu7t5v0__dlyb_1)
    Layer: Via1
      Partial area ratio:    0.17
      Required ratio:   20.00 (Gate area) 
      Cumulative area ratio:    0.17
      Required ratio:    0.00 (Cumulative area) 

    Layer: Metal2
      Partial area ratio:    3.24
      Required ratio:    0.00 (Gate area) 
      Cumulative area ratio:    3.24
      Required ratio:    0.00 (Cumulative area) 
      Partial area ratio:   13.26
      Required ratio:  400.00 (Side area) 
      Cumulative area ratio:   13.26
      Required ratio:    0.00 (Cumulative side area) 

    Layer: Via2
      Partial area ratio:    0.34
      Required ratio:   20.00 (Gate area) 
      Cumulative area ratio:    0.51
      Required ratio:    0.00 (Cumulative area) 

    Layer: Metal3
      Partial area ratio:    0.28
      Required ratio:    0.00 (Gate area) 
      Cumulative area ratio:    3.52
      Required ratio:    0.00 (Cumulative area) 
      Partial area ratio:    1.17
      Required ratio:  400.00 (Side area) 
      Cumulative area ratio:   14.43
      Required ratio:    0.00 (Cumulative side area) 



Net: net1716
  Pin:   fanout1711/I (gf180mcu_fd_sc_mcu7t5v0__dlyb_1)
    Layer: Via1
      Partial area ratio:    0.17
      Required ratio:   20.00 (Gate area) 
      Cumulative area ratio:    0.17
      Required ratio:    0.00 (Cumulative area) 

    Layer: Metal2
      Partial area ratio:  115.43
      Required ratio:    0.00 (Gate area) 
      Cumulative area ratio:  115.43
      Required ratio:    0.00 (Cumulative area) 
      Partial area ratio:  446.01
      Required ratio:  400.00 (Side area) (VIOLATED)
      Cumulative area ratio:  446.01
      Required ratio:    0.00 (Cumulative side area) 

    Layer: Via2
      Partial area ratio:    0.34
      Required ratio:   20.00 (Gate area) 
      Cumulative area ratio:    0.51
      Required ratio:    0.00 (Cumulative area) 

    Layer: Metal3
      Partial area ratio:  131.47
      Required ratio:    0.00 (Gate area) 
      Cumulative area ratio:  246.91
      Required ratio:    0.00 (Cumulative area) 
      Partial area ratio:  509.40
      Required ratio:  400.00 (Side area) (VIOLATED)
      Cumulative area ratio:  955.41
      Required ratio:    0.00 (Cumulative side area) 

    Layer: Via3
      Partial area ratio:    0.17
      Required ratio:   20.00 (Gate area) 
      Cumulative area ratio:    0.68
      Required ratio:    0.00 (Cumulative area) 

    Layer: Metal4
      Partial area ratio:    2.34
      Required ratio:    0.00 (Gate area) 
      Cumulative area ratio:  249.25
      Required ratio:    0.00 (Cumulative area) 
      Partial area ratio:    9.05
      Required ratio:  400.00 (Side area) 
      Cumulative area ratio:  964.46
      Required ratio:    0.00 (Cumulative side area) 



Net: net2262
  Pin:   fanout2194/I (gf180mcu_fd_sc_mcu7t5v0__dlyb_1)
    Layer: Via1
      Partial area ratio:    0.17
      Required ratio:   20.00 (Gate area) 
      Cumulative area ratio:    0.17
      Required ratio:    0.00 (Cumulative area) 

    Layer: Metal2
      Partial area ratio:    1.66
      Required ratio:    0.00 (Gate area) 
      Cumulative area ratio:    1.66
      Required ratio:    0.00 (Cumulative area) 
      Partial area ratio:    7.15
      Required ratio:  400.00 (Side area) 
      Cumulative area ratio:    7.15
      Required ratio:    0.00 (Cumulative side area) 

    Layer: Via2
      Partial area ratio:    0.34
      Required ratio:   20.00 (Gate area) 
      Cumulative area ratio:    0.51
      Required ratio:    0.00 (Cumulative area) 

    Layer: Metal3
      Partial area ratio:    0.54
      Required ratio:    0.00 (Gate area) 
      Cumulative area ratio:    2.19
      Required ratio:    0.00 (Cumulative area) 
      Partial area ratio:    3.60
      Required ratio:  400.00 (Side area) 
      Cumulative area ratio:   10.75
      Required ratio:    0.00 (Cumulative side area) 

    Layer: Via3
      Partial area ratio:    0.17
      Required ratio:   20.00 (Gate area) 
      Cumulative area ratio:    0.68
      Required ratio:    0.00 (Cumulative area) 

    Layer: Metal4
      Partial area ratio:    2.24
      Required ratio:    0.00 (Gate area) 
      Cumulative area ratio:    4.43
      Required ratio:    0.00 (Cumulative area) 
      Partial area ratio:    8.65
      Required ratio:  400.00 (Side area) 
      Cumulative area ratio:   19.40
      Required ratio:    0.00 (Cumulative side area) 


  Pin:   fanout2207/I (gf180mcu_fd_sc_mcu7t5v0__dlyb_1)
    Layer: Via1
      Partial area ratio:    0.17
      Required ratio:   20.00 (Gate area) 
      Cumulative area ratio:    0.17
      Required ratio:    0.00 (Cumulative area) 

    Layer: Metal2
      Partial area ratio:   25.68
      Required ratio:    0.00 (Gate area) 
      Cumulative area ratio:   25.68
      Required ratio:    0.00 (Cumulative area) 
      Partial area ratio:   99.42
      Required ratio:  400.00 (Side area) 
      Cumulative area ratio:   99.42
      Required ratio:    0.00 (Cumulative side area) 

    Layer: Via2
      Partial area ratio:    0.26
      Required ratio:   20.00 (Gate area) 
      Cumulative area ratio:    0.43
      Required ratio:    0.00 (Cumulative area) 

    Layer: Metal3
      Partial area ratio:   18.22
      Required ratio:    0.00 (Gate area) 
      Cumulative area ratio:   43.90
      Required ratio:    0.00 (Cumulative area) 
      Partial area ratio:   71.43
      Required ratio:  400.00 (Side area) 
      Cumulative area ratio:  170.84
      Required ratio:    0.00 (Cumulative side area) 

    Layer: Via3
      Partial area ratio:    0.09
      Required ratio:   20.00 (Gate area) 
      Cumulative area ratio:    0.51
      Required ratio:    0.00 (Cumulative area) 

    Layer: Metal4
      Partial area ratio:    2.24
      Required ratio:    0.00 (Gate area) 
      Cumulative area ratio:   46.13
      Required ratio:    0.00 (Cumulative area) 
      Partial area ratio:    8.65
      Required ratio:  400.00 (Side area) 
      Cumulative area ratio:  179.49
      Required ratio:    0.00 (Cumulative side area) 


  Pin:   fanout2223/I (gf180mcu_fd_sc_mcu7t5v0__dlyb_1)
    Layer: Via1
      Partial area ratio:    0.17
      Required ratio:   20.00 (Gate area) 
      Cumulative area ratio:    0.17
      Required ratio:    0.00 (Cumulative area) 

    Layer: Metal2
      Partial area ratio:  126.99
      Required ratio:    0.00 (Gate area) 
      Cumulative area ratio:  126.99
      Required ratio:    0.00 (Cumulative area) 
      Partial area ratio:  490.58
      Required ratio:  400.00 (Side area) (VIOLATED)
      Cumulative area ratio:  490.58
      Required ratio:    0.00 (Cumulative side area) 

    Layer: Via2
      Partial area ratio:    0.51
      Required ratio:   20.00 (Gate area) 
      Cumulative area ratio:    0.68
      Required ratio:    0.00 (Cumulative area) 

    Layer: Metal3
      Partial area ratio:    3.58
      Required ratio:    0.00 (Gate area) 
      Cumulative area ratio:  130.57
      Required ratio:    0.00 (Cumulative area) 
      Partial area ratio:   13.96
      Required ratio:  400.00 (Side area) 
      Cumulative area ratio:  504.54
      Required ratio:    0.00 (Cumulative side area) 

    Layer: Via3
      Partial area ratio:    0.06
      Required ratio:    0.00 (Gate area) 
      Cumulative area ratio:    0.74
      Required ratio:    0.00 (Cumulative area) 

    Layer: Metal4
      Partial area ratio:    2.24
      Required ratio:    0.00 (Gate area) 
      Cumulative area ratio:  132.81
      Required ratio:    0.00 (Cumulative area) 
      Partial area ratio:    8.65
      Required ratio:  400.00 (Side area) 
      Cumulative area ratio:  513.19
      Required ratio:    0.00 (Cumulative side area) 


  Pin:   fanout2253/I (gf180mcu_fd_sc_mcu7t5v0__dlyb_1)
    Layer: Via1
      Partial area ratio:    0.17
      Required ratio:   20.00 (Gate area) 
      Cumulative area ratio:    0.17
      Required ratio:    0.00 (Cumulative area) 

    Layer: Metal2
      Partial area ratio:   25.68
      Required ratio:    0.00 (Gate area) 
      Cumulative area ratio:   25.68
      Required ratio:    0.00 (Cumulative area) 
      Partial area ratio:   99.42
      Required ratio:  400.00 (Side area) 
      Cumulative area ratio:   99.42
      Required ratio:    0.00 (Cumulative side area) 

    Layer: Via2
      Partial area ratio:    0.26
      Required ratio:   20.00 (Gate area) 
      Cumulative area ratio:    0.43
      Required ratio:    0.00 (Cumulative area) 

    Layer: Metal3
      Partial area ratio:   18.22
      Required ratio:    0.00 (Gate area) 
      Cumulative area ratio:   43.90
      Required ratio:    0.00 (Cumulative area) 
      Partial area ratio:   71.43
      Required ratio:  400.00 (Side area) 
      Cumulative area ratio:  170.84
      Required ratio:    0.00 (Cumulative side area) 

    Layer: Via3
      Partial area ratio:    0.09
      Required ratio:   20.00 (Gate area) 
      Cumulative area ratio:    0.51
      Required ratio:    0.00 (Cumulative area) 

    Layer: Metal4
      Partial area ratio:    2.24
      Required ratio:    0.00 (Gate area) 
      Cumulative area ratio:   46.13
      Required ratio:    0.00 (Cumulative area) 
      Partial area ratio:    8.65
      Required ratio:  400.00 (Side area) 
      Cumulative area ratio:  179.49
      Required ratio:    0.00 (Cumulative side area) 


  Pin:   fanout2256/I (gf180mcu_fd_sc_mcu7t5v0__dlyb_1)
    Layer: Via1
      Partial area ratio:    0.17
      Required ratio:   20.00 (Gate area) 
      Cumulative area ratio:    0.17
      Required ratio:    0.00 (Cumulative area) 

    Layer: Metal2
      Partial area ratio:    4.03
      Required ratio:    0.00 (Gate area) 
      Cumulative area ratio:    4.03
      Required ratio:    0.00 (Cumulative area) 
      Partial area ratio:   16.32
      Required ratio:  400.00 (Side area) 
      Cumulative area ratio:   16.32
      Required ratio:    0.00 (Cumulative side area) 

    Layer: Via2
      Partial area ratio:    0.34
      Required ratio:   20.00 (Gate area) 
      Cumulative area ratio:    0.51
      Required ratio:    0.00 (Cumulative area) 

    Layer: Metal3
      Partial area ratio:    3.58
      Required ratio:    0.00 (Gate area) 
      Cumulative area ratio:    7.61
      Required ratio:    0.00 (Cumulative area) 
      Partial area ratio:   13.96
      Required ratio:  400.00 (Side area) 
      Cumulative area ratio:   30.28
      Required ratio:    0.00 (Cumulative side area) 

    Layer: Via3
      Partial area ratio:    0.06
      Required ratio:    0.00 (Gate area) 
      Cumulative area ratio:    0.57
      Required ratio:    0.00 (Cumulative area) 

    Layer: Metal4
      Partial area ratio:    2.24
      Required ratio:    0.00 (Gate area) 
      Cumulative area ratio:    9.85
      Required ratio:    0.00 (Cumulative area) 
      Partial area ratio:    8.65
      Required ratio:  400.00 (Side area) 
      Cumulative area ratio:   38.93
      Required ratio:    0.00 (Cumulative side area) 


  Pin:   fanout2260/I (gf180mcu_fd_sc_mcu7t5v0__dlyb_1)
    Layer: Via1
      Partial area ratio:    0.17
      Required ratio:   20.00 (Gate area) 
      Cumulative area ratio:    0.17
      Required ratio:    0.00 (Cumulative area) 

    Layer: Metal2
      Partial area ratio:   50.76
      Required ratio:    0.00 (Gate area) 
      Cumulative area ratio:   50.76
      Required ratio:    0.00 (Cumulative area) 
      Partial area ratio:  196.53
      Required ratio:  400.00 (Side area) 
      Cumulative area ratio:  196.53
      Required ratio:    0.00 (Cumulative side area) 

    Layer: Via2
      Partial area ratio:    0.34
      Required ratio:   20.00 (Gate area) 
      Cumulative area ratio:    0.51
      Required ratio:    0.00 (Cumulative area) 

    Layer: Metal3
      Partial area ratio:    3.58
      Required ratio:    0.00 (Gate area) 
      Cumulative area ratio:   54.34
      Required ratio:    0.00 (Cumulative area) 
      Partial area ratio:   13.96
      Required ratio:  400.00 (Side area) 
      Cumulative area ratio:  210.50
      Required ratio:    0.00 (Cumulative side area) 

    Layer: Via3
      Partial area ratio:    0.06
      Required ratio:    0.00 (Gate area) 
      Cumulative area ratio:    0.57
      Required ratio:    0.00 (Cumulative area) 

    Layer: Metal4
      Partial area ratio:    2.24
      Required ratio:    0.00 (Gate area) 
      Cumulative area ratio:   56.58
      Required ratio:    0.00 (Cumulative area) 
      Partial area ratio:    8.65
      Required ratio:  400.00 (Side area) 
      Cumulative area ratio:  219.15
      Required ratio:    0.00 (Cumulative side area) 



Net: net2263
  Pin:   fanout2004/I (gf180mcu_fd_sc_mcu7t5v0__dlyb_1)
    Layer: Via1
      Partial area ratio:    0.17
      Required ratio:   20.00 (Gate area) 
      Cumulative area ratio:    0.17
      Required ratio:    0.00 (Cumulative area) 

    Layer: Metal2
      Partial area ratio:    1.00
      Required ratio:    0.00 (Gate area) 
      Cumulative area ratio:    1.00
      Required ratio:    0.00 (Cumulative area) 
      Partial area ratio:    4.63
      Required ratio:  400.00 (Side area) 
      Cumulative area ratio:    4.63
      Required ratio:    0.00 (Cumulative side area) 

    Layer: Via2
      Partial area ratio:    0.34
      Required ratio:   20.00 (Gate area) 
      Cumulative area ratio:    0.51
      Required ratio:    0.00 (Cumulative area) 

    Layer: Metal3
      Partial area ratio:    7.12
      Required ratio:    0.00 (Gate area) 
      Cumulative area ratio:    8.13
      Required ratio:    0.00 (Cumulative area) 
      Partial area ratio:   27.56
      Required ratio:  400.00 (Side area) 
      Cumulative area ratio:   32.19
      Required ratio:    0.00 (Cumulative side area) 

    Layer: Via3
      Partial area ratio:    0.09
      Required ratio:    0.00 (Gate area) 
      Cumulative area ratio:    0.60
      Required ratio:    0.00 (Cumulative area) 

    Layer: Metal4
      Partial area ratio:    3.51
      Required ratio:    0.00 (Gate area) 
      Cumulative area ratio:   11.64
      Required ratio:    0.00 (Cumulative area) 
      Partial area ratio:   13.56
      Required ratio:  400.00 (Side area) 
      Cumulative area ratio:   45.76
      Required ratio:    0.00 (Cumulative side area) 


  Pin:   fanout2041/I (gf180mcu_fd_sc_mcu7t5v0__dlyb_1)
    Layer: Via1
      Partial area ratio:    0.17
      Required ratio:   20.00 (Gate area) 
      Cumulative area ratio:    0.17
      Required ratio:    0.00 (Cumulative area) 

    Layer: Metal2
      Partial area ratio:  113.92
      Required ratio:    0.00 (Gate area) 
      Cumulative area ratio:  113.92
      Required ratio:    0.00 (Cumulative area) 
      Partial area ratio:  440.18
      Required ratio:  400.00 (Side area) (VIOLATED)
      Cumulative area ratio:  440.18
      Required ratio:    0.00 (Cumulative side area) 

    Layer: Via2
      Partial area ratio:    0.51
      Required ratio:   20.00 (Gate area) 
      Cumulative area ratio:    0.68
      Required ratio:    0.00 (Cumulative area) 

    Layer: Metal3
      Partial area ratio:   83.60
      Required ratio:    0.00 (Gate area) 
      Cumulative area ratio:  197.52
      Required ratio:    0.00 (Cumulative area) 
      Partial area ratio:  323.73
      Required ratio:  400.00 (Side area) 
      Cumulative area ratio:  763.90
      Required ratio:    0.00 (Cumulative side area) 

    Layer: Via3
      Partial area ratio:    0.06
      Required ratio:   20.00 (Gate area) 
      Cumulative area ratio:    0.74
      Required ratio:    0.00 (Cumulative area) 

    Layer: Metal4
      Partial area ratio:    3.51
      Required ratio:    0.00 (Gate area) 
      Cumulative area ratio:  201.03
      Required ratio:    0.00 (Cumulative area) 
      Partial area ratio:   13.56
      Required ratio:  400.00 (Side area) 
      Cumulative area ratio:  777.47
      Required ratio:    0.00 (Cumulative side area) 


  Pin:   fanout2085/I (gf180mcu_fd_sc_mcu7t5v0__dlyb_1)
    Layer: Via1
      Partial area ratio:    0.17
      Required ratio:   20.00 (Gate area) 
      Cumulative area ratio:    0.17
      Required ratio:    0.00 (Cumulative area) 

    Layer: Metal2
      Partial area ratio:    4.57
      Required ratio:    0.00 (Gate area) 
      Cumulative area ratio:    4.57
      Required ratio:    0.00 (Cumulative area) 
      Partial area ratio:   18.38
      Required ratio:  400.00 (Side area) 
      Cumulative area ratio:   18.38
      Required ratio:    0.00 (Cumulative side area) 

    Layer: Via2
      Partial area ratio:    0.34
      Required ratio:   20.00 (Gate area) 
      Cumulative area ratio:    0.51
      Required ratio:    0.00 (Cumulative area) 

    Layer: Metal3
      Partial area ratio:    7.12
      Required ratio:    0.00 (Gate area) 
      Cumulative area ratio:   11.69
      Required ratio:    0.00 (Cumulative area) 
      Partial area ratio:   27.56
      Required ratio:  400.00 (Side area) 
      Cumulative area ratio:   45.94
      Required ratio:    0.00 (Cumulative side area) 

    Layer: Via3
      Partial area ratio:    0.09
      Required ratio:    0.00 (Gate area) 
      Cumulative area ratio:    0.60
      Required ratio:    0.00 (Cumulative area) 

    Layer: Metal4
      Partial area ratio:    3.51
      Required ratio:    0.00 (Gate area) 
      Cumulative area ratio:   15.20
      Required ratio:    0.00 (Cumulative area) 
      Partial area ratio:   13.56
      Required ratio:  400.00 (Side area) 
      Cumulative area ratio:   59.50
      Required ratio:    0.00 (Cumulative side area) 


  Pin:   fanout2180/I (gf180mcu_fd_sc_mcu7t5v0__dlyb_1)
    Layer: Via1
      Partial area ratio:    0.17
      Required ratio:   20.00 (Gate area) 
      Cumulative area ratio:    0.17
      Required ratio:    0.00 (Cumulative area) 

    Layer: Metal2
      Partial area ratio:    2.84
      Required ratio:    0.00 (Gate area) 
      Cumulative area ratio:    2.84
      Required ratio:    0.00 (Cumulative area) 
      Partial area ratio:   11.73
      Required ratio:  400.00 (Side area) 
      Cumulative area ratio:   11.73
      Required ratio:    0.00 (Cumulative side area) 

    Layer: Via2
      Partial area ratio:    0.34
      Required ratio:   20.00 (Gate area) 
      Cumulative area ratio:    0.51
      Required ratio:    0.00 (Cumulative area) 

    Layer: Metal3
      Partial area ratio:   83.60
      Required ratio:    0.00 (Gate area) 
      Cumulative area ratio:   86.44
      Required ratio:    0.00 (Cumulative area) 
      Partial area ratio:  323.73
      Required ratio:  400.00 (Side area) 
      Cumulative area ratio:  335.46
      Required ratio:    0.00 (Cumulative side area) 

    Layer: Via3
      Partial area ratio:    0.06
      Required ratio:   20.00 (Gate area) 
      Cumulative area ratio:    0.57
      Required ratio:    0.00 (Cumulative area) 

    Layer: Metal4
      Partial area ratio:    3.51
      Required ratio:    0.00 (Gate area) 
      Cumulative area ratio:   89.95
      Required ratio:    0.00 (Cumulative area) 
      Partial area ratio:   13.56
      Required ratio:  400.00 (Side area) 
      Cumulative area ratio:  349.03
      Required ratio:    0.00 (Cumulative side area) 


  Pin:   fanout2262/I (gf180mcu_fd_sc_mcu7t5v0__dlyb_1)
    Layer: Via1
      Partial area ratio:    0.17
      Required ratio:   20.00 (Gate area) 
      Cumulative area ratio:    0.17
      Required ratio:    0.00 (Cumulative area) 

    Layer: Metal2
      Partial area ratio:    2.19
      Required ratio:    0.00 (Gate area) 
      Cumulative area ratio:    2.19
      Required ratio:    0.00 (Cumulative area) 
      Partial area ratio:    9.21
      Required ratio:  400.00 (Side area) 
      Cumulative area ratio:    9.21
      Required ratio:    0.00 (Cumulative side area) 

    Layer: Via2
      Partial area ratio:    0.34
      Required ratio:   20.00 (Gate area) 
      Cumulative area ratio:    0.51
      Required ratio:    0.00 (Cumulative area) 

    Layer: Metal3
      Partial area ratio:   83.60
      Required ratio:    0.00 (Gate area) 
      Cumulative area ratio:   85.79
      Required ratio:    0.00 (Cumulative area) 
      Partial area ratio:  323.73
      Required ratio:  400.00 (Side area) 
      Cumulative area ratio:  332.94
      Required ratio:    0.00 (Cumulative side area) 

    Layer: Via3
      Partial area ratio:    0.06
      Required ratio:   20.00 (Gate area) 
      Cumulative area ratio:    0.57
      Required ratio:    0.00 (Cumulative area) 

    Layer: Metal4
      Partial area ratio:    3.51
      Required ratio:    0.00 (Gate area) 
      Cumulative area ratio:   89.30
      Required ratio:    0.00 (Cumulative area) 
      Partial area ratio:   13.56
      Required ratio:  400.00 (Side area) 
      Cumulative area ratio:  346.50
      Required ratio:    0.00 (Cumulative side area) 



[INFO ANT-0002] Found 4 net violations.
[INFO ANT-0001] Found 4 pin violations.
