
===========================================================================
report_checks -unconstrained
===========================================================================
======================= max_tt_025C_5v00 Corner ===================================

Startpoint: rst_n (input port clocked by clk)
Endpoint: signal_processor_y_inst/_248_
          (recovery check against rising-edge clock clk)
Path Group: asynchronous
Path Type: max

Fanout         Cap        Slew       Delay        Time   Description
---------------------------------------------------------------------------------------------
                                  0.000000    0.000000   clock clk (rise edge)
                                  0.000000    0.000000   clock network delay (propagated)
                                 40.000000   40.000000 ^ input external delay
     1    0.004091    0.115179    0.040682   40.040684 ^ rst_n (in)
                                                         rst_n (net)
                      0.115179    0.000000   40.040684 ^ input5/I (gf180mcu_fd_sc_mcu7t5v0__buf_1)
     1    0.011469    0.238643    0.275541   40.316223 ^ input5/Z (gf180mcu_fd_sc_mcu7t5v0__buf_1)
                                                         net5 (net)
                      0.238643    0.000359   40.316582 ^ fanout627/I (gf180mcu_fd_sc_mcu7t5v0__dlyb_1)
     3    0.070865    1.184942    1.503221   41.819805 ^ fanout627/Z (gf180mcu_fd_sc_mcu7t5v0__dlyb_1)
                                                         net627 (net)
                      1.185056    0.006494   41.826298 ^ fanout570/I (gf180mcu_fd_sc_mcu7t5v0__dlyb_1)
     5    0.085025    1.410283    1.637705   43.464005 ^ fanout570/Z (gf180mcu_fd_sc_mcu7t5v0__dlyb_1)
                                                         net570 (net)
                      1.410355    0.005659   43.469662 ^ fanout547/I (gf180mcu_fd_sc_mcu7t5v0__dlyb_1)
     9    0.100441    1.658780    1.771959   45.241623 ^ fanout547/Z (gf180mcu_fd_sc_mcu7t5v0__dlyb_1)
                                                         net547 (net)
                      1.658780    0.000981   45.242603 ^ fanout546/I (gf180mcu_fd_sc_mcu7t5v0__dlyb_1)
     5    0.050520    0.862362    1.300769   46.543373 ^ fanout546/Z (gf180mcu_fd_sc_mcu7t5v0__dlyb_1)
                                                         net546 (net)
                      0.862366    0.001094   46.544464 ^ fanout544/I (gf180mcu_fd_sc_mcu7t5v0__dlyb_1)
    10    0.095041    1.572783    1.744603   48.289070 ^ fanout544/Z (gf180mcu_fd_sc_mcu7t5v0__dlyb_1)
                                                         net544 (net)
                      1.572783    0.001020   48.290089 ^ signal_processor_y_inst/fanout543/I (gf180mcu_fd_sc_mcu7t5v0__dlyb_1)
    10    0.091057    1.509366    1.680409   49.970497 ^ signal_processor_y_inst/fanout543/Z (gf180mcu_fd_sc_mcu7t5v0__dlyb_1)
                                                         signal_processor_y_inst/net543 (net)
                      1.509381    0.002679   49.973175 ^ signal_processor_y_inst/_248_/RN (gf180mcu_fd_sc_mcu7t5v0__dffrnq_1)
                                             49.973175   data arrival time

                                200.000000  200.000000   clock clk (rise edge)
                                  0.000000  200.000000   clock source latency
     1    0.088122    0.382209    0.217057  200.217056 ^ clk (in)
                                                         clk (net)
                      0.383866    0.000000  200.217056 ^ clkbuf_0_clk/I (gf180mcu_fd_sc_mcu7t5v0__clkbuf_16)
     8    0.356954    0.394982    0.480654  200.697708 ^ clkbuf_0_clk/Z (gf180mcu_fd_sc_mcu7t5v0__clkbuf_16)
                                                         clknet_0_clk (net)
                      0.397132    0.017394  200.715103 ^ clkbuf_3_0__f_clk/I (gf180mcu_fd_sc_mcu7t5v0__clkbuf_16)
     7    0.137256    0.195022    0.361808  201.076904 ^ clkbuf_3_0__f_clk/Z (gf180mcu_fd_sc_mcu7t5v0__clkbuf_16)
                                                         clknet_3_0__leaf_clk (net)
                      0.195024    0.001165  201.078079 ^ clkbuf_leaf_0_clk/I (gf180mcu_fd_sc_mcu7t5v0__clkbuf_8)
    13    0.069804    0.192016    0.314699  201.392776 ^ clkbuf_leaf_0_clk/Z (gf180mcu_fd_sc_mcu7t5v0__clkbuf_8)
                                                         clknet_leaf_0_clk (net)
                      0.192016    0.000099  201.392868 ^ signal_processor_y_inst/_248_/CLK (gf180mcu_fd_sc_mcu7t5v0__dffrnq_1)
                                 -0.250000  201.142868   clock uncertainty
                                  0.000000  201.142868   clock reconvergence pessimism
                                 -0.110599  201.032272   library recovery time
                                            201.032272   data required time
---------------------------------------------------------------------------------------------
                                            201.032272   data required time
                                            -49.973175   data arrival time
---------------------------------------------------------------------------------------------
                                            151.059082   slack (MET)


Startpoint: analog[0] (input port clocked by clk)
Endpoint: analog[2] (output port clocked by clk)
Path Group: clk
Path Type: max

Fanout         Cap        Slew       Delay        Time   Description
---------------------------------------------------------------------------------------------
                                  0.000000    0.000000   clock clk (rise edge)
                                  0.000000    0.000000   clock network delay (propagated)
                                 40.000000   40.000000 ^ input external delay
     2    0.081692    1.355125    0.764732   40.764732 ^ analog[0] (inout)
                                                         analog[0] (net)
                      1.355125    0.000000   40.764732 ^ analog_block_inst/analog_readout_inst/_0_/A1 (gf180mcu_fd_sc_mcu7t5v0__and2_1)
     4    0.120196    1.982833    1.475716   42.240448 ^ analog_block_inst/analog_readout_inst/_0_/Z (gf180mcu_fd_sc_mcu7t5v0__and2_1)
                                                         analog[1] (net)
                      1.982833    0.000654   42.241104 ^ analog_block_inst/analog_wave_mixer_x_inst/_0_/A2 (gf180mcu_fd_sc_mcu7t5v0__and2_1)
     3    0.089969    1.500694    1.143373   43.384476 ^ analog_block_inst/analog_wave_mixer_x_inst/_0_/Z (gf180mcu_fd_sc_mcu7t5v0__and2_1)
                                                         analog[2] (net)
                      1.500694    0.001279   43.385754 ^ analog[2] (inout)
                                             43.385754   data arrival time

                                200.000000  200.000000   clock clk (rise edge)
                                  0.000000  200.000000   clock network delay (propagated)
                                 -0.250000  199.750000   clock uncertainty
                                  0.000000  199.750000   clock reconvergence pessimism
                                -40.000000  159.749985   output external delay
                                            159.749985   data required time
---------------------------------------------------------------------------------------------
                                            159.749985   data required time
                                            -43.385754   data arrival time
---------------------------------------------------------------------------------------------
                                            116.364235   slack (MET)




===========================================================================
report_checks --slack_max -0.01
============================================================================
======================= max_tt_025C_5v00 Corner ===================================

No paths found.


===========================================================================
 report_check_types -max_slew -max_cap -max_fanout -violators
============================================================================
======================= max_tt_025C_5v00 Corner ===================================

max fanout

Pin                                   Limit Fanout  Slack
---------------------------------------------------------
clkbuf_leaf_17_clk/Z                     10     14     -4 (VIOLATED)
clkbuf_leaf_36_clk/Z                     10     14     -4 (VIOLATED)
clkbuf_leaf_0_clk/Z                      10     13     -3 (VIOLATED)
clkbuf_leaf_12_clk/Z                     10     13     -3 (VIOLATED)
clkbuf_leaf_13_clk/Z                     10     13     -3 (VIOLATED)
clkbuf_leaf_14_clk/Z                     10     13     -3 (VIOLATED)
clkbuf_leaf_1_clk/Z                      10     13     -3 (VIOLATED)
clkbuf_leaf_28_clk/Z                     10     13     -3 (VIOLATED)
clkbuf_leaf_37_clk/Z                     10     13     -3 (VIOLATED)
clkbuf_leaf_3_clk/Z                      10     13     -3 (VIOLATED)
clkbuf_leaf_4_clk/Z                      10     13     -3 (VIOLATED)
clkbuf_leaf_5_clk/Z                      10     13     -3 (VIOLATED)
clkbuf_leaf_6_clk/Z                      10     13     -3 (VIOLATED)
clkbuf_leaf_7_clk/Z                      10     13     -3 (VIOLATED)
clkbuf_leaf_8_clk/Z                      10     13     -3 (VIOLATED)
clkbuf_leaf_15_clk/Z                     10     12     -2 (VIOLATED)
clkbuf_leaf_16_clk/Z                     10     12     -2 (VIOLATED)
clkbuf_leaf_20_clk/Z                     10     12     -2 (VIOLATED)
clkbuf_leaf_2_clk/Z                      10     12     -2 (VIOLATED)
clkbuf_leaf_34_clk/Z                     10     12     -2 (VIOLATED)
clkbuf_leaf_38_clk/Z                     10     12     -2 (VIOLATED)
clkbuf_leaf_46_clk/Z                     10     12     -2 (VIOLATED)
clkbuf_leaf_50_clk/Z                     10     12     -2 (VIOLATED)
clkbuf_leaf_9_clk/Z                      10     11        (VIOLATED)

max capacitance

Pin                                        Limit         Cap       Slack
------------------------------------------------------------------------
clkbuf_0_clk/Z                          0.200000    0.356954   -0.156954 (VIOLATED)



===========================================================================
report_parasitic_annotation -report_unannotated
============================================================================
Found 50 unannotated drivers.
 bidir_in[3]
 bidir_in[4]
 bidir_in[5]
 bidir_in[6]
 bidir_in[7]
 bidir_in[8]
 bidir_in[9]
 _83_/Z
 _84_/Z
 _85_/Z
 _86_/Z
 clkload0/Z
 clkload1/Z
 clkload10/ZN
 clkload11/ZN
 clkload12/ZN
 clkload13/ZN
 clkload14/ZN
 clkload15/Z
 clkload16/ZN
 clkload17/ZN
 clkload18/ZN
 clkload19/ZN
 clkload2/Z
 clkload20/ZN
 clkload21/ZN
 clkload22/Z
 clkload23/ZN
 clkload24/Z
 clkload25/ZN
 clkload26/ZN
 clkload27/ZN
 clkload28/ZN
 clkload29/ZN
 clkload3/Z
 clkload30/ZN
 clkload31/ZN
 clkload32/ZN
 clkload33/ZN
 clkload34/ZN
 clkload35/ZN
 clkload36/ZN
 clkload4/ZN
 clkload5/ZN
 clkload6/ZN
 clkload7/Z
 clkload8/Z
 clkload9/Z
 wave_controller_x_inst\/_3725_/Q
 wave_controller_y_inst\/_3725_/Q
Found 0 partially unannotated drivers.

===========================================================================
max slew violation count 0
max fanout violation count 24
max cap violation count 1
============================================================================

===========================================================================
check_setup -verbose -unconstrained_endpoints -multiple_clock -no_clock -no_input_delay -loops -generated_clocks
===========================================================================
Warning: There is 1 unconstrained endpoint.
  analog[0]
