[WARNING ORD-0039] .openroad ignored with -python
Unannotated report:
['report_parasitic_annotation -report_unannotated\n',
 '============================================================================\n',
 'Found 50 unannotated drivers.\n',
 ' bidir_in[3]\n',
 ' bidir_in[4]\n',
 ' bidir_in[5]\n',
 ' bidir_in[6]\n',
 ' bidir_in[7]\n',
 ' bidir_in[8]\n',
 ' bidir_in[9]\n',
 ' _83_/Z\n',
 ' _84_/Z\n',
 ' _85_/Z\n',
 ' _86_/Z\n',
 ' clkload0/Z\n',
 ' clkload1/Z\n',
 ' clkload10/ZN\n',
 ' clkload11/ZN\n',
 ' clkload12/ZN\n',
 ' clkload13/ZN\n',
 ' clkload14/ZN\n',
 ' clkload15/Z\n',
 ' clkload16/ZN\n',
 ' clkload17/ZN\n',
 ' clkload18/ZN\n',
 ' clkload19/ZN\n',
 ' clkload2/Z\n',
 ' clkload20/ZN\n',
 ' clkload21/ZN\n',
 ' clkload22/Z\n',
 ' clkload23/ZN\n',
 ' clkload24/Z\n',
 ' clkload25/ZN\n',
 ' clkload26/ZN\n',
 ' clkload27/ZN\n',
 ' clkload28/ZN\n',
 ' clkload29/ZN\n',
 ' clkload3/Z\n',
 ' clkload30/ZN\n',
 ' clkload31/ZN\n',
 ' clkload32/ZN\n',
 ' clkload33/ZN\n',
 ' clkload34/ZN\n',
 ' clkload35/ZN\n',
 ' clkload36/ZN\n',
 ' clkload4/ZN\n',
 ' clkload5/ZN\n',
 ' clkload6/ZN\n',
 ' clkload7/Z\n',
 ' clkload8/Z\n',
 ' clkload9/Z\n',
 ' wave_controller_x_inst\\/_3725_/Q\n',
 ' wave_controller_y_inst\\/_3725_/Q\n',
 'Found 0 partially unannotated drivers.\n',
 '\n']
Reported nets:
['bidir_in[3]',
 'bidir_in[4]',
 'bidir_in[5]',
 'bidir_in[6]',
 'bidir_in[7]',
 'bidir_in[8]',
 'bidir_in[9]',
 '_83_/Z',
 '_84_/Z',
 '_85_/Z',
 '_86_/Z',
 'clkload0/Z',
 'clkload1/Z',
 'clkload10/ZN',
 'clkload11/ZN',
 'clkload12/ZN',
 'clkload13/ZN',
 'clkload14/ZN',
 'clkload15/Z',
 'clkload16/ZN',
 'clkload17/ZN',
 'clkload18/ZN',
 'clkload19/ZN',
 'clkload2/Z',
 'clkload20/ZN',
 'clkload21/ZN',
 'clkload22/Z',
 'clkload23/ZN',
 'clkload24/Z',
 'clkload25/ZN',
 'clkload26/ZN',
 'clkload27/ZN',
 'clkload28/ZN',
 'clkload29/ZN',
 'clkload3/Z',
 'clkload30/ZN',
 'clkload31/ZN',
 'clkload32/ZN',
 'clkload33/ZN',
 'clkload34/ZN',
 'clkload35/ZN',
 'clkload36/ZN',
 'clkload4/ZN',
 'clkload5/ZN',
 'clkload6/ZN',
 'clkload7/Z',
 'clkload8/Z',
 'clkload9/Z',
 'wave_controller_x_inst\\/_3725_/Q',
 'wave_controller_y_inst\\/_3725_/Q']
Filtered nets:
[]
done
