+ analyze_power_grid -net VDD -voltage_file /workspace/librelane/runs/RUN_2026-08-10_01-25-13/56-openroad-irdropreport/net-VDD.csv
[INFO PSM-0040] All shapes on net VDD are connected.
########## IR report #################
Net              : VDD
Corner           : nom_tt_025C_3v30
Total power      : 1.32e-03 W
Supply voltage   : 3.30e+00 V
Worstcase voltage: 3.30e+00 V
Average voltage  : 3.30e+00 V
Average IR drop  : 1.62e-05 V
Worstcase IR drop: 7.58e-05 V
Percentage drop  : 0.00 %
######################################
+ analyze_power_grid -net VSS -voltage_file /workspace/librelane/runs/RUN_2026-08-10_01-25-13/56-openroad-irdropreport/net-VSS.csv
[INFO PSM-0040] All shapes on net VSS are connected.
########## IR report #################
Net              : VSS
Corner           : nom_tt_025C_3v30
Total power      : 1.32e-03 W
Supply voltage   : 0.00e+00 V
Worstcase voltage: 6.98e-05 V
Average voltage  : 1.58e-05 V
Average IR drop  : 1.58e-05 V
Worstcase IR drop: 6.98e-05 V
Percentage drop  : 0.00 %
######################################
