Clock: clk
Sources: clk 
Generated: no
Virtual: yes
Propagated: no
Period: 200.000000

===========================================================================
report_clock_properties
============================================================================
Clock                   Period          Waveform
----------------------------------------------------
clk                 200.000000    0.000000100.000000

===========================================================================
report_clock_latency
============================================================================
Clock clk
rise -> rise
    min     max
0.000000 0.000000 source latency
4.217269         network latency _12732_/CLK
        4.757435 network latency _12250_/CLK
---------------
4.217269 4.757435 latency
        0.540166 skew

fall -> fall
    min     max
0.000000 0.000000 source latency
3.922203         network latency _12732_/CLK
        4.497672 network latency _12250_/CLK
---------------
3.922203 4.497672 latency
        0.575469 skew



===========================================================================
report_clock_min_period
============================================================================
clk period_min = 81.90 fmax = 12.21
