Reading timing models for corner nom_tt_025C_5v00…
Reading timing library for the 'nom_tt_025C_5v00' corner at '/workspace/gf180mcu/gf180mcuD/libs.ref/gf180mcu_fd_sc_mcu7t5v0/lib/gf180mcu_fd_sc_mcu7t5v0__tt_025C_5v00.lib'…
Reading timing library for the 'nom_tt_025C_5v00' corner at '/workspace/gf180mcu/gf180mcuD/libs.ref/gf180mcu_fd_io/lib/gf180mcu_fd_io__tt_025C_5v00.lib'…
Reading timing library for the 'nom_tt_025C_5v00' corner at '/workspace/gf180mcu/gf180mcuD/libs.ref/gf180mcu_fd_io/lib/gf180mcu_ws_io__tt_025C_5v00.lib'…
Reading OpenROAD database at '/workspace/librelane/runs/RUN_2026-08-03_06-58-25/21-openroad-generatepdn/chip_core.odb'…
[WARNING ORD-2001] LEF macro gf180mcu_ef_io__bi_t pin ANA missing from liberty cell.
Reading design constraints file at '/usr/local/lib/python3.12/dist-packages/librelane/scripts/base.sdc'…
[INFO] Using clock clk…
[INFO] Setting output delay to: 40
[INFO] Setting input delay to: 40
[INFO] Setting load to: 0.07291
[INFO] Setting clock uncertainty to: 0.25
[INFO] Setting clock transition to: 0.15
[INFO] Setting timing derate to: 5%
+ global_placement -density 0.55 -skip_io -pad_right 0 -pad_left 0 -init_wirelength_coef 0.25
[INFO GPL-0001] ---- Initialize GPL Main Data Structures
[INFO GPL-0002] DBU: 2000
[INFO GPL-0003] SiteSize: (  0.560  3.920 ) um
[INFO GPL-0004] CoreBBox: (  6.720 15.680 ) ( 661.360 670.320 ) um
[INFO GPL-0036] Movable instances area:     128676.038 um^2
[INFO GPL-0037] Total instances area:       140925.254 um^2
[INFO GPL-0035] Pin density area adjust:     17091.402 um^2
[INFO GPL-0032] ---- Initialize Region: Top-level
[INFO GPL-0006] Number of instances:              8195
[INFO GPL-0007] Movable instances:                5405
[INFO GPL-0008] Fixed instances:                  2790
[INFO GPL-0009] Dummy instances:                     0
[INFO GPL-0010] Number of nets:                   5485
[INFO GPL-0011] Number of pins:                  19162
[INFO GPL-0012] Die BBox:  (  0.000  0.000 ) ( 668.360 686.280 ) um
[INFO GPL-0013] Core BBox: (  6.720 15.680 ) ( 661.360 670.320 ) um
[INFO GPL-0016] Core area:                  428553.530 um^2
[INFO GPL-0014] Region name: top-level.
[INFO GPL-0015] Region area:                428553.530 um^2
[INFO GPL-0017] Fixed instances area:        12249.216 um^2
[INFO GPL-0018] Movable instances area:     145767.441 um^2
[INFO GPL-0019] Utilization:                    35.015 %
[INFO GPL-0020] Standard cells area:        145767.441 um^2
[INFO GPL-0021] Large instances area:            0.000 um^2
[INFO GPL-0005] ---- Execute Conjugate Gradient Initial Placement.
[INFO GPL-0051] Source of initial instance position counters:
	Odb location = 0	Core center = 5405	Region center = 0
[INFO GPL-0033] ---- Initialize Nesterov Region: Top-level
[INFO GPL-0023] Placement target density:       0.5500
[INFO GPL-0024] Movable insts average area:     26.969 um^2
[INFO GPL-0025] Ideal bin area:                 49.035 um^2
[INFO GPL-0026] Ideal bin count:                  8739
[INFO GPL-0027] Total bin area:             428553.530 um^2
[INFO GPL-0028] Bin count (X, Y):          64 ,     64
[INFO GPL-0029] Bin size (W * H):      10.229 * 10.229 um
[INFO GPL-0030] Number of bins:                   4096
[INFO GPL-0007] ---- Execute Nesterov Global Placement.
[INFO GPL-0031] HPWL: Half-Perimeter Wirelength
Iteration | Overflow |     HPWL (um) |  HPWL(%) |   Penalty | Group
---------------------------------------------------------------
        0 |   0.9984 |  2.172239e+04 |   +0.00% |  1.78e-16 |      
       10 |   0.9960 |  1.637014e+04 |  -24.64% |  2.90e-16 |      
       20 |   0.9955 |  1.616230e+04 |   -1.27% |  4.72e-16 |      
       30 |   0.9955 |  1.612807e+04 |   -0.21% |  7.69e-16 |      
       40 |   0.9954 |  1.611788e+04 |   -0.06% |  1.25e-15 |      
       50 |   0.9954 |  1.611814e+04 |   +0.00% |  2.04e-15 |      
       60 |   0.9954 |  1.612459e+04 |   +0.04% |  3.33e-15 |      
       70 |   0.9954 |  1.613395e+04 |   +0.06% |  5.42e-15 |      
       80 |   0.9954 |  1.615487e+04 |   +0.13% |  8.82e-15 |      
       90 |   0.9953 |  1.620194e+04 |   +0.29% |  1.44e-14 |      
      100 |   0.9948 |  1.630206e+04 |   +0.62% |  2.34e-14 |      
      110 |   0.9935 |  1.654217e+04 |   +1.47% |  3.81e-14 |      
      120 |   0.9897 |  1.713799e+04 |   +3.60% |  6.21e-14 |      
      130 |   0.9830 |  1.858148e+04 |   +8.42% |  1.01e-13 |      
      140 |   0.9765 |  2.141707e+04 |  +15.26% |  1.65e-13 |      
      150 |   0.9681 |  2.561286e+04 |  +19.59% |  2.68e-13 |      
      160 |   0.9576 |  3.207521e+04 |  +25.23% |  4.36e-13 |      
      170 |   0.9431 |  4.417696e+04 |  +37.73% |  7.08e-13 |      
      180 |   0.9215 |  5.605295e+04 |  +26.88% |  1.15e-12 |      
      190 |   0.9021 |  6.325278e+04 |  +12.84% |  1.87e-12 |      
      200 |   0.8829 |  7.172447e+04 |  +13.39% |  3.04e-12 |      
      210 |   0.8503 |  8.596156e+04 |  +19.85% |  4.94e-12 |      
      220 |   0.8208 |  9.970442e+04 |  +15.99% |  8.02e-12 |      
      230 |   0.7859 |  1.129763e+05 |  +13.31% |  1.30e-11 |      
      240 |   0.7487 |  1.258521e+05 |  +11.40% |  2.12e-11 |      
      250 |   0.7119 |  1.386068e+05 |  +10.13% |  3.44e-11 |      
      260 |   0.6674 |  1.544636e+05 |  +11.44% |  5.58e-11 |      
      270 |   0.6229 |  1.657929e+05 |   +7.33% |  9.07e-11 |      
      280 |   0.5708 |  1.778783e+05 |   +7.29% |  1.47e-10 |      
      290 |   0.5134 |  1.887330e+05 |   +6.10% |  2.39e-10 |      
      300 |   0.4531 |  2.002049e+05 |   +6.08% |  3.89e-10 |      
      310 |   0.3977 |  2.101404e+05 |   +4.96% |  6.32e-10 |      
      320 |   0.3562 |  2.155791e+05 |   +2.59% |  1.03e-09 |      
      330 |   0.3257 |  2.187330e+05 |   +1.46% |  1.56e-09 |      
      340 |   0.2903 |  2.202553e+05 |   +0.70% |  2.30e-09 |      
      350 |   0.2603 |  2.223092e+05 |   +0.93% |  3.38e-09 |      
      360 |   0.2401 |  2.238052e+05 |   +0.67% |  4.98e-09 |      
      370 |   0.2109 |  2.247094e+05 |   +0.40% |  7.34e-09 |      
      380 |   0.1849 |  2.256925e+05 |   +0.44% |  1.08e-08 |      
      390 |   0.1637 |  2.265171e+05 |   +0.37% |  1.59e-08 |      
      400 |   0.1414 |  2.271892e+05 |   +0.30% |  2.35e-08 |      
      410 |   0.1237 |  2.279314e+05 |   +0.33% |  3.46e-08 |      
      420 |   0.1049 |  2.284389e+05 |   +0.22% |  5.09e-08 |      
      424 |   0.0985 |  2.287325e+05 |          |  6.18e-08 |      
---------------------------------------------------------------
[INFO GPL-1001] Global placement finished at iteration 424
[INFO GPL-1002] Placed Cell Area            145767.4406
[INFO GPL-1003] Available Free Area         416304.3136
[INFO GPL-1004] Minimum Feasible Density        0.3600 (cell_area / free_area)
[INFO GPL-1006]   Suggested Target Densities:
[INFO GPL-1007]     - For 90% usage of free space: 0.3891
[INFO GPL-1008]     - For 80% usage of free space: 0.4377
[INFO GPL-1009]     - For 50% usage of free space: 0.7003
[INFO GPL-1014] Final placement area: 145767.44 (+0.00%)
Setting global connections for newly added cells…
[INFO] Setting global connections...
[INFO ODB-0403] 0 connections made, 0 conflicts skipped.
Updating metrics…
Cell type report:                       Count       Area
  Endcap cell                             334    1466.39
  Tap cell                               2790   12249.22
  Tie cell                                121    1062.48
  Buffer                                   25     329.28
  Inverter                                395    3468.42
  Sequential cell                         568   42191.74
  Multi-Input combinational cell         4296   81624.12
  Total                                  8529  142391.65
Writing OpenROAD database to '/workspace/librelane/runs/RUN_2026-08-03_06-58-25/24-openroad-globalplacementskipio/chip_core.odb'…
Writing netlist to '/workspace/librelane/runs/RUN_2026-08-03_06-58-25/24-openroad-globalplacementskipio/chip_core.nl.v'…
Writing powered netlist to '/workspace/librelane/runs/RUN_2026-08-03_06-58-25/24-openroad-globalplacementskipio/chip_core.pnl.v'…
Writing layout to '/workspace/librelane/runs/RUN_2026-08-03_06-58-25/24-openroad-globalplacementskipio/chip_core.def'…
Writing timing constraints to '/workspace/librelane/runs/RUN_2026-08-03_06-58-25/24-openroad-globalplacementskipio/chip_core.sdc'…
