                                                                       Cells by Function                                                                        
┏━━━━━━━━━━━━━━━━━━━━━━━━━━━━━━━━━━━━━━━━━━━━━━━━━━━━━━━━━━━━━━━━━━━━━━━━━━━━━━━━━━━━━━━━━━━━━━━━━━━━━━━━━━━━━━━━━━━━━━━━━━━━━━━━━━━┳━━━━━━━━━━━━━━━━━━━━━━━━━━┓
┃ Cell Function                                                                                                                     ┃ Count                    ┃
┡━━━━━━━━━━━━━━━━━━━━━━━━━━━━━━━━━━━━━━━━━━━━━━━━━━━━━━━━━━━━━━━━━━━━━━━━━━━━━━━━━━━━━━━━━━━━━━━━━━━━━━━━━━━━━━━━━━━━━━━━━━━━━━━━━━━╇━━━━━━━━━━━━━━━━━━━━━━━━━━┩
│ gf180mcu_fd_sc_mcu7t5v0__and2                                                                                                     │ 16                       │
│ gf180mcu_fd_sc_mcu7t5v0__aoi21                                                                                                    │ 1                        │
│ gf180mcu_fd_sc_mcu7t5v0__aoi22                                                                                                    │ 1                        │
│ gf180mcu_fd_sc_mcu7t5v0__buf                                                                                                      │ 31                       │
│ gf180mcu_fd_sc_mcu7t5v0__clkbuf                                                                                                   │ 27                       │
│ gf180mcu_fd_sc_mcu7t5v0__clkinv                                                                                                   │ 9                        │
│ gf180mcu_fd_sc_mcu7t5v0__dffrnq                                                                                                   │ 41                       │
│ gf180mcu_fd_sc_mcu7t5v0__dlyb                                                                                                     │ 9                        │
│ gf180mcu_fd_sc_mcu7t5v0__fill                                                                                                     │ 169                      │
│ gf180mcu_fd_sc_mcu7t5v0__fillcap                                                                                                  │ 192                      │
│ gf180mcu_fd_sc_mcu7t5v0__nand2                                                                                                    │ 21                       │
│ gf180mcu_fd_sc_mcu7t5v0__nand3                                                                                                    │ 6                        │
│ gf180mcu_fd_sc_mcu7t5v0__nand4                                                                                                    │ 3                        │
│ gf180mcu_fd_sc_mcu7t5v0__nor2                                                                                                     │ 12                       │
│ gf180mcu_fd_sc_mcu7t5v0__nor3                                                                                                     │ 2                        │
│ gf180mcu_fd_sc_mcu7t5v0__nor4                                                                                                     │ 2                        │
│ gf180mcu_fd_sc_mcu7t5v0__oai21                                                                                                    │ 12                       │
│ gf180mcu_fd_sc_mcu7t5v0__oai211                                                                                                   │ 2                        │
│ gf180mcu_fd_sc_mcu7t5v0__oai22                                                                                                    │ 2                        │
│ gf180mcu_fd_sc_mcu7t5v0__oai31                                                                                                    │ 2                        │
│ gf180mcu_fd_sc_mcu7t5v0__oai32                                                                                                    │ 1                        │
│ gf180mcu_fd_sc_mcu7t5v0__or3                                                                                                      │ 1                        │
│ gf180mcu_fd_sc_mcu7t5v0__xnor2                                                                                                    │ 6                        │
│ gf180mcu_fd_sc_mcu7t5v0__xor2                                                                                                     │ 9                        │
└───────────────────────────────────────────────────────────────────────────────────────────────────────────────────────────────────┴──────────────────────────┘
