┏━━━━━━━━━━━━━━━━━━━━━━┳━━━━━━━━━━┳━━━━━━━━━━┳━━━━━━━━━━┳━━━━━━━━━━┳━━━━━━━━━━━┳━━━━━━━━━━┳━━━━━━━━━━━┳━━━━━━━━━━┳━━━━━━━━━━━┳━━━━━━━━━━┳━━━━━━━━━━━┳━━━━━━━━━━┓
┃                      ┃ Hold     ┃ Reg to   ┃          ┃          ┃ of which  ┃ Setup    ┃           ┃          ┃           ┃ of which ┃           ┃          ┃
┃                      ┃ Worst    ┃ Reg      ┃          ┃ Hold Vio ┃ reg to    ┃ Worst    ┃ Reg to    ┃ Setup    ┃ Setup Vio ┃ reg to   ┃ Max Cap   ┃ Max Slew ┃
┃ Corner/Group         ┃ Slack    ┃ Paths    ┃ Hold TNS ┃ Count    ┃ reg       ┃ Slack    ┃ Reg Paths ┃ TNS      ┃ Count     ┃ reg      ┃ Violatio… ┃ Violati… ┃
┡━━━━━━━━━━━━━━━━━━━━━━╇━━━━━━━━━━╇━━━━━━━━━━╇━━━━━━━━━━╇━━━━━━━━━━╇━━━━━━━━━━━╇━━━━━━━━━━╇━━━━━━━━━━━╇━━━━━━━━━━╇━━━━━━━━━━━╇━━━━━━━━━━╇━━━━━━━━━━━╇━━━━━━━━━━┩
│ Overall              │ 0.2244   │ 0.2244   │ 0.0000   │ 0        │ 0         │ 126.6025 │ 133.1197  │ 0.0000   │ 0         │ 0        │ 5         │ 740      │
│ nom_tt_025C_3v30     │ 0.5960   │ 0.5960   │ 0.0000   │ 0        │ 0         │ 143.7303 │ 167.9400  │ 0.0000   │ 0         │ 0        │ 1         │ 31       │
│ min_ff_n40C_3v60     │ 0.2244   │ 0.2244   │ 0.0000   │ 0        │ 0         │ 150.8642 │ 182.2157  │ 0.0000   │ 0         │ 0        │ 1         │ 0        │
│ max_ss_125C_3v00     │ 1.5013   │ 1.5013   │ 0.0000   │ 0        │ 0         │ 126.6025 │ 133.1197  │ 0.0000   │ 0         │ 0        │ 5         │ 740      │
└──────────────────────┴──────────┴──────────┴──────────┴──────────┴───────────┴──────────┴───────────┴──────────┴───────────┴──────────┴───────────┴──────────┘
