┏━━━━━━━━━━━━━━━━━━━━━━┳━━━━━━━━━━┳━━━━━━━━━━┳━━━━━━━━━━┳━━━━━━━━━━┳━━━━━━━━━━━┳━━━━━━━━━━┳━━━━━━━━━━━┳━━━━━━━━━━┳━━━━━━━━━━━┳━━━━━━━━━━┳━━━━━━━━━━━┳━━━━━━━━━━┓
┃                      ┃ Hold     ┃ Reg to   ┃          ┃          ┃ of which  ┃ Setup    ┃           ┃          ┃           ┃ of which ┃           ┃          ┃
┃                      ┃ Worst    ┃ Reg      ┃          ┃ Hold Vio ┃ reg to    ┃ Worst    ┃ Reg to    ┃ Setup    ┃ Setup Vio ┃ reg to   ┃ Max Cap   ┃ Max Slew ┃
┃ Corner/Group         ┃ Slack    ┃ Paths    ┃ Hold TNS ┃ Count    ┃ reg       ┃ Slack    ┃ Reg Paths ┃ TNS      ┃ Count     ┃ reg      ┃ Violatio… ┃ Violati… ┃
┡━━━━━━━━━━━━━━━━━━━━━━╇━━━━━━━━━━╇━━━━━━━━━━╇━━━━━━━━━━╇━━━━━━━━━━╇━━━━━━━━━━━╇━━━━━━━━━━╇━━━━━━━━━━━╇━━━━━━━━━━╇━━━━━━━━━━━╇━━━━━━━━━━╇━━━━━━━━━━━╇━━━━━━━━━━┩
│ Overall              │ 0.2201   │ 0.2201   │ 0.0000   │ 0        │ 0         │ 133.1420 │ 133.1420  │ 0.0000   │ 0         │ 0        │ 4         │ 750      │
│ nom_tt_025C_3v30     │ 0.5894   │ 0.5894   │ 0.0000   │ 0        │ 0         │ 147.6536 │ 167.8521  │ 0.0000   │ 0         │ 0        │ 2         │ 43       │
│ min_ff_n40C_3v60     │ 0.2201   │ 0.2201   │ 0.0000   │ 0        │ 0         │ 153.0812 │ 182.1226  │ 0.0000   │ 0         │ 0        │ 2         │ 0        │
│ max_ss_125C_3v00     │ 1.4817   │ 1.4817   │ 0.0000   │ 0        │ 0         │ 133.1420 │ 133.1420  │ 0.0000   │ 0         │ 0        │ 4         │ 750      │
└──────────────────────┴──────────┴──────────┴──────────┴──────────┴───────────┴──────────┴───────────┴──────────┴───────────┴──────────┴───────────┴──────────┘
