+ define_corners min_ff_n40C_3v60
Reading timing models for corner min_ff_n40C_3v60…
Reading cell library for the 'min_ff_n40C_3v60' corner at '/foss/pdks/gf180mcuD/libs.ref/gf180mcu_fd_sc_mcu7t5v0/lib/gf180mcu_fd_sc_mcu7t5v0__ff_n40C_3v60.lib'…
Reading top-level netlist at '/workspace/librelane/runs/RUN_2026-08-09_23-45-37/06-yosys-synthesis/state_machine.nl.v'…
Linking design 'state_machine' from netlist…
Reading design constraints file at '/usr/local/lib/python3.12/dist-packages/librelane/scripts/base.sdc'…
[INFO] Using clock clk…
[INFO] Setting output delay to: 40
[INFO] Setting input delay to: 40
[INFO] Setting load to: 0.07291
[INFO] Setting clock uncertainty to: 0.25
[INFO] Setting clock transition to: 0.15
[INFO] Setting timing derate to: 5%
%OL_CREATE_REPORT min.rpt

===========================================================================
report_checks -path_delay min (Hold)
============================================================================
======================= min_ff_n40C_3v60 Corner ===================================

Startpoint: _39_ (rising edge-triggered flip-flop clocked by clk)
Endpoint: _39_ (rising edge-triggered flip-flop clocked by clk)
Path Group: clk
Path Type: min

Fanout         Cap        Slew       Delay        Time   Description
---------------------------------------------------------------------------------------------
                      0.150000    0.000000    0.000000   clock clk (rise edge)
                                  0.000000    0.000000   clock network delay (ideal)
                      0.150000    0.000000    0.000000 ^ _39_/CLK (gf180mcu_fd_sc_mcu7t5v0__dffrnq_1)
     5    0.088630    0.731173    1.004866    1.004866 v _39_/Q (gf180mcu_fd_sc_mcu7t5v0__dffrnq_1)
                                                         state_o[1] (net)
                      0.731173    0.000000    1.004866 v _32_/A1 (gf180mcu_fd_sc_mcu7t5v0__nor2_1)
     1    0.003973    0.228471    0.304123    1.308989 ^ _32_/ZN (gf180mcu_fd_sc_mcu7t5v0__nor2_1)
                                                         _14_ (net)
                      0.228471    0.000000    1.308989 ^ _35_/B (gf180mcu_fd_sc_mcu7t5v0__aoi211_1)
     1    0.003020    0.121745    0.146934    1.455923 v _35_/ZN (gf180mcu_fd_sc_mcu7t5v0__aoi211_1)
                                                         _01_ (net)
                      0.121745    0.000000    1.455923 v _39_/D (gf180mcu_fd_sc_mcu7t5v0__dffrnq_1)
                                              1.455923   data arrival time

                      0.150000    0.000000    0.000000   clock clk (rise edge)
                                  0.000000    0.000000   clock network delay (ideal)
                                  0.250000    0.250000   clock uncertainty
                                  0.000000    0.250000   clock reconvergence pessimism
                                              0.250000 ^ _39_/CLK (gf180mcu_fd_sc_mcu7t5v0__dffrnq_1)
                                  0.098372    0.348372   library hold time
                                              0.348372   data required time
---------------------------------------------------------------------------------------------
                                              0.348372   data required time
                                             -1.455923   data arrival time
---------------------------------------------------------------------------------------------
                                              1.107551   slack (MET)


Startpoint: _40_ (rising edge-triggered flip-flop clocked by clk)
Endpoint: _40_ (rising edge-triggered flip-flop clocked by clk)
Path Group: clk
Path Type: min

Fanout         Cap        Slew       Delay        Time   Description
---------------------------------------------------------------------------------------------
                      0.150000    0.000000    0.000000   clock clk (rise edge)
                                  0.000000    0.000000   clock network delay (ideal)
                      0.150000    0.000000    0.000000 ^ _40_/CLK (gf180mcu_fd_sc_mcu7t5v0__dffrnq_1)
     6    0.091095    0.750734    1.016671    1.016671 v _40_/Q (gf180mcu_fd_sc_mcu7t5v0__dffrnq_1)
                                                         state_o[2] (net)
                      0.750734    0.000000    1.016671 v _36_/A1 (gf180mcu_fd_sc_mcu7t5v0__nor2_1)
     1    0.003973    0.228471    0.308812    1.325482 ^ _36_/ZN (gf180mcu_fd_sc_mcu7t5v0__nor2_1)
                                                         _17_ (net)
                      0.228471    0.000000    1.325482 ^ _37_/B (gf180mcu_fd_sc_mcu7t5v0__aoi211_1)
     1    0.003020    0.121682    0.146934    1.472417 v _37_/ZN (gf180mcu_fd_sc_mcu7t5v0__aoi211_1)
                                                         _02_ (net)
                      0.121682    0.000000    1.472417 v _40_/D (gf180mcu_fd_sc_mcu7t5v0__dffrnq_1)
                                              1.472417   data arrival time

                      0.150000    0.000000    0.000000   clock clk (rise edge)
                                  0.000000    0.000000   clock network delay (ideal)
                                  0.250000    0.250000   clock uncertainty
                                  0.000000    0.250000   clock reconvergence pessimism
                                              0.250000 ^ _40_/CLK (gf180mcu_fd_sc_mcu7t5v0__dffrnq_1)
                                  0.098390    0.348390   library hold time
                                              0.348390   data required time
---------------------------------------------------------------------------------------------
                                              0.348390   data required time
                                             -1.472417   data arrival time
---------------------------------------------------------------------------------------------
                                              1.124027   slack (MET)


Startpoint: _38_ (rising edge-triggered flip-flop clocked by clk)
Endpoint: _38_ (rising edge-triggered flip-flop clocked by clk)
Path Group: clk
Path Type: min

Fanout         Cap        Slew       Delay        Time   Description
---------------------------------------------------------------------------------------------
                      0.150000    0.000000    0.000000   clock clk (rise edge)
                                  0.000000    0.000000   clock network delay (ideal)
                      0.150000    0.000000    0.000000 ^ _38_/CLK (gf180mcu_fd_sc_mcu7t5v0__dffrnq_1)
     8    0.101311    0.832155    1.065532    1.065532 v _38_/Q (gf180mcu_fd_sc_mcu7t5v0__dffrnq_1)
                                                         state_o[0] (net)
                      0.832155    0.000000    1.065532 v _30_/A1 (gf180mcu_fd_sc_mcu7t5v0__oai21_1)
     1    0.003974    0.188089    0.352383    1.417915 ^ _30_/ZN (gf180mcu_fd_sc_mcu7t5v0__oai21_1)
                                                         _13_ (net)
                      0.188089    0.000000    1.417915 ^ _31_/B (gf180mcu_fd_sc_mcu7t5v0__aoi21_1)
     1    0.003020    0.131269    0.124592    1.542507 v _31_/ZN (gf180mcu_fd_sc_mcu7t5v0__aoi21_1)
                                                         _00_ (net)
                      0.131269    0.000000    1.542507 v _38_/D (gf180mcu_fd_sc_mcu7t5v0__dffrnq_1)
                                              1.542507   data arrival time

                      0.150000    0.000000    0.000000   clock clk (rise edge)
                                  0.000000    0.000000   clock network delay (ideal)
                                  0.250000    0.250000   clock uncertainty
                                  0.000000    0.250000   clock reconvergence pessimism
                                              0.250000 ^ _38_/CLK (gf180mcu_fd_sc_mcu7t5v0__dffrnq_1)
                                  0.095717    0.345717   library hold time
                                              0.345717   data required time
---------------------------------------------------------------------------------------------
                                              0.345717   data required time
                                             -1.542507   data arrival time
---------------------------------------------------------------------------------------------
                                              1.196790   slack (MET)


Startpoint: rst_n (input port clocked by clk)
Endpoint: _38_ (removal check against rising-edge clock clk)
Path Group: asynchronous
Path Type: min

Fanout         Cap        Slew       Delay        Time   Description
---------------------------------------------------------------------------------------------
                      0.150000    0.000000    0.000000   clock clk (rise edge)
                                  0.000000    0.000000   clock network delay (ideal)
                                 40.000000   40.000000 ^ input external delay
     3    0.021711    0.357249    0.184716   40.184715 ^ rst_n (in)
                                                         rst_n (net)
                      0.357249    0.000000   40.184715 ^ _38_/RN (gf180mcu_fd_sc_mcu7t5v0__dffrnq_1)
                                             40.184715   data arrival time

                      0.150000    0.000000    0.000000   clock clk (rise edge)
                                  0.000000    0.000000   clock network delay (ideal)
                                  0.250000    0.250000   clock uncertainty
                                  0.000000    0.250000   clock reconvergence pessimism
                                              0.250000 ^ _38_/CLK (gf180mcu_fd_sc_mcu7t5v0__dffrnq_1)
                                  0.337763    0.587764   library removal time
                                              0.587764   data required time
---------------------------------------------------------------------------------------------
                                              0.587764   data required time
                                            -40.184715   data arrival time
---------------------------------------------------------------------------------------------
                                             39.596954   slack (MET)


Startpoint: rst_n (input port clocked by clk)
Endpoint: _39_ (removal check against rising-edge clock clk)
Path Group: asynchronous
Path Type: min

Fanout         Cap        Slew       Delay        Time   Description
---------------------------------------------------------------------------------------------
                      0.150000    0.000000    0.000000   clock clk (rise edge)
                                  0.000000    0.000000   clock network delay (ideal)
                                 40.000000   40.000000 ^ input external delay
     3    0.021711    0.357249    0.184716   40.184715 ^ rst_n (in)
                                                         rst_n (net)
                      0.357249    0.000000   40.184715 ^ _39_/RN (gf180mcu_fd_sc_mcu7t5v0__dffrnq_1)
                                             40.184715   data arrival time

                      0.150000    0.000000    0.000000   clock clk (rise edge)
                                  0.000000    0.000000   clock network delay (ideal)
                                  0.250000    0.250000   clock uncertainty
                                  0.000000    0.250000   clock reconvergence pessimism
                                              0.250000 ^ _39_/CLK (gf180mcu_fd_sc_mcu7t5v0__dffrnq_1)
                                  0.337763    0.587764   library removal time
                                              0.587764   data required time
---------------------------------------------------------------------------------------------
                                              0.587764   data required time
                                            -40.184715   data arrival time
---------------------------------------------------------------------------------------------
                                             39.596954   slack (MET)


Startpoint: rst_n (input port clocked by clk)
Endpoint: _40_ (removal check against rising-edge clock clk)
Path Group: asynchronous
Path Type: min

Fanout         Cap        Slew       Delay        Time   Description
---------------------------------------------------------------------------------------------
                      0.150000    0.000000    0.000000   clock clk (rise edge)
                                  0.000000    0.000000   clock network delay (ideal)
                                 40.000000   40.000000 ^ input external delay
     3    0.021711    0.357249    0.184716   40.184715 ^ rst_n (in)
                                                         rst_n (net)
                      0.357249    0.000000   40.184715 ^ _40_/RN (gf180mcu_fd_sc_mcu7t5v0__dffrnq_1)
                                             40.184715   data arrival time

                      0.150000    0.000000    0.000000   clock clk (rise edge)
                                  0.000000    0.000000   clock network delay (ideal)
                                  0.250000    0.250000   clock uncertainty
                                  0.000000    0.250000   clock reconvergence pessimism
                                              0.250000 ^ _40_/CLK (gf180mcu_fd_sc_mcu7t5v0__dffrnq_1)
                                  0.337763    0.587764   library removal time
                                              0.587764   data required time
---------------------------------------------------------------------------------------------
                                              0.587764   data required time
                                            -40.184715   data arrival time
---------------------------------------------------------------------------------------------
                                             39.596954   slack (MET)


Startpoint: _39_ (rising edge-triggered flip-flop clocked by clk)
Endpoint: state_o[1] (output port clocked by clk)
Path Group: clk
Path Type: min

Fanout         Cap        Slew       Delay        Time   Description
---------------------------------------------------------------------------------------------
                      0.150000    0.000000    0.000000   clock clk (rise edge)
                                  0.000000    0.000000   clock network delay (ideal)
                      0.150000    0.000000    0.000000 ^ _39_/CLK (gf180mcu_fd_sc_mcu7t5v0__dffrnq_1)
     5    0.088630    0.731173    1.004866    1.004866 v _39_/Q (gf180mcu_fd_sc_mcu7t5v0__dffrnq_1)
                                                         state_o[1] (net)
                      0.731173    0.000000    1.004866 v state_o[1] (out)
                                              1.004866   data arrival time

                      0.150000    0.000000    0.000000   clock clk (rise edge)
                                  0.000000    0.000000   clock network delay (ideal)
                                  0.250000    0.250000   clock uncertainty
                                  0.000000    0.250000   clock reconvergence pessimism
                                -40.000000  -39.750000   output external delay
                                            -39.750000   data required time
---------------------------------------------------------------------------------------------
                                            -39.750000   data required time
                                             -1.004866   data arrival time
---------------------------------------------------------------------------------------------
                                             40.754868   slack (MET)


Startpoint: _40_ (rising edge-triggered flip-flop clocked by clk)
Endpoint: state_o[2] (output port clocked by clk)
Path Group: clk
Path Type: min

Fanout         Cap        Slew       Delay        Time   Description
---------------------------------------------------------------------------------------------
                      0.150000    0.000000    0.000000   clock clk (rise edge)
                                  0.000000    0.000000   clock network delay (ideal)
                      0.150000    0.000000    0.000000 ^ _40_/CLK (gf180mcu_fd_sc_mcu7t5v0__dffrnq_1)
     6    0.091095    0.750734    1.016671    1.016671 v _40_/Q (gf180mcu_fd_sc_mcu7t5v0__dffrnq_1)
                                                         state_o[2] (net)
                      0.750734    0.000000    1.016671 v state_o[2] (out)
                                              1.016671   data arrival time

                      0.150000    0.000000    0.000000   clock clk (rise edge)
                                  0.000000    0.000000   clock network delay (ideal)
                                  0.250000    0.250000   clock uncertainty
                                  0.000000    0.250000   clock reconvergence pessimism
                                -40.000000  -39.750000   output external delay
                                            -39.750000   data required time
---------------------------------------------------------------------------------------------
                                            -39.750000   data required time
                                             -1.016671   data arrival time
---------------------------------------------------------------------------------------------
                                             40.766670   slack (MET)


Startpoint: _38_ (rising edge-triggered flip-flop clocked by clk)
Endpoint: state_o[0] (output port clocked by clk)
Path Group: clk
Path Type: min

Fanout         Cap        Slew       Delay        Time   Description
---------------------------------------------------------------------------------------------
                      0.150000    0.000000    0.000000   clock clk (rise edge)
                                  0.000000    0.000000   clock network delay (ideal)
                      0.150000    0.000000    0.000000 ^ _38_/CLK (gf180mcu_fd_sc_mcu7t5v0__dffrnq_1)
     8    0.101311    0.832155    1.065532    1.065532 v _38_/Q (gf180mcu_fd_sc_mcu7t5v0__dffrnq_1)
                                                         state_o[0] (net)
                      0.832155    0.000000    1.065532 v state_o[0] (out)
                                              1.065532   data arrival time

                      0.150000    0.000000    0.000000   clock clk (rise edge)
                                  0.000000    0.000000   clock network delay (ideal)
                                  0.250000    0.250000   clock uncertainty
                                  0.000000    0.250000   clock reconvergence pessimism
                                -40.000000  -39.750000   output external delay
                                            -39.750000   data required time
---------------------------------------------------------------------------------------------
                                            -39.750000   data required time
                                             -1.065532   data arrival time
---------------------------------------------------------------------------------------------
                                             40.815533   slack (MET)


Startpoint: _39_ (rising edge-triggered flip-flop clocked by clk)
Endpoint: cal_start (output port clocked by clk)
Path Group: clk
Path Type: min

Fanout         Cap        Slew       Delay        Time   Description
---------------------------------------------------------------------------------------------
                      0.150000    0.000000    0.000000   clock clk (rise edge)
                                  0.000000    0.000000   clock network delay (ideal)
                      0.150000    0.000000    0.000000 ^ _39_/CLK (gf180mcu_fd_sc_mcu7t5v0__dffrnq_1)
     5    0.088630    0.731173    1.004866    1.004866 v _39_/Q (gf180mcu_fd_sc_mcu7t5v0__dffrnq_1)
                                                         state_o[1] (net)
                      0.731173    0.000000    1.004866 v _19_/I (gf180mcu_fd_sc_mcu7t5v0__clkinv_1)
     2    0.006738    0.254138    0.241308    1.246174 ^ _19_/ZN (gf180mcu_fd_sc_mcu7t5v0__clkinv_1)
                                                         _04_ (net)
                      0.254138    0.000000    1.246174 ^ _21_/A2 (gf180mcu_fd_sc_mcu7t5v0__nor3_1)
     2    0.077775    1.068289    0.717605    1.963778 v _21_/ZN (gf180mcu_fd_sc_mcu7t5v0__nor3_1)
                                                         cal_start (net)
                      1.068289    0.000000    1.963778 v cal_start (out)
                                              1.963778   data arrival time

                      0.150000    0.000000    0.000000   clock clk (rise edge)
                                  0.000000    0.000000   clock network delay (ideal)
                                  0.250000    0.250000   clock uncertainty
                                  0.000000    0.250000   clock reconvergence pessimism
                                -40.000000  -39.750000   output external delay
                                            -39.750000   data required time
---------------------------------------------------------------------------------------------
                                            -39.750000   data required time
                                             -1.963778   data arrival time
---------------------------------------------------------------------------------------------
                                             41.713776   slack (MET)


Startpoint: _40_ (rising edge-triggered flip-flop clocked by clk)
Endpoint: read_en (output port clocked by clk)
Path Group: clk
Path Type: min

Fanout         Cap        Slew       Delay        Time   Description
---------------------------------------------------------------------------------------------
                      0.150000    0.000000    0.000000   clock clk (rise edge)
                                  0.000000    0.000000   clock network delay (ideal)
                      0.150000    0.000000    0.000000 ^ _40_/CLK (gf180mcu_fd_sc_mcu7t5v0__dffrnq_1)
     6    0.091095    0.750734    1.016671    1.016671 v _40_/Q (gf180mcu_fd_sc_mcu7t5v0__dffrnq_1)
                                                         state_o[2] (net)
                      0.750734    0.000000    1.016671 v _23_/A2 (gf180mcu_fd_sc_mcu7t5v0__nor2_1)
     3    0.011502    0.450669    0.393202    1.409873 ^ _23_/ZN (gf180mcu_fd_sc_mcu7t5v0__nor2_1)
                                                         _07_ (net)
                      0.450669    0.000000    1.409873 ^ _24_/A3 (gf180mcu_fd_sc_mcu7t5v0__nor3_1)
     1    0.072910    1.006194    0.740478    2.150351 v _24_/ZN (gf180mcu_fd_sc_mcu7t5v0__nor3_1)
                                                         read_en (net)
                      1.006194    0.000000    2.150351 v read_en (out)
                                              2.150351   data arrival time

                      0.150000    0.000000    0.000000   clock clk (rise edge)
                                  0.000000    0.000000   clock network delay (ideal)
                                  0.250000    0.250000   clock uncertainty
                                  0.000000    0.250000   clock reconvergence pessimism
                                -40.000000  -39.750000   output external delay
                                            -39.750000   data required time
---------------------------------------------------------------------------------------------
                                            -39.750000   data required time
                                             -2.150351   data arrival time
---------------------------------------------------------------------------------------------
                                             41.900352   slack (MET)



%OL_END_REPORT
%OL_CREATE_REPORT max.rpt

===========================================================================
report_checks -path_delay max (Setup)
============================================================================
======================= min_ff_n40C_3v60 Corner ===================================

Startpoint: _40_ (rising edge-triggered flip-flop clocked by clk)
Endpoint: read_en (output port clocked by clk)
Path Group: clk
Path Type: max

Fanout         Cap        Slew       Delay        Time   Description
---------------------------------------------------------------------------------------------
                      0.150000    0.000000    0.000000   clock clk (rise edge)
                                  0.000000    0.000000   clock network delay (ideal)
                      0.150000    0.000000    0.000000 ^ _40_/CLK (gf180mcu_fd_sc_mcu7t5v0__dffrnq_1)
     6    0.091095    1.370977    1.455754    1.455754 ^ _40_/Q (gf180mcu_fd_sc_mcu7t5v0__dffrnq_1)
                                                         state_o[2] (net)
                      1.370977    0.000000    1.455754 ^ _23_/A2 (gf180mcu_fd_sc_mcu7t5v0__nor2_1)
     3    0.011502    0.449499    0.251754    1.707508 v _23_/ZN (gf180mcu_fd_sc_mcu7t5v0__nor2_1)
                                                         _07_ (net)
                      0.449499    0.000000    1.707508 v _24_/A3 (gf180mcu_fd_sc_mcu7t5v0__nor3_1)
     1    0.072910    2.875087    1.741214    3.448722 ^ _24_/ZN (gf180mcu_fd_sc_mcu7t5v0__nor3_1)
                                                         read_en (net)
                      2.875087    0.000000    3.448722 ^ read_en (out)
                                              3.448722   data arrival time

                      0.150000  200.000000  200.000000   clock clk (rise edge)
                                  0.000000  200.000000   clock network delay (ideal)
                                 -0.250000  199.750000   clock uncertainty
                                  0.000000  199.750000   clock reconvergence pessimism
                                -40.000000  159.749985   output external delay
                                            159.749985   data required time
---------------------------------------------------------------------------------------------
                                            159.749985   data required time
                                             -3.448722   data arrival time
---------------------------------------------------------------------------------------------
                                            156.301270   slack (MET)


Startpoint: _39_ (rising edge-triggered flip-flop clocked by clk)
Endpoint: cal_start (output port clocked by clk)
Path Group: clk
Path Type: max

Fanout         Cap        Slew       Delay        Time   Description
---------------------------------------------------------------------------------------------
                      0.150000    0.000000    0.000000   clock clk (rise edge)
                                  0.000000    0.000000   clock network delay (ideal)
                      0.150000    0.000000    0.000000 ^ _39_/CLK (gf180mcu_fd_sc_mcu7t5v0__dffrnq_1)
     5    0.088630    1.335151    1.435196    1.435196 ^ _39_/Q (gf180mcu_fd_sc_mcu7t5v0__dffrnq_1)
                                                         state_o[1] (net)
                      1.335151    0.000000    1.435196 ^ _19_/I (gf180mcu_fd_sc_mcu7t5v0__clkinv_1)
     2    0.006738    0.335913    0.183654    1.618850 v _19_/ZN (gf180mcu_fd_sc_mcu7t5v0__clkinv_1)
                                                         _04_ (net)
                      0.335913    0.000000    1.618850 v _21_/A2 (gf180mcu_fd_sc_mcu7t5v0__nor3_1)
     2    0.077775    3.056999    1.822456    3.441306 ^ _21_/ZN (gf180mcu_fd_sc_mcu7t5v0__nor3_1)
                                                         cal_start (net)
                      3.056999    0.000000    3.441306 ^ cal_start (out)
                                              3.441306   data arrival time

                      0.150000  200.000000  200.000000   clock clk (rise edge)
                                  0.000000  200.000000   clock network delay (ideal)
                                 -0.250000  199.750000   clock uncertainty
                                  0.000000  199.750000   clock reconvergence pessimism
                                -40.000000  159.749985   output external delay
                                            159.749985   data required time
---------------------------------------------------------------------------------------------
                                            159.749985   data required time
                                             -3.441306   data arrival time
---------------------------------------------------------------------------------------------
                                            156.308685   slack (MET)


Startpoint: cal_done (input port clocked by clk)
Endpoint: _40_ (rising edge-triggered flip-flop clocked by clk)
Path Group: clk
Path Type: max

Fanout         Cap        Slew       Delay        Time   Description
---------------------------------------------------------------------------------------------
                      0.150000    0.000000    0.000000   clock clk (rise edge)
                                  0.000000    0.000000   clock network delay (ideal)
                                 40.000000   40.000000 ^ input external delay
     1    0.004168    0.101760    0.036746   40.036747 ^ cal_done (in)
                                                         cal_done (net)
                      0.101760    0.000000   40.036747 ^ _25_/A2 (gf180mcu_fd_sc_mcu7t5v0__nor2_1)
     1    0.002747    0.094237    0.086260   40.123005 v _25_/ZN (gf180mcu_fd_sc_mcu7t5v0__nor2_1)
                                                         _08_ (net)
                      0.094237    0.000000   40.123005 v _26_/A4 (gf180mcu_fd_sc_mcu7t5v0__or4_1)
     1    0.004816    0.215897    0.685997   40.809002 v _26_/Z (gf180mcu_fd_sc_mcu7t5v0__or4_1)
                                                         _09_ (net)
                      0.215897    0.000000   40.809002 v _29_/A1 (gf180mcu_fd_sc_mcu7t5v0__aoi22_1)
     6    0.026915    0.909865    0.551026   41.360031 ^ _29_/ZN (gf180mcu_fd_sc_mcu7t5v0__aoi22_1)
                                                         _12_ (net)
                      0.909865    0.000000   41.360031 ^ _36_/A2 (gf180mcu_fd_sc_mcu7t5v0__nor2_1)
     1    0.003973    0.304077    0.144965   41.504993 v _36_/ZN (gf180mcu_fd_sc_mcu7t5v0__nor2_1)
                                                         _17_ (net)
                      0.304077    0.000000   41.504993 v _37_/B (gf180mcu_fd_sc_mcu7t5v0__aoi211_1)
     1    0.003020    0.397977    0.331578   41.836575 ^ _37_/ZN (gf180mcu_fd_sc_mcu7t5v0__aoi211_1)
                                                         _02_ (net)
                      0.397977    0.000000   41.836575 ^ _40_/D (gf180mcu_fd_sc_mcu7t5v0__dffrnq_1)
                                             41.836575   data arrival time

                      0.150000  200.000000  200.000000   clock clk (rise edge)
                                  0.000000  200.000000   clock network delay (ideal)
                                 -0.250000  199.750000   clock uncertainty
                                  0.000000  199.750000   clock reconvergence pessimism
                                            199.750000 ^ _40_/CLK (gf180mcu_fd_sc_mcu7t5v0__dffrnq_1)
                                 -0.284559  199.465439   library setup time
                                            199.465439   data required time
---------------------------------------------------------------------------------------------
                                            199.465439   data required time
                                            -41.836575   data arrival time
---------------------------------------------------------------------------------------------
                                            157.628860   slack (MET)


Startpoint: cal_done (input port clocked by clk)
Endpoint: _39_ (rising edge-triggered flip-flop clocked by clk)
Path Group: clk
Path Type: max

Fanout         Cap        Slew       Delay        Time   Description
---------------------------------------------------------------------------------------------
                      0.150000    0.000000    0.000000   clock clk (rise edge)
                                  0.000000    0.000000   clock network delay (ideal)
                                 40.000000   40.000000 ^ input external delay
     1    0.004168    0.101760    0.036746   40.036747 ^ cal_done (in)
                                                         cal_done (net)
                      0.101760    0.000000   40.036747 ^ _25_/A2 (gf180mcu_fd_sc_mcu7t5v0__nor2_1)
     1    0.002747    0.094237    0.086260   40.123005 v _25_/ZN (gf180mcu_fd_sc_mcu7t5v0__nor2_1)
                                                         _08_ (net)
                      0.094237    0.000000   40.123005 v _26_/A4 (gf180mcu_fd_sc_mcu7t5v0__or4_1)
     1    0.004816    0.215897    0.685997   40.809002 v _26_/Z (gf180mcu_fd_sc_mcu7t5v0__or4_1)
                                                         _09_ (net)
                      0.215897    0.000000   40.809002 v _29_/A1 (gf180mcu_fd_sc_mcu7t5v0__aoi22_1)
     6    0.026915    0.909865    0.551026   41.360031 ^ _29_/ZN (gf180mcu_fd_sc_mcu7t5v0__aoi22_1)
                                                         _12_ (net)
                      0.909865    0.000000   41.360031 ^ _32_/A2 (gf180mcu_fd_sc_mcu7t5v0__nor2_1)
     1    0.003973    0.299385    0.144965   41.504993 v _32_/ZN (gf180mcu_fd_sc_mcu7t5v0__nor2_1)
                                                         _14_ (net)
                      0.299385    0.000000   41.504993 v _35_/B (gf180mcu_fd_sc_mcu7t5v0__aoi211_1)
     1    0.003020    0.399713    0.330736   41.835732 ^ _35_/ZN (gf180mcu_fd_sc_mcu7t5v0__aoi211_1)
                                                         _01_ (net)
                      0.399713    0.000000   41.835732 ^ _39_/D (gf180mcu_fd_sc_mcu7t5v0__dffrnq_1)
                                             41.835732   data arrival time

                      0.150000  200.000000  200.000000   clock clk (rise edge)
                                  0.000000  200.000000   clock network delay (ideal)
                                 -0.250000  199.750000   clock uncertainty
                                  0.000000  199.750000   clock reconvergence pessimism
                                            199.750000 ^ _39_/CLK (gf180mcu_fd_sc_mcu7t5v0__dffrnq_1)
                                 -0.284856  199.465134   library setup time
                                            199.465134   data required time
---------------------------------------------------------------------------------------------
                                            199.465134   data required time
                                            -41.835732   data arrival time
---------------------------------------------------------------------------------------------
                                            157.629410   slack (MET)


Startpoint: cal_done (input port clocked by clk)
Endpoint: _38_ (rising edge-triggered flip-flop clocked by clk)
Path Group: clk
Path Type: max

Fanout         Cap        Slew       Delay        Time   Description
---------------------------------------------------------------------------------------------
                      0.150000    0.000000    0.000000   clock clk (rise edge)
                                  0.000000    0.000000   clock network delay (ideal)
                                 40.000000   40.000000 ^ input external delay
     1    0.004168    0.101760    0.036746   40.036747 ^ cal_done (in)
                                                         cal_done (net)
                      0.101760    0.000000   40.036747 ^ _25_/A2 (gf180mcu_fd_sc_mcu7t5v0__nor2_1)
     1    0.002747    0.094237    0.086260   40.123005 v _25_/ZN (gf180mcu_fd_sc_mcu7t5v0__nor2_1)
                                                         _08_ (net)
                      0.094237    0.000000   40.123005 v _26_/A4 (gf180mcu_fd_sc_mcu7t5v0__or4_1)
     1    0.004816    0.215897    0.685997   40.809002 v _26_/Z (gf180mcu_fd_sc_mcu7t5v0__or4_1)
                                                         _09_ (net)
                      0.215897    0.000000   40.809002 v _29_/A1 (gf180mcu_fd_sc_mcu7t5v0__aoi22_1)
     6    0.026915    0.909865    0.551026   41.360031 ^ _29_/ZN (gf180mcu_fd_sc_mcu7t5v0__aoi22_1)
                                                         _12_ (net)
                      0.909865    0.000000   41.360031 ^ _30_/A2 (gf180mcu_fd_sc_mcu7t5v0__oai21_1)
     1    0.003974    0.345436    0.152614   41.512642 v _30_/ZN (gf180mcu_fd_sc_mcu7t5v0__oai21_1)
                                                         _13_ (net)
                      0.345436    0.000000   41.512642 v _31_/B (gf180mcu_fd_sc_mcu7t5v0__aoi21_1)
     1    0.003020    0.280569    0.246523   41.759167 ^ _31_/ZN (gf180mcu_fd_sc_mcu7t5v0__aoi21_1)
                                                         _00_ (net)
                      0.280569    0.000000   41.759167 ^ _38_/D (gf180mcu_fd_sc_mcu7t5v0__dffrnq_1)
                                             41.759167   data arrival time

                      0.150000  200.000000  200.000000   clock clk (rise edge)
                                  0.000000  200.000000   clock network delay (ideal)
                                 -0.250000  199.750000   clock uncertainty
                                  0.000000  199.750000   clock reconvergence pessimism
                                            199.750000 ^ _38_/CLK (gf180mcu_fd_sc_mcu7t5v0__dffrnq_1)
                                 -0.264469  199.485535   library setup time
                                            199.485535   data required time
---------------------------------------------------------------------------------------------
                                            199.485535   data required time
                                            -41.759167   data arrival time
---------------------------------------------------------------------------------------------
                                            157.726364   slack (MET)


Startpoint: _38_ (rising edge-triggered flip-flop clocked by clk)
Endpoint: state_o[0] (output port clocked by clk)
Path Group: clk
Path Type: max

Fanout         Cap        Slew       Delay        Time   Description
---------------------------------------------------------------------------------------------
                      0.150000    0.000000    0.000000   clock clk (rise edge)
                                  0.000000    0.000000   clock network delay (ideal)
                      0.150000    0.000000    0.000000 ^ _38_/CLK (gf180mcu_fd_sc_mcu7t5v0__dffrnq_1)
     8    0.101311    1.519399    1.541086    1.541086 ^ _38_/Q (gf180mcu_fd_sc_mcu7t5v0__dffrnq_1)
                                                         state_o[0] (net)
                      1.519399    0.000000    1.541086 ^ state_o[0] (out)
                                              1.541086   data arrival time

                      0.150000  200.000000  200.000000   clock clk (rise edge)
                                  0.000000  200.000000   clock network delay (ideal)
                                 -0.250000  199.750000   clock uncertainty
                                  0.000000  199.750000   clock reconvergence pessimism
                                -40.000000  159.749985   output external delay
                                            159.749985   data required time
---------------------------------------------------------------------------------------------
                                            159.749985   data required time
                                             -1.541086   data arrival time
---------------------------------------------------------------------------------------------
                                            158.208908   slack (MET)


Startpoint: _40_ (rising edge-triggered flip-flop clocked by clk)
Endpoint: state_o[2] (output port clocked by clk)
Path Group: clk
Path Type: max

Fanout         Cap        Slew       Delay        Time   Description
---------------------------------------------------------------------------------------------
                      0.150000    0.000000    0.000000   clock clk (rise edge)
                                  0.000000    0.000000   clock network delay (ideal)
                      0.150000    0.000000    0.000000 ^ _40_/CLK (gf180mcu_fd_sc_mcu7t5v0__dffrnq_1)
     6    0.091095    1.370977    1.455754    1.455754 ^ _40_/Q (gf180mcu_fd_sc_mcu7t5v0__dffrnq_1)
                                                         state_o[2] (net)
                      1.370977    0.000000    1.455754 ^ state_o[2] (out)
                                              1.455754   data arrival time

                      0.150000  200.000000  200.000000   clock clk (rise edge)
                                  0.000000  200.000000   clock network delay (ideal)
                                 -0.250000  199.750000   clock uncertainty
                                  0.000000  199.750000   clock reconvergence pessimism
                                -40.000000  159.749985   output external delay
                                            159.749985   data required time
---------------------------------------------------------------------------------------------
                                            159.749985   data required time
                                             -1.455754   data arrival time
---------------------------------------------------------------------------------------------
                                            158.294235   slack (MET)


Startpoint: _39_ (rising edge-triggered flip-flop clocked by clk)
Endpoint: state_o[1] (output port clocked by clk)
Path Group: clk
Path Type: max

Fanout         Cap        Slew       Delay        Time   Description
---------------------------------------------------------------------------------------------
                      0.150000    0.000000    0.000000   clock clk (rise edge)
                                  0.000000    0.000000   clock network delay (ideal)
                      0.150000    0.000000    0.000000 ^ _39_/CLK (gf180mcu_fd_sc_mcu7t5v0__dffrnq_1)
     5    0.088630    1.335151    1.435196    1.435196 ^ _39_/Q (gf180mcu_fd_sc_mcu7t5v0__dffrnq_1)
                                                         state_o[1] (net)
                      1.335151    0.000000    1.435196 ^ state_o[1] (out)
                                              1.435196   data arrival time

                      0.150000  200.000000  200.000000   clock clk (rise edge)
                                  0.000000  200.000000   clock network delay (ideal)
                                 -0.250000  199.750000   clock uncertainty
                                  0.000000  199.750000   clock reconvergence pessimism
                                -40.000000  159.749985   output external delay
                                            159.749985   data required time
---------------------------------------------------------------------------------------------
                                            159.749985   data required time
                                             -1.435196   data arrival time
---------------------------------------------------------------------------------------------
                                            158.314789   slack (MET)


Startpoint: rst_n (input port clocked by clk)
Endpoint: _38_ (recovery check against rising-edge clock clk)
Path Group: asynchronous
Path Type: max

Fanout         Cap        Slew       Delay        Time   Description
---------------------------------------------------------------------------------------------
                      0.150000    0.000000    0.000000   clock clk (rise edge)
                                  0.000000    0.000000   clock network delay (ideal)
                                 40.000000   40.000000 ^ input external delay
     3    0.021711    0.357249    0.184716   40.184715 ^ rst_n (in)
                                                         rst_n (net)
                      0.357249    0.000000   40.184715 ^ _38_/RN (gf180mcu_fd_sc_mcu7t5v0__dffrnq_1)
                                             40.184715   data arrival time

                      0.150000  200.000000  200.000000   clock clk (rise edge)
                                  0.000000  200.000000   clock network delay (ideal)
                                 -0.250000  199.750000   clock uncertainty
                                  0.000000  199.750000   clock reconvergence pessimism
                                            199.750000 ^ _38_/CLK (gf180mcu_fd_sc_mcu7t5v0__dffrnq_1)
                                  0.195171  199.945175   library recovery time
                                            199.945175   data required time
---------------------------------------------------------------------------------------------
                                            199.945175   data required time
                                            -40.184715   data arrival time
---------------------------------------------------------------------------------------------
                                            159.760452   slack (MET)


Startpoint: rst_n (input port clocked by clk)
Endpoint: _39_ (recovery check against rising-edge clock clk)
Path Group: asynchronous
Path Type: max

Fanout         Cap        Slew       Delay        Time   Description
---------------------------------------------------------------------------------------------
                      0.150000    0.000000    0.000000   clock clk (rise edge)
                                  0.000000    0.000000   clock network delay (ideal)
                                 40.000000   40.000000 ^ input external delay
     3    0.021711    0.357249    0.184716   40.184715 ^ rst_n (in)
                                                         rst_n (net)
                      0.357249    0.000000   40.184715 ^ _39_/RN (gf180mcu_fd_sc_mcu7t5v0__dffrnq_1)
                                             40.184715   data arrival time

                      0.150000  200.000000  200.000000   clock clk (rise edge)
                                  0.000000  200.000000   clock network delay (ideal)
                                 -0.250000  199.750000   clock uncertainty
                                  0.000000  199.750000   clock reconvergence pessimism
                                            199.750000 ^ _39_/CLK (gf180mcu_fd_sc_mcu7t5v0__dffrnq_1)
                                  0.195171  199.945175   library recovery time
                                            199.945175   data required time
---------------------------------------------------------------------------------------------
                                            199.945175   data required time
                                            -40.184715   data arrival time
---------------------------------------------------------------------------------------------
                                            159.760452   slack (MET)


Startpoint: rst_n (input port clocked by clk)
Endpoint: _40_ (recovery check against rising-edge clock clk)
Path Group: asynchronous
Path Type: max

Fanout         Cap        Slew       Delay        Time   Description
---------------------------------------------------------------------------------------------
                      0.150000    0.000000    0.000000   clock clk (rise edge)
                                  0.000000    0.000000   clock network delay (ideal)
                                 40.000000   40.000000 ^ input external delay
     3    0.021711    0.357249    0.184716   40.184715 ^ rst_n (in)
                                                         rst_n (net)
                      0.357249    0.000000   40.184715 ^ _40_/RN (gf180mcu_fd_sc_mcu7t5v0__dffrnq_1)
                                             40.184715   data arrival time

                      0.150000  200.000000  200.000000   clock clk (rise edge)
                                  0.000000  200.000000   clock network delay (ideal)
                                 -0.250000  199.750000   clock uncertainty
                                  0.000000  199.750000   clock reconvergence pessimism
                                            199.750000 ^ _40_/CLK (gf180mcu_fd_sc_mcu7t5v0__dffrnq_1)
                                  0.195171  199.945175   library recovery time
                                            199.945175   data required time
---------------------------------------------------------------------------------------------
                                            199.945175   data required time
                                            -40.184715   data arrival time
---------------------------------------------------------------------------------------------
                                            159.760452   slack (MET)



%OL_END_REPORT
%OL_CREATE_REPORT checks.rpt

===========================================================================
report_checks -unconstrained
===========================================================================
======================= min_ff_n40C_3v60 Corner ===================================

Startpoint: rst_n (input port clocked by clk)
Endpoint: _38_ (recovery check against rising-edge clock clk)
Path Group: asynchronous
Path Type: max

Fanout         Cap        Slew       Delay        Time   Description
---------------------------------------------------------------------------------------------
                      0.150000    0.000000    0.000000   clock clk (rise edge)
                                  0.000000    0.000000   clock network delay (ideal)
                                 40.000000   40.000000 ^ input external delay
     3    0.021711    0.357249    0.184716   40.184715 ^ rst_n (in)
                                                         rst_n (net)
                      0.357249    0.000000   40.184715 ^ _38_/RN (gf180mcu_fd_sc_mcu7t5v0__dffrnq_1)
                                             40.184715   data arrival time

                      0.150000  200.000000  200.000000   clock clk (rise edge)
                                  0.000000  200.000000   clock network delay (ideal)
                                 -0.250000  199.750000   clock uncertainty
                                  0.000000  199.750000   clock reconvergence pessimism
                                            199.750000 ^ _38_/CLK (gf180mcu_fd_sc_mcu7t5v0__dffrnq_1)
                                  0.195171  199.945175   library recovery time
                                            199.945175   data required time
---------------------------------------------------------------------------------------------
                                            199.945175   data required time
                                            -40.184715   data arrival time
---------------------------------------------------------------------------------------------
                                            159.760452   slack (MET)


Startpoint: _40_ (rising edge-triggered flip-flop clocked by clk)
Endpoint: read_en (output port clocked by clk)
Path Group: clk
Path Type: max

Fanout         Cap        Slew       Delay        Time   Description
---------------------------------------------------------------------------------------------
                      0.150000    0.000000    0.000000   clock clk (rise edge)
                                  0.000000    0.000000   clock network delay (ideal)
                      0.150000    0.000000    0.000000 ^ _40_/CLK (gf180mcu_fd_sc_mcu7t5v0__dffrnq_1)
     6    0.091095    1.370977    1.455754    1.455754 ^ _40_/Q (gf180mcu_fd_sc_mcu7t5v0__dffrnq_1)
                                                         state_o[2] (net)
                      1.370977    0.000000    1.455754 ^ _23_/A2 (gf180mcu_fd_sc_mcu7t5v0__nor2_1)
     3    0.011502    0.449499    0.251754    1.707508 v _23_/ZN (gf180mcu_fd_sc_mcu7t5v0__nor2_1)
                                                         _07_ (net)
                      0.449499    0.000000    1.707508 v _24_/A3 (gf180mcu_fd_sc_mcu7t5v0__nor3_1)
     1    0.072910    2.875087    1.741214    3.448722 ^ _24_/ZN (gf180mcu_fd_sc_mcu7t5v0__nor3_1)
                                                         read_en (net)
                      2.875087    0.000000    3.448722 ^ read_en (out)
                                              3.448722   data arrival time

                      0.150000  200.000000  200.000000   clock clk (rise edge)
                                  0.000000  200.000000   clock network delay (ideal)
                                 -0.250000  199.750000   clock uncertainty
                                  0.000000  199.750000   clock reconvergence pessimism
                                -40.000000  159.749985   output external delay
                                            159.749985   data required time
---------------------------------------------------------------------------------------------
                                            159.749985   data required time
                                             -3.448722   data arrival time
---------------------------------------------------------------------------------------------
                                            156.301270   slack (MET)




===========================================================================
report_checks --slack_max -0.01
============================================================================
======================= min_ff_n40C_3v60 Corner ===================================

No paths found.


===========================================================================
 report_check_types -max_slew -max_cap -max_fanout -violators
============================================================================
======================= min_ff_n40C_3v60 Corner ===================================

max slew

Pin                                        Limit        Slew       Slack
------------------------------------------------------------------------
cal_start                               3.000000    3.056999   -0.056999 (VIOLATED)
_21_/ZN                                 3.000000    3.056999   -0.056999 (VIOLATED)
_34_/A1                                 3.000000    3.056999   -0.056999 (VIOLATED)



===========================================================================
report_parasitic_annotation -report_unannotated
============================================================================
Found 31 unannotated drivers.
 boot_complete
 cal_done
 cal_timeout
 cfg_done
 clk
 phase_offset_imported
 rst_n
 soft_rst
 _18_/ZN
 _19_/ZN
 _20_/ZN
 _21_/ZN
 _22_/Z
 _23_/ZN
 _24_/ZN
 _25_/ZN
 _26_/Z
 _27_/ZN
 _28_/Z
 _29_/ZN
 _30_/ZN
 _31_/ZN
 _32_/ZN
 _33_/ZN
 _34_/ZN
 _35_/ZN
 _36_/ZN
 _37_/ZN
 _38_/Q
 _39_/Q
 _40_/Q
Found 0 partially unannotated drivers.

===========================================================================
max slew violation count 3
%OL_METRIC_I design__max_slew_violation__count__corner:min_ff_n40C_3v60 3
max fanout violation count 0
%OL_METRIC_I design__max_fanout_violation__count__corner:min_ff_n40C_3v60 0
max cap violation count 0
%OL_METRIC_I design__max_cap_violation__count__corner:min_ff_n40C_3v60 0
============================================================================

===========================================================================
check_setup -verbose -unconstrained_endpoints -multiple_clock -no_clock -no_input_delay -loops -generated_clocks
===========================================================================
%OL_END_REPORT
%OL_CREATE_REPORT power.rpt

===========================================================================
 report_power
============================================================================
======================= min_ff_n40C_3v60 Corner ===================================

Group                    Internal    Switching      Leakage        Total
                            Power        Power        Power        Power (Watts)
------------------------------------------------------------------------
Sequential           6.894852e-06 5.794843e-06 6.977535e-10 1.269039e-05  51.7%
Combinational        5.137226e-06 6.698445e-06 1.124408e-09 1.183680e-05  48.3%
Clock                0.000000e+00 0.000000e+00 0.000000e+00 0.000000e+00   0.0%
Macro                0.000000e+00 0.000000e+00 0.000000e+00 0.000000e+00   0.0%
Pad                  0.000000e+00 0.000000e+00 0.000000e+00 0.000000e+00   0.0%
------------------------------------------------------------------------
Total                1.203208e-05 1.249329e-05 1.822162e-09 2.452719e-05 100.0%
                            49.1%        50.9%         0.0%
%OL_METRIC_F power__internal__total 1.2032078302581795e-5
%OL_METRIC_F power__switching__total 1.2493288522819057e-5
%OL_METRIC_F power__leakage__total 1.8221619768610253e-9
%OL_METRIC_F power__total 2.4527189452783205e-5

%OL_END_REPORT
%OL_CREATE_REPORT skew.min.rpt

===========================================================================
Clock Skew (Hold)
============================================================================
%OL_METRIC_F clock__skew__worst_hold__corner:min_ff_n40C_3v60 -0.25
======================= min_ff_n40C_3v60 Corner ===================================

Clock clk
0.023411 source latency _38_/CLK ^
-0.023411 target latency _38_/CLK ^
-0.250000 clock uncertainty
0.000000 CRPR
--------------
-0.250000 hold skew

%OL_END_REPORT
%OL_CREATE_REPORT skew.max.rpt

===========================================================================
Clock Skew (Setup)
============================================================================
%OL_METRIC_F clock__skew__worst_setup__corner:min_ff_n40C_3v60 0.25
======================= min_ff_n40C_3v60 Corner ===================================

Clock clk
0.023411 source latency _38_/CLK ^
-0.023411 target latency _38_/CLK ^
0.250000 clock uncertainty
0.000000 CRPR
--------------
0.250000 setup skew

%OL_END_REPORT
%OL_CREATE_REPORT ws.min.rpt

===========================================================================
Worst Slack (Hold)
============================================================================
%OL_METRIC_F timing__hold__ws__corner:min_ff_n40C_3v60 1.1075506381062525
min_ff_n40C_3v60: 1.1075506381062525
%OL_END_REPORT
%OL_CREATE_REPORT ws.max.rpt

===========================================================================
Worst Slack (Setup)
============================================================================
%OL_METRIC_F timing__setup__ws__corner:min_ff_n40C_3v60 156.30127323710735
min_ff_n40C_3v60: 156.30127323710735
%OL_END_REPORT
%OL_CREATE_REPORT tns.min.rpt

===========================================================================
Total Negative Slack (Hold)
============================================================================
%OL_METRIC_F timing__hold__tns__corner:min_ff_n40C_3v60 0.0
min_ff_n40C_3v60: 0.0
%OL_END_REPORT
%OL_CREATE_REPORT tns.max.rpt

===========================================================================
Total Negative Slack (Setup)
============================================================================
%OL_METRIC_F timing__setup__tns__corner:min_ff_n40C_3v60 0.0
min_ff_n40C_3v60: 0.0
%OL_END_REPORT
%OL_CREATE_REPORT wns.min.rpt

===========================================================================
Worst Negative Slack (Hold)
============================================================================
%OL_METRIC_F timing__hold__wns__corner:min_ff_n40C_3v60 0
min_ff_n40C_3v60: 0
%OL_END_REPORT
%OL_CREATE_REPORT wns.max.rpt

===========================================================================
Worst Negative Slack (Setup)
============================================================================
%OL_METRIC_F timing__setup__wns__corner:min_ff_n40C_3v60 0.0
min_ff_n40C_3v60: 0.0
%OL_END_REPORT
%OL_CREATE_REPORT violator_list.rpt

===========================================================================
Violator List
============================================================================
%OL_METRIC_I timing__hold_vio__count__corner:min_ff_n40C_3v60 0
%OL_METRIC_F timing__hold_r2r__ws__corner:min_ff_n40C_3v60 1.107551
%OL_METRIC_I timing__hold_r2r_vio__count__corner:min_ff_n40C_3v60 0
%OL_METRIC_I timing__setup_vio__count__corner:min_ff_n40C_3v60 0
%OL_METRIC_F timing__setup_r2r__ws__corner:min_ff_n40C_3v60 inf
%OL_METRIC_I timing__setup_r2r_vio__count__corner:min_ff_n40C_3v60 0
%OL_END_REPORT
%OL_CREATE_REPORT unpropagated.rpt
clk
%OL_END_REPORT
%OL_CREATE_REPORT clock.rpt
Clock: clk
Sources: clk 
Generated: no
Virtual: no
Propagated: no
Period: 200.000000

===========================================================================
report_clock_properties
============================================================================
Clock                   Period          Waveform
----------------------------------------------------
clk                 200.000000    0.000000100.000000

===========================================================================
report_clock_latency
============================================================================
Clock clk
rise -> rise
    min     max
0.000000 0.000000 source latency
0.023411         network latency _38_/CLK
        0.023411 network latency _38_/CLK
---------------
0.023411 0.023411 latency
        0.000000 skew

fall -> fall
    min     max
0.000000 0.000000 source latency
0.011248         network latency _38_/CLK
        0.011248 network latency _38_/CLK
---------------
0.011248 0.011248 latency
        0.000000 skew



===========================================================================
report_clock_min_period
============================================================================
clk period_min = 0.00 fmax = inf
%OL_END_REPORT
Writing SDF files for all corners…
