Clock: clk
Sources: clk 
Generated: no
Virtual: yes
Propagated: no
Period: 200.000000

===========================================================================
report_clock_properties
============================================================================
Clock                   Period          Waveform
----------------------------------------------------
clk                 200.000000    0.000000100.000000

===========================================================================
report_clock_latency
============================================================================
Clock clk
rise -> rise
    min     max
0.000000 0.000000 source latency
2.429515         network latency wave_controller_x_inst/_3616_/CLK
        2.569900 network latency spi_regs_inst/_1569_/CLK
---------------
2.429515 2.569900 latency
        0.140384 skew

fall -> fall
    min     max
0.000000 0.000000 source latency
2.337068         network latency wave_controller_x_inst/_3616_/CLK
        2.497181 network latency spi_regs_inst/_1569_/CLK
---------------
2.337068 2.497181 latency
        0.160114 skew



===========================================================================
report_clock_min_period
============================================================================
clk period_min = 39.50 fmax = 25.32
