Clock: clk_PAD
Sources: clk_pad/Y 
Generated: no
Virtual: yes
Propagated: no
Period: 40.000000

===========================================================================
report_clock_properties
============================================================================
Clock                   Period          Waveform
----------------------------------------------------
clk_PAD              40.000000    0.000000 20.000000

===========================================================================
report_clock_latency
============================================================================
Clock clk_PAD
rise -> rise
    min     max
0.000000 0.000000 source latency
2.715995         network latency _10080_/CLK
        3.177225 network latency _09616_/CLK
---------------
2.715995 3.177225 latency
        0.461230 skew

fall -> fall
    min     max
0.000000 0.000000 source latency
2.934456         network latency _10080_/CLK
        3.498032 network latency _09616_/CLK
---------------
2.934456 3.498032 latency
        0.563576 skew



===========================================================================
report_clock_min_period
============================================================================
clk_PAD period_min = 40.18 fmax = 24.89
