[WARNING ORD-0039] .openroad ignored with -python
Unannotated report:
['report_parasitic_annotation -report_unannotated\n',
 '============================================================================\n',
 'Found 54 unannotated drivers.\n',
 ' bidir_in[3]\n',
 ' bidir_in[4]\n',
 ' bidir_in[5]\n',
 ' bidir_in[6]\n',
 ' bidir_in[7]\n',
 ' bidir_in[8]\n',
 ' bidir_in[9]\n',
 ' _83_/Z\n',
 ' _84_/Z\n',
 ' _85_/Z\n',
 ' _86_/Z\n',
 ' clkload0/Z\n',
 ' clkload1/Z\n',
 ' clkload10/ZN\n',
 ' clkload11/ZN\n',
 ' clkload12/ZN\n',
 ' clkload13/Z\n',
 ' clkload14/Z\n',
 ' clkload15/Z\n',
 ' clkload16/Z\n',
 ' clkload17/Z\n',
 ' clkload18/ZN\n',
 ' clkload19/Z\n',
 ' clkload2/Z\n',
 ' clkload20/ZN\n',
 ' clkload21/ZN\n',
 ' clkload22/ZN\n',
 ' clkload23/Z\n',
 ' clkload24/Z\n',
 ' clkload25/ZN\n',
 ' clkload26/ZN\n',
 ' clkload27/Z\n',
 ' clkload28/ZN\n',
 ' clkload29/ZN\n',
 ' clkload3/Z\n',
 ' clkload30/ZN\n',
 ' clkload31/Z\n',
 ' clkload32/Z\n',
 ' clkload33/Z\n',
 ' clkload34/Z\n',
 ' clkload35/ZN\n',
 ' clkload36/Z\n',
 ' clkload37/ZN\n',
 ' clkload38/ZN\n',
 ' clkload39/ZN\n',
 ' clkload4/Z\n',
 ' clkload40/ZN\n',
 ' clkload5/Z\n',
 ' clkload6/Z\n',
 ' clkload7/ZN\n',
 ' clkload8/ZN\n',
 ' clkload9/ZN\n',
 ' wave_controller_x_inst\\/_3681_/Q\n',
 ' wave_controller_y_inst\\/_3681_/Q\n',
 'Found 0 partially unannotated drivers.\n',
 '\n']
Reported nets:
['bidir_in[3]',
 'bidir_in[4]',
 'bidir_in[5]',
 'bidir_in[6]',
 'bidir_in[7]',
 'bidir_in[8]',
 'bidir_in[9]',
 '_83_/Z',
 '_84_/Z',
 '_85_/Z',
 '_86_/Z',
 'clkload0/Z',
 'clkload1/Z',
 'clkload10/ZN',
 'clkload11/ZN',
 'clkload12/ZN',
 'clkload13/Z',
 'clkload14/Z',
 'clkload15/Z',
 'clkload16/Z',
 'clkload17/Z',
 'clkload18/ZN',
 'clkload19/Z',
 'clkload2/Z',
 'clkload20/ZN',
 'clkload21/ZN',
 'clkload22/ZN',
 'clkload23/Z',
 'clkload24/Z',
 'clkload25/ZN',
 'clkload26/ZN',
 'clkload27/Z',
 'clkload28/ZN',
 'clkload29/ZN',
 'clkload3/Z',
 'clkload30/ZN',
 'clkload31/Z',
 'clkload32/Z',
 'clkload33/Z',
 'clkload34/Z',
 'clkload35/ZN',
 'clkload36/Z',
 'clkload37/ZN',
 'clkload38/ZN',
 'clkload39/ZN',
 'clkload4/Z',
 'clkload40/ZN',
 'clkload5/Z',
 'clkload6/Z',
 'clkload7/ZN',
 'clkload8/ZN',
 'clkload9/ZN',
 'wave_controller_x_inst\\/_3681_/Q',
 'wave_controller_y_inst\\/_3681_/Q']
Filtered nets:
[]
done
