Reading timing models for corner nom_tt_025C_5v00…
Reading timing library for the 'nom_tt_025C_5v00' corner at '/workspace/gf180mcu/gf180mcuD/libs.ref/gf180mcu_fd_sc_mcu7t5v0/lib/gf180mcu_fd_sc_mcu7t5v0__tt_025C_5v00.lib'…
Reading timing library for the 'nom_tt_025C_5v00' corner at '/workspace/gf180mcu/gf180mcuD/libs.ref/gf180mcu_fd_io/lib/gf180mcu_fd_io__tt_025C_5v00.lib'…
Reading timing library for the 'nom_tt_025C_5v00' corner at '/workspace/gf180mcu/gf180mcuD/libs.ref/gf180mcu_fd_io/lib/gf180mcu_ws_io__tt_025C_5v00.lib'…
Reading OpenROAD database at '/workspace/librelane/runs/RUN_2026-08-09_19-31-35/39-openroad-globalrouting/chip_core.odb'…
[WARNING ORD-2001] LEF macro gf180mcu_ef_io__bi_t pin ANA missing from liberty cell.
Reading design constraints file at '/usr/local/lib/python3.12/dist-packages/librelane/scripts/base.sdc'…
[INFO] Using clock clk…
[INFO] Setting output delay to: 40
[INFO] Setting input delay to: 40
[INFO] Setting load to: 0.07291
[INFO] Setting clock uncertainty to: 0.25
[INFO] Setting clock transition to: 0.15
[INFO] Setting timing derate to: 5%
+ repair_antennas gf180mcu_fd_sc_mcu7t5v0__antenna -iterations 3 -ratio_margin 10 -allow_congestion
[INFO GRT-0012] Found 4 antenna violations.
[INFO GRT-0302] Inserted 6 jumpers for 4 nets.
[INFO GRT-0012] Found 0 antenna violations.
Setting global connections for newly added cells…
[INFO] Setting global connections...
[INFO ODB-0403] 0 connections made, 0 conflicts skipped.
Updating metrics…
Cell type report:                       Count       Area
  Endcap cell                             336    1475.17
  Tap cell                               2339   10269.15
  Tie cell                                 61     535.63
  Buffer                                   16     210.74
  Clock buffer                             74    4355.28
  Timing Repair Buffer                    632   16775.72
  Inverter                                446    3916.24
  Clock inverter                           27     434.65
  Sequential cell                         561   41851.49
  Multi-Input combinational cell         4202   83970.79
  Total                                  8694  163794.85
Writing OpenROAD database to '/workspace/librelane/runs/RUN_2026-08-09_19-31-35/42-openroad-repairantennas/1-openroad-diodeinsertion/chip_core.odb'…
Writing layout to '/workspace/librelane/runs/RUN_2026-08-09_19-31-35/42-openroad-repairantennas/1-openroad-diodeinsertion/chip_core.def'…
