
===========================================================================
report_checks -unconstrained
===========================================================================
======================= nom_tt_025C_3v30 Corner ===================================

Startpoint: rst_n (input port clocked by clk)
Endpoint: spi_regs_inst/_1599_ (recovery check against rising-edge clock clk)
Path Group: asynchronous
Path Type: max

Fanout         Cap        Slew       Delay        Time   Description
---------------------------------------------------------------------------------------------
                                  0.000000    0.000000   clock clk (rise edge)
                                  0.000000    0.000000   clock network delay (propagated)
                                 40.000000   40.000000 ^ input external delay
     1    0.006301    0.216192    0.087326   40.087326 ^ rst_n (in)
                                                         rst_n (net)
                      0.216192    0.000000   40.087326 ^ input5/I (gf180mcu_fd_sc_mcu7t5v0__buf_1)
     2    0.014971    0.421224    0.448050   40.535378 ^ input5/Z (gf180mcu_fd_sc_mcu7t5v0__buf_1)
                                                         net5 (net)
                      0.421224    0.000298   40.535675 ^ fanout1556/I (gf180mcu_fd_sc_mcu7t5v0__dlyb_1)
     5    0.098545    2.341595    2.635297   43.170971 ^ fanout1556/Z (gf180mcu_fd_sc_mcu7t5v0__dlyb_1)
                                                         net1556 (net)
                      2.341595    0.001705   43.172676 ^ fanout1552/I (gf180mcu_fd_sc_mcu7t5v0__dlyb_1)
     3    0.029035    0.753910    1.699725   44.872402 ^ fanout1552/Z (gf180mcu_fd_sc_mcu7t5v0__dlyb_1)
                                                         net1552 (net)
                      0.753910    0.000551   44.872952 ^ load_slew1553/I (gf180mcu_fd_sc_mcu7t5v0__clkbuf_2)
     2    0.027742    0.382953    0.584230   45.457184 ^ load_slew1553/Z (gf180mcu_fd_sc_mcu7t5v0__clkbuf_2)
                                                         net1553 (net)
                      0.382953    0.000515   45.457699 ^ fanout1526/I (gf180mcu_fd_sc_mcu7t5v0__dlyb_1)
     2    0.014456    0.438179    1.498108   46.955807 ^ fanout1526/Z (gf180mcu_fd_sc_mcu7t5v0__dlyb_1)
                                                         net1526 (net)
                      0.438179    0.000306   46.956112 ^ wire1530/I (gf180mcu_fd_sc_mcu7t5v0__clkbuf_2)
     4    0.030213    0.406250    0.546521   47.502632 ^ wire1530/Z (gf180mcu_fd_sc_mcu7t5v0__clkbuf_2)
                                                         net1530 (net)
                      0.406250    0.000554   47.503185 ^ fanout1522/I (gf180mcu_fd_sc_mcu7t5v0__dlyb_1)
     2    0.009192    0.326331    1.424024   48.927212 ^ fanout1522/Z (gf180mcu_fd_sc_mcu7t5v0__dlyb_1)
                                                         net1522 (net)
                      0.326331    0.000199   48.927410 ^ spi_regs_inst/fanout1518/I (gf180mcu_fd_sc_mcu7t5v0__dlyb_1)
     3    0.024427    0.653734    1.629580   50.556988 ^ spi_regs_inst/fanout1518/Z (gf180mcu_fd_sc_mcu7t5v0__dlyb_1)
                                                         spi_regs_inst/net1518 (net)
                      0.653734    0.000458   50.557449 ^ spi_regs_inst/wire1521/I (gf180mcu_fd_sc_mcu7t5v0__buf_1)
     4    0.031158    0.790811    0.723581   51.281029 ^ spi_regs_inst/wire1521/Z (gf180mcu_fd_sc_mcu7t5v0__buf_1)
                                                         spi_regs_inst/net1521 (net)
                      0.790811    0.000572   51.281601 ^ spi_regs_inst/load_slew1519/I (gf180mcu_fd_sc_mcu7t5v0__buf_1)
     3    0.022797    0.601451    0.618613   51.900215 ^ spi_regs_inst/load_slew1519/Z (gf180mcu_fd_sc_mcu7t5v0__buf_1)
                                                         spi_regs_inst/net1519 (net)
                      0.601451    0.000430   51.900642 ^ spi_regs_inst/fanout1514/I (gf180mcu_fd_sc_mcu7t5v0__dlyb_1)
     3    0.022507    0.612212    1.628457   53.529102 ^ spi_regs_inst/fanout1514/Z (gf180mcu_fd_sc_mcu7t5v0__dlyb_1)
                                                         spi_regs_inst/net1514 (net)
                      0.612212    0.000441   53.529541 ^ spi_regs_inst/wire1517/I (gf180mcu_fd_sc_mcu7t5v0__clkbuf_2)
     4    0.032145    0.429613    0.592497   54.122040 ^ spi_regs_inst/wire1517/Z (gf180mcu_fd_sc_mcu7t5v0__clkbuf_2)
                                                         spi_regs_inst/net1517 (net)
                      0.429613    0.000590   54.122627 ^ spi_regs_inst/load_slew1516/I (gf180mcu_fd_sc_mcu7t5v0__buf_1)
     3    0.024192    0.631929    0.604384   54.727013 ^ spi_regs_inst/load_slew1516/Z (gf180mcu_fd_sc_mcu7t5v0__buf_1)
                                                         spi_regs_inst/net1516 (net)
                      0.631929    0.000469   54.727482 ^ spi_regs_inst/load_slew1515/I (gf180mcu_fd_sc_mcu7t5v0__clkbuf_2)
     3    0.025722    0.358879    0.553058   55.280540 ^ spi_regs_inst/load_slew1515/Z (gf180mcu_fd_sc_mcu7t5v0__clkbuf_2)
                                                         spi_regs_inst/net1515 (net)
                      0.358879    0.000558   55.281097 ^ spi_regs_inst/_1599_/RN (gf180mcu_fd_sc_mcu7t5v0__dffrnq_2)
                                             55.281097   data arrival time

                                200.000000  200.000000   clock clk (rise edge)
                                  0.000000  200.000000   clock source latency
     2    0.116928    0.721831    0.399595  200.399582 ^ clk (in)
                                                         clk (net)
                      0.721831    0.000000  200.399582 ^ clkbuf_regs_0_clk/I (gf180mcu_fd_sc_mcu7t5v0__clkbuf_16)
     1    0.023884    0.137963    0.423725  200.823318 ^ clkbuf_regs_0_clk/Z (gf180mcu_fd_sc_mcu7t5v0__clkbuf_16)
                                                         clk_regs (net)
                      0.137964    0.000767  200.824081 ^ clkbuf_0_clk_regs/I (gf180mcu_fd_sc_mcu7t5v0__clkbuf_16)
     8    0.338964    0.551649    0.587420  201.411499 ^ clkbuf_0_clk_regs/Z (gf180mcu_fd_sc_mcu7t5v0__clkbuf_16)
                                                         clknet_0_clk_regs (net)
                      0.551869    0.006082  201.417587 ^ clkbuf_3_7__f_clk_regs/I (gf180mcu_fd_sc_mcu7t5v0__clkbuf_16)
     8    0.147444    0.287890    0.511847  201.929428 ^ clkbuf_3_7__f_clk_regs/Z (gf180mcu_fd_sc_mcu7t5v0__clkbuf_16)
                                                         clknet_3_7__leaf_clk_regs (net)
                      0.287935    0.002657  201.932083 ^ clkbuf_leaf_23_clk_regs/I (gf180mcu_fd_sc_mcu7t5v0__clkbuf_8)
    12    0.062663    0.252505    0.429807  202.361893 ^ clkbuf_leaf_23_clk_regs/Z (gf180mcu_fd_sc_mcu7t5v0__clkbuf_8)
                                                         clknet_leaf_23_clk_regs (net)
                      0.252534    0.001123  202.363022 ^ spi_regs_inst/_1599_/CLK (gf180mcu_fd_sc_mcu7t5v0__dffrnq_2)
                                 -0.250000  202.113022   clock uncertainty
                                  0.000000  202.113022   clock reconvergence pessimism
                                  0.366100  202.479126   library recovery time
                                            202.479126   data required time
---------------------------------------------------------------------------------------------
                                            202.479126   data required time
                                            -55.281097   data arrival time
---------------------------------------------------------------------------------------------
                                            147.198029   slack (MET)


Startpoint: rst_n (input port clocked by clk)
Endpoint: _21_ (rising edge-triggered flip-flop clocked by clk)
Path Group: clk
Path Type: max

Fanout         Cap        Slew       Delay        Time   Description
---------------------------------------------------------------------------------------------
                                  0.000000    0.000000   clock clk (rise edge)
                                  0.000000    0.000000   clock network delay (propagated)
                                 40.000000   40.000000 v input external delay
     1    0.006301    0.112237    0.047251   40.047253 v rst_n (in)
                                                         rst_n (net)
                      0.112237    0.000000   40.047253 v input5/I (gf180mcu_fd_sc_mcu7t5v0__buf_1)
     2    0.014971    0.266490    0.440448   40.487701 v input5/Z (gf180mcu_fd_sc_mcu7t5v0__buf_1)
                                                         net5 (net)
                      0.266490    0.000298   40.487999 v fanout1556/I (gf180mcu_fd_sc_mcu7t5v0__dlyb_1)
     5    0.098545    1.334739    2.404026   42.892025 v fanout1556/Z (gf180mcu_fd_sc_mcu7t5v0__dlyb_1)
                                                         net1556 (net)
                      1.334745    0.001705   42.893730 v fanout1552/I (gf180mcu_fd_sc_mcu7t5v0__dlyb_1)
     3    0.029035    0.582838    2.184773   45.078503 v fanout1552/Z (gf180mcu_fd_sc_mcu7t5v0__dlyb_1)
                                                         net1552 (net)
                      0.582838    0.000536   45.079041 v fanout1548/I (gf180mcu_fd_sc_mcu7t5v0__dlyb_1)
     2    0.014702    0.413728    1.762608   46.841648 v fanout1548/Z (gf180mcu_fd_sc_mcu7t5v0__dlyb_1)
                                                         net1548 (net)
                      0.413728    0.000295   46.841942 v fanout1544/I (gf180mcu_fd_sc_mcu7t5v0__dlyb_1)
     2    0.012507    0.388712    1.675321   48.517262 v fanout1544/Z (gf180mcu_fd_sc_mcu7t5v0__dlyb_1)
                                                         net1544 (net)
                      0.388712    0.000256   48.517517 v _16_/A1 (gf180mcu_fd_sc_mcu7t5v0__and2_1)
     1    0.003245    0.144552    0.416836   48.934357 v _16_/Z (gf180mcu_fd_sc_mcu7t5v0__and2_1)
                                                         _01_ (net)
                      0.144552    0.000096   48.934452 v _21_/D (gf180mcu_fd_sc_mcu7t5v0__dffq_1)
                                             48.934452   data arrival time

                                200.000000  200.000000   clock clk (rise edge)
                                  0.000000  200.000000   clock source latency
     2    0.116928    0.721831    0.399595  200.399582 ^ clk (in)
                                                         clk (net)
                      0.721831    0.000000  200.399582 ^ clkbuf_regs_0_clk/I (gf180mcu_fd_sc_mcu7t5v0__clkbuf_16)
     1    0.023884    0.137963    0.423725  200.823318 ^ clkbuf_regs_0_clk/Z (gf180mcu_fd_sc_mcu7t5v0__clkbuf_16)
                                                         clk_regs (net)
                      0.137964    0.000767  200.824081 ^ clkbuf_0_clk_regs/I (gf180mcu_fd_sc_mcu7t5v0__clkbuf_16)
     8    0.338964    0.551649    0.587420  201.411499 ^ clkbuf_0_clk_regs/Z (gf180mcu_fd_sc_mcu7t5v0__clkbuf_16)
                                                         clknet_0_clk_regs (net)
                      0.551869    0.006082  201.417587 ^ clkbuf_3_7__f_clk_regs/I (gf180mcu_fd_sc_mcu7t5v0__clkbuf_16)
     8    0.147444    0.287890    0.511847  201.929428 ^ clkbuf_3_7__f_clk_regs/Z (gf180mcu_fd_sc_mcu7t5v0__clkbuf_16)
                                                         clknet_3_7__leaf_clk_regs (net)
                      0.287935    0.002657  201.932083 ^ clkbuf_leaf_28_clk_regs/I (gf180mcu_fd_sc_mcu7t5v0__clkbuf_8)
    10    0.078301    0.291653    0.458044  202.390137 ^ clkbuf_leaf_28_clk_regs/Z (gf180mcu_fd_sc_mcu7t5v0__clkbuf_8)
                                                         clknet_leaf_28_clk_regs (net)
                      0.291656    0.001378  202.391510 ^ _21_/CLK (gf180mcu_fd_sc_mcu7t5v0__dffq_1)
                                 -0.250000  202.141510   clock uncertainty
                                  0.000000  202.141510   clock reconvergence pessimism
                                 -0.345572  201.795929   library setup time
                                            201.795929   data required time
---------------------------------------------------------------------------------------------
                                            201.795929   data required time
                                            -48.934452   data arrival time
---------------------------------------------------------------------------------------------
                                            152.861481   slack (MET)




===========================================================================
report_checks --slack_max -0.01
============================================================================
======================= nom_tt_025C_3v30 Corner ===================================

No paths found.


===========================================================================
 report_check_types -max_slew -max_cap -max_fanout -violators
============================================================================
======================= nom_tt_025C_3v30 Corner ===================================

max slew

Pin                                        Limit        Slew       Slack
------------------------------------------------------------------------
fanout1305/I                            3.000000    3.008358   -0.008358 (VIOLATED)
fanout1321/I                            3.000000    3.008358   -0.008358 (VIOLATED)
fanout1340/I                            3.000000    3.008358   -0.008358 (VIOLATED)
fanout1356/I                            3.000000    3.008358   -0.008358 (VIOLATED)
fanout1412/I                            3.000000    3.008358   -0.008358 (VIOLATED)
fanout1415/Z                            3.000000    3.008358   -0.008358 (VIOLATED)
wave_controller_x_inst/fanout1372/I     3.000000    3.008358   -0.008358 (VIOLATED)

max fanout

Pin                                   Limit Fanout  Slack
---------------------------------------------------------
clkbuf_leaf_0_clk_regs/Z                 10     12     -2 (VIOLATED)
clkbuf_leaf_13_clk_regs/Z                10     12     -2 (VIOLATED)
clkbuf_leaf_15_clk_regs/Z                10     12     -2 (VIOLATED)
clkbuf_leaf_17_clk_regs/Z                10     12     -2 (VIOLATED)
clkbuf_leaf_23_clk_regs/Z                10     12     -2 (VIOLATED)
clkbuf_leaf_24_clk_regs/Z                10     12     -2 (VIOLATED)
clkbuf_leaf_45_clk_regs/Z                10     12     -2 (VIOLATED)
clkbuf_leaf_53_clk_regs/Z                10     12     -2 (VIOLATED)
clkbuf_leaf_54_clk_regs/Z                10     12     -2 (VIOLATED)
clkbuf_leaf_46_clk_regs/Z                10     11        (VIOLATED)
clkbuf_leaf_50_clk_regs/Z                10     11        (VIOLATED)
clkbuf_leaf_58_clk_regs/Z                10     11        (VIOLATED)

max capacitance

Pin                                        Limit         Cap       Slack
------------------------------------------------------------------------
clkbuf_0_clk_regs/Z                     0.200000    0.338964   -0.138964 (VIOLATED)



===========================================================================
report_parasitic_annotation -report_unannotated
============================================================================
Found 56 unannotated drivers.
 bidir_in[3]
 bidir_in[4]
 bidir_in[5]
 bidir_in[6]
 bidir_in[7]
 bidir_in[8]
 bidir_in[9]
 _83_/Z
 _84_/Z
 _85_/Z
 _86_/Z
 clkload0/Z
 clkload1/Z
 clkload10/ZN
 clkload11/ZN
 clkload12/Z
 clkload13/ZN
 clkload14/ZN
 clkload15/ZN
 clkload16/Z
 clkload17/ZN
 clkload18/Z
 clkload19/Z
 clkload2/Z
 clkload20/ZN
 clkload21/Z
 clkload22/Z
 clkload23/ZN
 clkload24/Z
 clkload25/ZN
 clkload26/ZN
 clkload27/ZN
 clkload28/ZN
 clkload29/ZN
 clkload3/Z
 clkload30/Z
 clkload31/ZN
 clkload32/Z
 clkload33/Z
 clkload34/ZN
 clkload35/Z
 clkload36/Z
 clkload37/Z
 clkload38/Z
 clkload39/ZN
 clkload4/ZN
 clkload40/ZN
 clkload41/ZN
 clkload42/Z
 clkload5/Z
 clkload6/Z
 clkload7/Z
 clkload8/ZN
 clkload9/ZN
 wave_controller_x_inst/_3681_/Q
 wave_controller_y_inst/_3681_/Q
Found 84 partially unannotated drivers.
 analog[0]
 analog[1]
 analog[2]
 analog[3]
 analog_block_inst/analog_error_x_output
 analog_block_inst/analog_error_y_output
 analog_block_inst/analog_readout_output
 chip_core/ZN
 chip_core_1562/ZN
 chip_core_1563/ZN
 chip_core_1564/ZN
 chip_core_1565/ZN
 chip_core_1566/ZN
 chip_core_1567/ZN
 chip_core_1568/ZN
 chip_core_1569/ZN
 chip_core_1570/ZN
 chip_core_1571/ZN
 chip_core_1572/ZN
 chip_core_1573/ZN
 chip_core_1574/ZN
 chip_core_1575/ZN
 chip_core_1576/ZN
 chip_core_1577/ZN
 chip_core_1578/ZN
 chip_core_1579/ZN
 chip_core_1580/ZN
 chip_core_1581/ZN
 chip_core_1582/ZN
 chip_core_1583/ZN
 chip_core_1584/ZN
 chip_core_1585/ZN
 chip_core_1586/ZN
 chip_core_1587/ZN
 chip_core_1588/ZN
 chip_core_1589/ZN
 chip_core_1590/ZN
 chip_core_1591/ZN
 chip_core_1592/ZN
 chip_core_1593/ZN
 chip_core_1594/ZN
 chip_core_1595/ZN
 chip_core_1596/ZN
 chip_core_1597/ZN
 chip_core_1598/ZN
 chip_core_1599/ZN
 chip_core_1600/ZN
 chip_core_1601/ZN
 chip_core_1602/ZN
 chip_core_1603/ZN
 chip_core_1604/ZN
 chip_core_1605/ZN
 chip_core_1606/ZN
 chip_core_1607/ZN
 chip_core_1608/Z
 chip_core_1609/Z
 chip_core_1610/Z
 chip_core_1611/Z
 chip_core_1612/Z
 chip_core_1613/Z
 chip_core_1614/Z
 chip_core_1615/Z
 chip_core_1616/Z
 chip_core_1617/Z
 chip_core_1618/Z
 chip_core_1619/Z
 chip_core_1620/Z
 chip_core_1621/Z
 clkbuf_1_0__f_clk/Z
 load_slew1561/Z
 output10/Z
 output11/Z
 output12/Z
 output13/Z
 output14/Z
 output15/Z
 output16/Z
 output6/Z
 output7/Z
 output8/Z
 output9/Z
 state_machine_inst/_24_/ZN
 wave_controller_x_inst/_3680_/Q
 wave_controller_y_inst/_3680_/Q

===========================================================================
max slew violation count 7
Writing metric design__max_slew_violation__count__corner:nom_tt_025C_3v30: 7
max fanout violation count 12
Writing metric design__max_fanout_violation__count__corner:nom_tt_025C_3v30: 12
max cap violation count 1
Writing metric design__max_cap_violation__count__corner:nom_tt_025C_3v30: 1
============================================================================

===========================================================================
check_setup -verbose -unconstrained_endpoints -multiple_clock -no_clock -no_input_delay -loops -generated_clocks
===========================================================================
Warning: There are 4 unconstrained endpoints.
  analog[0]
  analog[1]
  analog[2]
  analog[3]
