Reading timing models for corner max_ss_125C_3v00…
Reading timing library for the 'max_ss_125C_3v00' corner at '/foss/pdks/gf180mcuD/libs.ref/gf180mcu_fd_sc_mcu7t5v0/lib/gf180mcu_fd_sc_mcu7t5v0__ss_125C_3v00.lib'…
Reading timing models for corner min_ff_n40C_3v60…
Reading timing library for the 'min_ff_n40C_3v60' corner at '/foss/pdks/gf180mcuD/libs.ref/gf180mcu_fd_sc_mcu7t5v0/lib/gf180mcu_fd_sc_mcu7t5v0__ff_n40C_3v60.lib'…
Reading timing models for corner nom_tt_025C_3v30…
Reading timing library for the 'nom_tt_025C_3v30' corner at '/foss/pdks/gf180mcuD/libs.ref/gf180mcu_fd_sc_mcu7t5v0/lib/gf180mcu_fd_sc_mcu7t5v0__tt_025C_3v30.lib'…
Reading OpenROAD database at '/workspace/librelane/runs/RUN_2026-09-02_07-28-27/29-openroad-globalplacement/B18_Probton.odb'…
Reading design constraints file at '/usr/local/lib/python3.12/dist-packages/librelane/scripts/base.sdc'…
[INFO] Using clock clk…
[INFO] Setting output delay to: 40
[INFO] Setting input delay to: 40
[INFO] Setting load to: 0.07291
[INFO] Setting clock uncertainty to: 0.25
[INFO] Setting clock transition to: 0.15
[INFO] Setting timing derate to: 5%
[INFO RSZ-0027] Inserted 6 gf180mcu_fd_sc_mcu7t5v0__buf_1 input buffers.
[INFO RSZ-0028] Inserted 11 gf180mcu_fd_sc_mcu7t5v0__buf_1 output buffers.
+ repair_design -verbose -max_wire_length 0 -slew_margin 10 -cap_margin 10
Iteration |   Area    | Resized | Buffers | Nets repaired | Remaining
---------------------------------------------------------------------
        0 |     +0.0% |       0 |       0 |             0 |      6790
     1000 |     +3.1% |      63 |     138 |            46 |      5790
     2000 |     +6.0% |     186 |     189 |           114 |      4790
     3000 |    +10.8% |     373 |     326 |           234 |      3790
     4000 |    +14.0% |     484 |     400 |           306 |      2790
     5000 |    +22.2% |     672 |     703 |           444 |      1790
     6000 |    +31.3% |     811 |    1243 |           561 |       790
    final |    +55.0% |    1029 |    2797 |           833 |         0
---------------------------------------------------------------------
[INFO RSZ-0034] Found 1228 slew violations.
[INFO RSZ-0035] Found 283 fanout violations.
[INFO RSZ-0039] Resized 1029 instances.
[INFO RSZ-0038] Inserted 2797 buffers in 833 nets.
[INFO RSZ-0042] Inserted 71 tie gf180mcu_fd_sc_mcu7t5v0__tiel instances.
[INFO RSZ-0042] Inserted 22 tie gf180mcu_fd_sc_mcu7t5v0__tieh instances.
[WARNING RSZ-0020] found 2 floating nets.
 VDD
 VSS
+ detailed_placement -max_displacement  800 500 
Placement Analysis
---------------------------------
total displacement      79570.7 u
average displacement        4.9 u
max displacement          111.7 u
original HPWL          490010.5 u
legalized HPWL         564811.3 u
delta HPWL                   15 %

[INFO DPL-0020] Mirrored 4256 instances
[INFO DPL-0021] HPWL before          564811.3 u
[INFO DPL-0022] HPWL after           553087.3 u
[INFO DPL-0023] HPWL delta               -2.1 %
Setting global connections for newly added cells…
[INFO] Setting global connections...
[INFO ODB-0403] 11628 connections made, 0 conflicts skipped.
Updating metrics…
Cell type report:                       Count       Area
  Endcap cell                             502    2203.98
  Tap cell                               6327   27778.06
  Tie cell                                 93     816.61
  Timing Repair Buffer                   2814   62427.10
  Inverter                                427    4030.39
  Sequential cell                         566   43192.76
  Multi-Input combinational cell         5670  127962.60
  Total                                 16399  268411.49
Writing OpenROAD database to '/workspace/librelane/runs/RUN_2026-09-02_07-28-27/33-openroad-repairdesignpostgpl/B18_Probton.odb'…
Writing netlist to '/workspace/librelane/runs/RUN_2026-09-02_07-28-27/33-openroad-repairdesignpostgpl/B18_Probton.nl.v'…
Writing powered netlist to '/workspace/librelane/runs/RUN_2026-09-02_07-28-27/33-openroad-repairdesignpostgpl/B18_Probton.pnl.v'…
Writing layout to '/workspace/librelane/runs/RUN_2026-09-02_07-28-27/33-openroad-repairdesignpostgpl/B18_Probton.def'…
Writing timing constraints to '/workspace/librelane/runs/RUN_2026-09-02_07-28-27/33-openroad-repairdesignpostgpl/B18_Probton.sdc'…
