[WARNING ORD-0039] .openroad ignored with -python
                                Cells by Master                                 
┏━━━━━━━━━━━━━━━━━━━━━━━━━━━━━━━━━━━━━━━━━━━━━━━━━━━━━━━━━━━━━━━━━┳━━━━━━━━━━━━┓
┃ Cell                                                            ┃ Count      ┃
┡━━━━━━━━━━━━━━━━━━━━━━━━━━━━━━━━━━━━━━━━━━━━━━━━━━━━━━━━━━━━━━━━━╇━━━━━━━━━━━━┩
│ gf180mcu_fd_sc_mcu7t5v0__and2_1                                 │ 125        │
│ gf180mcu_fd_sc_mcu7t5v0__and2_2                                 │ 3          │
│ gf180mcu_fd_sc_mcu7t5v0__and3_1                                 │ 87         │
│ gf180mcu_fd_sc_mcu7t5v0__and3_2                                 │ 1          │
│ gf180mcu_fd_sc_mcu7t5v0__and4_1                                 │ 68         │
│ gf180mcu_fd_sc_mcu7t5v0__and4_2                                 │ 5          │
│ gf180mcu_fd_sc_mcu7t5v0__antenna                                │ 10         │
│ gf180mcu_fd_sc_mcu7t5v0__aoi211_1                               │ 91         │
│ gf180mcu_fd_sc_mcu7t5v0__aoi211_2                               │ 43         │
│ gf180mcu_fd_sc_mcu7t5v0__aoi211_4                               │ 25         │
│ gf180mcu_fd_sc_mcu7t5v0__aoi21_1                                │ 427        │
│ gf180mcu_fd_sc_mcu7t5v0__aoi21_2                                │ 78         │
│ gf180mcu_fd_sc_mcu7t5v0__aoi21_4                                │ 6          │
│ gf180mcu_fd_sc_mcu7t5v0__aoi221_1                               │ 47         │
│ gf180mcu_fd_sc_mcu7t5v0__aoi221_2                               │ 10         │
│ gf180mcu_fd_sc_mcu7t5v0__aoi221_4                               │ 23         │
│ gf180mcu_fd_sc_mcu7t5v0__aoi222_1                               │ 26         │
│ gf180mcu_fd_sc_mcu7t5v0__aoi222_2                               │ 13         │
│ gf180mcu_fd_sc_mcu7t5v0__aoi222_4                               │ 11         │
│ gf180mcu_fd_sc_mcu7t5v0__aoi22_1                                │ 206        │
│ gf180mcu_fd_sc_mcu7t5v0__aoi22_2                                │ 26         │
│ gf180mcu_fd_sc_mcu7t5v0__aoi22_4                                │ 5          │
│ gf180mcu_fd_sc_mcu7t5v0__buf_1                                  │ 17         │
│ gf180mcu_fd_sc_mcu7t5v0__buf_2                                  │ 801        │
│ gf180mcu_fd_sc_mcu7t5v0__buf_3                                  │ 6          │
│ gf180mcu_fd_sc_mcu7t5v0__buf_4                                  │ 41         │
│ gf180mcu_fd_sc_mcu7t5v0__buf_8                                  │ 1          │
│ gf180mcu_fd_sc_mcu7t5v0__clkbuf_1                               │ 196        │
│ gf180mcu_fd_sc_mcu7t5v0__clkbuf_16                              │ 9          │
│ gf180mcu_fd_sc_mcu7t5v0__clkbuf_2                               │ 707        │
│ gf180mcu_fd_sc_mcu7t5v0__clkbuf_4                               │ 77         │
│ gf180mcu_fd_sc_mcu7t5v0__clkbuf_8                               │ 78         │
│ gf180mcu_fd_sc_mcu7t5v0__clkinv_1                               │ 322        │
│ gf180mcu_fd_sc_mcu7t5v0__clkinv_2                               │ 6          │
│ gf180mcu_fd_sc_mcu7t5v0__clkinv_8                               │ 1          │
│ gf180mcu_fd_sc_mcu7t5v0__dffrnq_1                               │ 333        │
│ gf180mcu_fd_sc_mcu7t5v0__dffrnq_2                               │ 197        │
│ gf180mcu_fd_sc_mcu7t5v0__dffrnq_4                               │ 28         │
│ gf180mcu_fd_sc_mcu7t5v0__dffsnq_1                               │ 6          │
│ gf180mcu_fd_sc_mcu7t5v0__dffsnq_2                               │ 2          │
│ gf180mcu_fd_sc_mcu7t5v0__dlyb_1                                 │ 427        │
│ gf180mcu_fd_sc_mcu7t5v0__endcap                                 │ 560        │
│ gf180mcu_fd_sc_mcu7t5v0__fill_1                                 │ 5424       │
│ gf180mcu_fd_sc_mcu7t5v0__fill_2                                 │ 6707       │
│ gf180mcu_fd_sc_mcu7t5v0__fillcap_16                             │ 1008       │
│ gf180mcu_fd_sc_mcu7t5v0__fillcap_32                             │ 656        │
│ gf180mcu_fd_sc_mcu7t5v0__fillcap_4                              │ 8440       │
│ gf180mcu_fd_sc_mcu7t5v0__fillcap_64                             │ 5058       │
│ gf180mcu_fd_sc_mcu7t5v0__fillcap_8                              │ 2088       │
│ gf180mcu_fd_sc_mcu7t5v0__filltie                                │ 7898       │
│ gf180mcu_fd_sc_mcu7t5v0__inv_2                                  │ 70         │
│ gf180mcu_fd_sc_mcu7t5v0__inv_3                                  │ 3          │
│ gf180mcu_fd_sc_mcu7t5v0__inv_4                                  │ 6          │
│ gf180mcu_fd_sc_mcu7t5v0__mux2_2                                 │ 249        │
│ gf180mcu_fd_sc_mcu7t5v0__nand2_1                                │ 1063       │
│ gf180mcu_fd_sc_mcu7t5v0__nand2_2                                │ 27         │
│ gf180mcu_fd_sc_mcu7t5v0__nand2_4                                │ 4          │
│ gf180mcu_fd_sc_mcu7t5v0__nand3_1                                │ 388        │
│ gf180mcu_fd_sc_mcu7t5v0__nand3_2                                │ 30         │
│ gf180mcu_fd_sc_mcu7t5v0__nand4_1                                │ 174        │
│ gf180mcu_fd_sc_mcu7t5v0__nand4_2                                │ 17         │
│ gf180mcu_fd_sc_mcu7t5v0__nand4_4                                │ 20         │
│ gf180mcu_fd_sc_mcu7t5v0__nor2_1                                 │ 399        │
│ gf180mcu_fd_sc_mcu7t5v0__nor2_2                                 │ 49         │
│ gf180mcu_fd_sc_mcu7t5v0__nor2_4                                 │ 17         │
│ gf180mcu_fd_sc_mcu7t5v0__nor3_1                                 │ 77         │
│ gf180mcu_fd_sc_mcu7t5v0__nor3_2                                 │ 23         │
│ gf180mcu_fd_sc_mcu7t5v0__nor3_4                                 │ 15         │
│ gf180mcu_fd_sc_mcu7t5v0__nor4_1                                 │ 26         │
│ gf180mcu_fd_sc_mcu7t5v0__nor4_2                                 │ 16         │
│ gf180mcu_fd_sc_mcu7t5v0__nor4_4                                 │ 91         │
│ gf180mcu_fd_sc_mcu7t5v0__oai211_1                               │ 188        │
│ gf180mcu_fd_sc_mcu7t5v0__oai211_2                               │ 18         │
│ gf180mcu_fd_sc_mcu7t5v0__oai211_4                               │ 8          │
│ gf180mcu_fd_sc_mcu7t5v0__oai21_1                                │ 398        │
│ gf180mcu_fd_sc_mcu7t5v0__oai21_2                                │ 42         │
│ gf180mcu_fd_sc_mcu7t5v0__oai21_4                                │ 9          │
│ gf180mcu_fd_sc_mcu7t5v0__oai221_1                               │ 50         │
│ gf180mcu_fd_sc_mcu7t5v0__oai221_2                               │ 11         │
│ gf180mcu_fd_sc_mcu7t5v0__oai221_4                               │ 7          │
│ gf180mcu_fd_sc_mcu7t5v0__oai222_4                               │ 1          │
│ gf180mcu_fd_sc_mcu7t5v0__oai22_1                                │ 49         │
│ gf180mcu_fd_sc_mcu7t5v0__oai22_2                                │ 12         │
│ gf180mcu_fd_sc_mcu7t5v0__oai22_4                                │ 3          │
│ gf180mcu_fd_sc_mcu7t5v0__oai31_1                                │ 59         │
│ gf180mcu_fd_sc_mcu7t5v0__oai31_2                                │ 19         │
│ gf180mcu_fd_sc_mcu7t5v0__oai31_4                                │ 11         │
│ gf180mcu_fd_sc_mcu7t5v0__oai32_1                                │ 50         │
│ gf180mcu_fd_sc_mcu7t5v0__oai32_2                                │ 3          │
│ gf180mcu_fd_sc_mcu7t5v0__oai32_4                                │ 13         │
│ gf180mcu_fd_sc_mcu7t5v0__or2_1                                  │ 95         │
│ gf180mcu_fd_sc_mcu7t5v0__or2_2                                  │ 1          │
│ gf180mcu_fd_sc_mcu7t5v0__or3_1                                  │ 34         │
│ gf180mcu_fd_sc_mcu7t5v0__or4_1                                  │ 9          │
│ gf180mcu_fd_sc_mcu7t5v0__or4_2                                  │ 3          │
│ gf180mcu_fd_sc_mcu7t5v0__xnor2_1                                │ 30         │
│ gf180mcu_fd_sc_mcu7t5v0__xnor2_2                                │ 8          │
│ gf180mcu_fd_sc_mcu7t5v0__xnor3_1                                │ 4          │
│ gf180mcu_fd_sc_mcu7t5v0__xnor3_2                                │ 1          │
│ gf180mcu_fd_sc_mcu7t5v0__xor2_1                                 │ 191        │
│ gf180mcu_fd_sc_mcu7t5v0__xor2_2                                 │ 39         │
│ gf180mcu_fd_sc_mcu7t5v0__xor3_1                                 │ 74         │
│ gf180mcu_fd_sc_mcu7t5v0__xor3_2                                 │ 17         │
└─────────────────────────────────────────────────────────────────┴────────────┘
                               Cells by Function                                
┏━━━━━━━━━━━━━━━━━━━━━━━━━━━━━━━━━━━━━━━━━━━━━━━━━━━━━━━━━━━━━━━━┳━━━━━━━━━━━━━┓
┃ Cell Function                                                  ┃ Count       ┃
┡━━━━━━━━━━━━━━━━━━━━━━━━━━━━━━━━━━━━━━━━━━━━━━━━━━━━━━━━━━━━━━━━╇━━━━━━━━━━━━━┩
│ gf180mcu_fd_sc_mcu7t5v0__and2                                  │ 128         │
│ gf180mcu_fd_sc_mcu7t5v0__and3                                  │ 88          │
│ gf180mcu_fd_sc_mcu7t5v0__and4                                  │ 73          │
│ gf180mcu_fd_sc_mcu7t5v0__aoi21                                 │ 511         │
│ gf180mcu_fd_sc_mcu7t5v0__aoi211                                │ 159         │
│ gf180mcu_fd_sc_mcu7t5v0__aoi22                                 │ 237         │
│ gf180mcu_fd_sc_mcu7t5v0__aoi221                                │ 80          │
│ gf180mcu_fd_sc_mcu7t5v0__aoi222                                │ 50          │
│ gf180mcu_fd_sc_mcu7t5v0__buf                                   │ 866         │
│ gf180mcu_fd_sc_mcu7t5v0__clkbuf                                │ 1067        │
│ gf180mcu_fd_sc_mcu7t5v0__clkinv                                │ 329         │
│ gf180mcu_fd_sc_mcu7t5v0__dffrnq                                │ 558         │
│ gf180mcu_fd_sc_mcu7t5v0__dffsnq                                │ 8           │
│ gf180mcu_fd_sc_mcu7t5v0__dlyb                                  │ 427         │
│ gf180mcu_fd_sc_mcu7t5v0__fill                                  │ 12131       │
│ gf180mcu_fd_sc_mcu7t5v0__fillcap                               │ 17250       │
│ gf180mcu_fd_sc_mcu7t5v0__inv                                   │ 79          │
│ gf180mcu_fd_sc_mcu7t5v0__mux2                                  │ 249         │
│ gf180mcu_fd_sc_mcu7t5v0__nand2                                 │ 1094        │
│ gf180mcu_fd_sc_mcu7t5v0__nand3                                 │ 418         │
│ gf180mcu_fd_sc_mcu7t5v0__nand4                                 │ 211         │
│ gf180mcu_fd_sc_mcu7t5v0__nor2                                  │ 465         │
│ gf180mcu_fd_sc_mcu7t5v0__nor3                                  │ 115         │
│ gf180mcu_fd_sc_mcu7t5v0__nor4                                  │ 133         │
│ gf180mcu_fd_sc_mcu7t5v0__oai21                                 │ 449         │
│ gf180mcu_fd_sc_mcu7t5v0__oai211                                │ 214         │
│ gf180mcu_fd_sc_mcu7t5v0__oai22                                 │ 64          │
│ gf180mcu_fd_sc_mcu7t5v0__oai221                                │ 68          │
│ gf180mcu_fd_sc_mcu7t5v0__oai222                                │ 1           │
│ gf180mcu_fd_sc_mcu7t5v0__oai31                                 │ 89          │
│ gf180mcu_fd_sc_mcu7t5v0__oai32                                 │ 66          │
│ gf180mcu_fd_sc_mcu7t5v0__or2                                   │ 96          │
│ gf180mcu_fd_sc_mcu7t5v0__or3                                   │ 34          │
│ gf180mcu_fd_sc_mcu7t5v0__or4                                   │ 12          │
│ gf180mcu_fd_sc_mcu7t5v0__xnor2                                 │ 38          │
│ gf180mcu_fd_sc_mcu7t5v0__xnor3                                 │ 5           │
│ gf180mcu_fd_sc_mcu7t5v0__xor2                                  │ 230         │
│ gf180mcu_fd_sc_mcu7t5v0__xor3                                  │ 91          │
└────────────────────────────────────────────────────────────────┴─────────────┘
                                  Cells by SCL                                  
┏━━━━━━━━━━━━━━━━━━━━━━━━━━━━━━━━━━━━━━━━━━━━━━━━━━━━━━━━━━━━━┳━━━━━━━━━━━━━━━━┓
┃ SCL                                                         ┃ Count          ┃
┡━━━━━━━━━━━━━━━━━━━━━━━━━━━━━━━━━━━━━━━━━━━━━━━━━━━━━━━━━━━━━╇━━━━━━━━━━━━━━━━┩
│ gf180mcu_fd_sc_mcu7t5v0                                     │ 38183          │
└─────────────────────────────────────────────────────────────┴────────────────┘
                             Buffers by Cell Master                             
┏━━━━━━━━━━━━━━━━━━━━━━━━━━━━━━━━━━━━━━━━━━━━━━━━━━━━━━━━━━━━━━━━━┳━━━━━━━━━━━━┓
┃ Buffer                                                          ┃ Count      ┃
┡━━━━━━━━━━━━━━━━━━━━━━━━━━━━━━━━━━━━━━━━━━━━━━━━━━━━━━━━━━━━━━━━━╇━━━━━━━━━━━━┩
│ gf180mcu_fd_sc_mcu7t5v0__buf_1                                  │ 17         │
│ gf180mcu_fd_sc_mcu7t5v0__buf_2                                  │ 801        │
│ gf180mcu_fd_sc_mcu7t5v0__buf_3                                  │ 6          │
│ gf180mcu_fd_sc_mcu7t5v0__buf_4                                  │ 41         │
│ gf180mcu_fd_sc_mcu7t5v0__buf_8                                  │ 1          │
│ gf180mcu_fd_sc_mcu7t5v0__clkbuf_1                               │ 196        │
│ gf180mcu_fd_sc_mcu7t5v0__clkbuf_16                              │ 9          │
│ gf180mcu_fd_sc_mcu7t5v0__clkbuf_2                               │ 707        │
│ gf180mcu_fd_sc_mcu7t5v0__clkbuf_4                               │ 77         │
│ gf180mcu_fd_sc_mcu7t5v0__clkbuf_8                               │ 78         │
│ gf180mcu_fd_sc_mcu7t5v0__dlyb_1                                 │ 427        │
└─────────────────────────────────────────────────────────────────┴────────────┘
