Reading timing models for corner nom_tt_025C_3v30…
Reading timing library for the 'nom_tt_025C_3v30' corner at '/foss/pdks/gf180mcuD/libs.ref/gf180mcu_fd_sc_mcu7t5v0/lib/gf180mcu_fd_sc_mcu7t5v0__tt_025C_3v30.lib'…
Reading OpenROAD database at '/workspace/librelane/runs/RUN_2026-08-10_11-38-06/19-openroad-tapendcapinsertion/wrapper.odb'…
Reading design constraints file at '/usr/local/lib/python3.12/dist-packages/librelane/scripts/base.sdc'…
[INFO] Using clock clk…
[INFO] Setting output delay to: 40
[INFO] Setting input delay to: 40
[INFO] Setting load to: 0.07291
[INFO] Setting clock uncertainty to: 0.25
[INFO] Setting clock transition to: 0.15
[INFO] Setting timing derate to: 5%
[INFO] Setting global connections...
analog_block_inst matched with analog_block_inst
[INFO ODB-0403] 0 connections made, 0 conflicts skipped.
[WARNING PDN-0231] analog_block_inst is not connected to any power/ground nets.
+ pdngen 
[INFO PDN-0001] Inserting grid: stdcell_grid
Setting global connections for newly added cells…
[INFO] Setting global connections...
analog_block_inst matched with analog_block_inst
[INFO ODB-0403] 0 connections made, 0 conflicts skipped.
Updating metrics…
Cell type report:                       Count       Area
  Macro                                     1  115200.00
  Endcap cell                             402    1764.94
  Tap cell                               3161   13878.05
  Inverter                                452    3968.92
  Sequential cell                         548   40936.09
  Multi-Input combinational cell         5323   98432.77
  Total                                  9887  274180.77
Writing OpenROAD database to '/workspace/librelane/runs/RUN_2026-08-10_11-38-06/21-openroad-generatepdn/wrapper.odb'…
Writing netlist to '/workspace/librelane/runs/RUN_2026-08-10_11-38-06/21-openroad-generatepdn/wrapper.nl.v'…
Writing powered netlist to '/workspace/librelane/runs/RUN_2026-08-10_11-38-06/21-openroad-generatepdn/wrapper.pnl.v'…
Writing layout to '/workspace/librelane/runs/RUN_2026-08-10_11-38-06/21-openroad-generatepdn/wrapper.def'…
Writing timing constraints to '/workspace/librelane/runs/RUN_2026-08-10_11-38-06/21-openroad-generatepdn/wrapper.sdc'…
[INFO PSM-0040] All shapes on net VDD are connected.
[INFO PSM-0040] All shapes on net VSS are connected.
