Clock: clk
Sources: clk 
Generated: no
Virtual: yes
Propagated: no
Period: 200.000000

===========================================================================
report_clock_properties
============================================================================
Clock                   Period          Waveform
----------------------------------------------------
clk                 200.000000    0.000000100.000000

===========================================================================
report_clock_latency
============================================================================
Clock clk
rise -> rise
    min     max
0.000000 0.000000 source latency
2.431754         network latency spi_regs_inst/_1621_/CLK
        2.587776 network latency wave_controller_y_inst/_3708_/CLK
---------------
2.431754 2.587776 latency
        0.156022 skew

fall -> fall
    min     max
0.000000 0.000000 source latency
2.350227         network latency spi_regs_inst/_1621_/CLK
        2.528111 network latency wave_controller_y_inst/_3708_/CLK
---------------
2.350227 2.528111 latency
        0.177884 skew



===========================================================================
report_clock_min_period
============================================================================
clk period_min = 35.32 fmax = 28.31
