                                                                        Cells by Master                                                                         
┏━━━━━━━━━━━━━━━━━━━━━━━━━━━━━━━━━━━━━━━━━━━━━━━━━━━━━━━━━━━━━━━━━━━━━━━━━━━━━━━━━━━━━━━━━━━━━━━━━━━━━━━━━━━━━━━━━━━━━━━━━━━━━━━━━━━━━┳━━━━━━━━━━━━━━━━━━━━━━━━┓
┃ Cell                                                                                                                                ┃ Count                  ┃
┡━━━━━━━━━━━━━━━━━━━━━━━━━━━━━━━━━━━━━━━━━━━━━━━━━━━━━━━━━━━━━━━━━━━━━━━━━━━━━━━━━━━━━━━━━━━━━━━━━━━━━━━━━━━━━━━━━━━━━━━━━━━━━━━━━━━━━╇━━━━━━━━━━━━━━━━━━━━━━━━┩
│ gf180mcu_fd_sc_mcu7t5v0__and2_1                                                                                                     │ 157                    │
│ gf180mcu_fd_sc_mcu7t5v0__and2_2                                                                                                     │ 1                      │
│ gf180mcu_fd_sc_mcu7t5v0__and3_1                                                                                                     │ 113                    │
│ gf180mcu_fd_sc_mcu7t5v0__and3_2                                                                                                     │ 1                      │
│ gf180mcu_fd_sc_mcu7t5v0__and3_4                                                                                                     │ 1                      │
│ gf180mcu_fd_sc_mcu7t5v0__and4_1                                                                                                     │ 81                     │
│ gf180mcu_fd_sc_mcu7t5v0__and4_2                                                                                                     │ 3                      │
│ gf180mcu_fd_sc_mcu7t5v0__and4_4                                                                                                     │ 2                      │
│ gf180mcu_fd_sc_mcu7t5v0__antenna                                                                                                    │ 17                     │
│ gf180mcu_fd_sc_mcu7t5v0__aoi211_1                                                                                                   │ 143                    │
│ gf180mcu_fd_sc_mcu7t5v0__aoi211_2                                                                                                   │ 36                     │
│ gf180mcu_fd_sc_mcu7t5v0__aoi211_4                                                                                                   │ 20                     │
│ gf180mcu_fd_sc_mcu7t5v0__aoi21_1                                                                                                    │ 459                    │
│ gf180mcu_fd_sc_mcu7t5v0__aoi21_2                                                                                                    │ 78                     │
│ gf180mcu_fd_sc_mcu7t5v0__aoi21_4                                                                                                    │ 19                     │
│ gf180mcu_fd_sc_mcu7t5v0__aoi221_1                                                                                                   │ 43                     │
│ gf180mcu_fd_sc_mcu7t5v0__aoi221_2                                                                                                   │ 9                      │
│ gf180mcu_fd_sc_mcu7t5v0__aoi221_4                                                                                                   │ 15                     │
│ gf180mcu_fd_sc_mcu7t5v0__aoi222_1                                                                                                   │ 18                     │
│ gf180mcu_fd_sc_mcu7t5v0__aoi222_2                                                                                                   │ 27                     │
│ gf180mcu_fd_sc_mcu7t5v0__aoi222_4                                                                                                   │ 7                      │
│ gf180mcu_fd_sc_mcu7t5v0__aoi22_1                                                                                                    │ 265                    │
│ gf180mcu_fd_sc_mcu7t5v0__aoi22_2                                                                                                    │ 22                     │
│ gf180mcu_fd_sc_mcu7t5v0__aoi22_4                                                                                                    │ 4                      │
│ gf180mcu_fd_sc_mcu7t5v0__buf_1                                                                                                      │ 23                     │
│ gf180mcu_fd_sc_mcu7t5v0__buf_2                                                                                                      │ 867                    │
│ gf180mcu_fd_sc_mcu7t5v0__buf_3                                                                                                      │ 8                      │
│ gf180mcu_fd_sc_mcu7t5v0__buf_4                                                                                                      │ 27                     │
│ gf180mcu_fd_sc_mcu7t5v0__clkbuf_1                                                                                                   │ 201                    │
│ gf180mcu_fd_sc_mcu7t5v0__clkbuf_16                                                                                                  │ 1                      │
│ gf180mcu_fd_sc_mcu7t5v0__clkbuf_2                                                                                                   │ 759                    │
│ gf180mcu_fd_sc_mcu7t5v0__clkbuf_4                                                                                                   │ 60                     │
│ gf180mcu_fd_sc_mcu7t5v0__clkbuf_8                                                                                                   │ 107                    │
│ gf180mcu_fd_sc_mcu7t5v0__clkinv_1                                                                                                   │ 387                    │
│ gf180mcu_fd_sc_mcu7t5v0__clkinv_2                                                                                                   │ 11                     │
│ gf180mcu_fd_sc_mcu7t5v0__dffrnq_1                                                                                                   │ 391                    │
│ gf180mcu_fd_sc_mcu7t5v0__dffrnq_2                                                                                                   │ 162                    │
│ gf180mcu_fd_sc_mcu7t5v0__dffrnq_4                                                                                                   │ 5                      │
│ gf180mcu_fd_sc_mcu7t5v0__dffsnq_1                                                                                                   │ 6                      │
│ gf180mcu_fd_sc_mcu7t5v0__dffsnq_2                                                                                                   │ 2                      │
│ gf180mcu_fd_sc_mcu7t5v0__dlyb_1                                                                                                     │ 709                    │
│ gf180mcu_fd_sc_mcu7t5v0__endcap                                                                                                     │ 462                    │
│ gf180mcu_fd_sc_mcu7t5v0__fill_1                                                                                                     │ 5471                   │
│ gf180mcu_fd_sc_mcu7t5v0__fill_2                                                                                                     │ 7268                   │
│ gf180mcu_fd_sc_mcu7t5v0__fillcap_16                                                                                                 │ 940                    │
│ gf180mcu_fd_sc_mcu7t5v0__fillcap_32                                                                                                 │ 526                    │
│ gf180mcu_fd_sc_mcu7t5v0__fillcap_4                                                                                                  │ 5834                   │
│ gf180mcu_fd_sc_mcu7t5v0__fillcap_64                                                                                                 │ 2533                   │
│ gf180mcu_fd_sc_mcu7t5v0__fillcap_8                                                                                                  │ 1953                   │
│ gf180mcu_fd_sc_mcu7t5v0__filltie                                                                                                    │ 5361                   │
│ gf180mcu_fd_sc_mcu7t5v0__inv_1                                                                                                      │ 1                      │
│ gf180mcu_fd_sc_mcu7t5v0__inv_2                                                                                                      │ 37                     │
│ gf180mcu_fd_sc_mcu7t5v0__inv_3                                                                                                      │ 6                      │
│ gf180mcu_fd_sc_mcu7t5v0__inv_4                                                                                                      │ 5                      │
│ gf180mcu_fd_sc_mcu7t5v0__mux2_2                                                                                                     │ 223                    │
│ gf180mcu_fd_sc_mcu7t5v0__nand2_1                                                                                                    │ 1033                   │
│ gf180mcu_fd_sc_mcu7t5v0__nand2_2                                                                                                    │ 15                     │
│ gf180mcu_fd_sc_mcu7t5v0__nand2_4                                                                                                    │ 1                      │
│ gf180mcu_fd_sc_mcu7t5v0__nand3_1                                                                                                    │ 427                    │
│ gf180mcu_fd_sc_mcu7t5v0__nand3_2                                                                                                    │ 25                     │
│ gf180mcu_fd_sc_mcu7t5v0__nand3_4                                                                                                    │ 3                      │
│ gf180mcu_fd_sc_mcu7t5v0__nand4_1                                                                                                    │ 197                    │
│ gf180mcu_fd_sc_mcu7t5v0__nand4_2                                                                                                    │ 38                     │
│ gf180mcu_fd_sc_mcu7t5v0__nand4_4                                                                                                    │ 25                     │
│ gf180mcu_fd_sc_mcu7t5v0__nor2_1                                                                                                     │ 353                    │
│ gf180mcu_fd_sc_mcu7t5v0__nor2_2                                                                                                     │ 68                     │
│ gf180mcu_fd_sc_mcu7t5v0__nor2_4                                                                                                     │ 18                     │
│ gf180mcu_fd_sc_mcu7t5v0__nor3_1                                                                                                     │ 62                     │
│ gf180mcu_fd_sc_mcu7t5v0__nor3_2                                                                                                     │ 26                     │
│ gf180mcu_fd_sc_mcu7t5v0__nor3_4                                                                                                     │ 19                     │
│ gf180mcu_fd_sc_mcu7t5v0__nor4_1                                                                                                     │ 24                     │
│ gf180mcu_fd_sc_mcu7t5v0__nor4_2                                                                                                     │ 15                     │
│ gf180mcu_fd_sc_mcu7t5v0__nor4_4                                                                                                     │ 82                     │
│ gf180mcu_fd_sc_mcu7t5v0__oai211_1                                                                                                   │ 177                    │
│ gf180mcu_fd_sc_mcu7t5v0__oai211_2                                                                                                   │ 17                     │
│ gf180mcu_fd_sc_mcu7t5v0__oai211_4                                                                                                   │ 5                      │
│ gf180mcu_fd_sc_mcu7t5v0__oai21_1                                                                                                    │ 397                    │
│ gf180mcu_fd_sc_mcu7t5v0__oai21_2                                                                                                    │ 52                     │
│ gf180mcu_fd_sc_mcu7t5v0__oai21_4                                                                                                    │ 14                     │
│ gf180mcu_fd_sc_mcu7t5v0__oai221_1                                                                                                   │ 73                     │
│ gf180mcu_fd_sc_mcu7t5v0__oai221_2                                                                                                   │ 9                      │
│ gf180mcu_fd_sc_mcu7t5v0__oai221_4                                                                                                   │ 9                      │
│ gf180mcu_fd_sc_mcu7t5v0__oai222_2                                                                                                   │ 1                      │
│ gf180mcu_fd_sc_mcu7t5v0__oai222_4                                                                                                   │ 1                      │
│ gf180mcu_fd_sc_mcu7t5v0__oai22_1                                                                                                    │ 59                     │
│ gf180mcu_fd_sc_mcu7t5v0__oai22_2                                                                                                    │ 11                     │
│ gf180mcu_fd_sc_mcu7t5v0__oai22_4                                                                                                    │ 3                      │
│ gf180mcu_fd_sc_mcu7t5v0__oai31_1                                                                                                    │ 48                     │
│ gf180mcu_fd_sc_mcu7t5v0__oai31_2                                                                                                    │ 20                     │
│ gf180mcu_fd_sc_mcu7t5v0__oai31_4                                                                                                    │ 26                     │
│ gf180mcu_fd_sc_mcu7t5v0__oai32_1                                                                                                    │ 64                     │
│ gf180mcu_fd_sc_mcu7t5v0__oai32_2                                                                                                    │ 1                      │
│ gf180mcu_fd_sc_mcu7t5v0__oai32_4                                                                                                    │ 8                      │
│ gf180mcu_fd_sc_mcu7t5v0__oai33_4                                                                                                    │ 1                      │
│ gf180mcu_fd_sc_mcu7t5v0__or2_1                                                                                                      │ 97                     │
│ gf180mcu_fd_sc_mcu7t5v0__or3_1                                                                                                      │ 43                     │
│ gf180mcu_fd_sc_mcu7t5v0__or4_1                                                                                                      │ 10                     │
│ gf180mcu_fd_sc_mcu7t5v0__tieh                                                                                                       │ 22                     │
│ gf180mcu_fd_sc_mcu7t5v0__tiel                                                                                                       │ 71                     │
│ gf180mcu_fd_sc_mcu7t5v0__xnor2_1                                                                                                    │ 29                     │
│ gf180mcu_fd_sc_mcu7t5v0__xnor2_2                                                                                                    │ 4                      │
│ gf180mcu_fd_sc_mcu7t5v0__xnor3_1                                                                                                    │ 4                      │
│ gf180mcu_fd_sc_mcu7t5v0__xnor3_2                                                                                                    │ 2                      │
│ gf180mcu_fd_sc_mcu7t5v0__xor2_1                                                                                                     │ 192                    │
│ gf180mcu_fd_sc_mcu7t5v0__xor2_2                                                                                                     │ 37                     │
│ gf180mcu_fd_sc_mcu7t5v0__xor3_1                                                                                                     │ 65                     │
│ gf180mcu_fd_sc_mcu7t5v0__xor3_2                                                                                                     │ 13                     │
└─────────────────────────────────────────────────────────────────────────────────────────────────────────────────────────────────────┴────────────────────────┘
