
===========================================================================
report_checks -unconstrained
===========================================================================
======================= nom_tt_025C_3v30 Corner ===================================

Startpoint: rst_n (input port clocked by clk)
Endpoint: _12193_ (recovery check against rising-edge clock clk)
Path Group: asynchronous
Path Type: max

Fanout         Cap        Slew       Delay        Time   Description
---------------------------------------------------------------------------------------------
                                  0.000000    0.000000   clock clk (rise edge)
                                  0.000000    0.000000   clock network delay (propagated)
                                 40.000000   40.000000 ^ input external delay
     2    0.007632    0.246707    0.105516   40.105518 ^ rst_n (in)
                                                         rst_n (net)
                      0.246707    0.000000   40.105518 ^ input3/I (gf180mcu_fd_sc_mcu7t5v0__buf_1)
     1    0.022116    0.584134    0.551271   40.656788 ^ input3/Z (gf180mcu_fd_sc_mcu7t5v0__buf_1)
                                                         net3 (net)
                      0.584134    0.000661   40.657448 ^ wire2686/I (gf180mcu_fd_sc_mcu7t5v0__buf_2)
     1    0.032135    0.424741    0.490406   41.147854 ^ wire2686/Z (gf180mcu_fd_sc_mcu7t5v0__buf_2)
                                                         net2686 (net)
                      0.424747    0.001734   41.149590 ^ fanout2685/I (gf180mcu_fd_sc_mcu7t5v0__dlyb_1)
     5    0.166196    3.892185    3.538805   44.688393 ^ fanout2685/Z (gf180mcu_fd_sc_mcu7t5v0__dlyb_1)
                                                         net2685 (net)
                      3.892230    0.007518   44.695911 ^ fanout2605/I (gf180mcu_fd_sc_mcu7t5v0__dlyb_1)
     4    0.076662    1.837276    2.242132   46.938042 ^ fanout2605/Z (gf180mcu_fd_sc_mcu7t5v0__dlyb_1)
                                                         net2605 (net)
                      1.837288    0.002675   46.940716 ^ fanout2522/I (gf180mcu_fd_sc_mcu7t5v0__dlyb_1)
     4    0.030868    0.794970    1.742361   48.683079 ^ fanout2522/Z (gf180mcu_fd_sc_mcu7t5v0__dlyb_1)
                                                         net2522 (net)
                      0.794975    0.001471   48.684547 ^ load_slew2524/I (gf180mcu_fd_sc_mcu7t5v0__clkbuf_2)
     2    0.026841    0.373687    0.582670   49.267220 ^ load_slew2524/Z (gf180mcu_fd_sc_mcu7t5v0__clkbuf_2)
                                                         net2524 (net)
                      0.373688    0.000618   49.267838 ^ fanout2518/I (gf180mcu_fd_sc_mcu7t5v0__dlyb_1)
     2    0.015485    0.460200    1.511143   50.778980 ^ fanout2518/Z (gf180mcu_fd_sc_mcu7t5v0__dlyb_1)
                                                         net2518 (net)
                      0.460200    0.000675   50.779655 ^ load_slew2521/I (gf180mcu_fd_sc_mcu7t5v0__clkbuf_2)
     3    0.025872    0.358220    0.521371   51.301025 ^ load_slew2521/Z (gf180mcu_fd_sc_mcu7t5v0__clkbuf_2)
                                                         net2521 (net)
                      0.358221    0.000512   51.301540 ^ load_slew2520/I (gf180mcu_fd_sc_mcu7t5v0__buf_2)
     2    0.022912    0.318491    0.401190   51.702728 ^ load_slew2520/Z (gf180mcu_fd_sc_mcu7t5v0__buf_2)
                                                         net2520 (net)
                      0.318492    0.000913   51.703644 ^ load_slew2519/I (gf180mcu_fd_sc_mcu7t5v0__clkbuf_2)
     3    0.027773    0.377578    0.507288   52.210930 ^ load_slew2519/Z (gf180mcu_fd_sc_mcu7t5v0__clkbuf_2)
                                                         net2519 (net)
                      0.377579    0.000671   52.211601 ^ fanout2515/I (gf180mcu_fd_sc_mcu7t5v0__dlyb_1)
     3    0.019166    0.539909    1.561947   53.773548 ^ fanout2515/Z (gf180mcu_fd_sc_mcu7t5v0__dlyb_1)
                                                         net2515 (net)
                      0.539909    0.000831   53.774380 ^ fanout2508/I (gf180mcu_fd_sc_mcu7t5v0__dlyb_1)
     3    0.028172    0.734803    1.700034   55.474415 ^ fanout2508/Z (gf180mcu_fd_sc_mcu7t5v0__dlyb_1)
                                                         net2508 (net)
                      0.734803    0.000554   55.474968 ^ load_slew2510/I (gf180mcu_fd_sc_mcu7t5v0__buf_2)
     4    0.033175    0.438105    0.512681   55.987648 ^ load_slew2510/Z (gf180mcu_fd_sc_mcu7t5v0__buf_2)
                                                         net2510 (net)
                      0.438106    0.000824   55.988476 ^ load_slew2509/I (gf180mcu_fd_sc_mcu7t5v0__clkbuf_2)
     3    0.033099    0.437926    0.565326   56.553799 ^ load_slew2509/Z (gf180mcu_fd_sc_mcu7t5v0__clkbuf_2)
                                                         net2509 (net)
                      0.437933    0.001886   56.555687 ^ _12193_/RN (gf180mcu_fd_sc_mcu7t5v0__dffrnq_1)
                                             56.555687   data arrival time

                                200.000000  200.000000   clock clk (rise edge)
                                  0.000000  200.000000   clock source latency
     2    0.088333    0.556988    0.304226  200.304214 ^ clk (in)
                                                         clk (net)
                      0.557012    0.000000  200.304214 ^ clkbuf_0_clk/I (gf180mcu_fd_sc_mcu7t5v0__clkbuf_16)
    16    0.415912    0.651262    0.732712  201.036926 ^ clkbuf_0_clk/Z (gf180mcu_fd_sc_mcu7t5v0__clkbuf_16)
                                                         clknet_0_clk (net)
                      0.652612    0.016442  201.053375 ^ clkbuf_4_8_0_clk/I (gf180mcu_fd_sc_mcu7t5v0__clkbuf_8)
     4    0.078647    0.298526    0.530392  201.583771 ^ clkbuf_4_8_0_clk/Z (gf180mcu_fd_sc_mcu7t5v0__clkbuf_8)
                                                         clknet_4_8_0_clk (net)
                      0.298540    0.003155  201.586914 ^ clkbuf_leaf_14_clk/I (gf180mcu_fd_sc_mcu7t5v0__clkbuf_8)
    10    0.065705    0.259531    0.436827  202.023743 ^ clkbuf_leaf_14_clk/Z (gf180mcu_fd_sc_mcu7t5v0__clkbuf_8)
                                                         clknet_leaf_14_clk (net)
                      0.259533    0.001151  202.024902 ^ _12193_/CLK (gf180mcu_fd_sc_mcu7t5v0__dffrnq_1)
                                 -0.250000  201.774902   clock uncertainty
                                  0.000000  201.774902   clock reconvergence pessimism
                                  0.381441  202.156342   library recovery time
                                            202.156342   data required time
---------------------------------------------------------------------------------------------
                                            202.156342   data required time
                                            -56.555687   data arrival time
---------------------------------------------------------------------------------------------
                                            145.600677   slack (MET)


Startpoint: _12448_ (rising edge-triggered flip-flop clocked by clk)
Endpoint: read_en (output port clocked by clk)
Path Group: clk
Path Type: max

Fanout         Cap        Slew       Delay        Time   Description
---------------------------------------------------------------------------------------------
                                  0.000000    0.000000   clock clk (rise edge)
                                  0.000000    0.000000   clock source latency
     2    0.088333    0.556988    0.304233    0.304233 ^ clk (in)
                                                         clk (net)
                      0.557012    0.000000    0.304233 ^ clkbuf_0_clk/I (gf180mcu_fd_sc_mcu7t5v0__clkbuf_16)
    16    0.415912    0.651262    0.732699    1.036933 ^ clkbuf_0_clk/Z (gf180mcu_fd_sc_mcu7t5v0__clkbuf_16)
                                                         clknet_0_clk (net)
                      0.652529    0.015867    1.052800 ^ clkbuf_4_9_0_clk/I (gf180mcu_fd_sc_mcu7t5v0__clkbuf_8)
     4    0.076410    0.293162    0.526538    1.579338 ^ clkbuf_4_9_0_clk/Z (gf180mcu_fd_sc_mcu7t5v0__clkbuf_8)
                                                         clknet_4_9_0_clk (net)
                      0.293212    0.002948    1.582286 ^ clkbuf_leaf_27_clk/I (gf180mcu_fd_sc_mcu7t5v0__clkbuf_8)
     8    0.049352    0.217628    0.405686    1.987972 ^ clkbuf_leaf_27_clk/Z (gf180mcu_fd_sc_mcu7t5v0__clkbuf_8)
                                                         clknet_leaf_27_clk (net)
                      0.217633    0.001949    1.989922 ^ _12448_/CLK (gf180mcu_fd_sc_mcu7t5v0__dffrnq_1)
     2    0.018790    0.544076    1.498726    3.488647 ^ _12448_/Q (gf180mcu_fd_sc_mcu7t5v0__dffrnq_1)
                                                         digital_domain_inst.spi_regs_inst.state_o[0] (net)
                      0.544076    0.000725    3.489373 ^ fanout1956/I (gf180mcu_fd_sc_mcu7t5v0__dlyb_1)
     8    0.077727    1.863159    2.365482    5.854855 ^ fanout1956/Z (gf180mcu_fd_sc_mcu7t5v0__dlyb_1)
                                                         net1956 (net)
                      1.863169    0.002443    5.857298 ^ _06453_/A2 (gf180mcu_fd_sc_mcu7t5v0__nor2_1)
     2    0.022092    0.806790    0.621621    6.478919 v _06453_/ZN (gf180mcu_fd_sc_mcu7t5v0__nor2_1)
                                                         _00914_ (net)
                      0.806790    0.000795    6.479714 v fanout1045/I (gf180mcu_fd_sc_mcu7t5v0__dlyb_1)
     2    0.016718    0.436790    1.864710    8.344424 v fanout1045/Z (gf180mcu_fd_sc_mcu7t5v0__dlyb_1)
                                                         net1045 (net)
                      0.436790    0.000743    8.345167 v wire1051/I (gf180mcu_fd_sc_mcu7t5v0__clkbuf_2)
     2    0.039258    0.438351    0.631471    8.976639 v wire1051/Z (gf180mcu_fd_sc_mcu7t5v0__clkbuf_2)
                                                         net1051 (net)
                      0.438366    0.001438    8.978076 v wire1046/I (gf180mcu_fd_sc_mcu7t5v0__buf_2)
     3    0.036115    0.280391    0.519921    9.497997 v wire1046/Z (gf180mcu_fd_sc_mcu7t5v0__buf_2)
                                                         net1046 (net)
                      0.280399    0.000767    9.498765 v _06455_/A2 (gf180mcu_fd_sc_mcu7t5v0__nand2_2)
     2    0.049742    0.742852    0.541649   10.040414 ^ _06455_/ZN (gf180mcu_fd_sc_mcu7t5v0__nand2_2)
                                                         _00916_ (net)
                      0.742854    0.001758   10.042171 ^ fanout926/I (gf180mcu_fd_sc_mcu7t5v0__dlyb_1)
     2    0.017552    0.505104    1.568969   11.611141 ^ fanout926/Z (gf180mcu_fd_sc_mcu7t5v0__dlyb_1)
                                                         net926 (net)
                      0.505104    0.000731   11.611872 ^ wire929/I (gf180mcu_fd_sc_mcu7t5v0__buf_2)
     2    0.035990    0.468131    0.507100   12.118972 ^ wire929/Z (gf180mcu_fd_sc_mcu7t5v0__buf_2)
                                                         net929 (net)
                      0.468150    0.001710   12.120682 ^ wire928/I (gf180mcu_fd_sc_mcu7t5v0__buf_2)
     2    0.034926    0.455536    0.495189   12.615870 ^ wire928/Z (gf180mcu_fd_sc_mcu7t5v0__buf_2)
                                                         net928 (net)
                      0.455559    0.001808   12.617679 ^ _07669_/A1 (gf180mcu_fd_sc_mcu7t5v0__nand2_4)
     1    0.102403    0.605022    0.457167   13.074845 v _07669_/ZN (gf180mcu_fd_sc_mcu7t5v0__nand2_4)
                                                         net13 (net)
                      0.605056    0.005842   13.080688 v output13/I (gf180mcu_fd_sc_mcu7t5v0__buf_2)
     1    0.074862    0.497731    0.720529   13.801217 v output13/Z (gf180mcu_fd_sc_mcu7t5v0__buf_2)
                                                         read_en (net)
                      0.497819    0.003742   13.804959 v read_en (out)
                                             13.804959   data arrival time

                                200.000000  200.000000   clock clk (rise edge)
                                  0.000000  200.000000   clock network delay (propagated)
                                 -0.250000  199.750000   clock uncertainty
                                  0.000000  199.750000   clock reconvergence pessimism
                                -40.000000  159.749985   output external delay
                                            159.749985   data required time
---------------------------------------------------------------------------------------------
                                            159.749985   data required time
                                            -13.804959   data arrival time
---------------------------------------------------------------------------------------------
                                            145.945023   slack (MET)




===========================================================================
report_checks --slack_max -0.01
============================================================================
======================= nom_tt_025C_3v30 Corner ===================================

No paths found.


===========================================================================
 report_check_types -max_slew -max_cap -max_fanout -violators
============================================================================
======================= nom_tt_025C_3v30 Corner ===================================

max slew

Pin                                        Limit        Slew       Slack
------------------------------------------------------------------------
fanout2684/I                            3.000000    3.892268   -0.892268 (VIOLATED)
fanout2428/I                            3.000000    3.892229   -0.892229 (VIOLATED)
fanout2468/I                            3.000000    3.892229   -0.892229 (VIOLATED)
fanout2605/I                            3.000000    3.892230   -0.892230 (VIOLATED)
fanout2504/I                            3.000000    3.892219   -0.892219 (VIOLATED)
fanout2685/Z                            3.000000    3.892185   -0.892185 (VIOLATED)
_09344_/A2                              3.000000    3.400386   -0.400386 (VIOLATED)
_09420_/A2                              3.000000    3.400386   -0.400386 (VIOLATED)
_09333_/A2                              3.000000    3.400385   -0.400385 (VIOLATED)
_09438_/A2                              3.000000    3.400384   -0.400385 (VIOLATED)
_09395_/A1                              3.000000    3.400373   -0.400373 (VIOLATED)
_09404_/A2                              3.000000    3.400373   -0.400373 (VIOLATED)
_09453_/A3                              3.000000    3.400373   -0.400373 (VIOLATED)
_09499_/A2                              3.000000    3.400373   -0.400373 (VIOLATED)
fanout2184/Z                            3.000000    3.400373   -0.400373 (VIOLATED)
_09344_/A1                              3.000000    3.306093   -0.306093 (VIOLATED)
_09404_/A1                              3.000000    3.306093   -0.306093 (VIOLATED)
_09364_/A1                              3.000000    3.306082   -0.306082 (VIOLATED)
_06103_/I                               3.000000    3.306073   -0.306073 (VIOLATED)
_09413_/A1                              3.000000    3.306072   -0.306072 (VIOLATED)
_09323_/A2                              3.000000    3.306057   -0.306057 (VIOLATED)
_09466_/A2                              3.000000    3.306057   -0.306057 (VIOLATED)
_09490_/A1                              3.000000    3.306057   -0.306057 (VIOLATED)
fanout2186/Z                            3.000000    3.306057   -0.306057 (VIOLATED)
_11567_/A4                              3.000000    3.114619   -0.114619 (VIOLATED)
_11566_/ZN                              3.000000    3.114599   -0.114599 (VIOLATED)
_09429_/A2                              3.000000    3.077996   -0.077996 (VIOLATED)
_09490_/A3                              3.000000    3.077995   -0.077995 (VIOLATED)
_09354_/A2                              3.000000    3.077994   -0.077994 (VIOLATED)
_09323_/A1                              3.000000    3.077994   -0.077994 (VIOLATED)
_06971_/A2                              3.000000    3.077993   -0.077993 (VIOLATED)
_09413_/A3                              3.000000    3.077991   -0.077992 (VIOLATED)
_09527_/A1                              3.000000    3.077991   -0.077991 (VIOLATED)
_09388_/A4                              3.000000    3.077980   -0.077980 (VIOLATED)
fanout1281/Z                            3.000000    3.077980   -0.077980 (VIOLATED)

max fanout

Pin                                   Limit Fanout  Slack
---------------------------------------------------------
clkbuf_0_clk/Z                            8     16     -8 (VIOLATED)
clkbuf_leaf_10_clk/Z                      8     12     -4 (VIOLATED)
clkbuf_leaf_11_clk/Z                      8     12     -4 (VIOLATED)
clkbuf_leaf_12_clk/Z                      8     12     -4 (VIOLATED)
clkbuf_leaf_25_clk/Z                      8     12     -4 (VIOLATED)
clkbuf_leaf_26_clk/Z                      8     12     -4 (VIOLATED)
clkbuf_leaf_30_clk/Z                      8     12     -4 (VIOLATED)
clkbuf_leaf_34_clk/Z                      8     12     -4 (VIOLATED)
clkbuf_leaf_44_clk/Z                      8     12     -4 (VIOLATED)
clkbuf_leaf_13_clk/Z                      8     11     -3 (VIOLATED)
clkbuf_leaf_16_clk/Z                      8     11     -3 (VIOLATED)
clkbuf_leaf_24_clk/Z                      8     11     -3 (VIOLATED)
clkbuf_leaf_28_clk/Z                      8     11     -3 (VIOLATED)
clkbuf_leaf_29_clk/Z                      8     11     -3 (VIOLATED)
clkbuf_leaf_31_clk/Z                      8     11     -3 (VIOLATED)
clkbuf_leaf_32_clk/Z                      8     11     -3 (VIOLATED)
clkbuf_leaf_33_clk/Z                      8     11     -3 (VIOLATED)
clkbuf_leaf_38_clk/Z                      8     11     -3 (VIOLATED)
clkbuf_leaf_3_clk/Z                       8     11     -3 (VIOLATED)
clkbuf_leaf_41_clk/Z                      8     11     -3 (VIOLATED)
clkbuf_leaf_49_clk/Z                      8     11     -3 (VIOLATED)
clkbuf_leaf_57_clk/Z                      8     11     -3 (VIOLATED)
clkbuf_leaf_7_clk/Z                       8     11     -3 (VIOLATED)
clkbuf_leaf_8_clk/Z                       8     11     -3 (VIOLATED)
clkbuf_leaf_9_clk/Z                       8     11     -3 (VIOLATED)
clkbuf_leaf_14_clk/Z                      8     10     -2 (VIOLATED)
clkbuf_leaf_17_clk/Z                      8     10     -2 (VIOLATED)
clkbuf_leaf_23_clk/Z                      8     10     -2 (VIOLATED)
clkbuf_leaf_2_clk/Z                       8     10     -2 (VIOLATED)
clkbuf_leaf_35_clk/Z                      8     10     -2 (VIOLATED)
clkbuf_leaf_37_clk/Z                      8     10     -2 (VIOLATED)
clkbuf_leaf_42_clk/Z                      8     10     -2 (VIOLATED)
clkbuf_leaf_46_clk/Z                      8     10     -2 (VIOLATED)
clkbuf_leaf_50_clk/Z                      8     10     -2 (VIOLATED)
clkbuf_leaf_22_clk/Z                      8      9        (VIOLATED)
clkbuf_leaf_59_clk/Z                      8      9        (VIOLATED)
clkbuf_leaf_5_clk/Z                       8      9        (VIOLATED)
clkbuf_leaf_60_clk/Z                      8      9        (VIOLATED)

max capacitance

Pin                                        Limit         Cap       Slack
------------------------------------------------------------------------
clkbuf_0_clk/Z                          0.200000    0.415912   -0.215912 (VIOLATED)



===========================================================================
report_parasitic_annotation -report_unannotated
============================================================================
Found 36 unannotated drivers.
 clkload0/ZN
 clkload1/ZN
 clkload10/ZN
 clkload11/ZN
 clkload12/ZN
 clkload13/Z
 clkload14/Z
 clkload15/Z
 clkload16/Z
 clkload17/Z
 clkload18/ZN
 clkload19/ZN
 clkload2/ZN
 clkload20/ZN
 clkload21/ZN
 clkload22/ZN
 clkload23/ZN
 clkload24/Z
 clkload25/Z
 clkload26/ZN
 clkload27/Z
 clkload28/Z
 clkload29/Z
 clkload3/Z
 clkload30/ZN
 clkload31/ZN
 clkload32/Z
 clkload33/ZN
 clkload34/Z
 clkload35/Z
 clkload4/ZN
 clkload5/ZN
 clkload6/ZN
 clkload7/ZN
 clkload8/Z
 clkload9/Z
Found 0 partially unannotated drivers.

===========================================================================
max slew violation count 35
Writing metric design__max_slew_violation__count__corner:nom_tt_025C_3v30: 35
max fanout violation count 38
Writing metric design__max_fanout_violation__count__corner:nom_tt_025C_3v30: 38
max cap violation count 1
Writing metric design__max_cap_violation__count__corner:nom_tt_025C_3v30: 1
============================================================================

===========================================================================
check_setup -verbose -unconstrained_endpoints -multiple_clock -no_clock -no_input_delay -loops -generated_clocks
===========================================================================
