Clock: clk
Sources: clk 
Generated: no
Virtual: yes
Propagated: no
Period: 200.000000

===========================================================================
report_clock_properties
============================================================================
Clock                   Period          Waveform
----------------------------------------------------
clk                 200.000000    0.000000100.000000

===========================================================================
report_clock_latency
============================================================================
Clock clk
rise -> rise
    min     max
0.000000 0.000000 source latency
2.139051         network latency _12059_/CLK
        2.708758 network latency _11592_/CLK
---------------
2.139051 2.708758 latency
        0.569707 skew

fall -> fall
    min     max
0.000000 0.000000 source latency
1.928612         network latency _12059_/CLK
        2.562473 network latency _11592_/CLK
---------------
1.928612 2.562473 latency
        0.633861 skew



===========================================================================
report_clock_min_period
============================================================================
clk period_min = 29.05 fmax = 34.43
