Reading timing models for corner nom_tt_025C_3v30…
Reading timing library for the 'nom_tt_025C_3v30' corner at '/foss/pdks/gf180mcuD/libs.ref/gf180mcu_fd_sc_mcu7t5v0/lib/gf180mcu_fd_sc_mcu7t5v0__tt_025C_3v30.lib'…
Reading OpenROAD database at '/workspace/librelane/runs/RUN_2026-08-10_10-35-54/32-openroad-repairdesignpostgpl/wrapper.odb'…
Reading design constraints file at '/usr/local/lib/python3.12/dist-packages/librelane/scripts/base.sdc'…
[INFO] Using clock clk…
[INFO] Setting output delay to: 40
[INFO] Setting input delay to: 40
[INFO] Setting load to: 0.07291
[INFO] Setting clock uncertainty to: 0.25
[INFO] Setting clock transition to: 0.15
[INFO] Setting timing derate to: 5%
+ detailed_placement -max_displacement  800 500 
Placement Analysis
---------------------------------
total displacement          0.0 u
average displacement        0.0 u
max displacement            0.0 u
original HPWL          499939.6 u
legalized HPWL         509735.9 u
delta HPWL                    2 %

[INFO DPL-0020] Mirrored 3706 instances
[INFO DPL-0021] HPWL before          509735.9 u
[INFO DPL-0022] HPWL after           499939.6 u
[INFO DPL-0023] HPWL delta               -1.9 %
Setting global connections for newly added cells…
[INFO] Setting global connections...
analog_block_inst matched with analog_block_inst
[INFO ODB-0403] 0 connections made, 0 conflicts skipped.
Updating metrics…
Cell type report:                       Count       Area
  Macro                                     1  115200.00
  Endcap cell                             504    2212.76
  Tap cell                               4412   19370.44
  Timing Repair Buffer                   2255   47903.65
  Inverter                                452    4320.15
  Sequential cell                         548   42281.75
  Multi-Input combinational cell         5323  119486.93
  Total                                 13495  350775.69
Writing OpenROAD database to '/workspace/librelane/runs/RUN_2026-08-10_10-35-54/34-openroad-detailedplacement/wrapper.odb'…
Writing netlist to '/workspace/librelane/runs/RUN_2026-08-10_10-35-54/34-openroad-detailedplacement/wrapper.nl.v'…
Writing powered netlist to '/workspace/librelane/runs/RUN_2026-08-10_10-35-54/34-openroad-detailedplacement/wrapper.pnl.v'…
Writing layout to '/workspace/librelane/runs/RUN_2026-08-10_10-35-54/34-openroad-detailedplacement/wrapper.def'…
Writing timing constraints to '/workspace/librelane/runs/RUN_2026-08-10_10-35-54/34-openroad-detailedplacement/wrapper.sdc'…
