
===========================================================================
report_checks -unconstrained
===========================================================================
======================= max_ss_125C_3v00 Corner ===================================

Startpoint: rst_n (input port clocked by clk)
Endpoint: _3670_ (recovery check against rising-edge clock clk)
Path Group: asynchronous
Path Type: max

Fanout         Cap        Slew       Delay        Time   Description
---------------------------------------------------------------------------------------------
                                  0.000000    0.000000   clock clk (rise edge)
                                  0.000000    0.000000   clock network delay (propagated)
                                 40.000000   40.000000 ^ input external delay
     1    0.006590    0.427057    0.166157   40.166157 ^ rst_n (in)
                                                         rst_n (net)
                      0.427057    0.000000   40.166157 ^ input85/I (gf180mcu_fd_sc_mcu7t5v0__buf_2)
     3    0.037490    0.896870    0.906169   41.072327 ^ input85/Z (gf180mcu_fd_sc_mcu7t5v0__buf_2)
                                                         net85 (net)
                      0.896886    0.002068   41.074394 ^ fanout614/I (gf180mcu_fd_sc_mcu7t5v0__dlyb_1)
     2    0.015452    0.871356    3.130101   44.204494 ^ fanout614/Z (gf180mcu_fd_sc_mcu7t5v0__dlyb_1)
                                                         net614 (net)
                      0.871356    0.000444   44.204941 ^ wire617/I (gf180mcu_fd_sc_mcu7t5v0__clkbuf_2)
     2    0.031645    0.787978    1.082459   45.287399 ^ wire617/Z (gf180mcu_fd_sc_mcu7t5v0__clkbuf_2)
                                                         net617 (net)
                      0.787979    0.001492   45.288891 ^ wire616/I (gf180mcu_fd_sc_mcu7t5v0__clkbuf_2)
     4    0.038961    0.936780    1.156447   46.445339 ^ wire616/Z (gf180mcu_fd_sc_mcu7t5v0__clkbuf_2)
                                                         net616 (net)
                      0.936780    0.000384   46.445721 ^ fanout610/I (gf180mcu_fd_sc_mcu7t5v0__dlyb_1)
     2    0.012592    0.779483    3.061953   49.507675 ^ fanout610/Z (gf180mcu_fd_sc_mcu7t5v0__dlyb_1)
                                                         net610 (net)
                      0.779483    0.000153   49.507828 ^ fanout605/I (gf180mcu_fd_sc_mcu7t5v0__dlyb_1)
     3    0.024474    1.223771    3.346539   52.854366 ^ fanout605/Z (gf180mcu_fd_sc_mcu7t5v0__dlyb_1)
                                                         net605 (net)
                      1.223771    0.000615   52.854980 ^ load_slew608/I (gf180mcu_fd_sc_mcu7t5v0__clkbuf_2)
     3    0.026897    0.696174    1.099160   53.954140 ^ load_slew608/Z (gf180mcu_fd_sc_mcu7t5v0__clkbuf_2)
                                                         net608 (net)
                      0.696174    0.000185   53.954327 ^ load_slew607/I (gf180mcu_fd_sc_mcu7t5v0__buf_2)
     3    0.033800    0.820872    0.910404   54.864731 ^ load_slew607/Z (gf180mcu_fd_sc_mcu7t5v0__buf_2)
                                                         net607 (net)
                      0.820872    0.000657   54.865387 ^ load_slew606/I (gf180mcu_fd_sc_mcu7t5v0__clkbuf_1)
     2    0.026361    1.244615    1.207340   56.072727 ^ load_slew606/Z (gf180mcu_fd_sc_mcu7t5v0__clkbuf_1)
                                                         net606 (net)
                      1.244615    0.000735   56.073463 ^ _3670_/RN (gf180mcu_fd_sc_mcu7t5v0__dffrnq_2)
                                             56.073463   data arrival time

                                200.000000  200.000000   clock clk (rise edge)
                                  0.000000  200.000000   clock source latency
     1    0.059366    0.719193    0.376318  200.376312 ^ clk (in)
                                                         clk (net)
                      0.719296    0.000000  200.376312 ^ clkbuf_0_clk/I (gf180mcu_fd_sc_mcu7t5v0__clkbuf_16)
    16    0.290714    0.895194    1.155428  201.531738 ^ clkbuf_0_clk/Z (gf180mcu_fd_sc_mcu7t5v0__clkbuf_16)
                                                         clknet_0_clk (net)
                      0.895520    0.010701  201.542435 ^ clkbuf_4_14_0_clk/I (gf180mcu_fd_sc_mcu7t5v0__clkbuf_8)
     9    0.056342    0.452769    0.887781  202.430222 ^ clkbuf_4_14_0_clk/Z (gf180mcu_fd_sc_mcu7t5v0__clkbuf_8)
                                                         clknet_4_14_0_clk (net)
                      0.452769    0.000426  202.430649 ^ _3670_/CLK (gf180mcu_fd_sc_mcu7t5v0__dffrnq_2)
                                 -0.250000  202.180649   clock uncertainty
                                  0.000000  202.180649   clock reconvergence pessimism
                                  0.749142  202.929794   library recovery time
                                            202.929794   data required time
---------------------------------------------------------------------------------------------
                                            202.929794   data required time
                                            -56.073463   data arrival time
---------------------------------------------------------------------------------------------
                                            146.856323   slack (MET)


Startpoint: cfg_f_MEMS_fcw[1] (input port clocked by clk)
Endpoint: cal_phase90_offset[20] (output port clocked by clk)
Path Group: clk
Path Type: max

Fanout         Cap        Slew       Delay        Time   Description
---------------------------------------------------------------------------------------------
                                  0.000000    0.000000   clock clk (rise edge)
                                  0.000000    0.000000   clock network delay (propagated)
                                 40.000000   40.000000 v input external delay
     1    0.014101    0.368198    0.183682   40.183681 v cfg_f_MEMS_fcw[1] (in)
                                                         cfg_f_MEMS_fcw[1] (net)
                      0.368198    0.000000   40.183681 v input10/I (gf180mcu_fd_sc_mcu7t5v0__buf_1)
     2    0.014206    0.479414    0.900663   41.084347 v input10/Z (gf180mcu_fd_sc_mcu7t5v0__buf_1)
                                                         net10 (net)
                      0.479414    0.000288   41.084633 v fanout658/I (gf180mcu_fd_sc_mcu7t5v0__dlyb_1)
     2    0.054123    1.596275    4.138443   45.223076 v fanout658/Z (gf180mcu_fd_sc_mcu7t5v0__dlyb_1)
                                                         net658 (net)
                      1.596275    0.001066   45.224144 v load_slew661/I (gf180mcu_fd_sc_mcu7t5v0__buf_2)
     4    0.032114    0.488794    1.195044   46.419186 v load_slew661/Z (gf180mcu_fd_sc_mcu7t5v0__buf_2)
                                                         net661 (net)
                      0.488794    0.001265   46.420452 v _3014_/I (gf180mcu_fd_sc_mcu7t5v0__inv_2)
     3    0.026458    0.665635    0.581153   47.001602 ^ _3014_/ZN (gf180mcu_fd_sc_mcu7t5v0__inv_2)
                                                         _1289_ (net)
                      0.665635    0.000632   47.002235 ^ wire515/I (gf180mcu_fd_sc_mcu7t5v0__buf_2)
     5    0.087550    1.953553    1.572062   48.574299 ^ wire515/Z (gf180mcu_fd_sc_mcu7t5v0__buf_2)
                                                         net515 (net)
                      1.953592    0.004956   48.579254 ^ _3394_/A1 (gf180mcu_fd_sc_mcu7t5v0__xor3_2)
     1    0.019644    0.642654    3.180254   51.759510 ^ _3394_/Z (gf180mcu_fd_sc_mcu7t5v0__xor3_2)
                                                         _1635_ (net)
                      0.642654    0.000227   51.759735 ^ _3409_/A3 (gf180mcu_fd_sc_mcu7t5v0__oai33_4)
     1    0.005650    0.732430    0.510212   52.269947 v _3409_/ZN (gf180mcu_fd_sc_mcu7t5v0__oai33_4)
                                                         _1649_ (net)
                      0.732430    0.000121   52.270069 v wire292/I (gf180mcu_fd_sc_mcu7t5v0__dlyb_1)
     1    0.004061    0.536893    3.191225   55.461292 v wire292/Z (gf180mcu_fd_sc_mcu7t5v0__dlyb_1)
                                                         net292 (net)
                      0.536893    0.000046   55.461342 v wire291/I (gf180mcu_fd_sc_mcu7t5v0__dlyb_1)
     1    0.009031    0.676753    3.263658   58.724998 v wire291/Z (gf180mcu_fd_sc_mcu7t5v0__dlyb_1)
                                                         net291 (net)
                      0.676753    0.000160   58.725159 v wire290/I (gf180mcu_fd_sc_mcu7t5v0__dlyb_1)
     1    0.006598    0.608278    3.245084   61.970242 v wire290/Z (gf180mcu_fd_sc_mcu7t5v0__dlyb_1)
                                                         net290 (net)
                      0.608278    0.000092   61.970333 v wire289/I (gf180mcu_fd_sc_mcu7t5v0__dlyb_1)
     2    0.010949    0.730711    3.347722   65.318054 v wire289/Z (gf180mcu_fd_sc_mcu7t5v0__dlyb_1)
                                                         net289 (net)
                      0.730711    0.000149   65.318207 v max_cap288/I (gf180mcu_fd_sc_mcu7t5v0__dlyb_1)
     1    0.005946    0.581580    3.246363   68.564568 v max_cap288/Z (gf180mcu_fd_sc_mcu7t5v0__dlyb_1)
                                                         net288 (net)
                      0.581580    0.000128   68.564697 v wire286/I (gf180mcu_fd_sc_mcu7t5v0__dlyb_1)
     2    0.009077    0.678060    3.282125   71.846825 v wire286/Z (gf180mcu_fd_sc_mcu7t5v0__dlyb_1)
                                                         net286 (net)
                      0.678060    0.000085   71.846909 v wire284/I (gf180mcu_fd_sc_mcu7t5v0__dlyb_1)
     1    0.005292    0.571532    3.206921   75.053825 v wire284/Z (gf180mcu_fd_sc_mcu7t5v0__dlyb_1)
                                                         net284 (net)
                      0.571532    0.000057   75.053886 v _3443_/A2 (gf180mcu_fd_sc_mcu7t5v0__oai221_1)
     2    0.011436    2.412846    1.165191   76.219078 ^ _3443_/ZN (gf180mcu_fd_sc_mcu7t5v0__oai221_1)
                                                         _1681_ (net)
                      2.412846    0.000171   76.219246 ^ _3444_/A3 (gf180mcu_fd_sc_mcu7t5v0__and3_1)
     3    0.017721    1.054728    1.643898   77.863144 ^ _3444_/Z (gf180mcu_fd_sc_mcu7t5v0__and3_1)
                                                         _1682_ (net)
                      1.054728    0.000334   77.863480 ^ _3463_/A2 (gf180mcu_fd_sc_mcu7t5v0__oai21_1)
     3    0.024994    1.216176    0.999627   78.863106 v _3463_/ZN (gf180mcu_fd_sc_mcu7t5v0__oai21_1)
                                                         _1700_ (net)
                      1.216176    0.000590   78.863693 v _3545_/A2 (gf180mcu_fd_sc_mcu7t5v0__aoi211_2)
     1    0.005208    1.402979    1.093341   79.957039 ^ _3545_/ZN (gf180mcu_fd_sc_mcu7t5v0__aoi211_2)
                                                         _1777_ (net)
                      1.402979    0.000057   79.957092 ^ wire280/I (gf180mcu_fd_sc_mcu7t5v0__clkbuf_1)
     2    0.020929    1.020788    1.153118   81.110214 ^ wire280/Z (gf180mcu_fd_sc_mcu7t5v0__clkbuf_1)
                                                         net280 (net)
                      1.020788    0.000632   81.110840 ^ _3607_/A1 (gf180mcu_fd_sc_mcu7t5v0__oai21_1)
     2    0.016425    1.125858    0.736030   81.846870 v _3607_/ZN (gf180mcu_fd_sc_mcu7t5v0__oai21_1)
                                                         _0168_ (net)
                      1.125858    0.000433   81.847305 v _3636_/A1 (gf180mcu_fd_sc_mcu7t5v0__aoi211_1)
     2    0.011629    2.508681    1.571003   83.418312 ^ _3636_/ZN (gf180mcu_fd_sc_mcu7t5v0__aoi211_1)
                                                         _0195_ (net)
                      2.508681    0.000249   83.418556 ^ _3638_/A1 (gf180mcu_fd_sc_mcu7t5v0__oai21_1)
     3    0.018323    1.274835    0.993310   84.411865 v _3638_/ZN (gf180mcu_fd_sc_mcu7t5v0__oai21_1)
                                                         _0197_ (net)
                      1.274835    0.000320   84.412186 v _1795_/A1 (gf180mcu_fd_sc_mcu7t5v0__aoi21_1)
     1    0.009025    1.325863    1.078533   85.490723 ^ _1795_/ZN (gf180mcu_fd_sc_mcu7t5v0__aoi21_1)
                                                         _0208_ (net)
                      1.325863    0.000114   85.490837 ^ _1796_/A3 (gf180mcu_fd_sc_mcu7t5v0__xor3_2)
     1    0.041142    0.771810    1.763553   87.254387 v _1796_/Z (gf180mcu_fd_sc_mcu7t5v0__xor3_2)
                                                         net143 (net)
                      0.771810    0.001876   87.256264 v output143/I (gf180mcu_fd_sc_mcu7t5v0__buf_2)
     1    0.082273    0.967088    1.296641   88.552902 v output143/Z (gf180mcu_fd_sc_mcu7t5v0__buf_2)
                                                         cal_phase90_offset[20] (net)
                      0.967118    0.003041   88.555946 v cal_phase90_offset[20] (out)
                                             88.555946   data arrival time

                                200.000000  200.000000   clock clk (rise edge)
                                  0.000000  200.000000   clock network delay (propagated)
                                 -0.250000  199.750000   clock uncertainty
                                  0.000000  199.750000   clock reconvergence pessimism
                                -40.000000  159.749985   output external delay
                                            159.749985   data required time
---------------------------------------------------------------------------------------------
                                            159.749985   data required time
                                            -88.555946   data arrival time
---------------------------------------------------------------------------------------------
                                             71.194046   slack (MET)




===========================================================================
report_checks --slack_max -0.01
============================================================================
======================= max_ss_125C_3v00 Corner ===================================

No paths found.


===========================================================================
 report_check_types -max_slew -max_cap -max_fanout -violators
============================================================================
======================= max_ss_125C_3v00 Corner ===================================

max slew

Pin                                        Limit        Slew       Slack
------------------------------------------------------------------------
_2628_/ZN                               3.000000    3.537959   -0.537959 (VIOLATED)
_2629_/A2                               3.000000    3.537959   -0.537959 (VIOLATED)
_2631_/A2                               3.000000    3.537959   -0.537959 (VIOLATED)
_2706_/B                                3.000000    3.537959   -0.537959 (VIOLATED)
_2707_/A2                               3.000000    3.537959   -0.537959 (VIOLATED)
_2679_/A2                               3.000000    3.354640   -0.354641 (VIOLATED)
_2680_/A2                               3.000000    3.354641   -0.354641 (VIOLATED)
_2734_/B                                3.000000    3.354639   -0.354639 (VIOLATED)
input49/Z                               3.000000    3.354616   -0.354616 (VIOLATED)
_1823_/Z                                3.000000    3.263316   -0.263316 (VIOLATED)
_1824_/A2                               3.000000    3.263316   -0.263316 (VIOLATED)
_1825_/A2                               3.000000    3.263316   -0.263316 (VIOLATED)
_1826_/A2                               3.000000    3.263316   -0.263316 (VIOLATED)
_2603_/ZN                               3.000000    3.077999   -0.077999 (VIOLATED)
_2607_/A1                               3.000000    3.077999   -0.077999 (VIOLATED)
_2608_/A1                               3.000000    3.077999   -0.077999 (VIOLATED)

max fanout

Pin                                   Limit Fanout  Slack
---------------------------------------------------------
clkbuf_0_clk/Z                           10     16     -6 (VIOLATED)

max capacitance

Pin                                        Limit         Cap       Slack
------------------------------------------------------------------------
clkbuf_0_clk/Z                          0.200000    0.290714   -0.090714 (VIOLATED)



===========================================================================
report_parasitic_annotation -report_unannotated
============================================================================
Found 15 unannotated drivers.
 clkload0/Z
 clkload1/Z
 clkload10/Z
 clkload11/Z
 clkload12/Z
 clkload13/Z
 clkload14/Z
 clkload2/Z
 clkload3/Z
 clkload4/Z
 clkload5/Z
 clkload6/Z
 clkload7/Z
 clkload8/Z
 clkload9/Z
Found 0 partially unannotated drivers.

===========================================================================
max slew violation count 16
max fanout violation count 1
max cap violation count 1
============================================================================

===========================================================================
check_setup -verbose -unconstrained_endpoints -multiple_clock -no_clock -no_input_delay -loops -generated_clocks
===========================================================================
