Clock: clk
Sources: clk 
Generated: no
Virtual: yes
Propagated: no
Period: 200.000000

===========================================================================
report_clock_properties
============================================================================
Clock                   Period          Waveform
----------------------------------------------------
clk                 200.000000    0.000000100.000000

===========================================================================
report_clock_latency
============================================================================
Clock clk
rise -> rise
    min     max
0.000000 0.000000 source latency
1.341645         network latency wave_controller_x_inst/_3629_/CLK
        1.413390 network latency spi_regs_inst/_1569_/CLK
---------------
1.341645 1.413390 latency
        0.071745 skew

fall -> fall
    min     max
0.000000 0.000000 source latency
1.287539         network latency wave_controller_x_inst/_3629_/CLK
        1.367731 network latency spi_regs_inst/_1569_/CLK
---------------
1.287539 1.367731 latency
        0.080192 skew



===========================================================================
report_clock_min_period
============================================================================
clk period_min = 20.89 fmax = 47.87
