Clock: clk_PAD
Sources: clk_pad/Y 
Generated: no
Virtual: yes
Propagated: no
Period: 40.000000

===========================================================================
report_clock_properties
============================================================================
Clock                   Period          Waveform
----------------------------------------------------
clk_PAD              40.000000    0.000000 20.000000

===========================================================================
report_clock_latency
============================================================================
Clock clk_PAD
rise -> rise
    min     max
0.000000 0.000000 source latency
1.691525         network latency _10074_/CLK
        2.022327 network latency _10119_/CLK
---------------
1.691525 2.022327 latency
        0.330802 skew

fall -> fall
    min     max
0.000000 0.000000 source latency
1.831129         network latency _10074_/CLK
        2.216208 network latency _10119_/CLK
---------------
1.831129 2.216208 latency
        0.385079 skew



===========================================================================
report_clock_min_period
============================================================================
clk_PAD period_min = 23.70 fmax = 42.20
