
===========================================================================
 report_power
============================================================================
======================= min_ff_n40C_3v60 Corner ===================================

Group                    Internal    Switching      Leakage        Total
                            Power        Power        Power        Power (Watts)
------------------------------------------------------------------------
Sequential           7.911688e-04 6.645184e-06 1.245310e-07 7.979384e-04  97.7%
Combinational        1.259782e-05 5.767056e-06 3.540054e-07 1.871889e-05   2.3%
Clock                0.000000e+00 0.000000e+00 0.000000e+00 0.000000e+00   0.0%
Macro                0.000000e+00 0.000000e+00 0.000000e+00 0.000000e+00   0.0%
Pad                  0.000000e+00 0.000000e+00 0.000000e+00 0.000000e+00   0.0%
------------------------------------------------------------------------
Total                8.037664e-04 1.241224e-05 4.785358e-07 8.166571e-04 100.0%
                            98.4%         1.5%         0.1%

