Clock: clk
Sources: clk 
Generated: no
Virtual: yes
Propagated: no
Period: 200.000000

===========================================================================
report_clock_properties
============================================================================
Clock                   Period          Waveform
----------------------------------------------------
clk                 200.000000    0.000000100.000000

===========================================================================
report_clock_latency
============================================================================
Clock clk
rise -> rise
    min     max
0.000000 0.000000 source latency
2.513692         network latency _11722_/CLK
        2.693328 network latency _11752_/CLK
---------------
2.513692 2.693328 latency
        0.179636 skew

fall -> fall
    min     max
0.000000 0.000000 source latency
2.367656         network latency _11722_/CLK
        2.559908 network latency _11752_/CLK
---------------
2.367656 2.559908 latency
        0.192252 skew



===========================================================================
report_clock_min_period
============================================================================
clk period_min = 30.59 fmax = 32.69
