17 Lint warnings found.
'PNR_SDC_FILE' is not defined. Using generic fallback SDC for OpenROAD PnR steps.
'SIGNOFF_SDC_FILE' is not defined. Using generic fallback SDC for OpenROAD PnR steps.
No libs found for macro analog_block at corner nom_tt_025C_3v30. The module will be black-boxed.
No libs found for macro analog_block at corner nom_tt_025C_3v30. The module will be black-boxed.
No libs found for macro analog_block at corner nom_tt_025C_3v30. The module will be black-boxed.
No libs found for macro analog_block at corner min_ff_n40C_3v60. The module will be black-boxed.
No libs found for macro analog_block at corner max_ss_125C_3v00. The module will be black-boxed.
No libs found for macro analog_block at corner nom_tt_025C_3v30. The module will be black-boxed.
[ORD-2011] LEF master analog_block has no liberty cell.
[IFP-0028] Core area lower left (0.000, 10.000) snapped to (0.000, 11.760).
No libs found for macro analog_block at corner nom_tt_025C_3v30. The module will be black-boxed.
Cell 'analog_block' has (5) input pin(s) without antenna gate information. They might not be connected to a gate.
Cell 'analog_block' has (2) output pin(s) without antenna diffusion information. They might not be driven.
No libs found for macro analog_block at corner nom_tt_025C_3v30. The module will be black-boxed.
No libs found for macro analog_block at corner nom_tt_025C_3v30. The module will be black-boxed.
No libs found for macro analog_block at corner nom_tt_025C_3v30. The module will be black-boxed.
[PDN-0231] analog_block_inst is not connected to any power/ground nets.
No libs found for macro analog_block at corner nom_tt_025C_3v30. The module will be black-boxed.
No libs found for macro analog_block at corner nom_tt_025C_3v30. The module will be black-boxed.
No libs found for macro analog_block at corner nom_tt_025C_3v30. The module will be black-boxed.
No libs found for macro analog_block at corner min_ff_n40C_3v60. The module will be black-boxed.
No libs found for macro analog_block at corner max_ss_125C_3v00. The module will be black-boxed.
[RSZ-0020] found 2 floating nets.
No libs found for macro analog_block at corner nom_tt_025C_3v30. The module will be black-boxed.
No libs found for macro analog_block at corner nom_tt_025C_3v30. The module will be black-boxed.
No libs found for macro analog_block at corner min_ff_n40C_3v60. The module will be black-boxed.
No libs found for macro analog_block at corner max_ss_125C_3v00. The module will be black-boxed.
No libs found for macro analog_block at corner nom_tt_025C_3v30. The module will be black-boxed.
No libs found for macro analog_block at corner nom_tt_025C_3v30. The module will be black-boxed.
No libs found for macro analog_block at corner min_ff_n40C_3v60. The module will be black-boxed.
No libs found for macro analog_block at corner max_ss_125C_3v00. The module will be black-boxed.
No libs found for macro analog_block at corner nom_tt_025C_3v30. The module will be black-boxed.
No libs found for macro analog_block at corner nom_tt_025C_3v30. The module will be black-boxed.
No libs found for macro analog_block at corner nom_tt_025C_3v30. The module will be black-boxed.
No libs found for macro analog_block at corner nom_tt_025C_3v30. The module will be black-boxed.
No libs found for macro analog_block at corner nom_tt_025C_3v30. The module will be black-boxed.
No libs found for macro analog_block at corner nom_tt_025C_3v30. The module will be black-boxed.
No libs found for macro analog_block at corner nom_tt_025C_3v30. The module will be black-boxed.
No libs found for macro analog_block at corner nom_tt_025C_3v30. The module will be black-boxed.
No libs found for macro analog_block at corner nom_tt_025C_3v30. The module will be black-boxed.
[DRT-0349] LEF58_ENCLOSURE with no CUTCLASS is not supported. Skipping for layer Via1
[DRT-0349] LEF58_ENCLOSURE with no CUTCLASS is not supported. Skipping for layer Via1
[DRT-0349] LEF58_ENCLOSURE with no CUTCLASS is not supported. Skipping for layer Via2
[DRT-0349] LEF58_ENCLOSURE with no CUTCLASS is not supported. Skipping for layer Via2
[DRT-0349] LEF58_ENCLOSURE with no CUTCLASS is not supported. Skipping for layer Via3
[DRT-0349] LEF58_ENCLOSURE with no CUTCLASS is not supported. Skipping for layer Via3
[DRT-0349] LEF58_ENCLOSURE with no CUTCLASS is not supported. Skipping for layer Via4
[DRT-0349] LEF58_ENCLOSURE with no CUTCLASS is not supported. Skipping for layer Via4
[DRT-0419] No routing tracks pass through the center of Term analog_block_inst/comp_x
[DRT-0419] No routing tracks pass through the center of Term analog_block_inst/clk
[DRT-0419] No routing tracks pass through the center of Term analog_block_inst/ref_wave_x
[DRT-0419] No routing tracks pass through the center of Term analog_block_inst/read_en
[DRT-0419] No routing tracks pass through the center of Term analog_block_inst/ref_wave_y
[DRT-0419] No routing tracks pass through the center of Term analog_block_inst/clk1
[DRT-0419] No routing tracks pass through the center of Term analog_block_inst/comp_y
No libs found for macro analog_block at corner nom_tt_025C_3v30. The module will be black-boxed.
Threshold for Threshold-surpassing long wires is not set. The checker will be skipped.
No libs found for macro analog_block at corner nom_tt_025C_3v30. The module will be black-boxed.
No libs found for macro analog_block at corner nom_tt_025C_3v30. The module will be black-boxed.
No libs found for macro analog_block at corner min_ff_n40C_3v60. The module will be black-boxed.
No libs found for macro analog_block at corner max_ss_125C_3v00. The module will be black-boxed.
'VSRC_LOC_FILES' was not given a value, which may make the results of IR drop analysis inaccurate. If you are not integrating a top-level chip for manufacture, you may ignore this warning, otherwise, see the documentation for 'VSRC_LOC_FILES'.
No libs found for macro analog_block at corner nom_tt_025C_3v30. The module will be black-boxed.
[ODB-0186] macro gf180mcu_ef_io__bi_t references unknown site GF_IO_Site
[ODB-0186] macro gf180mcu_fd_io__asig_5p0 references unknown site GF_IO_Site
[ODB-0186] macro gf180mcu_fd_io__bi_24t references unknown site GF_IO_Site
[ODB-0186] macro gf180mcu_fd_io__bi_t references unknown site GF_IO_Site
[ODB-0186] macro gf180mcu_fd_io__brk2 references unknown site GF_IO_Site
[ODB-0186] macro gf180mcu_fd_io__brk5 references unknown site GF_IO_Site
[ODB-0186] macro gf180mcu_fd_io__cor references unknown site GF_COR_Site
[ODB-0186] macro gf180mcu_fd_io__dvdd references unknown site GF_IO_Site
[ODB-0186] macro gf180mcu_fd_io__dvss references unknown site GF_IO_Site
[ODB-0186] macro gf180mcu_fd_io__fill1 references unknown site GF_IO_Site
[ODB-0186] macro gf180mcu_fd_io__fill10 references unknown site GF_IO_Site
[ODB-0186] macro gf180mcu_fd_io__fill5 references unknown site GF_IO_Site
[ODB-0186] macro gf180mcu_fd_io__fillnc references unknown site GF_IO_Site
[ODB-0186] macro gf180mcu_fd_io__in_c references unknown site GF_IO_Site
[ODB-0186] macro gf180mcu_fd_io__in_s references unknown site GF_IO_Site
[ODB-0186] macro gf180mcu_ws_io__dvdd references unknown site GF_IO_Site
[ODB-0186] macro gf180mcu_ws_io__dvss references unknown site GF_IO_Site
Max Slew violations found in the following corners:
* max_ss_125C_3v00
* nom_tt_025C_3v30
Max Cap violations found in the following corners:
* max_ss_125C_3v00
* min_ff_n40C_3v60
* nom_tt_025C_3v30
