
===========================================================================
 report_power
============================================================================
======================= nom_tt_025C_3v30 Corner ===================================

Group                    Internal    Switching      Leakage        Total
                            Power        Power        Power        Power (Watts)
------------------------------------------------------------------------
Sequential           2.390374e-03 6.716754e-06 1.086710e-07 2.397199e-03  99.3%
Combinational        1.166715e-05 5.884107e-06 2.540692e-07 1.780532e-05   0.7%
Clock                0.000000e+00 0.000000e+00 1.114049e-07 1.114049e-07   0.0%
Macro                0.000000e+00 0.000000e+00 0.000000e+00 0.000000e+00   0.0%
Pad                  0.000000e+00 0.000000e+00 0.000000e+00 0.000000e+00   0.0%
------------------------------------------------------------------------
Total                2.402039e-03 1.260086e-05 4.741000e-07 2.415114e-03 100.0%
                            99.5%         0.5%         0.0%
Writing metric power__internal__total: 0.0024020394776016474
Writing metric power__switching__total: 1.2600861737155356e-5
Writing metric power__leakage__total: 4.7410000547642994e-7
Writing metric power__total: 0.002415114315226674

