Clock: clk
Sources: clk 
Generated: no
Virtual: yes
Propagated: no
Period: 200.000000

===========================================================================
report_clock_properties
============================================================================
Clock                   Period          Waveform
----------------------------------------------------
clk                 200.000000    0.000000100.000000

===========================================================================
report_clock_latency
============================================================================
Clock clk
rise -> rise
    min     max
0.000000 0.000000 source latency
1.430249         network latency _1495_/CLK
        1.474705 network latency _1668_/CLK
---------------
1.430249 1.474705 latency
        0.044457 skew

fall -> fall
    min     max
0.000000 0.000000 source latency
1.383135         network latency _1495_/CLK
        1.429513 network latency _1585_/CLK
---------------
1.383135 1.429513 latency
        0.046377 skew



===========================================================================
report_clock_min_period
============================================================================
clk period_min = 16.22 fmax = 61.64
