Reading timing models for corner nom_tt_025C_3v30…
Reading timing library for the 'nom_tt_025C_3v30' corner at '/foss/pdks/gf180mcuD/libs.ref/gf180mcu_fd_sc_mcu7t5v0/lib/gf180mcu_fd_sc_mcu7t5v0__tt_025C_3v30.lib'…
Reading OpenROAD database at '/workspace/librelane/runs/RUN_2026-08-10_00-37-52/42-openroad-repairantennas/1-openroad-diodeinsertion/spi_regs.odb'…
Reading design constraints file at '/usr/local/lib/python3.12/dist-packages/librelane/scripts/base.sdc'…
[INFO] Using clock clk…
[INFO] Setting output delay to: 40
[INFO] Setting input delay to: 40
[INFO] Setting load to: 0.07291
[INFO] Setting clock uncertainty to: 0.25
[INFO] Setting clock transition to: 0.15
[INFO] Setting timing derate to: 5%
[INFO ORD-0030] Using 16 thread(s).
+ detailed_route -droute_end_iter 64 -or_seed 42 -verbose 1 -output_drc /workspace/librelane/runs/RUN_2026-08-10_00-37-52/44-openroad-detailedrouting/drt-run-0/spi_regs.drc
[INFO DRT-0149] Reading tech and libs.
[WARNING DRT-0349] LEF58_ENCLOSURE with no CUTCLASS is not supported. Skipping for layer Via1
[WARNING DRT-0349] LEF58_ENCLOSURE with no CUTCLASS is not supported. Skipping for layer Via1
[WARNING DRT-0349] LEF58_ENCLOSURE with no CUTCLASS is not supported. Skipping for layer Via2
[WARNING DRT-0349] LEF58_ENCLOSURE with no CUTCLASS is not supported. Skipping for layer Via2
[WARNING DRT-0349] LEF58_ENCLOSURE with no CUTCLASS is not supported. Skipping for layer Via3
[WARNING DRT-0349] LEF58_ENCLOSURE with no CUTCLASS is not supported. Skipping for layer Via3
[WARNING DRT-0349] LEF58_ENCLOSURE with no CUTCLASS is not supported. Skipping for layer Via4
[WARNING DRT-0349] LEF58_ENCLOSURE with no CUTCLASS is not supported. Skipping for layer Via4

Units:                2000
Number of layers:     11
Number of macros:     246
Number of vias:       60
Number of viarulegen: 16

[INFO DRT-0150] Reading design.

Design:                   spi_regs
Die area:                 ( 0 0 ) ( 673090 708930 )
Number of track patterns: 10
Number of DEF vias:       0
Number of components:     2706
Number of terminals:      472
Number of snets:          2
Number of nets:           2165

[INFO DRT-0167] List of default vias:
  Layer Via2
    default via: Via2_VH
  Layer Via3
    default via: Via3_HV
  Layer Via4
    default via: Via4_VH
[INFO DRT-0162] Library cell analysis.
[INFO DRT-0163] Instance analysis.
[INFO DRT-0164] Number of unique instances = 177.
[INFO DRT-0168] Init region query.
[INFO DRT-0024]   Complete Poly2.
[INFO DRT-0024]   Complete CON.
[INFO DRT-0024]   Complete Metal1.
[INFO DRT-0024]   Complete Via1.
[INFO DRT-0024]   Complete Metal2.
[INFO DRT-0024]   Complete Via2.
[INFO DRT-0024]   Complete Metal3.
[INFO DRT-0024]   Complete Via3.
[INFO DRT-0024]   Complete Metal4.
[INFO DRT-0024]   Complete Via4.
[INFO DRT-0024]   Complete Metal5.
[INFO DRT-0033] Poly2 shape region query size = 0.
[INFO DRT-0033] CON shape region query size = 0.
[INFO DRT-0033] Metal1 shape region query size = 49409.
[INFO DRT-0033] Via1 shape region query size = 498.
[INFO DRT-0033] Metal2 shape region query size = 346.
[INFO DRT-0033] Via2 shape region query size = 498.
[INFO DRT-0033] Metal3 shape region query size = 788.
[INFO DRT-0033] Via3 shape region query size = 498.
[INFO DRT-0033] Metal4 shape region query size = 182.
[INFO DRT-0033] Via4 shape region query size = 72.
[INFO DRT-0033] Metal5 shape region query size = 16.
[INFO DRT-0165] Start pin access.
[INFO DRT-0076]   Complete 1000 pins.
[INFO DRT-0078]   Complete 1335 pins.
[INFO DRT-0079]   Complete 100 unique inst patterns.
[INFO DRT-0081]   Complete 173 unique inst patterns.
[INFO DRT-0084]   Complete 1073 groups.
#scanned instances     = 2706
#unique  instances     = 177
#stdCellGenAp          = 4796
#stdCellValidPlanarAp  = 0
#stdCellValidViaAp     = 3769
#stdCellPinNoAp        = 0
#stdCellPinCnt         = 5774
#instTermValidViaApCnt = 0
#macroGenAp            = 0
#macroValidPlanarAp    = 0
#macroValidViaAp       = 0
#macroNoAp             = 0
[INFO DRT-0166] Complete pin access.
[INFO DRT-0267] cpu time = 00:00:21, elapsed time = 00:00:01, memory = 144.94 (MB), peak = 144.94 (MB)

[INFO DRT-0157] Number of guides:     17419

[INFO DRT-0169] Post process guides.
[INFO DRT-0176] GCELLGRID X 0 DO 40 STEP 16800 ;
[INFO DRT-0177] GCELLGRID Y 0 DO 42 STEP 16800 ;
[INFO DRT-0028]   Complete Poly2.
[INFO DRT-0028]   Complete CON.
[INFO DRT-0028]   Complete Metal1.
[INFO DRT-0028]   Complete Via1.
[INFO DRT-0028]   Complete Metal2.
[INFO DRT-0028]   Complete Via2.
[INFO DRT-0028]   Complete Metal3.
[INFO DRT-0028]   Complete Via3.
[INFO DRT-0028]   Complete Metal4.
[INFO DRT-0028]   Complete Via4.
[INFO DRT-0028]   Complete Metal5.
[INFO DRT-0178] Init guide query.
[INFO DRT-0035]   Complete Poly2 (guide).
[INFO DRT-0035]   Complete CON (guide).
[INFO DRT-0035]   Complete Metal1 (guide).
[INFO DRT-0035]   Complete Via1 (guide).
[INFO DRT-0035]   Complete Metal2 (guide).
[INFO DRT-0035]   Complete Via2 (guide).
[INFO DRT-0035]   Complete Metal3 (guide).
[INFO DRT-0035]   Complete Via3 (guide).
[INFO DRT-0035]   Complete Metal4 (guide).
[INFO DRT-0035]   Complete Via4 (guide).
[INFO DRT-0035]   Complete Metal5 (guide).
[INFO DRT-0036] Poly2 guide region query size = 0.
[INFO DRT-0036] CON guide region query size = 0.
[INFO DRT-0036] Metal1 guide region query size = 5408.
[INFO DRT-0036] Via1 guide region query size = 0.
[INFO DRT-0036] Metal2 guide region query size = 5190.
[INFO DRT-0036] Via2 guide region query size = 0.
[INFO DRT-0036] Metal3 guide region query size = 3139.
[INFO DRT-0036] Via3 guide region query size = 0.
[INFO DRT-0036] Metal4 guide region query size = 424.
[INFO DRT-0036] Via4 guide region query size = 0.
[INFO DRT-0036] Metal5 guide region query size = 133.
[INFO DRT-0179] Init gr pin query.
[INFO DRT-0267] cpu time = 00:00:00, elapsed time = 00:00:00, memory = 150.07 (MB), peak = 150.07 (MB)
[INFO DRT-0245] skipped writing guide updates to database.
[INFO DRT-0185] Post process initialize RPin region query.
[INFO DRT-0181] Start track assignment.
[INFO DRT-0184] Done with 5614 vertical wires in 1 frboxes and 8680 horizontal wires in 1 frboxes.
[INFO DRT-0186] Done with 1797 vertical wires in 1 frboxes and 1339 horizontal wires in 1 frboxes.
[INFO DRT-0182] Complete track assignment.
[INFO DRT-0267] cpu time = 00:00:00, elapsed time = 00:00:00, memory = 177.66 (MB), peak = 177.66 (MB)
[INFO DRT-0187] Start routing data preparation.
[INFO DRT-0267] cpu time = 00:00:00, elapsed time = 00:00:00, memory = 181.41 (MB), peak = 181.41 (MB)
[INFO DRT-0194] Start detail routing.
[INFO DRT-0195] Start 0th optimization iteration.
    Completing 10% with 0 violations.
    elapsed time = 00:00:00, memory = 220.96 (MB).
    Completing 20% with 0 violations.
    elapsed time = 00:00:00, memory = 222.80 (MB).
    Completing 30% with 197 violations.
    elapsed time = 00:00:00, memory = 242.93 (MB).
    Completing 40% with 197 violations.
    elapsed time = 00:00:01, memory = 275.05 (MB).
    Completing 50% with 197 violations.
    elapsed time = 00:00:01, memory = 281.05 (MB).
    Completing 60% with 354 violations.
    elapsed time = 00:00:01, memory = 299.93 (MB).
    Completing 70% with 354 violations.
    elapsed time = 00:00:02, memory = 311.55 (MB).
    Completing 80% with 467 violations.
    elapsed time = 00:00:02, memory = 325.80 (MB).
    Completing 90% with 467 violations.
    elapsed time = 00:00:02, memory = 329.86 (MB).
    Completing 100% with 595 violations.
    elapsed time = 00:00:02, memory = 325.85 (MB).
[INFO DRT-0199]   Number of violations = 680.
Viol/Layer      Metal1 Metal2 Metal3 Metal4
Metal Spacing        0     60      4      0
Recheck              4     56     24      1
Short                0    445     86      0
[INFO DRT-0267] cpu time = 00:00:13, elapsed time = 00:00:03, memory = 619.89 (MB), peak = 631.85 (MB)
Total wire length = 168876 um.
Total wire length on LAYER Metal1 = 0 um.
Total wire length on LAYER Metal2 = 62427 um.
Total wire length on LAYER Metal3 = 78114 um.
Total wire length on LAYER Metal4 = 12723 um.
Total wire length on LAYER Metal5 = 15611 um.
Total number of vias = 13249.
Up-via summary (total 13249):

----------------
  Poly2        0
 Metal1     5947
 Metal2     6248
 Metal3      798
 Metal4      256
----------------
       13249


[INFO DRT-0195] Start 1st optimization iteration.
    Completing 10% with 680 violations.
    elapsed time = 00:00:00, memory = 628.01 (MB).
    Completing 20% with 680 violations.
    elapsed time = 00:00:00, memory = 636.39 (MB).
    Completing 30% with 618 violations.
    elapsed time = 00:00:00, memory = 640.89 (MB).
    Completing 40% with 618 violations.
    elapsed time = 00:00:01, memory = 645.76 (MB).
    Completing 50% with 618 violations.
    elapsed time = 00:00:01, memory = 650.76 (MB).
    Completing 60% with 539 violations.
    elapsed time = 00:00:01, memory = 653.76 (MB).
    Completing 70% with 539 violations.
    elapsed time = 00:00:01, memory = 657.51 (MB).
    Completing 80% with 378 violations.
    elapsed time = 00:00:02, memory = 659.01 (MB).
    Completing 90% with 378 violations.
    elapsed time = 00:00:02, memory = 659.64 (MB).
    Completing 100% with 229 violations.
    elapsed time = 00:00:02, memory = 659.76 (MB).
[INFO DRT-0199]   Number of violations = 229.
Viol/Layer      Metal2 Metal3 Metal4
Metal Spacing       25      1      0
Short              185     15      3
[INFO DRT-0267] cpu time = 00:00:12, elapsed time = 00:00:02, memory = 662.92 (MB), peak = 674.76 (MB)
Total wire length = 168137 um.
Total wire length on LAYER Metal1 = 0 um.
Total wire length on LAYER Metal2 = 61878 um.
Total wire length on LAYER Metal3 = 77684 um.
Total wire length on LAYER Metal4 = 12978 um.
Total wire length on LAYER Metal5 = 15595 um.
Total number of vias = 13231.
Up-via summary (total 13231):

----------------
  Poly2        0
 Metal1     5930
 Metal2     6181
 Metal3      867
 Metal4      253
----------------
       13231


[INFO DRT-0195] Start 2nd optimization iteration.
    Completing 10% with 229 violations.
    elapsed time = 00:00:00, memory = 662.92 (MB).
    Completing 20% with 229 violations.
    elapsed time = 00:00:00, memory = 664.67 (MB).
    Completing 30% with 229 violations.
    elapsed time = 00:00:00, memory = 666.42 (MB).
    Completing 40% with 205 violations.
    elapsed time = 00:00:00, memory = 669.79 (MB).
    Completing 50% with 205 violations.
    elapsed time = 00:00:00, memory = 669.92 (MB).
    Completing 60% with 195 violations.
    elapsed time = 00:00:00, memory = 671.67 (MB).
    Completing 70% with 195 violations.
    elapsed time = 00:00:01, memory = 687.29 (MB).
    Completing 80% with 195 violations.
    elapsed time = 00:00:01, memory = 690.67 (MB).
    Completing 90% with 196 violations.
    elapsed time = 00:00:01, memory = 691.04 (MB).
    Completing 100% with 205 violations.
    elapsed time = 00:00:02, memory = 696.04 (MB).
[INFO DRT-0199]   Number of violations = 205.
Viol/Layer      Metal2 Metal3 Metal4
Metal Spacing       23      2      0
Short              168     11      1
[INFO DRT-0267] cpu time = 00:00:10, elapsed time = 00:00:02, memory = 696.04 (MB), peak = 707.92 (MB)
Total wire length = 168013 um.
Total wire length on LAYER Metal1 = 0 um.
Total wire length on LAYER Metal2 = 61740 um.
Total wire length on LAYER Metal3 = 77514 um.
Total wire length on LAYER Metal4 = 13140 um.
Total wire length on LAYER Metal5 = 15617 um.
Total number of vias = 13244.
Up-via summary (total 13244):

----------------
  Poly2        0
 Metal1     5939
 Metal2     6148
 Metal3      908
 Metal4      249
----------------
       13244


[INFO DRT-0195] Start 3rd optimization iteration.
    Completing 10% with 205 violations.
    elapsed time = 00:00:00, memory = 700.42 (MB).
    Completing 20% with 205 violations.
    elapsed time = 00:00:00, memory = 700.42 (MB).
    Completing 30% with 141 violations.
    elapsed time = 00:00:00, memory = 700.42 (MB).
    Completing 40% with 141 violations.
    elapsed time = 00:00:00, memory = 700.67 (MB).
    Completing 50% with 141 violations.
    elapsed time = 00:00:00, memory = 700.67 (MB).
    Completing 60% with 88 violations.
    elapsed time = 00:00:01, memory = 700.79 (MB).
    Completing 70% with 88 violations.
    elapsed time = 00:00:01, memory = 700.79 (MB).
    Completing 80% with 46 violations.
    elapsed time = 00:00:01, memory = 700.79 (MB).
    Completing 90% with 46 violations.
    elapsed time = 00:00:01, memory = 700.79 (MB).
    Completing 100% with 2 violations.
    elapsed time = 00:00:01, memory = 700.79 (MB).
[INFO DRT-0199]   Number of violations = 2.
Viol/Layer      Metal2
Short                2
[INFO DRT-0267] cpu time = 00:00:06, elapsed time = 00:00:01, memory = 700.79 (MB), peak = 712.67 (MB)
Total wire length = 167790 um.
Total wire length on LAYER Metal1 = 0 um.
Total wire length on LAYER Metal2 = 58673 um.
Total wire length on LAYER Metal3 = 77458 um.
Total wire length on LAYER Metal4 = 15864 um.
Total wire length on LAYER Metal5 = 15794 um.
Total number of vias = 13559.
Up-via summary (total 13559):

----------------
  Poly2        0
 Metal1     5937
 Metal2     6202
 Metal3     1157
 Metal4      263
----------------
       13559


[INFO DRT-0195] Start 4th guides tiles iteration.
    Completing 50% with 2 violations.
    elapsed time = 00:00:00, memory = 700.79 (MB).
    Completing 100% with 0 violations.
    elapsed time = 00:00:00, memory = 700.79 (MB).
[INFO DRT-0199]   Number of violations = 0.
[INFO DRT-0267] cpu time = 00:00:00, elapsed time = 00:00:00, memory = 700.79 (MB), peak = 712.67 (MB)
Total wire length = 167795 um.
Total wire length on LAYER Metal1 = 0 um.
Total wire length on LAYER Metal2 = 58662 um.
Total wire length on LAYER Metal3 = 77466 um.
Total wire length on LAYER Metal4 = 15871 um.
Total wire length on LAYER Metal5 = 15794 um.
Total number of vias = 13565.
Up-via summary (total 13565):

----------------
  Poly2        0
 Metal1     5937
 Metal2     6206
 Metal3     1159
 Metal4      263
----------------
       13565


[INFO DRT-0198] Complete detail routing.
Total wire length = 167795 um.
Total wire length on LAYER Metal1 = 0 um.
Total wire length on LAYER Metal2 = 58662 um.
Total wire length on LAYER Metal3 = 77466 um.
Total wire length on LAYER Metal4 = 15871 um.
Total wire length on LAYER Metal5 = 15794 um.
Total number of vias = 13565.
Up-via summary (total 13565):

----------------
  Poly2        0
 Metal1     5937
 Metal2     6206
 Metal3     1159
 Metal4      263
----------------
       13565


[INFO DRT-0267] cpu time = 00:00:43, elapsed time = 00:00:10, memory = 701.04 (MB), peak = 712.67 (MB)

[INFO DRT-0180] Post processing.
+ check_antennas 
[INFO ANT-0002] Found 0 net violations.
[INFO ANT-0001] Found 0 pin violations.
Setting global connections for newly added cells…
[INFO] Setting global connections...
[INFO ODB-0403] 0 connections made, 0 conflicts skipped.
Updating metrics…
Cell type report:                       Count       Area
  Endcap cell                             164     720.03
  Tap cell                                672    2950.35
  Clock buffer                             32    1813.24
  Timing Repair Buffer                    887   15164.44
  Inverter                                 22     219.52
  Clock inverter                            4      74.64
  Sequential cell                         213   16226.92
  Multi-Input combinational cell          712   21971.76
  Total                                  2706   59140.88
Writing OpenROAD database to '/workspace/librelane/runs/RUN_2026-08-10_00-37-52/44-openroad-detailedrouting/spi_regs.odb'…
Writing netlist to '/workspace/librelane/runs/RUN_2026-08-10_00-37-52/44-openroad-detailedrouting/spi_regs.nl.v'…
Writing powered netlist to '/workspace/librelane/runs/RUN_2026-08-10_00-37-52/44-openroad-detailedrouting/spi_regs.pnl.v'…
Writing layout to '/workspace/librelane/runs/RUN_2026-08-10_00-37-52/44-openroad-detailedrouting/spi_regs.def'…
Writing timing constraints to '/workspace/librelane/runs/RUN_2026-08-10_00-37-52/44-openroad-detailedrouting/spi_regs.sdc'…
