Clock: clk
Sources: clk 
Generated: no
Virtual: yes
Propagated: no
Period: 200.000000

===========================================================================
report_clock_properties
============================================================================
Clock                   Period          Waveform
----------------------------------------------------
clk                 200.000000    0.000000100.000000

===========================================================================
report_clock_latency
============================================================================
Clock clk
rise -> rise
    min     max
0.000000 0.000000 source latency
0.753726         network latency _38_/CLK
        0.755571 network latency _40_/CLK
---------------
0.753726 0.755571 latency
        0.001844 skew

fall -> fall
    min     max
0.000000 0.000000 source latency
0.708951         network latency _38_/CLK
        0.710877 network latency _40_/CLK
---------------
0.708951 0.710877 latency
        0.001926 skew



===========================================================================
report_clock_min_period
============================================================================
clk period_min = 6.35 fmax = 157.56
