Reading timing models for corner nom_tt_025C_3v30…
Reading timing library for the 'nom_tt_025C_3v30' corner at '/foss/pdks/gf180mcuD/libs.ref/gf180mcu_fd_sc_mcu7t5v0/lib/gf180mcu_fd_sc_mcu7t5v0__tt_025C_3v30.lib'…
Reading OpenROAD database at '/workspace/librelane/runs/RUN_2026-08-09_23-45-37/42-openroad-repairantennas/1-openroad-diodeinsertion/state_machine.odb'…
Reading design constraints file at '/usr/local/lib/python3.12/dist-packages/librelane/scripts/base.sdc'…
[INFO] Using clock clk…
[INFO] Setting output delay to: 40
[INFO] Setting input delay to: 40
[INFO] Setting load to: 0.07291
[INFO] Setting clock uncertainty to: 0.25
[INFO] Setting clock transition to: 0.15
[INFO] Setting timing derate to: 5%
%OL_CREATE_REPORT min.rpt

===========================================================================
report_checks -path_delay min (Hold)
============================================================================
======================= nom_tt_025C_3v30 Corner ===================================

Startpoint: _39_ (rising edge-triggered flip-flop clocked by clk)
Endpoint: _39_ (rising edge-triggered flip-flop clocked by clk)
Path Group: clk
Path Type: min

Fanout         Cap        Slew       Delay        Time   Description
---------------------------------------------------------------------------------------------
                                  0.000000    0.000000   clock clk (rise edge)
                                  0.000000    0.000000   clock source latency
     1    0.029280    0.218792    0.103068    0.103068 ^ clk (in)
                                                         clk (net)
                      0.218794    0.000000    0.103068 ^ clkbuf_0_clk/I (gf180mcu_fd_sc_mcu7t5v0__clkbuf_16)
     2    0.050924    0.159479    0.352382    0.455450 ^ clkbuf_0_clk/Z (gf180mcu_fd_sc_mcu7t5v0__clkbuf_16)
                                                         clknet_0_clk (net)
                      0.159497    0.002866    0.458317 ^ clkbuf_1_0__f_clk/I (gf180mcu_fd_sc_mcu7t5v0__clkbuf_16)
     2    0.011276    0.106353    0.294882    0.753199 ^ clkbuf_1_0__f_clk/Z (gf180mcu_fd_sc_mcu7t5v0__clkbuf_16)
                                                         clknet_1_0__leaf_clk (net)
                      0.106353    0.000530    0.753729 ^ _39_/CLK (gf180mcu_fd_sc_mcu7t5v0__dffrnq_1)
     5    0.035126    0.482800    1.242300    1.996029 v _39_/Q (gf180mcu_fd_sc_mcu7t5v0__dffrnq_1)
                                                         net11 (net)
                      0.482813    0.001592    1.997620 v _32_/A1 (gf180mcu_fd_sc_mcu7t5v0__nor2_1)
     1    0.006264    0.450640    0.400655    2.398275 ^ _32_/ZN (gf180mcu_fd_sc_mcu7t5v0__nor2_1)
                                                         _14_ (net)
                      0.450640    0.000340    2.398615 ^ _35_/B (gf180mcu_fd_sc_mcu7t5v0__aoi211_1)
     1    0.006412    0.286581    0.311808    2.710423 v _35_/ZN (gf180mcu_fd_sc_mcu7t5v0__aoi211_1)
                                                         _01_ (net)
                      0.286581    0.000159    2.710581 v _39_/D (gf180mcu_fd_sc_mcu7t5v0__dffrnq_1)
                                              2.710581   data arrival time

                                  0.000000    0.000000   clock clk (rise edge)
                                  0.000000    0.000000   clock source latency
     1    0.029280    0.218792    0.103068    0.103068 ^ clk (in)
                                                         clk (net)
                      0.218794    0.000000    0.103068 ^ clkbuf_0_clk/I (gf180mcu_fd_sc_mcu7t5v0__clkbuf_16)
     2    0.050924    0.159479    0.352382    0.455450 ^ clkbuf_0_clk/Z (gf180mcu_fd_sc_mcu7t5v0__clkbuf_16)
                                                         clknet_0_clk (net)
                      0.159497    0.002866    0.458317 ^ clkbuf_1_0__f_clk/I (gf180mcu_fd_sc_mcu7t5v0__clkbuf_16)
     2    0.011276    0.106353    0.294882    0.753199 ^ clkbuf_1_0__f_clk/Z (gf180mcu_fd_sc_mcu7t5v0__clkbuf_16)
                                                         clknet_1_0__leaf_clk (net)
                      0.106353    0.000530    0.753729 ^ _39_/CLK (gf180mcu_fd_sc_mcu7t5v0__dffrnq_1)
                                  0.250000    1.003729   clock uncertainty
                                  0.000000    1.003729   clock reconvergence pessimism
                                  0.095011    1.098739   library hold time
                                              1.098739   data required time
---------------------------------------------------------------------------------------------
                                              1.098739   data required time
                                             -2.710581   data arrival time
---------------------------------------------------------------------------------------------
                                              1.611842   slack (MET)


Startpoint: _40_ (rising edge-triggered flip-flop clocked by clk)
Endpoint: _40_ (rising edge-triggered flip-flop clocked by clk)
Path Group: clk
Path Type: min

Fanout         Cap        Slew       Delay        Time   Description
---------------------------------------------------------------------------------------------
                                  0.000000    0.000000   clock clk (rise edge)
                                  0.000000    0.000000   clock source latency
     1    0.029280    0.218792    0.103068    0.103068 ^ clk (in)
                                                         clk (net)
                      0.218794    0.000000    0.103068 ^ clkbuf_0_clk/I (gf180mcu_fd_sc_mcu7t5v0__clkbuf_16)
     2    0.050924    0.159479    0.352382    0.455450 ^ clkbuf_0_clk/Z (gf180mcu_fd_sc_mcu7t5v0__clkbuf_16)
                                                         clknet_0_clk (net)
                      0.159497    0.002867    0.458318 ^ clkbuf_1_1__f_clk/I (gf180mcu_fd_sc_mcu7t5v0__clkbuf_16)
     2    0.012769    0.108409    0.296605    0.754922 ^ clkbuf_1_1__f_clk/Z (gf180mcu_fd_sc_mcu7t5v0__clkbuf_16)
                                                         clknet_1_1__leaf_clk (net)
                      0.108410    0.000648    0.755571 ^ _40_/CLK (gf180mcu_fd_sc_mcu7t5v0__dffrnq_1)
     6    0.042844    0.572425    1.301171    2.056741 v _40_/Q (gf180mcu_fd_sc_mcu7t5v0__dffrnq_1)
                                                         net12 (net)
                      0.572426    0.000799    2.057541 v _36_/A1 (gf180mcu_fd_sc_mcu7t5v0__nor2_1)
     1    0.006351    0.454165    0.430277    2.487818 ^ _36_/ZN (gf180mcu_fd_sc_mcu7t5v0__nor2_1)
                                                         _17_ (net)
                      0.454165    0.000335    2.488153 ^ _37_/B (gf180mcu_fd_sc_mcu7t5v0__aoi211_1)
     1    0.006276    0.288093    0.310532    2.798685 v _37_/ZN (gf180mcu_fd_sc_mcu7t5v0__aoi211_1)
                                                         _02_ (net)
                      0.288093    0.000334    2.799019 v _40_/D (gf180mcu_fd_sc_mcu7t5v0__dffrnq_1)
                                              2.799019   data arrival time

                                  0.000000    0.000000   clock clk (rise edge)
                                  0.000000    0.000000   clock source latency
     1    0.029280    0.218792    0.103068    0.103068 ^ clk (in)
                                                         clk (net)
                      0.218794    0.000000    0.103068 ^ clkbuf_0_clk/I (gf180mcu_fd_sc_mcu7t5v0__clkbuf_16)
     2    0.050924    0.159479    0.352382    0.455450 ^ clkbuf_0_clk/Z (gf180mcu_fd_sc_mcu7t5v0__clkbuf_16)
                                                         clknet_0_clk (net)
                      0.159497    0.002867    0.458318 ^ clkbuf_1_1__f_clk/I (gf180mcu_fd_sc_mcu7t5v0__clkbuf_16)
     2    0.012769    0.108409    0.296605    0.754922 ^ clkbuf_1_1__f_clk/Z (gf180mcu_fd_sc_mcu7t5v0__clkbuf_16)
                                                         clknet_1_1__leaf_clk (net)
                      0.108410    0.000648    0.755571 ^ _40_/CLK (gf180mcu_fd_sc_mcu7t5v0__dffrnq_1)
                                  0.250000    1.005571   clock uncertainty
                                  0.000000    1.005571   clock reconvergence pessimism
                                  0.095108    1.100679   library hold time
                                              1.100679   data required time
---------------------------------------------------------------------------------------------
                                              1.100679   data required time
                                             -2.799019   data arrival time
---------------------------------------------------------------------------------------------
                                              1.698340   slack (MET)


Startpoint: _38_ (rising edge-triggered flip-flop clocked by clk)
Endpoint: _38_ (rising edge-triggered flip-flop clocked by clk)
Path Group: clk
Path Type: min

Fanout         Cap        Slew       Delay        Time   Description
---------------------------------------------------------------------------------------------
                                  0.000000    0.000000   clock clk (rise edge)
                                  0.000000    0.000000   clock source latency
     1    0.029280    0.218792    0.103068    0.103068 ^ clk (in)
                                                         clk (net)
                      0.218794    0.000000    0.103068 ^ clkbuf_0_clk/I (gf180mcu_fd_sc_mcu7t5v0__clkbuf_16)
     2    0.050924    0.159479    0.352382    0.455450 ^ clkbuf_0_clk/Z (gf180mcu_fd_sc_mcu7t5v0__clkbuf_16)
                                                         clknet_0_clk (net)
                      0.159497    0.002866    0.458317 ^ clkbuf_1_0__f_clk/I (gf180mcu_fd_sc_mcu7t5v0__clkbuf_16)
     2    0.011276    0.106353    0.294882    0.753199 ^ clkbuf_1_0__f_clk/Z (gf180mcu_fd_sc_mcu7t5v0__clkbuf_16)
                                                         clknet_1_0__leaf_clk (net)
                      0.106353    0.000528    0.753726 ^ _38_/CLK (gf180mcu_fd_sc_mcu7t5v0__dffrnq_1)
     8    0.051855    0.677532    1.368506    2.122233 v _38_/Q (gf180mcu_fd_sc_mcu7t5v0__dffrnq_1)
                                                         net10 (net)
                      0.677536    0.000955    2.123188 v _31_/A1 (gf180mcu_fd_sc_mcu7t5v0__aoi21_1)
     1    0.006185    0.388323    0.474434    2.597622 ^ _31_/ZN (gf180mcu_fd_sc_mcu7t5v0__aoi21_1)
                                                         _00_ (net)
                      0.388323    0.000296    2.597918 ^ _38_/D (gf180mcu_fd_sc_mcu7t5v0__dffrnq_1)
                                              2.597918   data arrival time

                                  0.000000    0.000000   clock clk (rise edge)
                                  0.000000    0.000000   clock source latency
     1    0.029280    0.218792    0.103068    0.103068 ^ clk (in)
                                                         clk (net)
                      0.218794    0.000000    0.103068 ^ clkbuf_0_clk/I (gf180mcu_fd_sc_mcu7t5v0__clkbuf_16)
     2    0.050924    0.159479    0.352382    0.455450 ^ clkbuf_0_clk/Z (gf180mcu_fd_sc_mcu7t5v0__clkbuf_16)
                                                         clknet_0_clk (net)
                      0.159497    0.002866    0.458317 ^ clkbuf_1_0__f_clk/I (gf180mcu_fd_sc_mcu7t5v0__clkbuf_16)
     2    0.011276    0.106353    0.294882    0.753199 ^ clkbuf_1_0__f_clk/Z (gf180mcu_fd_sc_mcu7t5v0__clkbuf_16)
                                                         clknet_1_0__leaf_clk (net)
                      0.106353    0.000528    0.753726 ^ _38_/CLK (gf180mcu_fd_sc_mcu7t5v0__dffrnq_1)
                                  0.250000    1.003726   clock uncertainty
                                  0.000000    1.003726   clock reconvergence pessimism
                                 -0.194681    0.809046   library hold time
                                              0.809046   data required time
---------------------------------------------------------------------------------------------
                                              0.809046   data required time
                                             -2.597918   data arrival time
---------------------------------------------------------------------------------------------
                                              1.788872   slack (MET)


Startpoint: rst_n (input port clocked by clk)
Endpoint: _40_ (removal check against rising-edge clock clk)
Path Group: asynchronous
Path Type: min

Fanout         Cap        Slew       Delay        Time   Description
---------------------------------------------------------------------------------------------
                                  0.000000    0.000000   clock clk (rise edge)
                                  0.000000    0.000000   clock network delay (propagated)
                                 40.000000   40.000000 ^ input external delay
     1    0.010760    0.318431    0.148230   40.148232 ^ rst_n (in)
                                                         rst_n (net)
                      0.318431    0.000000   40.148232 ^ input6/I (gf180mcu_fd_sc_mcu7t5v0__buf_1)
     3    0.030272    0.770581    0.673484   40.821716 ^ input6/Z (gf180mcu_fd_sc_mcu7t5v0__buf_1)
                                                         net6 (net)
                      0.770588    0.001268   40.822983 ^ _40_/RN (gf180mcu_fd_sc_mcu7t5v0__dffrnq_1)
                                             40.822983   data arrival time

                                  0.000000    0.000000   clock clk (rise edge)
                                  0.000000    0.000000   clock source latency
     1    0.029280    0.218792    0.103068    0.103068 ^ clk (in)
                                                         clk (net)
                      0.218794    0.000000    0.103068 ^ clkbuf_0_clk/I (gf180mcu_fd_sc_mcu7t5v0__clkbuf_16)
     2    0.050924    0.159479    0.352382    0.455450 ^ clkbuf_0_clk/Z (gf180mcu_fd_sc_mcu7t5v0__clkbuf_16)
                                                         clknet_0_clk (net)
                      0.159497    0.002867    0.458318 ^ clkbuf_1_1__f_clk/I (gf180mcu_fd_sc_mcu7t5v0__clkbuf_16)
     2    0.012769    0.108409    0.296605    0.754922 ^ clkbuf_1_1__f_clk/Z (gf180mcu_fd_sc_mcu7t5v0__clkbuf_16)
                                                         clknet_1_1__leaf_clk (net)
                      0.108410    0.000648    0.755571 ^ _40_/CLK (gf180mcu_fd_sc_mcu7t5v0__dffrnq_1)
                                  0.250000    1.005571   clock uncertainty
                                  0.000000    1.005571   clock reconvergence pessimism
                                  0.590754    1.596325   library removal time
                                              1.596325   data required time
---------------------------------------------------------------------------------------------
                                              1.596325   data required time
                                            -40.822983   data arrival time
---------------------------------------------------------------------------------------------
                                             39.226658   slack (MET)


Startpoint: rst_n (input port clocked by clk)
Endpoint: _38_ (removal check against rising-edge clock clk)
Path Group: asynchronous
Path Type: min

Fanout         Cap        Slew       Delay        Time   Description
---------------------------------------------------------------------------------------------
                                  0.000000    0.000000   clock clk (rise edge)
                                  0.000000    0.000000   clock network delay (propagated)
                                 40.000000   40.000000 ^ input external delay
     1    0.010760    0.318431    0.148230   40.148232 ^ rst_n (in)
                                                         rst_n (net)
                      0.318431    0.000000   40.148232 ^ input6/I (gf180mcu_fd_sc_mcu7t5v0__buf_1)
     3    0.030272    0.770581    0.673484   40.821716 ^ input6/Z (gf180mcu_fd_sc_mcu7t5v0__buf_1)
                                                         net6 (net)
                      0.770581    0.000629   40.822346 ^ _38_/RN (gf180mcu_fd_sc_mcu7t5v0__dffrnq_1)
                                             40.822346   data arrival time

                                  0.000000    0.000000   clock clk (rise edge)
                                  0.000000    0.000000   clock source latency
     1    0.029280    0.218792    0.103068    0.103068 ^ clk (in)
                                                         clk (net)
                      0.218794    0.000000    0.103068 ^ clkbuf_0_clk/I (gf180mcu_fd_sc_mcu7t5v0__clkbuf_16)
     2    0.050924    0.159479    0.352382    0.455450 ^ clkbuf_0_clk/Z (gf180mcu_fd_sc_mcu7t5v0__clkbuf_16)
                                                         clknet_0_clk (net)
                      0.159497    0.002866    0.458317 ^ clkbuf_1_0__f_clk/I (gf180mcu_fd_sc_mcu7t5v0__clkbuf_16)
     2    0.011276    0.106353    0.294882    0.753199 ^ clkbuf_1_0__f_clk/Z (gf180mcu_fd_sc_mcu7t5v0__clkbuf_16)
                                                         clknet_1_0__leaf_clk (net)
                      0.106353    0.000528    0.753726 ^ _38_/CLK (gf180mcu_fd_sc_mcu7t5v0__dffrnq_1)
                                  0.250000    1.003726   clock uncertainty
                                  0.000000    1.003726   clock reconvergence pessimism
                                  0.590320    1.594046   library removal time
                                              1.594046   data required time
---------------------------------------------------------------------------------------------
                                              1.594046   data required time
                                            -40.822346   data arrival time
---------------------------------------------------------------------------------------------
                                             39.228298   slack (MET)


Startpoint: rst_n (input port clocked by clk)
Endpoint: _39_ (removal check against rising-edge clock clk)
Path Group: asynchronous
Path Type: min

Fanout         Cap        Slew       Delay        Time   Description
---------------------------------------------------------------------------------------------
                                  0.000000    0.000000   clock clk (rise edge)
                                  0.000000    0.000000   clock network delay (propagated)
                                 40.000000   40.000000 ^ input external delay
     1    0.010760    0.318431    0.148230   40.148232 ^ rst_n (in)
                                                         rst_n (net)
                      0.318431    0.000000   40.148232 ^ input6/I (gf180mcu_fd_sc_mcu7t5v0__buf_1)
     3    0.030272    0.770581    0.673484   40.821716 ^ input6/Z (gf180mcu_fd_sc_mcu7t5v0__buf_1)
                                                         net6 (net)
                      0.770588    0.001268   40.822983 ^ _39_/RN (gf180mcu_fd_sc_mcu7t5v0__dffrnq_1)
                                             40.822983   data arrival time

                                  0.000000    0.000000   clock clk (rise edge)
                                  0.000000    0.000000   clock source latency
     1    0.029280    0.218792    0.103068    0.103068 ^ clk (in)
                                                         clk (net)
                      0.218794    0.000000    0.103068 ^ clkbuf_0_clk/I (gf180mcu_fd_sc_mcu7t5v0__clkbuf_16)
     2    0.050924    0.159479    0.352382    0.455450 ^ clkbuf_0_clk/Z (gf180mcu_fd_sc_mcu7t5v0__clkbuf_16)
                                                         clknet_0_clk (net)
                      0.159497    0.002866    0.458317 ^ clkbuf_1_0__f_clk/I (gf180mcu_fd_sc_mcu7t5v0__clkbuf_16)
     2    0.011276    0.106353    0.294882    0.753199 ^ clkbuf_1_0__f_clk/Z (gf180mcu_fd_sc_mcu7t5v0__clkbuf_16)
                                                         clknet_1_0__leaf_clk (net)
                      0.106353    0.000530    0.753729 ^ _39_/CLK (gf180mcu_fd_sc_mcu7t5v0__dffrnq_1)
                                  0.250000    1.003729   clock uncertainty
                                  0.000000    1.003729   clock reconvergence pessimism
                                  0.590321    1.594049   library removal time
                                              1.594049   data required time
---------------------------------------------------------------------------------------------
                                              1.594049   data required time
                                            -40.822983   data arrival time
---------------------------------------------------------------------------------------------
                                             39.228935   slack (MET)


Startpoint: _39_ (rising edge-triggered flip-flop clocked by clk)
Endpoint: state_o[1] (output port clocked by clk)
Path Group: clk
Path Type: min

Fanout         Cap        Slew       Delay        Time   Description
---------------------------------------------------------------------------------------------
                                  0.000000    0.000000   clock clk (rise edge)
                                  0.000000    0.000000   clock source latency
     1    0.029280    0.218792    0.103068    0.103068 ^ clk (in)
                                                         clk (net)
                      0.218794    0.000000    0.103068 ^ clkbuf_0_clk/I (gf180mcu_fd_sc_mcu7t5v0__clkbuf_16)
     2    0.050924    0.159479    0.352382    0.455450 ^ clkbuf_0_clk/Z (gf180mcu_fd_sc_mcu7t5v0__clkbuf_16)
                                                         clknet_0_clk (net)
                      0.159497    0.002866    0.458317 ^ clkbuf_1_0__f_clk/I (gf180mcu_fd_sc_mcu7t5v0__clkbuf_16)
     2    0.011276    0.106353    0.294882    0.753199 ^ clkbuf_1_0__f_clk/Z (gf180mcu_fd_sc_mcu7t5v0__clkbuf_16)
                                                         clknet_1_0__leaf_clk (net)
                      0.106353    0.000530    0.753729 ^ _39_/CLK (gf180mcu_fd_sc_mcu7t5v0__dffrnq_1)
     5    0.035126    0.482800    1.242300    1.996029 v _39_/Q (gf180mcu_fd_sc_mcu7t5v0__dffrnq_1)
                                                         net11 (net)
                      0.482817    0.001803    1.997831 v output11/I (gf180mcu_fd_sc_mcu7t5v0__buf_2)
     1    0.075313    0.497627    0.683592    2.681423 v output11/Z (gf180mcu_fd_sc_mcu7t5v0__buf_2)
                                                         state_o[1] (net)
                      0.497785    0.005020    2.686443 v state_o[1] (out)
                                              2.686443   data arrival time

                                  0.000000    0.000000   clock clk (rise edge)
                                  0.000000    0.000000   clock network delay (propagated)
                                  0.250000    0.250000   clock uncertainty
                                  0.000000    0.250000   clock reconvergence pessimism
                                -40.000000  -39.750000   output external delay
                                            -39.750000   data required time
---------------------------------------------------------------------------------------------
                                            -39.750000   data required time
                                             -2.686443   data arrival time
---------------------------------------------------------------------------------------------
                                             42.436443   slack (MET)


Startpoint: _40_ (rising edge-triggered flip-flop clocked by clk)
Endpoint: state_o[2] (output port clocked by clk)
Path Group: clk
Path Type: min

Fanout         Cap        Slew       Delay        Time   Description
---------------------------------------------------------------------------------------------
                                  0.000000    0.000000   clock clk (rise edge)
                                  0.000000    0.000000   clock source latency
     1    0.029280    0.218792    0.103068    0.103068 ^ clk (in)
                                                         clk (net)
                      0.218794    0.000000    0.103068 ^ clkbuf_0_clk/I (gf180mcu_fd_sc_mcu7t5v0__clkbuf_16)
     2    0.050924    0.159479    0.352382    0.455450 ^ clkbuf_0_clk/Z (gf180mcu_fd_sc_mcu7t5v0__clkbuf_16)
                                                         clknet_0_clk (net)
                      0.159497    0.002867    0.458318 ^ clkbuf_1_1__f_clk/I (gf180mcu_fd_sc_mcu7t5v0__clkbuf_16)
     2    0.012769    0.108409    0.296605    0.754922 ^ clkbuf_1_1__f_clk/Z (gf180mcu_fd_sc_mcu7t5v0__clkbuf_16)
                                                         clknet_1_1__leaf_clk (net)
                      0.108410    0.000648    0.755571 ^ _40_/CLK (gf180mcu_fd_sc_mcu7t5v0__dffrnq_1)
     6    0.042844    0.572425    1.301171    2.056741 v _40_/Q (gf180mcu_fd_sc_mcu7t5v0__dffrnq_1)
                                                         net12 (net)
                      0.572436    0.001699    2.058440 v output12/I (gf180mcu_fd_sc_mcu7t5v0__buf_2)
     1    0.077366    0.512347    0.720763    2.779203 v output12/Z (gf180mcu_fd_sc_mcu7t5v0__buf_2)
                                                         state_o[2] (net)
                      0.512388    0.002581    2.781784 v state_o[2] (out)
                                              2.781784   data arrival time

                                  0.000000    0.000000   clock clk (rise edge)
                                  0.000000    0.000000   clock network delay (propagated)
                                  0.250000    0.250000   clock uncertainty
                                  0.000000    0.250000   clock reconvergence pessimism
                                -40.000000  -39.750000   output external delay
                                            -39.750000   data required time
---------------------------------------------------------------------------------------------
                                            -39.750000   data required time
                                             -2.781784   data arrival time
---------------------------------------------------------------------------------------------
                                             42.531784   slack (MET)


Startpoint: _38_ (rising edge-triggered flip-flop clocked by clk)
Endpoint: state_o[0] (output port clocked by clk)
Path Group: clk
Path Type: min

Fanout         Cap        Slew       Delay        Time   Description
---------------------------------------------------------------------------------------------
                                  0.000000    0.000000   clock clk (rise edge)
                                  0.000000    0.000000   clock source latency
     1    0.029280    0.218792    0.103068    0.103068 ^ clk (in)
                                                         clk (net)
                      0.218794    0.000000    0.103068 ^ clkbuf_0_clk/I (gf180mcu_fd_sc_mcu7t5v0__clkbuf_16)
     2    0.050924    0.159479    0.352382    0.455450 ^ clkbuf_0_clk/Z (gf180mcu_fd_sc_mcu7t5v0__clkbuf_16)
                                                         clknet_0_clk (net)
                      0.159497    0.002866    0.458317 ^ clkbuf_1_0__f_clk/I (gf180mcu_fd_sc_mcu7t5v0__clkbuf_16)
     2    0.011276    0.106353    0.294882    0.753199 ^ clkbuf_1_0__f_clk/Z (gf180mcu_fd_sc_mcu7t5v0__clkbuf_16)
                                                         clknet_1_0__leaf_clk (net)
                      0.106353    0.000528    0.753726 ^ _38_/CLK (gf180mcu_fd_sc_mcu7t5v0__dffrnq_1)
     8    0.051855    0.677532    1.368506    2.122233 v _38_/Q (gf180mcu_fd_sc_mcu7t5v0__dffrnq_1)
                                                         net10 (net)
                      0.677550    0.001964    2.124196 v output10/I (gf180mcu_fd_sc_mcu7t5v0__buf_2)
     1    0.074900    0.496533    0.742155    2.866351 v output10/Z (gf180mcu_fd_sc_mcu7t5v0__buf_2)
                                                         state_o[0] (net)
                      0.496692    0.005012    2.871364 v state_o[0] (out)
                                              2.871364   data arrival time

                                  0.000000    0.000000   clock clk (rise edge)
                                  0.000000    0.000000   clock network delay (propagated)
                                  0.250000    0.250000   clock uncertainty
                                  0.000000    0.250000   clock reconvergence pessimism
                                -40.000000  -39.750000   output external delay
                                            -39.750000   data required time
---------------------------------------------------------------------------------------------
                                            -39.750000   data required time
                                             -2.871364   data arrival time
---------------------------------------------------------------------------------------------
                                             42.621365   slack (MET)


Startpoint: _39_ (rising edge-triggered flip-flop clocked by clk)
Endpoint: cal_start (output port clocked by clk)
Path Group: clk
Path Type: min

Fanout         Cap        Slew       Delay        Time   Description
---------------------------------------------------------------------------------------------
                                  0.000000    0.000000   clock clk (rise edge)
                                  0.000000    0.000000   clock source latency
     1    0.029280    0.218792    0.103068    0.103068 ^ clk (in)
                                                         clk (net)
                      0.218794    0.000000    0.103068 ^ clkbuf_0_clk/I (gf180mcu_fd_sc_mcu7t5v0__clkbuf_16)
     2    0.050924    0.159479    0.352382    0.455450 ^ clkbuf_0_clk/Z (gf180mcu_fd_sc_mcu7t5v0__clkbuf_16)
                                                         clknet_0_clk (net)
                      0.159497    0.002866    0.458317 ^ clkbuf_1_0__f_clk/I (gf180mcu_fd_sc_mcu7t5v0__clkbuf_16)
     2    0.011276    0.106353    0.294882    0.753199 ^ clkbuf_1_0__f_clk/Z (gf180mcu_fd_sc_mcu7t5v0__clkbuf_16)
                                                         clknet_1_0__leaf_clk (net)
                      0.106353    0.000530    0.753729 ^ _39_/CLK (gf180mcu_fd_sc_mcu7t5v0__dffrnq_1)
     5    0.035126    0.482800    1.242300    1.996029 v _39_/Q (gf180mcu_fd_sc_mcu7t5v0__dffrnq_1)
                                                         net11 (net)
                      0.482808    0.001327    1.997356 v _19_/I (gf180mcu_fd_sc_mcu7t5v0__clkinv_1)
     2    0.016525    0.475076    0.418189    2.415545 ^ _19_/ZN (gf180mcu_fd_sc_mcu7t5v0__clkinv_1)
                                                         _04_ (net)
                      0.475077    0.000838    2.416383 ^ _21_/A2 (gf180mcu_fd_sc_mcu7t5v0__nor3_2)
     2    0.016954    0.341279    0.315283    2.731666 v _21_/ZN (gf180mcu_fd_sc_mcu7t5v0__nor3_2)
                                                         net8 (net)
                      0.341280    0.000858    2.732524 v output8/I (gf180mcu_fd_sc_mcu7t5v0__buf_2)
     1    0.080547    0.529228    0.660234    3.392758 v output8/Z (gf180mcu_fd_sc_mcu7t5v0__buf_2)
                                                         cal_start (net)
                      0.529320    0.003963    3.396721 v cal_start (out)
                                              3.396721   data arrival time

                                  0.000000    0.000000   clock clk (rise edge)
                                  0.000000    0.000000   clock network delay (propagated)
                                  0.250000    0.250000   clock uncertainty
                                  0.000000    0.250000   clock reconvergence pessimism
                                -40.000000  -39.750000   output external delay
                                            -39.750000   data required time
---------------------------------------------------------------------------------------------
                                            -39.750000   data required time
                                             -3.396721   data arrival time
---------------------------------------------------------------------------------------------
                                             43.146721   slack (MET)


Startpoint: _38_ (rising edge-triggered flip-flop clocked by clk)
Endpoint: read_en (output port clocked by clk)
Path Group: clk
Path Type: min

Fanout         Cap        Slew       Delay        Time   Description
---------------------------------------------------------------------------------------------
                                  0.000000    0.000000   clock clk (rise edge)
                                  0.000000    0.000000   clock source latency
     1    0.029280    0.218792    0.103068    0.103068 ^ clk (in)
                                                         clk (net)
                      0.218794    0.000000    0.103068 ^ clkbuf_0_clk/I (gf180mcu_fd_sc_mcu7t5v0__clkbuf_16)
     2    0.050924    0.159479    0.352382    0.455450 ^ clkbuf_0_clk/Z (gf180mcu_fd_sc_mcu7t5v0__clkbuf_16)
                                                         clknet_0_clk (net)
                      0.159497    0.002866    0.458317 ^ clkbuf_1_0__f_clk/I (gf180mcu_fd_sc_mcu7t5v0__clkbuf_16)
     2    0.011276    0.106353    0.294882    0.753199 ^ clkbuf_1_0__f_clk/Z (gf180mcu_fd_sc_mcu7t5v0__clkbuf_16)
                                                         clknet_1_0__leaf_clk (net)
                      0.106353    0.000528    0.753726 ^ _38_/CLK (gf180mcu_fd_sc_mcu7t5v0__dffrnq_1)
     8    0.051855    0.677532    1.368506    2.122233 v _38_/Q (gf180mcu_fd_sc_mcu7t5v0__dffrnq_1)
                                                         net10 (net)
                      0.677551    0.002022    2.124255 v _24_/A1 (gf180mcu_fd_sc_mcu7t5v0__nor3_1)
     1    0.009430    0.911552    0.694470    2.818724 ^ _24_/ZN (gf180mcu_fd_sc_mcu7t5v0__nor3_1)
                                                         net9 (net)
                      0.911552    0.000486    2.819210 ^ output9/I (gf180mcu_fd_sc_mcu7t5v0__buf_2)
     1    0.079670    0.967544    0.831373    3.650584 ^ output9/Z (gf180mcu_fd_sc_mcu7t5v0__buf_2)
                                                         read_en (net)
                      0.967595    0.003946    3.654530 ^ read_en (out)
                                              3.654530   data arrival time

                                  0.000000    0.000000   clock clk (rise edge)
                                  0.000000    0.000000   clock network delay (propagated)
                                  0.250000    0.250000   clock uncertainty
                                  0.000000    0.250000   clock reconvergence pessimism
                                -40.000000  -39.750000   output external delay
                                            -39.750000   data required time
---------------------------------------------------------------------------------------------
                                            -39.750000   data required time
                                             -3.654530   data arrival time
---------------------------------------------------------------------------------------------
                                             43.404530   slack (MET)



%OL_END_REPORT
%OL_CREATE_REPORT max.rpt

===========================================================================
report_checks -path_delay max (Setup)
============================================================================
======================= nom_tt_025C_3v30 Corner ===================================

Startpoint: _40_ (rising edge-triggered flip-flop clocked by clk)
Endpoint: read_en (output port clocked by clk)
Path Group: clk
Path Type: max

Fanout         Cap        Slew       Delay        Time   Description
---------------------------------------------------------------------------------------------
                                  0.000000    0.000000   clock clk (rise edge)
                                  0.000000    0.000000   clock source latency
     1    0.029280    0.218792    0.103068    0.103068 ^ clk (in)
                                                         clk (net)
                      0.218794    0.000000    0.103068 ^ clkbuf_0_clk/I (gf180mcu_fd_sc_mcu7t5v0__clkbuf_16)
     2    0.050924    0.159479    0.352382    0.455450 ^ clkbuf_0_clk/Z (gf180mcu_fd_sc_mcu7t5v0__clkbuf_16)
                                                         clknet_0_clk (net)
                      0.159497    0.002867    0.458318 ^ clkbuf_1_1__f_clk/I (gf180mcu_fd_sc_mcu7t5v0__clkbuf_16)
     2    0.012769    0.108409    0.296605    0.754922 ^ clkbuf_1_1__f_clk/Z (gf180mcu_fd_sc_mcu7t5v0__clkbuf_16)
                                                         clknet_1_1__leaf_clk (net)
                      0.108410    0.000648    0.755571 ^ _40_/CLK (gf180mcu_fd_sc_mcu7t5v0__dffrnq_1)
     6    0.042844    1.071088    1.802931    2.558502 ^ _40_/Q (gf180mcu_fd_sc_mcu7t5v0__dffrnq_1)
                                                         net12 (net)
                      1.071094    0.001470    2.559973 ^ _23_/A2 (gf180mcu_fd_sc_mcu7t5v0__nor2_1)
     3    0.020417    0.604304    0.514910    3.074882 v _23_/ZN (gf180mcu_fd_sc_mcu7t5v0__nor2_1)
                                                         _07_ (net)
                      0.604304    0.000919    3.075802 v _24_/A3 (gf180mcu_fd_sc_mcu7t5v0__nor3_1)
     1    0.009430    0.916992    0.731375    3.807177 ^ _24_/ZN (gf180mcu_fd_sc_mcu7t5v0__nor3_1)
                                                         net9 (net)
                      0.916992    0.000486    3.807663 ^ output9/I (gf180mcu_fd_sc_mcu7t5v0__buf_2)
     1    0.079670    0.967543    0.831632    4.639295 ^ output9/Z (gf180mcu_fd_sc_mcu7t5v0__buf_2)
                                                         read_en (net)
                      0.967594    0.003946    4.643241 ^ read_en (out)
                                              4.643241   data arrival time

                                200.000000  200.000000   clock clk (rise edge)
                                  0.000000  200.000000   clock network delay (propagated)
                                 -0.250000  199.750000   clock uncertainty
                                  0.000000  199.750000   clock reconvergence pessimism
                                -40.000000  159.749985   output external delay
                                            159.749985   data required time
---------------------------------------------------------------------------------------------
                                            159.749985   data required time
                                             -4.643241   data arrival time
---------------------------------------------------------------------------------------------
                                            155.106750   slack (MET)


Startpoint: _39_ (rising edge-triggered flip-flop clocked by clk)
Endpoint: cal_start (output port clocked by clk)
Path Group: clk
Path Type: max

Fanout         Cap        Slew       Delay        Time   Description
---------------------------------------------------------------------------------------------
                                  0.000000    0.000000   clock clk (rise edge)
                                  0.000000    0.000000   clock source latency
     1    0.029280    0.218792    0.103068    0.103068 ^ clk (in)
                                                         clk (net)
                      0.218794    0.000000    0.103068 ^ clkbuf_0_clk/I (gf180mcu_fd_sc_mcu7t5v0__clkbuf_16)
     2    0.050924    0.159479    0.352382    0.455450 ^ clkbuf_0_clk/Z (gf180mcu_fd_sc_mcu7t5v0__clkbuf_16)
                                                         clknet_0_clk (net)
                      0.159497    0.002866    0.458317 ^ clkbuf_1_0__f_clk/I (gf180mcu_fd_sc_mcu7t5v0__clkbuf_16)
     2    0.011276    0.106353    0.294882    0.753199 ^ clkbuf_1_0__f_clk/Z (gf180mcu_fd_sc_mcu7t5v0__clkbuf_16)
                                                         clknet_1_0__leaf_clk (net)
                      0.106353    0.000530    0.753729 ^ _39_/CLK (gf180mcu_fd_sc_mcu7t5v0__dffrnq_1)
     5    0.035126    0.897563    1.697968    2.451697 ^ _39_/Q (gf180mcu_fd_sc_mcu7t5v0__dffrnq_1)
                                                         net11 (net)
                      0.897570    0.001327    2.453024 ^ _19_/I (gf180mcu_fd_sc_mcu7t5v0__clkinv_1)
     2    0.016525    0.506563    0.429817    2.882841 v _19_/ZN (gf180mcu_fd_sc_mcu7t5v0__clkinv_1)
                                                         _04_ (net)
                      0.506564    0.000838    2.883678 v _21_/A2 (gf180mcu_fd_sc_mcu7t5v0__nor3_2)
     2    0.016954    0.867105    0.664125    3.547803 ^ _21_/ZN (gf180mcu_fd_sc_mcu7t5v0__nor3_2)
                                                         net8 (net)
                      0.867105    0.000858    3.548661 ^ output8/I (gf180mcu_fd_sc_mcu7t5v0__buf_2)
     1    0.080547    0.977591    0.835156    4.383817 ^ output8/Z (gf180mcu_fd_sc_mcu7t5v0__buf_2)
                                                         cal_start (net)
                      0.977642    0.003966    4.387783 ^ cal_start (out)
                                              4.387783   data arrival time

                                200.000000  200.000000   clock clk (rise edge)
                                  0.000000  200.000000   clock network delay (propagated)
                                 -0.250000  199.750000   clock uncertainty
                                  0.000000  199.750000   clock reconvergence pessimism
                                -40.000000  159.749985   output external delay
                                            159.749985   data required time
---------------------------------------------------------------------------------------------
                                            159.749985   data required time
                                             -4.387783   data arrival time
---------------------------------------------------------------------------------------------
                                            155.362213   slack (MET)


Startpoint: cal_done (input port clocked by clk)
Endpoint: _39_ (rising edge-triggered flip-flop clocked by clk)
Path Group: clk
Path Type: max

Fanout         Cap        Slew       Delay        Time   Description
---------------------------------------------------------------------------------------------
                                  0.000000    0.000000   clock clk (rise edge)
                                  0.000000    0.000000   clock network delay (propagated)
                                 40.000000   40.000000 ^ input external delay
     1    0.008499    0.266490    0.117385   40.117386 ^ cal_done (in)
                                                         cal_done (net)
                      0.266491    0.000000   40.117386 ^ input2/I (gf180mcu_fd_sc_mcu7t5v0__buf_1)
     1    0.007335    0.251694    0.354980   40.472366 ^ input2/Z (gf180mcu_fd_sc_mcu7t5v0__buf_1)
                                                         net2 (net)
                      0.251694    0.000195   40.472561 ^ _25_/A2 (gf180mcu_fd_sc_mcu7t5v0__nor2_1)
     1    0.006341    0.214594    0.206249   40.678810 v _25_/ZN (gf180mcu_fd_sc_mcu7t5v0__nor2_1)
                                                         _08_ (net)
                      0.214594    0.000298   40.679108 v _26_/A4 (gf180mcu_fd_sc_mcu7t5v0__or4_1)
     1    0.010560    0.468617    1.417781   42.096889 v _26_/Z (gf180mcu_fd_sc_mcu7t5v0__or4_1)
                                                         _09_ (net)
                      0.468617    0.000327   42.097218 v _29_/A1 (gf180mcu_fd_sc_mcu7t5v0__aoi22_2)
     2    0.014466    0.686615    0.499295   42.596512 ^ _29_/ZN (gf180mcu_fd_sc_mcu7t5v0__aoi22_2)
                                                         _12_ (net)
                      0.686615    0.000504   42.597015 ^ load_slew13/I (gf180mcu_fd_sc_mcu7t5v0__clkbuf_2)
     5    0.031858    0.427213    0.604388   43.201405 ^ load_slew13/Z (gf180mcu_fd_sc_mcu7t5v0__clkbuf_2)
                                                         net13 (net)
                      0.427213    0.000608   43.202011 ^ _32_/A2 (gf180mcu_fd_sc_mcu7t5v0__nor2_1)
     1    0.006264    0.325347    0.234397   43.436409 v _32_/ZN (gf180mcu_fd_sc_mcu7t5v0__nor2_1)
                                                         _14_ (net)
                      0.325347    0.000341   43.436752 v _35_/B (gf180mcu_fd_sc_mcu7t5v0__aoi211_1)
     1    0.006412    0.915838    0.707182   44.143932 ^ _35_/ZN (gf180mcu_fd_sc_mcu7t5v0__aoi211_1)
                                                         _01_ (net)
                      0.915838    0.000160   44.144093 ^ _39_/D (gf180mcu_fd_sc_mcu7t5v0__dffrnq_1)
                                             44.144093   data arrival time

                                200.000000  200.000000   clock clk (rise edge)
                                  0.000000  200.000000   clock source latency
     1    0.029280    0.218792    0.103071  200.103058 ^ clk (in)
                                                         clk (net)
                      0.218794    0.000000  200.103058 ^ clkbuf_0_clk/I (gf180mcu_fd_sc_mcu7t5v0__clkbuf_16)
     2    0.050924    0.159479    0.352372  200.455444 ^ clkbuf_0_clk/Z (gf180mcu_fd_sc_mcu7t5v0__clkbuf_16)
                                                         clknet_0_clk (net)
                      0.159497    0.002871  200.458313 ^ clkbuf_1_0__f_clk/I (gf180mcu_fd_sc_mcu7t5v0__clkbuf_16)
     2    0.011276    0.106353    0.294889  200.753204 ^ clkbuf_1_0__f_clk/Z (gf180mcu_fd_sc_mcu7t5v0__clkbuf_16)
                                                         clknet_1_0__leaf_clk (net)
                      0.106353    0.000526  200.753723 ^ _39_/CLK (gf180mcu_fd_sc_mcu7t5v0__dffrnq_1)
                                 -0.250000  200.503723   clock uncertainty
                                  0.000000  200.503723   clock reconvergence pessimism
                                 -0.588445  199.915283   library setup time
                                            199.915283   data required time
---------------------------------------------------------------------------------------------
                                            199.915283   data required time
                                            -44.144093   data arrival time
---------------------------------------------------------------------------------------------
                                            155.771194   slack (MET)


Startpoint: cal_done (input port clocked by clk)
Endpoint: _40_ (rising edge-triggered flip-flop clocked by clk)
Path Group: clk
Path Type: max

Fanout         Cap        Slew       Delay        Time   Description
---------------------------------------------------------------------------------------------
                                  0.000000    0.000000   clock clk (rise edge)
                                  0.000000    0.000000   clock network delay (propagated)
                                 40.000000   40.000000 ^ input external delay
     1    0.008499    0.266490    0.117385   40.117386 ^ cal_done (in)
                                                         cal_done (net)
                      0.266491    0.000000   40.117386 ^ input2/I (gf180mcu_fd_sc_mcu7t5v0__buf_1)
     1    0.007335    0.251694    0.354980   40.472366 ^ input2/Z (gf180mcu_fd_sc_mcu7t5v0__buf_1)
                                                         net2 (net)
                      0.251694    0.000195   40.472561 ^ _25_/A2 (gf180mcu_fd_sc_mcu7t5v0__nor2_1)
     1    0.006341    0.214594    0.206249   40.678810 v _25_/ZN (gf180mcu_fd_sc_mcu7t5v0__nor2_1)
                                                         _08_ (net)
                      0.214594    0.000298   40.679108 v _26_/A4 (gf180mcu_fd_sc_mcu7t5v0__or4_1)
     1    0.010560    0.468617    1.417781   42.096889 v _26_/Z (gf180mcu_fd_sc_mcu7t5v0__or4_1)
                                                         _09_ (net)
                      0.468617    0.000327   42.097218 v _29_/A1 (gf180mcu_fd_sc_mcu7t5v0__aoi22_2)
     2    0.014466    0.686615    0.499295   42.596512 ^ _29_/ZN (gf180mcu_fd_sc_mcu7t5v0__aoi22_2)
                                                         _12_ (net)
                      0.686615    0.000504   42.597015 ^ load_slew13/I (gf180mcu_fd_sc_mcu7t5v0__clkbuf_2)
     5    0.031858    0.427213    0.604388   43.201405 ^ load_slew13/Z (gf180mcu_fd_sc_mcu7t5v0__clkbuf_2)
                                                         net13 (net)
                      0.427213    0.000895   43.202301 ^ _36_/A2 (gf180mcu_fd_sc_mcu7t5v0__nor2_1)
     1    0.006351    0.359166    0.235620   43.437920 v _36_/ZN (gf180mcu_fd_sc_mcu7t5v0__nor2_1)
                                                         _17_ (net)
                      0.359166    0.000334   43.438251 v _37_/B (gf180mcu_fd_sc_mcu7t5v0__aoi211_1)
     1    0.006276    0.897553    0.708035   44.146286 ^ _37_/ZN (gf180mcu_fd_sc_mcu7t5v0__aoi211_1)
                                                         _02_ (net)
                      0.897553    0.000334   44.146622 ^ _40_/D (gf180mcu_fd_sc_mcu7t5v0__dffrnq_1)
                                             44.146622   data arrival time

                                200.000000  200.000000   clock clk (rise edge)
                                  0.000000  200.000000   clock source latency
     1    0.029280    0.218792    0.103071  200.103058 ^ clk (in)
                                                         clk (net)
                      0.218794    0.000000  200.103058 ^ clkbuf_0_clk/I (gf180mcu_fd_sc_mcu7t5v0__clkbuf_16)
     2    0.050924    0.159479    0.352372  200.455444 ^ clkbuf_0_clk/Z (gf180mcu_fd_sc_mcu7t5v0__clkbuf_16)
                                                         clknet_0_clk (net)
                      0.159497    0.002871  200.458313 ^ clkbuf_1_1__f_clk/I (gf180mcu_fd_sc_mcu7t5v0__clkbuf_16)
     2    0.012769    0.108409    0.296609  200.754913 ^ clkbuf_1_1__f_clk/Z (gf180mcu_fd_sc_mcu7t5v0__clkbuf_16)
                                                         clknet_1_1__leaf_clk (net)
                      0.108410    0.000654  200.755569 ^ _40_/CLK (gf180mcu_fd_sc_mcu7t5v0__dffrnq_1)
                                 -0.250000  200.505569   clock uncertainty
                                  0.000000  200.505569   clock reconvergence pessimism
                                 -0.586075  199.919510   library setup time
                                            199.919510   data required time
---------------------------------------------------------------------------------------------
                                            199.919510   data required time
                                            -44.146622   data arrival time
---------------------------------------------------------------------------------------------
                                            155.772888   slack (MET)


Startpoint: cal_done (input port clocked by clk)
Endpoint: _38_ (rising edge-triggered flip-flop clocked by clk)
Path Group: clk
Path Type: max

Fanout         Cap        Slew       Delay        Time   Description
---------------------------------------------------------------------------------------------
                                  0.000000    0.000000   clock clk (rise edge)
                                  0.000000    0.000000   clock network delay (propagated)
                                 40.000000   40.000000 ^ input external delay
     1    0.008499    0.266490    0.117385   40.117386 ^ cal_done (in)
                                                         cal_done (net)
                      0.266491    0.000000   40.117386 ^ input2/I (gf180mcu_fd_sc_mcu7t5v0__buf_1)
     1    0.007335    0.251694    0.354980   40.472366 ^ input2/Z (gf180mcu_fd_sc_mcu7t5v0__buf_1)
                                                         net2 (net)
                      0.251694    0.000195   40.472561 ^ _25_/A2 (gf180mcu_fd_sc_mcu7t5v0__nor2_1)
     1    0.006341    0.214594    0.206249   40.678810 v _25_/ZN (gf180mcu_fd_sc_mcu7t5v0__nor2_1)
                                                         _08_ (net)
                      0.214594    0.000298   40.679108 v _26_/A4 (gf180mcu_fd_sc_mcu7t5v0__or4_1)
     1    0.010560    0.468617    1.417781   42.096889 v _26_/Z (gf180mcu_fd_sc_mcu7t5v0__or4_1)
                                                         _09_ (net)
                      0.468617    0.000327   42.097218 v _29_/A1 (gf180mcu_fd_sc_mcu7t5v0__aoi22_2)
     2    0.014466    0.686615    0.499295   42.596512 ^ _29_/ZN (gf180mcu_fd_sc_mcu7t5v0__aoi22_2)
                                                         _12_ (net)
                      0.686615    0.000504   42.597015 ^ load_slew13/I (gf180mcu_fd_sc_mcu7t5v0__clkbuf_2)
     5    0.031858    0.427213    0.604388   43.201405 ^ load_slew13/Z (gf180mcu_fd_sc_mcu7t5v0__clkbuf_2)
                                                         net13 (net)
                      0.427213    0.000615   43.202019 ^ _30_/A2 (gf180mcu_fd_sc_mcu7t5v0__oai21_1)
     1    0.007733    0.453999    0.271989   43.474007 v _30_/ZN (gf180mcu_fd_sc_mcu7t5v0__oai21_1)
                                                         _13_ (net)
                      0.453999    0.000401   43.474411 v _31_/B (gf180mcu_fd_sc_mcu7t5v0__aoi21_1)
     1    0.006185    0.556538    0.504514   43.978924 ^ _31_/ZN (gf180mcu_fd_sc_mcu7t5v0__aoi21_1)
                                                         _00_ (net)
                      0.556538    0.000295   43.979218 ^ _38_/D (gf180mcu_fd_sc_mcu7t5v0__dffrnq_1)
                                             43.979218   data arrival time

                                200.000000  200.000000   clock clk (rise edge)
                                  0.000000  200.000000   clock source latency
     1    0.029280    0.218792    0.103071  200.103058 ^ clk (in)
                                                         clk (net)
                      0.218794    0.000000  200.103058 ^ clkbuf_0_clk/I (gf180mcu_fd_sc_mcu7t5v0__clkbuf_16)
     2    0.050924    0.159479    0.352372  200.455444 ^ clkbuf_0_clk/Z (gf180mcu_fd_sc_mcu7t5v0__clkbuf_16)
                                                         clknet_0_clk (net)
                      0.159497    0.002871  200.458313 ^ clkbuf_1_0__f_clk/I (gf180mcu_fd_sc_mcu7t5v0__clkbuf_16)
     2    0.011276    0.106353    0.294889  200.753204 ^ clkbuf_1_0__f_clk/Z (gf180mcu_fd_sc_mcu7t5v0__clkbuf_16)
                                                         clknet_1_0__leaf_clk (net)
                      0.106353    0.000526  200.753723 ^ _38_/CLK (gf180mcu_fd_sc_mcu7t5v0__dffrnq_1)
                                 -0.250000  200.503723   clock uncertainty
                                  0.000000  200.503723   clock reconvergence pessimism
                                 -0.543419  199.960297   library setup time
                                            199.960297   data required time
---------------------------------------------------------------------------------------------
                                            199.960297   data required time
                                            -43.979218   data arrival time
---------------------------------------------------------------------------------------------
                                            155.981094   slack (MET)


Startpoint: _38_ (rising edge-triggered flip-flop clocked by clk)
Endpoint: state_o[0] (output port clocked by clk)
Path Group: clk
Path Type: max

Fanout         Cap        Slew       Delay        Time   Description
---------------------------------------------------------------------------------------------
                                  0.000000    0.000000   clock clk (rise edge)
                                  0.000000    0.000000   clock source latency
     1    0.029280    0.218792    0.103068    0.103068 ^ clk (in)
                                                         clk (net)
                      0.218794    0.000000    0.103068 ^ clkbuf_0_clk/I (gf180mcu_fd_sc_mcu7t5v0__clkbuf_16)
     2    0.050924    0.159479    0.352382    0.455450 ^ clkbuf_0_clk/Z (gf180mcu_fd_sc_mcu7t5v0__clkbuf_16)
                                                         clknet_0_clk (net)
                      0.159497    0.002866    0.458317 ^ clkbuf_1_0__f_clk/I (gf180mcu_fd_sc_mcu7t5v0__clkbuf_16)
     2    0.011276    0.106353    0.294882    0.753199 ^ clkbuf_1_0__f_clk/Z (gf180mcu_fd_sc_mcu7t5v0__clkbuf_16)
                                                         clknet_1_0__leaf_clk (net)
                      0.106353    0.000528    0.753726 ^ _38_/CLK (gf180mcu_fd_sc_mcu7t5v0__dffrnq_1)
     8    0.051855    1.273920    1.924109    2.677835 ^ _38_/Q (gf180mcu_fd_sc_mcu7t5v0__dffrnq_1)
                                                         net10 (net)
                      1.273930    0.001964    2.679799 ^ output10/I (gf180mcu_fd_sc_mcu7t5v0__buf_2)
     1    0.074900    0.912134    0.815729    3.495528 ^ output10/Z (gf180mcu_fd_sc_mcu7t5v0__buf_2)
                                                         state_o[0] (net)
                      0.912221    0.005016    3.500544 ^ state_o[0] (out)
                                              3.500544   data arrival time

                                200.000000  200.000000   clock clk (rise edge)
                                  0.000000  200.000000   clock network delay (propagated)
                                 -0.250000  199.750000   clock uncertainty
                                  0.000000  199.750000   clock reconvergence pessimism
                                -40.000000  159.749985   output external delay
                                            159.749985   data required time
---------------------------------------------------------------------------------------------
                                            159.749985   data required time
                                             -3.500544   data arrival time
---------------------------------------------------------------------------------------------
                                            156.249451   slack (MET)


Startpoint: _40_ (rising edge-triggered flip-flop clocked by clk)
Endpoint: state_o[2] (output port clocked by clk)
Path Group: clk
Path Type: max

Fanout         Cap        Slew       Delay        Time   Description
---------------------------------------------------------------------------------------------
                                  0.000000    0.000000   clock clk (rise edge)
                                  0.000000    0.000000   clock source latency
     1    0.029280    0.218792    0.103068    0.103068 ^ clk (in)
                                                         clk (net)
                      0.218794    0.000000    0.103068 ^ clkbuf_0_clk/I (gf180mcu_fd_sc_mcu7t5v0__clkbuf_16)
     2    0.050924    0.159479    0.352382    0.455450 ^ clkbuf_0_clk/Z (gf180mcu_fd_sc_mcu7t5v0__clkbuf_16)
                                                         clknet_0_clk (net)
                      0.159497    0.002867    0.458318 ^ clkbuf_1_1__f_clk/I (gf180mcu_fd_sc_mcu7t5v0__clkbuf_16)
     2    0.012769    0.108409    0.296605    0.754922 ^ clkbuf_1_1__f_clk/Z (gf180mcu_fd_sc_mcu7t5v0__clkbuf_16)
                                                         clknet_1_1__leaf_clk (net)
                      0.108410    0.000648    0.755571 ^ _40_/CLK (gf180mcu_fd_sc_mcu7t5v0__dffrnq_1)
     6    0.042844    1.071088    1.802931    2.558502 ^ _40_/Q (gf180mcu_fd_sc_mcu7t5v0__dffrnq_1)
                                                         net12 (net)
                      1.071097    0.001699    2.560201 ^ output12/I (gf180mcu_fd_sc_mcu7t5v0__buf_2)
     1    0.077366    0.941653    0.824524    3.384726 ^ output12/Z (gf180mcu_fd_sc_mcu7t5v0__buf_2)
                                                         state_o[2] (net)
                      0.941676    0.002582    3.387308 ^ state_o[2] (out)
                                              3.387308   data arrival time

                                200.000000  200.000000   clock clk (rise edge)
                                  0.000000  200.000000   clock network delay (propagated)
                                 -0.250000  199.750000   clock uncertainty
                                  0.000000  199.750000   clock reconvergence pessimism
                                -40.000000  159.749985   output external delay
                                            159.749985   data required time
---------------------------------------------------------------------------------------------
                                            159.749985   data required time
                                             -3.387308   data arrival time
---------------------------------------------------------------------------------------------
                                            156.362671   slack (MET)


Startpoint: _39_ (rising edge-triggered flip-flop clocked by clk)
Endpoint: state_o[1] (output port clocked by clk)
Path Group: clk
Path Type: max

Fanout         Cap        Slew       Delay        Time   Description
---------------------------------------------------------------------------------------------
                                  0.000000    0.000000   clock clk (rise edge)
                                  0.000000    0.000000   clock source latency
     1    0.029280    0.218792    0.103068    0.103068 ^ clk (in)
                                                         clk (net)
                      0.218794    0.000000    0.103068 ^ clkbuf_0_clk/I (gf180mcu_fd_sc_mcu7t5v0__clkbuf_16)
     2    0.050924    0.159479    0.352382    0.455450 ^ clkbuf_0_clk/Z (gf180mcu_fd_sc_mcu7t5v0__clkbuf_16)
                                                         clknet_0_clk (net)
                      0.159497    0.002866    0.458317 ^ clkbuf_1_0__f_clk/I (gf180mcu_fd_sc_mcu7t5v0__clkbuf_16)
     2    0.011276    0.106353    0.294882    0.753199 ^ clkbuf_1_0__f_clk/Z (gf180mcu_fd_sc_mcu7t5v0__clkbuf_16)
                                                         clknet_1_0__leaf_clk (net)
                      0.106353    0.000530    0.753729 ^ _39_/CLK (gf180mcu_fd_sc_mcu7t5v0__dffrnq_1)
     5    0.035126    0.897563    1.697968    2.451697 ^ _39_/Q (gf180mcu_fd_sc_mcu7t5v0__dffrnq_1)
                                                         net11 (net)
                      0.897575    0.001803    2.453500 ^ output11/I (gf180mcu_fd_sc_mcu7t5v0__buf_2)
     1    0.075313    0.916871    0.800552    3.254053 ^ output11/Z (gf180mcu_fd_sc_mcu7t5v0__buf_2)
                                                         state_o[1] (net)
                      0.916958    0.005024    3.259076 ^ state_o[1] (out)
                                              3.259076   data arrival time

                                200.000000  200.000000   clock clk (rise edge)
                                  0.000000  200.000000   clock network delay (propagated)
                                 -0.250000  199.750000   clock uncertainty
                                  0.000000  199.750000   clock reconvergence pessimism
                                -40.000000  159.749985   output external delay
                                            159.749985   data required time
---------------------------------------------------------------------------------------------
                                            159.749985   data required time
                                             -3.259076   data arrival time
---------------------------------------------------------------------------------------------
                                            156.490921   slack (MET)


Startpoint: rst_n (input port clocked by clk)
Endpoint: _39_ (recovery check against rising-edge clock clk)
Path Group: asynchronous
Path Type: max

Fanout         Cap        Slew       Delay        Time   Description
---------------------------------------------------------------------------------------------
                                  0.000000    0.000000   clock clk (rise edge)
                                  0.000000    0.000000   clock network delay (propagated)
                                 40.000000   40.000000 ^ input external delay
     1    0.010760    0.318431    0.148230   40.148232 ^ rst_n (in)
                                                         rst_n (net)
                      0.318431    0.000000   40.148232 ^ input6/I (gf180mcu_fd_sc_mcu7t5v0__buf_1)
     3    0.030272    0.770581    0.673484   40.821716 ^ input6/Z (gf180mcu_fd_sc_mcu7t5v0__buf_1)
                                                         net6 (net)
                      0.770588    0.001268   40.822983 ^ _39_/RN (gf180mcu_fd_sc_mcu7t5v0__dffrnq_1)
                                             40.822983   data arrival time

                                200.000000  200.000000   clock clk (rise edge)
                                  0.000000  200.000000   clock source latency
     1    0.029280    0.218792    0.103071  200.103058 ^ clk (in)
                                                         clk (net)
                      0.218794    0.000000  200.103058 ^ clkbuf_0_clk/I (gf180mcu_fd_sc_mcu7t5v0__clkbuf_16)
     2    0.050924    0.159479    0.352372  200.455444 ^ clkbuf_0_clk/Z (gf180mcu_fd_sc_mcu7t5v0__clkbuf_16)
                                                         clknet_0_clk (net)
                      0.159497    0.002871  200.458313 ^ clkbuf_1_0__f_clk/I (gf180mcu_fd_sc_mcu7t5v0__clkbuf_16)
     2    0.011276    0.106353    0.294889  200.753204 ^ clkbuf_1_0__f_clk/Z (gf180mcu_fd_sc_mcu7t5v0__clkbuf_16)
                                                         clknet_1_0__leaf_clk (net)
                      0.106353    0.000526  200.753723 ^ _39_/CLK (gf180mcu_fd_sc_mcu7t5v0__dffrnq_1)
                                 -0.250000  200.503723   clock uncertainty
                                  0.000000  200.503723   clock reconvergence pessimism
                                  0.312175  200.815903   library recovery time
                                            200.815903   data required time
---------------------------------------------------------------------------------------------
                                            200.815903   data required time
                                            -40.822983   data arrival time
---------------------------------------------------------------------------------------------
                                            159.992920   slack (MET)


Startpoint: rst_n (input port clocked by clk)
Endpoint: _38_ (recovery check against rising-edge clock clk)
Path Group: asynchronous
Path Type: max

Fanout         Cap        Slew       Delay        Time   Description
---------------------------------------------------------------------------------------------
                                  0.000000    0.000000   clock clk (rise edge)
                                  0.000000    0.000000   clock network delay (propagated)
                                 40.000000   40.000000 ^ input external delay
     1    0.010760    0.318431    0.148230   40.148232 ^ rst_n (in)
                                                         rst_n (net)
                      0.318431    0.000000   40.148232 ^ input6/I (gf180mcu_fd_sc_mcu7t5v0__buf_1)
     3    0.030272    0.770581    0.673484   40.821716 ^ input6/Z (gf180mcu_fd_sc_mcu7t5v0__buf_1)
                                                         net6 (net)
                      0.770581    0.000629   40.822346 ^ _38_/RN (gf180mcu_fd_sc_mcu7t5v0__dffrnq_1)
                                             40.822346   data arrival time

                                200.000000  200.000000   clock clk (rise edge)
                                  0.000000  200.000000   clock source latency
     1    0.029280    0.218792    0.103071  200.103058 ^ clk (in)
                                                         clk (net)
                      0.218794    0.000000  200.103058 ^ clkbuf_0_clk/I (gf180mcu_fd_sc_mcu7t5v0__clkbuf_16)
     2    0.050924    0.159479    0.352372  200.455444 ^ clkbuf_0_clk/Z (gf180mcu_fd_sc_mcu7t5v0__clkbuf_16)
                                                         clknet_0_clk (net)
                      0.159497    0.002871  200.458313 ^ clkbuf_1_0__f_clk/I (gf180mcu_fd_sc_mcu7t5v0__clkbuf_16)
     2    0.011276    0.106353    0.294889  200.753204 ^ clkbuf_1_0__f_clk/Z (gf180mcu_fd_sc_mcu7t5v0__clkbuf_16)
                                                         clknet_1_0__leaf_clk (net)
                      0.106353    0.000526  200.753723 ^ _38_/CLK (gf180mcu_fd_sc_mcu7t5v0__dffrnq_1)
                                 -0.250000  200.503723   clock uncertainty
                                  0.000000  200.503723   clock reconvergence pessimism
                                  0.312176  200.815903   library recovery time
                                            200.815903   data required time
---------------------------------------------------------------------------------------------
                                            200.815903   data required time
                                            -40.822346   data arrival time
---------------------------------------------------------------------------------------------
                                            159.993546   slack (MET)


Startpoint: rst_n (input port clocked by clk)
Endpoint: _40_ (recovery check against rising-edge clock clk)
Path Group: asynchronous
Path Type: max

Fanout         Cap        Slew       Delay        Time   Description
---------------------------------------------------------------------------------------------
                                  0.000000    0.000000   clock clk (rise edge)
                                  0.000000    0.000000   clock network delay (propagated)
                                 40.000000   40.000000 ^ input external delay
     1    0.010760    0.318431    0.148230   40.148232 ^ rst_n (in)
                                                         rst_n (net)
                      0.318431    0.000000   40.148232 ^ input6/I (gf180mcu_fd_sc_mcu7t5v0__buf_1)
     3    0.030272    0.770581    0.673484   40.821716 ^ input6/Z (gf180mcu_fd_sc_mcu7t5v0__buf_1)
                                                         net6 (net)
                      0.770588    0.001268   40.822983 ^ _40_/RN (gf180mcu_fd_sc_mcu7t5v0__dffrnq_1)
                                             40.822983   data arrival time

                                200.000000  200.000000   clock clk (rise edge)
                                  0.000000  200.000000   clock source latency
     1    0.029280    0.218792    0.103071  200.103058 ^ clk (in)
                                                         clk (net)
                      0.218794    0.000000  200.103058 ^ clkbuf_0_clk/I (gf180mcu_fd_sc_mcu7t5v0__clkbuf_16)
     2    0.050924    0.159479    0.352372  200.455444 ^ clkbuf_0_clk/Z (gf180mcu_fd_sc_mcu7t5v0__clkbuf_16)
                                                         clknet_0_clk (net)
                      0.159497    0.002871  200.458313 ^ clkbuf_1_1__f_clk/I (gf180mcu_fd_sc_mcu7t5v0__clkbuf_16)
     2    0.012769    0.108409    0.296609  200.754913 ^ clkbuf_1_1__f_clk/Z (gf180mcu_fd_sc_mcu7t5v0__clkbuf_16)
                                                         clknet_1_1__leaf_clk (net)
                      0.108410    0.000654  200.755569 ^ _40_/CLK (gf180mcu_fd_sc_mcu7t5v0__dffrnq_1)
                                 -0.250000  200.505569   clock uncertainty
                                  0.000000  200.505569   clock reconvergence pessimism
                                  0.312796  200.818375   library recovery time
                                            200.818375   data required time
---------------------------------------------------------------------------------------------
                                            200.818375   data required time
                                            -40.822983   data arrival time
---------------------------------------------------------------------------------------------
                                            159.995392   slack (MET)



%OL_END_REPORT
%OL_CREATE_REPORT checks.rpt

===========================================================================
report_checks -unconstrained
===========================================================================
======================= nom_tt_025C_3v30 Corner ===================================

Startpoint: rst_n (input port clocked by clk)
Endpoint: _39_ (recovery check against rising-edge clock clk)
Path Group: asynchronous
Path Type: max

Fanout         Cap        Slew       Delay        Time   Description
---------------------------------------------------------------------------------------------
                                  0.000000    0.000000   clock clk (rise edge)
                                  0.000000    0.000000   clock network delay (propagated)
                                 40.000000   40.000000 ^ input external delay
     1    0.010760    0.318431    0.148230   40.148232 ^ rst_n (in)
                                                         rst_n (net)
                      0.318431    0.000000   40.148232 ^ input6/I (gf180mcu_fd_sc_mcu7t5v0__buf_1)
     3    0.030272    0.770581    0.673484   40.821716 ^ input6/Z (gf180mcu_fd_sc_mcu7t5v0__buf_1)
                                                         net6 (net)
                      0.770588    0.001268   40.822983 ^ _39_/RN (gf180mcu_fd_sc_mcu7t5v0__dffrnq_1)
                                             40.822983   data arrival time

                                200.000000  200.000000   clock clk (rise edge)
                                  0.000000  200.000000   clock source latency
     1    0.029280    0.218792    0.103071  200.103058 ^ clk (in)
                                                         clk (net)
                      0.218794    0.000000  200.103058 ^ clkbuf_0_clk/I (gf180mcu_fd_sc_mcu7t5v0__clkbuf_16)
     2    0.050924    0.159479    0.352372  200.455444 ^ clkbuf_0_clk/Z (gf180mcu_fd_sc_mcu7t5v0__clkbuf_16)
                                                         clknet_0_clk (net)
                      0.159497    0.002871  200.458313 ^ clkbuf_1_0__f_clk/I (gf180mcu_fd_sc_mcu7t5v0__clkbuf_16)
     2    0.011276    0.106353    0.294889  200.753204 ^ clkbuf_1_0__f_clk/Z (gf180mcu_fd_sc_mcu7t5v0__clkbuf_16)
                                                         clknet_1_0__leaf_clk (net)
                      0.106353    0.000526  200.753723 ^ _39_/CLK (gf180mcu_fd_sc_mcu7t5v0__dffrnq_1)
                                 -0.250000  200.503723   clock uncertainty
                                  0.000000  200.503723   clock reconvergence pessimism
                                  0.312175  200.815903   library recovery time
                                            200.815903   data required time
---------------------------------------------------------------------------------------------
                                            200.815903   data required time
                                            -40.822983   data arrival time
---------------------------------------------------------------------------------------------
                                            159.992920   slack (MET)


Startpoint: _40_ (rising edge-triggered flip-flop clocked by clk)
Endpoint: read_en (output port clocked by clk)
Path Group: clk
Path Type: max

Fanout         Cap        Slew       Delay        Time   Description
---------------------------------------------------------------------------------------------
                                  0.000000    0.000000   clock clk (rise edge)
                                  0.000000    0.000000   clock source latency
     1    0.029280    0.218792    0.103068    0.103068 ^ clk (in)
                                                         clk (net)
                      0.218794    0.000000    0.103068 ^ clkbuf_0_clk/I (gf180mcu_fd_sc_mcu7t5v0__clkbuf_16)
     2    0.050924    0.159479    0.352382    0.455450 ^ clkbuf_0_clk/Z (gf180mcu_fd_sc_mcu7t5v0__clkbuf_16)
                                                         clknet_0_clk (net)
                      0.159497    0.002867    0.458318 ^ clkbuf_1_1__f_clk/I (gf180mcu_fd_sc_mcu7t5v0__clkbuf_16)
     2    0.012769    0.108409    0.296605    0.754922 ^ clkbuf_1_1__f_clk/Z (gf180mcu_fd_sc_mcu7t5v0__clkbuf_16)
                                                         clknet_1_1__leaf_clk (net)
                      0.108410    0.000648    0.755571 ^ _40_/CLK (gf180mcu_fd_sc_mcu7t5v0__dffrnq_1)
     6    0.042844    1.071088    1.802931    2.558502 ^ _40_/Q (gf180mcu_fd_sc_mcu7t5v0__dffrnq_1)
                                                         net12 (net)
                      1.071094    0.001470    2.559973 ^ _23_/A2 (gf180mcu_fd_sc_mcu7t5v0__nor2_1)
     3    0.020417    0.604304    0.514910    3.074882 v _23_/ZN (gf180mcu_fd_sc_mcu7t5v0__nor2_1)
                                                         _07_ (net)
                      0.604304    0.000919    3.075802 v _24_/A3 (gf180mcu_fd_sc_mcu7t5v0__nor3_1)
     1    0.009430    0.916992    0.731375    3.807177 ^ _24_/ZN (gf180mcu_fd_sc_mcu7t5v0__nor3_1)
                                                         net9 (net)
                      0.916992    0.000486    3.807663 ^ output9/I (gf180mcu_fd_sc_mcu7t5v0__buf_2)
     1    0.079670    0.967543    0.831632    4.639295 ^ output9/Z (gf180mcu_fd_sc_mcu7t5v0__buf_2)
                                                         read_en (net)
                      0.967594    0.003946    4.643241 ^ read_en (out)
                                              4.643241   data arrival time

                                200.000000  200.000000   clock clk (rise edge)
                                  0.000000  200.000000   clock network delay (propagated)
                                 -0.250000  199.750000   clock uncertainty
                                  0.000000  199.750000   clock reconvergence pessimism
                                -40.000000  159.749985   output external delay
                                            159.749985   data required time
---------------------------------------------------------------------------------------------
                                            159.749985   data required time
                                             -4.643241   data arrival time
---------------------------------------------------------------------------------------------
                                            155.106750   slack (MET)




===========================================================================
report_checks --slack_max -0.01
============================================================================
======================= nom_tt_025C_3v30 Corner ===================================

No paths found.


===========================================================================
 report_check_types -max_slew -max_cap -max_fanout -violators
============================================================================
======================= nom_tt_025C_3v30 Corner ===================================



===========================================================================
report_parasitic_annotation -report_unannotated
============================================================================
Found 1 unannotated drivers.
 clkload0/Z
Found 0 partially unannotated drivers.

===========================================================================
max slew violation count 0
Writing metric design__max_slew_violation__count__corner:nom_tt_025C_3v30: 0
max fanout violation count 0
Writing metric design__max_fanout_violation__count__corner:nom_tt_025C_3v30: 0
max cap violation count 0
Writing metric design__max_cap_violation__count__corner:nom_tt_025C_3v30: 0
============================================================================

===========================================================================
check_setup -verbose -unconstrained_endpoints -multiple_clock -no_clock -no_input_delay -loops -generated_clocks
===========================================================================
%OL_END_REPORT
%OL_CREATE_REPORT power.rpt

===========================================================================
 report_power
============================================================================
======================= nom_tt_025C_3v30 Corner ===================================

Group                    Internal    Switching      Leakage        Total
                            Power        Power        Power        Power (Watts)
------------------------------------------------------------------------
Sequential           5.714332e-06 2.272179e-06 5.991568e-10 7.987110e-06  15.5%
Combinational        6.337061e-06 1.272203e-05 1.646165e-09 1.906074e-05  37.1%
Clock                2.025733e-05 4.082076e-06 1.603265e-09 2.434101e-05  47.4%
Macro                0.000000e+00 0.000000e+00 0.000000e+00 0.000000e+00   0.0%
Pad                  0.000000e+00 0.000000e+00 0.000000e+00 0.000000e+00   0.0%
------------------------------------------------------------------------
Total                3.230872e-05 1.907628e-05 3.848587e-09 5.138885e-05 100.0%
                            62.9%        37.1%         0.0%
Writing metric power__internal__total: 3.2308722438756377e-5
Writing metric power__switching__total: 1.9076280295848846e-5
Writing metric power__leakage__total: 3.8485872266846854e-9
Writing metric power__total: 5.1388851716183126e-5

%OL_END_REPORT
%OL_CREATE_REPORT skew.min.rpt

===========================================================================
Clock Skew (Hold)
============================================================================
Writing metric clock__skew__worst_hold__corner:nom_tt_025C_3v30: -0.2518444135629733
======================= nom_tt_025C_3v30 Corner ===================================

Clock clk
0.753726 source latency _38_/CLK ^
-0.755571 target latency _40_/CLK ^
-0.250000 clock uncertainty
0.000000 CRPR
--------------
-0.251844 hold skew

%OL_END_REPORT
%OL_CREATE_REPORT skew.max.rpt

===========================================================================
Clock Skew (Setup)
============================================================================
Writing metric clock__skew__worst_setup__corner:nom_tt_025C_3v30: 0.2518444135629733
======================= nom_tt_025C_3v30 Corner ===================================

Clock clk
0.755571 source latency _40_/CLK ^
-0.753726 target latency _38_/CLK ^
0.250000 clock uncertainty
0.000000 CRPR
--------------
0.251844 setup skew

%OL_END_REPORT
%OL_CREATE_REPORT ws.min.rpt

===========================================================================
Worst Slack (Hold)
============================================================================
Writing metric timing__hold__ws__corner:nom_tt_025C_3v30: 1.6118418167512454
nom_tt_025C_3v30: 1.6118418167512454
%OL_END_REPORT
%OL_CREATE_REPORT ws.max.rpt

===========================================================================
Worst Slack (Setup)
============================================================================
Writing metric timing__setup__ws__corner:nom_tt_025C_3v30: 155.1067513885282
nom_tt_025C_3v30: 155.1067513885282
%OL_END_REPORT
%OL_CREATE_REPORT tns.min.rpt

===========================================================================
Total Negative Slack (Hold)
============================================================================
Writing metric timing__hold__tns__corner:nom_tt_025C_3v30: 0.0
nom_tt_025C_3v30: 0.0
%OL_END_REPORT
%OL_CREATE_REPORT tns.max.rpt

===========================================================================
Total Negative Slack (Setup)
============================================================================
Writing metric timing__setup__tns__corner:nom_tt_025C_3v30: 0.0
nom_tt_025C_3v30: 0.0
%OL_END_REPORT
%OL_CREATE_REPORT wns.min.rpt

===========================================================================
Worst Negative Slack (Hold)
============================================================================
Writing metric timing__hold__wns__corner:nom_tt_025C_3v30: 0
nom_tt_025C_3v30: 0
%OL_END_REPORT
%OL_CREATE_REPORT wns.max.rpt

===========================================================================
Worst Negative Slack (Setup)
============================================================================
Writing metric timing__setup__wns__corner:nom_tt_025C_3v30: 0.0
nom_tt_025C_3v30: 0.0
%OL_END_REPORT
%OL_CREATE_REPORT violator_list.rpt

===========================================================================
Violator List
============================================================================
Writing metric timing__hold_vio__count__corner:nom_tt_025C_3v30: 0
Writing metric timing__hold_r2r__ws__corner:nom_tt_025C_3v30: 1.611842
Writing metric timing__hold_r2r_vio__count__corner:nom_tt_025C_3v30: 0
Writing metric timing__setup_vio__count__corner:nom_tt_025C_3v30: 0
Writing metric timing__setup_r2r__ws__corner:nom_tt_025C_3v30: 1e30
Writing metric timing__setup_r2r_vio__count__corner:nom_tt_025C_3v30: 0
%OL_END_REPORT
%OL_CREATE_REPORT unpropagated.rpt
%OL_END_REPORT
%OL_CREATE_REPORT clock.rpt
Clock: clk
Sources: clk 
Generated: no
Virtual: yes
Propagated: no
Period: 200.000000

===========================================================================
report_clock_properties
============================================================================
Clock                   Period          Waveform
----------------------------------------------------
clk                 200.000000    0.000000100.000000

===========================================================================
report_clock_latency
============================================================================
Clock clk
rise -> rise
    min     max
0.000000 0.000000 source latency
0.753726         network latency _38_/CLK
        0.755571 network latency _40_/CLK
---------------
0.753726 0.755571 latency
        0.001844 skew

fall -> fall
    min     max
0.000000 0.000000 source latency
0.708951         network latency _38_/CLK
        0.710877 network latency _40_/CLK
---------------
0.708951 0.710877 latency
        0.001926 skew



===========================================================================
report_clock_min_period
============================================================================
clk period_min = 6.35 fmax = 157.56
%OL_END_REPORT
