Clock: clk
Sources: clk 
Generated: no
Virtual: yes
Propagated: no
Period: 200.000000

===========================================================================
report_clock_properties
============================================================================
Clock                   Period          Waveform
----------------------------------------------------
clk                 200.000000    0.000000100.000000

===========================================================================
report_clock_latency
============================================================================
Clock clk
rise -> rise
    min     max
0.000000 0.000000 source latency
11.645255         network latency _12551_/CLK
        11.645387 network latency _12266_/CLK
---------------
11.645255 11.645387 latency
        0.000131 skew

fall -> fall
    min     max
0.000000 0.000000 source latency
6.420152         network latency _12551_/CLK
        6.420294 network latency _12569_/CLK
---------------
6.420152 6.420294 latency
        0.000142 skew



===========================================================================
report_clock_min_period
============================================================================
clk period_min = 68.37 fmax = 14.63
