
===========================================================================
report_checks -unconstrained
===========================================================================
======================= min_ff_n40C_3v60 Corner ===================================

Startpoint: rst_n (input port clocked by clk)
Endpoint: spi_regs_inst/_1648_ (recovery check against rising-edge clock clk)
Path Group: asynchronous
Path Type: max

Fanout         Cap        Slew       Delay        Time   Description
---------------------------------------------------------------------------------------------
                                  0.000000    0.000000   clock clk (rise edge)
                                  0.000000    0.000000   clock network delay (propagated)
                                 40.000000   40.000000 ^ input external delay
     1    0.005101    0.112831    0.044736   40.044735 ^ rst_n (in)
                                                         rst_n (net)
                      0.112831    0.000000   40.044735 ^ input5/I (gf180mcu_fd_sc_mcu7t5v0__buf_1)
     2    0.012997    0.227115    0.246455   40.291191 ^ input5/Z (gf180mcu_fd_sc_mcu7t5v0__buf_1)
                                                         net5 (net)
                      0.227115    0.000210   40.291401 ^ fanout1556/I (gf180mcu_fd_sc_mcu7t5v0__dlyb_1)
     5    0.089825    1.305773    1.449639   41.741039 ^ fanout1556/Z (gf180mcu_fd_sc_mcu7t5v0__dlyb_1)
                                                         net1556 (net)
                      1.305773    0.000430   41.741470 ^ fanout1552/I (gf180mcu_fd_sc_mcu7t5v0__dlyb_1)
     3    0.026399    0.420267    0.919265   42.660736 ^ fanout1552/Z (gf180mcu_fd_sc_mcu7t5v0__dlyb_1)
                                                         net1552 (net)
                      0.420267    0.000181   42.660915 ^ load_slew1553/I (gf180mcu_fd_sc_mcu7t5v0__clkbuf_2)
     2    0.021991    0.192581    0.317201   42.978115 ^ load_slew1553/Z (gf180mcu_fd_sc_mcu7t5v0__clkbuf_2)
                                                         net1553 (net)
                      0.192583    0.000814   42.978931 ^ fanout1526/I (gf180mcu_fd_sc_mcu7t5v0__dlyb_1)
     2    0.013775    0.252781    0.821025   43.799953 ^ fanout1526/Z (gf180mcu_fd_sc_mcu7t5v0__dlyb_1)
                                                         net1526 (net)
                      0.252781    0.000234   43.800190 ^ wire1530/I (gf180mcu_fd_sc_mcu7t5v0__clkbuf_2)
     4    0.030409    0.247215    0.322949   44.123138 ^ wire1530/Z (gf180mcu_fd_sc_mcu7t5v0__clkbuf_2)
                                                         net1530 (net)
                      0.247216    0.000743   44.123882 ^ fanout1522/I (gf180mcu_fd_sc_mcu7t5v0__dlyb_1)
     2    0.008573    0.185263    0.779096   44.902977 ^ fanout1522/Z (gf180mcu_fd_sc_mcu7t5v0__dlyb_1)
                                                         net1522 (net)
                      0.185263    0.000139   44.903114 ^ spi_regs_inst/fanout1518/I (gf180mcu_fd_sc_mcu7t5v0__dlyb_1)
     3    0.023971    0.388358    0.905782   45.808899 ^ spi_regs_inst/fanout1518/Z (gf180mcu_fd_sc_mcu7t5v0__dlyb_1)
                                                         spi_regs_inst/net1518 (net)
                      0.388358    0.000174   45.809071 ^ spi_regs_inst/wire1521/I (gf180mcu_fd_sc_mcu7t5v0__buf_1)
     4    0.031688    0.487992    0.433666   46.242737 ^ spi_regs_inst/wire1521/Z (gf180mcu_fd_sc_mcu7t5v0__buf_1)
                                                         spi_regs_inst/net1521 (net)
                      0.487994    0.000529   46.243267 ^ spi_regs_inst/load_slew1519/I (gf180mcu_fd_sc_mcu7t5v0__buf_1)
     3    0.022165    0.355842    0.359591   46.602859 ^ spi_regs_inst/load_slew1519/Z (gf180mcu_fd_sc_mcu7t5v0__buf_1)
                                                         spi_regs_inst/net1519 (net)
                      0.355844    0.000490   46.603348 ^ spi_regs_inst/fanout1514/I (gf180mcu_fd_sc_mcu7t5v0__dlyb_1)
     3    0.022996    0.375708    0.908539   47.511887 ^ spi_regs_inst/fanout1514/Z (gf180mcu_fd_sc_mcu7t5v0__dlyb_1)
                                                         spi_regs_inst/net1514 (net)
                      0.375708    0.000632   47.512520 ^ spi_regs_inst/wire1517/I (gf180mcu_fd_sc_mcu7t5v0__clkbuf_2)
     4    0.032220    0.260851    0.351964   47.864483 ^ spi_regs_inst/wire1517/Z (gf180mcu_fd_sc_mcu7t5v0__clkbuf_2)
                                                         spi_regs_inst/net1517 (net)
                      0.260853    0.000803   47.865288 ^ spi_regs_inst/load_slew1516/I (gf180mcu_fd_sc_mcu7t5v0__buf_1)
     3    0.024168    0.383159    0.359758   48.225044 ^ spi_regs_inst/load_slew1516/Z (gf180mcu_fd_sc_mcu7t5v0__buf_1)
                                                         spi_regs_inst/net1516 (net)
                      0.383159    0.000323   48.225368 ^ spi_regs_inst/load_slew1515/I (gf180mcu_fd_sc_mcu7t5v0__clkbuf_2)
     3    0.025733    0.217227    0.326811   48.552177 ^ spi_regs_inst/load_slew1515/Z (gf180mcu_fd_sc_mcu7t5v0__clkbuf_2)
                                                         spi_regs_inst/net1515 (net)
                      0.217227    0.000210   48.552387 ^ spi_regs_inst/_1648_/RN (gf180mcu_fd_sc_mcu7t5v0__dffrnq_1)
                                             48.552387   data arrival time

                                200.000000  200.000000   clock clk (rise edge)
                                  0.000000  200.000000   clock source latency
     2    0.102408    0.386014    0.222897  200.222885 ^ clk (in)
                                                         clk (net)
                      0.386982    0.000000  200.222885 ^ clkbuf_regs_0_clk/I (gf180mcu_fd_sc_mcu7t5v0__clkbuf_16)
     1    0.023862    0.080238    0.240590  200.463486 ^ clkbuf_regs_0_clk/Z (gf180mcu_fd_sc_mcu7t5v0__clkbuf_16)
                                                         clk_regs (net)
                      0.080239    0.000497  200.463974 ^ clkbuf_0_clk_regs/I (gf180mcu_fd_sc_mcu7t5v0__clkbuf_16)
     8    0.319451    0.311711    0.335845  200.799820 ^ clkbuf_0_clk_regs/Z (gf180mcu_fd_sc_mcu7t5v0__clkbuf_16)
                                                         clknet_0_clk_regs (net)
                      0.312522    0.008569  200.808395 ^ clkbuf_3_7__f_clk_regs/I (gf180mcu_fd_sc_mcu7t5v0__clkbuf_16)
     8    0.143976    0.169482    0.294676  201.103073 ^ clkbuf_3_7__f_clk_regs/Z (gf180mcu_fd_sc_mcu7t5v0__clkbuf_16)
                                                         clknet_3_7__leaf_clk_regs (net)
                      0.169552    0.004349  201.107422 ^ clkbuf_leaf_24_clk_regs/I (gf180mcu_fd_sc_mcu7t5v0__clkbuf_8)
    12    0.058764    0.145388    0.249571  201.356995 ^ clkbuf_leaf_24_clk_regs/Z (gf180mcu_fd_sc_mcu7t5v0__clkbuf_8)
                                                         clknet_leaf_24_clk_regs (net)
                      0.145388    0.000313  201.357300 ^ spi_regs_inst/_1648_/CLK (gf180mcu_fd_sc_mcu7t5v0__dffrnq_1)
                                 -0.250000  201.107300   clock uncertainty
                                  0.000000  201.107300   clock reconvergence pessimism
                                  0.202221  201.309525   library recovery time
                                            201.309525   data required time
---------------------------------------------------------------------------------------------
                                            201.309525   data required time
                                            -48.552387   data arrival time
---------------------------------------------------------------------------------------------
                                            152.757141   slack (MET)


Startpoint: rst_n (input port clocked by clk)
Endpoint: _21_ (rising edge-triggered flip-flop clocked by clk)
Path Group: clk
Path Type: max

Fanout         Cap        Slew       Delay        Time   Description
---------------------------------------------------------------------------------------------
                                  0.000000    0.000000   clock clk (rise edge)
                                  0.000000    0.000000   clock network delay (propagated)
                                 40.000000   40.000000 v input external delay
     1    0.005101    0.060367    0.024439   40.024441 v rst_n (in)
                                                         rst_n (net)
                      0.060367    0.000000   40.024441 v input5/I (gf180mcu_fd_sc_mcu7t5v0__buf_1)
     2    0.012997    0.149445    0.246221   40.270660 v input5/Z (gf180mcu_fd_sc_mcu7t5v0__buf_1)
                                                         net5 (net)
                      0.149446    0.000210   40.270870 v fanout1556/I (gf180mcu_fd_sc_mcu7t5v0__dlyb_1)
     5    0.089825    0.758145    1.318984   41.589855 v fanout1556/Z (gf180mcu_fd_sc_mcu7t5v0__dlyb_1)
                                                         net1556 (net)
                      0.758145    0.000430   41.590286 v fanout1552/I (gf180mcu_fd_sc_mcu7t5v0__dlyb_1)
     3    0.026399    0.322379    1.194319   42.784603 v fanout1552/Z (gf180mcu_fd_sc_mcu7t5v0__dlyb_1)
                                                         net1552 (net)
                      0.322379    0.000309   42.784912 v fanout1548/I (gf180mcu_fd_sc_mcu7t5v0__dlyb_1)
     2    0.012538    0.225173    0.952994   43.737907 v fanout1548/Z (gf180mcu_fd_sc_mcu7t5v0__dlyb_1)
                                                         net1548 (net)
                      0.225173    0.000110   43.738018 v fanout1544/I (gf180mcu_fd_sc_mcu7t5v0__dlyb_1)
     2    0.011852    0.219685    0.913314   44.651333 v fanout1544/Z (gf180mcu_fd_sc_mcu7t5v0__dlyb_1)
                                                         net1544 (net)
                      0.219685    0.000096   44.651428 v _16_/A1 (gf180mcu_fd_sc_mcu7t5v0__and2_1)
     1    0.002948    0.083993    0.233520   44.884945 v _16_/Z (gf180mcu_fd_sc_mcu7t5v0__and2_1)
                                                         _01_ (net)
                      0.083993    0.000053   44.884998 v _21_/D (gf180mcu_fd_sc_mcu7t5v0__dffq_1)
                                             44.884998   data arrival time

                                200.000000  200.000000   clock clk (rise edge)
                                  0.000000  200.000000   clock source latency
     2    0.102408    0.386014    0.222897  200.222885 ^ clk (in)
                                                         clk (net)
                      0.386982    0.000000  200.222885 ^ clkbuf_regs_0_clk/I (gf180mcu_fd_sc_mcu7t5v0__clkbuf_16)
     1    0.023862    0.080238    0.240590  200.463486 ^ clkbuf_regs_0_clk/Z (gf180mcu_fd_sc_mcu7t5v0__clkbuf_16)
                                                         clk_regs (net)
                      0.080239    0.000497  200.463974 ^ clkbuf_0_clk_regs/I (gf180mcu_fd_sc_mcu7t5v0__clkbuf_16)
     8    0.319451    0.311711    0.335845  200.799820 ^ clkbuf_0_clk_regs/Z (gf180mcu_fd_sc_mcu7t5v0__clkbuf_16)
                                                         clknet_0_clk_regs (net)
                      0.312522    0.008569  200.808395 ^ clkbuf_3_7__f_clk_regs/I (gf180mcu_fd_sc_mcu7t5v0__clkbuf_16)
     8    0.143976    0.169482    0.294676  201.103073 ^ clkbuf_3_7__f_clk_regs/Z (gf180mcu_fd_sc_mcu7t5v0__clkbuf_16)
                                                         clknet_3_7__leaf_clk_regs (net)
                      0.169520    0.002657  201.105728 ^ clkbuf_leaf_28_clk_regs/I (gf180mcu_fd_sc_mcu7t5v0__clkbuf_8)
    10    0.074157    0.169302    0.266184  201.371902 ^ clkbuf_leaf_28_clk_regs/Z (gf180mcu_fd_sc_mcu7t5v0__clkbuf_8)
                                                         clknet_leaf_28_clk_regs (net)
                      0.169309    0.001577  201.373489 ^ _21_/CLK (gf180mcu_fd_sc_mcu7t5v0__dffq_1)
                                 -0.250000  201.123489   clock uncertainty
                                  0.000000  201.123489   clock reconvergence pessimism
                                 -0.175409  200.948090   library setup time
                                            200.948090   data required time
---------------------------------------------------------------------------------------------
                                            200.948090   data required time
                                            -44.884998   data arrival time
---------------------------------------------------------------------------------------------
                                            156.063080   slack (MET)




===========================================================================
report_checks --slack_max -0.01
============================================================================
======================= min_ff_n40C_3v60 Corner ===================================

No paths found.


===========================================================================
 report_check_types -max_slew -max_cap -max_fanout -violators
============================================================================
======================= min_ff_n40C_3v60 Corner ===================================

max fanout

Pin                                   Limit Fanout  Slack
---------------------------------------------------------
clkbuf_leaf_0_clk_regs/Z                 10     12     -2 (VIOLATED)
clkbuf_leaf_13_clk_regs/Z                10     12     -2 (VIOLATED)
clkbuf_leaf_15_clk_regs/Z                10     12     -2 (VIOLATED)
clkbuf_leaf_17_clk_regs/Z                10     12     -2 (VIOLATED)
clkbuf_leaf_23_clk_regs/Z                10     12     -2 (VIOLATED)
clkbuf_leaf_24_clk_regs/Z                10     12     -2 (VIOLATED)
clkbuf_leaf_45_clk_regs/Z                10     12     -2 (VIOLATED)
clkbuf_leaf_53_clk_regs/Z                10     12     -2 (VIOLATED)
clkbuf_leaf_54_clk_regs/Z                10     12     -2 (VIOLATED)
clkbuf_leaf_46_clk_regs/Z                10     11        (VIOLATED)
clkbuf_leaf_50_clk_regs/Z                10     11        (VIOLATED)
clkbuf_leaf_58_clk_regs/Z                10     11        (VIOLATED)

max capacitance

Pin                                        Limit         Cap       Slack
------------------------------------------------------------------------
clkbuf_0_clk_regs/Z                     0.200000    0.319451   -0.119451 (VIOLATED)



===========================================================================
report_parasitic_annotation -report_unannotated
============================================================================
Found 56 unannotated drivers.
 bidir_in[3]
 bidir_in[4]
 bidir_in[5]
 bidir_in[6]
 bidir_in[7]
 bidir_in[8]
 bidir_in[9]
 _83_/Z
 _84_/Z
 _85_/Z
 _86_/Z
 clkload0/Z
 clkload1/Z
 clkload10/ZN
 clkload11/ZN
 clkload12/Z
 clkload13/ZN
 clkload14/ZN
 clkload15/ZN
 clkload16/Z
 clkload17/ZN
 clkload18/Z
 clkload19/Z
 clkload2/Z
 clkload20/ZN
 clkload21/Z
 clkload22/Z
 clkload23/ZN
 clkload24/Z
 clkload25/ZN
 clkload26/ZN
 clkload27/ZN
 clkload28/ZN
 clkload29/ZN
 clkload3/Z
 clkload30/Z
 clkload31/ZN
 clkload32/Z
 clkload33/Z
 clkload34/ZN
 clkload35/Z
 clkload36/Z
 clkload37/Z
 clkload38/Z
 clkload39/ZN
 clkload4/ZN
 clkload40/ZN
 clkload41/ZN
 clkload42/Z
 clkload5/Z
 clkload6/Z
 clkload7/Z
 clkload8/ZN
 clkload9/ZN
 wave_controller_x_inst\/_3681_/Q
 wave_controller_y_inst\/_3681_/Q
Found 0 partially unannotated drivers.

===========================================================================
max slew violation count 0
max fanout violation count 12
max cap violation count 1
============================================================================

===========================================================================
check_setup -verbose -unconstrained_endpoints -multiple_clock -no_clock -no_input_delay -loops -generated_clocks
===========================================================================
Warning: There are 4 unconstrained endpoints.
  analog[0]
  analog[1]
  analog[2]
  analog[3]
