[WARNING ORD-0039] .openroad ignored with -python
Unannotated report:
['report_parasitic_annotation -report_unannotated\n',
 '============================================================================\n',
 'Found 56 unannotated drivers.\n',
 ' bidir_in[3]\n',
 ' bidir_in[4]\n',
 ' bidir_in[5]\n',
 ' bidir_in[6]\n',
 ' bidir_in[7]\n',
 ' bidir_in[8]\n',
 ' bidir_in[9]\n',
 ' _83_/Z\n',
 ' _84_/Z\n',
 ' _85_/Z\n',
 ' _86_/Z\n',
 ' clkload0/Z\n',
 ' clkload1/Z\n',
 ' clkload10/ZN\n',
 ' clkload11/ZN\n',
 ' clkload12/Z\n',
 ' clkload13/ZN\n',
 ' clkload14/ZN\n',
 ' clkload15/ZN\n',
 ' clkload16/Z\n',
 ' clkload17/ZN\n',
 ' clkload18/Z\n',
 ' clkload19/Z\n',
 ' clkload2/Z\n',
 ' clkload20/ZN\n',
 ' clkload21/Z\n',
 ' clkload22/Z\n',
 ' clkload23/ZN\n',
 ' clkload24/Z\n',
 ' clkload25/ZN\n',
 ' clkload26/ZN\n',
 ' clkload27/ZN\n',
 ' clkload28/ZN\n',
 ' clkload29/ZN\n',
 ' clkload3/Z\n',
 ' clkload30/Z\n',
 ' clkload31/ZN\n',
 ' clkload32/Z\n',
 ' clkload33/Z\n',
 ' clkload34/ZN\n',
 ' clkload35/Z\n',
 ' clkload36/Z\n',
 ' clkload37/Z\n',
 ' clkload38/Z\n',
 ' clkload39/ZN\n',
 ' clkload4/ZN\n',
 ' clkload40/ZN\n',
 ' clkload41/ZN\n',
 ' clkload42/Z\n',
 ' clkload5/Z\n',
 ' clkload6/Z\n',
 ' clkload7/Z\n',
 ' clkload8/ZN\n',
 ' clkload9/ZN\n',
 ' wave_controller_x_inst\\/_3681_/Q\n',
 ' wave_controller_y_inst\\/_3681_/Q\n',
 'Found 0 partially unannotated drivers.\n',
 '\n']
Reported nets:
['bidir_in[3]',
 'bidir_in[4]',
 'bidir_in[5]',
 'bidir_in[6]',
 'bidir_in[7]',
 'bidir_in[8]',
 'bidir_in[9]',
 '_83_/Z',
 '_84_/Z',
 '_85_/Z',
 '_86_/Z',
 'clkload0/Z',
 'clkload1/Z',
 'clkload10/ZN',
 'clkload11/ZN',
 'clkload12/Z',
 'clkload13/ZN',
 'clkload14/ZN',
 'clkload15/ZN',
 'clkload16/Z',
 'clkload17/ZN',
 'clkload18/Z',
 'clkload19/Z',
 'clkload2/Z',
 'clkload20/ZN',
 'clkload21/Z',
 'clkload22/Z',
 'clkload23/ZN',
 'clkload24/Z',
 'clkload25/ZN',
 'clkload26/ZN',
 'clkload27/ZN',
 'clkload28/ZN',
 'clkload29/ZN',
 'clkload3/Z',
 'clkload30/Z',
 'clkload31/ZN',
 'clkload32/Z',
 'clkload33/Z',
 'clkload34/ZN',
 'clkload35/Z',
 'clkload36/Z',
 'clkload37/Z',
 'clkload38/Z',
 'clkload39/ZN',
 'clkload4/ZN',
 'clkload40/ZN',
 'clkload41/ZN',
 'clkload42/Z',
 'clkload5/Z',
 'clkload6/Z',
 'clkload7/Z',
 'clkload8/ZN',
 'clkload9/ZN',
 'wave_controller_x_inst\\/_3681_/Q',
 'wave_controller_y_inst\\/_3681_/Q']
Filtered nets:
[]
done
