Clock: clk
Sources: clk 
Generated: no
Virtual: no
Propagated: no
Period: 200.000000

===========================================================================
report_clock_properties
============================================================================
Clock                   Period          Waveform
----------------------------------------------------
clk                 200.000000    0.000000100.000000

===========================================================================
report_clock_latency
============================================================================
Clock clk
rise -> rise
    min     max
0.000000 0.000000 source latency
6.301591         network latency bidir_out_gf180mcu_fd_sc_mcu7t5v0__dffq_1_Q/CLK
        6.301591 network latency bidir_out_gf180mcu_fd_sc_mcu7t5v0__dffq_1_Q/CLK
---------------
6.301591 6.301591 latency
        0.000000 skew

fall -> fall
    min     max
0.000000 0.000000 source latency
3.469182         network latency bidir_out_gf180mcu_fd_sc_mcu7t5v0__dffq_1_Q/CLK
        3.469182 network latency bidir_out_gf180mcu_fd_sc_mcu7t5v0__dffq_1_Q/CLK
---------------
3.469182 3.469182 latency
        0.000000 skew



===========================================================================
report_clock_min_period
============================================================================
clk period_min = 19.85 fmax = 50.37
