
===========================================================================
Violator List
============================================================================
[setup in-reg] rst_n -> signal_processor_x_inst/_216_/RN : -18.692518
[setup in-reg] rst_n -> signal_processor_x_inst/_217_/RN : -18.692518
[setup in-reg] rst_n -> signal_processor_x_inst/_218_/RN : -18.692518
[setup in-reg] rst_n -> signal_processor_x_inst/_219_/RN : -18.692518
[setup in-reg] rst_n -> signal_processor_x_inst/_220_/RN : -18.692518
[setup in-reg] rst_n -> signal_processor_x_inst/_221_/RN : -18.692518
[setup in-reg] rst_n -> signal_processor_x_inst/_222_/RN : -18.692518
[setup in-reg] rst_n -> signal_processor_x_inst/_223_/RN : -18.692518
[setup in-reg] rst_n -> signal_processor_x_inst/_224_/RN : -18.692518
[setup in-reg] rst_n -> signal_processor_x_inst/_225_/RN : -18.692518
[setup in-reg] rst_n -> signal_processor_x_inst/_226_/RN : -18.692518
[setup in-reg] rst_n -> signal_processor_x_inst/_227_/RN : -18.692518
[setup in-reg] rst_n -> signal_processor_x_inst/_228_/RN : -18.692518
[setup in-reg] rst_n -> signal_processor_x_inst/_229_/RN : -18.692518
[setup in-reg] rst_n -> signal_processor_x_inst/_230_/RN : -18.692518
[setup in-reg] rst_n -> signal_processor_x_inst/_231_/RN : -18.692518
[setup in-reg] rst_n -> signal_processor_x_inst/_232_/RN : -18.692518
[setup in-reg] rst_n -> signal_processor_x_inst/_233_/RN : -18.692518
[setup in-reg] rst_n -> signal_processor_x_inst/_234_/RN : -18.692518
[setup in-reg] rst_n -> signal_processor_x_inst/_235_/RN : -18.692518
[setup in-reg] rst_n -> signal_processor_x_inst/_236_/RN : -18.692518
[setup in-reg] rst_n -> signal_processor_x_inst/_237_/RN : -18.692518
[setup in-reg] rst_n -> signal_processor_x_inst/_238_/RN : -18.692518
[setup in-reg] rst_n -> signal_processor_x_inst/_239_/RN : -18.692518
[setup in-reg] rst_n -> signal_processor_x_inst/_240_/RN : -18.692518
[setup in-reg] rst_n -> signal_processor_x_inst/_241_/RN : -18.692518
[setup in-reg] rst_n -> signal_processor_x_inst/_242_/RN : -18.692518
[setup in-reg] rst_n -> signal_processor_x_inst/_243_/RN : -18.692518
[setup in-reg] rst_n -> signal_processor_x_inst/_244_/RN : -18.692518
[setup in-reg] rst_n -> signal_processor_x_inst/_245_/RN : -18.692518
[setup in-reg] rst_n -> signal_processor_x_inst/_246_/RN : -18.692518
[setup in-reg] rst_n -> signal_processor_x_inst/_247_/RN : -18.692518
[setup in-reg] rst_n -> signal_processor_x_inst/_248_/RN : -18.692518
[setup in-reg] rst_n -> signal_processor_x_inst/_249_/RN : -18.692518
[setup in-reg] rst_n -> signal_processor_x_inst/_250_/RN : -18.692518
[setup in-reg] rst_n -> signal_processor_x_inst/_251_/RN : -18.692518
[setup in-reg] rst_n -> signal_processor_x_inst/_252_/RN : -18.692518
[setup in-reg] rst_n -> signal_processor_x_inst/_253_/RN : -18.692518
[setup in-reg] rst_n -> signal_processor_x_inst/_254_/RN : -18.692518
[setup in-reg] rst_n -> signal_processor_x_inst/_255_/RN : -18.692518
[setup in-reg] rst_n -> signal_processor_x_inst/_256_/RN : -18.692518
[setup in-reg] rst_n -> signal_processor_y_inst/_216_/RN : -18.692518
[setup in-reg] rst_n -> signal_processor_y_inst/_217_/RN : -18.692518
[setup in-reg] rst_n -> signal_processor_y_inst/_218_/RN : -18.692518
[setup in-reg] rst_n -> signal_processor_y_inst/_219_/RN : -18.692518
[setup in-reg] rst_n -> signal_processor_y_inst/_220_/RN : -18.692518
[setup in-reg] rst_n -> signal_processor_y_inst/_221_/RN : -18.692518
[setup in-reg] rst_n -> signal_processor_y_inst/_222_/RN : -18.692518
[setup in-reg] rst_n -> signal_processor_y_inst/_223_/RN : -18.692518
[setup in-reg] rst_n -> signal_processor_y_inst/_224_/RN : -18.692518
[setup in-reg] rst_n -> signal_processor_y_inst/_225_/RN : -18.692518
[setup in-reg] rst_n -> signal_processor_y_inst/_226_/RN : -18.692518
[setup in-reg] rst_n -> signal_processor_y_inst/_227_/RN : -18.692518
[setup in-reg] rst_n -> signal_processor_y_inst/_228_/RN : -18.692518
[setup in-reg] rst_n -> signal_processor_y_inst/_229_/RN : -18.692518
[setup in-reg] rst_n -> signal_processor_y_inst/_230_/RN : -18.692518
[setup in-reg] rst_n -> signal_processor_y_inst/_231_/RN : -18.692518
[setup in-reg] rst_n -> signal_processor_y_inst/_232_/RN : -18.692518
[setup in-reg] rst_n -> signal_processor_y_inst/_233_/RN : -18.692518
[setup in-reg] rst_n -> signal_processor_y_inst/_234_/RN : -18.692518
[setup in-reg] rst_n -> signal_processor_y_inst/_235_/RN : -18.692518
[setup in-reg] rst_n -> signal_processor_y_inst/_236_/RN : -18.692518
[setup in-reg] rst_n -> signal_processor_y_inst/_237_/RN : -18.692518
[setup in-reg] rst_n -> signal_processor_y_inst/_238_/RN : -18.692518
[setup in-reg] rst_n -> signal_processor_y_inst/_239_/RN : -18.692518
[setup in-reg] rst_n -> signal_processor_y_inst/_240_/RN : -18.692518
[setup in-reg] rst_n -> signal_processor_y_inst/_241_/RN : -18.692518
[setup in-reg] rst_n -> signal_processor_y_inst/_242_/RN : -18.692518
[setup in-reg] rst_n -> signal_processor_y_inst/_243_/RN : -18.692518
[setup in-reg] rst_n -> signal_processor_y_inst/_244_/RN : -18.692518
[setup in-reg] rst_n -> signal_processor_y_inst/_245_/RN : -18.692518
[setup in-reg] rst_n -> signal_processor_y_inst/_246_/RN : -18.692518
[setup in-reg] rst_n -> signal_processor_y_inst/_247_/RN : -18.692518
[setup in-reg] rst_n -> signal_processor_y_inst/_248_/RN : -18.692518
[setup in-reg] rst_n -> signal_processor_y_inst/_249_/RN : -18.692518
[setup in-reg] rst_n -> signal_processor_y_inst/_250_/RN : -18.692518
[setup in-reg] rst_n -> signal_processor_y_inst/_251_/RN : -18.692518
[setup in-reg] rst_n -> signal_processor_y_inst/_252_/RN : -18.692518
[setup in-reg] rst_n -> signal_processor_y_inst/_253_/RN : -18.692518
[setup in-reg] rst_n -> signal_processor_y_inst/_254_/RN : -18.692518
[setup in-reg] rst_n -> signal_processor_y_inst/_255_/RN : -18.692518
[setup in-reg] rst_n -> signal_processor_y_inst/_256_/RN : -18.692518
[setup in-reg] rst_n -> spi_regs_inst/_1452_/RN : -18.692518
[setup in-reg] rst_n -> spi_regs_inst/_1453_/RN : -18.692518
[setup in-reg] rst_n -> spi_regs_inst/_1454_/RN : -18.692518
[setup in-reg] rst_n -> spi_regs_inst/_1455_/RN : -18.692518
[setup in-reg] rst_n -> spi_regs_inst/_1458_/RN : -18.692518
[setup in-reg] rst_n -> spi_regs_inst/_1459_/RN : -18.692518
[setup in-reg] rst_n -> spi_regs_inst/_1460_/RN : -18.692518
[setup in-reg] rst_n -> spi_regs_inst/_1461_/RN : -18.692518
[setup in-reg] rst_n -> spi_regs_inst/_1462_/RN : -18.692518
[setup in-reg] rst_n -> spi_regs_inst/_1463_/RN : -18.692518
[setup in-reg] rst_n -> spi_regs_inst/_1464_/RN : -18.692518
[setup in-reg] rst_n -> spi_regs_inst/_1465_/RN : -18.692518
[setup in-reg] rst_n -> spi_regs_inst/_1466_/RN : -18.692518
[setup in-reg] rst_n -> spi_regs_inst/_1467_/RN : -18.692518
[setup in-reg] rst_n -> spi_regs_inst/_1468_/RN : -18.692518
[setup in-reg] rst_n -> spi_regs_inst/_1469_/RN : -18.692518
[setup in-reg] rst_n -> spi_regs_inst/_1470_/RN : -18.692518
[setup in-reg] rst_n -> spi_regs_inst/_1471_/RN : -18.692518
[setup in-reg] rst_n -> spi_regs_inst/_1472_/RN : -18.692518
[setup in-reg] rst_n -> spi_regs_inst/_1473_/RN : -18.692518
[setup in-reg] rst_n -> spi_regs_inst/_1474_/RN : -18.692518
[setup in-reg] rst_n -> spi_regs_inst/_1475_/RN : -18.692518
[setup in-reg] rst_n -> spi_regs_inst/_1476_/RN : -18.692518
[setup in-reg] rst_n -> spi_regs_inst/_1477_/RN : -18.692518
[setup in-reg] rst_n -> spi_regs_inst/_1478_/RN : -18.692518
[setup in-reg] rst_n -> spi_regs_inst/_1479_/RN : -18.692518
[setup in-reg] rst_n -> spi_regs_inst/_1480_/RN : -18.692518
[setup in-reg] rst_n -> spi_regs_inst/_1481_/RN : -18.692518
[setup in-reg] rst_n -> spi_regs_inst/_1482_/RN : -18.692518
[setup in-reg] rst_n -> spi_regs_inst/_1483_/RN : -18.692518
[setup in-reg] rst_n -> spi_regs_inst/_1484_/RN : -18.692518
[setup in-reg] rst_n -> spi_regs_inst/_1485_/RN : -18.692518
[setup in-reg] rst_n -> spi_regs_inst/_1486_/RN : -18.692518
[setup in-reg] rst_n -> spi_regs_inst/_1487_/RN : -18.692518
[setup in-reg] rst_n -> spi_regs_inst/_1488_/RN : -18.692518
[setup in-reg] rst_n -> spi_regs_inst/_1489_/RN : -18.692518
[setup in-reg] rst_n -> spi_regs_inst/_1490_/RN : -18.692518
[setup in-reg] rst_n -> spi_regs_inst/_1491_/RN : -18.692518
[setup in-reg] rst_n -> spi_regs_inst/_1492_/RN : -18.692518
[setup in-reg] rst_n -> spi_regs_inst/_1493_/RN : -18.692518
[setup in-reg] rst_n -> spi_regs_inst/_1494_/RN : -18.692518
[setup in-reg] rst_n -> spi_regs_inst/_1495_/RN : -18.692518
[setup in-reg] rst_n -> spi_regs_inst/_1496_/RN : -18.692518
[setup in-reg] rst_n -> spi_regs_inst/_1497_/RN : -18.692518
[setup in-reg] rst_n -> spi_regs_inst/_1498_/RN : -18.692518
[setup in-reg] rst_n -> spi_regs_inst/_1499_/RN : -18.692518
[setup in-reg] rst_n -> spi_regs_inst/_1500_/RN : -18.692518
[setup in-reg] rst_n -> spi_regs_inst/_1501_/RN : -18.692518
[setup in-reg] rst_n -> spi_regs_inst/_1502_/RN : -18.692518
[setup in-reg] rst_n -> spi_regs_inst/_1503_/RN : -18.692518
[setup in-reg] rst_n -> spi_regs_inst/_1504_/RN : -18.692518
[setup in-reg] rst_n -> spi_regs_inst/_1505_/RN : -18.692518
[setup in-reg] rst_n -> spi_regs_inst/_1506_/RN : -18.692518
[setup in-reg] rst_n -> spi_regs_inst/_1507_/RN : -18.692518
[setup in-reg] rst_n -> spi_regs_inst/_1508_/RN : -18.692518
[setup in-reg] rst_n -> spi_regs_inst/_1509_/RN : -18.692518
[setup in-reg] rst_n -> spi_regs_inst/_1510_/RN : -18.692518
[setup in-reg] rst_n -> spi_regs_inst/_1511_/RN : -18.692518
[setup in-reg] rst_n -> spi_regs_inst/_1512_/RN : -18.692518
[setup in-reg] rst_n -> spi_regs_inst/_1513_/RN : -18.692518
[setup in-reg] rst_n -> spi_regs_inst/_1514_/RN : -18.692518
[setup in-reg] rst_n -> spi_regs_inst/_1515_/RN : -18.692518
[setup in-reg] rst_n -> spi_regs_inst/_1516_/RN : -18.692518
[setup in-reg] rst_n -> spi_regs_inst/_1517_/RN : -18.692518
[setup in-reg] rst_n -> spi_regs_inst/_1518_/RN : -18.692518
[setup in-reg] rst_n -> spi_regs_inst/_1519_/RN : -18.692518
[setup in-reg] rst_n -> spi_regs_inst/_1520_/RN : -18.692518
[setup in-reg] rst_n -> spi_regs_inst/_1521_/RN : -18.692518
[setup in-reg] rst_n -> spi_regs_inst/_1522_/RN : -18.692518
[setup in-reg] rst_n -> spi_regs_inst/_1523_/RN : -18.692518
[setup in-reg] rst_n -> spi_regs_inst/_1524_/RN : -18.692518
[setup in-reg] rst_n -> spi_regs_inst/_1525_/RN : -18.692518
[setup in-reg] rst_n -> spi_regs_inst/_1526_/RN : -18.692518
[setup in-reg] rst_n -> spi_regs_inst/_1527_/RN : -18.692518
[setup in-reg] rst_n -> spi_regs_inst/_1528_/RN : -18.692518
[setup in-reg] rst_n -> spi_regs_inst/_1529_/RN : -18.692518
[setup in-reg] rst_n -> spi_regs_inst/_1530_/RN : -18.692518
[setup in-reg] rst_n -> spi_regs_inst/_1531_/RN : -18.692518
[setup in-reg] rst_n -> spi_regs_inst/_1532_/RN : -18.692518
[setup in-reg] rst_n -> spi_regs_inst/_1533_/RN : -18.692518
[setup in-reg] rst_n -> spi_regs_inst/_1534_/RN : -18.692518
[setup in-reg] rst_n -> spi_regs_inst/_1535_/RN : -18.692518
[setup in-reg] rst_n -> spi_regs_inst/_1536_/RN : -18.692518
[setup in-reg] rst_n -> spi_regs_inst/_1537_/RN : -18.692518
[setup in-reg] rst_n -> spi_regs_inst/_1538_/RN : -18.692518
[setup in-reg] rst_n -> spi_regs_inst/_1539_/RN : -18.692518
[setup in-reg] rst_n -> spi_regs_inst/_1540_/RN : -18.692518
[setup in-reg] rst_n -> spi_regs_inst/_1541_/RN : -18.692518
[setup in-reg] rst_n -> spi_regs_inst/_1542_/RN : -18.692518
[setup in-reg] rst_n -> spi_regs_inst/_1543_/RN : -18.692518
[setup in-reg] rst_n -> spi_regs_inst/_1544_/RN : -18.692518
[setup in-reg] rst_n -> spi_regs_inst/_1545_/RN : -18.692518
[setup in-reg] rst_n -> spi_regs_inst/_1546_/RN : -18.692518
[setup in-reg] rst_n -> spi_regs_inst/_1547_/RN : -18.692518
[setup in-reg] rst_n -> spi_regs_inst/_1548_/RN : -18.692518
[setup in-reg] rst_n -> spi_regs_inst/_1549_/RN : -18.692518
[setup in-reg] rst_n -> spi_regs_inst/_1550_/RN : -18.692518
[setup in-reg] rst_n -> spi_regs_inst/_1551_/RN : -18.692518
[setup in-reg] rst_n -> spi_regs_inst/_1552_/RN : -18.692518
[setup in-reg] rst_n -> spi_regs_inst/_1553_/RN : -18.692518
[setup in-reg] rst_n -> spi_regs_inst/_1554_/RN : -18.692518
[setup in-reg] rst_n -> spi_regs_inst/_1555_/RN : -18.692518
[setup in-reg] rst_n -> spi_regs_inst/_1556_/RN : -18.692518
[setup in-reg] rst_n -> spi_regs_inst/_1557_/RN : -18.692518
[setup in-reg] rst_n -> spi_regs_inst/_1558_/RN : -18.692518
[setup in-reg] rst_n -> spi_regs_inst/_1559_/RN : -18.692518
[setup in-reg] rst_n -> spi_regs_inst/_1560_/RN : -18.692518
[setup in-reg] rst_n -> spi_regs_inst/_1561_/RN : -18.692518
[setup in-reg] rst_n -> spi_regs_inst/_1562_/RN : -18.692518
[setup in-reg] rst_n -> spi_regs_inst/_1563_/RN : -18.692518
[setup in-reg] rst_n -> spi_regs_inst/_1564_/RN : -18.692518
[setup in-reg] rst_n -> spi_regs_inst/_1565_/RN : -18.692518
[setup in-reg] rst_n -> spi_regs_inst/_1566_/RN : -18.692518
[setup in-reg] rst_n -> spi_regs_inst/_1567_/RN : -18.692518
[setup in-reg] rst_n -> spi_regs_inst/_1568_/RN : -18.692518
[setup in-reg] rst_n -> spi_regs_inst/_1569_/RN : -18.692518
[setup in-reg] rst_n -> spi_regs_inst/_1570_/RN : -18.692518
[setup in-reg] rst_n -> spi_regs_inst/_1571_/RN : -18.692518
[setup in-reg] rst_n -> spi_regs_inst/_1572_/RN : -18.692518
[setup in-reg] rst_n -> spi_regs_inst/_1573_/RN : -18.692518
[setup in-reg] rst_n -> spi_regs_inst/_1574_/RN : -18.692518
[setup in-reg] rst_n -> spi_regs_inst/_1575_/RN : -18.692518
[setup in-reg] rst_n -> spi_regs_inst/_1576_/RN : -18.692518
[setup in-reg] rst_n -> spi_regs_inst/_1577_/RN : -18.692518
[setup in-reg] rst_n -> spi_regs_inst/_1578_/RN : -18.692518
[setup in-reg] rst_n -> spi_regs_inst/_1579_/RN : -18.692518
[setup in-reg] rst_n -> spi_regs_inst/_1580_/RN : -18.692518
[setup in-reg] rst_n -> spi_regs_inst/_1581_/RN : -18.692518
[setup in-reg] rst_n -> spi_regs_inst/_1582_/RN : -18.692518
[setup in-reg] rst_n -> spi_regs_inst/_1583_/RN : -18.692518
[setup in-reg] rst_n -> spi_regs_inst/_1584_/RN : -18.692518
[setup in-reg] rst_n -> spi_regs_inst/_1585_/RN : -18.692518
[setup in-reg] rst_n -> spi_regs_inst/_1586_/RN : -18.692518
[setup in-reg] rst_n -> spi_regs_inst/_1587_/RN : -18.692518
[setup in-reg] rst_n -> spi_regs_inst/_1588_/RN : -18.692518
[setup in-reg] rst_n -> spi_regs_inst/_1589_/RN : -18.692518
[setup in-reg] rst_n -> spi_regs_inst/_1590_/RN : -18.692518
[setup in-reg] rst_n -> spi_regs_inst/_1591_/RN : -18.692518
[setup in-reg] rst_n -> spi_regs_inst/_1592_/RN : -18.692518
[setup in-reg] rst_n -> spi_regs_inst/_1593_/RN : -18.692518
[setup in-reg] rst_n -> spi_regs_inst/_1594_/RN : -18.692518
[setup in-reg] rst_n -> spi_regs_inst/_1595_/RN : -18.692518
[setup in-reg] rst_n -> spi_regs_inst/_1596_/RN : -18.692518
[setup in-reg] rst_n -> spi_regs_inst/_1597_/RN : -18.692518
[setup in-reg] rst_n -> spi_regs_inst/_1598_/RN : -18.692518
[setup in-reg] rst_n -> spi_regs_inst/_1599_/RN : -18.692518
[setup in-reg] rst_n -> spi_regs_inst/_1600_/RN : -18.692518
[setup in-reg] rst_n -> spi_regs_inst/_1601_/RN : -18.692518
[setup in-reg] rst_n -> spi_regs_inst/_1602_/RN : -18.692518
[setup in-reg] rst_n -> spi_regs_inst/_1603_/RN : -18.692518
[setup in-reg] rst_n -> spi_regs_inst/_1604_/RN : -18.692518
[setup in-reg] rst_n -> spi_regs_inst/_1605_/RN : -18.692518
[setup in-reg] rst_n -> spi_regs_inst/_1606_/RN : -18.692518
[setup in-reg] rst_n -> spi_regs_inst/_1607_/RN : -18.692518
[setup in-reg] rst_n -> spi_regs_inst/_1608_/RN : -18.692518
[setup in-reg] rst_n -> spi_regs_inst/_1609_/RN : -18.692518
[setup in-reg] rst_n -> spi_regs_inst/_1610_/RN : -18.692518
[setup in-reg] rst_n -> spi_regs_inst/_1611_/RN : -18.692518
[setup in-reg] rst_n -> spi_regs_inst/_1612_/RN : -18.692518
[setup in-reg] rst_n -> spi_regs_inst/_1613_/RN : -18.692518
[setup in-reg] rst_n -> spi_regs_inst/_1614_/RN : -18.692518
[setup in-reg] rst_n -> spi_regs_inst/_1615_/RN : -18.692518
[setup in-reg] rst_n -> spi_regs_inst/_1616_/RN : -18.692518
[setup in-reg] rst_n -> spi_regs_inst/_1617_/RN : -18.692518
[setup in-reg] rst_n -> spi_regs_inst/_1618_/RN : -18.692518
[setup in-reg] rst_n -> spi_regs_inst/_1619_/RN : -18.692518
[setup in-reg] rst_n -> spi_regs_inst/_1620_/RN : -18.692518
[setup in-reg] rst_n -> spi_regs_inst/_1621_/RN : -18.692518
[setup in-reg] rst_n -> spi_regs_inst/_1622_/RN : -18.692518
[setup in-reg] rst_n -> spi_regs_inst/_1623_/RN : -18.692518
[setup in-reg] rst_n -> spi_regs_inst/_1624_/RN : -18.692518
[setup in-reg] rst_n -> spi_regs_inst/_1625_/RN : -18.692518
[setup in-reg] rst_n -> spi_regs_inst/_1626_/RN : -18.692518
[setup in-reg] rst_n -> spi_regs_inst/_1627_/RN : -18.692518
[setup in-reg] rst_n -> spi_regs_inst/_1628_/RN : -18.692518
[setup in-reg] rst_n -> spi_regs_inst/_1629_/RN : -18.692518
[setup in-reg] rst_n -> spi_regs_inst/_1630_/RN : -18.692518
[setup in-reg] rst_n -> spi_regs_inst/_1631_/RN : -18.692518
[setup in-reg] rst_n -> spi_regs_inst/_1632_/RN : -18.692518
[setup in-reg] rst_n -> spi_regs_inst/_1633_/RN : -18.692518
[setup in-reg] rst_n -> spi_regs_inst/_1634_/RN : -18.692518
[setup in-reg] rst_n -> spi_regs_inst/_1635_/RN : -18.692518
[setup in-reg] rst_n -> spi_regs_inst/_1636_/RN : -18.692518
[setup in-reg] rst_n -> spi_regs_inst/_1637_/RN : -18.692518
[setup in-reg] rst_n -> spi_regs_inst/_1638_/RN : -18.692518
[setup in-reg] rst_n -> spi_regs_inst/_1639_/RN : -18.692518
[setup in-reg] rst_n -> spi_regs_inst/_1640_/RN : -18.692518
[setup in-reg] rst_n -> spi_regs_inst/_1641_/RN : -18.692518
[setup in-reg] rst_n -> spi_regs_inst/_1642_/RN : -18.692518
[setup in-reg] rst_n -> spi_regs_inst/_1643_/RN : -18.692518
[setup in-reg] rst_n -> spi_regs_inst/_1644_/RN : -18.692518
[setup in-reg] rst_n -> spi_regs_inst/_1645_/RN : -18.692518
[setup in-reg] rst_n -> spi_regs_inst/_1646_/RN : -18.692518
[setup in-reg] rst_n -> spi_regs_inst/_1647_/RN : -18.692518
[setup in-reg] rst_n -> spi_regs_inst/_1648_/RN : -18.692518
[setup in-reg] rst_n -> spi_regs_inst/_1649_/RN : -18.692518
[setup in-reg] rst_n -> spi_regs_inst/_1650_/RN : -18.692518
[setup in-reg] rst_n -> spi_regs_inst/_1651_/RN : -18.692518
[setup in-reg] rst_n -> spi_regs_inst/_1652_/RN : -18.692518
[setup in-reg] rst_n -> spi_regs_inst/_1653_/RN : -18.692518
[setup in-reg] rst_n -> spi_regs_inst/_1654_/RN : -18.692518
[setup in-reg] rst_n -> spi_regs_inst/_1655_/RN : -18.692518
[setup in-reg] rst_n -> spi_regs_inst/_1656_/RN : -18.692518
[setup in-reg] rst_n -> spi_regs_inst/_1657_/RN : -18.692518
[setup in-reg] rst_n -> spi_regs_inst/_1658_/RN : -18.692518
[setup in-reg] rst_n -> spi_regs_inst/_1659_/RN : -18.692518
[setup in-reg] rst_n -> spi_regs_inst/_1660_/RN : -18.692518
[setup in-reg] rst_n -> spi_regs_inst/_1661_/RN : -18.692518
[setup in-reg] rst_n -> spi_regs_inst/_1662_/RN : -18.692518
[setup in-reg] rst_n -> spi_regs_inst/_1663_/RN : -18.692518
[setup in-reg] rst_n -> spi_regs_inst/_1664_/RN : -18.692518
[setup in-reg] rst_n -> state_machine_inst/_38_/RN : -18.692518
[setup in-reg] rst_n -> state_machine_inst/_39_/RN : -18.692518
[setup in-reg] rst_n -> state_machine_inst/_40_/RN : -18.692518
[setup in-reg] rst_n -> wave_controller_x_inst/_3568_/RN : -18.692518
[setup in-reg] rst_n -> wave_controller_x_inst/_3569_/RN : -18.692518
[setup in-reg] rst_n -> wave_controller_x_inst/_3570_/RN : -18.692518
[setup in-reg] rst_n -> wave_controller_x_inst/_3571_/RN : -18.692518
[setup in-reg] rst_n -> wave_controller_x_inst/_3572_/RN : -18.692518
[setup in-reg] rst_n -> wave_controller_x_inst/_3573_/RN : -18.692518
[setup in-reg] rst_n -> wave_controller_x_inst/_3574_/RN : -18.692518
[setup in-reg] rst_n -> wave_controller_x_inst/_3575_/RN : -18.692518
[setup in-reg] rst_n -> wave_controller_x_inst/_3576_/RN : -18.692518
[setup in-reg] rst_n -> wave_controller_x_inst/_3577_/RN : -18.692518
[setup in-reg] rst_n -> wave_controller_x_inst/_3578_/RN : -18.692518
[setup in-reg] rst_n -> wave_controller_x_inst/_3579_/RN : -18.692518
[setup in-reg] rst_n -> wave_controller_x_inst/_3580_/RN : -18.692518
[setup in-reg] rst_n -> wave_controller_x_inst/_3581_/RN : -18.692518
[setup in-reg] rst_n -> wave_controller_x_inst/_3582_/RN : -18.692518
[setup in-reg] rst_n -> wave_controller_x_inst/_3583_/RN : -18.692518
[setup in-reg] rst_n -> wave_controller_x_inst/_3584_/RN : -18.692518
[setup in-reg] rst_n -> wave_controller_x_inst/_3585_/RN : -18.692518
[setup in-reg] rst_n -> wave_controller_x_inst/_3586_/RN : -18.692518
[setup in-reg] rst_n -> wave_controller_x_inst/_3587_/RN : -18.692518
[setup in-reg] rst_n -> wave_controller_x_inst/_3588_/RN : -18.692518
[setup in-reg] rst_n -> wave_controller_x_inst/_3589_/RN : -18.692518
[setup in-reg] rst_n -> wave_controller_x_inst/_3590_/RN : -18.692518
[setup in-reg] rst_n -> wave_controller_x_inst/_3591_/RN : -18.692518
[setup in-reg] rst_n -> wave_controller_x_inst/_3592_/RN : -18.692518
[setup in-reg] rst_n -> wave_controller_x_inst/_3593_/RN : -18.692518
[setup in-reg] rst_n -> wave_controller_x_inst/_3594_/RN : -18.692518
[setup in-reg] rst_n -> wave_controller_x_inst/_3595_/RN : -18.692518
[setup in-reg] rst_n -> wave_controller_x_inst/_3596_/RN : -18.692518
[setup in-reg] rst_n -> wave_controller_x_inst/_3597_/RN : -18.692518
[setup in-reg] rst_n -> wave_controller_x_inst/_3598_/RN : -18.692518
[setup in-reg] rst_n -> wave_controller_x_inst/_3599_/RN : -18.692518
[setup in-reg] rst_n -> wave_controller_x_inst/_3600_/RN : -18.692518
[setup in-reg] rst_n -> wave_controller_x_inst/_3601_/RN : -18.692518
[setup in-reg] rst_n -> wave_controller_x_inst/_3602_/RN : -18.692518
[setup in-reg] rst_n -> wave_controller_x_inst/_3603_/RN : -18.692518
[setup in-reg] rst_n -> wave_controller_x_inst/_3604_/RN : -18.692518
[setup in-reg] rst_n -> wave_controller_x_inst/_3605_/RN : -18.692518
[setup in-reg] rst_n -> wave_controller_x_inst/_3606_/RN : -18.692518
[setup in-reg] rst_n -> wave_controller_x_inst/_3607_/RN : -18.692518
[setup in-reg] rst_n -> wave_controller_x_inst/_3608_/RN : -18.692518
[setup in-reg] rst_n -> wave_controller_x_inst/_3609_/RN : -18.692518
[setup in-reg] rst_n -> wave_controller_x_inst/_3610_/RN : -18.692518
[setup in-reg] rst_n -> wave_controller_x_inst/_3611_/RN : -18.692518
[setup in-reg] rst_n -> wave_controller_x_inst/_3612_/RN : -18.692518
[setup in-reg] rst_n -> wave_controller_x_inst/_3613_/RN : -18.692518
[setup in-reg] rst_n -> wave_controller_x_inst/_3614_/RN : -18.692518
[setup in-reg] rst_n -> wave_controller_x_inst/_3615_/RN : -18.692518
[setup in-reg] rst_n -> wave_controller_x_inst/_3616_/RN : -18.692518
[setup in-reg] rst_n -> wave_controller_x_inst/_3617_/RN : -18.692518
[setup in-reg] rst_n -> wave_controller_x_inst/_3618_/RN : -18.692518
[setup in-reg] rst_n -> wave_controller_x_inst/_3619_/RN : -18.692518
[setup in-reg] rst_n -> wave_controller_x_inst/_3620_/RN : -18.692518
[setup in-reg] rst_n -> wave_controller_x_inst/_3621_/RN : -18.692518
[setup in-reg] rst_n -> wave_controller_x_inst/_3622_/RN : -18.692518
[setup in-reg] rst_n -> wave_controller_x_inst/_3623_/RN : -18.692518
[setup in-reg] rst_n -> wave_controller_x_inst/_3624_/RN : -18.692518
[setup in-reg] rst_n -> wave_controller_x_inst/_3625_/RN : -18.692518
[setup in-reg] rst_n -> wave_controller_x_inst/_3626_/RN : -18.692518
[setup in-reg] rst_n -> wave_controller_x_inst/_3627_/RN : -18.692518
[setup in-reg] rst_n -> wave_controller_x_inst/_3628_/RN : -18.692518
[setup in-reg] rst_n -> wave_controller_x_inst/_3629_/RN : -18.692518
[setup in-reg] rst_n -> wave_controller_x_inst/_3630_/RN : -18.692518
[setup in-reg] rst_n -> wave_controller_x_inst/_3631_/RN : -18.692518
[setup in-reg] rst_n -> wave_controller_x_inst/_3632_/RN : -18.692518
[setup in-reg] rst_n -> wave_controller_x_inst/_3633_/RN : -18.692518
[setup in-reg] rst_n -> wave_controller_x_inst/_3634_/RN : -18.692518
[setup in-reg] rst_n -> wave_controller_x_inst/_3635_/RN : -18.692518
[setup in-reg] rst_n -> wave_controller_x_inst/_3636_/RN : -18.692518
[setup in-reg] rst_n -> wave_controller_x_inst/_3637_/RN : -18.692518
[setup in-reg] rst_n -> wave_controller_x_inst/_3638_/RN : -18.692518
[setup in-reg] rst_n -> wave_controller_x_inst/_3639_/RN : -18.692518
[setup in-reg] rst_n -> wave_controller_x_inst/_3640_/RN : -18.692518
[setup in-reg] rst_n -> wave_controller_x_inst/_3641_/RN : -18.692518
[setup in-reg] rst_n -> wave_controller_x_inst/_3642_/RN : -18.692518
[setup in-reg] rst_n -> wave_controller_x_inst/_3643_/RN : -18.692518
[setup in-reg] rst_n -> wave_controller_x_inst/_3644_/RN : -18.692518
[setup in-reg] rst_n -> wave_controller_x_inst/_3645_/RN : -18.692518
[setup in-reg] rst_n -> wave_controller_x_inst/_3646_/RN : -18.692518
[setup in-reg] rst_n -> wave_controller_x_inst/_3647_/RN : -18.692518
[setup in-reg] rst_n -> wave_controller_x_inst/_3648_/RN : -18.692518
[setup in-reg] rst_n -> wave_controller_x_inst/_3649_/RN : -18.692518
[setup in-reg] rst_n -> wave_controller_x_inst/_3650_/RN : -18.692518
[setup in-reg] rst_n -> wave_controller_x_inst/_3651_/RN : -18.692518
[setup in-reg] rst_n -> wave_controller_x_inst/_3652_/RN : -18.692518
[setup in-reg] rst_n -> wave_controller_x_inst/_3653_/RN : -18.692518
[setup in-reg] rst_n -> wave_controller_x_inst/_3654_/RN : -18.692518
[setup in-reg] rst_n -> wave_controller_x_inst/_3655_/RN : -18.692518
[setup in-reg] rst_n -> wave_controller_x_inst/_3657_/RN : -18.692518
[setup in-reg] rst_n -> wave_controller_x_inst/_3658_/RN : -18.692518
[setup in-reg] rst_n -> wave_controller_x_inst/_3659_/RN : -18.692518
[setup in-reg] rst_n -> wave_controller_x_inst/_3660_/RN : -18.692518
[setup in-reg] rst_n -> wave_controller_x_inst/_3661_/RN : -18.692518
[setup in-reg] rst_n -> wave_controller_x_inst/_3662_/RN : -18.692518
[setup in-reg] rst_n -> wave_controller_x_inst/_3663_/RN : -18.692518
[setup in-reg] rst_n -> wave_controller_x_inst/_3664_/RN : -18.692518
[setup in-reg] rst_n -> wave_controller_x_inst/_3665_/RN : -18.692518
[setup in-reg] rst_n -> wave_controller_x_inst/_3666_/RN : -18.692518
[setup in-reg] rst_n -> wave_controller_x_inst/_3667_/RN : -18.692518
[setup in-reg] rst_n -> wave_controller_x_inst/_3668_/RN : -18.692518
[setup in-reg] rst_n -> wave_controller_x_inst/_3669_/RN : -18.692518
[setup in-reg] rst_n -> wave_controller_x_inst/_3670_/RN : -18.692518
[setup in-reg] rst_n -> wave_controller_x_inst/_3671_/RN : -18.692518
[setup in-reg] rst_n -> wave_controller_x_inst/_3672_/RN : -18.692518
[setup in-reg] rst_n -> wave_controller_x_inst/_3673_/RN : -18.692518
[setup in-reg] rst_n -> wave_controller_x_inst/_3674_/RN : -18.692518
[setup in-reg] rst_n -> wave_controller_x_inst/_3675_/RN : -18.692518
[setup in-reg] rst_n -> wave_controller_x_inst/_3676_/RN : -18.692518
[setup in-reg] rst_n -> wave_controller_x_inst/_3677_/RN : -18.692518
[setup in-reg] rst_n -> wave_controller_x_inst/_3679_/RN : -18.692518
[setup in-reg] rst_n -> wave_controller_x_inst/_3680_/RN : -18.692518
[setup in-reg] rst_n -> wave_controller_x_inst/_3681_/RN : -18.692518
[setup in-reg] rst_n -> wave_controller_x_inst/_3682_/RN : -18.692518
[setup in-reg] rst_n -> wave_controller_x_inst/_3683_/RN : -18.692518
[setup in-reg] rst_n -> wave_controller_x_inst/_3684_/RN : -18.692518
[setup in-reg] rst_n -> wave_controller_x_inst/_3685_/RN : -18.692518
[setup in-reg] rst_n -> wave_controller_x_inst/_3686_/RN : -18.692518
[setup in-reg] rst_n -> wave_controller_x_inst/_3687_/RN : -18.692518
[setup in-reg] rst_n -> wave_controller_x_inst/_3688_/RN : -18.692518
[setup in-reg] rst_n -> wave_controller_x_inst/_3689_/RN : -18.692518
[setup in-reg] rst_n -> wave_controller_x_inst/_3690_/RN : -18.692518
[setup in-reg] rst_n -> wave_controller_x_inst/_3691_/RN : -18.692518
[setup in-reg] rst_n -> wave_controller_x_inst/_3692_/RN : -18.692518
[setup in-reg] rst_n -> wave_controller_x_inst/_3693_/RN : -18.692518
[setup in-reg] rst_n -> wave_controller_x_inst/_3694_/RN : -18.692518
[setup in-reg] rst_n -> wave_controller_x_inst/_3695_/RN : -18.692518
[setup in-reg] rst_n -> wave_controller_y_inst/_3568_/RN : -18.692518
[setup in-reg] rst_n -> wave_controller_y_inst/_3569_/RN : -18.692518
[setup in-reg] rst_n -> wave_controller_y_inst/_3570_/RN : -18.692518
[setup in-reg] rst_n -> wave_controller_y_inst/_3571_/RN : -18.692518
[setup in-reg] rst_n -> wave_controller_y_inst/_3572_/RN : -18.692518
[setup in-reg] rst_n -> wave_controller_y_inst/_3573_/RN : -18.692518
[setup in-reg] rst_n -> wave_controller_y_inst/_3574_/RN : -18.692518
[setup in-reg] rst_n -> wave_controller_y_inst/_3575_/RN : -18.692518
[setup in-reg] rst_n -> wave_controller_y_inst/_3576_/RN : -18.692518
[setup in-reg] rst_n -> wave_controller_y_inst/_3577_/RN : -18.692518
[setup in-reg] rst_n -> wave_controller_y_inst/_3578_/RN : -18.692518
[setup in-reg] rst_n -> wave_controller_y_inst/_3579_/RN : -18.692518
[setup in-reg] rst_n -> wave_controller_y_inst/_3580_/RN : -18.692518
[setup in-reg] rst_n -> wave_controller_y_inst/_3581_/RN : -18.692518
[setup in-reg] rst_n -> wave_controller_y_inst/_3582_/RN : -18.692518
[setup in-reg] rst_n -> wave_controller_y_inst/_3583_/RN : -18.692518
[setup in-reg] rst_n -> wave_controller_y_inst/_3584_/RN : -18.692518
[setup in-reg] rst_n -> wave_controller_y_inst/_3585_/RN : -18.692518
[setup in-reg] rst_n -> wave_controller_y_inst/_3586_/RN : -18.692518
[setup in-reg] rst_n -> wave_controller_y_inst/_3587_/RN : -18.692518
[setup in-reg] rst_n -> wave_controller_y_inst/_3588_/RN : -18.692518
[setup in-reg] rst_n -> wave_controller_y_inst/_3589_/RN : -18.692518
[setup in-reg] rst_n -> wave_controller_y_inst/_3590_/RN : -18.692518
[setup in-reg] rst_n -> wave_controller_y_inst/_3591_/RN : -18.692518
[setup in-reg] rst_n -> wave_controller_y_inst/_3592_/RN : -18.692518
[setup in-reg] rst_n -> wave_controller_y_inst/_3593_/RN : -18.692518
[setup in-reg] rst_n -> wave_controller_y_inst/_3594_/RN : -18.692518
[setup in-reg] rst_n -> wave_controller_y_inst/_3595_/RN : -18.692518
[setup in-reg] rst_n -> wave_controller_y_inst/_3596_/RN : -18.692518
[setup in-reg] rst_n -> wave_controller_y_inst/_3597_/RN : -18.692518
[setup in-reg] rst_n -> wave_controller_y_inst/_3598_/RN : -18.692518
[setup in-reg] rst_n -> wave_controller_y_inst/_3599_/RN : -18.692518
[setup in-reg] rst_n -> wave_controller_y_inst/_3600_/RN : -18.692518
[setup in-reg] rst_n -> wave_controller_y_inst/_3601_/RN : -18.692518
[setup in-reg] rst_n -> wave_controller_y_inst/_3602_/RN : -18.692518
[setup in-reg] rst_n -> wave_controller_y_inst/_3603_/RN : -18.692518
[setup in-reg] rst_n -> wave_controller_y_inst/_3604_/RN : -18.692518
[setup in-reg] rst_n -> wave_controller_y_inst/_3605_/RN : -18.692518
[setup in-reg] rst_n -> wave_controller_y_inst/_3606_/RN : -18.692518
[setup in-reg] rst_n -> wave_controller_y_inst/_3607_/RN : -18.692518
[setup in-reg] rst_n -> wave_controller_y_inst/_3608_/RN : -18.692518
[setup in-reg] rst_n -> wave_controller_y_inst/_3609_/RN : -18.692518
[setup in-reg] rst_n -> wave_controller_y_inst/_3610_/RN : -18.692518
[setup in-reg] rst_n -> wave_controller_y_inst/_3611_/RN : -18.692518
[setup in-reg] rst_n -> wave_controller_y_inst/_3612_/RN : -18.692518
[setup in-reg] rst_n -> wave_controller_y_inst/_3613_/RN : -18.692518
[setup in-reg] rst_n -> wave_controller_y_inst/_3614_/RN : -18.692518
[setup in-reg] rst_n -> wave_controller_y_inst/_3615_/RN : -18.692518
[setup in-reg] rst_n -> wave_controller_y_inst/_3616_/RN : -18.692518
[setup in-reg] rst_n -> wave_controller_y_inst/_3617_/RN : -18.692518
[setup in-reg] rst_n -> wave_controller_y_inst/_3618_/RN : -18.692518
[setup in-reg] rst_n -> wave_controller_y_inst/_3619_/RN : -18.692518
[setup in-reg] rst_n -> wave_controller_y_inst/_3620_/RN : -18.692518
[setup in-reg] rst_n -> wave_controller_y_inst/_3621_/RN : -18.692518
[setup in-reg] rst_n -> wave_controller_y_inst/_3622_/RN : -18.692518
[setup in-reg] rst_n -> wave_controller_y_inst/_3623_/RN : -18.692518
[setup in-reg] rst_n -> wave_controller_y_inst/_3624_/RN : -18.692518
[setup in-reg] rst_n -> wave_controller_y_inst/_3625_/RN : -18.692518
[setup in-reg] rst_n -> wave_controller_y_inst/_3626_/RN : -18.692518
[setup in-reg] rst_n -> wave_controller_y_inst/_3627_/RN : -18.692518
[setup in-reg] rst_n -> wave_controller_y_inst/_3628_/RN : -18.692518
[setup in-reg] rst_n -> wave_controller_y_inst/_3629_/RN : -18.692518
[setup in-reg] rst_n -> wave_controller_y_inst/_3630_/RN : -18.692518
[setup in-reg] rst_n -> wave_controller_y_inst/_3631_/RN : -18.692518
[setup in-reg] rst_n -> wave_controller_y_inst/_3632_/RN : -18.692518
[setup in-reg] rst_n -> wave_controller_y_inst/_3633_/RN : -18.692518
[setup in-reg] rst_n -> wave_controller_y_inst/_3634_/RN : -18.692518
[setup in-reg] rst_n -> wave_controller_y_inst/_3635_/RN : -18.692518
[setup in-reg] rst_n -> wave_controller_y_inst/_3636_/RN : -18.692518
[setup in-reg] rst_n -> wave_controller_y_inst/_3637_/RN : -18.692518
[setup in-reg] rst_n -> wave_controller_y_inst/_3638_/RN : -18.692518
[setup in-reg] rst_n -> wave_controller_y_inst/_3639_/RN : -18.692518
[setup in-reg] rst_n -> wave_controller_y_inst/_3640_/RN : -18.692518
[setup in-reg] rst_n -> wave_controller_y_inst/_3641_/RN : -18.692518
[setup in-reg] rst_n -> wave_controller_y_inst/_3642_/RN : -18.692518
[setup in-reg] rst_n -> wave_controller_y_inst/_3643_/RN : -18.692518
[setup in-reg] rst_n -> wave_controller_y_inst/_3644_/RN : -18.692518
[setup in-reg] rst_n -> wave_controller_y_inst/_3645_/RN : -18.692518
[setup in-reg] rst_n -> wave_controller_y_inst/_3646_/RN : -18.692518
[setup in-reg] rst_n -> wave_controller_y_inst/_3647_/RN : -18.692518
[setup in-reg] rst_n -> wave_controller_y_inst/_3648_/RN : -18.692518
[setup in-reg] rst_n -> wave_controller_y_inst/_3649_/RN : -18.692518
[setup in-reg] rst_n -> wave_controller_y_inst/_3650_/RN : -18.692518
[setup in-reg] rst_n -> wave_controller_y_inst/_3651_/RN : -18.692518
[setup in-reg] rst_n -> wave_controller_y_inst/_3652_/RN : -18.692518
[setup in-reg] rst_n -> wave_controller_y_inst/_3653_/RN : -18.692518
[setup in-reg] rst_n -> wave_controller_y_inst/_3654_/RN : -18.692518
[setup in-reg] rst_n -> wave_controller_y_inst/_3655_/RN : -18.692518
[setup in-reg] rst_n -> wave_controller_y_inst/_3657_/RN : -18.692518
[setup in-reg] rst_n -> wave_controller_y_inst/_3658_/RN : -18.692518
[setup in-reg] rst_n -> wave_controller_y_inst/_3659_/RN : -18.692518
[setup in-reg] rst_n -> wave_controller_y_inst/_3660_/RN : -18.692518
[setup in-reg] rst_n -> wave_controller_y_inst/_3661_/RN : -18.692518
[setup in-reg] rst_n -> wave_controller_y_inst/_3662_/RN : -18.692518
[setup in-reg] rst_n -> wave_controller_y_inst/_3663_/RN : -18.692518
[setup in-reg] rst_n -> wave_controller_y_inst/_3664_/RN : -18.692518
[setup in-reg] rst_n -> wave_controller_y_inst/_3665_/RN : -18.692518
[setup in-reg] rst_n -> wave_controller_y_inst/_3666_/RN : -18.692518
[setup in-reg] rst_n -> wave_controller_y_inst/_3667_/RN : -18.692518
[setup in-reg] rst_n -> wave_controller_y_inst/_3668_/RN : -18.692518
[setup in-reg] rst_n -> wave_controller_y_inst/_3669_/RN : -18.692518
[setup in-reg] rst_n -> wave_controller_y_inst/_3670_/RN : -18.692518
[setup in-reg] rst_n -> wave_controller_y_inst/_3671_/RN : -18.692518
[setup in-reg] rst_n -> wave_controller_y_inst/_3672_/RN : -18.692518
[setup in-reg] rst_n -> wave_controller_y_inst/_3673_/RN : -18.692518
[setup in-reg] rst_n -> wave_controller_y_inst/_3674_/RN : -18.692518
[setup in-reg] rst_n -> wave_controller_y_inst/_3675_/RN : -18.692518
[setup in-reg] rst_n -> wave_controller_y_inst/_3676_/RN : -18.692518
[setup in-reg] rst_n -> wave_controller_y_inst/_3677_/RN : -18.692518
[setup in-reg] rst_n -> wave_controller_y_inst/_3679_/RN : -18.692518
[setup in-reg] rst_n -> wave_controller_y_inst/_3680_/RN : -18.692518
[setup in-reg] rst_n -> wave_controller_y_inst/_3681_/RN : -18.692518
[setup in-reg] rst_n -> wave_controller_y_inst/_3682_/RN : -18.692518
[setup in-reg] rst_n -> wave_controller_y_inst/_3683_/RN : -18.692518
[setup in-reg] rst_n -> wave_controller_y_inst/_3684_/RN : -18.692518
[setup in-reg] rst_n -> wave_controller_y_inst/_3685_/RN : -18.692518
[setup in-reg] rst_n -> wave_controller_y_inst/_3686_/RN : -18.692518
[setup in-reg] rst_n -> wave_controller_y_inst/_3687_/RN : -18.692518
[setup in-reg] rst_n -> wave_controller_y_inst/_3688_/RN : -18.692518
[setup in-reg] rst_n -> wave_controller_y_inst/_3689_/RN : -18.692518
[setup in-reg] rst_n -> wave_controller_y_inst/_3690_/RN : -18.692518
[setup in-reg] rst_n -> wave_controller_y_inst/_3691_/RN : -18.692518
[setup in-reg] rst_n -> wave_controller_y_inst/_3692_/RN : -18.692518
[setup in-reg] rst_n -> wave_controller_y_inst/_3693_/RN : -18.692518
[setup in-reg] rst_n -> wave_controller_y_inst/_3694_/RN : -18.692518
[setup in-reg] rst_n -> wave_controller_y_inst/_3695_/RN : -18.692518
[setup in-reg] rst_n -> spi_regs_inst/_1456_/SETN : -6.379139
[setup in-reg] rst_n -> spi_regs_inst/_1457_/SETN : -6.379139
[setup in-reg] rst_n -> wave_controller_x_inst/_3567_/SETN : -6.379139
[setup in-reg] rst_n -> wave_controller_x_inst/_3656_/SETN : -6.379139
[setup in-reg] rst_n -> wave_controller_x_inst/_3678_/SETN : -6.379139
[setup in-reg] rst_n -> wave_controller_y_inst/_3567_/SETN : -6.379139
[setup in-reg] rst_n -> wave_controller_y_inst/_3656_/SETN : -6.379139
[setup in-reg] rst_n -> wave_controller_y_inst/_3678_/SETN : -6.379139
