Clock: clk
Sources: clk 
Generated: no
Virtual: yes
Propagated: no
Period: 200.000000

===========================================================================
report_clock_properties
============================================================================
Clock                   Period          Waveform
----------------------------------------------------
clk                 200.000000    0.000000100.000000

===========================================================================
report_clock_latency
============================================================================
Clock clk
rise -> rise
    min     max
0.000000 0.000000 source latency
0.723611         network latency _3731_/CLK
        0.747743 network latency _3720_/CLK
---------------
0.723611 0.747743 latency
        0.024131 skew

fall -> fall
    min     max
0.000000 0.000000 source latency
0.676316         network latency _3731_/CLK
        0.701917 network latency _3720_/CLK
---------------
0.676316 0.701917 latency
        0.025601 skew



===========================================================================
report_clock_min_period
============================================================================
clk period_min = 13.01 fmax = 76.85
