Reading timing models for corner nom_tt_025C_3v30…
Reading timing library for the 'nom_tt_025C_3v30' corner at '/foss/pdks/gf180mcuD/libs.ref/gf180mcu_fd_sc_mcu7t5v0/lib/gf180mcu_fd_sc_mcu7t5v0__tt_025C_3v30.lib'…
Reading OpenROAD database at '/workspace/librelane/runs/RUN_2026-08-17_01-19-22/41-odb-diodesonports/3-openroad-globalrouting/wrapper.odb'…
Reading design constraints file at '/usr/local/lib/python3.12/dist-packages/librelane/scripts/base.sdc'…
[INFO] Using clock clk…
[INFO] Setting output delay to: 40
[INFO] Setting input delay to: 40
[INFO] Setting load to: 0.07291
[INFO] Setting clock uncertainty to: 0.25
[INFO] Setting clock transition to: 0.15
[INFO] Setting timing derate to: 5%
+ repair_antennas gf180mcu_fd_sc_mcu7t5v0__antenna -iterations 3 -ratio_margin 10
[INFO GRT-0012] Found 1 antenna violations.
[INFO GRT-0302] Inserted 0 jumpers for 0 nets.
[INFO GRT-0012] Found 1 antenna violations.
[INFO GRT-0015] Inserted 1 diodes.
[INFO GRT-0012] Found 1 antenna violations.
[INFO GRT-0302] Inserted 1 jumpers for 1 nets.
[INFO GRT-0012] Found 0 antenna violations.
Setting global connections for newly added cells…
[INFO] Setting global connections...
analog_block_inst matched with analog_block_inst
[INFO ODB-0403] 4 connections made, 0 conflicts skipped.
Updating metrics…
Cell type report:                       Count       Area
  Macro                                     1  115200.00
  Endcap cell                             570    2502.53
  Tap cell                               6955   30535.23
  Antenna cell                              7      30.73
  Clock buffer                             98    6080.70
  Timing Repair Buffer                   2150   45910.41
  Inverter                                452    4342.11
  Clock inverter                           25     522.46
  Sequential cell                         548   42229.06
  Multi-Input combinational cell         5323  116852.69
  Total                                 16129  364205.93
Writing OpenROAD database to '/workspace/librelane/runs/RUN_2026-08-17_01-19-22/42-openroad-repairantennas/1-openroad-diodeinsertion/wrapper.odb'…
Writing layout to '/workspace/librelane/runs/RUN_2026-08-17_01-19-22/42-openroad-repairantennas/1-openroad-diodeinsertion/wrapper.def'…
