+ analyze_power_grid -net VDD -voltage_file /workspace/librelane/runs/RUN_2026-08-10_00-37-52/56-openroad-irdropreport/net-VDD.csv
[INFO PSM-0040] All shapes on net VDD are connected.
########## IR report #################
Net              : VDD
Corner           : nom_tt_025C_3v30
Total power      : 5.31e-04 W
Supply voltage   : 3.30e+00 V
Worstcase voltage: 3.30e+00 V
Average voltage  : 3.30e+00 V
Average IR drop  : 3.57e-05 V
Worstcase IR drop: 1.56e-04 V
Percentage drop  : 0.00 %
######################################
+ analyze_power_grid -net VSS -voltage_file /workspace/librelane/runs/RUN_2026-08-10_00-37-52/56-openroad-irdropreport/net-VSS.csv
[INFO PSM-0040] All shapes on net VSS are connected.
########## IR report #################
Net              : VSS
Corner           : nom_tt_025C_3v30
Total power      : 5.31e-04 W
Supply voltage   : 0.00e+00 V
Worstcase voltage: 1.17e-04 V
Average voltage  : 3.36e-05 V
Average IR drop  : 3.36e-05 V
Worstcase IR drop: 1.17e-04 V
Percentage drop  : 0.00 %
######################################
