Clock: clk_PAD
Sources: clk_pad/Y 
Generated: no
Virtual: yes
Propagated: no
Period: 40.000000

===========================================================================
report_clock_properties
============================================================================
Clock                   Period          Waveform
----------------------------------------------------
clk_PAD              40.000000    0.000000 20.000000

===========================================================================
report_clock_latency
============================================================================
Clock clk_PAD
rise -> rise
    min     max
0.000000 0.000000 source latency
1.559210         network latency _09792_/CLK
        2.039859 network latency _09611_/CLK
---------------
1.559210 2.039859 latency
        0.480648 skew

fall -> fall
    min     max
0.000000 0.000000 source latency
1.687001         network latency _09792_/CLK
        2.265146 network latency _09611_/CLK
---------------
1.687001 2.265146 latency
        0.578146 skew



===========================================================================
report_clock_min_period
============================================================================
clk_PAD period_min = 21.71 fmax = 46.06
