
===========================================================================
report_checks -unconstrained
===========================================================================
======================= min_ff_n40C_5v50 Corner ===================================

Startpoint: rst_n (input port clocked by clk)
Endpoint: spi_regs_inst/_1615_ (recovery check against rising-edge clock clk)
Path Group: asynchronous
Path Type: max

Fanout         Cap        Slew       Delay        Time   Description
---------------------------------------------------------------------------------------------
                                  0.000000    0.000000   clock clk (rise edge)
                                  0.000000    0.000000   clock network delay (propagated)
                                 40.000000   40.000000 ^ input external delay
     1    0.004344    0.077211    0.029235   40.029236 ^ rst_n (in)
                                                         rst_n (net)
                      0.077211    0.000000   40.029236 ^ input5/I (gf180mcu_fd_sc_mcu7t5v0__buf_1)
     2    0.049506    0.558746    0.415753   40.444988 ^ input5/Z (gf180mcu_fd_sc_mcu7t5v0__buf_1)
                                                         net5 (net)
                      0.558760    0.001563   40.446552 ^ fanout595/I (gf180mcu_fd_sc_mcu7t5v0__dlyb_1)
     7    0.072876    0.807563    0.960917   41.407471 ^ fanout595/Z (gf180mcu_fd_sc_mcu7t5v0__dlyb_1)
                                                         net595 (net)
                      0.807580    0.002103   41.409573 ^ fanout566/I (gf180mcu_fd_sc_mcu7t5v0__dlyb_1)
     6    0.098851    1.082741    1.109758   42.519329 ^ fanout566/Z (gf180mcu_fd_sc_mcu7t5v0__dlyb_1)
                                                         net566 (net)
                      1.082981    0.009145   42.528473 ^ fanout561/I (gf180mcu_fd_sc_mcu7t5v0__dlyb_1)
     8    0.088737    0.976119    1.033026   43.561501 ^ fanout561/Z (gf180mcu_fd_sc_mcu7t5v0__dlyb_1)
                                                         net561 (net)
                      0.976126    0.001403   43.562904 ^ fanout560/I (gf180mcu_fd_sc_mcu7t5v0__dlyb_1)
     5    0.052697    0.593760    0.816474   44.379379 ^ fanout560/Z (gf180mcu_fd_sc_mcu7t5v0__dlyb_1)
                                                         net560 (net)
                      0.593760    0.000441   44.379818 ^ fanout559/I (gf180mcu_fd_sc_mcu7t5v0__dlyb_1)
    10    0.095614    1.049443    1.103732   45.483551 ^ fanout559/Z (gf180mcu_fd_sc_mcu7t5v0__dlyb_1)
                                                         net559 (net)
                      1.049452    0.001773   45.485325 ^ spi_regs_inst/_1615_/RN (gf180mcu_fd_sc_mcu7t5v0__dffrnq_1)
                                             45.485325   data arrival time

                                200.000000  200.000000   clock clk (rise edge)
                                  0.000000  200.000000   clock source latency
     1    0.086758    0.250759    0.146713  200.146713 ^ clk (in)
                                                         clk (net)
                      0.252029    0.000000  200.146713 ^ clkbuf_0_clk/I (gf180mcu_fd_sc_mcu7t5v0__clkbuf_16)
     8    0.320843    0.232679    0.292331  200.439041 ^ clkbuf_0_clk/Z (gf180mcu_fd_sc_mcu7t5v0__clkbuf_16)
                                                         clknet_0_clk (net)
                      0.238317    0.020847  200.459885 ^ clkbuf_3_1__f_clk/I (gf180mcu_fd_sc_mcu7t5v0__clkbuf_16)
     8    0.141481    0.127890    0.230955  200.690842 ^ clkbuf_3_1__f_clk/Z (gf180mcu_fd_sc_mcu7t5v0__clkbuf_16)
                                                         clknet_3_1__leaf_clk (net)
                      0.127899    0.001819  200.692657 ^ clkbuf_leaf_11_clk/I (gf180mcu_fd_sc_mcu7t5v0__clkbuf_8)
     9    0.066796    0.120570    0.200529  200.893188 ^ clkbuf_leaf_11_clk/Z (gf180mcu_fd_sc_mcu7t5v0__clkbuf_8)
                                                         clknet_leaf_11_clk (net)
                      0.120573    0.001066  200.894257 ^ spi_regs_inst/_1615_/CLK (gf180mcu_fd_sc_mcu7t5v0__dffrnq_1)
                                 -0.250000  200.644257   clock uncertainty
                                  0.000000  200.644257   clock reconvergence pessimism
                                 -0.138562  200.505707   library recovery time
                                            200.505707   data required time
---------------------------------------------------------------------------------------------
                                            200.505707   data required time
                                            -45.485325   data arrival time
---------------------------------------------------------------------------------------------
                                            155.020370   slack (MET)


Startpoint: analog[0] (input port clocked by clk)
Endpoint: analog[2] (output port clocked by clk)
Path Group: clk
Path Type: max

Fanout         Cap        Slew       Delay        Time   Description
---------------------------------------------------------------------------------------------
                                  0.000000    0.000000   clock clk (rise edge)
                                  0.000000    0.000000   clock network delay (propagated)
                                 40.000000   40.000000 ^ input external delay
     2    0.080376    0.886629    0.513786   40.513786 ^ analog[0] (inout)
                                                         analog[0] (net)
                      0.886629    0.000000   40.513786 ^ analog_block_inst/analog_readout_inst/_0_/A1 (gf180mcu_fd_sc_mcu7t5v0__and2_1)
     4    0.112817    1.237711    0.927610   41.441399 ^ analog_block_inst/analog_readout_inst/_0_/Z (gf180mcu_fd_sc_mcu7t5v0__and2_1)
                                                         analog[1] (net)
                      1.237737    0.003215   41.444611 ^ analog_block_inst/analog_wave_mixer_x_inst/_0_/A2 (gf180mcu_fd_sc_mcu7t5v0__and2_1)
     3    0.080527    0.896855    0.691436   42.136047 ^ analog_block_inst/analog_wave_mixer_x_inst/_0_/Z (gf180mcu_fd_sc_mcu7t5v0__and2_1)
                                                         analog[2] (net)
                      0.896866    0.001769   42.137817 ^ analog[2] (inout)
                                             42.137817   data arrival time

                                200.000000  200.000000   clock clk (rise edge)
                                  0.000000  200.000000   clock network delay (propagated)
                                 -0.250000  199.750000   clock uncertainty
                                  0.000000  199.750000   clock reconvergence pessimism
                                -40.000000  159.749985   output external delay
                                            159.749985   data required time
---------------------------------------------------------------------------------------------
                                            159.749985   data required time
                                            -42.137817   data arrival time
---------------------------------------------------------------------------------------------
                                            117.612175   slack (MET)




===========================================================================
report_checks --slack_max -0.01
============================================================================
======================= min_ff_n40C_5v50 Corner ===================================

No paths found.


===========================================================================
 report_check_types -max_slew -max_cap -max_fanout -violators
============================================================================
======================= min_ff_n40C_5v50 Corner ===================================

max fanout

Pin                                   Limit Fanout  Slack
---------------------------------------------------------
clkbuf_leaf_14_clk/Z                     10     13     -3 (VIOLATED)
clkbuf_leaf_16_clk/Z                     10     13     -3 (VIOLATED)
clkbuf_leaf_1_clk/Z                      10     13     -3 (VIOLATED)
clkbuf_leaf_3_clk/Z                      10     13     -3 (VIOLATED)
clkbuf_leaf_7_clk/Z                      10     13     -3 (VIOLATED)
clkbuf_leaf_0_clk/Z                      10     12     -2 (VIOLATED)
clkbuf_leaf_17_clk/Z                     10     12     -2 (VIOLATED)
clkbuf_leaf_18_clk/Z                     10     12     -2 (VIOLATED)
clkbuf_leaf_19_clk/Z                     10     12     -2 (VIOLATED)
clkbuf_leaf_2_clk/Z                      10     12     -2 (VIOLATED)
clkbuf_leaf_48_clk/Z                     10     12     -2 (VIOLATED)
clkbuf_leaf_4_clk/Z                      10     12     -2 (VIOLATED)
clkbuf_leaf_53_clk/Z                     10     12     -2 (VIOLATED)
clkbuf_leaf_6_clk/Z                      10     12     -2 (VIOLATED)
clkbuf_leaf_10_clk/Z                     10     11        (VIOLATED)
clkbuf_leaf_20_clk/Z                     10     11        (VIOLATED)
clkbuf_leaf_27_clk/Z                     10     11        (VIOLATED)
clkbuf_leaf_37_clk/Z                     10     11        (VIOLATED)
clkbuf_leaf_38_clk/Z                     10     11        (VIOLATED)
clkbuf_leaf_49_clk/Z                     10     11        (VIOLATED)

max capacitance

Pin                                        Limit         Cap       Slack
------------------------------------------------------------------------
clkbuf_0_clk/Z                          0.200000    0.320843   -0.120843 (VIOLATED)



===========================================================================
report_parasitic_annotation -report_unannotated
============================================================================
Found 57 unannotated drivers.
 bidir_in[3]
 bidir_in[4]
 bidir_in[5]
 bidir_in[6]
 bidir_in[7]
 bidir_in[8]
 bidir_in[9]
 _83_/Z
 _84_/Z
 _85_/Z
 _86_/Z
 clkload0/Z
 clkload1/Z
 clkload10/Z
 clkload11/Z
 clkload12/Z
 clkload13/ZN
 clkload14/ZN
 clkload15/ZN
 clkload16/ZN
 clkload17/ZN
 clkload18/ZN
 clkload19/ZN
 clkload2/Z
 clkload20/Z
 clkload21/ZN
 clkload22/ZN
 clkload23/ZN
 clkload24/Z
 clkload25/ZN
 clkload26/Z
 clkload27/ZN
 clkload28/ZN
 clkload29/ZN
 clkload3/Z
 clkload30/ZN
 clkload31/ZN
 clkload32/ZN
 clkload33/ZN
 clkload34/ZN
 clkload35/ZN
 clkload36/ZN
 clkload37/ZN
 clkload38/ZN
 clkload39/ZN
 clkload4/Z
 clkload40/ZN
 clkload41/ZN
 clkload42/ZN
 clkload43/ZN
 clkload5/ZN
 clkload6/ZN
 clkload7/ZN
 clkload8/ZN
 clkload9/ZN
 wave_controller_x_inst\/_3725_/Q
 wave_controller_y_inst\/_3725_/Q
Found 0 partially unannotated drivers.

===========================================================================
max slew violation count 0
max fanout violation count 20
max cap violation count 1
============================================================================

===========================================================================
check_setup -verbose -unconstrained_endpoints -multiple_clock -no_clock -no_input_delay -loops -generated_clocks
===========================================================================
Warning: There is 1 unconstrained endpoint.
  analog[0]
