
===========================================================================
report_checks -unconstrained
===========================================================================
======================= min_ss_125C_4v50 Corner ===================================

Startpoint: rst_n (input port clocked by clk)
Endpoint: signal_processor_y_inst/_248_
          (recovery check against rising-edge clock clk)
Path Group: asynchronous
Path Type: max

Fanout         Cap        Slew       Delay        Time   Description
---------------------------------------------------------------------------------------------
                                  0.000000    0.000000   clock clk (rise edge)
                                  0.000000    0.000000   clock network delay (propagated)
                                 40.000000   40.000000 ^ input external delay
     1    0.003926    0.195423    0.063249   40.063251 ^ rst_n (in)
                                                         rst_n (net)
                      0.195423    0.000000   40.063251 ^ input5/I (gf180mcu_fd_sc_mcu7t5v0__buf_1)
     1    0.010130    0.378084    0.469885   40.533134 ^ input5/Z (gf180mcu_fd_sc_mcu7t5v0__buf_1)
                                                         net5 (net)
                      0.378084    0.000270   40.533405 ^ fanout627/I (gf180mcu_fd_sc_mcu7t5v0__dlyb_1)
     3    0.059820    1.721515    2.587257   43.120663 ^ fanout627/Z (gf180mcu_fd_sc_mcu7t5v0__dlyb_1)
                                                         net627 (net)
                      1.721549    0.004288   43.124950 ^ fanout570/I (gf180mcu_fd_sc_mcu7t5v0__dlyb_1)
     5    0.071676    2.039879    2.820283   45.945232 ^ fanout570/Z (gf180mcu_fd_sc_mcu7t5v0__dlyb_1)
                                                         net570 (net)
                      2.039900    0.003716   45.948948 ^ fanout547/I (gf180mcu_fd_sc_mcu7t5v0__dlyb_1)
     9    0.094351    2.652379    3.163837   49.112785 ^ fanout547/Z (gf180mcu_fd_sc_mcu7t5v0__dlyb_1)
                                                         net547 (net)
                      2.652379    0.000792   49.113579 ^ fanout546/I (gf180mcu_fd_sc_mcu7t5v0__dlyb_1)
     5    0.046306    1.361199    2.399958   51.513535 ^ fanout546/Z (gf180mcu_fd_sc_mcu7t5v0__dlyb_1)
                                                         net546 (net)
                      1.361199    0.000927   51.514465 ^ fanout544/I (gf180mcu_fd_sc_mcu7t5v0__dlyb_1)
    10    0.091304    2.572417    3.127994   54.642456 ^ fanout544/Z (gf180mcu_fd_sc_mcu7t5v0__dlyb_1)
                                                         net544 (net)
                      2.572417    0.000945   54.643402 ^ signal_processor_y_inst/fanout543/I (gf180mcu_fd_sc_mcu7t5v0__dlyb_1)
    10    0.089256    2.517112    3.068994   57.712395 ^ signal_processor_y_inst/fanout543/Z (gf180mcu_fd_sc_mcu7t5v0__dlyb_1)
                                                         signal_processor_y_inst/net543 (net)
                      2.517112    0.002398   57.714794 ^ signal_processor_y_inst/_248_/RN (gf180mcu_fd_sc_mcu7t5v0__dffrnq_1)
                                             57.714794   data arrival time

                                200.000000  200.000000   clock clk (rise edge)
                                  0.000000  200.000000   clock source latency
     1    0.078763    0.591023    0.316888  200.316879 ^ clk (in)
                                                         clk (net)
                      0.591514    0.000000  200.316879 ^ clkbuf_0_clk/I (gf180mcu_fd_sc_mcu7t5v0__clkbuf_16)
     8    0.325733    0.632559    0.818005  201.134888 ^ clkbuf_0_clk/Z (gf180mcu_fd_sc_mcu7t5v0__clkbuf_16)
                                                         clknet_0_clk (net)
                      0.632869    0.012960  201.147842 ^ clkbuf_3_0__f_clk/I (gf180mcu_fd_sc_mcu7t5v0__clkbuf_16)
     7    0.126140    0.324852    0.629257  201.777100 ^ clkbuf_3_0__f_clk/Z (gf180mcu_fd_sc_mcu7t5v0__clkbuf_16)
                                                         clknet_3_0__leaf_clk (net)
                      0.324852    0.000966  201.778076 ^ clkbuf_leaf_0_clk/I (gf180mcu_fd_sc_mcu7t5v0__clkbuf_8)
    13    0.065351    0.322814    0.551353  202.329422 ^ clkbuf_leaf_0_clk/Z (gf180mcu_fd_sc_mcu7t5v0__clkbuf_8)
                                                         clknet_leaf_0_clk (net)
                      0.322814    0.000085  202.329514 ^ signal_processor_y_inst/_248_/CLK (gf180mcu_fd_sc_mcu7t5v0__dffrnq_1)
                                 -0.250000  202.079514   clock uncertainty
                                  0.000000  202.079514   clock reconvergence pessimism
                                 -0.063667  202.015839   library recovery time
                                            202.015839   data required time
---------------------------------------------------------------------------------------------
                                            202.015839   data required time
                                            -57.714794   data arrival time
---------------------------------------------------------------------------------------------
                                            144.301056   slack (MET)


Startpoint: analog[0] (input port clocked by clk)
Endpoint: analog[2] (output port clocked by clk)
Path Group: clk
Path Type: max

Fanout         Cap        Slew       Delay        Time   Description
---------------------------------------------------------------------------------------------
                                  0.000000    0.000000   clock clk (rise edge)
                                  0.000000    0.000000   clock network delay (propagated)
                                 40.000000   40.000000 ^ input external delay
     2    0.081151    2.363315    1.267665   41.267666 ^ analog[0] (inout)
                                                         analog[0] (net)
                      2.363315    0.000000   41.267666 ^ analog_block_inst/analog_readout_inst/_0_/A1 (gf180mcu_fd_sc_mcu7t5v0__and2_1)
     4    0.111991    3.144912    2.444956   43.712624 ^ analog_block_inst/analog_readout_inst/_0_/Z (gf180mcu_fd_sc_mcu7t5v0__and2_1)
                                                         analog[1] (net)
                      3.144912    0.000586   43.713207 ^ analog_block_inst/analog_wave_mixer_x_inst/_0_/A2 (gf180mcu_fd_sc_mcu7t5v0__and2_1)
     3    0.088003    2.495752    1.973135   45.686344 ^ analog_block_inst/analog_wave_mixer_x_inst/_0_/Z (gf180mcu_fd_sc_mcu7t5v0__and2_1)
                                                         analog[2] (net)
                      2.495752    0.001123   45.687466 ^ analog[2] (inout)
                                             45.687466   data arrival time

                                200.000000  200.000000   clock clk (rise edge)
                                  0.000000  200.000000   clock network delay (propagated)
                                 -0.250000  199.750000   clock uncertainty
                                  0.000000  199.750000   clock reconvergence pessimism
                                -40.000000  159.749985   output external delay
                                            159.749985   data required time
---------------------------------------------------------------------------------------------
                                            159.749985   data required time
                                            -45.687466   data arrival time
---------------------------------------------------------------------------------------------
                                            114.062523   slack (MET)




===========================================================================
report_checks --slack_max -0.01
============================================================================
======================= min_ss_125C_4v50 Corner ===================================

No paths found.


===========================================================================
 report_check_types -max_slew -max_cap -max_fanout -violators
============================================================================
======================= min_ss_125C_4v50 Corner ===================================

max slew

Pin                                        Limit        Slew       Slack
------------------------------------------------------------------------
spi_regs_inst/_0765_/I1                 3.000000    3.860102   -0.860102 (VIOLATED)
spi_regs_inst/_0795_/I1                 3.000000    3.860102   -0.860102 (VIOLATED)
spi_regs_inst/_1392_/I1                 3.000000    3.860062   -0.860062 (VIOLATED)
spi_regs_inst/_0804_/I0                 3.000000    3.860059   -0.860059 (VIOLATED)
spi_regs_inst/_0778_/I1                 3.000000    3.860046   -0.860046 (VIOLATED)
spi_regs_inst/_0833_/I1                 3.000000    3.859971   -0.859971 (VIOLATED)
spi_regs_inst/_1410_/I1                 3.000000    3.859951   -0.859951 (VIOLATED)
spi_regs_inst/_0859_/I1                 3.000000    3.859945   -0.859945 (VIOLATED)
spi_regs_inst/_0877_/I1                 3.000000    3.859943   -0.859943 (VIOLATED)
spi_regs_inst/_1382_/I1                 3.000000    3.859926   -0.859926 (VIOLATED)
spi_regs_inst/fanout472/Z               3.000000    3.859926   -0.859926 (VIOLATED)
wave_controller_y_inst/_3040_/A2        3.000000    3.819380   -0.819380 (VIOLATED)
wave_controller_y_inst/_3063_/A2        3.000000    3.819302   -0.819302 (VIOLATED)
wave_controller_y_inst/_3066_/A2        3.000000    3.819281   -0.819281 (VIOLATED)
wave_controller_y_inst/_3069_/B1        3.000000    3.819270   -0.819270 (VIOLATED)
wave_controller_y_inst/_3072_/A2        3.000000    3.819255   -0.819255 (VIOLATED)
wave_controller_y_inst/_3074_/B1        3.000000    3.819226   -0.819226 (VIOLATED)
wave_controller_y_inst/_3080_/A2        3.000000    3.819212   -0.819212 (VIOLATED)
wave_controller_y_inst/_3078_/A2        3.000000    3.819206   -0.819206 (VIOLATED)
wave_controller_y_inst/_3076_/A2        3.000000    3.819183   -0.819183 (VIOLATED)
wave_controller_y_inst/_3090_/B1        3.000000    3.819183   -0.819183 (VIOLATED)
wave_controller_y_inst/fanout176/Z      3.000000    3.819183   -0.819183 (VIOLATED)
spi_regs_inst/_0767_/I1                 3.000000    3.776964   -0.776964 (VIOLATED)
spi_regs_inst/_0797_/I1                 3.000000    3.776964   -0.776964 (VIOLATED)
spi_regs_inst/_0806_/I0                 3.000000    3.776929   -0.776929 (VIOLATED)
spi_regs_inst/_1394_/I1                 3.000000    3.776927   -0.776927 (VIOLATED)
spi_regs_inst/_0780_/I1                 3.000000    3.776924   -0.776924 (VIOLATED)
spi_regs_inst/_0835_/I1                 3.000000    3.776894   -0.776894 (VIOLATED)
spi_regs_inst/_1412_/I1                 3.000000    3.776875   -0.776875 (VIOLATED)
spi_regs_inst/_0861_/I1                 3.000000    3.776866   -0.776867 (VIOLATED)
spi_regs_inst/_0879_/I1                 3.000000    3.776865   -0.776866 (VIOLATED)
spi_regs_inst/_1384_/I1                 3.000000    3.776854   -0.776854 (VIOLATED)
spi_regs_inst/fanout468/Z               3.000000    3.776854   -0.776854 (VIOLATED)
wave_controller_y_inst/_3044_/B2        3.000000    3.745191   -0.745192 (VIOLATED)
wave_controller_y_inst/_3066_/B2        3.000000    3.745128   -0.745128 (VIOLATED)
wave_controller_y_inst/_3069_/A1        3.000000    3.745110   -0.745110 (VIOLATED)
wave_controller_y_inst/_3072_/B2        3.000000    3.745090   -0.745090 (VIOLATED)
wave_controller_y_inst/_3078_/B2        3.000000    3.745065   -0.745065 (VIOLATED)
wave_controller_y_inst/_3080_/B2        3.000000    3.745065   -0.745065 (VIOLATED)
wave_controller_y_inst/_3074_/A1        3.000000    3.745058   -0.745058 (VIOLATED)
wave_controller_y_inst/_2762_/I         3.000000    3.745042   -0.745042 (VIOLATED)
wave_controller_y_inst/_3076_/B2        3.000000    3.745042   -0.745042 (VIOLATED)
wave_controller_y_inst/_3090_/A1        3.000000    3.745042   -0.745042 (VIOLATED)
wave_controller_y_inst/fanout146/Z      3.000000    3.745042   -0.745042 (VIOLATED)
spi_regs_inst/_0827_/ZN                 3.000000    3.733919   -0.733919 (VIOLATED)
spi_regs_inst/_0832_/S                  3.000000    3.733919   -0.733919 (VIOLATED)
spi_regs_inst/_0833_/S                  3.000000    3.733919   -0.733919 (VIOLATED)
spi_regs_inst/_0835_/S                  3.000000    3.733919   -0.733919 (VIOLATED)
spi_regs_inst/load_slew306/I            3.000000    3.733919   -0.733919 (VIOLATED)
wave_controller_y_inst/_3496_/A2        3.000000    3.712121   -0.712121 (VIOLATED)
wave_controller_y_inst/_3498_/A2        3.000000    3.712113   -0.712113 (VIOLATED)
wave_controller_y_inst/_3501_/A2        3.000000    3.712111   -0.712111 (VIOLATED)
wave_controller_y_inst/_3504_/A2        3.000000    3.712089   -0.712089 (VIOLATED)
wave_controller_y_inst/_3507_/A2        3.000000    3.712082   -0.712082 (VIOLATED)
wave_controller_y_inst/_3510_/A2        3.000000    3.712049   -0.712049 (VIOLATED)
wave_controller_y_inst/_3513_/A2        3.000000    3.712041   -0.712041 (VIOLATED)
wave_controller_y_inst/_3525_/A2        3.000000    3.711892   -0.711893 (VIOLATED)
wave_controller_y_inst/_3528_/A2        3.000000    3.711892   -0.711893 (VIOLATED)
wave_controller_y_inst/fanout23/I       3.000000    3.711892   -0.711893 (VIOLATED)
wave_controller_y_inst/fanout24/Z       3.000000    3.711892   -0.711893 (VIOLATED)
spi_regs_inst/_0860_/S                  3.000000    3.691092   -0.691093 (VIOLATED)
spi_regs_inst/_0861_/S                  3.000000    3.691091   -0.691091 (VIOLATED)
spi_regs_inst/_0853_/ZN                 3.000000    3.691079   -0.691079 (VIOLATED)
spi_regs_inst/_0858_/S                  3.000000    3.691079   -0.691079 (VIOLATED)
spi_regs_inst/_0859_/S                  3.000000    3.691079   -0.691079 (VIOLATED)
spi_regs_inst/load_slew194/I            3.000000    3.691079   -0.691079 (VIOLATED)
spi_regs_inst/_1353_/A2                 3.000000    3.689020   -0.689020 (VIOLATED)
spi_regs_inst/_1218_/A2                 3.000000    3.689018   -0.689018 (VIOLATED)
spi_regs_inst/_0965_/ZN                 3.000000    3.689005   -0.689005 (VIOLATED)
spi_regs_inst/_0967_/A2                 3.000000    3.689005   -0.689005 (VIOLATED)
spi_regs_inst/_1138_/A2                 3.000000    3.689005   -0.689005 (VIOLATED)
spi_regs_inst/load_slew283/I            3.000000    3.689005   -0.689005 (VIOLATED)
wave_controller_y_inst/_2904_/ZN        3.000000    3.645038   -0.645038 (VIOLATED)
wave_controller_y_inst/_2907_/B1        3.000000    3.645038   -0.645038 (VIOLATED)
wave_controller_y_inst/_3419_/C         3.000000    3.645038   -0.645038 (VIOLATED)
wave_controller_y_inst/_3430_/A2        3.000000    3.645038   -0.645038 (VIOLATED)
wave_controller_y_inst/_3440_/A2        3.000000    3.645038   -0.645038 (VIOLATED)
wave_controller_y_inst/load_slew80/I    3.000000    3.645038   -0.645038 (VIOLATED)
spi_regs_inst/_0766_/I1                 3.000000    3.636155   -0.636156 (VIOLATED)
spi_regs_inst/_0796_/I1                 3.000000    3.636154   -0.636154 (VIOLATED)
spi_regs_inst/_0805_/I0                 3.000000    3.636114   -0.636114 (VIOLATED)
spi_regs_inst/_0779_/I1                 3.000000    3.636113   -0.636113 (VIOLATED)
spi_regs_inst/_1393_/I1                 3.000000    3.636105   -0.636105 (VIOLATED)
spi_regs_inst/_0834_/I1                 3.000000    3.636081   -0.636081 (VIOLATED)
spi_regs_inst/_1411_/I1                 3.000000    3.636077   -0.636077 (VIOLATED)
spi_regs_inst/_0860_/I1                 3.000000    3.636066   -0.636067 (VIOLATED)
spi_regs_inst/_0878_/I1                 3.000000    3.636055   -0.636055 (VIOLATED)
spi_regs_inst/_1383_/I1                 3.000000    3.636055   -0.636055 (VIOLATED)
spi_regs_inst/fanout470/Z               3.000000    3.636055   -0.636055 (VIOLATED)
spi_regs_inst/_0764_/I1                 3.000000    3.632440   -0.632440 (VIOLATED)
spi_regs_inst/_0794_/I1                 3.000000    3.632439   -0.632439 (VIOLATED)
spi_regs_inst/_0848_/I1                 3.000000    3.632436   -0.632436 (VIOLATED)
spi_regs_inst/_0823_/I0                 3.000000    3.632421   -0.632421 (VIOLATED)
spi_regs_inst/_0867_/I1                 3.000000    3.632415   -0.632415 (VIOLATED)
spi_regs_inst/_0803_/I0                 3.000000    3.632392   -0.632392 (VIOLATED)
spi_regs_inst/_1391_/I1                 3.000000    3.632391   -0.632391 (VIOLATED)
spi_regs_inst/_0858_/I1                 3.000000    3.632334   -0.632334 (VIOLATED)
spi_regs_inst/_0876_/I1                 3.000000    3.632328   -0.632328 (VIOLATED)
spi_regs_inst/fanout474/I               3.000000    3.632316   -0.632316 (VIOLATED)
spi_regs_inst/fanout475/Z               3.000000    3.632316   -0.632316 (VIOLATED)
wave_controller_x_inst/_3044_/B2        3.000000    3.511104   -0.511105 (VIOLATED)
wave_controller_x_inst/_3046_/A1        3.000000    3.511101   -0.511101 (VIOLATED)
wave_controller_x_inst/_3048_/B2        3.000000    3.511095   -0.511095 (VIOLATED)
wave_controller_x_inst/_3072_/B2        3.000000    3.511029   -0.511029 (VIOLATED)
wave_controller_x_inst/_3080_/B2        3.000000    3.511000   -0.511000 (VIOLATED)
wave_controller_x_inst/_3074_/A1        3.000000    3.510985   -0.510985 (VIOLATED)
wave_controller_x_inst/_3076_/B2        3.000000    3.510976   -0.510976 (VIOLATED)
wave_controller_x_inst/_3078_/B2        3.000000    3.510968   -0.510968 (VIOLATED)
wave_controller_x_inst/_2762_/I         3.000000    3.510927   -0.510927 (VIOLATED)
wave_controller_x_inst/_3090_/A1        3.000000    3.510927   -0.510927 (VIOLATED)
wave_controller_x_inst/fanout165/Z      3.000000    3.510927   -0.510927 (VIOLATED)
wave_controller_y_inst/_2993_/A2        3.000000    3.441326   -0.441327 (VIOLATED)
wave_controller_y_inst/_2943_/A2        3.000000    3.441326   -0.441326 (VIOLATED)
wave_controller_y_inst/_2991_/A2        3.000000    3.441326   -0.441326 (VIOLATED)
wave_controller_y_inst/_2692_/A1        3.000000    3.441325   -0.441325 (VIOLATED)
wave_controller_y_inst/_1817_/I         3.000000    3.441324   -0.441324 (VIOLATED)
wave_controller_y_inst/_2990_/A2        3.000000    3.441324   -0.441324 (VIOLATED)
spi_regs_inst/_1276_/A1                 3.000000    3.441314   -0.441314 (VIOLATED)
wave_controller_y_inst/_3357_/A1        3.000000    3.441314   -0.441314 (VIOLATED)
fanout513/Z                             3.000000    3.441303   -0.441303 (VIOLATED)
wave_controller_y_inst/_2387_/A1        3.000000    3.441303   -0.441303 (VIOLATED)
wave_controller_y_inst/_3394_/A1        3.000000    3.441303   -0.441303 (VIOLATED)
spi_regs_inst/_0880_/ZN                 3.000000    3.388061   -0.388061 (VIOLATED)
spi_regs_inst/_0882_/S                  3.000000    3.388061   -0.388061 (VIOLATED)
spi_regs_inst/_0885_/S                  3.000000    3.388061   -0.388061 (VIOLATED)
spi_regs_inst/load_slew301/I            3.000000    3.388061   -0.388061 (VIOLATED)
spi_regs_inst/_1001_/ZN                 3.000000    3.385998   -0.385998 (VIOLATED)
spi_regs_inst/_1089_/B1                 3.000000    3.385998   -0.385998 (VIOLATED)
spi_regs_inst/_1149_/B1                 3.000000    3.385998   -0.385998 (VIOLATED)
spi_regs_inst/_1240_/B1                 3.000000    3.385998   -0.385998 (VIOLATED)
spi_regs_inst/_1322_/A2                 3.000000    3.385998   -0.385998 (VIOLATED)
spi_regs_inst/load_slew244/I            3.000000    3.385998   -0.385998 (VIOLATED)
spi_regs_inst/_1404_/ZN                 3.000000    3.383502   -0.383502 (VIOLATED)
spi_regs_inst/_1408_/S                  3.000000    3.383502   -0.383502 (VIOLATED)
spi_regs_inst/_1409_/S                  3.000000    3.383502   -0.383502 (VIOLATED)
spi_regs_inst/_1411_/S                  3.000000    3.383502   -0.383502 (VIOLATED)
spi_regs_inst/_1412_/S                  3.000000    3.383502   -0.383502 (VIOLATED)
spi_regs_inst/load_slew187/I            3.000000    3.383502   -0.383502 (VIOLATED)
wave_controller_y_inst/_3499_/A2        3.000000    3.359766   -0.359766 (VIOLATED)
wave_controller_y_inst/_3495_/A2        3.000000    3.359764   -0.359764 (VIOLATED)
wave_controller_y_inst/_3502_/A2        3.000000    3.359762   -0.359762 (VIOLATED)
wave_controller_y_inst/_3505_/A2        3.000000    3.359760   -0.359760 (VIOLATED)
wave_controller_y_inst/_3508_/A2        3.000000    3.359752   -0.359752 (VIOLATED)
wave_controller_y_inst/_3511_/A2        3.000000    3.359744   -0.359744 (VIOLATED)
wave_controller_y_inst/_3514_/A2        3.000000    3.359725   -0.359725 (VIOLATED)
wave_controller_y_inst/_3529_/A2        3.000000    3.359590   -0.359590 (VIOLATED)
wave_controller_y_inst/_3526_/A2        3.000000    3.359569   -0.359569 (VIOLATED)
wave_controller_y_inst/fanout21/I       3.000000    3.359569   -0.359569 (VIOLATED)
wave_controller_y_inst/fanout22/Z       3.000000    3.359569   -0.359569 (VIOLATED)
spi_regs_inst/_1336_/B1                 3.000000    3.278201   -0.278201 (VIOLATED)
spi_regs_inst/load_slew243/I            3.000000    3.278201   -0.278201 (VIOLATED)
spi_regs_inst/_1002_/ZN                 3.000000    3.278190   -0.278190 (VIOLATED)
spi_regs_inst/_1144_/A2                 3.000000    3.278190   -0.278190 (VIOLATED)
spi_regs_inst/_1235_/A2                 3.000000    3.278190   -0.278190 (VIOLATED)
wave_controller_x_inst/_1800_/I         3.000000    3.253130   -0.253130 (VIOLATED)
wave_controller_x_inst/_3093_/B         3.000000    3.253129   -0.253130 (VIOLATED)
wave_controller_x_inst/_3100_/B         3.000000    3.253130   -0.253130 (VIOLATED)
state_machine_inst/_21_/ZN              3.000000    3.253128   -0.253128 (VIOLATED)
state_machine_inst/_34_/A1              3.000000    3.253128   -0.253128 (VIOLATED)
wave_controller_x_inst/_2759_/A1        3.000000    3.253128   -0.253128 (VIOLATED)
wave_controller_y_inst/max_cap334/I     3.000000    3.253128   -0.253128 (VIOLATED)
wave_controller_x_inst/_3060_/A2        3.000000    3.175586   -0.175586 (VIOLATED)
wave_controller_x_inst/_2912_/A2        3.000000    3.175579   -0.175579 (VIOLATED)
wave_controller_x_inst/_2936_/B2        3.000000    3.175562   -0.175562 (VIOLATED)
wave_controller_x_inst/_3408_/A1        3.000000    3.175503   -0.175504 (VIOLATED)
wave_controller_x_inst/fanout401/I      3.000000    3.175459   -0.175459 (VIOLATED)
wave_controller_x_inst/load_slew403/I    3.000000    3.175447   -0.175447 (VIOLATED)
fanout400/I                             3.000000    3.175424   -0.175424 (VIOLATED)
fanout397/I                             3.000000    3.175342   -0.175342 (VIOLATED)
fanout402/Z                             3.000000    3.175342   -0.175342 (VIOLATED)
analog[1]                               3.000000    3.144912   -0.144912 (VIOLATED)
_86_/I                                  3.000000    3.144912   -0.144912 (VIOLATED)
analog_block_inst/analog_readout_inst/_0_/Z    3.000000    3.144912   -0.144912 (VIOLATED)
analog_block_inst/analog_wave_mixer_x_inst/_0_/A2    3.000000    3.144912   -0.144912 (VIOLATED)
analog_block_inst/analog_wave_mixer_y_inst/_0_/A2    3.000000    3.144912   -0.144912 (VIOLATED)
spi_regs_inst/wire198/I                 3.000000    3.124222   -0.124222 (VIOLATED)
spi_regs_inst/_0767_/S                  3.000000    3.124222   -0.124222 (VIOLATED)
spi_regs_inst/_0759_/ZN                 3.000000    3.124221   -0.124221 (VIOLATED)
wave_controller_x_inst/_3495_/A2        3.000000    3.089015   -0.089015 (VIOLATED)
wave_controller_x_inst/_3499_/A2        3.000000    3.089012   -0.089012 (VIOLATED)
wave_controller_x_inst/_3502_/A2        3.000000    3.089010   -0.089011 (VIOLATED)
wave_controller_x_inst/_3505_/A2        3.000000    3.089002   -0.089002 (VIOLATED)
wave_controller_x_inst/_3508_/A2        3.000000    3.088991   -0.088991 (VIOLATED)
wave_controller_x_inst/_3511_/A2        3.000000    3.088972   -0.088972 (VIOLATED)
wave_controller_x_inst/_3514_/A2        3.000000    3.088945   -0.088945 (VIOLATED)
wave_controller_x_inst/_3517_/A2        3.000000    3.088942   -0.088942 (VIOLATED)
wave_controller_x_inst/_3538_/A2        3.000000    3.088875   -0.088875 (VIOLATED)
wave_controller_x_inst/fanout32/I       3.000000    3.088838   -0.088838 (VIOLATED)
wave_controller_x_inst/fanout33/Z       3.000000    3.088838   -0.088838 (VIOLATED)
wave_controller_x_inst/_3496_/A2        3.000000    3.072111   -0.072111 (VIOLATED)
wave_controller_x_inst/_3498_/A2        3.000000    3.072111   -0.072111 (VIOLATED)
wave_controller_x_inst/_3501_/A2        3.000000    3.072110   -0.072110 (VIOLATED)
wave_controller_x_inst/_3504_/A2        3.000000    3.072106   -0.072106 (VIOLATED)
wave_controller_x_inst/_3507_/A2        3.000000    3.072098   -0.072098 (VIOLATED)
wave_controller_x_inst/_3510_/A2        3.000000    3.072087   -0.072087 (VIOLATED)
wave_controller_x_inst/_3516_/A2        3.000000    3.072069   -0.072069 (VIOLATED)
wave_controller_x_inst/_3513_/A2        3.000000    3.072068   -0.072068 (VIOLATED)
wave_controller_x_inst/_3537_/A2        3.000000    3.072019   -0.072019 (VIOLATED)
wave_controller_x_inst/fanout34/I       3.000000    3.072002   -0.072002 (VIOLATED)
wave_controller_x_inst/fanout35/Z       3.000000    3.072002   -0.072002 (VIOLATED)
wave_controller_y_inst/_2537_/A1        3.000000    3.071532   -0.071532 (VIOLATED)
wave_controller_y_inst/_2536_/A1        3.000000    3.071532   -0.071532 (VIOLATED)
wave_controller_y_inst/_2241_/A1        3.000000    3.071529   -0.071529 (VIOLATED)
wave_controller_y_inst/_2242_/A1        3.000000    3.071528   -0.071529 (VIOLATED)
wave_controller_y_inst/_3384_/A1        3.000000    3.071513   -0.071513 (VIOLATED)
wave_controller_y_inst/_3383_/A1        3.000000    3.071511   -0.071511 (VIOLATED)
wave_controller_y_inst/_1970_/A1        3.000000    3.071501   -0.071501 (VIOLATED)
fanout505/Z                             3.000000    3.071489   -0.071489 (VIOLATED)
spi_regs_inst/_1231_/A1                 3.000000    3.071489   -0.071489 (VIOLATED)
spi_regs_inst/_1418_/I1                 3.000000    3.071489   -0.071489 (VIOLATED)
wave_controller_y_inst/_1969_/A1        3.000000    3.071489   -0.071489 (VIOLATED)
wave_controller_x_inst/_2904_/ZN        3.000000    3.049122   -0.049122 (VIOLATED)
wave_controller_x_inst/_3420_/A2        3.000000    3.049122   -0.049122 (VIOLATED)
wave_controller_x_inst/_3430_/A2        3.000000    3.049122   -0.049122 (VIOLATED)
wave_controller_x_inst/_3440_/A2        3.000000    3.049122   -0.049122 (VIOLATED)
wave_controller_x_inst/wire84/I         3.000000    3.049122   -0.049122 (VIOLATED)
wave_controller_x_inst/_3067_/A2        3.000000    3.045958   -0.045958 (VIOLATED)
wave_controller_x_inst/_3070_/A2        3.000000    3.045955   -0.045955 (VIOLATED)
wave_controller_x_inst/_3064_/A2        3.000000    3.045946   -0.045946 (VIOLATED)
fanout404/Z                             3.000000    3.045826   -0.045826 (VIOLATED)
max_cap405/I                            3.000000    3.045826   -0.045826 (VIOLATED)
wave_controller_x_inst/_2037_/A1        3.000000    3.044349   -0.044349 (VIOLATED)
wave_controller_x_inst/_2038_/A1        3.000000    3.044347   -0.044347 (VIOLATED)
wave_controller_x_inst/_3319_/A1        3.000000    3.044337   -0.044337 (VIOLATED)
wave_controller_x_inst/_3321_/A1        3.000000    3.044337   -0.044337 (VIOLATED)
wave_controller_x_inst/_3332_/A1        3.000000    3.044337   -0.044337 (VIOLATED)
wave_controller_x_inst/_3171_/A1        3.000000    3.044328   -0.044328 (VIOLATED)
wave_controller_x_inst/_3174_/B2        3.000000    3.044319   -0.044319 (VIOLATED)
wave_controller_x_inst/_1781_/I         3.000000    3.044293   -0.044293 (VIOLATED)
wave_controller_x_inst/_1935_/A2        3.000000    3.044293   -0.044293 (VIOLATED)
wave_controller_x_inst/_1940_/A2        3.000000    3.044293   -0.044293 (VIOLATED)
wave_controller_x_inst/fanout445/Z      3.000000    3.044293   -0.044293 (VIOLATED)
wave_controller_x_inst/_3557_/A1        3.000000    3.040579   -0.040579 (VIOLATED)
wave_controller_x_inst/_3527_/A1        3.000000    3.040579   -0.040579 (VIOLATED)
wave_controller_x_inst/_3554_/A1        3.000000    3.040577   -0.040578 (VIOLATED)
wave_controller_x_inst/_3551_/A1        3.000000    3.040577   -0.040577 (VIOLATED)
wave_controller_x_inst/_3462_/A1        3.000000    3.040576   -0.040577 (VIOLATED)
wave_controller_x_inst/_3548_/A1        3.000000    3.040574   -0.040574 (VIOLATED)
wave_controller_x_inst/_3545_/A1        3.000000    3.040570   -0.040570 (VIOLATED)
wave_controller_x_inst/_2900_/A1        3.000000    3.040565   -0.040565 (VIOLATED)
wave_controller_x_inst/_2890_/A1        3.000000    3.040554   -0.040554 (VIOLATED)
wave_controller_x_inst/_3037_/B2        3.000000    3.040554   -0.040554 (VIOLATED)
wave_controller_x_inst/fanout160/Z      3.000000    3.040554   -0.040554 (VIOLATED)
spi_regs_inst/_1292_/ZN                 3.000000    3.038791   -0.038791 (VIOLATED)
spi_regs_inst/_1294_/A3                 3.000000    3.038791   -0.038791 (VIOLATED)
spi_regs_inst/_0809_/ZN                 3.000000    3.023849   -0.023849 (VIOLATED)
spi_regs_inst/_0811_/S                  3.000000    3.023849   -0.023849 (VIOLATED)
spi_regs_inst/_0814_/S                  3.000000    3.023849   -0.023849 (VIOLATED)
spi_regs_inst/load_slew196/I            3.000000    3.023849   -0.023849 (VIOLATED)
spi_regs_inst/_0787_/I0                 3.000000    3.020036   -0.020036 (VIOLATED)
spi_regs_inst/_1427_/I0                 3.000000    3.020034   -0.020034 (VIOLATED)
spi_regs_inst/_1451_/I1                 3.000000    3.020028   -0.020028 (VIOLATED)
spi_regs_inst/_0777_/I1                 3.000000    3.020021   -0.020022 (VIOLATED)
spi_regs_inst/_1409_/I1                 3.000000    3.020010   -0.020010 (VIOLATED)
spi_regs_inst/_0832_/I1                 3.000000    3.020006   -0.020006 (VIOLATED)
spi_regs_inst/_0814_/I1                 3.000000    3.019992   -0.019992 (VIOLATED)
spi_regs_inst/_0841_/I1                 3.000000    3.019992   -0.019992 (VIOLATED)
spi_regs_inst/_0885_/I1                 3.000000    3.019992   -0.019992 (VIOLATED)
spi_regs_inst/_1381_/I1                 3.000000    3.019992   -0.019992 (VIOLATED)
spi_regs_inst/fanout474/Z               3.000000    3.019992   -0.019992 (VIOLATED)
wave_controller_y_inst/_3093_/C         3.000000    3.013631   -0.013632 (VIOLATED)
wave_controller_y_inst/_3100_/C         3.000000    3.013631   -0.013632 (VIOLATED)
wave_controller_y_inst/_2759_/A2        3.000000    3.013630   -0.013630 (VIOLATED)
wave_controller_y_inst/_1801_/I         3.000000    3.013629   -0.013629 (VIOLATED)
wave_controller_y_inst/_2064_/B         3.000000    3.013628   -0.013629 (VIOLATED)
wave_controller_y_inst/_2063_/A1        3.000000    3.013628   -0.013628 (VIOLATED)
wave_controller_y_inst/_1912_/A2        3.000000    3.013628   -0.013628 (VIOLATED)
wave_controller_y_inst/_3104_/A2        3.000000    3.013624   -0.013624 (VIOLATED)
fanout498/I                             3.000000    3.013577   -0.013577 (VIOLATED)
fanout499/Z                             3.000000    3.013577   -0.013577 (VIOLATED)
wave_controller_x_inst/_3104_/A2        3.000000    3.013577   -0.013577 (VIOLATED)
wave_controller_x_inst/_1783_/I         3.000000    3.001360   -0.001360 (VIOLATED)
wave_controller_x_inst/_2069_/A1        3.000000    3.001360   -0.001360 (VIOLATED)
wave_controller_x_inst/_2035_/A1        3.000000    3.001359   -0.001359 (VIOLATED)
wave_controller_x_inst/_2036_/A1        3.000000    3.001355   -0.001356 (VIOLATED)
wave_controller_x_inst/_3317_/A1        3.000000    3.001338   -0.001338 (VIOLATED)
wave_controller_x_inst/_3107_/A1        3.000000    3.001331   -0.001331 (VIOLATED)
wave_controller_x_inst/_1935_/B2        3.000000    3.001321   -0.001321 (VIOLATED)
wave_controller_x_inst/_1937_/A2        3.000000    3.001321   -0.001321 (VIOLATED)
wave_controller_x_inst/_2940_/A1        3.000000    3.001306   -0.001306 (VIOLATED)
wave_controller_x_inst/_2941_/A1        3.000000    3.001306   -0.001306 (VIOLATED)
wave_controller_x_inst/fanout446/Z      3.000000    3.001306   -0.001306 (VIOLATED)

max fanout

Pin                                   Limit Fanout  Slack
---------------------------------------------------------
clkbuf_leaf_17_clk/Z                     10     14     -4 (VIOLATED)
clkbuf_leaf_36_clk/Z                     10     14     -4 (VIOLATED)
clkbuf_leaf_0_clk/Z                      10     13     -3 (VIOLATED)
clkbuf_leaf_12_clk/Z                     10     13     -3 (VIOLATED)
clkbuf_leaf_13_clk/Z                     10     13     -3 (VIOLATED)
clkbuf_leaf_14_clk/Z                     10     13     -3 (VIOLATED)
clkbuf_leaf_1_clk/Z                      10     13     -3 (VIOLATED)
clkbuf_leaf_28_clk/Z                     10     13     -3 (VIOLATED)
clkbuf_leaf_37_clk/Z                     10     13     -3 (VIOLATED)
clkbuf_leaf_3_clk/Z                      10     13     -3 (VIOLATED)
clkbuf_leaf_4_clk/Z                      10     13     -3 (VIOLATED)
clkbuf_leaf_5_clk/Z                      10     13     -3 (VIOLATED)
clkbuf_leaf_6_clk/Z                      10     13     -3 (VIOLATED)
clkbuf_leaf_7_clk/Z                      10     13     -3 (VIOLATED)
clkbuf_leaf_8_clk/Z                      10     13     -3 (VIOLATED)
clkbuf_leaf_15_clk/Z                     10     12     -2 (VIOLATED)
clkbuf_leaf_16_clk/Z                     10     12     -2 (VIOLATED)
clkbuf_leaf_20_clk/Z                     10     12     -2 (VIOLATED)
clkbuf_leaf_2_clk/Z                      10     12     -2 (VIOLATED)
clkbuf_leaf_34_clk/Z                     10     12     -2 (VIOLATED)
clkbuf_leaf_38_clk/Z                     10     12     -2 (VIOLATED)
clkbuf_leaf_46_clk/Z                     10     12     -2 (VIOLATED)
clkbuf_leaf_50_clk/Z                     10     12     -2 (VIOLATED)
clkbuf_leaf_9_clk/Z                      10     11        (VIOLATED)

max capacitance

Pin                                        Limit         Cap       Slack
------------------------------------------------------------------------
clkbuf_0_clk/Z                          0.200000    0.325733   -0.125733 (VIOLATED)



===========================================================================
report_parasitic_annotation -report_unannotated
============================================================================
Found 50 unannotated drivers.
 bidir_in[3]
 bidir_in[4]
 bidir_in[5]
 bidir_in[6]
 bidir_in[7]
 bidir_in[8]
 bidir_in[9]
 _83_/Z
 _84_/Z
 _85_/Z
 _86_/Z
 clkload0/Z
 clkload1/Z
 clkload10/ZN
 clkload11/ZN
 clkload12/ZN
 clkload13/ZN
 clkload14/ZN
 clkload15/Z
 clkload16/ZN
 clkload17/ZN
 clkload18/ZN
 clkload19/ZN
 clkload2/Z
 clkload20/ZN
 clkload21/ZN
 clkload22/Z
 clkload23/ZN
 clkload24/Z
 clkload25/ZN
 clkload26/ZN
 clkload27/ZN
 clkload28/ZN
 clkload29/ZN
 clkload3/Z
 clkload30/ZN
 clkload31/ZN
 clkload32/ZN
 clkload33/ZN
 clkload34/ZN
 clkload35/ZN
 clkload36/ZN
 clkload4/ZN
 clkload5/ZN
 clkload6/ZN
 clkload7/Z
 clkload8/Z
 clkload9/Z
 wave_controller_x_inst\/_3725_/Q
 wave_controller_y_inst\/_3725_/Q
Found 0 partially unannotated drivers.

===========================================================================
max slew violation count 282
max fanout violation count 24
max cap violation count 1
============================================================================

===========================================================================
check_setup -verbose -unconstrained_endpoints -multiple_clock -no_clock -no_input_delay -loops -generated_clocks
===========================================================================
Warning: There is 1 unconstrained endpoint.
  analog[0]
