
===========================================================================
 report_power
============================================================================
======================= max_ss_125C_3v00 Corner ===================================

Group                    Internal    Switching      Leakage        Total
                            Power        Power        Power        Power (Watts)
------------------------------------------------------------------------
Sequential           5.663498e-04 6.449001e-06 4.135555e-07 5.732123e-04  48.8%
Combinational        2.266389e-05 3.032788e-05 3.295644e-06 5.628741e-05   4.8%
Clock                2.445217e-04 2.871537e-04 1.449584e-05 5.461712e-04  46.5%
Macro                0.000000e+00 0.000000e+00 0.000000e+00 0.000000e+00   0.0%
Pad                  0.000000e+00 0.000000e+00 0.000000e+00 0.000000e+00   0.0%
------------------------------------------------------------------------
Total                8.335357e-04 3.239303e-04 1.820527e-05 1.175671e-03 100.0%
                            70.9%        27.6%         1.5%

