Using 16 threads…
Using a tile size of (500 µm)²…
Reading /workspace/librelane/runs/RUN_2026-08-29_02-02-22/58-magic-streamout/B18_Probton.magic.gds ..
Reading /workspace/librelane/runs/RUN_2026-08-29_02-02-22/59-klayout-streamout/B18_Probton.klayout.gds ..
Warning: --- Skipping 0/0… ---
--- Running XOR for layer 112/1 ---
"input" in: xor.drc:109
    Polygons (raw): 39903 (flat)  107 (hierarchical)
    Elapsed: 0.040s  Memory: 486.00M
"input" in: xor.drc:109
    Polygons (raw): 39903 (flat)  107 (hierarchical)
    Elapsed: 0.000s  Memory: 486.00M
"^" in: xor.drc:109
    Polygons (raw): 0 (flat)  0 (hierarchical)
    Elapsed: 0.440s  Memory: 517.00M
XOR differences: 0
"output" in: xor.drc:86
    Polygons (raw): 0 (flat)  0 (hierarchical)
    Elapsed: 0.000s  Memory: 517.00M
--- Running XOR for layer 115/5 ---
"input" in: xor.drc:109
    Polygons (raw): 17 (flat)  1 (hierarchical)
    Elapsed: 0.000s  Memory: 517.00M
"input" in: xor.drc:109
    Polygons (raw): 17 (flat)  1 (hierarchical)
    Elapsed: 0.000s  Memory: 517.00M
"^" in: xor.drc:109
    Polygons (raw): 0 (flat)  0 (hierarchical)
    Elapsed: 0.060s  Memory: 517.00M
XOR differences: 0
"output" in: xor.drc:86
    Polygons (raw): 0 (flat)  0 (hierarchical)
    Elapsed: 0.000s  Memory: 517.00M
--- Running XOR for layer 204/0 ---
"input" in: xor.drc:109
    Polygons (raw): 39903 (flat)  107 (hierarchical)
    Elapsed: 0.000s  Memory: 517.00M
"input" in: xor.drc:109
    Polygons (raw): 39903 (flat)  107 (hierarchical)
    Elapsed: 0.000s  Memory: 517.00M
"^" in: xor.drc:109
    Polygons (raw): 0 (flat)  0 (hierarchical)
    Elapsed: 0.640s  Memory: 543.00M
XOR differences: 0
"output" in: xor.drc:86
    Polygons (raw): 0 (flat)  0 (hierarchical)
    Elapsed: 0.000s  Memory: 543.00M
--- Running XOR for layer 204/10 ---
"input" in: xor.drc:109
    Polygons (raw): 0 (flat)  0 (hierarchical)
    Elapsed: 0.000s  Memory: 543.00M
"input" in: xor.drc:109
    Polygons (raw): 0 (flat)  0 (hierarchical)
    Elapsed: 0.000s  Memory: 543.00M
"^" in: xor.drc:109
    Polygons (raw): 0 (flat)  0 (hierarchical)
    Elapsed: 0.130s  Memory: 543.00M
XOR differences: 0
"output" in: xor.drc:86
    Polygons (raw): 0 (flat)  0 (hierarchical)
    Elapsed: 0.050s  Memory: 543.00M
--- Running XOR for layer 21/0 ---
"input" in: xor.drc:109
    Polygons (raw): 39903 (flat)  107 (hierarchical)
    Elapsed: 0.000s  Memory: 543.00M
"input" in: xor.drc:109
    Polygons (raw): 39903 (flat)  107 (hierarchical)
    Elapsed: 0.000s  Memory: 543.00M
"^" in: xor.drc:109
    Polygons (raw): 0 (flat)  0 (hierarchical)
    Elapsed: 0.530s  Memory: 572.00M
XOR differences: 0
"output" in: xor.drc:86
    Polygons (raw): 0 (flat)  0 (hierarchical)
    Elapsed: 0.000s  Memory: 572.00M
--- Running XOR for layer 21/10 ---
"input" in: xor.drc:109
    Polygons (raw): 0 (flat)  0 (hierarchical)
    Elapsed: 0.000s  Memory: 572.00M
"input" in: xor.drc:109
    Polygons (raw): 0 (flat)  0 (hierarchical)
    Elapsed: 0.000s  Memory: 572.00M
"^" in: xor.drc:109
    Polygons (raw): 0 (flat)  0 (hierarchical)
    Elapsed: 0.150s  Memory: 572.00M
XOR differences: 0
"output" in: xor.drc:86
    Polygons (raw): 0 (flat)  0 (hierarchical)
    Elapsed: 0.000s  Memory: 572.00M
--- Running XOR for layer 22/0 ---
"input" in: xor.drc:109
    Polygons (raw): 152071 (flat)  324 (hierarchical)
    Elapsed: 0.000s  Memory: 572.00M
"input" in: xor.drc:109
    Polygons (raw): 152071 (flat)  324 (hierarchical)
    Elapsed: 0.000s  Memory: 572.00M
"^" in: xor.drc:109
    Polygons (raw): 0 (flat)  0 (hierarchical)
    Elapsed: 0.940s  Memory: 577.00M
XOR differences: 0
"output" in: xor.drc:86
    Polygons (raw): 0 (flat)  0 (hierarchical)
    Elapsed: 0.020s  Memory: 577.00M
--- Running XOR for layer 30/0 ---
"input" in: xor.drc:109
    Polygons (raw): 152772 (flat)  623 (hierarchical)
    Elapsed: 0.000s  Memory: 577.00M
"input" in: xor.drc:109
    Polygons (raw): 152772 (flat)  623 (hierarchical)
    Elapsed: 0.000s  Memory: 577.00M
"^" in: xor.drc:109
    Polygons (raw): 0 (flat)  0 (hierarchical)
    Elapsed: 1.090s  Memory: 578.00M
XOR differences: 0
"output" in: xor.drc:86
    Polygons (raw): 0 (flat)  0 (hierarchical)
    Elapsed: 0.000s  Memory: 578.00M
--- Running XOR for layer 31/0 ---
"input" in: xor.drc:109
    Polygons (raw): 45726 (flat)  109 (hierarchical)
    Elapsed: 0.000s  Memory: 578.00M
"input" in: xor.drc:109
    Polygons (raw): 45726 (flat)  109 (hierarchical)
    Elapsed: 0.000s  Memory: 578.00M
"^" in: xor.drc:109
    Polygons (raw): 0 (flat)  0 (hierarchical)
    Elapsed: 0.550s  Memory: 591.00M
XOR differences: 0
"output" in: xor.drc:86
    Polygons (raw): 0 (flat)  0 (hierarchical)
    Elapsed: 0.020s  Memory: 591.00M
--- Running XOR for layer 32/0 ---
"input" in: xor.drc:109
    Polygons (raw): 39903 (flat)  107 (hierarchical)
    Elapsed: 0.000s  Memory: 591.00M
"input" in: xor.drc:109
    Polygons (raw): 39903 (flat)  107 (hierarchical)
    Elapsed: 0.000s  Memory: 591.00M
"^" in: xor.drc:109
    Polygons (raw): 0 (flat)  0 (hierarchical)
    Elapsed: 0.600s  Memory: 606.00M
XOR differences: 0
"output" in: xor.drc:86
    Polygons (raw): 0 (flat)  0 (hierarchical)
    Elapsed: 0.000s  Memory: 590.00M
--- Running XOR for layer 33/0 ---
"input" in: xor.drc:109
    Polygons (raw): 778584 (flat)  2995 (hierarchical)
    Elapsed: 0.000s  Memory: 590.00M
"input" in: xor.drc:109
    Polygons (raw): 778584 (flat)  2995 (hierarchical)
    Elapsed: 0.000s  Memory: 590.00M
"^" in: xor.drc:109
    Polygons (raw): 0 (flat)  0 (hierarchical)
    Elapsed: 4.190s  Memory: 599.00M
XOR differences: 0
"output" in: xor.drc:86
    Polygons (raw): 0 (flat)  0 (hierarchical)
    Elapsed: 0.040s  Memory: 599.00M
--- Running XOR for layer 34/0 ---
"input" in: xor.drc:109
    Polygons (raw): 274654 (flat)  33153 (hierarchical)
    Elapsed: 0.000s  Memory: 599.00M
"input" in: xor.drc:109
    Polygons (raw): 277438 (flat)  1080 (hierarchical)
    Elapsed: 0.000s  Memory: 599.00M
"^" in: xor.drc:109
    Polygons (raw): 0 (flat)  0 (hierarchical)
    Elapsed: 4.150s  Memory: 652.00M
XOR differences: 0
"output" in: xor.drc:86
    Polygons (raw): 0 (flat)  0 (hierarchical)
    Elapsed: 0.030s  Memory: 652.00M
--- Running XOR for layer 34/10 ---
"input" in: xor.drc:109
    Polygons (raw): 0 (flat)  0 (hierarchical)
    Elapsed: 0.000s  Memory: 652.00M
"input" in: xor.drc:109
    Polygons (raw): 0 (flat)  0 (hierarchical)
    Elapsed: 0.000s  Memory: 652.00M
"^" in: xor.drc:109
    Polygons (raw): 0 (flat)  0 (hierarchical)
    Elapsed: 0.140s  Memory: 652.00M
XOR differences: 0
"output" in: xor.drc:86
    Polygons (raw): 0 (flat)  0 (hierarchical)
    Elapsed: 0.000s  Memory: 652.00M
--- Running XOR for layer 35/0 ---
"input" in: xor.drc:109
    Polygons (raw): 57132 (flat)  57132 (hierarchical)
    Elapsed: 0.000s  Memory: 652.00M
"input" in: xor.drc:109
    Polygons (raw): 57132 (flat)  11 (hierarchical)
    Elapsed: 0.000s  Memory: 652.00M
"^" in: xor.drc:109
    Polygons (raw): 0 (flat)  0 (hierarchical)
    Elapsed: 0.320s  Memory: 652.00M
XOR differences: 0
"output" in: xor.drc:86
    Polygons (raw): 0 (flat)  0 (hierarchical)
    Elapsed: 0.000s  Memory: 652.00M
--- Running XOR for layer 36/0 ---
"input" in: xor.drc:109
    Polygons (raw): 33646 (flat)  33646 (hierarchical)
    Elapsed: 0.000s  Memory: 652.00M
"input" in: xor.drc:109
    Polygons (raw): 131321 (flat)  56233 (hierarchical)
    Elapsed: 0.000s  Memory: 652.00M
"^" in: xor.drc:109
    Polygons (raw): 0 (flat)  0 (hierarchical)
    Elapsed: 1.070s  Memory: 687.00M
XOR differences: 0
"output" in: xor.drc:86
    Polygons (raw): 0 (flat)  0 (hierarchical)
    Elapsed: 0.050s  Memory: 687.00M
--- Running XOR for layer 36/10 ---
"input" in: xor.drc:109
    Polygons (raw): 121 (flat)  121 (hierarchical)
    Elapsed: 0.000s  Memory: 687.00M
"input" in: xor.drc:109
    Polygons (raw): 121 (flat)  121 (hierarchical)
    Elapsed: 0.000s  Memory: 687.00M
"^" in: xor.drc:109
    Polygons (raw): 0 (flat)  0 (hierarchical)
    Elapsed: 0.040s  Memory: 687.00M
XOR differences: 0
"output" in: xor.drc:86
    Polygons (raw): 0 (flat)  0 (hierarchical)
    Elapsed: 0.000s  Memory: 687.00M
--- Running XOR for layer 38/0 ---
"input" in: xor.drc:109
    Polygons (raw): 85129 (flat)  85129 (hierarchical)
    Elapsed: 0.000s  Memory: 687.00M
"input" in: xor.drc:109
    Polygons (raw): 85129 (flat)  66 (hierarchical)
    Elapsed: 0.000s  Memory: 687.00M
"^" in: xor.drc:109
    Polygons (raw): 0 (flat)  0 (hierarchical)
    Elapsed: 0.420s  Memory: 688.00M
XOR differences: 0
"output" in: xor.drc:86
    Polygons (raw): 0 (flat)  0 (hierarchical)
    Elapsed: 0.000s  Memory: 688.00M
--- Running XOR for layer 40/0 ---
"input" in: xor.drc:109
    Polygons (raw): 59427 (flat)  59427 (hierarchical)
    Elapsed: 0.000s  Memory: 688.00M
"input" in: xor.drc:109
    Polygons (raw): 59427 (flat)  50 (hierarchical)
    Elapsed: 0.000s  Memory: 688.00M
"^" in: xor.drc:109
    Polygons (raw): 0 (flat)  0 (hierarchical)
    Elapsed: 0.290s  Memory: 689.00M
XOR differences: 0
"output" in: xor.drc:86
    Polygons (raw): 0 (flat)  0 (hierarchical)
    Elapsed: 0.000s  Memory: 689.00M
--- Running XOR for layer 41/0 ---
"input" in: xor.drc:109
    Polygons (raw): 25344 (flat)  25344 (hierarchical)
    Elapsed: 0.000s  Memory: 689.00M
"input" in: xor.drc:109
    Polygons (raw): 25344 (flat)  48 (hierarchical)
    Elapsed: 0.000s  Memory: 689.00M
"^" in: xor.drc:109
    Polygons (raw): 0 (flat)  0 (hierarchical)
    Elapsed: 0.250s  Memory: 689.00M
XOR differences: 0
"output" in: xor.drc:86
    Polygons (raw): 0 (flat)  0 (hierarchical)
    Elapsed: 0.000s  Memory: 689.00M
--- Running XOR for layer 42/0 ---
"input" in: xor.drc:109
    Polygons (raw): 21783 (flat)  21783 (hierarchical)
    Elapsed: 0.000s  Memory: 689.00M
"input" in: xor.drc:109
    Polygons (raw): 82994 (flat)  30573 (hierarchical)
    Elapsed: 0.000s  Memory: 689.00M
"^" in: xor.drc:109
    Polygons (raw): 0 (flat)  0 (hierarchical)
    Elapsed: 0.430s  Memory: 691.00M
XOR differences: 0
"output" in: xor.drc:86
    Polygons (raw): 0 (flat)  0 (hierarchical)
    Elapsed: 0.000s  Memory: 691.00M
--- Running XOR for layer 46/0 ---
"input" in: xor.drc:109
    Polygons (raw): 3659 (flat)  3659 (hierarchical)
    Elapsed: 0.000s  Memory: 691.00M
"input" in: xor.drc:109
    Polygons (raw): 19658 (flat)  5360 (hierarchical)
    Elapsed: 0.000s  Memory: 691.00M
"^" in: xor.drc:109
    Polygons (raw): 0 (flat)  0 (hierarchical)
    Elapsed: 0.200s  Memory: 691.00M
XOR differences: 0
"output" in: xor.drc:86
    Polygons (raw): 0 (flat)  0 (hierarchical)
    Elapsed: 0.000s  Memory: 691.00M
--- Running XOR for layer 46/10 ---
"input" in: xor.drc:109
    Polygons (raw): 24 (flat)  24 (hierarchical)
    Elapsed: 0.000s  Memory: 691.00M
"input" in: xor.drc:109
    Polygons (raw): 24 (flat)  24 (hierarchical)
    Elapsed: 0.000s  Memory: 691.00M
"^" in: xor.drc:109
    Polygons (raw): 0 (flat)  0 (hierarchical)
    Elapsed: 0.090s  Memory: 691.00M
XOR differences: 0
"output" in: xor.drc:86
    Polygons (raw): 0 (flat)  0 (hierarchical)
    Elapsed: 0.000s  Memory: 691.00M
--- Running XOR for layer 55/0 ---
"input" in: xor.drc:109
    Polygons (raw): 39903 (flat)  107 (hierarchical)
    Elapsed: 0.000s  Memory: 691.00M
"input" in: xor.drc:109
    Polygons (raw): 39903 (flat)  107 (hierarchical)
    Elapsed: 0.000s  Memory: 691.00M
"^" in: xor.drc:109
    Polygons (raw): 0 (flat)  0 (hierarchical)
    Elapsed: 0.630s  Memory: 702.00M
XOR differences: 0
"output" in: xor.drc:86
    Polygons (raw): 0 (flat)  0 (hierarchical)
    Elapsed: 0.000s  Memory: 702.00M
--- Running XOR for layer 63/63 ---
"input" in: xor.drc:109
    Polygons (raw): 0 (flat)  0 (hierarchical)
    Elapsed: 0.010s  Memory: 702.00M
"input" in: xor.drc:109
    Polygons (raw): 0 (flat)  0 (hierarchical)
    Elapsed: 0.000s  Memory: 702.00M
"^" in: xor.drc:109
    Polygons (raw): 0 (flat)  0 (hierarchical)
    Elapsed: 0.150s  Memory: 702.00M
XOR differences: 0
"output" in: xor.drc:86
    Polygons (raw): 0 (flat)  0 (hierarchical)
    Elapsed: 0.000s  Memory: 702.00M
--- Running XOR for layer 81/0 ---
"input" in: xor.drc:109
    Polygons (raw): 24 (flat)  24 (hierarchical)
    Elapsed: 0.000s  Memory: 702.00M
"input" in: xor.drc:109
    Polygons (raw): 2160 (flat)  52 (hierarchical)
    Elapsed: 0.000s  Memory: 702.00M
"^" in: xor.drc:109
    Polygons (raw): 0 (flat)  0 (hierarchical)
    Elapsed: 0.080s  Memory: 702.00M
XOR differences: 0
"output" in: xor.drc:86
    Polygons (raw): 0 (flat)  0 (hierarchical)
    Elapsed: 0.000s  Memory: 702.00M
--- Running XOR for layer 81/10 ---
"input" in: xor.drc:109
    Polygons (raw): 24 (flat)  24 (hierarchical)
    Elapsed: 0.000s  Memory: 702.00M
"input" in: xor.drc:109
    Polygons (raw): 24 (flat)  24 (hierarchical)
    Elapsed: 0.000s  Memory: 702.00M
"^" in: xor.drc:109
    Polygons (raw): 0 (flat)  0 (hierarchical)
    Elapsed: 0.090s  Memory: 703.00M
XOR differences: 0
"output" in: xor.drc:86
    Polygons (raw): 0 (flat)  0 (hierarchical)
    Elapsed: 0.040s  Memory: 703.00M
---
Total XOR differences: 0
Writing report database: /workspace/librelane/runs/RUN_2026-08-29_02-02-22/63-klayout-xor/xor.xml ..
Total elapsed: 19.160s  Memory: 703.00M
/workspace/librelane/runs/RUN_2026-08-29_02-02-22/58-magic-streamout/B18_Probton.magic.gds
/workspace/librelane/runs/RUN_2026-08-29_02-02-22/59-klayout-streamout/B18_Probton.klayout.gds
%OL_METRIC_I design__xor_difference__count 0
