146. Printing statistics.

=== digital_domain ===

        +----------Local Count, excluding submodules.
        |        +-Local Area, excluding submodules.
        |        | 
       73        - wires
      493        - wire bits
       73        - public wires
      493        - public wire bits
       18        - ports
       18        - port bits
        3        - cells
        1        -   $_AND_
        1        -   $_NOT_
        1        -   $_OR_
        6        - submodules
        2        -   signal_processor
        1        -   spi_regs
        1        -   state_machine
        2        -   wave_controller

   Area for cell type $_ANDNOT_ is unknown!
   Area for cell type $_AND_ is unknown!
   Area for cell type $_MUX_ is unknown!
   Area for cell type $_NAND_ is unknown!
   Area for cell type $_NOR_ is unknown!
   Area for cell type $_NOT_ is unknown!
   Area for cell type $_ORNOT_ is unknown!
   Area for cell type $_OR_ is unknown!
   Area for cell type $_XNOR_ is unknown!
   Area for cell type $_XOR_ is unknown!

   Chip area for module '\digital_domain': 0.000000
     of which used for sequential elements: 0.000000 (-nan%)

=== signal_processor ===

        +----------Local Count, excluding submodules.
        |        +-Local Area, excluding submodules.
        |        | 
      146        - wires
      196        - wire bits
       25        - public wires
       50        - public wire bits
       14        - ports
       21        - port bits
      187 3.06E+03 cells
       36        -   $_ANDNOT_
       18        -   $_AND_
       41        -   $_MUX_
        4        -   $_NAND_
        3        -   $_NOR_
       10        -   $_NOT_
        8        -   $_ORNOT_
       15        -   $_OR_
        4        -   $_XNOR_
        7        -   $_XOR_
       41 3.06E+03   gf180mcu_fd_sc_mcu7t5v0__dffrnq_1

   Area for cell type $_ANDNOT_ is unknown!
   Area for cell type $_AND_ is unknown!
   Area for cell type $_MUX_ is unknown!
   Area for cell type $_NAND_ is unknown!
   Area for cell type $_NOR_ is unknown!
   Area for cell type $_NOT_ is unknown!
   Area for cell type $_ORNOT_ is unknown!
   Area for cell type $_OR_ is unknown!
   Area for cell type $_XNOR_ is unknown!
   Area for cell type $_XOR_ is unknown!

   Chip area for module '\signal_processor': 3060.108800
     of which used for sequential elements: 3060.108800 (100.00%)

=== spi_regs ===

        +----------Local Count, excluding submodules.
        |        +-Local Area, excluding submodules.
        |        | 
     1498        - wires
     1957        - wire bits
       66        - public wires
      523        - public wire bits
       50        - ports
      470        - port bits
     1647 1.59E+04 cells
      539        -   $_ANDNOT_
        6        -   $_AND_
      217        -   $_MUX_
       43        -   $_NAND_
        1        -   $_NOR_
        4        -   $_NOT_
       26        -   $_ORNOT_
      591        -   $_OR_
        2        -   $_XNOR_
        5        -   $_XOR_
      211 1.57E+04   gf180mcu_fd_sc_mcu7t5v0__dffrnq_1
        2  158.054   gf180mcu_fd_sc_mcu7t5v0__dffsnq_1

   Area for cell type $_ANDNOT_ is unknown!
   Area for cell type $_AND_ is unknown!
   Area for cell type $_MUX_ is unknown!
   Area for cell type $_NAND_ is unknown!
   Area for cell type $_NOR_ is unknown!
   Area for cell type $_NOT_ is unknown!
   Area for cell type $_ORNOT_ is unknown!
   Area for cell type $_OR_ is unknown!
   Area for cell type $_XNOR_ is unknown!
   Area for cell type $_XOR_ is unknown!

   Chip area for module '\spi_regs': 15906.419200
     of which used for sequential elements: 15906.419200 (100.00%)

=== state_machine ===

        +----------Local Count, excluding submodules.
        |        +-Local Area, excluding submodules.
        |        | 
       46        - wires
       50        - wire bits
       12        - public wires
       16        - public wire bits
       11        - ports
       13        - port bits
       42   223.91 cells
       14        -   $_ANDNOT_
        4        -   $_MUX_
        1        -   $_NAND_
        2        -   $_NOR_
        5        -   $_NOT_
        2        -   $_ORNOT_
       11        -   $_OR_
        3   223.91   gf180mcu_fd_sc_mcu7t5v0__dffrnq_1

   Area for cell type $_ANDNOT_ is unknown!
   Area for cell type $_MUX_ is unknown!
   Area for cell type $_NAND_ is unknown!
   Area for cell type $_NOR_ is unknown!
   Area for cell type $_NOT_ is unknown!
   Area for cell type $_ORNOT_ is unknown!
   Area for cell type $_OR_ is unknown!

   Chip area for module '\state_machine': 223.910400
     of which used for sequential elements: 223.910400 (100.00%)

=== wave_controller ===

        +----------Local Count, excluding submodules.
        |        +-Local Area, excluding submodules.
        |        | 
     2454        - wires
     2793        - wire bits
       42        - public wires
      282        - public wire bits
       27        - ports
      229        - port bits
     2684 9.72E+03 cells
      813        -   $_ANDNOT_
       52        -   $_AND_
      370        -   $_MUX_
       36        -   $_NAND_
      172        -   $_NOR_
      151        -   $_NOT_
      152        -   $_ORNOT_
      300        -   $_OR_
      101        -   $_XNOR_
      407        -   $_XOR_
      127 9.48E+03   gf180mcu_fd_sc_mcu7t5v0__dffrnq_1
        3  237.082   gf180mcu_fd_sc_mcu7t5v0__dffsnq_1

   Area for cell type $_ANDNOT_ is unknown!
   Area for cell type $_AND_ is unknown!
   Area for cell type $_MUX_ is unknown!
   Area for cell type $_NAND_ is unknown!
   Area for cell type $_NOR_ is unknown!
   Area for cell type $_NOT_ is unknown!
   Area for cell type $_ORNOT_ is unknown!
   Area for cell type $_OR_ is unknown!
   Area for cell type $_XNOR_ is unknown!
   Area for cell type $_XOR_ is unknown!

   Chip area for module '\wave_controller': 9715.955200
     of which used for sequential elements: 9715.955200 (100.00%)

=== design hierarchy ===

        +----------Count including submodules.
        |        +-Area including submodules.
        |        | 
     7434 4.17E+04 digital_domain
      187 3.06E+03 signal_processor
     1647 1.59E+04 spi_regs
       42   223.91 state_machine
     2684 9.72E+03 wave_controller

        +----------Count including submodules.
        |        +-Area including submodules.
        |        | 
     6817        - wires
     8478        - wire bits
      285        - public wires
     1696        - public wire bits
      161        - ports
     1001        - port bits
        -        - memories
        -        - memory bits
        -        - processes
     7434 4.17E+04 cells
     2251        -   $_ANDNOT_
      147        -   $_AND_
     1043        -   $_MUX_
      124        -   $_NAND_
      353        -   $_NOR_
      332        -   $_NOT_
      348        -   $_ORNOT_
     1233        -   $_OR_
      212        -   $_XNOR_
      833        -   $_XOR_
      550 4.11E+04   gf180mcu_fd_sc_mcu7t5v0__dffrnq_1
        8  632.218   gf180mcu_fd_sc_mcu7t5v0__dffsnq_1
        6 4.17E+04 submodules
        2 6.12E+03   signal_processor
        1 1.59E+04   spi_regs
        1   223.91   state_machine
        2 1.94E+04   wave_controller

   Area for cell type $_ANDNOT_ is unknown!
   Area for cell type $_AND_ is unknown!
   Area for cell type $_MUX_ is unknown!
   Area for cell type $_NAND_ is unknown!
   Area for cell type $_NOR_ is unknown!
   Area for cell type $_NOT_ is unknown!
   Area for cell type $_ORNOT_ is unknown!
   Area for cell type $_OR_ is unknown!
   Area for cell type $_XNOR_ is unknown!
   Area for cell type $_XOR_ is unknown!

   Chip area for top module '\digital_domain': 41682.457600
     of which used for sequential elements: 41682.457600 (100.00%)

