Clock: clk
Sources: clk 
Generated: no
Virtual: yes
Propagated: no
Period: 200.000000

===========================================================================
report_clock_properties
============================================================================
Clock                   Period          Waveform
----------------------------------------------------
clk                 200.000000    0.000000100.000000

===========================================================================
report_clock_latency
============================================================================
Clock clk
rise -> rise
    min     max
0.000000 0.000000 source latency
1.787990         network latency spi_regs_inst/_1494_/CLK
        1.905716 network latency wave_controller_x_inst/_3585_/CLK
---------------
1.787990 1.905716 latency
        0.117727 skew

fall -> fall
    min     max
0.000000 0.000000 source latency
1.711300         network latency spi_regs_inst/_1494_/CLK
        1.835154 network latency wave_controller_x_inst/_3585_/CLK
---------------
1.711300 1.835154 latency
        0.123855 skew



===========================================================================
report_clock_min_period
============================================================================
clk period_min = 28.65 fmax = 34.91
