Clock: clk
Sources: clk 
Generated: no
Virtual: yes
Propagated: no
Period: 200.000000

===========================================================================
report_clock_properties
============================================================================
Clock                   Period          Waveform
----------------------------------------------------
clk                 200.000000    0.000000100.000000

===========================================================================
report_clock_latency
============================================================================
Clock clk
rise -> rise
    min     max
0.000000 0.000000 source latency
0.902208         network latency wave_controller_x_inst/_3629_/CLK
        0.957354 network latency spi_regs_inst/_1569_/CLK
---------------
0.902208 0.957354 latency
        0.055146 skew

fall -> fall
    min     max
0.000000 0.000000 source latency
0.854293         network latency wave_controller_x_inst/_3629_/CLK
        0.914213 network latency spi_regs_inst/_1569_/CLK
---------------
0.854293 0.914213 latency
        0.059920 skew



===========================================================================
report_clock_min_period
============================================================================
clk period_min = 13.47 fmax = 74.25
