Clock: clk
Sources: clk 
Generated: no
Virtual: yes
Propagated: no
Period: 200.000000

===========================================================================
report_clock_properties
============================================================================
Clock                   Period          Waveform
----------------------------------------------------
clk                 200.000000    0.000000100.000000

===========================================================================
report_clock_latency
============================================================================
Clock clk
rise -> rise
    min     max
0.000000 0.000000 source latency
2.031739         network latency _12191_/CLK
        2.127610 network latency _12278_/CLK
---------------
2.031739 2.127610 latency
        0.095871 skew

fall -> fall
    min     max
0.000000 0.000000 source latency
1.926480         network latency _12191_/CLK
        2.029218 network latency _12278_/CLK
---------------
1.926480 2.029218 latency
        0.102737 skew



===========================================================================
report_clock_min_period
============================================================================
clk period_min = 33.64 fmax = 29.72
