
===========================================================================
report_checks -unconstrained
===========================================================================
======================= min_tt_025C_5v00 Corner ===================================

Startpoint: rst_n_PAD (input port clocked by clk_PAD)
Endpoint: _09631_ (recovery check against rising-edge clock clk_PAD)
Path Group: asynchronous
Path Type: max

Fanout         Cap        Slew       Delay        Time   Description
---------------------------------------------------------------------------------------------
                                  0.000000    0.000000   clock clk_PAD (rise edge)
                                  0.000000    0.000000   clock network delay (propagated)
                                  8.000000    8.000000 ^ input external delay
     1    3.035682    0.000000    0.000000    8.000000 ^ rst_n_PAD (inout)
                                                         rst_n_PAD (net)
                      0.000000    0.000000    8.000000 ^ rst_n_pad/PAD (gf180mcu_fd_io__in_c)
     1    0.065379    0.242062    1.014152    9.014153 ^ rst_n_pad/Y (gf180mcu_fd_io__in_c)
                                                         i_chip_core.rst_n (net)
                      0.242062    0.006193    9.020346 ^ fanout813/I (gf180mcu_fd_sc_mcu7t5v0__dlyb_1)
     2    0.070503    1.178562    1.499067   10.519412 ^ fanout813/Z (gf180mcu_fd_sc_mcu7t5v0__dlyb_1)
                                                         net813 (net)
                      1.178723    0.007721   10.527133 ^ wire815/I (gf180mcu_fd_sc_mcu7t5v0__buf_8)
     1    0.072998    0.198130    0.286095   10.813228 ^ wire815/Z (gf180mcu_fd_sc_mcu7t5v0__buf_8)
                                                         net815 (net)
                      0.198335    0.008946   10.822174 ^ wire814/I (gf180mcu_fd_sc_mcu7t5v0__buf_8)
     1    0.067112    0.172740    0.230368   11.052542 ^ wire814/Z (gf180mcu_fd_sc_mcu7t5v0__buf_8)
                                                         net814 (net)
                      0.172922    0.008060   11.060601 ^ fanout812/I (gf180mcu_fd_sc_mcu7t5v0__dlyb_1)
     2    0.034005    0.601834    1.158311   12.218912 ^ fanout812/Z (gf180mcu_fd_sc_mcu7t5v0__dlyb_1)
                                                         net812 (net)
                      0.601856    0.002022   12.220935 ^ fanout811/I (gf180mcu_fd_sc_mcu7t5v0__dlyb_1)
     2    0.053190    0.903516    1.360059   13.580994 ^ fanout811/Z (gf180mcu_fd_sc_mcu7t5v0__dlyb_1)
                                                         net811 (net)
                      0.903584    0.004375   13.585369 ^ fanout810/I (gf180mcu_fd_sc_mcu7t5v0__dlyb_1)
     3    0.046183    0.793351    1.292520   14.877889 ^ fanout810/Z (gf180mcu_fd_sc_mcu7t5v0__dlyb_1)
                                                         net810 (net)
                      0.793380    0.002673   14.880562 ^ fanout809/I (gf180mcu_fd_sc_mcu7t5v0__dlyb_1)
     2    0.038660    0.674088    1.224927   16.105490 ^ fanout809/Z (gf180mcu_fd_sc_mcu7t5v0__dlyb_1)
                                                         net809 (net)
                      0.674088    0.000462   16.105951 ^ fanout790/I (gf180mcu_fd_sc_mcu7t5v0__dlyb_1)
     2    0.014910    0.310825    1.007507   17.113459 ^ fanout790/Z (gf180mcu_fd_sc_mcu7t5v0__dlyb_1)
                                                         net790 (net)
                      0.310825    0.000346   17.113804 ^ fanout789/I (gf180mcu_fd_sc_mcu7t5v0__dlyb_1)
     2    0.018053    0.357115    1.026855   18.140659 ^ fanout789/Z (gf180mcu_fd_sc_mcu7t5v0__dlyb_1)
                                                         net789 (net)
                      0.357115    0.000211   18.140871 ^ fanout782/I (gf180mcu_fd_sc_mcu7t5v0__dlyb_1)
     2    0.013909    0.296126    0.990571   19.131441 ^ fanout782/Z (gf180mcu_fd_sc_mcu7t5v0__dlyb_1)
                                                         net782 (net)
                      0.296126    0.000181   19.131622 ^ fanout776/I (gf180mcu_fd_sc_mcu7t5v0__dlyb_1)
     3    0.020951    0.401238    1.052276   20.183899 ^ fanout776/Z (gf180mcu_fd_sc_mcu7t5v0__dlyb_1)
                                                         net776 (net)
                      0.401238    0.000378   20.184278 ^ fanout775/I (gf180mcu_fd_sc_mcu7t5v0__dlyb_1)
     5    0.043584    0.753051    1.266457   21.450735 ^ fanout775/Z (gf180mcu_fd_sc_mcu7t5v0__dlyb_1)
                                                         net775 (net)
                      0.753051    0.000414   21.451149 ^ fanout774/I (gf180mcu_fd_sc_mcu7t5v0__dlyb_1)
     5    0.046872    0.804435    1.301746   22.752895 ^ fanout774/Z (gf180mcu_fd_sc_mcu7t5v0__dlyb_1)
                                                         net774 (net)
                      0.804441    0.001302   22.754198 ^ _09631_/RN (gf180mcu_fd_sc_mcu7t5v0__dffrnq_1)
                                             22.754198   data arrival time

                                 40.000000   40.000000   clock clk_PAD (rise edge)
                                  0.000000   40.000000   clock source latency
     1    0.209552    0.477258    0.000000   40.000000 ^ clk_pad/Y (gf180mcu_fd_io__in_s)
                                                         clk_PAD2CORE (net)
                      0.513893    0.069704   40.069706 ^ clkbuf_0_clk_PAD2CORE/I (gf180mcu_fd_sc_mcu7t5v0__clkbuf_16)
     4    0.097789    0.162441    0.353737   40.423443 ^ clkbuf_0_clk_PAD2CORE/Z (gf180mcu_fd_sc_mcu7t5v0__clkbuf_16)
                                                         clknet_0_clk_PAD2CORE (net)
                      0.162705    0.009592   40.433033 ^ clkbuf_2_1_0_clk_PAD2CORE/I (gf180mcu_fd_sc_mcu7t5v0__clkbuf_8)
     2    0.103102    0.249394    0.341565   40.774597 ^ clkbuf_2_1_0_clk_PAD2CORE/Z (gf180mcu_fd_sc_mcu7t5v0__clkbuf_8)
                                                         clknet_2_1_0_clk_PAD2CORE (net)
                      0.250086    0.011344   40.785942 ^ clkbuf_3_3_0_clk_PAD2CORE/I (gf180mcu_fd_sc_mcu7t5v0__clkbuf_8)
     9    0.176159    0.391155    0.448662   41.234604 ^ clkbuf_3_3_0_clk_PAD2CORE/Z (gf180mcu_fd_sc_mcu7t5v0__clkbuf_8)
                                                         clknet_3_3_0_clk_PAD2CORE (net)
                      0.391540    0.007226   41.241829 ^ clkbuf_leaf_41_clk_PAD2CORE/I (gf180mcu_fd_sc_mcu7t5v0__clkbuf_8)
    10    0.052552    0.163747    0.333653   41.575485 ^ clkbuf_leaf_41_clk_PAD2CORE/Z (gf180mcu_fd_sc_mcu7t5v0__clkbuf_8)
                                                         clknet_leaf_41_clk_PAD2CORE (net)
                      0.163747    0.000703   41.576187 ^ _09631_/CLK (gf180mcu_fd_sc_mcu7t5v0__dffrnq_1)
                                 -0.250000   41.326187   clock uncertainty
                                  0.000000   41.326187   clock reconvergence pessimism
                                  0.121774   41.447960   library recovery time
                                             41.447960   data required time
---------------------------------------------------------------------------------------------
                                             41.447960   data required time
                                            -22.754198   data arrival time
---------------------------------------------------------------------------------------------
                                             18.693762   slack (MET)


Startpoint: _10127_ (rising edge-triggered flip-flop clocked by clk_PAD)
Endpoint: _10035_ (rising edge-triggered flip-flop clocked by clk_PAD)
Path Group: clk_PAD
Path Type: max

Fanout         Cap        Slew       Delay        Time   Description
---------------------------------------------------------------------------------------------
                                  0.000000    0.000000   clock clk_PAD (rise edge)
                                  0.000000    0.000000   clock source latency
     1    0.209552    0.477258    0.000000    0.000000 ^ clk_pad/Y (gf180mcu_fd_io__in_s)
                                                         clk_PAD2CORE (net)
                      0.513893    0.069704    0.069704 ^ clkbuf_0_clk_PAD2CORE/I (gf180mcu_fd_sc_mcu7t5v0__clkbuf_16)
     4    0.097789    0.162441    0.353736    0.423440 ^ clkbuf_0_clk_PAD2CORE/Z (gf180mcu_fd_sc_mcu7t5v0__clkbuf_16)
                                                         clknet_0_clk_PAD2CORE (net)
                      0.162726    0.009929    0.433369 ^ clkbuf_2_2_0_clk_PAD2CORE/I (gf180mcu_fd_sc_mcu7t5v0__clkbuf_8)
     2    0.090008    0.227560    0.328999    0.762369 ^ clkbuf_2_2_0_clk_PAD2CORE/Z (gf180mcu_fd_sc_mcu7t5v0__clkbuf_8)
                                                         clknet_2_2_0_clk_PAD2CORE (net)
                      0.227662    0.007062    0.769430 ^ clkbuf_3_5_0_clk_PAD2CORE/I (gf180mcu_fd_sc_mcu7t5v0__clkbuf_8)
     9    0.184313    0.407632    0.453887    1.223318 ^ clkbuf_3_5_0_clk_PAD2CORE/Z (gf180mcu_fd_sc_mcu7t5v0__clkbuf_8)
                                                         clknet_3_5_0_clk_PAD2CORE (net)
                      0.407730    0.003338    1.226656 ^ clkbuf_leaf_56_clk_PAD2CORE/I (gf180mcu_fd_sc_mcu7t5v0__clkbuf_8)
     7    0.064254    0.185353    0.350741    1.577397 ^ clkbuf_leaf_56_clk_PAD2CORE/Z (gf180mcu_fd_sc_mcu7t5v0__clkbuf_8)
                                                         clknet_leaf_56_clk_PAD2CORE (net)
                      0.185355    0.001297    1.578694 ^ _10127_/CLK (gf180mcu_fd_sc_mcu7t5v0__dffsnq_1)
     3    0.070972    0.715864    1.192238    2.770931 v _10127_/Q (gf180mcu_fd_sc_mcu7t5v0__dffsnq_1)
                                                         i_chip_core.wave_controller_y_inst.capture_step[0] (net)
                      0.715864    0.000667    2.771599 v fanout389/I (gf180mcu_fd_sc_mcu7t5v0__dlyb_1)
    10    0.098539    1.026378    1.841886    4.613485 v fanout389/Z (gf180mcu_fd_sc_mcu7t5v0__dlyb_1)
                                                         net389 (net)
                      1.026381    0.001074    4.614559 v fanout387/I (gf180mcu_fd_sc_mcu7t5v0__dlyb_1)
     1    0.011173    0.268966    1.352662    5.967221 v fanout387/Z (gf180mcu_fd_sc_mcu7t5v0__dlyb_1)
                                                         net387 (net)
                      0.268966    0.000133    5.967354 v wire388/I (gf180mcu_fd_sc_mcu7t5v0__buf_4)
    10    0.098389    0.265952    0.376256    6.343611 v wire388/Z (gf180mcu_fd_sc_mcu7t5v0__buf_4)
                                                         net388 (net)
                      0.266385    0.005930    6.349541 v fanout386/I (gf180mcu_fd_sc_mcu7t5v0__dlyb_1)
    10    0.081769    0.878954    1.580690    7.930231 v fanout386/Z (gf180mcu_fd_sc_mcu7t5v0__dlyb_1)
                                                         net386 (net)
                      0.878954    0.000839    7.931070 v _05052_/I (gf180mcu_fd_sc_mcu7t5v0__clkinv_1)
     2    0.014653    0.416519    0.380664    8.311734 ^ _05052_/ZN (gf180mcu_fd_sc_mcu7t5v0__clkinv_1)
                                                         _00743_ (net)
                      0.416519    0.000267    8.312001 ^ fanout366/I (gf180mcu_fd_sc_mcu7t5v0__dlya_1)
    10    0.136278    2.228009    1.658547    9.970549 ^ fanout366/Z (gf180mcu_fd_sc_mcu7t5v0__dlya_1)
                                                         net366 (net)
                      2.228214    0.012083    9.982631 ^ _05619_/A1 (gf180mcu_fd_sc_mcu7t5v0__nand2_1)
     1    0.005946    0.504801    0.158887   10.141519 v _05619_/ZN (gf180mcu_fd_sc_mcu7t5v0__nand2_1)
                                                         _01272_ (net)
                      0.504801    0.000115   10.141633 v _05620_/B (gf180mcu_fd_sc_mcu7t5v0__oai21_1)
     2    0.015227    0.711045    0.419423   10.561055 ^ _05620_/ZN (gf180mcu_fd_sc_mcu7t5v0__oai21_1)
                                                         _01273_ (net)
                      0.711045    0.000236   10.561292 ^ _05621_/B1 (gf180mcu_fd_sc_mcu7t5v0__aoi22_1)
     1    0.005366    0.406262    0.255814   10.817105 v _05621_/ZN (gf180mcu_fd_sc_mcu7t5v0__aoi22_1)
                                                         _01274_ (net)
                      0.406262    0.000057   10.817163 v _05625_/A2 (gf180mcu_fd_sc_mcu7t5v0__aoi221_1)
     1    0.011104    0.907687    0.575445   11.392607 ^ _05625_/ZN (gf180mcu_fd_sc_mcu7t5v0__aoi221_1)
                                                         _01278_ (net)
                      0.907687    0.000298   11.392904 ^ _05633_/A1 (gf180mcu_fd_sc_mcu7t5v0__oai21_1)
     1    0.016142    0.447826    0.301740   11.694645 v _05633_/ZN (gf180mcu_fd_sc_mcu7t5v0__oai21_1)
                                                         _01286_ (net)
                      0.447826    0.000574   11.695218 v _05640_/A1 (gf180mcu_fd_sc_mcu7t5v0__aoi21_1)
     1    0.032061    1.129623    0.729840   12.425058 ^ _05640_/ZN (gf180mcu_fd_sc_mcu7t5v0__aoi21_1)
                                                         _01293_ (net)
                      1.129624    0.001589   12.426647 ^ _05649_/A1 (gf180mcu_fd_sc_mcu7t5v0__oai32_1)
     1    0.007688    0.391089    0.217909   12.644557 v _05649_/ZN (gf180mcu_fd_sc_mcu7t5v0__oai32_1)
                                                         _01302_ (net)
                      0.391089    0.000174   12.644731 v wire84/I (gf180mcu_fd_sc_mcu7t5v0__clkbuf_1)
     1    0.020010    0.342960    0.415848   13.060578 v wire84/Z (gf180mcu_fd_sc_mcu7t5v0__clkbuf_1)
                                                         net84 (net)
                      0.342966    0.000787   13.061366 v wire83/I (gf180mcu_fd_sc_mcu7t5v0__clkbuf_1)
     1    0.014304    0.261191    0.353679   13.415045 v wire83/Z (gf180mcu_fd_sc_mcu7t5v0__clkbuf_1)
                                                         net83 (net)
                      0.261194    0.000458   13.415503 v _05659_/A2 (gf180mcu_fd_sc_mcu7t5v0__oai211_1)
     1    0.007842    0.480130    0.314712   13.730215 ^ _05659_/ZN (gf180mcu_fd_sc_mcu7t5v0__oai211_1)
                                                         _01312_ (net)
                      0.480130    0.000170   13.730384 ^ _05662_/B1 (gf180mcu_fd_sc_mcu7t5v0__aoi22_1)
     2    0.013888    0.422031    0.320310   14.050694 v _05662_/ZN (gf180mcu_fd_sc_mcu7t5v0__aoi22_1)
                                                         _01315_ (net)
                      0.422031    0.000281   14.050975 v _05663_/A2 (gf180mcu_fd_sc_mcu7t5v0__nand2_1)
     2    0.011583    0.329129    0.304563   14.355538 ^ _05663_/ZN (gf180mcu_fd_sc_mcu7t5v0__nand2_1)
                                                         _01316_ (net)
                      0.329129    0.000211   14.355750 ^ _05664_/A2 (gf180mcu_fd_sc_mcu7t5v0__aoi21_1)
     1    0.016622    0.504143    0.237685   14.593434 v _05664_/ZN (gf180mcu_fd_sc_mcu7t5v0__aoi21_1)
                                                         _01317_ (net)
                      0.504144    0.000570   14.594005 v _05681_/A1 (gf180mcu_fd_sc_mcu7t5v0__oai22_1)
     1    0.011289    0.739645    0.428436   15.022441 ^ _05681_/ZN (gf180mcu_fd_sc_mcu7t5v0__oai22_1)
                                                         _01334_ (net)
                      0.739645    0.000394   15.022835 ^ _05696_/C (gf180mcu_fd_sc_mcu7t5v0__oai211_1)
     4    0.029322    0.769952    0.546962   15.569797 v _05696_/ZN (gf180mcu_fd_sc_mcu7t5v0__oai211_1)
                                                         _01349_ (net)
                      0.769952    0.001290   15.571086 v _08844_/A3 (gf180mcu_fd_sc_mcu7t5v0__nor4_1)
     2    0.012485    1.058707    0.748605   16.319691 ^ _08844_/ZN (gf180mcu_fd_sc_mcu7t5v0__nor4_1)
                                                         _04282_ (net)
                      1.058707    0.000206   16.319897 ^ wire44/I (gf180mcu_fd_sc_mcu7t5v0__clkbuf_1)
     2    0.016018    0.313581    0.429687   16.749584 ^ wire44/Z (gf180mcu_fd_sc_mcu7t5v0__clkbuf_1)
                                                         net44 (net)
                      0.313581    0.000309   16.749893 ^ _09036_/A3 (gf180mcu_fd_sc_mcu7t5v0__nand3_1)
     1    0.003299    0.404932    0.145178   16.895071 v _09036_/ZN (gf180mcu_fd_sc_mcu7t5v0__nand3_1)
                                                         _04443_ (net)
                      0.404932    0.000060   16.895130 v _09037_/A2 (gf180mcu_fd_sc_mcu7t5v0__and2_1)
     1    0.019592    0.256771    0.457989   17.353121 v _09037_/Z (gf180mcu_fd_sc_mcu7t5v0__and2_1)
                                                         _04444_ (net)
                      0.256771    0.000888   17.354008 v fanout20/I (gf180mcu_fd_sc_mcu7t5v0__dlyb_1)
     7    0.086831    0.923518    1.605576   18.959585 v fanout20/Z (gf180mcu_fd_sc_mcu7t5v0__dlyb_1)
                                                         net20 (net)
                      0.923838    0.009795   18.969379 v fanout16/I (gf180mcu_fd_sc_mcu7t5v0__dlyb_1)
    10    0.095714    0.999999    1.896091   20.865471 v fanout16/Z (gf180mcu_fd_sc_mcu7t5v0__dlyb_1)
                                                         net16 (net)
                      1.000039    0.003611   20.869081 v fanout15/I (gf180mcu_fd_sc_mcu7t5v0__dlyb_1)
    10    0.088580    0.939102    1.878766   22.747847 v fanout15/Z (gf180mcu_fd_sc_mcu7t5v0__dlyb_1)
                                                         net15 (net)
                      0.939132    0.003002   22.750849 v _09052_/A1 (gf180mcu_fd_sc_mcu7t5v0__oai21_1)
     1    0.004314    0.379950    0.415712   23.166561 ^ _09052_/ZN (gf180mcu_fd_sc_mcu7t5v0__oai21_1)
                                                         _00286_ (net)
                      0.379950    0.000046   23.166607 ^ _10035_/D (gf180mcu_fd_sc_mcu7t5v0__dffrnq_1)
                                             23.166607   data arrival time

                                 40.000000   40.000000   clock clk_PAD (rise edge)
                                  0.000000   40.000000   clock source latency
     1    0.209552    0.477258    0.000000   40.000000 ^ clk_pad/Y (gf180mcu_fd_io__in_s)
                                                         clk_PAD2CORE (net)
                      0.513893    0.069704   40.069706 ^ clkbuf_0_clk_PAD2CORE/I (gf180mcu_fd_sc_mcu7t5v0__clkbuf_16)
     4    0.097789    0.162441    0.353737   40.423443 ^ clkbuf_0_clk_PAD2CORE/Z (gf180mcu_fd_sc_mcu7t5v0__clkbuf_16)
                                                         clknet_0_clk_PAD2CORE (net)
                      0.162727    0.009944   40.433384 ^ clkbuf_2_3_0_clk_PAD2CORE/I (gf180mcu_fd_sc_mcu7t5v0__clkbuf_8)
     2    0.102247    0.248096    0.340879   40.774265 ^ clkbuf_2_3_0_clk_PAD2CORE/Z (gf180mcu_fd_sc_mcu7t5v0__clkbuf_8)
                                                         clknet_2_3_0_clk_PAD2CORE (net)
                      0.248755    0.011468   40.785732 ^ clkbuf_3_6_0_clk_PAD2CORE/I (gf180mcu_fd_sc_mcu7t5v0__clkbuf_8)
     9    0.288017    0.609447    0.573220   41.358952 ^ clkbuf_3_6_0_clk_PAD2CORE/Z (gf180mcu_fd_sc_mcu7t5v0__clkbuf_8)
                                                         clknet_3_6_0_clk_PAD2CORE (net)
                      0.609787    0.007908   41.366859 ^ clkbuf_leaf_7_clk_PAD2CORE/I (gf180mcu_fd_sc_mcu7t5v0__clkbuf_8)
     8    0.059024    0.181398    0.379092   41.745953 ^ clkbuf_leaf_7_clk_PAD2CORE/Z (gf180mcu_fd_sc_mcu7t5v0__clkbuf_8)
                                                         clknet_leaf_7_clk_PAD2CORE (net)
                      0.181399    0.000682   41.746635 ^ _10035_/CLK (gf180mcu_fd_sc_mcu7t5v0__dffrnq_1)
                                 -0.250000   41.496635   clock uncertainty
                                  0.000000   41.496635   clock reconvergence pessimism
                                 -0.334906   41.161728   library setup time
                                             41.161728   data required time
---------------------------------------------------------------------------------------------
                                             41.161728   data required time
                                            -23.166607   data arrival time
---------------------------------------------------------------------------------------------
                                             17.995121   slack (MET)




===========================================================================
report_checks --slack_max -0.01
============================================================================
======================= min_tt_025C_5v00 Corner ===================================

No paths found.


===========================================================================
 report_check_types -max_slew -max_cap -max_fanout -violators
============================================================================
======================= min_tt_025C_5v00 Corner ===================================

max fanout

Pin                                   Limit Fanout  Slack
---------------------------------------------------------
clkbuf_leaf_12_clk_PAD2CORE/Z            10     11        (VIOLATED)
clkbuf_leaf_27_clk_PAD2CORE/Z            10     11        (VIOLATED)
clkbuf_leaf_43_clk_PAD2CORE/Z            10     11        (VIOLATED)

max capacitance

Pin                                        Limit         Cap       Slack
------------------------------------------------------------------------
bidir_PAD[0]                            0.200000    3.416081   -3.216081 (VIOLATED)
bidir_PAD[10]                           0.200000    3.416081   -3.216081 (VIOLATED)
bidir_PAD[11]                           0.200000    3.416081   -3.216081 (VIOLATED)
bidir_PAD[12]                           0.200000    3.416081   -3.216081 (VIOLATED)
bidir_PAD[13]                           0.200000    3.416081   -3.216081 (VIOLATED)
bidir_PAD[14]                           0.200000    3.416081   -3.216081 (VIOLATED)
bidir_PAD[15]                           0.200000    3.416081   -3.216081 (VIOLATED)
bidir_PAD[16]                           0.200000    3.416081   -3.216081 (VIOLATED)
bidir_PAD[17]                           0.200000    3.416081   -3.216081 (VIOLATED)
bidir_PAD[18]                           0.200000    3.416081   -3.216081 (VIOLATED)
bidir_PAD[19]                           0.200000    3.416081   -3.216081 (VIOLATED)
bidir_PAD[1]                            0.200000    3.416081   -3.216081 (VIOLATED)
bidir_PAD[2]                            0.200000    3.416081   -3.216081 (VIOLATED)
bidir_PAD[3]                            0.200000    3.416081   -3.216081 (VIOLATED)
bidir_PAD[4]                            0.200000    3.416081   -3.216081 (VIOLATED)
bidir_PAD[5]                            0.200000    3.416081   -3.216081 (VIOLATED)
bidir_PAD[6]                            0.200000    3.416081   -3.216081 (VIOLATED)
bidir_PAD[7]                            0.200000    3.416081   -3.216081 (VIOLATED)
bidir_PAD[8]                            0.200000    3.416081   -3.216081 (VIOLATED)
bidir_PAD[9]                            0.200000    3.416081   -3.216081 (VIOLATED)
bidir[0].pad/PAD                        0.200000    3.416081   -3.216081 (VIOLATED)
bidir[10].pad/PAD                       0.200000    3.416081   -3.216081 (VIOLATED)
bidir[11].pad/PAD                       0.200000    3.416081   -3.216081 (VIOLATED)
bidir[12].pad/PAD                       0.200000    3.416081   -3.216081 (VIOLATED)
bidir[13].pad/PAD                       0.200000    3.416081   -3.216081 (VIOLATED)
bidir[14].pad/PAD                       0.200000    3.416081   -3.216081 (VIOLATED)
bidir[15].pad/PAD                       0.200000    3.416081   -3.216081 (VIOLATED)
bidir[16].pad/PAD                       0.200000    3.416081   -3.216081 (VIOLATED)
bidir[17].pad/PAD                       0.200000    3.416081   -3.216081 (VIOLATED)
bidir[18].pad/PAD                       0.200000    3.416081   -3.216081 (VIOLATED)
bidir[19].pad/PAD                       0.200000    3.416081   -3.216081 (VIOLATED)
bidir[1].pad/PAD                        0.200000    3.416081   -3.216081 (VIOLATED)
bidir[2].pad/PAD                        0.200000    3.416081   -3.216081 (VIOLATED)
bidir[3].pad/PAD                        0.200000    3.416081   -3.216081 (VIOLATED)
bidir[4].pad/PAD                        0.200000    3.416081   -3.216081 (VIOLATED)
bidir[5].pad/PAD                        0.200000    3.416081   -3.216081 (VIOLATED)
bidir[6].pad/PAD                        0.200000    3.416081   -3.216081 (VIOLATED)
bidir[7].pad/PAD                        0.200000    3.416081   -3.216081 (VIOLATED)
bidir[8].pad/PAD                        0.200000    3.416081   -3.216081 (VIOLATED)
bidir[9].pad/PAD                        0.200000    3.416081   -3.216081 (VIOLATED)
clk_PAD                                 0.200000    3.066806   -2.866806 (VIOLATED)
input_PAD                               0.200000    3.062116   -2.862116 (VIOLATED)
rst_n_PAD                               0.200000    3.062116   -2.862116 (VIOLATED)
clkbuf_3_0_0_clk_PAD2CORE/Z             0.200000    0.368754   -0.168754 (VIOLATED)
clkbuf_3_4_0_clk_PAD2CORE/Z             0.200000    0.324531   -0.124531 (VIOLATED)
clkbuf_3_7_0_clk_PAD2CORE/Z             0.200000    0.300950   -0.100950 (VIOLATED)
clkbuf_3_6_0_clk_PAD2CORE/Z             0.200000    0.288017   -0.088017 (VIOLATED)
clkbuf_3_2_0_clk_PAD2CORE/Z             0.200000    0.250898   -0.050898 (VIOLATED)
clkbuf_3_1_0_clk_PAD2CORE/Z             0.200000    0.217789   -0.017789 (VIOLATED)
clk_pad/Y                               0.200000    0.209552   -0.009552 (VIOLATED)



===========================================================================
report_parasitic_annotation -report_unannotated
============================================================================
Found 1925 unannotated drivers.
 analog_PAD[0]
 analog_PAD[10]
 analog_PAD[11]
 analog_PAD[12]
 analog_PAD[13]
 analog_PAD[14]
 analog_PAD[15]
 analog_PAD[16]
 analog_PAD[17]
 analog_PAD[18]
 analog_PAD[19]
 analog_PAD[1]
 analog_PAD[20]
 analog_PAD[21]
 analog_PAD[22]
 analog_PAD[23]
 analog_PAD[24]
 analog_PAD[25]
 analog_PAD[26]
 analog_PAD[27]
 analog_PAD[28]
 analog_PAD[29]
 analog_PAD[2]
 analog_PAD[30]
 analog_PAD[31]
 analog_PAD[32]
 analog_PAD[33]
 analog_PAD[34]
 analog_PAD[35]
 analog_PAD[36]
 analog_PAD[37]
 analog_PAD[38]
 analog_PAD[39]
 analog_PAD[3]
 analog_PAD[40]
 analog_PAD[41]
 analog_PAD[42]
 analog_PAD[43]
 analog_PAD[44]
 analog_PAD[45]
 analog_PAD[46]
 analog_PAD[47]
 analog_PAD[48]
 analog_PAD[49]
 analog_PAD[4]
 analog_PAD[50]
 analog_PAD[51]
 analog_PAD[52]
 analog_PAD[53]
 analog_PAD[54]
 analog_PAD[55]
 analog_PAD[56]
 analog_PAD[57]
 analog_PAD[58]
 analog_PAD[59]
 analog_PAD[5]
 analog_PAD[6]
 analog_PAD[7]
 analog_PAD[8]
 analog_PAD[9]
 bidir_PAD[0]
 bidir_PAD[10]
 bidir_PAD[11]
 bidir_PAD[12]
 bidir_PAD[13]
 bidir_PAD[14]
 bidir_PAD[15]
 bidir_PAD[16]
 bidir_PAD[17]
 bidir_PAD[18]
 bidir_PAD[19]
 bidir_PAD[1]
 bidir_PAD[2]
 bidir_PAD[3]
 bidir_PAD[4]
 bidir_PAD[5]
 bidir_PAD[6]
 bidir_PAD[7]
 bidir_PAD[8]
 bidir_PAD[9]
 clk_PAD
 input_PAD
 rst_n_PAD
 IO_CORNER_NORTH_EAST_INST/DVDD
 IO_CORNER_NORTH_EAST_INST/DVSS
 IO_CORNER_NORTH_EAST_INST/VDD
 IO_CORNER_NORTH_EAST_INST/VSS
 IO_CORNER_NORTH_WEST_INST/DVDD
 IO_CORNER_NORTH_WEST_INST/DVSS
 IO_CORNER_NORTH_WEST_INST/VDD
 IO_CORNER_NORTH_WEST_INST/VSS
 IO_CORNER_SOUTH_EAST_INST/DVDD
 IO_CORNER_SOUTH_EAST_INST/DVSS
 IO_CORNER_SOUTH_EAST_INST/VDD
 IO_CORNER_SOUTH_EAST_INST/VSS
 IO_CORNER_SOUTH_WEST_INST/DVDD
 IO_CORNER_SOUTH_WEST_INST/DVSS
 IO_CORNER_SOUTH_WEST_INST/VDD
 IO_CORNER_SOUTH_WEST_INST/VSS
 IO_FILL_IO_EAST_0_0/DVDD
 IO_FILL_IO_EAST_0_0/DVSS
 IO_FILL_IO_EAST_0_0/VDD
 IO_FILL_IO_EAST_0_0/VSS
 IO_FILL_IO_EAST_0_100/DVDD
 IO_FILL_IO_EAST_0_100/DVSS
 IO_FILL_IO_EAST_0_100/VDD
 IO_FILL_IO_EAST_0_100/VSS
 IO_FILL_IO_EAST_0_200/DVDD
 IO_FILL_IO_EAST_0_200/DVSS
 IO_FILL_IO_EAST_0_200/VDD
 IO_FILL_IO_EAST_0_200/VSS
 IO_FILL_IO_EAST_10_0/DVDD
 IO_FILL_IO_EAST_10_0/DVSS
 IO_FILL_IO_EAST_10_0/VDD
 IO_FILL_IO_EAST_10_0/VSS
 IO_FILL_IO_EAST_10_100/DVDD
 IO_FILL_IO_EAST_10_100/DVSS
 IO_FILL_IO_EAST_10_100/VDD
 IO_FILL_IO_EAST_10_100/VSS
 IO_FILL_IO_EAST_10_200/DVDD
 IO_FILL_IO_EAST_10_200/DVSS
 IO_FILL_IO_EAST_10_200/VDD
 IO_FILL_IO_EAST_10_200/VSS
 IO_FILL_IO_EAST_10_210/DVDD
 IO_FILL_IO_EAST_10_210/DVSS
 IO_FILL_IO_EAST_10_210/VDD
 IO_FILL_IO_EAST_10_210/VSS
 IO_FILL_IO_EAST_11_0/DVDD
 IO_FILL_IO_EAST_11_0/DVSS
 IO_FILL_IO_EAST_11_0/VDD
 IO_FILL_IO_EAST_11_0/VSS
 IO_FILL_IO_EAST_11_100/DVDD
 IO_FILL_IO_EAST_11_100/DVSS
 IO_FILL_IO_EAST_11_100/VDD
 IO_FILL_IO_EAST_11_100/VSS
 IO_FILL_IO_EAST_11_200/DVDD
 IO_FILL_IO_EAST_11_200/DVSS
 IO_FILL_IO_EAST_11_200/VDD
 IO_FILL_IO_EAST_11_200/VSS
 IO_FILL_IO_EAST_11_210/DVDD
 IO_FILL_IO_EAST_11_210/DVSS
 IO_FILL_IO_EAST_11_210/VDD
 IO_FILL_IO_EAST_11_210/VSS
 IO_FILL_IO_EAST_12_0/DVDD
 IO_FILL_IO_EAST_12_0/DVSS
 IO_FILL_IO_EAST_12_0/VDD
 IO_FILL_IO_EAST_12_0/VSS
 IO_FILL_IO_EAST_12_100/DVDD
 IO_FILL_IO_EAST_12_100/DVSS
 IO_FILL_IO_EAST_12_100/VDD
 IO_FILL_IO_EAST_12_100/VSS
 IO_FILL_IO_EAST_12_200/DVDD
 IO_FILL_IO_EAST_12_200/DVSS
 IO_FILL_IO_EAST_12_200/VDD
 IO_FILL_IO_EAST_12_200/VSS
 IO_FILL_IO_EAST_12_210/DVDD
 IO_FILL_IO_EAST_12_210/DVSS
 IO_FILL_IO_EAST_12_210/VDD
 IO_FILL_IO_EAST_12_210/VSS
 IO_FILL_IO_EAST_13_0/DVDD
 IO_FILL_IO_EAST_13_0/DVSS
 IO_FILL_IO_EAST_13_0/VDD
 IO_FILL_IO_EAST_13_0/VSS
 IO_FILL_IO_EAST_13_100/DVDD
 IO_FILL_IO_EAST_13_100/DVSS
 IO_FILL_IO_EAST_13_100/VDD
 IO_FILL_IO_EAST_13_100/VSS
 IO_FILL_IO_EAST_13_200/DVDD
 IO_FILL_IO_EAST_13_200/DVSS
 IO_FILL_IO_EAST_13_200/VDD
 IO_FILL_IO_EAST_13_200/VSS
 IO_FILL_IO_EAST_13_210/DVDD
 IO_FILL_IO_EAST_13_210/DVSS
 IO_FILL_IO_EAST_13_210/VDD
 IO_FILL_IO_EAST_13_210/VSS
 IO_FILL_IO_EAST_14_0/DVDD
 IO_FILL_IO_EAST_14_0/DVSS
 IO_FILL_IO_EAST_14_0/VDD
 IO_FILL_IO_EAST_14_0/VSS
 IO_FILL_IO_EAST_14_100/DVDD
 IO_FILL_IO_EAST_14_100/DVSS
 IO_FILL_IO_EAST_14_100/VDD
 IO_FILL_IO_EAST_14_100/VSS
 IO_FILL_IO_EAST_14_200/DVDD
 IO_FILL_IO_EAST_14_200/DVSS
 IO_FILL_IO_EAST_14_200/VDD
 IO_FILL_IO_EAST_14_200/VSS
 IO_FILL_IO_EAST_14_210/DVDD
 IO_FILL_IO_EAST_14_210/DVSS
 IO_FILL_IO_EAST_14_210/VDD
 IO_FILL_IO_EAST_14_210/VSS
 IO_FILL_IO_EAST_15_0/DVDD
 IO_FILL_IO_EAST_15_0/DVSS
 IO_FILL_IO_EAST_15_0/VDD
 IO_FILL_IO_EAST_15_0/VSS
 IO_FILL_IO_EAST_15_100/DVDD
 IO_FILL_IO_EAST_15_100/DVSS
 IO_FILL_IO_EAST_15_100/VDD
 IO_FILL_IO_EAST_15_100/VSS
 IO_FILL_IO_EAST_15_200/DVDD
 IO_FILL_IO_EAST_15_200/DVSS
 IO_FILL_IO_EAST_15_200/VDD
 IO_FILL_IO_EAST_15_200/VSS
 IO_FILL_IO_EAST_15_210/DVDD
 IO_FILL_IO_EAST_15_210/DVSS
 IO_FILL_IO_EAST_15_210/VDD
 IO_FILL_IO_EAST_15_210/VSS
 IO_FILL_IO_EAST_16_0/DVDD
 IO_FILL_IO_EAST_16_0/DVSS
 IO_FILL_IO_EAST_16_0/VDD
 IO_FILL_IO_EAST_16_0/VSS
 IO_FILL_IO_EAST_16_100/DVDD
 IO_FILL_IO_EAST_16_100/DVSS
 IO_FILL_IO_EAST_16_100/VDD
 IO_FILL_IO_EAST_16_100/VSS
 IO_FILL_IO_EAST_16_200/DVDD
 IO_FILL_IO_EAST_16_200/DVSS
 IO_FILL_IO_EAST_16_200/VDD
 IO_FILL_IO_EAST_16_200/VSS
 IO_FILL_IO_EAST_16_210/DVDD
 IO_FILL_IO_EAST_16_210/DVSS
 IO_FILL_IO_EAST_16_210/VDD
 IO_FILL_IO_EAST_16_210/VSS
 IO_FILL_IO_EAST_17_0/DVDD
 IO_FILL_IO_EAST_17_0/DVSS
 IO_FILL_IO_EAST_17_0/VDD
 IO_FILL_IO_EAST_17_0/VSS
 IO_FILL_IO_EAST_17_100/DVDD
 IO_FILL_IO_EAST_17_100/DVSS
 IO_FILL_IO_EAST_17_100/VDD
 IO_FILL_IO_EAST_17_100/VSS
 IO_FILL_IO_EAST_17_200/DVDD
 IO_FILL_IO_EAST_17_200/DVSS
 IO_FILL_IO_EAST_17_200/VDD
 IO_FILL_IO_EAST_17_200/VSS
 IO_FILL_IO_EAST_17_210/DVDD
 IO_FILL_IO_EAST_17_210/DVSS
 IO_FILL_IO_EAST_17_210/VDD
 IO_FILL_IO_EAST_17_210/VSS
 IO_FILL_IO_EAST_18_0/DVDD
 IO_FILL_IO_EAST_18_0/DVSS
 IO_FILL_IO_EAST_18_0/VDD
 IO_FILL_IO_EAST_18_0/VSS
 IO_FILL_IO_EAST_18_100/DVDD
 IO_FILL_IO_EAST_18_100/DVSS
 IO_FILL_IO_EAST_18_100/VDD
 IO_FILL_IO_EAST_18_100/VSS
 IO_FILL_IO_EAST_18_200/DVDD
 IO_FILL_IO_EAST_18_200/DVSS
 IO_FILL_IO_EAST_18_200/VDD
 IO_FILL_IO_EAST_18_200/VSS
 IO_FILL_IO_EAST_18_210/DVDD
 IO_FILL_IO_EAST_18_210/DVSS
 IO_FILL_IO_EAST_18_210/VDD
 IO_FILL_IO_EAST_18_210/VSS
 IO_FILL_IO_EAST_19_0/DVDD
 IO_FILL_IO_EAST_19_0/DVSS
 IO_FILL_IO_EAST_19_0/VDD
 IO_FILL_IO_EAST_19_0/VSS
 IO_FILL_IO_EAST_19_100/DVDD
 IO_FILL_IO_EAST_19_100/DVSS
 IO_FILL_IO_EAST_19_100/VDD
 IO_FILL_IO_EAST_19_100/VSS
 IO_FILL_IO_EAST_19_200/DVDD
 IO_FILL_IO_EAST_19_200/DVSS
 IO_FILL_IO_EAST_19_200/VDD
 IO_FILL_IO_EAST_19_200/VSS
 IO_FILL_IO_EAST_19_210/DVDD
 IO_FILL_IO_EAST_19_210/DVSS
 IO_FILL_IO_EAST_19_210/VDD
 IO_FILL_IO_EAST_19_210/VSS
 IO_FILL_IO_EAST_1_0/DVDD
 IO_FILL_IO_EAST_1_0/DVSS
 IO_FILL_IO_EAST_1_0/VDD
 IO_FILL_IO_EAST_1_0/VSS
 IO_FILL_IO_EAST_1_100/DVDD
 IO_FILL_IO_EAST_1_100/DVSS
 IO_FILL_IO_EAST_1_100/VDD
 IO_FILL_IO_EAST_1_100/VSS
 IO_FILL_IO_EAST_1_200/DVDD
 IO_FILL_IO_EAST_1_200/DVSS
 IO_FILL_IO_EAST_1_200/VDD
 IO_FILL_IO_EAST_1_200/VSS
 IO_FILL_IO_EAST_1_210/DVDD
 IO_FILL_IO_EAST_1_210/DVSS
 IO_FILL_IO_EAST_1_210/VDD
 IO_FILL_IO_EAST_1_210/VSS
 IO_FILL_IO_EAST_20_0/DVDD
 IO_FILL_IO_EAST_20_0/DVSS
 IO_FILL_IO_EAST_20_0/VDD
 IO_FILL_IO_EAST_20_0/VSS
 IO_FILL_IO_EAST_20_100/DVDD
 IO_FILL_IO_EAST_20_100/DVSS
 IO_FILL_IO_EAST_20_100/VDD
 IO_FILL_IO_EAST_20_100/VSS
 IO_FILL_IO_EAST_20_200/DVDD
 IO_FILL_IO_EAST_20_200/DVSS
 IO_FILL_IO_EAST_20_200/VDD
 IO_FILL_IO_EAST_20_200/VSS
 IO_FILL_IO_EAST_20_210/DVDD
 IO_FILL_IO_EAST_20_210/DVSS
 IO_FILL_IO_EAST_20_210/VDD
 IO_FILL_IO_EAST_20_210/VSS
 IO_FILL_IO_EAST_21_0/DVDD
 IO_FILL_IO_EAST_21_0/DVSS
 IO_FILL_IO_EAST_21_0/VDD
 IO_FILL_IO_EAST_21_0/VSS
 IO_FILL_IO_EAST_21_100/DVDD
 IO_FILL_IO_EAST_21_100/DVSS
 IO_FILL_IO_EAST_21_100/VDD
 IO_FILL_IO_EAST_21_100/VSS
 IO_FILL_IO_EAST_21_200/DVDD
 IO_FILL_IO_EAST_21_200/DVSS
 IO_FILL_IO_EAST_21_200/VDD
 IO_FILL_IO_EAST_21_200/VSS
 IO_FILL_IO_EAST_21_210/DVDD
 IO_FILL_IO_EAST_21_210/DVSS
 IO_FILL_IO_EAST_21_210/VDD
 IO_FILL_IO_EAST_21_210/VSS
 IO_FILL_IO_EAST_22_0/DVDD
 IO_FILL_IO_EAST_22_0/DVSS
 IO_FILL_IO_EAST_22_0/VDD
 IO_FILL_IO_EAST_22_0/VSS
 IO_FILL_IO_EAST_22_100/DVDD
 IO_FILL_IO_EAST_22_100/DVSS
 IO_FILL_IO_EAST_22_100/VDD
 IO_FILL_IO_EAST_22_100/VSS
 IO_FILL_IO_EAST_22_200/DVDD
 IO_FILL_IO_EAST_22_200/DVSS
 IO_FILL_IO_EAST_22_200/VDD
 IO_FILL_IO_EAST_22_200/VSS
 IO_FILL_IO_EAST_22_300/DVDD
 IO_FILL_IO_EAST_22_300/DVSS
 IO_FILL_IO_EAST_22_300/VDD
 IO_FILL_IO_EAST_22_300/VSS
 IO_FILL_IO_EAST_2_0/DVDD
 IO_FILL_IO_EAST_2_0/DVSS
 IO_FILL_IO_EAST_2_0/VDD
 IO_FILL_IO_EAST_2_0/VSS
 IO_FILL_IO_EAST_2_100/DVDD
 IO_FILL_IO_EAST_2_100/DVSS
 IO_FILL_IO_EAST_2_100/VDD
 IO_FILL_IO_EAST_2_100/VSS
 IO_FILL_IO_EAST_2_200/DVDD
 IO_FILL_IO_EAST_2_200/DVSS
 IO_FILL_IO_EAST_2_200/VDD
 IO_FILL_IO_EAST_2_200/VSS
 IO_FILL_IO_EAST_2_210/DVDD
 IO_FILL_IO_EAST_2_210/DVSS
 IO_FILL_IO_EAST_2_210/VDD
 IO_FILL_IO_EAST_2_210/VSS
 IO_FILL_IO_EAST_3_0/DVDD
 IO_FILL_IO_EAST_3_0/DVSS
 IO_FILL_IO_EAST_3_0/VDD
 IO_FILL_IO_EAST_3_0/VSS
 IO_FILL_IO_EAST_3_100/DVDD
 IO_FILL_IO_EAST_3_100/DVSS
 IO_FILL_IO_EAST_3_100/VDD
 IO_FILL_IO_EAST_3_100/VSS
 IO_FILL_IO_EAST_3_200/DVDD
 IO_FILL_IO_EAST_3_200/DVSS
 IO_FILL_IO_EAST_3_200/VDD
 IO_FILL_IO_EAST_3_200/VSS
 IO_FILL_IO_EAST_3_210/DVDD
 IO_FILL_IO_EAST_3_210/DVSS
 IO_FILL_IO_EAST_3_210/VDD
 IO_FILL_IO_EAST_3_210/VSS
 IO_FILL_IO_EAST_4_0/DVDD
 IO_FILL_IO_EAST_4_0/DVSS
 IO_FILL_IO_EAST_4_0/VDD
 IO_FILL_IO_EAST_4_0/VSS
 IO_FILL_IO_EAST_4_100/DVDD
 IO_FILL_IO_EAST_4_100/DVSS
 IO_FILL_IO_EAST_4_100/VDD
 IO_FILL_IO_EAST_4_100/VSS
 IO_FILL_IO_EAST_4_200/DVDD
 IO_FILL_IO_EAST_4_200/DVSS
 IO_FILL_IO_EAST_4_200/VDD
 IO_FILL_IO_EAST_4_200/VSS
 IO_FILL_IO_EAST_4_210/DVDD
 IO_FILL_IO_EAST_4_210/DVSS
 IO_FILL_IO_EAST_4_210/VDD
 IO_FILL_IO_EAST_4_210/VSS
 IO_FILL_IO_EAST_5_0/DVDD
 IO_FILL_IO_EAST_5_0/DVSS
 IO_FILL_IO_EAST_5_0/VDD
 IO_FILL_IO_EAST_5_0/VSS
 IO_FILL_IO_EAST_5_100/DVDD
 IO_FILL_IO_EAST_5_100/DVSS
 IO_FILL_IO_EAST_5_100/VDD
 IO_FILL_IO_EAST_5_100/VSS
 IO_FILL_IO_EAST_5_200/DVDD
 IO_FILL_IO_EAST_5_200/DVSS
 IO_FILL_IO_EAST_5_200/VDD
 IO_FILL_IO_EAST_5_200/VSS
 IO_FILL_IO_EAST_5_210/DVDD
 IO_FILL_IO_EAST_5_210/DVSS
 IO_FILL_IO_EAST_5_210/VDD
 IO_FILL_IO_EAST_5_210/VSS
 IO_FILL_IO_EAST_6_0/DVDD
 IO_FILL_IO_EAST_6_0/DVSS
 IO_FILL_IO_EAST_6_0/VDD
 IO_FILL_IO_EAST_6_0/VSS
 IO_FILL_IO_EAST_6_100/DVDD
 IO_FILL_IO_EAST_6_100/DVSS
 IO_FILL_IO_EAST_6_100/VDD
 IO_FILL_IO_EAST_6_100/VSS
 IO_FILL_IO_EAST_6_200/DVDD
 IO_FILL_IO_EAST_6_200/DVSS
 IO_FILL_IO_EAST_6_200/VDD
 IO_FILL_IO_EAST_6_200/VSS
 IO_FILL_IO_EAST_6_210/DVDD
 IO_FILL_IO_EAST_6_210/DVSS
 IO_FILL_IO_EAST_6_210/VDD
 IO_FILL_IO_EAST_6_210/VSS
 IO_FILL_IO_EAST_7_0/DVDD
 IO_FILL_IO_EAST_7_0/DVSS
 IO_FILL_IO_EAST_7_0/VDD
 IO_FILL_IO_EAST_7_0/VSS
 IO_FILL_IO_EAST_7_100/DVDD
 IO_FILL_IO_EAST_7_100/DVSS
 IO_FILL_IO_EAST_7_100/VDD
 IO_FILL_IO_EAST_7_100/VSS
 IO_FILL_IO_EAST_7_200/DVDD
 IO_FILL_IO_EAST_7_200/DVSS
 IO_FILL_IO_EAST_7_200/VDD
 IO_FILL_IO_EAST_7_200/VSS
 IO_FILL_IO_EAST_7_210/DVDD
 IO_FILL_IO_EAST_7_210/DVSS
 IO_FILL_IO_EAST_7_210/VDD
 IO_FILL_IO_EAST_7_210/VSS
 IO_FILL_IO_EAST_8_0/DVDD
 IO_FILL_IO_EAST_8_0/DVSS
 IO_FILL_IO_EAST_8_0/VDD
 IO_FILL_IO_EAST_8_0/VSS
 IO_FILL_IO_EAST_8_100/DVDD
 IO_FILL_IO_EAST_8_100/DVSS
 IO_FILL_IO_EAST_8_100/VDD
 IO_FILL_IO_EAST_8_100/VSS
 IO_FILL_IO_EAST_8_200/DVDD
 IO_FILL_IO_EAST_8_200/DVSS
 IO_FILL_IO_EAST_8_200/VDD
 IO_FILL_IO_EAST_8_200/VSS
 IO_FILL_IO_EAST_8_210/DVDD
 IO_FILL_IO_EAST_8_210/DVSS
 IO_FILL_IO_EAST_8_210/VDD
 IO_FILL_IO_EAST_8_210/VSS
 IO_FILL_IO_EAST_9_0/DVDD
 IO_FILL_IO_EAST_9_0/DVSS
 IO_FILL_IO_EAST_9_0/VDD
 IO_FILL_IO_EAST_9_0/VSS
 IO_FILL_IO_EAST_9_100/DVDD
 IO_FILL_IO_EAST_9_100/DVSS
 IO_FILL_IO_EAST_9_100/VDD
 IO_FILL_IO_EAST_9_100/VSS
 IO_FILL_IO_EAST_9_200/DVDD
 IO_FILL_IO_EAST_9_200/DVSS
 IO_FILL_IO_EAST_9_200/VDD
 IO_FILL_IO_EAST_9_200/VSS
 IO_FILL_IO_EAST_9_210/DVDD
 IO_FILL_IO_EAST_9_210/DVSS
 IO_FILL_IO_EAST_9_210/VDD
 IO_FILL_IO_EAST_9_210/VSS
 IO_FILL_IO_NORTH_0_0/DVDD
 IO_FILL_IO_NORTH_0_0/DVSS
 IO_FILL_IO_NORTH_0_0/VDD
 IO_FILL_IO_NORTH_0_0/VSS
 IO_FILL_IO_NORTH_0_100/DVDD
 IO_FILL_IO_NORTH_0_100/DVSS
 IO_FILL_IO_NORTH_0_100/VDD
 IO_FILL_IO_NORTH_0_100/VSS
 IO_FILL_IO_NORTH_0_200/DVDD
 IO_FILL_IO_NORTH_0_200/DVSS
 IO_FILL_IO_NORTH_0_200/VDD
 IO_FILL_IO_NORTH_0_200/VSS
 IO_FILL_IO_NORTH_10_0/DVDD
 IO_FILL_IO_NORTH_10_0/DVSS
 IO_FILL_IO_NORTH_10_0/VDD
 IO_FILL_IO_NORTH_10_0/VSS
 IO_FILL_IO_NORTH_10_100/DVDD
 IO_FILL_IO_NORTH_10_100/DVSS
 IO_FILL_IO_NORTH_10_100/VDD
 IO_FILL_IO_NORTH_10_100/VSS
 IO_FILL_IO_NORTH_10_200/DVDD
 IO_FILL_IO_NORTH_10_200/DVSS
 IO_FILL_IO_NORTH_10_200/VDD
 IO_FILL_IO_NORTH_10_200/VSS
 IO_FILL_IO_NORTH_10_210/DVDD
 IO_FILL_IO_NORTH_10_210/DVSS
 IO_FILL_IO_NORTH_10_210/VDD
 IO_FILL_IO_NORTH_10_210/VSS
 IO_FILL_IO_NORTH_11_0/DVDD
 IO_FILL_IO_NORTH_11_0/DVSS
 IO_FILL_IO_NORTH_11_0/VDD
 IO_FILL_IO_NORTH_11_0/VSS
 IO_FILL_IO_NORTH_11_100/DVDD
 IO_FILL_IO_NORTH_11_100/DVSS
 IO_FILL_IO_NORTH_11_100/VDD
 IO_FILL_IO_NORTH_11_100/VSS
 IO_FILL_IO_NORTH_11_200/DVDD
 IO_FILL_IO_NORTH_11_200/DVSS
 IO_FILL_IO_NORTH_11_200/VDD
 IO_FILL_IO_NORTH_11_200/VSS
 IO_FILL_IO_NORTH_11_210/DVDD
 IO_FILL_IO_NORTH_11_210/DVSS
 IO_FILL_IO_NORTH_11_210/VDD
 IO_FILL_IO_NORTH_11_210/VSS
 IO_FILL_IO_NORTH_12_0/DVDD
 IO_FILL_IO_NORTH_12_0/DVSS
 IO_FILL_IO_NORTH_12_0/VDD
 IO_FILL_IO_NORTH_12_0/VSS
 IO_FILL_IO_NORTH_12_100/DVDD
 IO_FILL_IO_NORTH_12_100/DVSS
 IO_FILL_IO_NORTH_12_100/VDD
 IO_FILL_IO_NORTH_12_100/VSS
 IO_FILL_IO_NORTH_12_200/DVDD
 IO_FILL_IO_NORTH_12_200/DVSS
 IO_FILL_IO_NORTH_12_200/VDD
 IO_FILL_IO_NORTH_12_200/VSS
 IO_FILL_IO_NORTH_12_210/DVDD
 IO_FILL_IO_NORTH_12_210/DVSS
 IO_FILL_IO_NORTH_12_210/VDD
 IO_FILL_IO_NORTH_12_210/VSS
 IO_FILL_IO_NORTH_13_0/DVDD
 IO_FILL_IO_NORTH_13_0/DVSS
 IO_FILL_IO_NORTH_13_0/VDD
 IO_FILL_IO_NORTH_13_0/VSS
 IO_FILL_IO_NORTH_13_100/DVDD
 IO_FILL_IO_NORTH_13_100/DVSS
 IO_FILL_IO_NORTH_13_100/VDD
 IO_FILL_IO_NORTH_13_100/VSS
 IO_FILL_IO_NORTH_13_200/DVDD
 IO_FILL_IO_NORTH_13_200/DVSS
 IO_FILL_IO_NORTH_13_200/VDD
 IO_FILL_IO_NORTH_13_200/VSS
 IO_FILL_IO_NORTH_13_210/DVDD
 IO_FILL_IO_NORTH_13_210/DVSS
 IO_FILL_IO_NORTH_13_210/VDD
 IO_FILL_IO_NORTH_13_210/VSS
 IO_FILL_IO_NORTH_14_0/DVDD
 IO_FILL_IO_NORTH_14_0/DVSS
 IO_FILL_IO_NORTH_14_0/VDD
 IO_FILL_IO_NORTH_14_0/VSS
 IO_FILL_IO_NORTH_14_100/DVDD
 IO_FILL_IO_NORTH_14_100/DVSS
 IO_FILL_IO_NORTH_14_100/VDD
 IO_FILL_IO_NORTH_14_100/VSS
 IO_FILL_IO_NORTH_14_200/DVDD
 IO_FILL_IO_NORTH_14_200/DVSS
 IO_FILL_IO_NORTH_14_200/VDD
 IO_FILL_IO_NORTH_14_200/VSS
 IO_FILL_IO_NORTH_14_210/DVDD
 IO_FILL_IO_NORTH_14_210/DVSS
 IO_FILL_IO_NORTH_14_210/VDD
 IO_FILL_IO_NORTH_14_210/VSS
 IO_FILL_IO_NORTH_15_0/DVDD
 IO_FILL_IO_NORTH_15_0/DVSS
 IO_FILL_IO_NORTH_15_0/VDD
 IO_FILL_IO_NORTH_15_0/VSS
 IO_FILL_IO_NORTH_15_100/DVDD
 IO_FILL_IO_NORTH_15_100/DVSS
 IO_FILL_IO_NORTH_15_100/VDD
 IO_FILL_IO_NORTH_15_100/VSS
 IO_FILL_IO_NORTH_15_200/DVDD
 IO_FILL_IO_NORTH_15_200/DVSS
 IO_FILL_IO_NORTH_15_200/VDD
 IO_FILL_IO_NORTH_15_200/VSS
 IO_FILL_IO_NORTH_15_210/DVDD
 IO_FILL_IO_NORTH_15_210/DVSS
 IO_FILL_IO_NORTH_15_210/VDD
 IO_FILL_IO_NORTH_15_210/VSS
 IO_FILL_IO_NORTH_16_0/DVDD
 IO_FILL_IO_NORTH_16_0/DVSS
 IO_FILL_IO_NORTH_16_0/VDD
 IO_FILL_IO_NORTH_16_0/VSS
 IO_FILL_IO_NORTH_16_100/DVDD
 IO_FILL_IO_NORTH_16_100/DVSS
 IO_FILL_IO_NORTH_16_100/VDD
 IO_FILL_IO_NORTH_16_100/VSS
 IO_FILL_IO_NORTH_16_200/DVDD
 IO_FILL_IO_NORTH_16_200/DVSS
 IO_FILL_IO_NORTH_16_200/VDD
 IO_FILL_IO_NORTH_16_200/VSS
 IO_FILL_IO_NORTH_16_210/DVDD
 IO_FILL_IO_NORTH_16_210/DVSS
 IO_FILL_IO_NORTH_16_210/VDD
 IO_FILL_IO_NORTH_16_210/VSS
 IO_FILL_IO_NORTH_17_0/DVDD
 IO_FILL_IO_NORTH_17_0/DVSS
 IO_FILL_IO_NORTH_17_0/VDD
 IO_FILL_IO_NORTH_17_0/VSS
 IO_FILL_IO_NORTH_17_100/DVDD
 IO_FILL_IO_NORTH_17_100/DVSS
 IO_FILL_IO_NORTH_17_100/VDD
 IO_FILL_IO_NORTH_17_100/VSS
 IO_FILL_IO_NORTH_17_200/DVDD
 IO_FILL_IO_NORTH_17_200/DVSS
 IO_FILL_IO_NORTH_17_200/VDD
 IO_FILL_IO_NORTH_17_200/VSS
 IO_FILL_IO_NORTH_17_210/DVDD
 IO_FILL_IO_NORTH_17_210/DVSS
 IO_FILL_IO_NORTH_17_210/VDD
 IO_FILL_IO_NORTH_17_210/VSS
 IO_FILL_IO_NORTH_18_0/DVDD
 IO_FILL_IO_NORTH_18_0/DVSS
 IO_FILL_IO_NORTH_18_0/VDD
 IO_FILL_IO_NORTH_18_0/VSS
 IO_FILL_IO_NORTH_18_100/DVDD
 IO_FILL_IO_NORTH_18_100/DVSS
 IO_FILL_IO_NORTH_18_100/VDD
 IO_FILL_IO_NORTH_18_100/VSS
 IO_FILL_IO_NORTH_18_200/DVDD
 IO_FILL_IO_NORTH_18_200/DVSS
 IO_FILL_IO_NORTH_18_200/VDD
 IO_FILL_IO_NORTH_18_200/VSS
 IO_FILL_IO_NORTH_18_210/DVDD
 IO_FILL_IO_NORTH_18_210/DVSS
 IO_FILL_IO_NORTH_18_210/VDD
 IO_FILL_IO_NORTH_18_210/VSS
 IO_FILL_IO_NORTH_19_0/DVDD
 IO_FILL_IO_NORTH_19_0/DVSS
 IO_FILL_IO_NORTH_19_0/VDD
 IO_FILL_IO_NORTH_19_0/VSS
 IO_FILL_IO_NORTH_19_100/DVDD
 IO_FILL_IO_NORTH_19_100/DVSS
 IO_FILL_IO_NORTH_19_100/VDD
 IO_FILL_IO_NORTH_19_100/VSS
 IO_FILL_IO_NORTH_19_200/DVDD
 IO_FILL_IO_NORTH_19_200/DVSS
 IO_FILL_IO_NORTH_19_200/VDD
 IO_FILL_IO_NORTH_19_200/VSS
 IO_FILL_IO_NORTH_19_210/DVDD
 IO_FILL_IO_NORTH_19_210/DVSS
 IO_FILL_IO_NORTH_19_210/VDD
 IO_FILL_IO_NORTH_19_210/VSS
 IO_FILL_IO_NORTH_1_0/DVDD
 IO_FILL_IO_NORTH_1_0/DVSS
 IO_FILL_IO_NORTH_1_0/VDD
 IO_FILL_IO_NORTH_1_0/VSS
 IO_FILL_IO_NORTH_1_100/DVDD
 IO_FILL_IO_NORTH_1_100/DVSS
 IO_FILL_IO_NORTH_1_100/VDD
 IO_FILL_IO_NORTH_1_100/VSS
 IO_FILL_IO_NORTH_1_200/DVDD
 IO_FILL_IO_NORTH_1_200/DVSS
 IO_FILL_IO_NORTH_1_200/VDD
 IO_FILL_IO_NORTH_1_200/VSS
 IO_FILL_IO_NORTH_1_210/DVDD
 IO_FILL_IO_NORTH_1_210/DVSS
 IO_FILL_IO_NORTH_1_210/VDD
 IO_FILL_IO_NORTH_1_210/VSS
 IO_FILL_IO_NORTH_20_0/DVDD
 IO_FILL_IO_NORTH_20_0/DVSS
 IO_FILL_IO_NORTH_20_0/VDD
 IO_FILL_IO_NORTH_20_0/VSS
 IO_FILL_IO_NORTH_20_100/DVDD
 IO_FILL_IO_NORTH_20_100/DVSS
 IO_FILL_IO_NORTH_20_100/VDD
 IO_FILL_IO_NORTH_20_100/VSS
 IO_FILL_IO_NORTH_20_200/DVDD
 IO_FILL_IO_NORTH_20_200/DVSS
 IO_FILL_IO_NORTH_20_200/VDD
 IO_FILL_IO_NORTH_20_200/VSS
 IO_FILL_IO_NORTH_20_210/DVDD
 IO_FILL_IO_NORTH_20_210/DVSS
 IO_FILL_IO_NORTH_20_210/VDD
 IO_FILL_IO_NORTH_20_210/VSS
 IO_FILL_IO_NORTH_21_0/DVDD
 IO_FILL_IO_NORTH_21_0/DVSS
 IO_FILL_IO_NORTH_21_0/VDD
 IO_FILL_IO_NORTH_21_0/VSS
 IO_FILL_IO_NORTH_21_100/DVDD
 IO_FILL_IO_NORTH_21_100/DVSS
 IO_FILL_IO_NORTH_21_100/VDD
 IO_FILL_IO_NORTH_21_100/VSS
 IO_FILL_IO_NORTH_21_200/DVDD
 IO_FILL_IO_NORTH_21_200/DVSS
 IO_FILL_IO_NORTH_21_200/VDD
 IO_FILL_IO_NORTH_21_200/VSS
 IO_FILL_IO_NORTH_21_210/DVDD
 IO_FILL_IO_NORTH_21_210/DVSS
 IO_FILL_IO_NORTH_21_210/VDD
 IO_FILL_IO_NORTH_21_210/VSS
 IO_FILL_IO_NORTH_22_0/DVDD
 IO_FILL_IO_NORTH_22_0/DVSS
 IO_FILL_IO_NORTH_22_0/VDD
 IO_FILL_IO_NORTH_22_0/VSS
 IO_FILL_IO_NORTH_22_100/DVDD
 IO_FILL_IO_NORTH_22_100/DVSS
 IO_FILL_IO_NORTH_22_100/VDD
 IO_FILL_IO_NORTH_22_100/VSS
 IO_FILL_IO_NORTH_22_200/DVDD
 IO_FILL_IO_NORTH_22_200/DVSS
 IO_FILL_IO_NORTH_22_200/VDD
 IO_FILL_IO_NORTH_22_200/VSS
 IO_FILL_IO_NORTH_22_300/DVDD
 IO_FILL_IO_NORTH_22_300/DVSS
 IO_FILL_IO_NORTH_22_300/VDD
 IO_FILL_IO_NORTH_22_300/VSS
 IO_FILL_IO_NORTH_2_0/DVDD
 IO_FILL_IO_NORTH_2_0/DVSS
 IO_FILL_IO_NORTH_2_0/VDD
 IO_FILL_IO_NORTH_2_0/VSS
 IO_FILL_IO_NORTH_2_100/DVDD
 IO_FILL_IO_NORTH_2_100/DVSS
 IO_FILL_IO_NORTH_2_100/VDD
 IO_FILL_IO_NORTH_2_100/VSS
 IO_FILL_IO_NORTH_2_200/DVDD
 IO_FILL_IO_NORTH_2_200/DVSS
 IO_FILL_IO_NORTH_2_200/VDD
 IO_FILL_IO_NORTH_2_200/VSS
 IO_FILL_IO_NORTH_2_210/DVDD
 IO_FILL_IO_NORTH_2_210/DVSS
 IO_FILL_IO_NORTH_2_210/VDD
 IO_FILL_IO_NORTH_2_210/VSS
 IO_FILL_IO_NORTH_3_0/DVDD
 IO_FILL_IO_NORTH_3_0/DVSS
 IO_FILL_IO_NORTH_3_0/VDD
 IO_FILL_IO_NORTH_3_0/VSS
 IO_FILL_IO_NORTH_3_100/DVDD
 IO_FILL_IO_NORTH_3_100/DVSS
 IO_FILL_IO_NORTH_3_100/VDD
 IO_FILL_IO_NORTH_3_100/VSS
 IO_FILL_IO_NORTH_3_200/DVDD
 IO_FILL_IO_NORTH_3_200/DVSS
 IO_FILL_IO_NORTH_3_200/VDD
 IO_FILL_IO_NORTH_3_200/VSS
 IO_FILL_IO_NORTH_3_210/DVDD
 IO_FILL_IO_NORTH_3_210/DVSS
 IO_FILL_IO_NORTH_3_210/VDD
 IO_FILL_IO_NORTH_3_210/VSS
 IO_FILL_IO_NORTH_4_0/DVDD
 IO_FILL_IO_NORTH_4_0/DVSS
 IO_FILL_IO_NORTH_4_0/VDD
 IO_FILL_IO_NORTH_4_0/VSS
 IO_FILL_IO_NORTH_4_100/DVDD
 IO_FILL_IO_NORTH_4_100/DVSS
 IO_FILL_IO_NORTH_4_100/VDD
 IO_FILL_IO_NORTH_4_100/VSS
 IO_FILL_IO_NORTH_4_200/DVDD
 IO_FILL_IO_NORTH_4_200/DVSS
 IO_FILL_IO_NORTH_4_200/VDD
 IO_FILL_IO_NORTH_4_200/VSS
 IO_FILL_IO_NORTH_4_210/DVDD
 IO_FILL_IO_NORTH_4_210/DVSS
 IO_FILL_IO_NORTH_4_210/VDD
 IO_FILL_IO_NORTH_4_210/VSS
 IO_FILL_IO_NORTH_5_0/DVDD
 IO_FILL_IO_NORTH_5_0/DVSS
 IO_FILL_IO_NORTH_5_0/VDD
 IO_FILL_IO_NORTH_5_0/VSS
 IO_FILL_IO_NORTH_5_100/DVDD
 IO_FILL_IO_NORTH_5_100/DVSS
 IO_FILL_IO_NORTH_5_100/VDD
 IO_FILL_IO_NORTH_5_100/VSS
 IO_FILL_IO_NORTH_5_200/DVDD
 IO_FILL_IO_NORTH_5_200/DVSS
 IO_FILL_IO_NORTH_5_200/VDD
 IO_FILL_IO_NORTH_5_200/VSS
 IO_FILL_IO_NORTH_5_210/DVDD
 IO_FILL_IO_NORTH_5_210/DVSS
 IO_FILL_IO_NORTH_5_210/VDD
 IO_FILL_IO_NORTH_5_210/VSS
 IO_FILL_IO_NORTH_6_0/DVDD
 IO_FILL_IO_NORTH_6_0/DVSS
 IO_FILL_IO_NORTH_6_0/VDD
 IO_FILL_IO_NORTH_6_0/VSS
 IO_FILL_IO_NORTH_6_100/DVDD
 IO_FILL_IO_NORTH_6_100/DVSS
 IO_FILL_IO_NORTH_6_100/VDD
 IO_FILL_IO_NORTH_6_100/VSS
 IO_FILL_IO_NORTH_6_200/DVDD
 IO_FILL_IO_NORTH_6_200/DVSS
 IO_FILL_IO_NORTH_6_200/VDD
 IO_FILL_IO_NORTH_6_200/VSS
 IO_FILL_IO_NORTH_6_210/DVDD
 IO_FILL_IO_NORTH_6_210/DVSS
 IO_FILL_IO_NORTH_6_210/VDD
 IO_FILL_IO_NORTH_6_210/VSS
 IO_FILL_IO_NORTH_7_0/DVDD
 IO_FILL_IO_NORTH_7_0/DVSS
 IO_FILL_IO_NORTH_7_0/VDD
 IO_FILL_IO_NORTH_7_0/VSS
 IO_FILL_IO_NORTH_7_100/DVDD
 IO_FILL_IO_NORTH_7_100/DVSS
 IO_FILL_IO_NORTH_7_100/VDD
 IO_FILL_IO_NORTH_7_100/VSS
 IO_FILL_IO_NORTH_7_200/DVDD
 IO_FILL_IO_NORTH_7_200/DVSS
 IO_FILL_IO_NORTH_7_200/VDD
 IO_FILL_IO_NORTH_7_200/VSS
 IO_FILL_IO_NORTH_7_210/DVDD
 IO_FILL_IO_NORTH_7_210/DVSS
 IO_FILL_IO_NORTH_7_210/VDD
 IO_FILL_IO_NORTH_7_210/VSS
 IO_FILL_IO_NORTH_8_0/DVDD
 IO_FILL_IO_NORTH_8_0/DVSS
 IO_FILL_IO_NORTH_8_0/VDD
 IO_FILL_IO_NORTH_8_0/VSS
 IO_FILL_IO_NORTH_8_100/DVDD
 IO_FILL_IO_NORTH_8_100/DVSS
 IO_FILL_IO_NORTH_8_100/VDD
 IO_FILL_IO_NORTH_8_100/VSS
 IO_FILL_IO_NORTH_8_200/DVDD
 IO_FILL_IO_NORTH_8_200/DVSS
 IO_FILL_IO_NORTH_8_200/VDD
 IO_FILL_IO_NORTH_8_200/VSS
 IO_FILL_IO_NORTH_8_210/DVDD
 IO_FILL_IO_NORTH_8_210/DVSS
 IO_FILL_IO_NORTH_8_210/VDD
 IO_FILL_IO_NORTH_8_210/VSS
 IO_FILL_IO_NORTH_9_0/DVDD
 IO_FILL_IO_NORTH_9_0/DVSS
 IO_FILL_IO_NORTH_9_0/VDD
 IO_FILL_IO_NORTH_9_0/VSS
 IO_FILL_IO_NORTH_9_100/DVDD
 IO_FILL_IO_NORTH_9_100/DVSS
 IO_FILL_IO_NORTH_9_100/VDD
 IO_FILL_IO_NORTH_9_100/VSS
 IO_FILL_IO_NORTH_9_200/DVDD
 IO_FILL_IO_NORTH_9_200/DVSS
 IO_FILL_IO_NORTH_9_200/VDD
 IO_FILL_IO_NORTH_9_200/VSS
 IO_FILL_IO_NORTH_9_210/DVDD
 IO_FILL_IO_NORTH_9_210/DVSS
 IO_FILL_IO_NORTH_9_210/VDD
 IO_FILL_IO_NORTH_9_210/VSS
 IO_FILL_IO_SOUTH_0_0/DVDD
 IO_FILL_IO_SOUTH_0_0/DVSS
 IO_FILL_IO_SOUTH_0_0/VDD
 IO_FILL_IO_SOUTH_0_0/VSS
 IO_FILL_IO_SOUTH_0_100/DVDD
 IO_FILL_IO_SOUTH_0_100/DVSS
 IO_FILL_IO_SOUTH_0_100/VDD
 IO_FILL_IO_SOUTH_0_100/VSS
 IO_FILL_IO_SOUTH_0_150/DVDD
 IO_FILL_IO_SOUTH_0_150/DVSS
 IO_FILL_IO_SOUTH_0_150/VDD
 IO_FILL_IO_SOUTH_0_150/VSS
 IO_FILL_IO_SOUTH_0_160/DVDD
 IO_FILL_IO_SOUTH_0_160/DVSS
 IO_FILL_IO_SOUTH_0_160/VDD
 IO_FILL_IO_SOUTH_0_160/VSS
 IO_FILL_IO_SOUTH_10_0/DVDD
 IO_FILL_IO_SOUTH_10_0/DVSS
 IO_FILL_IO_SOUTH_10_0/VDD
 IO_FILL_IO_SOUTH_10_0/VSS
 IO_FILL_IO_SOUTH_10_100/DVDD
 IO_FILL_IO_SOUTH_10_100/DVSS
 IO_FILL_IO_SOUTH_10_100/VDD
 IO_FILL_IO_SOUTH_10_100/VSS
 IO_FILL_IO_SOUTH_11_0/DVDD
 IO_FILL_IO_SOUTH_11_0/DVSS
 IO_FILL_IO_SOUTH_11_0/VDD
 IO_FILL_IO_SOUTH_11_0/VSS
 IO_FILL_IO_SOUTH_11_100/DVDD
 IO_FILL_IO_SOUTH_11_100/DVSS
 IO_FILL_IO_SOUTH_11_100/VDD
 IO_FILL_IO_SOUTH_11_100/VSS
 IO_FILL_IO_SOUTH_12_0/DVDD
 IO_FILL_IO_SOUTH_12_0/DVSS
 IO_FILL_IO_SOUTH_12_0/VDD
 IO_FILL_IO_SOUTH_12_0/VSS
 IO_FILL_IO_SOUTH_12_100/DVDD
 IO_FILL_IO_SOUTH_12_100/DVSS
 IO_FILL_IO_SOUTH_12_100/VDD
 IO_FILL_IO_SOUTH_12_100/VSS
 IO_FILL_IO_SOUTH_13_0/DVDD
 IO_FILL_IO_SOUTH_13_0/DVSS
 IO_FILL_IO_SOUTH_13_0/VDD
 IO_FILL_IO_SOUTH_13_0/VSS
 IO_FILL_IO_SOUTH_13_100/DVDD
 IO_FILL_IO_SOUTH_13_100/DVSS
 IO_FILL_IO_SOUTH_13_100/VDD
 IO_FILL_IO_SOUTH_13_100/VSS
 IO_FILL_IO_SOUTH_14_0/DVDD
 IO_FILL_IO_SOUTH_14_0/DVSS
 IO_FILL_IO_SOUTH_14_0/VDD
 IO_FILL_IO_SOUTH_14_0/VSS
 IO_FILL_IO_SOUTH_14_100/DVDD
 IO_FILL_IO_SOUTH_14_100/DVSS
 IO_FILL_IO_SOUTH_14_100/VDD
 IO_FILL_IO_SOUTH_14_100/VSS
 IO_FILL_IO_SOUTH_15_0/DVDD
 IO_FILL_IO_SOUTH_15_0/DVSS
 IO_FILL_IO_SOUTH_15_0/VDD
 IO_FILL_IO_SOUTH_15_0/VSS
 IO_FILL_IO_SOUTH_15_100/DVDD
 IO_FILL_IO_SOUTH_15_100/DVSS
 IO_FILL_IO_SOUTH_15_100/VDD
 IO_FILL_IO_SOUTH_15_100/VSS
 IO_FILL_IO_SOUTH_16_0/DVDD
 IO_FILL_IO_SOUTH_16_0/DVSS
 IO_FILL_IO_SOUTH_16_0/VDD
 IO_FILL_IO_SOUTH_16_0/VSS
 IO_FILL_IO_SOUTH_16_100/DVDD
 IO_FILL_IO_SOUTH_16_100/DVSS
 IO_FILL_IO_SOUTH_16_100/VDD
 IO_FILL_IO_SOUTH_16_100/VSS
 IO_FILL_IO_SOUTH_17_0/DVDD
 IO_FILL_IO_SOUTH_17_0/DVSS
 IO_FILL_IO_SOUTH_17_0/VDD
 IO_FILL_IO_SOUTH_17_0/VSS
 IO_FILL_IO_SOUTH_17_100/DVDD
 IO_FILL_IO_SOUTH_17_100/DVSS
 IO_FILL_IO_SOUTH_17_100/VDD
 IO_FILL_IO_SOUTH_17_100/VSS
 IO_FILL_IO_SOUTH_18_0/DVDD
 IO_FILL_IO_SOUTH_18_0/DVSS
 IO_FILL_IO_SOUTH_18_0/VDD
 IO_FILL_IO_SOUTH_18_0/VSS
 IO_FILL_IO_SOUTH_18_100/DVDD
 IO_FILL_IO_SOUTH_18_100/DVSS
 IO_FILL_IO_SOUTH_18_100/VDD
 IO_FILL_IO_SOUTH_18_100/VSS
 IO_FILL_IO_SOUTH_19_0/DVDD
 IO_FILL_IO_SOUTH_19_0/DVSS
 IO_FILL_IO_SOUTH_19_0/VDD
 IO_FILL_IO_SOUTH_19_0/VSS
 IO_FILL_IO_SOUTH_19_100/DVDD
 IO_FILL_IO_SOUTH_19_100/DVSS
 IO_FILL_IO_SOUTH_19_100/VDD
 IO_FILL_IO_SOUTH_19_100/VSS
 IO_FILL_IO_SOUTH_1_0/DVDD
 IO_FILL_IO_SOUTH_1_0/DVSS
 IO_FILL_IO_SOUTH_1_0/VDD
 IO_FILL_IO_SOUTH_1_0/VSS
 IO_FILL_IO_SOUTH_1_100/DVDD
 IO_FILL_IO_SOUTH_1_100/DVSS
 IO_FILL_IO_SOUTH_1_100/VDD
 IO_FILL_IO_SOUTH_1_100/VSS
 IO_FILL_IO_SOUTH_20_0/DVDD
 IO_FILL_IO_SOUTH_20_0/DVSS
 IO_FILL_IO_SOUTH_20_0/VDD
 IO_FILL_IO_SOUTH_20_0/VSS
 IO_FILL_IO_SOUTH_20_100/DVDD
 IO_FILL_IO_SOUTH_20_100/DVSS
 IO_FILL_IO_SOUTH_20_100/VDD
 IO_FILL_IO_SOUTH_20_100/VSS
 IO_FILL_IO_SOUTH_21_0/DVDD
 IO_FILL_IO_SOUTH_21_0/DVSS
 IO_FILL_IO_SOUTH_21_0/VDD
 IO_FILL_IO_SOUTH_21_0/VSS
 IO_FILL_IO_SOUTH_21_100/DVDD
 IO_FILL_IO_SOUTH_21_100/DVSS
 IO_FILL_IO_SOUTH_21_100/VDD
 IO_FILL_IO_SOUTH_21_100/VSS
 IO_FILL_IO_SOUTH_22_0/DVDD
 IO_FILL_IO_SOUTH_22_0/DVSS
 IO_FILL_IO_SOUTH_22_0/VDD
 IO_FILL_IO_SOUTH_22_0/VSS
 IO_FILL_IO_SOUTH_22_100/DVDD
 IO_FILL_IO_SOUTH_22_100/DVSS
 IO_FILL_IO_SOUTH_22_100/VDD
 IO_FILL_IO_SOUTH_22_100/VSS
 IO_FILL_IO_SOUTH_23_0/DVDD
 IO_FILL_IO_SOUTH_23_0/DVSS
 IO_FILL_IO_SOUTH_23_0/VDD
 IO_FILL_IO_SOUTH_23_0/VSS
 IO_FILL_IO_SOUTH_23_100/DVDD
 IO_FILL_IO_SOUTH_23_100/DVSS
 IO_FILL_IO_SOUTH_23_100/VDD
 IO_FILL_IO_SOUTH_23_100/VSS
 IO_FILL_IO_SOUTH_24_0/DVDD
 IO_FILL_IO_SOUTH_24_0/DVSS
 IO_FILL_IO_SOUTH_24_0/VDD
 IO_FILL_IO_SOUTH_24_0/VSS
 IO_FILL_IO_SOUTH_24_100/DVDD
 IO_FILL_IO_SOUTH_24_100/DVSS
 IO_FILL_IO_SOUTH_24_100/VDD
 IO_FILL_IO_SOUTH_24_100/VSS
 IO_FILL_IO_SOUTH_25_0/DVDD
 IO_FILL_IO_SOUTH_25_0/DVSS
 IO_FILL_IO_SOUTH_25_0/VDD
 IO_FILL_IO_SOUTH_25_0/VSS
 IO_FILL_IO_SOUTH_25_100/DVDD
 IO_FILL_IO_SOUTH_25_100/DVSS
 IO_FILL_IO_SOUTH_25_100/VDD
 IO_FILL_IO_SOUTH_25_100/VSS
 IO_FILL_IO_SOUTH_25_150/DVDD
 IO_FILL_IO_SOUTH_25_150/DVSS
 IO_FILL_IO_SOUTH_25_150/VDD
 IO_FILL_IO_SOUTH_25_150/VSS
 IO_FILL_IO_SOUTH_25_160/DVDD
 IO_FILL_IO_SOUTH_25_160/DVSS
 IO_FILL_IO_SOUTH_25_160/VDD
 IO_FILL_IO_SOUTH_25_160/VSS
 IO_FILL_IO_SOUTH_2_0/DVDD
 IO_FILL_IO_SOUTH_2_0/DVSS
 IO_FILL_IO_SOUTH_2_0/VDD
 IO_FILL_IO_SOUTH_2_0/VSS
 IO_FILL_IO_SOUTH_2_100/DVDD
 IO_FILL_IO_SOUTH_2_100/DVSS
 IO_FILL_IO_SOUTH_2_100/VDD
 IO_FILL_IO_SOUTH_2_100/VSS
 IO_FILL_IO_SOUTH_3_0/DVDD
 IO_FILL_IO_SOUTH_3_0/DVSS
 IO_FILL_IO_SOUTH_3_0/VDD
 IO_FILL_IO_SOUTH_3_0/VSS
 IO_FILL_IO_SOUTH_3_100/DVDD
 IO_FILL_IO_SOUTH_3_100/DVSS
 IO_FILL_IO_SOUTH_3_100/VDD
 IO_FILL_IO_SOUTH_3_100/VSS
 IO_FILL_IO_SOUTH_4_0/DVDD
 IO_FILL_IO_SOUTH_4_0/DVSS
 IO_FILL_IO_SOUTH_4_0/VDD
 IO_FILL_IO_SOUTH_4_0/VSS
 IO_FILL_IO_SOUTH_4_100/DVDD
 IO_FILL_IO_SOUTH_4_100/DVSS
 IO_FILL_IO_SOUTH_4_100/VDD
 IO_FILL_IO_SOUTH_4_100/VSS
 IO_FILL_IO_SOUTH_5_0/DVDD
 IO_FILL_IO_SOUTH_5_0/DVSS
 IO_FILL_IO_SOUTH_5_0/VDD
 IO_FILL_IO_SOUTH_5_0/VSS
 IO_FILL_IO_SOUTH_5_100/DVDD
 IO_FILL_IO_SOUTH_5_100/DVSS
 IO_FILL_IO_SOUTH_5_100/VDD
 IO_FILL_IO_SOUTH_5_100/VSS
 IO_FILL_IO_SOUTH_6_0/DVDD
 IO_FILL_IO_SOUTH_6_0/DVSS
 IO_FILL_IO_SOUTH_6_0/VDD
 IO_FILL_IO_SOUTH_6_0/VSS
 IO_FILL_IO_SOUTH_6_100/DVDD
 IO_FILL_IO_SOUTH_6_100/DVSS
 IO_FILL_IO_SOUTH_6_100/VDD
 IO_FILL_IO_SOUTH_6_100/VSS
 IO_FILL_IO_SOUTH_7_0/DVDD
 IO_FILL_IO_SOUTH_7_0/DVSS
 IO_FILL_IO_SOUTH_7_0/VDD
 IO_FILL_IO_SOUTH_7_0/VSS
 IO_FILL_IO_SOUTH_7_100/DVDD
 IO_FILL_IO_SOUTH_7_100/DVSS
 IO_FILL_IO_SOUTH_7_100/VDD
 IO_FILL_IO_SOUTH_7_100/VSS
 IO_FILL_IO_SOUTH_8_0/DVDD
 IO_FILL_IO_SOUTH_8_0/DVSS
 IO_FILL_IO_SOUTH_8_0/VDD
 IO_FILL_IO_SOUTH_8_0/VSS
 IO_FILL_IO_SOUTH_8_100/DVDD
 IO_FILL_IO_SOUTH_8_100/DVSS
 IO_FILL_IO_SOUTH_8_100/VDD
 IO_FILL_IO_SOUTH_8_100/VSS
 IO_FILL_IO_SOUTH_9_0/DVDD
 IO_FILL_IO_SOUTH_9_0/DVSS
 IO_FILL_IO_SOUTH_9_0/VDD
 IO_FILL_IO_SOUTH_9_0/VSS
 IO_FILL_IO_SOUTH_9_100/DVDD
 IO_FILL_IO_SOUTH_9_100/DVSS
 IO_FILL_IO_SOUTH_9_100/VDD
 IO_FILL_IO_SOUTH_9_100/VSS
 IO_FILL_IO_WEST_0_0/DVDD
 IO_FILL_IO_WEST_0_0/DVSS
 IO_FILL_IO_WEST_0_0/VDD
 IO_FILL_IO_WEST_0_0/VSS
 IO_FILL_IO_WEST_0_100/DVDD
 IO_FILL_IO_WEST_0_100/DVSS
 IO_FILL_IO_WEST_0_100/VDD
 IO_FILL_IO_WEST_0_100/VSS
 IO_FILL_IO_WEST_0_200/DVDD
 IO_FILL_IO_WEST_0_200/DVSS
 IO_FILL_IO_WEST_0_200/VDD
 IO_FILL_IO_WEST_0_200/VSS
 IO_FILL_IO_WEST_10_0/DVDD
 IO_FILL_IO_WEST_10_0/DVSS
 IO_FILL_IO_WEST_10_0/VDD
 IO_FILL_IO_WEST_10_0/VSS
 IO_FILL_IO_WEST_10_100/DVDD
 IO_FILL_IO_WEST_10_100/DVSS
 IO_FILL_IO_WEST_10_100/VDD
 IO_FILL_IO_WEST_10_100/VSS
 IO_FILL_IO_WEST_10_200/DVDD
 IO_FILL_IO_WEST_10_200/DVSS
 IO_FILL_IO_WEST_10_200/VDD
 IO_FILL_IO_WEST_10_200/VSS
 IO_FILL_IO_WEST_10_210/DVDD
 IO_FILL_IO_WEST_10_210/DVSS
 IO_FILL_IO_WEST_10_210/VDD
 IO_FILL_IO_WEST_10_210/VSS
 IO_FILL_IO_WEST_11_0/DVDD
 IO_FILL_IO_WEST_11_0/DVSS
 IO_FILL_IO_WEST_11_0/VDD
 IO_FILL_IO_WEST_11_0/VSS
 IO_FILL_IO_WEST_11_100/DVDD
 IO_FILL_IO_WEST_11_100/DVSS
 IO_FILL_IO_WEST_11_100/VDD
 IO_FILL_IO_WEST_11_100/VSS
 IO_FILL_IO_WEST_11_200/DVDD
 IO_FILL_IO_WEST_11_200/DVSS
 IO_FILL_IO_WEST_11_200/VDD
 IO_FILL_IO_WEST_11_200/VSS
 IO_FILL_IO_WEST_11_210/DVDD
 IO_FILL_IO_WEST_11_210/DVSS
 IO_FILL_IO_WEST_11_210/VDD
 IO_FILL_IO_WEST_11_210/VSS
 IO_FILL_IO_WEST_12_0/DVDD
 IO_FILL_IO_WEST_12_0/DVSS
 IO_FILL_IO_WEST_12_0/VDD
 IO_FILL_IO_WEST_12_0/VSS
 IO_FILL_IO_WEST_12_100/DVDD
 IO_FILL_IO_WEST_12_100/DVSS
 IO_FILL_IO_WEST_12_100/VDD
 IO_FILL_IO_WEST_12_100/VSS
 IO_FILL_IO_WEST_12_200/DVDD
 IO_FILL_IO_WEST_12_200/DVSS
 IO_FILL_IO_WEST_12_200/VDD
 IO_FILL_IO_WEST_12_200/VSS
 IO_FILL_IO_WEST_12_210/DVDD
 IO_FILL_IO_WEST_12_210/DVSS
 IO_FILL_IO_WEST_12_210/VDD
 IO_FILL_IO_WEST_12_210/VSS
 IO_FILL_IO_WEST_13_0/DVDD
 IO_FILL_IO_WEST_13_0/DVSS
 IO_FILL_IO_WEST_13_0/VDD
 IO_FILL_IO_WEST_13_0/VSS
 IO_FILL_IO_WEST_13_100/DVDD
 IO_FILL_IO_WEST_13_100/DVSS
 IO_FILL_IO_WEST_13_100/VDD
 IO_FILL_IO_WEST_13_100/VSS
 IO_FILL_IO_WEST_13_200/DVDD
 IO_FILL_IO_WEST_13_200/DVSS
 IO_FILL_IO_WEST_13_200/VDD
 IO_FILL_IO_WEST_13_200/VSS
 IO_FILL_IO_WEST_13_210/DVDD
 IO_FILL_IO_WEST_13_210/DVSS
 IO_FILL_IO_WEST_13_210/VDD
 IO_FILL_IO_WEST_13_210/VSS
 IO_FILL_IO_WEST_14_0/DVDD
 IO_FILL_IO_WEST_14_0/DVSS
 IO_FILL_IO_WEST_14_0/VDD
 IO_FILL_IO_WEST_14_0/VSS
 IO_FILL_IO_WEST_14_100/DVDD
 IO_FILL_IO_WEST_14_100/DVSS
 IO_FILL_IO_WEST_14_100/VDD
 IO_FILL_IO_WEST_14_100/VSS
 IO_FILL_IO_WEST_14_200/DVDD
 IO_FILL_IO_WEST_14_200/DVSS
 IO_FILL_IO_WEST_14_200/VDD
 IO_FILL_IO_WEST_14_200/VSS
 IO_FILL_IO_WEST_14_210/DVDD
 IO_FILL_IO_WEST_14_210/DVSS
 IO_FILL_IO_WEST_14_210/VDD
 IO_FILL_IO_WEST_14_210/VSS
 IO_FILL_IO_WEST_15_0/DVDD
 IO_FILL_IO_WEST_15_0/DVSS
 IO_FILL_IO_WEST_15_0/VDD
 IO_FILL_IO_WEST_15_0/VSS
 IO_FILL_IO_WEST_15_100/DVDD
 IO_FILL_IO_WEST_15_100/DVSS
 IO_FILL_IO_WEST_15_100/VDD
 IO_FILL_IO_WEST_15_100/VSS
 IO_FILL_IO_WEST_15_200/DVDD
 IO_FILL_IO_WEST_15_200/DVSS
 IO_FILL_IO_WEST_15_200/VDD
 IO_FILL_IO_WEST_15_200/VSS
 IO_FILL_IO_WEST_15_210/DVDD
 IO_FILL_IO_WEST_15_210/DVSS
 IO_FILL_IO_WEST_15_210/VDD
 IO_FILL_IO_WEST_15_210/VSS
 IO_FILL_IO_WEST_16_0/DVDD
 IO_FILL_IO_WEST_16_0/DVSS
 IO_FILL_IO_WEST_16_0/VDD
 IO_FILL_IO_WEST_16_0/VSS
 IO_FILL_IO_WEST_16_100/DVDD
 IO_FILL_IO_WEST_16_100/DVSS
 IO_FILL_IO_WEST_16_100/VDD
 IO_FILL_IO_WEST_16_100/VSS
 IO_FILL_IO_WEST_16_200/DVDD
 IO_FILL_IO_WEST_16_200/DVSS
 IO_FILL_IO_WEST_16_200/VDD
 IO_FILL_IO_WEST_16_200/VSS
 IO_FILL_IO_WEST_16_210/DVDD
 IO_FILL_IO_WEST_16_210/DVSS
 IO_FILL_IO_WEST_16_210/VDD
 IO_FILL_IO_WEST_16_210/VSS
 IO_FILL_IO_WEST_17_0/DVDD
 IO_FILL_IO_WEST_17_0/DVSS
 IO_FILL_IO_WEST_17_0/VDD
 IO_FILL_IO_WEST_17_0/VSS
 IO_FILL_IO_WEST_17_100/DVDD
 IO_FILL_IO_WEST_17_100/DVSS
 IO_FILL_IO_WEST_17_100/VDD
 IO_FILL_IO_WEST_17_100/VSS
 IO_FILL_IO_WEST_17_200/DVDD
 IO_FILL_IO_WEST_17_200/DVSS
 IO_FILL_IO_WEST_17_200/VDD
 IO_FILL_IO_WEST_17_200/VSS
 IO_FILL_IO_WEST_17_210/DVDD
 IO_FILL_IO_WEST_17_210/DVSS
 IO_FILL_IO_WEST_17_210/VDD
 IO_FILL_IO_WEST_17_210/VSS
 IO_FILL_IO_WEST_18_0/DVDD
 IO_FILL_IO_WEST_18_0/DVSS
 IO_FILL_IO_WEST_18_0/VDD
 IO_FILL_IO_WEST_18_0/VSS
 IO_FILL_IO_WEST_18_100/DVDD
 IO_FILL_IO_WEST_18_100/DVSS
 IO_FILL_IO_WEST_18_100/VDD
 IO_FILL_IO_WEST_18_100/VSS
 IO_FILL_IO_WEST_18_200/DVDD
 IO_FILL_IO_WEST_18_200/DVSS
 IO_FILL_IO_WEST_18_200/VDD
 IO_FILL_IO_WEST_18_200/VSS
 IO_FILL_IO_WEST_18_210/DVDD
 IO_FILL_IO_WEST_18_210/DVSS
 IO_FILL_IO_WEST_18_210/VDD
 IO_FILL_IO_WEST_18_210/VSS
 IO_FILL_IO_WEST_19_0/DVDD
 IO_FILL_IO_WEST_19_0/DVSS
 IO_FILL_IO_WEST_19_0/VDD
 IO_FILL_IO_WEST_19_0/VSS
 IO_FILL_IO_WEST_19_100/DVDD
 IO_FILL_IO_WEST_19_100/DVSS
 IO_FILL_IO_WEST_19_100/VDD
 IO_FILL_IO_WEST_19_100/VSS
 IO_FILL_IO_WEST_19_200/DVDD
 IO_FILL_IO_WEST_19_200/DVSS
 IO_FILL_IO_WEST_19_200/VDD
 IO_FILL_IO_WEST_19_200/VSS
 IO_FILL_IO_WEST_19_210/DVDD
 IO_FILL_IO_WEST_19_210/DVSS
 IO_FILL_IO_WEST_19_210/VDD
 IO_FILL_IO_WEST_19_210/VSS
 IO_FILL_IO_WEST_1_0/DVDD
 IO_FILL_IO_WEST_1_0/DVSS
 IO_FILL_IO_WEST_1_0/VDD
 IO_FILL_IO_WEST_1_0/VSS
 IO_FILL_IO_WEST_1_100/DVDD
 IO_FILL_IO_WEST_1_100/DVSS
 IO_FILL_IO_WEST_1_100/VDD
 IO_FILL_IO_WEST_1_100/VSS
 IO_FILL_IO_WEST_1_200/DVDD
 IO_FILL_IO_WEST_1_200/DVSS
 IO_FILL_IO_WEST_1_200/VDD
 IO_FILL_IO_WEST_1_200/VSS
 IO_FILL_IO_WEST_1_210/DVDD
 IO_FILL_IO_WEST_1_210/DVSS
 IO_FILL_IO_WEST_1_210/VDD
 IO_FILL_IO_WEST_1_210/VSS
 IO_FILL_IO_WEST_20_0/DVDD
 IO_FILL_IO_WEST_20_0/DVSS
 IO_FILL_IO_WEST_20_0/VDD
 IO_FILL_IO_WEST_20_0/VSS
 IO_FILL_IO_WEST_20_100/DVDD
 IO_FILL_IO_WEST_20_100/DVSS
 IO_FILL_IO_WEST_20_100/VDD
 IO_FILL_IO_WEST_20_100/VSS
 IO_FILL_IO_WEST_20_200/DVDD
 IO_FILL_IO_WEST_20_200/DVSS
 IO_FILL_IO_WEST_20_200/VDD
 IO_FILL_IO_WEST_20_200/VSS
 IO_FILL_IO_WEST_20_210/DVDD
 IO_FILL_IO_WEST_20_210/DVSS
 IO_FILL_IO_WEST_20_210/VDD
 IO_FILL_IO_WEST_20_210/VSS
 IO_FILL_IO_WEST_21_0/DVDD
 IO_FILL_IO_WEST_21_0/DVSS
 IO_FILL_IO_WEST_21_0/VDD
 IO_FILL_IO_WEST_21_0/VSS
 IO_FILL_IO_WEST_21_100/DVDD
 IO_FILL_IO_WEST_21_100/DVSS
 IO_FILL_IO_WEST_21_100/VDD
 IO_FILL_IO_WEST_21_100/VSS
 IO_FILL_IO_WEST_21_200/DVDD
 IO_FILL_IO_WEST_21_200/DVSS
 IO_FILL_IO_WEST_21_200/VDD
 IO_FILL_IO_WEST_21_200/VSS
 IO_FILL_IO_WEST_21_210/DVDD
 IO_FILL_IO_WEST_21_210/DVSS
 IO_FILL_IO_WEST_21_210/VDD
 IO_FILL_IO_WEST_21_210/VSS
 IO_FILL_IO_WEST_22_0/DVDD
 IO_FILL_IO_WEST_22_0/DVSS
 IO_FILL_IO_WEST_22_0/VDD
 IO_FILL_IO_WEST_22_0/VSS
 IO_FILL_IO_WEST_22_100/DVDD
 IO_FILL_IO_WEST_22_100/DVSS
 IO_FILL_IO_WEST_22_100/VDD
 IO_FILL_IO_WEST_22_100/VSS
 IO_FILL_IO_WEST_22_200/DVDD
 IO_FILL_IO_WEST_22_200/DVSS
 IO_FILL_IO_WEST_22_200/VDD
 IO_FILL_IO_WEST_22_200/VSS
 IO_FILL_IO_WEST_22_300/DVDD
 IO_FILL_IO_WEST_22_300/DVSS
 IO_FILL_IO_WEST_22_300/VDD
 IO_FILL_IO_WEST_22_300/VSS
 IO_FILL_IO_WEST_2_0/DVDD
 IO_FILL_IO_WEST_2_0/DVSS
 IO_FILL_IO_WEST_2_0/VDD
 IO_FILL_IO_WEST_2_0/VSS
 IO_FILL_IO_WEST_2_100/DVDD
 IO_FILL_IO_WEST_2_100/DVSS
 IO_FILL_IO_WEST_2_100/VDD
 IO_FILL_IO_WEST_2_100/VSS
 IO_FILL_IO_WEST_2_200/DVDD
 IO_FILL_IO_WEST_2_200/DVSS
 IO_FILL_IO_WEST_2_200/VDD
 IO_FILL_IO_WEST_2_200/VSS
 IO_FILL_IO_WEST_2_210/DVDD
 IO_FILL_IO_WEST_2_210/DVSS
 IO_FILL_IO_WEST_2_210/VDD
 IO_FILL_IO_WEST_2_210/VSS
 IO_FILL_IO_WEST_3_0/DVDD
 IO_FILL_IO_WEST_3_0/DVSS
 IO_FILL_IO_WEST_3_0/VDD
 IO_FILL_IO_WEST_3_0/VSS
 IO_FILL_IO_WEST_3_100/DVDD
 IO_FILL_IO_WEST_3_100/DVSS
 IO_FILL_IO_WEST_3_100/VDD
 IO_FILL_IO_WEST_3_100/VSS
 IO_FILL_IO_WEST_3_200/DVDD
 IO_FILL_IO_WEST_3_200/DVSS
 IO_FILL_IO_WEST_3_200/VDD
 IO_FILL_IO_WEST_3_200/VSS
 IO_FILL_IO_WEST_3_210/DVDD
 IO_FILL_IO_WEST_3_210/DVSS
 IO_FILL_IO_WEST_3_210/VDD
 IO_FILL_IO_WEST_3_210/VSS
 IO_FILL_IO_WEST_4_0/DVDD
 IO_FILL_IO_WEST_4_0/DVSS
 IO_FILL_IO_WEST_4_0/VDD
 IO_FILL_IO_WEST_4_0/VSS
 IO_FILL_IO_WEST_4_100/DVDD
 IO_FILL_IO_WEST_4_100/DVSS
 IO_FILL_IO_WEST_4_100/VDD
 IO_FILL_IO_WEST_4_100/VSS
 IO_FILL_IO_WEST_4_200/DVDD
 IO_FILL_IO_WEST_4_200/DVSS
 IO_FILL_IO_WEST_4_200/VDD
 IO_FILL_IO_WEST_4_200/VSS
 IO_FILL_IO_WEST_4_210/DVDD
 IO_FILL_IO_WEST_4_210/DVSS
 IO_FILL_IO_WEST_4_210/VDD
 IO_FILL_IO_WEST_4_210/VSS
 IO_FILL_IO_WEST_5_0/DVDD
 IO_FILL_IO_WEST_5_0/DVSS
 IO_FILL_IO_WEST_5_0/VDD
 IO_FILL_IO_WEST_5_0/VSS
 IO_FILL_IO_WEST_5_100/DVDD
 IO_FILL_IO_WEST_5_100/DVSS
 IO_FILL_IO_WEST_5_100/VDD
 IO_FILL_IO_WEST_5_100/VSS
 IO_FILL_IO_WEST_5_200/DVDD
 IO_FILL_IO_WEST_5_200/DVSS
 IO_FILL_IO_WEST_5_200/VDD
 IO_FILL_IO_WEST_5_200/VSS
 IO_FILL_IO_WEST_5_210/DVDD
 IO_FILL_IO_WEST_5_210/DVSS
 IO_FILL_IO_WEST_5_210/VDD
 IO_FILL_IO_WEST_5_210/VSS
 IO_FILL_IO_WEST_6_0/DVDD
 IO_FILL_IO_WEST_6_0/DVSS
 IO_FILL_IO_WEST_6_0/VDD
 IO_FILL_IO_WEST_6_0/VSS
 IO_FILL_IO_WEST_6_100/DVDD
 IO_FILL_IO_WEST_6_100/DVSS
 IO_FILL_IO_WEST_6_100/VDD
 IO_FILL_IO_WEST_6_100/VSS
 IO_FILL_IO_WEST_6_200/DVDD
 IO_FILL_IO_WEST_6_200/DVSS
 IO_FILL_IO_WEST_6_200/VDD
 IO_FILL_IO_WEST_6_200/VSS
 IO_FILL_IO_WEST_6_210/DVDD
 IO_FILL_IO_WEST_6_210/DVSS
 IO_FILL_IO_WEST_6_210/VDD
 IO_FILL_IO_WEST_6_210/VSS
 IO_FILL_IO_WEST_7_0/DVDD
 IO_FILL_IO_WEST_7_0/DVSS
 IO_FILL_IO_WEST_7_0/VDD
 IO_FILL_IO_WEST_7_0/VSS
 IO_FILL_IO_WEST_7_100/DVDD
 IO_FILL_IO_WEST_7_100/DVSS
 IO_FILL_IO_WEST_7_100/VDD
 IO_FILL_IO_WEST_7_100/VSS
 IO_FILL_IO_WEST_7_200/DVDD
 IO_FILL_IO_WEST_7_200/DVSS
 IO_FILL_IO_WEST_7_200/VDD
 IO_FILL_IO_WEST_7_200/VSS
 IO_FILL_IO_WEST_7_210/DVDD
 IO_FILL_IO_WEST_7_210/DVSS
 IO_FILL_IO_WEST_7_210/VDD
 IO_FILL_IO_WEST_7_210/VSS
 IO_FILL_IO_WEST_8_0/DVDD
 IO_FILL_IO_WEST_8_0/DVSS
 IO_FILL_IO_WEST_8_0/VDD
 IO_FILL_IO_WEST_8_0/VSS
 IO_FILL_IO_WEST_8_100/DVDD
 IO_FILL_IO_WEST_8_100/DVSS
 IO_FILL_IO_WEST_8_100/VDD
 IO_FILL_IO_WEST_8_100/VSS
 IO_FILL_IO_WEST_8_200/DVDD
 IO_FILL_IO_WEST_8_200/DVSS
 IO_FILL_IO_WEST_8_200/VDD
 IO_FILL_IO_WEST_8_200/VSS
 IO_FILL_IO_WEST_8_210/DVDD
 IO_FILL_IO_WEST_8_210/DVSS
 IO_FILL_IO_WEST_8_210/VDD
 IO_FILL_IO_WEST_8_210/VSS
 IO_FILL_IO_WEST_9_0/DVDD
 IO_FILL_IO_WEST_9_0/DVSS
 IO_FILL_IO_WEST_9_0/VDD
 IO_FILL_IO_WEST_9_0/VSS
 IO_FILL_IO_WEST_9_100/DVDD
 IO_FILL_IO_WEST_9_100/DVSS
 IO_FILL_IO_WEST_9_100/VDD
 IO_FILL_IO_WEST_9_100/VSS
 IO_FILL_IO_WEST_9_200/DVDD
 IO_FILL_IO_WEST_9_200/DVSS
 IO_FILL_IO_WEST_9_200/VDD
 IO_FILL_IO_WEST_9_200/VSS
 IO_FILL_IO_WEST_9_210/DVDD
 IO_FILL_IO_WEST_9_210/DVSS
 IO_FILL_IO_WEST_9_210/VDD
 IO_FILL_IO_WEST_9_210/VSS
 _05320_/ZN
 _05340_/Z
 _05357_/Z
 analog\[0\].pad/ASIG5V
 analog\[0\].pad/DVDD
 analog\[0\].pad/DVSS
 analog\[0\].pad/VDD
 analog\[0\].pad/VSS
 analog\[10\].pad/ASIG5V
 analog\[10\].pad/DVDD
 analog\[10\].pad/DVSS
 analog\[10\].pad/VDD
 analog\[10\].pad/VSS
 analog\[11\].pad/ASIG5V
 analog\[11\].pad/DVDD
 analog\[11\].pad/DVSS
 analog\[11\].pad/VDD
 analog\[11\].pad/VSS
 analog\[12\].pad/ASIG5V
 analog\[12\].pad/DVDD
 analog\[12\].pad/DVSS
 analog\[12\].pad/VDD
 analog\[12\].pad/VSS
 analog\[13\].pad/ASIG5V
 analog\[13\].pad/DVDD
 analog\[13\].pad/DVSS
 analog\[13\].pad/VDD
 analog\[13\].pad/VSS
 analog\[14\].pad/ASIG5V
 analog\[14\].pad/DVDD
 analog\[14\].pad/DVSS
 analog\[14\].pad/VDD
 analog\[14\].pad/VSS
 analog\[15\].pad/ASIG5V
 analog\[15\].pad/DVDD
 analog\[15\].pad/DVSS
 analog\[15\].pad/VDD
 analog\[15\].pad/VSS
 analog\[16\].pad/ASIG5V
 analog\[16\].pad/DVDD
 analog\[16\].pad/DVSS
 analog\[16\].pad/VDD
 analog\[16\].pad/VSS
 analog\[17\].pad/ASIG5V
 analog\[17\].pad/DVDD
 analog\[17\].pad/DVSS
 analog\[17\].pad/VDD
 analog\[17\].pad/VSS
 analog\[18\].pad/ASIG5V
 analog\[18\].pad/DVDD
 analog\[18\].pad/DVSS
 analog\[18\].pad/VDD
 analog\[18\].pad/VSS
 analog\[19\].pad/ASIG5V
 analog\[19\].pad/DVDD
 analog\[19\].pad/DVSS
 analog\[19\].pad/VDD
 analog\[19\].pad/VSS
 analog\[1\].pad/ASIG5V
 analog\[1\].pad/DVDD
 analog\[1\].pad/DVSS
 analog\[1\].pad/VDD
 analog\[1\].pad/VSS
 analog\[20\].pad/ASIG5V
 analog\[20\].pad/DVDD
 analog\[20\].pad/DVSS
 analog\[20\].pad/VDD
 analog\[20\].pad/VSS
 analog\[21\].pad/ASIG5V
 analog\[21\].pad/DVDD
 analog\[21\].pad/DVSS
 analog\[21\].pad/VDD
 analog\[21\].pad/VSS
 analog\[22\].pad/ASIG5V
 analog\[22\].pad/DVDD
 analog\[22\].pad/DVSS
 analog\[22\].pad/VDD
 analog\[22\].pad/VSS
 analog\[23\].pad/ASIG5V
 analog\[23\].pad/DVDD
 analog\[23\].pad/DVSS
 analog\[23\].pad/VDD
 analog\[23\].pad/VSS
 analog\[24\].pad/ASIG5V
 analog\[24\].pad/DVDD
 analog\[24\].pad/DVSS
 analog\[24\].pad/VDD
 analog\[24\].pad/VSS
 analog\[25\].pad/ASIG5V
 analog\[25\].pad/DVDD
 analog\[25\].pad/DVSS
 analog\[25\].pad/VDD
 analog\[25\].pad/VSS
 analog\[26\].pad/ASIG5V
 analog\[26\].pad/DVDD
 analog\[26\].pad/DVSS
 analog\[26\].pad/VDD
 analog\[26\].pad/VSS
 analog\[27\].pad/ASIG5V
 analog\[27\].pad/DVDD
 analog\[27\].pad/DVSS
 analog\[27\].pad/VDD
 analog\[27\].pad/VSS
 analog\[28\].pad/ASIG5V
 analog\[28\].pad/DVDD
 analog\[28\].pad/DVSS
 analog\[28\].pad/VDD
 analog\[28\].pad/VSS
 analog\[29\].pad/ASIG5V
 analog\[29\].pad/DVDD
 analog\[29\].pad/DVSS
 analog\[29\].pad/VDD
 analog\[29\].pad/VSS
 analog\[2\].pad/ASIG5V
 analog\[2\].pad/DVDD
 analog\[2\].pad/DVSS
 analog\[2\].pad/VDD
 analog\[2\].pad/VSS
 analog\[30\].pad/ASIG5V
 analog\[30\].pad/DVDD
 analog\[30\].pad/DVSS
 analog\[30\].pad/VDD
 analog\[30\].pad/VSS
 analog\[31\].pad/ASIG5V
 analog\[31\].pad/DVDD
 analog\[31\].pad/DVSS
 analog\[31\].pad/VDD
 analog\[31\].pad/VSS
 analog\[32\].pad/ASIG5V
 analog\[32\].pad/DVDD
 analog\[32\].pad/DVSS
 analog\[32\].pad/VDD
 analog\[32\].pad/VSS
 analog\[33\].pad/ASIG5V
 analog\[33\].pad/DVDD
 analog\[33\].pad/DVSS
 analog\[33\].pad/VDD
 analog\[33\].pad/VSS
 analog\[34\].pad/ASIG5V
 analog\[34\].pad/DVDD
 analog\[34\].pad/DVSS
 analog\[34\].pad/VDD
 analog\[34\].pad/VSS
 analog\[35\].pad/ASIG5V
 analog\[35\].pad/DVDD
 analog\[35\].pad/DVSS
 analog\[35\].pad/VDD
 analog\[35\].pad/VSS
 analog\[36\].pad/ASIG5V
 analog\[36\].pad/DVDD
 analog\[36\].pad/DVSS
 analog\[36\].pad/VDD
 analog\[36\].pad/VSS
 analog\[37\].pad/ASIG5V
 analog\[37\].pad/DVDD
 analog\[37\].pad/DVSS
 analog\[37\].pad/VDD
 analog\[37\].pad/VSS
 analog\[38\].pad/ASIG5V
 analog\[38\].pad/DVDD
 analog\[38\].pad/DVSS
 analog\[38\].pad/VDD
 analog\[38\].pad/VSS
 analog\[39\].pad/ASIG5V
 analog\[39\].pad/DVDD
 analog\[39\].pad/DVSS
 analog\[39\].pad/VDD
 analog\[39\].pad/VSS
 analog\[3\].pad/ASIG5V
 analog\[3\].pad/DVDD
 analog\[3\].pad/DVSS
 analog\[3\].pad/VDD
 analog\[3\].pad/VSS
 analog\[40\].pad/ASIG5V
 analog\[40\].pad/DVDD
 analog\[40\].pad/DVSS
 analog\[40\].pad/VDD
 analog\[40\].pad/VSS
 analog\[41\].pad/ASIG5V
 analog\[41\].pad/DVDD
 analog\[41\].pad/DVSS
 analog\[41\].pad/VDD
 analog\[41\].pad/VSS
 analog\[42\].pad/ASIG5V
 analog\[42\].pad/DVDD
 analog\[42\].pad/DVSS
 analog\[42\].pad/VDD
 analog\[42\].pad/VSS
 analog\[43\].pad/ASIG5V
 analog\[43\].pad/DVDD
 analog\[43\].pad/DVSS
 analog\[43\].pad/VDD
 analog\[43\].pad/VSS
 analog\[44\].pad/ASIG5V
 analog\[44\].pad/DVDD
 analog\[44\].pad/DVSS
 analog\[44\].pad/VDD
 analog\[44\].pad/VSS
 analog\[45\].pad/ASIG5V
 analog\[45\].pad/DVDD
 analog\[45\].pad/DVSS
 analog\[45\].pad/VDD
 analog\[45\].pad/VSS
 analog\[46\].pad/ASIG5V
 analog\[46\].pad/DVDD
 analog\[46\].pad/DVSS
 analog\[46\].pad/VDD
 analog\[46\].pad/VSS
 analog\[47\].pad/ASIG5V
 analog\[47\].pad/DVDD
 analog\[47\].pad/DVSS
 analog\[47\].pad/VDD
 analog\[47\].pad/VSS
 analog\[48\].pad/ASIG5V
 analog\[48\].pad/DVDD
 analog\[48\].pad/DVSS
 analog\[48\].pad/VDD
 analog\[48\].pad/VSS
 analog\[49\].pad/ASIG5V
 analog\[49\].pad/DVDD
 analog\[49\].pad/DVSS
 analog\[49\].pad/VDD
 analog\[49\].pad/VSS
 analog\[4\].pad/ASIG5V
 analog\[4\].pad/DVDD
 analog\[4\].pad/DVSS
 analog\[4\].pad/VDD
 analog\[4\].pad/VSS
 analog\[50\].pad/ASIG5V
 analog\[50\].pad/DVDD
 analog\[50\].pad/DVSS
 analog\[50\].pad/VDD
 analog\[50\].pad/VSS
 analog\[51\].pad/ASIG5V
 analog\[51\].pad/DVDD
 analog\[51\].pad/DVSS
 analog\[51\].pad/VDD
 analog\[51\].pad/VSS
 analog\[52\].pad/ASIG5V
 analog\[52\].pad/DVDD
 analog\[52\].pad/DVSS
 analog\[52\].pad/VDD
 analog\[52\].pad/VSS
 analog\[53\].pad/ASIG5V
 analog\[53\].pad/DVDD
 analog\[53\].pad/DVSS
 analog\[53\].pad/VDD
 analog\[53\].pad/VSS
 analog\[54\].pad/ASIG5V
 analog\[54\].pad/DVDD
 analog\[54\].pad/DVSS
 analog\[54\].pad/VDD
 analog\[54\].pad/VSS
 analog\[55\].pad/ASIG5V
 analog\[55\].pad/DVDD
 analog\[55\].pad/DVSS
 analog\[55\].pad/VDD
 analog\[55\].pad/VSS
 analog\[56\].pad/ASIG5V
 analog\[56\].pad/DVDD
 analog\[56\].pad/DVSS
 analog\[56\].pad/VDD
 analog\[56\].pad/VSS
 analog\[57\].pad/ASIG5V
 analog\[57\].pad/DVDD
 analog\[57\].pad/DVSS
 analog\[57\].pad/VDD
 analog\[57\].pad/VSS
 analog\[58\].pad/ASIG5V
 analog\[58\].pad/DVDD
 analog\[58\].pad/DVSS
 analog\[58\].pad/VDD
 analog\[58\].pad/VSS
 analog\[59\].pad/ASIG5V
 analog\[59\].pad/DVDD
 analog\[59\].pad/DVSS
 analog\[59\].pad/VDD
 analog\[59\].pad/VSS
 analog\[5\].pad/ASIG5V
 analog\[5\].pad/DVDD
 analog\[5\].pad/DVSS
 analog\[5\].pad/VDD
 analog\[5\].pad/VSS
 analog\[6\].pad/ASIG5V
 analog\[6\].pad/DVDD
 analog\[6\].pad/DVSS
 analog\[6\].pad/VDD
 analog\[6\].pad/VSS
 analog\[7\].pad/ASIG5V
 analog\[7\].pad/DVDD
 analog\[7\].pad/DVSS
 analog\[7\].pad/VDD
 analog\[7\].pad/VSS
 analog\[8\].pad/ASIG5V
 analog\[8\].pad/DVDD
 analog\[8\].pad/DVSS
 analog\[8\].pad/VDD
 analog\[8\].pad/VSS
 analog\[9\].pad/ASIG5V
 analog\[9\].pad/DVDD
 analog\[9\].pad/DVSS
 analog\[9\].pad/VDD
 analog\[9\].pad/VSS
 bidir\[0\].pad/DVDD
 bidir\[0\].pad/DVSS
 bidir\[0\].pad/PAD
 bidir\[0\].pad/VDD
 bidir\[0\].pad/VSS
 bidir\[10\].pad/DVDD
 bidir\[10\].pad/DVSS
 bidir\[10\].pad/PAD
 bidir\[10\].pad/VDD
 bidir\[10\].pad/VSS
 bidir\[10\].pad/Y
 bidir\[11\].pad/DVDD
 bidir\[11\].pad/DVSS
 bidir\[11\].pad/PAD
 bidir\[11\].pad/VDD
 bidir\[11\].pad/VSS
 bidir\[11\].pad/Y
 bidir\[12\].pad/DVDD
 bidir\[12\].pad/DVSS
 bidir\[12\].pad/PAD
 bidir\[12\].pad/VDD
 bidir\[12\].pad/VSS
 bidir\[12\].pad/Y
 bidir\[13\].pad/DVDD
 bidir\[13\].pad/DVSS
 bidir\[13\].pad/PAD
 bidir\[13\].pad/VDD
 bidir\[13\].pad/VSS
 bidir\[13\].pad/Y
 bidir\[14\].pad/DVDD
 bidir\[14\].pad/DVSS
 bidir\[14\].pad/PAD
 bidir\[14\].pad/VDD
 bidir\[14\].pad/VSS
 bidir\[14\].pad/Y
 bidir\[15\].pad/DVDD
 bidir\[15\].pad/DVSS
 bidir\[15\].pad/PAD
 bidir\[15\].pad/VDD
 bidir\[15\].pad/VSS
 bidir\[15\].pad/Y
 bidir\[16\].pad/DVDD
 bidir\[16\].pad/DVSS
 bidir\[16\].pad/PAD
 bidir\[16\].pad/VDD
 bidir\[16\].pad/VSS
 bidir\[16\].pad/Y
 bidir\[17\].pad/DVDD
 bidir\[17\].pad/DVSS
 bidir\[17\].pad/PAD
 bidir\[17\].pad/VDD
 bidir\[17\].pad/VSS
 bidir\[17\].pad/Y
 bidir\[18\].pad/DVDD
 bidir\[18\].pad/DVSS
 bidir\[18\].pad/PAD
 bidir\[18\].pad/VDD
 bidir\[18\].pad/VSS
 bidir\[18\].pad/Y
 bidir\[19\].pad/DVDD
 bidir\[19\].pad/DVSS
 bidir\[19\].pad/PAD
 bidir\[19\].pad/VDD
 bidir\[19\].pad/VSS
 bidir\[19\].pad/Y
 bidir\[1\].pad/DVDD
 bidir\[1\].pad/DVSS
 bidir\[1\].pad/PAD
 bidir\[1\].pad/VDD
 bidir\[1\].pad/VSS
 bidir\[2\].pad/DVDD
 bidir\[2\].pad/DVSS
 bidir\[2\].pad/PAD
 bidir\[2\].pad/VDD
 bidir\[2\].pad/VSS
 bidir\[3\].pad/DVDD
 bidir\[3\].pad/DVSS
 bidir\[3\].pad/PAD
 bidir\[3\].pad/VDD
 bidir\[3\].pad/VSS
 bidir\[3\].pad/Y
 bidir\[4\].pad/DVDD
 bidir\[4\].pad/DVSS
 bidir\[4\].pad/PAD
 bidir\[4\].pad/VDD
 bidir\[4\].pad/VSS
 bidir\[4\].pad/Y
 bidir\[5\].pad/DVDD
 bidir\[5\].pad/DVSS
 bidir\[5\].pad/PAD
 bidir\[5\].pad/VDD
 bidir\[5\].pad/VSS
 bidir\[5\].pad/Y
 bidir\[6\].pad/DVDD
 bidir\[6\].pad/DVSS
 bidir\[6\].pad/PAD
 bidir\[6\].pad/VDD
 bidir\[6\].pad/VSS
 bidir\[6\].pad/Y
 bidir\[7\].pad/DVDD
 bidir\[7\].pad/DVSS
 bidir\[7\].pad/PAD
 bidir\[7\].pad/VDD
 bidir\[7\].pad/VSS
 bidir\[7\].pad/Y
 bidir\[8\].pad/DVDD
 bidir\[8\].pad/DVSS
 bidir\[8\].pad/PAD
 bidir\[8\].pad/VDD
 bidir\[8\].pad/VSS
 bidir\[8\].pad/Y
 bidir\[9\].pad/DVDD
 bidir\[9\].pad/DVSS
 bidir\[9\].pad/PAD
 bidir\[9\].pad/VDD
 bidir\[9\].pad/VSS
 bidir\[9\].pad/Y
 clk_pad/DVDD
 clk_pad/DVSS
 clk_pad/VDD
 clk_pad/VSS
 clkload0/ZN
 clkload1/ZN
 clkload10/ZN
 clkload11/ZN
 clkload12/ZN
 clkload13/Z
 clkload14/ZN
 clkload15/ZN
 clkload16/ZN
 clkload17/ZN
 clkload18/ZN
 clkload19/ZN
 clkload2/ZN
 clkload20/ZN
 clkload21/ZN
 clkload22/ZN
 clkload23/ZN
 clkload24/ZN
 clkload25/ZN
 clkload26/ZN
 clkload27/ZN
 clkload28/Z
 clkload29/ZN
 clkload3/ZN
 clkload30/ZN
 clkload31/Z
 clkload32/Z
 clkload33/ZN
 clkload34/ZN
 clkload35/ZN
 clkload36/Z
 clkload37/ZN
 clkload38/ZN
 clkload39/ZN
 clkload4/ZN
 clkload40/ZN
 clkload41/Z
 clkload42/ZN
 clkload43/ZN
 clkload44/ZN
 clkload45/ZN
 clkload46/ZN
 clkload47/ZN
 clkload48/ZN
 clkload49/ZN
 clkload5/ZN
 clkload50/ZN
 clkload51/ZN
 clkload52/Z
 clkload53/ZN
 clkload6/ZN
 clkload7/ZN
 clkload8/ZN
 clkload9/ZN
 dvdd_pads\[0\].pad/DVDD
 dvdd_pads\[0\].pad/DVSS
 dvdd_pads\[0\].pad/VSS
 dvdd_pads\[1\].pad/DVDD
 dvdd_pads\[1\].pad/DVSS
 dvdd_pads\[1\].pad/VSS
 dvdd_pads\[2\].pad/DVDD
 dvdd_pads\[2\].pad/DVSS
 dvdd_pads\[2\].pad/VSS
 dvdd_pads\[3\].pad/DVDD
 dvdd_pads\[3\].pad/DVSS
 dvdd_pads\[3\].pad/VSS
 dvss_pads\[0\].pad/DVDD
 dvss_pads\[0\].pad/DVSS
 dvss_pads\[0\].pad/VDD
 dvss_pads\[1\].pad/DVDD
 dvss_pads\[1\].pad/DVSS
 dvss_pads\[1\].pad/VDD
 dvss_pads\[2\].pad/DVDD
 dvss_pads\[2\].pad/DVSS
 dvss_pads\[2\].pad/VDD
 dvss_pads\[3\].pad/DVDD
 dvss_pads\[3\].pad/DVSS
 dvss_pads\[3\].pad/VDD
 inputs\[0\].pad/DVDD
 inputs\[0\].pad/DVSS
 inputs\[0\].pad/VDD
 inputs\[0\].pad/VSS
 rst_n_pad/DVDD
 rst_n_pad/DVSS
 rst_n_pad/VDD
 rst_n_pad/VSS
Found 0 partially unannotated drivers.

===========================================================================
max slew violation count 0
max fanout violation count 3
max cap violation count 50
============================================================================

===========================================================================
check_setup -verbose -unconstrained_endpoints -multiple_clock -no_clock -no_input_delay -loops -generated_clocks
===========================================================================
Warning: There are 62 input ports missing set_input_delay.
  analog_PAD[0]
  analog_PAD[10]
  analog_PAD[11]
  analog_PAD[12]
  analog_PAD[13]
  analog_PAD[14]
  analog_PAD[15]
  analog_PAD[16]
  analog_PAD[17]
  analog_PAD[18]
  analog_PAD[19]
  analog_PAD[1]
  analog_PAD[20]
  analog_PAD[21]
  analog_PAD[22]
  analog_PAD[23]
  analog_PAD[24]
  analog_PAD[25]
  analog_PAD[26]
  analog_PAD[27]
  analog_PAD[28]
  analog_PAD[29]
  analog_PAD[2]
  analog_PAD[30]
  analog_PAD[31]
  analog_PAD[32]
  analog_PAD[33]
  analog_PAD[34]
  analog_PAD[35]
  analog_PAD[36]
  analog_PAD[37]
  analog_PAD[38]
  analog_PAD[39]
  analog_PAD[3]
  analog_PAD[40]
  analog_PAD[41]
  analog_PAD[42]
  analog_PAD[43]
  analog_PAD[44]
  analog_PAD[45]
  analog_PAD[46]
  analog_PAD[47]
  analog_PAD[48]
  analog_PAD[49]
  analog_PAD[4]
  analog_PAD[50]
  analog_PAD[51]
  analog_PAD[52]
  analog_PAD[53]
  analog_PAD[54]
  analog_PAD[55]
  analog_PAD[56]
  analog_PAD[57]
  analog_PAD[58]
  analog_PAD[59]
  analog_PAD[5]
  analog_PAD[6]
  analog_PAD[7]
  analog_PAD[8]
  analog_PAD[9]
  clk_PAD
  input_PAD
Warning: There are 66 unconstrained endpoints.
  analog_PAD[0]
  analog_PAD[10]
  analog_PAD[11]
  analog_PAD[12]
  analog_PAD[13]
  analog_PAD[14]
  analog_PAD[15]
  analog_PAD[16]
  analog_PAD[17]
  analog_PAD[18]
  analog_PAD[19]
  analog_PAD[1]
  analog_PAD[20]
  analog_PAD[21]
  analog_PAD[22]
  analog_PAD[23]
  analog_PAD[24]
  analog_PAD[25]
  analog_PAD[26]
  analog_PAD[27]
  analog_PAD[28]
  analog_PAD[29]
  analog_PAD[2]
  analog_PAD[30]
  analog_PAD[31]
  analog_PAD[32]
  analog_PAD[33]
  analog_PAD[34]
  analog_PAD[35]
  analog_PAD[36]
  analog_PAD[37]
  analog_PAD[38]
  analog_PAD[39]
  analog_PAD[3]
  analog_PAD[40]
  analog_PAD[41]
  analog_PAD[42]
  analog_PAD[43]
  analog_PAD[44]
  analog_PAD[45]
  analog_PAD[46]
  analog_PAD[47]
  analog_PAD[48]
  analog_PAD[49]
  analog_PAD[4]
  analog_PAD[50]
  analog_PAD[51]
  analog_PAD[52]
  analog_PAD[53]
  analog_PAD[54]
  analog_PAD[55]
  analog_PAD[56]
  analog_PAD[57]
  analog_PAD[58]
  analog_PAD[59]
  analog_PAD[5]
  analog_PAD[6]
  analog_PAD[7]
  analog_PAD[8]
  analog_PAD[9]
  bidir_PAD[0]
  bidir_PAD[1]
  bidir_PAD[2]
  clk_PAD
  input_PAD
  rst_n_PAD
