
===========================================================================
 report_power
============================================================================
======================= max_ss_125C_3v00 Corner ===================================

Group                    Internal    Switching      Leakage        Total
                            Power        Power        Power        Power (Watts)
------------------------------------------------------------------------
Sequential           5.576421e-04 4.650317e-06 3.956443e-07 5.626881e-04  97.6%
Combinational        7.559000e-06 4.025277e-06 2.221456e-06 1.380573e-05   2.4%
Clock                0.000000e+00 0.000000e+00 0.000000e+00 0.000000e+00   0.0%
Macro                0.000000e+00 0.000000e+00 0.000000e+00 0.000000e+00   0.0%
Pad                  0.000000e+00 0.000000e+00 0.000000e+00 0.000000e+00   0.0%
------------------------------------------------------------------------
Total                5.652011e-04 8.675597e-06 2.617099e-06 5.764938e-04 100.0%
                            98.0%         1.5%         0.5%

