
===========================================================================
 report_power
============================================================================
======================= nom_tt_025C_5v00 Corner ===================================

Group                    Internal    Switching      Leakage        Total
                            Power        Power        Power        Power (Watts)
------------------------------------------------------------------------
Sequential           9.072227e-03 1.507834e-05 2.471102e-07 9.087552e-03  99.6%
Combinational        3.215350e-05 7.493189e-06 5.928176e-07 4.023950e-05   0.4%
Clock                0.000000e+00 0.000000e+00 1.337495e-07 1.337495e-07   0.0%
Macro                0.000000e+00 0.000000e+00 0.000000e+00 0.000000e+00   0.0%
Pad                  0.000000e+00 0.000000e+00 0.000000e+00 0.000000e+00   0.0%
------------------------------------------------------------------------
Total                9.104380e-03 2.257153e-05 9.737386e-07 9.127926e-03 100.0%
                            99.7%         0.2%         0.0%
Writing metric power__internal__total: 0.009104380384087563
Writing metric power__switching__total: 2.2571532099391334e-5
Writing metric power__leakage__total: 9.737385653352248e-7
Writing metric power__total: 0.009127926081418991

