Clock: clk
Sources: clk 
Generated: no
Virtual: yes
Propagated: no
Period: 200.000000

===========================================================================
report_clock_properties
============================================================================
Clock                   Period          Waveform
----------------------------------------------------
clk                 200.000000    0.000000100.000000

===========================================================================
report_clock_latency
============================================================================
Clock clk
rise -> rise
    min     max
0.000000 0.000000 source latency
3.840184         network latency _1592_/CLK
        3.840249 network latency _1468_/CLK
---------------
3.840184 3.840249 latency
        0.000064 skew

fall -> fall
    min     max
0.000000 0.000000 source latency
2.109964         network latency _1552_/CLK
        2.110028 network latency _1468_/CLK
---------------
2.109964 2.110028 latency
        0.000064 skew



===========================================================================
report_clock_min_period
============================================================================
clk period_min = 13.48 fmax = 74.17
