Reading timing models for corner nom_tt_025C_3v30…
Reading timing library for the 'nom_tt_025C_3v30' corner at '/foss/pdks/gf180mcuD/libs.ref/gf180mcu_fd_sc_mcu7t5v0/lib/gf180mcu_fd_sc_mcu7t5v0__tt_025C_3v30.lib'…
Reading OpenROAD database at '/workspace/librelane/runs/RUN_2026-09-02_02-09-59/28-odb-applydeftemplate/B18_Probton.odb'…
Reading design constraints file at '/usr/local/lib/python3.12/dist-packages/librelane/scripts/base.sdc'…
[INFO] Using clock clk…
[INFO] Setting output delay to: 40
[INFO] Setting input delay to: 40
[INFO] Setting load to: 0.07291
[INFO] Setting clock uncertainty to: 0.25
[INFO] Setting clock transition to: 0.15
[INFO] Setting timing derate to: 5%
+ global_placement -density 0.55 -pad_right 1 -pad_left 1 -init_wirelength_coef 0.25
[INFO GPL-0001] ---- Initialize GPL Main Data Structures
[INFO GPL-0002] DBU: 2000
[INFO GPL-0003] SiteSize: (  0.560  3.920 ) um
[INFO GPL-0004] CoreBBox: ( 60.480 62.720 ) ( 1050.000 1046.640 ) um
[INFO GPL-0036] Movable instances area:     183213.587 um^2
[INFO GPL-0037] Total instances area:       210991.648 um^2
[INFO GPL-0035] Pin density area adjust:     28738.576 um^2
[INFO GPL-0032] ---- Initialize Region: Top-level
[INFO GPL-0006] Number of instances:             13083
[INFO GPL-0007] Movable instances:                6756
[INFO GPL-0008] Fixed instances:                  6327
[INFO GPL-0009] Dummy instances:                     0
[INFO GPL-0010] Number of nets:                   6773
[INFO GPL-0011] Number of pins:                  25967
[INFO GPL-0012] Die BBox:  (  0.000  0.000 ) ( 1110.000 1110.000 ) um
[INFO GPL-0013] Core BBox: ( 60.480 62.720 ) ( 1050.000 1046.640 ) um
[INFO GPL-0016] Core area:                  973608.518 um^2
[INFO GPL-0014] Region name: top-level.
[INFO GPL-0015] Region area:                973608.518 um^2
[INFO GPL-0017] Fixed instances area:        27778.061 um^2
[INFO GPL-0018] Movable instances area:     211952.163 um^2
[INFO GPL-0019] Utilization:                    22.409 %
[INFO GPL-0020] Standard cells area:        211952.163 um^2
[INFO GPL-0021] Large instances area:            0.000 um^2
[INFO GPL-0005] ---- Execute Conjugate Gradient Initial Placement.
[INFO GPL-0051] Source of initial instance position counters:
	Odb location = 0	Core center = 6756	Region center = 0
[InitialPlace]  Iter: 1 conjugate gradient residual: 0.00634762 HPWL: 393907790
[InitialPlace]  Iter: 2 conjugate gradient residual: 0.00012714 HPWL: 214099916
[InitialPlace]  Iter: 3 conjugate gradient residual: 0.00009399 HPWL: 211366447
[InitialPlace]  Iter: 4 conjugate gradient residual: 0.00006305 HPWL: 211049266
[InitialPlace]  Iter: 5 conjugate gradient residual: 0.00007935 HPWL: 210827726
[InitialPlace]  Iter: 6 conjugate gradient residual: 0.00005501 HPWL: 210641663
[InitialPlace]  Iter: 7 conjugate gradient residual: 0.00004914 HPWL: 210245500
[InitialPlace]  Iter: 8 conjugate gradient residual: 0.00005920 HPWL: 210157628
[InitialPlace]  Iter: 9 conjugate gradient residual: 0.00005559 HPWL: 209586219
[InitialPlace]  Iter: 10 conjugate gradient residual: 0.00005580 HPWL: 209717220
[InitialPlace]  Iter: 11 conjugate gradient residual: 0.00004895 HPWL: 209118320
[InitialPlace]  Iter: 12 conjugate gradient residual: 0.00010381 HPWL: 209087569
[InitialPlace]  Iter: 13 conjugate gradient residual: 0.00003556 HPWL: 208509405
[InitialPlace]  Iter: 14 conjugate gradient residual: 0.00005662 HPWL: 208451651
[InitialPlace]  Iter: 15 conjugate gradient residual: 0.00003495 HPWL: 206943894
[InitialPlace]  Iter: 16 conjugate gradient residual: 0.00004921 HPWL: 206936326
[InitialPlace]  Iter: 17 conjugate gradient residual: 0.00005456 HPWL: 206940504
[InitialPlace]  Iter: 18 conjugate gradient residual: 0.00003378 HPWL: 206758232
[InitialPlace]  Iter: 19 conjugate gradient residual: 0.00004922 HPWL: 206352593
[InitialPlace]  Iter: 20 conjugate gradient residual: 0.00004388 HPWL: 206237327
[INFO GPL-0033] ---- Initialize Nesterov Region: Top-level
[INFO GPL-0023] Placement target density:       0.5500
[INFO GPL-0024] Movable insts average area:     31.372 um^2
[INFO GPL-0025] Ideal bin area:                 57.041 um^2
[INFO GPL-0026] Ideal bin count:                 17068
[INFO GPL-0027] Total bin area:             973608.518 um^2
[INFO GPL-0028] Bin count (X, Y):         128 ,    128
[INFO GPL-0029] Bin size (W * H):       7.731 *  7.687 um
[INFO GPL-0030] Number of bins:                  16384
[INFO GPL-0007] ---- Execute Nesterov Global Placement.
[INFO GPL-0031] HPWL: Half-Perimeter Wirelength
Iteration | Overflow |     HPWL (um) |  HPWL(%) |   Penalty | Group
---------------------------------------------------------------
        0 |   0.9872 |  3.809800e+04 |   +0.00% |  3.87e-17 |      
       10 |   0.9716 |  4.682272e+04 |  +22.90% |  6.28e-17 |      
       20 |   0.9673 |  4.951881e+04 |   +5.76% |  1.02e-16 |      
       30 |   0.9655 |  5.148522e+04 |   +3.97% |  1.66e-16 |      
       40 |   0.9656 |  5.199145e+04 |   +0.98% |  2.71e-16 |      
       50 |   0.9655 |  5.204982e+04 |   +0.11% |  4.42e-16 |      
       60 |   0.9655 |  5.199557e+04 |   -0.10% |  7.19e-16 |      
       70 |   0.9661 |  5.183781e+04 |   -0.30% |  1.17e-15 |      
       80 |   0.9658 |  5.164237e+04 |   -0.38% |  1.91e-15 |      
       90 |   0.9659 |  5.152252e+04 |   -0.23% |  3.11e-15 |      
      100 |   0.9659 |  5.154388e+04 |   +0.04% |  5.06e-15 |      
      110 |   0.9658 |  5.170330e+04 |   +0.31% |  8.25e-15 |      
      120 |   0.9658 |  5.206114e+04 |   +0.69% |  1.34e-14 |      
      130 |   0.9651 |  5.280464e+04 |   +1.43% |  2.19e-14 |      
      140 |   0.9648 |  5.426839e+04 |   +2.77% |  3.56e-14 |      
      150 |   0.9634 |  5.687508e+04 |   +4.80% |  5.80e-14 |      
      160 |   0.9614 |  6.098542e+04 |   +7.23% |  9.44e-14 |      
      170 |   0.9581 |  6.695425e+04 |   +9.79% |  1.54e-13 |      
      180 |   0.9537 |  7.486419e+04 |  +11.81% |  2.50e-13 |      
      190 |   0.9471 |  8.516064e+04 |  +13.75% |  4.06e-13 |      
      200 |   0.9375 |  9.885422e+04 |  +16.08% |  6.59e-13 |      
      210 |   0.9240 |  1.157655e+05 |  +17.11% |  1.07e-12 |      
      220 |   0.9069 |  1.338535e+05 |  +15.62% |  1.74e-12 |      
      230 |   0.8860 |  1.500793e+05 |  +12.12% |  2.82e-12 |      
      240 |   0.8577 |  1.687913e+05 |  +12.47% |  4.57e-12 |      
      250 |   0.8254 |  1.932895e+05 |  +14.51% |  7.41e-12 |      
      260 |   0.7899 |  2.102347e+05 |   +8.77% |  1.20e-11 |      
      270 |   0.7496 |  2.359771e+05 |  +12.24% |  1.95e-11 |      
      280 |   0.7093 |  2.505219e+05 |   +6.16% |  3.16e-11 |      
      290 |   0.6622 |  2.722142e+05 |   +8.66% |  5.13e-11 |      
      300 |   0.6113 |  2.842345e+05 |   +4.42% |  8.33e-11 |      
      310 |   0.5582 |  2.962310e+05 |   +4.22% |  1.35e-10 |      
      320 |   0.5022 |  3.144567e+05 |   +6.15% |  2.19e-10 |      
      330 |   0.4633 |  3.301632e+05 |   +4.99% |  3.56e-10 |      
      340 |   0.4257 |  3.377423e+05 |   +2.30% |  5.79e-10 |      
      350 |   0.3905 |  3.437874e+05 |   +1.79% |  9.42e-10 |      
      360 |   0.3554 |  3.476680e+05 |   +1.13% |  1.53e-09 |      
      370 |   0.3315 |  3.494595e+05 |   +0.52% |  2.37e-09 |      
      380 |   0.3024 |  3.514075e+05 |   +0.56% |  3.50e-09 |      
      390 |   0.2733 |  3.527844e+05 |   +0.39% |  5.15e-09 |      
      400 |   0.2479 |  3.543477e+05 |   +0.44% |  7.58e-09 |      
      410 |   0.2236 |  3.561185e+05 |   +0.50% |  1.12e-08 |      
      420 |   0.1999 |  3.577390e+05 |   +0.46% |  1.64e-08 |      
      430 |   0.1763 |  3.591789e+05 |   +0.40% |  2.42e-08 |      
      440 |   0.1547 |  3.603894e+05 |   +0.34% |  3.57e-08 |      
      450 |   0.1344 |  3.611930e+05 |   +0.22% |  5.25e-08 |      
      460 |   0.1159 |  3.617641e+05 |   +0.16% |  7.74e-08 |      
      470 |   0.0990 |  3.629093e+05 |   +0.32% |  1.14e-07 |      
      470 |   0.0990 |  3.629093e+05 |          |  1.18e-07 |      
---------------------------------------------------------------
[INFO GPL-1001] Global placement finished at iteration 470
[INFO GPL-1002] Placed Cell Area            211952.1634
[INFO GPL-1003] Available Free Area         945830.4576
[INFO GPL-1004] Minimum Feasible Density        0.2300 (cell_area / free_area)
[INFO GPL-1006]   Suggested Target Densities:
[INFO GPL-1007]     - For 90% usage of free space: 0.2490
[INFO GPL-1008]     - For 80% usage of free space: 0.2801
[INFO GPL-1009]     - For 50% usage of free space: 0.4482
[INFO GPL-1014] Final placement area: 211952.16 (+0.00%)
Setting global connections for newly added cells…
[INFO] Setting global connections...
[INFO ODB-0403] 0 connections made, 0 conflicts skipped.
Updating metrics…
Cell type report:                       Count       Area
  Endcap cell                             502    2203.98
  Tap cell                               6327   27778.06
  Tie cell                                 93     816.61
  Inverter                                427    3749.40
  Sequential cell                         566   42279.55
  Multi-Input combinational cell         5670  106706.48
  Total                                 13585  183534.09
Writing OpenROAD database to '/workspace/librelane/runs/RUN_2026-09-02_02-09-59/29-openroad-globalplacement/B18_Probton.odb'…
Writing netlist to '/workspace/librelane/runs/RUN_2026-09-02_02-09-59/29-openroad-globalplacement/B18_Probton.nl.v'…
Writing powered netlist to '/workspace/librelane/runs/RUN_2026-09-02_02-09-59/29-openroad-globalplacement/B18_Probton.pnl.v'…
Writing layout to '/workspace/librelane/runs/RUN_2026-09-02_02-09-59/29-openroad-globalplacement/B18_Probton.def'…
Writing timing constraints to '/workspace/librelane/runs/RUN_2026-09-02_02-09-59/29-openroad-globalplacement/B18_Probton.sdc'…
