
===========================================================================
report_checks -unconstrained
===========================================================================
======================= max_ss_125C_3v00 Corner ===================================

Startpoint: rst_n (input port clocked by clk)
Endpoint: _216_ (recovery check against rising-edge clock clk)
Path Group: asynchronous
Path Type: max

Fanout         Cap        Slew       Delay        Time   Description
---------------------------------------------------------------------------------------------
                      0.150000    0.000000    0.000000   clock clk (rise edge)
                                  0.000000    0.000000   clock network delay (ideal)
                                 40.000000   40.000000 ^ input external delay
    41    0.296553   13.099137    7.338564   47.338566 ^ rst_n (in)
                                                         rst_n (net)
                     13.099137    0.000000   47.338566 ^ _216_/RN (gf180mcu_fd_sc_mcu7t5v0__dffrnq_1)
                                             47.338566   data arrival time

                      0.150000  200.000000  200.000000   clock clk (rise edge)
                                  0.000000  200.000000   clock network delay (ideal)
                                 -0.250000  199.750000   clock uncertainty
                                  0.000000  199.750000   clock reconvergence pessimism
                                            199.750000 ^ _216_/CLK (gf180mcu_fd_sc_mcu7t5v0__dffrnq_1)
                                 -4.222703  195.527298   library recovery time
                                            195.527298   data required time
---------------------------------------------------------------------------------------------
                                            195.527298   data required time
                                            -47.338566   data arrival time
---------------------------------------------------------------------------------------------
                                            148.188736   slack (MET)


Startpoint: soft_rst_n (input port clocked by clk)
Endpoint: _242_ (rising edge-triggered flip-flop clocked by clk)
Path Group: clk
Path Type: max

Fanout         Cap        Slew       Delay        Time   Description
---------------------------------------------------------------------------------------------
                      0.150000    0.000000    0.000000   clock clk (rise edge)
                                  0.000000    0.000000   clock network delay (ideal)
                                 40.000000   40.000000 ^ input external delay
    23    0.078638    3.575038    1.948919   41.948921 ^ soft_rst_n (in)
                                                         soft_rst_n (net)
                      3.575038    0.000000   41.948921 ^ _108_/I (gf180mcu_fd_sc_mcu7t5v0__clkinv_1)
     4    0.018104    1.420576    1.100101   43.049023 v _108_/ZN (gf180mcu_fd_sc_mcu7t5v0__clkinv_1)
                                                         _101_ (net)
                      1.420576    0.000000   43.049023 v _142_/A1 (gf180mcu_fd_sc_mcu7t5v0__nor2_1)
    11    0.049322    4.614180    3.089962   46.138985 ^ _142_/ZN (gf180mcu_fd_sc_mcu7t5v0__nor2_1)
                                                         _054_ (net)
                      4.614180    0.000000   46.138985 ^ _180_/A2 (gf180mcu_fd_sc_mcu7t5v0__nand2_1)
     3    0.013863    1.263096    0.747985   46.886967 v _180_/ZN (gf180mcu_fd_sc_mcu7t5v0__nand2_1)
                                                         _080_ (net)
                      1.263096    0.000000   46.886967 v _191_/A2 (gf180mcu_fd_sc_mcu7t5v0__oai31_1)
     1    0.002938    1.468932    1.292840   48.179810 ^ _191_/ZN (gf180mcu_fd_sc_mcu7t5v0__oai31_1)
                                                         _029_ (net)
                      1.468932    0.000000   48.179810 ^ _242_/D (gf180mcu_fd_sc_mcu7t5v0__dffrnq_1)
                                             48.179810   data arrival time

                      0.150000  200.000000  200.000000   clock clk (rise edge)
                                  0.000000  200.000000   clock network delay (ideal)
                                 -0.250000  199.750000   clock uncertainty
                                  0.000000  199.750000   clock reconvergence pessimism
                                            199.750000 ^ _242_/CLK (gf180mcu_fd_sc_mcu7t5v0__dffrnq_1)
                                 -1.224929  198.525070   library setup time
                                            198.525070   data required time
---------------------------------------------------------------------------------------------
                                            198.525070   data required time
                                            -48.179810   data arrival time
---------------------------------------------------------------------------------------------
                                            150.345245   slack (MET)




===========================================================================
report_checks --slack_max -0.01
============================================================================
======================= max_ss_125C_3v00 Corner ===================================

No paths found.


===========================================================================
 report_check_types -max_slew -max_cap -max_fanout -violators
============================================================================
======================= max_ss_125C_3v00 Corner ===================================

max slew

Pin                                        Limit        Slew       Slack
------------------------------------------------------------------------
rst_n                                   3.000000   13.099137  -10.099138 (VIOLATED)
_216_/RN                                3.000000   13.099137  -10.099138 (VIOLATED)
_217_/RN                                3.000000   13.099137  -10.099138 (VIOLATED)
_218_/RN                                3.000000   13.099137  -10.099138 (VIOLATED)
_219_/RN                                3.000000   13.099137  -10.099138 (VIOLATED)
_220_/RN                                3.000000   13.099137  -10.099138 (VIOLATED)
_221_/RN                                3.000000   13.099137  -10.099138 (VIOLATED)
_222_/RN                                3.000000   13.099137  -10.099138 (VIOLATED)
_223_/RN                                3.000000   13.099137  -10.099138 (VIOLATED)
_224_/RN                                3.000000   13.099137  -10.099138 (VIOLATED)
_225_/RN                                3.000000   13.099137  -10.099138 (VIOLATED)
_226_/RN                                3.000000   13.099137  -10.099138 (VIOLATED)
_227_/RN                                3.000000   13.099137  -10.099138 (VIOLATED)
_228_/RN                                3.000000   13.099137  -10.099138 (VIOLATED)
_229_/RN                                3.000000   13.099137  -10.099138 (VIOLATED)
_230_/RN                                3.000000   13.099137  -10.099138 (VIOLATED)
_231_/RN                                3.000000   13.099137  -10.099138 (VIOLATED)
_232_/RN                                3.000000   13.099137  -10.099138 (VIOLATED)
_233_/RN                                3.000000   13.099137  -10.099138 (VIOLATED)
_234_/RN                                3.000000   13.099137  -10.099138 (VIOLATED)
_235_/RN                                3.000000   13.099137  -10.099138 (VIOLATED)
_236_/RN                                3.000000   13.099137  -10.099138 (VIOLATED)
_237_/RN                                3.000000   13.099137  -10.099138 (VIOLATED)
_238_/RN                                3.000000   13.099137  -10.099138 (VIOLATED)
_239_/RN                                3.000000   13.099137  -10.099138 (VIOLATED)
_240_/RN                                3.000000   13.099137  -10.099138 (VIOLATED)
_241_/RN                                3.000000   13.099137  -10.099138 (VIOLATED)
_242_/RN                                3.000000   13.099137  -10.099138 (VIOLATED)
_243_/RN                                3.000000   13.099137  -10.099138 (VIOLATED)
_244_/RN                                3.000000   13.099137  -10.099138 (VIOLATED)
_245_/RN                                3.000000   13.099137  -10.099138 (VIOLATED)
_246_/RN                                3.000000   13.099137  -10.099138 (VIOLATED)
_247_/RN                                3.000000   13.099137  -10.099138 (VIOLATED)
_248_/RN                                3.000000   13.099137  -10.099138 (VIOLATED)
_249_/RN                                3.000000   13.099137  -10.099138 (VIOLATED)
_250_/RN                                3.000000   13.099137  -10.099138 (VIOLATED)
_251_/RN                                3.000000   13.099137  -10.099138 (VIOLATED)
_252_/RN                                3.000000   13.099137  -10.099138 (VIOLATED)
_253_/RN                                3.000000   13.099137  -10.099138 (VIOLATED)
_254_/RN                                3.000000   13.099137  -10.099138 (VIOLATED)
_255_/RN                                3.000000   13.099137  -10.099138 (VIOLATED)
_256_/RN                                3.000000   13.099137  -10.099138 (VIOLATED)
_142_/ZN                                3.000000    4.614180   -1.614180 (VIOLATED)
_144_/A2                                3.000000    4.614180   -1.614180 (VIOLATED)
_147_/A2                                3.000000    4.614180   -1.614180 (VIOLATED)
_180_/A2                                3.000000    4.614180   -1.614180 (VIOLATED)
_186_/A1                                3.000000    4.614180   -1.614180 (VIOLATED)
_197_/A2                                3.000000    4.614180   -1.614180 (VIOLATED)
_204_/A2                                3.000000    4.614180   -1.614180 (VIOLATED)
_206_/A2                                3.000000    4.614180   -1.614180 (VIOLATED)
_208_/A2                                3.000000    4.614180   -1.614180 (VIOLATED)
_210_/A2                                3.000000    4.614180   -1.614180 (VIOLATED)
_212_/A2                                3.000000    4.614180   -1.614180 (VIOLATED)
_214_/A2                                3.000000    4.614180   -1.614180 (VIOLATED)
_161_/ZN                                3.000000    4.354743   -1.354743 (VIOLATED)
_165_/A2                                3.000000    4.354743   -1.354743 (VIOLATED)
_166_/A2                                3.000000    4.354743   -1.354743 (VIOLATED)
_167_/A2                                3.000000    4.354743   -1.354743 (VIOLATED)
_138_/ZN                                3.000000    4.354307   -1.354307 (VIOLATED)
_139_/A2                                3.000000    4.354307   -1.354307 (VIOLATED)
_140_/A2                                3.000000    4.354307   -1.354307 (VIOLATED)
_141_/A2                                3.000000    4.354307   -1.354307 (VIOLATED)
soft_rst_n                              3.000000    3.575038   -0.575038 (VIOLATED)
_108_/I                                 3.000000    3.575038   -0.575038 (VIOLATED)
_115_/A2                                3.000000    3.575038   -0.575038 (VIOLATED)
_116_/A1                                3.000000    3.575038   -0.575038 (VIOLATED)
_117_/A1                                3.000000    3.575038   -0.575038 (VIOLATED)
_118_/A1                                3.000000    3.575038   -0.575038 (VIOLATED)
_119_/A1                                3.000000    3.575038   -0.575038 (VIOLATED)
_120_/A1                                3.000000    3.575038   -0.575038 (VIOLATED)
_121_/A1                                3.000000    3.575038   -0.575038 (VIOLATED)
_122_/A1                                3.000000    3.575038   -0.575038 (VIOLATED)
_123_/A1                                3.000000    3.575038   -0.575038 (VIOLATED)
_124_/A1                                3.000000    3.575038   -0.575038 (VIOLATED)
_125_/A1                                3.000000    3.575038   -0.575038 (VIOLATED)
_126_/A1                                3.000000    3.575038   -0.575038 (VIOLATED)
_127_/A1                                3.000000    3.575038   -0.575038 (VIOLATED)
_128_/A1                                3.000000    3.575038   -0.575038 (VIOLATED)
_134_/A1                                3.000000    3.575038   -0.575038 (VIOLATED)
_143_/A1                                3.000000    3.575038   -0.575038 (VIOLATED)
_149_/A2                                3.000000    3.575038   -0.575038 (VIOLATED)
_150_/A1                                3.000000    3.575038   -0.575038 (VIOLATED)
_152_/A1                                3.000000    3.575038   -0.575038 (VIOLATED)
_179_/A1                                3.000000    3.575038   -0.575038 (VIOLATED)
_188_/A1                                3.000000    3.575038   -0.575038 (VIOLATED)
_201_/A1                                3.000000    3.575038   -0.575038 (VIOLATED)
move_en                                 3.000000    3.563733   -0.563733 (VIOLATED)
votes_in_phase[0]                       3.000000    3.563733   -0.563733 (VIOLATED)
votes_in_phase[1]                       3.000000    3.563733   -0.563733 (VIOLATED)
votes_in_phase[2]                       3.000000    3.563733   -0.563733 (VIOLATED)
votes_in_phase[3]                       3.000000    3.563733   -0.563733 (VIOLATED)
votes_out_phase[0]                      3.000000    3.563733   -0.563733 (VIOLATED)
votes_out_phase[1]                      3.000000    3.563733   -0.563733 (VIOLATED)
votes_out_phase[2]                      3.000000    3.563733   -0.563733 (VIOLATED)
votes_out_phase[3]                      3.000000    3.563733   -0.563733 (VIOLATED)
_144_/A1                                3.000000    3.563733   -0.563733 (VIOLATED)
_147_/A1                                3.000000    3.563733   -0.563733 (VIOLATED)
_197_/A1                                3.000000    3.563733   -0.563733 (VIOLATED)
_204_/A1                                3.000000    3.563733   -0.563733 (VIOLATED)
_206_/A1                                3.000000    3.563733   -0.563733 (VIOLATED)
_208_/A1                                3.000000    3.563733   -0.563733 (VIOLATED)
_210_/A1                                3.000000    3.563733   -0.563733 (VIOLATED)
_212_/A1                                3.000000    3.563733   -0.563733 (VIOLATED)
_214_/A1                                3.000000    3.563733   -0.563733 (VIOLATED)
_217_/Q                                 3.000000    3.563733   -0.563733 (VIOLATED)
_221_/Q                                 3.000000    3.563733   -0.563733 (VIOLATED)
_222_/Q                                 3.000000    3.563733   -0.563733 (VIOLATED)
_223_/Q                                 3.000000    3.563733   -0.563733 (VIOLATED)
_224_/Q                                 3.000000    3.563733   -0.563733 (VIOLATED)
_225_/Q                                 3.000000    3.563733   -0.563733 (VIOLATED)
_226_/Q                                 3.000000    3.563733   -0.563733 (VIOLATED)
_227_/Q                                 3.000000    3.563733   -0.563733 (VIOLATED)
_228_/Q                                 3.000000    3.563733   -0.563733 (VIOLATED)
jitter_flag                             3.000000    3.549154   -0.549154 (VIOLATED)
_199_/A1                                3.000000    3.549154   -0.549154 (VIOLATED)
_218_/Q                                 3.000000    3.549154   -0.549154 (VIOLATED)
dir                                     3.000000    3.537535   -0.537535 (VIOLATED)
phase_state[1]                          3.000000    3.537535   -0.537535 (VIOLATED)
_113_/I                                 3.000000    3.537535   -0.537535 (VIOLATED)
_114_/I                                 3.000000    3.537535   -0.537535 (VIOLATED)
_216_/Q                                 3.000000    3.537535   -0.537535 (VIOLATED)
_220_/Q                                 3.000000    3.537535   -0.537535 (VIOLATED)
phase_state[0]                          3.000000    3.534227   -0.534228 (VIOLATED)
_201_/A2                                3.000000    3.534227   -0.534228 (VIOLATED)
_219_/Q                                 3.000000    3.534227   -0.534228 (VIOLATED)
latch_phase270_ack                      3.000000    3.355631   -0.355631 (VIOLATED)
latch_phase90_ack                       3.000000    3.355631   -0.355631 (VIOLATED)
_243_/Q                                 3.000000    3.355631   -0.355631 (VIOLATED)
_244_/Q                                 3.000000    3.355631   -0.355631 (VIOLATED)

max fanout

Pin                                   Limit Fanout  Slack
---------------------------------------------------------
rst_n                                    10     41    -31 (VIOLATED)
soft_rst_n                               10     23    -13 (VIOLATED)
_142_/ZN                                 10     11        (VIOLATED)

max capacitance

Pin                                        Limit         Cap       Slack
------------------------------------------------------------------------
rst_n                                   0.200000    0.296553   -0.096553 (VIOLATED)



===========================================================================
report_parasitic_annotation -report_unannotated
============================================================================
Found 155 unannotated drivers.
 clk
 comp_raw
 latch_phase270
 latch_phase90
 rst_n
 soft_rst_n
 _108_/ZN
 _109_/ZN
 _110_/ZN
 _111_/ZN
 _112_/ZN
 _113_/ZN
 _114_/ZN
 _115_/Z
 _116_/Z
 _117_/Z
 _118_/Z
 _119_/Z
 _120_/Z
 _121_/Z
 _122_/Z
 _123_/Z
 _124_/Z
 _125_/Z
 _126_/Z
 _127_/Z
 _128_/Z
 _129_/Z
 _130_/ZN
 _131_/ZN
 _132_/Z
 _133_/ZN
 _134_/ZN
 _135_/ZN
 _136_/ZN
 _137_/ZN
 _138_/ZN
 _139_/ZN
 _140_/Z
 _141_/ZN
 _142_/ZN
 _143_/ZN
 _144_/ZN
 _145_/ZN
 _146_/Z
 _147_/ZN
 _148_/ZN
 _149_/ZN
 _150_/ZN
 _151_/ZN
 _152_/ZN
 _153_/ZN
 _154_/ZN
 _155_/ZN
 _156_/ZN
 _157_/ZN
 _158_/Z
 _159_/ZN
 _160_/ZN
 _161_/ZN
 _162_/ZN
 _163_/Z
 _164_/ZN
 _165_/ZN
 _166_/Z
 _167_/ZN
 _168_/ZN
 _169_/Z
 _170_/ZN
 _171_/Z
 _172_/ZN
 _173_/ZN
 _174_/ZN
 _175_/Z
 _176_/ZN
 _177_/ZN
 _178_/ZN
 _179_/ZN
 _180_/ZN
 _181_/ZN
 _182_/Z
 _183_/ZN
 _184_/ZN
 _185_/ZN
 _186_/ZN
 _187_/ZN
 _188_/ZN
 _189_/ZN
 _190_/ZN
 _191_/ZN
 _192_/ZN
 _193_/ZN
 _194_/Z
 _195_/ZN
 _196_/ZN
 _197_/ZN
 _198_/ZN
 _199_/ZN
 _200_/ZN
 _201_/ZN
 _202_/ZN
 _203_/ZN
 _204_/ZN
 _205_/ZN
 _206_/ZN
 _207_/ZN
 _208_/ZN
 _209_/ZN
 _210_/ZN
 _211_/ZN
 _212_/ZN
 _213_/ZN
 _214_/ZN
 _215_/ZN
 _216_/Q
 _217_/Q
 _218_/Q
 _219_/Q
 _220_/Q
 _221_/Q
 _222_/Q
 _223_/Q
 _224_/Q
 _225_/Q
 _226_/Q
 _227_/Q
 _228_/Q
 _229_/Q
 _230_/Q
 _231_/Q
 _232_/Q
 _233_/Q
 _234_/Q
 _235_/Q
 _236_/Q
 _237_/Q
 _238_/Q
 _239_/Q
 _240_/Q
 _241_/Q
 _242_/Q
 _243_/Q
 _244_/Q
 _245_/Q
 _246_/Q
 _247_/Q
 _248_/Q
 _249_/Q
 _250_/Q
 _251_/Q
 _252_/Q
 _253_/Q
 _254_/Q
 _255_/Q
 _256_/Q
Found 0 partially unannotated drivers.

===========================================================================
max slew violation count 129
max fanout violation count 3
max cap violation count 1
============================================================================

===========================================================================
check_setup -verbose -unconstrained_endpoints -multiple_clock -no_clock -no_input_delay -loops -generated_clocks
===========================================================================
