
===========================================================================
report_checks -unconstrained
===========================================================================
======================= max_ss_125C_4v50 Corner ===================================

Startpoint: rst_n (input port clocked by clk)
Endpoint: _09465_ (recovery check against rising-edge clock clk)
Path Group: asynchronous
Path Type: max

Fanout         Cap        Slew       Delay        Time   Description
---------------------------------------------------------------------------------------------
                                  0.000000    0.000000   clock clk (rise edge)
                                  0.000000    0.000000   clock network delay (propagated)
                                 40.000000   40.000000 ^ input external delay
     1    0.003545    0.185159    0.057231   40.057232 ^ rst_n (in)
                                                         rst_n (net)
                      0.185159    0.000000   40.057232 ^ input5/I (gf180mcu_fd_sc_mcu7t5v0__dlyb_1)
     2    0.057789    1.666857    2.525020   42.582253 ^ input5/Z (gf180mcu_fd_sc_mcu7t5v0__dlyb_1)
                                                         net5 (net)
                      1.666880    0.003425   42.585678 ^ fanout639/I (gf180mcu_fd_sc_mcu7t5v0__dlyb_1)
     5    0.103106    2.889266    3.309943   45.895618 ^ fanout639/Z (gf180mcu_fd_sc_mcu7t5v0__dlyb_1)
                                                         net639 (net)
                      2.889290    0.004786   45.900406 ^ fanout638/I (gf180mcu_fd_sc_mcu7t5v0__dlyb_1)
     6    0.098395    2.763047    3.192554   49.092960 ^ fanout638/Z (gf180mcu_fd_sc_mcu7t5v0__dlyb_1)
                                                         net638 (net)
                      2.763123    0.008118   49.101078 ^ fanout632/I (gf180mcu_fd_sc_mcu7t5v0__dlyb_1)
     6    0.076510    2.172316    2.862777   51.963852 ^ fanout632/Z (gf180mcu_fd_sc_mcu7t5v0__dlyb_1)
                                                         net632 (net)
                      2.172316    0.001371   51.965225 ^ fanout629/I (gf180mcu_fd_sc_mcu7t5v0__dlyb_1)
     8    0.083504    2.359499    2.990426   54.955650 ^ fanout629/Z (gf180mcu_fd_sc_mcu7t5v0__dlyb_1)
                                                         net629 (net)
                      2.359499    0.000941   54.956593 ^ fanout628/I (gf180mcu_fd_sc_mcu7t5v0__dlyb_1)
     7    0.070094    1.998456    2.777725   57.734318 ^ fanout628/Z (gf180mcu_fd_sc_mcu7t5v0__dlyb_1)
                                                         net628 (net)
                      1.998456    0.001691   57.736008 ^ fanout627/I (gf180mcu_fd_sc_mcu7t5v0__dlyb_1)
    10    0.092997    2.616681    3.146258   60.882267 ^ fanout627/Z (gf180mcu_fd_sc_mcu7t5v0__dlyb_1)
                                                         net627 (net)
                      2.616690    0.002650   60.884918 ^ _09465_/RN (gf180mcu_fd_sc_mcu7t5v0__dffrnq_1)
                                             60.884918   data arrival time

                                200.000000  200.000000   clock clk (rise edge)
                                  0.000000  200.000000   clock source latency
     1    0.092526    0.681558    0.373532  200.373520 ^ clk (in)
                                                         clk (net)
                      0.682743    0.000000  200.373520 ^ clkbuf_0_clk/I (gf180mcu_fd_sc_mcu7t5v0__clkbuf_16)
     8    0.341685    0.659970    0.847678  201.221207 ^ clkbuf_0_clk/Z (gf180mcu_fd_sc_mcu7t5v0__clkbuf_16)
                                                         clknet_0_clk (net)
                      0.660211    0.009891  201.231094 ^ clkbuf_3_6__f_clk/I (gf180mcu_fd_sc_mcu7t5v0__clkbuf_16)
     8    0.204399    0.445664    0.711509  201.942596 ^ clkbuf_3_6__f_clk/Z (gf180mcu_fd_sc_mcu7t5v0__clkbuf_16)
                                                         clknet_3_6__leaf_clk (net)
                      0.445677    0.003752  201.946350 ^ clkbuf_leaf_34_clk/I (gf180mcu_fd_sc_mcu7t5v0__clkbuf_8)
    12    0.067695    0.331542    0.584080  202.530441 ^ clkbuf_leaf_34_clk/Z (gf180mcu_fd_sc_mcu7t5v0__clkbuf_8)
                                                         clknet_leaf_34_clk (net)
                      0.331542    0.000398  202.530838 ^ _09465_/CLK (gf180mcu_fd_sc_mcu7t5v0__dffrnq_1)
                                 -0.250000  202.280838   clock uncertainty
                                  0.000000  202.280838   clock reconvergence pessimism
                                 -0.097769  202.183060   library recovery time
                                            202.183060   data required time
---------------------------------------------------------------------------------------------
                                            202.183060   data required time
                                            -60.884918   data arrival time
---------------------------------------------------------------------------------------------
                                            141.298141   slack (MET)


Startpoint: analog[0] (input port clocked by clk)
Endpoint: analog[3] (output port clocked by clk)
Path Group: clk
Path Type: max

Fanout         Cap        Slew       Delay        Time   Description
---------------------------------------------------------------------------------------------
                                  0.000000    0.000000   clock clk (rise edge)
                                  0.000000    0.000000   clock network delay (propagated)
                                 40.000000   40.000000 ^ input external delay
     2    0.081624    2.299864    1.275087   41.275089 ^ analog[0] (inout)
                                                         analog[0] (net)
                      2.299864    0.000000   41.275089 ^ analog_readout_inst/_0_/A1 (gf180mcu_fd_sc_mcu7t5v0__and2_1)
     4    0.106012    2.980835    2.345459   43.620548 ^ analog_readout_inst/_0_/Z (gf180mcu_fd_sc_mcu7t5v0__and2_1)
                                                         analog[1] (net)
                      2.980835    0.000551   43.621098 ^ analog_wave_mixer_y_inst/_0_/A2 (gf180mcu_fd_sc_mcu7t5v0__and2_1)
     3    0.082636    2.349772    1.888250   45.509346 ^ analog_wave_mixer_y_inst/_0_/Z (gf180mcu_fd_sc_mcu7t5v0__and2_1)
                                                         analog[3] (net)
                      2.349772    0.001322   45.510670 ^ analog[3] (inout)
                                             45.510670   data arrival time

                                200.000000  200.000000   clock clk (rise edge)
                                  0.000000  200.000000   clock network delay (propagated)
                                 -0.250000  199.750000   clock uncertainty
                                  0.000000  199.750000   clock reconvergence pessimism
                                -40.000000  159.749985   output external delay
                                            159.749985   data required time
---------------------------------------------------------------------------------------------
                                            159.749985   data required time
                                            -45.510670   data arrival time
---------------------------------------------------------------------------------------------
                                            114.239326   slack (MET)




===========================================================================
report_checks --slack_max -0.01
============================================================================
======================= max_ss_125C_4v50 Corner ===================================

No paths found.


===========================================================================
 report_check_types -max_slew -max_cap -max_fanout -violators
============================================================================
======================= max_ss_125C_4v50 Corner ===================================

max slew

Pin                                        Limit        Slew       Slack
------------------------------------------------------------------------
_07944_/A2                              3.000000    5.242429   -2.242429 (VIOLATED)
_07953_/A2                              3.000000    5.242405   -2.242405 (VIOLATED)
_07960_/A2                              3.000000    5.242379   -2.242379 (VIOLATED)
_07963_/A2                              3.000000    5.242364   -2.242364 (VIOLATED)
_07996_/A2                              3.000000    5.242334   -2.242334 (VIOLATED)
_07993_/A2                              3.000000    5.242331   -2.242331 (VIOLATED)
_08003_/A2                              3.000000    5.242327   -2.242327 (VIOLATED)
_07972_/A2                              3.000000    5.242300   -2.242300 (VIOLATED)
_07978_/A2                              3.000000    5.242300   -2.242300 (VIOLATED)
_07981_/A2                              3.000000    5.242300   -2.242300 (VIOLATED)
fanout34/Z                              3.000000    5.242300   -2.242300 (VIOLATED)
_09092_/ZN                              3.000000    4.943000   -1.943000 (VIOLATED)
_09094_/A1                              3.000000    4.943000   -1.943000 (VIOLATED)
_09126_/A1                              3.000000    4.943000   -1.943000 (VIOLATED)
_09169_/A1                              3.000000    4.943000   -1.943000 (VIOLATED)
wire360/I                               3.000000    4.943000   -1.943000 (VIOLATED)
_06014_/ZN                              3.000000    4.569528   -1.569528 (VIOLATED)
_06043_/B1                              3.000000    4.569528   -1.569528 (VIOLATED)
_06819_/A3                              3.000000    4.569528   -1.569528 (VIOLATED)
_07050_/A2                              3.000000    4.569528   -1.569528 (VIOLATED)
_07123_/A2                              3.000000    4.569528   -1.569528 (VIOLATED)
_07303_/B1                              3.000000    4.569528   -1.569528 (VIOLATED)
load_slew223/I                          3.000000    4.569528   -1.569528 (VIOLATED)
_09274_/S                               3.000000    4.529828   -1.529828 (VIOLATED)
_09275_/S                               3.000000    4.529821   -1.529822 (VIOLATED)
_09276_/S                               3.000000    4.529797   -1.529797 (VIOLATED)
_09277_/A2                              3.000000    4.529776   -1.529776 (VIOLATED)
_09278_/A2                              3.000000    4.529766   -1.529766 (VIOLATED)
_09280_/A2                              3.000000    4.529746   -1.529746 (VIOLATED)
_09281_/A2                              3.000000    4.529746   -1.529746 (VIOLATED)
_09279_/S                               3.000000    4.529607   -1.529607 (VIOLATED)
_09282_/S                               3.000000    4.529607   -1.529607 (VIOLATED)
_09283_/A2                              3.000000    4.529607   -1.529607 (VIOLATED)
fanout172/Z                             3.000000    4.529607   -1.529607 (VIOLATED)
_09261_/S                               3.000000    4.363558   -1.363559 (VIOLATED)
_09260_/S                               3.000000    4.363554   -1.363554 (VIOLATED)
_09256_/S                               3.000000    4.363541   -1.363541 (VIOLATED)
_09262_/S                               3.000000    4.363537   -1.363537 (VIOLATED)
_09255_/ZN                              3.000000    4.363518   -1.363518 (VIOLATED)
max_cap300/I                            3.000000    4.363518   -1.363518 (VIOLATED)
_08779_/A2                              3.000000    4.334281   -1.334282 (VIOLATED)
_08775_/A2                              3.000000    4.334278   -1.334278 (VIOLATED)
_08777_/A2                              3.000000    4.334279   -1.334279 (VIOLATED)
_08781_/A2                              3.000000    4.334254   -1.334255 (VIOLATED)
_08793_/A2                              3.000000    4.334207   -1.334207 (VIOLATED)
_08797_/A2                              3.000000    4.334174   -1.334174 (VIOLATED)
_08801_/A2                              3.000000    4.334169   -1.334169 (VIOLATED)
_08805_/A2                              3.000000    4.334168   -1.334168 (VIOLATED)
_08807_/A2                              3.000000    4.334169   -1.334169 (VIOLATED)
_08572_/A1                              3.000000    4.334150   -1.334150 (VIOLATED)
fanout73/Z                              3.000000    4.334150   -1.334150 (VIOLATED)
_07309_/A2                              3.000000    4.031671   -1.031671 (VIOLATED)
_05973_/ZN                              3.000000    4.031656   -1.031657 (VIOLATED)
_06043_/A2                              3.000000    4.031656   -1.031657 (VIOLATED)
_07245_/B1                              3.000000    4.031656   -1.031657 (VIOLATED)
_07370_/C2                              3.000000    4.031656   -1.031657 (VIOLATED)
max_cap250/I                            3.000000    4.031656   -1.031657 (VIOLATED)
_06909_/A1                              3.000000    3.934093   -0.934093 (VIOLATED)
_05266_/I0                              3.000000    3.934058   -0.934058 (VIOLATED)
_06286_/A1                              3.000000    3.934046   -0.934046 (VIOLATED)
_04851_/I                               3.000000    3.934032   -0.934032 (VIOLATED)
_05792_/A1                              3.000000    3.934032   -0.934032 (VIOLATED)
_05793_/A1                              3.000000    3.934032   -0.934032 (VIOLATED)
_05794_/A1                              3.000000    3.934032   -0.934032 (VIOLATED)
_05979_/A1                              3.000000    3.934032   -0.934032 (VIOLATED)
_05980_/A1                              3.000000    3.934032   -0.934032 (VIOLATED)
_06291_/A1                              3.000000    3.934032   -0.934032 (VIOLATED)
fanout447/Z                             3.000000    3.934032   -0.934032 (VIOLATED)
_07457_/A2                              3.000000    3.862664   -0.862664 (VIOLATED)
_07458_/A2                              3.000000    3.862663   -0.862663 (VIOLATED)
_07474_/S                               3.000000    3.862656   -0.862656 (VIOLATED)
_07473_/S                               3.000000    3.862654   -0.862654 (VIOLATED)
_07471_/S                               3.000000    3.862652   -0.862652 (VIOLATED)
_07472_/S                               3.000000    3.862651   -0.862651 (VIOLATED)
_07475_/S                               3.000000    3.862632   -0.862632 (VIOLATED)
_07476_/S                               3.000000    3.862632   -0.862632 (VIOLATED)
_07477_/S                               3.000000    3.862632   -0.862632 (VIOLATED)
_07478_/S                               3.000000    3.862632   -0.862632 (VIOLATED)
fanout124/Z                             3.000000    3.862632   -0.862632 (VIOLATED)
_06818_/ZN                              3.000000    3.797885   -0.797885 (VIOLATED)
_06821_/A1                              3.000000    3.797885   -0.797885 (VIOLATED)
_06833_/A2                              3.000000    3.788673   -0.788674 (VIOLATED)
_06815_/ZN                              3.000000    3.788653   -0.788653 (VIOLATED)
wire302/I                               3.000000    3.627342   -0.627342 (VIOLATED)
_09238_/ZN                              3.000000    3.627303   -0.627303 (VIOLATED)
_07399_/ZN                              3.000000    3.625230   -0.625230 (VIOLATED)
wire35/I                                3.000000    3.625230   -0.625230 (VIOLATED)
fanout595/I                             3.000000    3.610758   -0.610758 (VIOLATED)
fanout558/I                             3.000000    3.610755   -0.610755 (VIOLATED)
fanout553/I                             3.000000    3.610746   -0.610747 (VIOLATED)
fanout568/I                             3.000000    3.610731   -0.610731 (VIOLATED)
fanout573/I                             3.000000    3.610731   -0.610731 (VIOLATED)
fanout596/Z                             3.000000    3.610731   -0.610731 (VIOLATED)
_05862_/A1                              3.000000    3.589363   -0.589363 (VIOLATED)
_05863_/A1                              3.000000    3.589363   -0.589363 (VIOLATED)
_05864_/A1                              3.000000    3.589363   -0.589363 (VIOLATED)
_06042_/A1                              3.000000    3.589363   -0.589363 (VIOLATED)
_06275_/A1                              3.000000    3.589356   -0.589356 (VIOLATED)
_06276_/A1                              3.000000    3.589355   -0.589355 (VIOLATED)
_07027_/A1                              3.000000    3.589356   -0.589356 (VIOLATED)
_06277_/A1                              3.000000    3.589354   -0.589354 (VIOLATED)
_07528_/A2                              3.000000    3.589346   -0.589347 (VIOLATED)
_04746_/I                               3.000000    3.589323   -0.589323 (VIOLATED)
fanout548/Z                             3.000000    3.589323   -0.589323 (VIOLATED)
_09283_/A1                              3.000000    3.585136   -0.585136 (VIOLATED)
_09226_/I1                              3.000000    3.585129   -0.585129 (VIOLATED)
_09195_/A1                              3.000000    3.585126   -0.585126 (VIOLATED)
_09263_/I1                              3.000000    3.585123   -0.585123 (VIOLATED)
_09124_/I1                              3.000000    3.585113   -0.585113 (VIOLATED)
_09207_/I0                              3.000000    3.585058   -0.585058 (VIOLATED)
_09107_/A1                              3.000000    3.585055   -0.585056 (VIOLATED)
_09254_/I0                              3.000000    3.585038   -0.585038 (VIOLATED)
_09177_/I0                              3.000000    3.585022   -0.585022 (VIOLATED)
_09167_/I0                              3.000000    3.585004   -0.585004 (VIOLATED)
fanout451/Z                             3.000000    3.585004   -0.585004 (VIOLATED)
_06022_/ZN                              3.000000    3.578218   -0.578218 (VIOLATED)
_06913_/B1                              3.000000    3.578218   -0.578218 (VIOLATED)
_07038_/B1                              3.000000    3.578218   -0.578218 (VIOLATED)
_07137_/B1                              3.000000    3.578218   -0.578218 (VIOLATED)
_07302_/B1                              3.000000    3.578218   -0.578218 (VIOLATED)
_07363_/A2                              3.000000    3.578218   -0.578218 (VIOLATED)
load_slew213/I                          3.000000    3.578218   -0.578218 (VIOLATED)
_06384_/ZN                              3.000000    3.560519   -0.560520 (VIOLATED)
_09369_/A2                              3.000000    3.560519   -0.560520 (VIOLATED)
wire190/I                               3.000000    3.560519   -0.560520 (VIOLATED)
_09260_/I1                              3.000000    3.506021   -0.506022 (VIOLATED)
fanout462/I                             3.000000    3.506022   -0.506022 (VIOLATED)
_09164_/I0                              3.000000    3.505998   -0.505998 (VIOLATED)
load_slew466/I                          3.000000    3.505982   -0.505982 (VIOLATED)
fanout464/I                             3.000000    3.505955   -0.505955 (VIOLATED)
_07475_/I1                              3.000000    3.505912   -0.505912 (VIOLATED)
fanout465/Z                             3.000000    3.505912   -0.505912 (VIOLATED)
_09156_/A1                              3.000000    3.469556   -0.469556 (VIOLATED)
_09318_/I1                              3.000000    3.469551   -0.469551 (VIOLATED)
_09293_/I1                              3.000000    3.469480   -0.469480 (VIOLATED)
_09137_/A1                              3.000000    3.469475   -0.469475 (VIOLATED)
_09328_/I0                              3.000000    3.469470   -0.469470 (VIOLATED)
load_slew455/I                          3.000000    3.469372   -0.469372 (VIOLATED)
_07477_/I1                              3.000000    3.469316   -0.469316 (VIOLATED)
fanout454/Z                             3.000000    3.469316   -0.469316 (VIOLATED)
_09152_/A2                              3.000000    3.454940   -0.454940 (VIOLATED)
_09153_/A2                              3.000000    3.454940   -0.454940 (VIOLATED)
_09158_/S                               3.000000    3.454933   -0.454933 (VIOLATED)
_09157_/A2                              3.000000    3.454929   -0.454929 (VIOLATED)
_09156_/A2                              3.000000    3.454928   -0.454929 (VIOLATED)
_09154_/S                               3.000000    3.454879   -0.454879 (VIOLATED)
_09155_/S                               3.000000    3.454863   -0.454863 (VIOLATED)
_09148_/A2                              3.000000    3.454823   -0.454824 (VIOLATED)
_09149_/A2                              3.000000    3.454817   -0.454817 (VIOLATED)
_09147_/S                               3.000000    3.454803   -0.454804 (VIOLATED)
fanout180/Z                             3.000000    3.454803   -0.454804 (VIOLATED)
_07317_/A1                              3.000000    3.448034   -0.448034 (VIOLATED)
_06312_/A1                              3.000000    3.448018   -0.448018 (VIOLATED)
_06240_/A1                              3.000000    3.448014   -0.448014 (VIOLATED)
_05827_/A1                              3.000000    3.448007   -0.448007 (VIOLATED)
_05828_/A1                              3.000000    3.448007   -0.448007 (VIOLATED)
_07516_/A2                              3.000000    3.448002   -0.448002 (VIOLATED)
_07517_/A2                              3.000000    3.448002   -0.448002 (VIOLATED)
_07841_/B2                              3.000000    3.447998   -0.447998 (VIOLATED)
_07840_/A1                              3.000000    3.447994   -0.447994 (VIOLATED)
_04743_/I                               3.000000    3.447973   -0.447973 (VIOLATED)
fanout541/Z                             3.000000    3.447973   -0.447973 (VIOLATED)
_08660_/A2                              3.000000    3.413636   -0.413636 (VIOLATED)
_08667_/A2                              3.000000    3.413636   -0.413636 (VIOLATED)
_08671_/A2                              3.000000    3.413631   -0.413631 (VIOLATED)
_08687_/A2                              3.000000    3.413621   -0.413621 (VIOLATED)
_08620_/A2                              3.000000    3.413581   -0.413581 (VIOLATED)
_08621_/A2                              3.000000    3.413581   -0.413581 (VIOLATED)
_08646_/A2                              3.000000    3.413581   -0.413581 (VIOLATED)
_08648_/A2                              3.000000    3.413581   -0.413581 (VIOLATED)
_08719_/A2                              3.000000    3.413581   -0.413581 (VIOLATED)
_08723_/A2                              3.000000    3.413581   -0.413581 (VIOLATED)
fanout337/Z                             3.000000    3.413581   -0.413581 (VIOLATED)
_08814_/A2                              3.000000    3.397357   -0.397357 (VIOLATED)
_08815_/A3                              3.000000    3.397355   -0.397355 (VIOLATED)
_08764_/A2                              3.000000    3.397320   -0.397320 (VIOLATED)
_08762_/A2                              3.000000    3.397317   -0.397317 (VIOLATED)
_08760_/A2                              3.000000    3.397316   -0.397316 (VIOLATED)
_08769_/A2                              3.000000    3.397306   -0.397307 (VIOLATED)
_08767_/A2                              3.000000    3.397293   -0.397293 (VIOLATED)
_08749_/A2                              3.000000    3.397183   -0.397183 (VIOLATED)
_08751_/A1                              3.000000    3.397183   -0.397183 (VIOLATED)
_08752_/A2                              3.000000    3.397183   -0.397183 (VIOLATED)
fanout36/Z                              3.000000    3.397183   -0.397183 (VIOLATED)
_05244_/A1                              3.000000    3.394680   -0.394680 (VIOLATED)
_05243_/A1                              3.000000    3.394670   -0.394670 (VIOLATED)
_05242_/A1                              3.000000    3.394667   -0.394667 (VIOLATED)
_05238_/A1                              3.000000    3.394667   -0.394667 (VIOLATED)
_05239_/A1                              3.000000    3.394666   -0.394666 (VIOLATED)
_07914_/B                               3.000000    3.394632   -0.394632 (VIOLATED)
_07922_/B                               3.000000    3.394632   -0.394632 (VIOLATED)
_07931_/B                               3.000000    3.394632   -0.394632 (VIOLATED)
_08005_/A2                              3.000000    3.394632   -0.394632 (VIOLATED)
fanout390/I                             3.000000    3.394632   -0.394632 (VIOLATED)
fanout391/Z                             3.000000    3.394632   -0.394632 (VIOLATED)
_08694_/B1                              3.000000    3.385725   -0.385725 (VIOLATED)
_08697_/B                               3.000000    3.385721   -0.385721 (VIOLATED)
_08700_/B                               3.000000    3.385718   -0.385718 (VIOLATED)
_08703_/B                               3.000000    3.385712   -0.385712 (VIOLATED)
_08625_/A1                              3.000000    3.385708   -0.385708 (VIOLATED)
_08840_/A1                              3.000000    3.385706   -0.385706 (VIOLATED)
_08709_/B1                              3.000000    3.385692   -0.385692 (VIOLATED)
_08712_/B1                              3.000000    3.385678   -0.385678 (VIOLATED)
_08715_/B1                              3.000000    3.385678   -0.385678 (VIOLATED)
_08820_/A2                              3.000000    3.385678   -0.385678 (VIOLATED)
fanout149/Z                             3.000000    3.385678   -0.385678 (VIOLATED)
_08774_/A2                              3.000000    3.369166   -0.369166 (VIOLATED)
_08776_/A2                              3.000000    3.369166   -0.369166 (VIOLATED)
_08773_/A1                              3.000000    3.369165   -0.369165 (VIOLATED)
_08772_/A2                              3.000000    3.369164   -0.369164 (VIOLATED)
_08786_/A2                              3.000000    3.369139   -0.369140 (VIOLATED)
_08784_/A2                              3.000000    3.369129   -0.369129 (VIOLATED)
_08791_/A2                              3.000000    3.369119   -0.369119 (VIOLATED)
_08792_/A2                              3.000000    3.369117   -0.369117 (VIOLATED)
_08788_/A2                              3.000000    3.369098   -0.369098 (VIOLATED)
_08790_/B                               3.000000    3.369098   -0.369098 (VIOLATED)
fanout46/Z                              3.000000    3.369098   -0.369098 (VIOLATED)
_06057_/A1                              3.000000    3.359086   -0.359086 (VIOLATED)
_05656_/A1                              3.000000    3.359067   -0.359067 (VIOLATED)
_05655_/A1                              3.000000    3.359061   -0.359062 (VIOLATED)
_08226_/A2                              3.000000    3.359027   -0.359027 (VIOLATED)
_08255_/A2                              3.000000    3.359022   -0.359022 (VIOLATED)
_08388_/A1                              3.000000    3.359008   -0.359008 (VIOLATED)
_08414_/A1                              3.000000    3.359008   -0.359008 (VIOLATED)
_08526_/A1                              3.000000    3.359008   -0.359008 (VIOLATED)
_08551_/A1                              3.000000    3.359008   -0.359008 (VIOLATED)
_09147_/I1                              3.000000    3.359008   -0.359008 (VIOLATED)
fanout518/Z                             3.000000    3.359008   -0.359008 (VIOLATED)
fanout392/I                             3.000000    3.337279   -0.337279 (VIOLATED)
_05309_/A1                              3.000000    3.337269   -0.337269 (VIOLATED)
_05310_/A1                              3.000000    3.337268   -0.337268 (VIOLATED)
_05235_/A1                              3.000000    3.337267   -0.337267 (VIOLATED)
_05234_/A1                              3.000000    3.337256   -0.337256 (VIOLATED)
_05296_/A1                              3.000000    3.337256   -0.337256 (VIOLATED)
_05297_/A1                              3.000000    3.337256   -0.337256 (VIOLATED)
_05298_/A1                              3.000000    3.337256   -0.337256 (VIOLATED)
_05299_/A1                              3.000000    3.337256   -0.337256 (VIOLATED)
_05307_/S                               3.000000    3.337256   -0.337256 (VIOLATED)
fanout393/Z                             3.000000    3.337256   -0.337256 (VIOLATED)
_08667_/B2                              3.000000    3.317557   -0.317557 (VIOLATED)
_08660_/B2                              3.000000    3.317554   -0.317555 (VIOLATED)
_08671_/B2                              3.000000    3.317553   -0.317553 (VIOLATED)
_08687_/B2                              3.000000    3.317516   -0.317516 (VIOLATED)
_08691_/B2                              3.000000    3.317505   -0.317505 (VIOLATED)
_08719_/B2                              3.000000    3.317463   -0.317463 (VIOLATED)
_08723_/B2                              3.000000    3.317462   -0.317462 (VIOLATED)
_08839_/C                               3.000000    3.317452   -0.317452 (VIOLATED)
fanout406/I                             3.000000    3.317441   -0.317441 (VIOLATED)
fanout407/Z                             3.000000    3.317441   -0.317441 (VIOLATED)
_05078_/A1                              3.000000    3.272943   -0.272943 (VIOLATED)
_05009_/A1                              3.000000    3.272942   -0.272942 (VIOLATED)
_05024_/B                               3.000000    3.272941   -0.272941 (VIOLATED)
_05041_/B                               3.000000    3.272940   -0.272940 (VIOLATED)
_08511_/A1                              3.000000    3.272940   -0.272940 (VIOLATED)
_08276_/C                               3.000000    3.272939   -0.272939 (VIOLATED)
_04697_/I                               3.000000    3.272928   -0.272928 (VIOLATED)
_08722_/I1                              3.000000    3.272928   -0.272928 (VIOLATED)
_08723_/A1                              3.000000    3.272928   -0.272928 (VIOLATED)
_08770_/A2                              3.000000    3.272928   -0.272928 (VIOLATED)
fanout398/Z                             3.000000    3.272928   -0.272928 (VIOLATED)
_09122_/A2                              3.000000    3.256096   -0.256096 (VIOLATED)
_09121_/A2                              3.000000    3.256094   -0.256094 (VIOLATED)
_09120_/A2                              3.000000    3.256091   -0.256091 (VIOLATED)
_09119_/A2                              3.000000    3.256090   -0.256090 (VIOLATED)
_09124_/S                               3.000000    3.256083   -0.256083 (VIOLATED)
_09123_/S                               3.000000    3.256082   -0.256082 (VIOLATED)
_09118_/A2                              3.000000    3.256061   -0.256061 (VIOLATED)
_09117_/A2                              3.000000    3.256053   -0.256053 (VIOLATED)
_09113_/A2                              3.000000    3.256012   -0.256012 (VIOLATED)
_09112_/S                               3.000000    3.256001   -0.256001 (VIOLATED)
fanout310/Z                             3.000000    3.256001   -0.256001 (VIOLATED)
_08658_/A2                              3.000000    3.255064   -0.255064 (VIOLATED)
_08659_/A2                              3.000000    3.255064   -0.255064 (VIOLATED)
_08665_/A2                              3.000000    3.255061   -0.255061 (VIOLATED)
_08666_/A2                              3.000000    3.255059   -0.255059 (VIOLATED)
_08669_/A2                              3.000000    3.255051   -0.255051 (VIOLATED)
_08670_/A2                              3.000000    3.255046   -0.255046 (VIOLATED)
_08654_/A2                              3.000000    3.254974   -0.254974 (VIOLATED)
_08717_/A2                              3.000000    3.254974   -0.254974 (VIOLATED)
_08718_/A2                              3.000000    3.254974   -0.254974 (VIOLATED)
_08722_/S                               3.000000    3.254974   -0.254974 (VIOLATED)
fanout79/Z                              3.000000    3.254974   -0.254974 (VIOLATED)
_09226_/S                               3.000000    3.237092   -0.237092 (VIOLATED)
_09224_/A2                              3.000000    3.237091   -0.237091 (VIOLATED)
_09223_/A2                              3.000000    3.237090   -0.237090 (VIOLATED)
_09225_/S                               3.000000    3.237087   -0.237087 (VIOLATED)
_09222_/S                               3.000000    3.237081   -0.237081 (VIOLATED)
_09220_/A2                              3.000000    3.237064   -0.237064 (VIOLATED)
_09221_/A2                              3.000000    3.237063   -0.237063 (VIOLATED)
_09218_/S                               3.000000    3.237040   -0.237040 (VIOLATED)
_09216_/A2                              3.000000    3.237019   -0.237019 (VIOLATED)
_09217_/A2                              3.000000    3.237019   -0.237019 (VIOLATED)
fanout303/Z                             3.000000    3.237019   -0.237019 (VIOLATED)
_08668_/B1                              3.000000    3.232836   -0.232837 (VIOLATED)
_08672_/B1                              3.000000    3.232829   -0.232829 (VIOLATED)
_08661_/B1                              3.000000    3.232824   -0.232824 (VIOLATED)
_08688_/B1                              3.000000    3.232756   -0.232756 (VIOLATED)
_08692_/B1                              3.000000    3.232735   -0.232735 (VIOLATED)
_08720_/B1                              3.000000    3.232604   -0.232604 (VIOLATED)
fanout147/I                             3.000000    3.232558   -0.232558 (VIOLATED)
fanout148/Z                             3.000000    3.232558   -0.232558 (VIOLATED)
_06385_/A2                              3.000000    3.226985   -0.226985 (VIOLATED)
_06002_/A2                              3.000000    3.226984   -0.226984 (VIOLATED)
_06031_/A2                              3.000000    3.226982   -0.226982 (VIOLATED)
_06001_/ZN                              3.000000    3.226965   -0.226965 (VIOLATED)
_06384_/A2                              3.000000    3.226965   -0.226965 (VIOLATED)
_09359_/A2                              3.000000    3.226965   -0.226965 (VIOLATED)
_09479_/RN                              3.000000    3.181738   -0.181738 (VIOLATED)
_09515_/RN                              3.000000    3.181738   -0.181738 (VIOLATED)
_09478_/RN                              3.000000    3.181737   -0.181737 (VIOLATED)
_09514_/RN                              3.000000    3.181736   -0.181736 (VIOLATED)
_09457_/RN                              3.000000    3.181734   -0.181734 (VIOLATED)
_09411_/RN                              3.000000    3.181719   -0.181719 (VIOLATED)
_09412_/RN                              3.000000    3.181719   -0.181719 (VIOLATED)
_09455_/RN                              3.000000    3.181719   -0.181719 (VIOLATED)
_09456_/RN                              3.000000    3.181719   -0.181719 (VIOLATED)
_09497_/RN                              3.000000    3.181719   -0.181719 (VIOLATED)
fanout623/Z                             3.000000    3.181719   -0.181719 (VIOLATED)
_08174_/A2                              3.000000    3.178219   -0.178219 (VIOLATED)
_07496_/A2                              3.000000    3.178216   -0.178216 (VIOLATED)
_07497_/A2                              3.000000    3.178216   -0.178216 (VIOLATED)
_07708_/A1                              3.000000    3.178200   -0.178200 (VIOLATED)
_07705_/A1                              3.000000    3.178191   -0.178191 (VIOLATED)
_07851_/A1                              3.000000    3.178191   -0.178191 (VIOLATED)
_07855_/A1                              3.000000    3.178190   -0.178191 (VIOLATED)
_06946_/A1                              3.000000    3.178163   -0.178163 (VIOLATED)
_06945_/A1                              3.000000    3.178153   -0.178153 (VIOLATED)
_06870_/A1                              3.000000    3.178137   -0.178137 (VIOLATED)
fanout528/Z                             3.000000    3.178137   -0.178137 (VIOLATED)
_09274_/I0                              3.000000    3.168269   -0.168269 (VIOLATED)
_09147_/I0                              3.000000    3.168269   -0.168269 (VIOLATED)
_09310_/I1                              3.000000    3.168266   -0.168266 (VIOLATED)
_09321_/A1                              3.000000    3.168220   -0.168220 (VIOLATED)
_09286_/A1                              3.000000    3.168211   -0.168212 (VIOLATED)
_07471_/I1                              3.000000    3.168199   -0.168199 (VIOLATED)
fanout484/I                             3.000000    3.168199   -0.168199 (VIOLATED)
fanout486/Z                             3.000000    3.168199   -0.168199 (VIOLATED)
_09432_/RN                              3.000000    3.163830   -0.163830 (VIOLATED)
_09433_/RN                              3.000000    3.163830   -0.163830 (VIOLATED)
_09795_/RN                              3.000000    3.163829   -0.163829 (VIOLATED)
_09754_/RN                              3.000000    3.163828   -0.163828 (VIOLATED)
_09775_/RN                              3.000000    3.163827   -0.163827 (VIOLATED)
_09755_/RN                              3.000000    3.163827   -0.163827 (VIOLATED)
_09776_/RN                              3.000000    3.163816   -0.163816 (VIOLATED)
_09777_/RN                              3.000000    3.163816   -0.163816 (VIOLATED)
_09828_/RN                              3.000000    3.163816   -0.163816 (VIOLATED)
_09829_/RN                              3.000000    3.163816   -0.163816 (VIOLATED)
fanout556/Z                             3.000000    3.163816   -0.163816 (VIOLATED)
_06064_/A1                              3.000000    3.160652   -0.160652 (VIOLATED)
_06195_/A1                              3.000000    3.160650   -0.160650 (VIOLATED)
_06196_/A1                              3.000000    3.160650   -0.160650 (VIOLATED)
_04777_/I                               3.000000    3.160634   -0.160634 (VIOLATED)
_05674_/A1                              3.000000    3.160634   -0.160634 (VIOLATED)
_05675_/A1                              3.000000    3.160634   -0.160634 (VIOLATED)
_08229_/A2                              3.000000    3.160634   -0.160634 (VIOLATED)
_08412_/A1                              3.000000    3.160634   -0.160634 (VIOLATED)
_08548_/A1                              3.000000    3.160634   -0.160634 (VIOLATED)
_08549_/B2                              3.000000    3.160634   -0.160634 (VIOLATED)
fanout520/Z                             3.000000    3.160634   -0.160634 (VIOLATED)
_06020_/A2                              3.000000    3.139234   -0.139234 (VIOLATED)
_06029_/A1                              3.000000    3.139230   -0.139230 (VIOLATED)
_05969_/A1                              3.000000    3.139225   -0.139225 (VIOLATED)
_06031_/A1                              3.000000    3.139224   -0.139224 (VIOLATED)
_06006_/A2                              3.000000    3.139218   -0.139218 (VIOLATED)
_06015_/A2                              3.000000    3.139210   -0.139210 (VIOLATED)
_06019_/A2                              3.000000    3.139200   -0.139200 (VIOLATED)
_05950_/A2                              3.000000    3.139175   -0.139176 (VIOLATED)
_05956_/A1                              3.000000    3.139148   -0.139148 (VIOLATED)
_05957_/A2                              3.000000    3.139123   -0.139123 (VIOLATED)
fanout320/Z                             3.000000    3.139123   -0.139123 (VIOLATED)
_08693_/S                               3.000000    3.130075   -0.130076 (VIOLATED)
_08698_/A2                              3.000000    3.130070   -0.130070 (VIOLATED)
_08697_/A2                              3.000000    3.130070   -0.130070 (VIOLATED)
_08704_/A2                              3.000000    3.130058   -0.130058 (VIOLATED)
_08703_/A2                              3.000000    3.130054   -0.130054 (VIOLATED)
_08707_/A2                              3.000000    3.130045   -0.130045 (VIOLATED)
_08706_/A2                              3.000000    3.130039   -0.130040 (VIOLATED)
_08708_/S                               3.000000    3.130028   -0.130028 (VIOLATED)
_08711_/S                               3.000000    3.130028   -0.130028 (VIOLATED)
_08714_/S                               3.000000    3.130028   -0.130028 (VIOLATED)
fanout39/Z                              3.000000    3.130028   -0.130028 (VIOLATED)
_08663_/B                               3.000000    3.127225   -0.127225 (VIOLATED)
_08656_/B                               3.000000    3.127223   -0.127224 (VIOLATED)
_08674_/B1                              3.000000    3.127203   -0.127203 (VIOLATED)
_08677_/B1                              3.000000    3.127184   -0.127184 (VIOLATED)
_08680_/B1                              3.000000    3.127170   -0.127170 (VIOLATED)
_08683_/C                               3.000000    3.127155   -0.127155 (VIOLATED)
_08706_/B                               3.000000    3.127070   -0.127070 (VIOLATED)
fanout149/I                             3.000000    3.127059   -0.127059 (VIOLATED)
fanout150/Z                             3.000000    3.127059   -0.127059 (VIOLATED)
_07262_/A1                              3.000000    3.121707   -0.121707 (VIOLATED)
_07224_/A1                              3.000000    3.121659   -0.121659 (VIOLATED)
_07198_/A2                              3.000000    3.121637   -0.121637 (VIOLATED)
_05307_/I1                              3.000000    3.121597   -0.121597 (VIOLATED)
_08001_/A1                              3.000000    3.121597   -0.121597 (VIOLATED)
_08003_/A1                              3.000000    3.121597   -0.121597 (VIOLATED)
_09646_/Q                               3.000000    3.121597   -0.121597 (VIOLATED)
_07374_/B2                              3.000000    3.106390   -0.106390 (VIOLATED)
_06322_/A1                              3.000000    3.106371   -0.106371 (VIOLATED)
_06321_/A1                              3.000000    3.106368   -0.106368 (VIOLATED)
_06320_/A1                              3.000000    3.106365   -0.106365 (VIOLATED)
_06531_/A1                              3.000000    3.106355   -0.106356 (VIOLATED)
_06532_/A1                              3.000000    3.106355   -0.106356 (VIOLATED)
_06672_/A1                              3.000000    3.106355   -0.106356 (VIOLATED)
_06948_/A1                              3.000000    3.106355   -0.106356 (VIOLATED)
_07498_/A2                              3.000000    3.106355   -0.106356 (VIOLATED)
_07499_/A2                              3.000000    3.106355   -0.106356 (VIOLATED)
fanout530/Z                             3.000000    3.106355   -0.106356 (VIOLATED)
_06089_/ZN                              3.000000    3.074332   -0.074333 (VIOLATED)
_06386_/A2                              3.000000    3.074332   -0.074333 (VIOLATED)
_07247_/B2                              3.000000    3.072089   -0.072089 (VIOLATED)
_05922_/A2                              3.000000    3.072044   -0.072044 (VIOLATED)
_04937_/I                               3.000000    3.072027   -0.072027 (VIOLATED)
_06228_/B1                              3.000000    3.071945   -0.071945 (VIOLATED)
_06216_/A2                              3.000000    3.071913   -0.071913 (VIOLATED)
_08077_/A1                              3.000000    3.071857   -0.071857 (VIOLATED)
_09672_/Q                               3.000000    3.071857   -0.071857 (VIOLATED)
_08733_/A2                              3.000000    3.066271   -0.066271 (VIOLATED)
_08731_/A2                              3.000000    3.066268   -0.066268 (VIOLATED)
_08729_/A2                              3.000000    3.066265   -0.066265 (VIOLATED)
_08726_/A2                              3.000000    3.066260   -0.066260 (VIOLATED)
_08735_/A2                              3.000000    3.066247   -0.066247 (VIOLATED)
_08739_/A2                              3.000000    3.066235   -0.066235 (VIOLATED)
_08741_/A2                              3.000000    3.066221   -0.066221 (VIOLATED)
_08743_/A2                              3.000000    3.066203   -0.066203 (VIOLATED)
_08745_/A2                              3.000000    3.066203   -0.066203 (VIOLATED)
_08747_/A2                              3.000000    3.066203   -0.066203 (VIOLATED)
fanout37/Z                              3.000000    3.066203   -0.066203 (VIOLATED)
_07066_/B2                              3.000000    3.062473   -0.062473 (VIOLATED)
_06333_/ZN                              3.000000    3.062472   -0.062472 (VIOLATED)
_06334_/A2                              3.000000    3.062472   -0.062472 (VIOLATED)
_06335_/C                               3.000000    3.062472   -0.062472 (VIOLATED)
_09276_/I0                              3.000000    3.060900   -0.060900 (VIOLATED)
_09150_/A1                              3.000000    3.060900   -0.060900 (VIOLATED)
_09312_/I1                              3.000000    3.060896   -0.060897 (VIOLATED)
_09249_/I0                              3.000000    3.060868   -0.060868 (VIOLATED)
_09258_/I1                              3.000000    3.060868   -0.060868 (VIOLATED)
_09270_/I1                              3.000000    3.060868   -0.060868 (VIOLATED)
fanout472/I                             3.000000    3.060868   -0.060868 (VIOLATED)
fanout474/Z                             3.000000    3.060868   -0.060868 (VIOLATED)
_08067_/A2                              3.000000    3.044310   -0.044311 (VIOLATED)
_08068_/A1                              3.000000    3.044310   -0.044310 (VIOLATED)
_08065_/A1                              3.000000    3.044309   -0.044309 (VIOLATED)
_08064_/A2                              3.000000    3.044306   -0.044306 (VIOLATED)
_08061_/A2                              3.000000    3.044300   -0.044300 (VIOLATED)
_08062_/A1                              3.000000    3.044297   -0.044297 (VIOLATED)
_08059_/A1                              3.000000    3.044278   -0.044279 (VIOLATED)
_08058_/A2                              3.000000    3.044276   -0.044276 (VIOLATED)
fanout49/I                              3.000000    3.044163   -0.044163 (VIOLATED)
fanout50/I                              3.000000    3.044163   -0.044163 (VIOLATED)
fanout51/Z                              3.000000    3.044163   -0.044163 (VIOLATED)
_04963_/A1                              3.000000    3.036577   -0.036577 (VIOLATED)
_04999_/A1                              3.000000    3.036577   -0.036577 (VIOLATED)
_04698_/I                               3.000000    3.036575   -0.036575 (VIOLATED)
_08700_/A1                              3.000000    3.036545   -0.036545 (VIOLATED)
_05394_/A1                              3.000000    3.036541   -0.036541 (VIOLATED)
_05397_/A1                              3.000000    3.036537   -0.036537 (VIOLATED)
_08216_/A1                              3.000000    3.036520   -0.036520 (VIOLATED)
_08217_/A1                              3.000000    3.036520   -0.036520 (VIOLATED)
_08434_/A1                              3.000000    3.036520   -0.036520 (VIOLATED)
_08494_/A1                              3.000000    3.036520   -0.036520 (VIOLATED)
fanout404/Z                             3.000000    3.036520   -0.036520 (VIOLATED)
_08113_/A1                              3.000000    3.034924   -0.034924 (VIOLATED)
_08112_/A2                              3.000000    3.034924   -0.034924 (VIOLATED)
_08056_/A1                              3.000000    3.034922   -0.034922 (VIOLATED)
_08055_/A2                              3.000000    3.034921   -0.034921 (VIOLATED)
_08053_/A1                              3.000000    3.034912   -0.034912 (VIOLATED)
_08052_/A2                              3.000000    3.034911   -0.034911 (VIOLATED)
_08037_/A2                              3.000000    3.034889   -0.034889 (VIOLATED)
_08038_/A1                              3.000000    3.034889   -0.034889 (VIOLATED)
_08049_/A2                              3.000000    3.034889   -0.034889 (VIOLATED)
_08050_/A1                              3.000000    3.034889   -0.034889 (VIOLATED)
fanout49/Z                              3.000000    3.034889   -0.034889 (VIOLATED)
_07341_/ZN                              3.000000    3.021991   -0.021992 (VIOLATED)
_07342_/A2                              3.000000    3.021991   -0.021992 (VIOLATED)
_09414_/RN                              3.000000    3.013019   -0.013019 (VIOLATED)
_09417_/RN                              3.000000    3.013019   -0.013019 (VIOLATED)
_09458_/RN                              3.000000    3.013019   -0.013019 (VIOLATED)
_09459_/RN                              3.000000    3.013019   -0.013019 (VIOLATED)
_09460_/RN                              3.000000    3.013019   -0.013019 (VIOLATED)
_09461_/RN                              3.000000    3.013019   -0.013019 (VIOLATED)
_09462_/RN                              3.000000    3.013019   -0.013019 (VIOLATED)
_09481_/RN                              3.000000    3.013019   -0.013019 (VIOLATED)
_09482_/RN                              3.000000    3.013019   -0.013019 (VIOLATED)
_09483_/RN                              3.000000    3.013019   -0.013019 (VIOLATED)
fanout608/Z                             3.000000    3.013019   -0.013019 (VIOLATED)
_07448_/C                               3.000000    3.002141   -0.002141 (VIOLATED)
_07447_/ZN                              3.000000    3.002138   -0.002138 (VIOLATED)
_09636_/RN                              3.000000    3.001829   -0.001829 (VIOLATED)
_09637_/RN                              3.000000    3.001829   -0.001829 (VIOLATED)
_09657_/RN                              3.000000    3.001829   -0.001829 (VIOLATED)
_09658_/RN                              3.000000    3.001829   -0.001829 (VIOLATED)
_09659_/RN                              3.000000    3.001829   -0.001829 (VIOLATED)
_09678_/RN                              3.000000    3.001829   -0.001829 (VIOLATED)
_09679_/RN                              3.000000    3.001829   -0.001829 (VIOLATED)
_09708_/RN                              3.000000    3.001829   -0.001829 (VIOLATED)
_09709_/RN                              3.000000    3.001829   -0.001829 (VIOLATED)
_09710_/RN                              3.000000    3.001829   -0.001829 (VIOLATED)
fanout633/Z                             3.000000    3.001829   -0.001829 (VIOLATED)

max fanout

Pin                                   Limit Fanout  Slack
---------------------------------------------------------
clkbuf_leaf_11_clk/Z                     10     13     -3 (VIOLATED)
clkbuf_leaf_12_clk/Z                     10     12     -2 (VIOLATED)
clkbuf_leaf_13_clk/Z                     10     12     -2 (VIOLATED)
clkbuf_leaf_14_clk/Z                     10     12     -2 (VIOLATED)
clkbuf_leaf_25_clk/Z                     10     12     -2 (VIOLATED)
clkbuf_leaf_26_clk/Z                     10     12     -2 (VIOLATED)
clkbuf_leaf_34_clk/Z                     10     12     -2 (VIOLATED)
clkbuf_leaf_36_clk/Z                     10     12     -2 (VIOLATED)
clkbuf_leaf_40_clk/Z                     10     12     -2 (VIOLATED)
clkbuf_leaf_41_clk/Z                     10     12     -2 (VIOLATED)
clkbuf_leaf_42_clk/Z                     10     12     -2 (VIOLATED)
clkbuf_leaf_45_clk/Z                     10     12     -2 (VIOLATED)
clkbuf_leaf_48_clk/Z                     10     12     -2 (VIOLATED)
clkbuf_leaf_53_clk/Z                     10     12     -2 (VIOLATED)
clkbuf_leaf_5_clk/Z                      10     12     -2 (VIOLATED)
clkbuf_leaf_16_clk/Z                     10     11        (VIOLATED)
clkbuf_leaf_29_clk/Z                     10     11        (VIOLATED)
clkbuf_leaf_2_clk/Z                      10     11        (VIOLATED)
clkbuf_leaf_3_clk/Z                      10     11        (VIOLATED)
clkbuf_leaf_6_clk/Z                      10     11        (VIOLATED)

max capacitance

Pin                                        Limit         Cap       Slack
------------------------------------------------------------------------
clkbuf_0_clk/Z                          0.200000    0.341685   -0.141685 (VIOLATED)
clkbuf_3_6__f_clk/Z                     0.200000    0.204399   -0.004399 (VIOLATED)
clkbuf_3_7__f_clk/Z                     0.200000    0.200563   -0.000563 (VIOLATED)



===========================================================================
report_parasitic_annotation -report_unannotated
============================================================================
Found 120 unannotated drivers.
 analog[10]
 analog[11]
 analog[12]
 analog[13]
 analog[14]
 analog[15]
 analog[16]
 analog[17]
 analog[18]
 analog[19]
 analog[20]
 analog[21]
 analog[22]
 analog[23]
 analog[24]
 analog[25]
 analog[26]
 analog[27]
 analog[28]
 analog[29]
 analog[30]
 analog[31]
 analog[32]
 analog[33]
 analog[34]
 analog[35]
 analog[36]
 analog[37]
 analog[38]
 analog[39]
 analog[40]
 analog[41]
 analog[42]
 analog[43]
 analog[44]
 analog[45]
 analog[46]
 analog[47]
 analog[48]
 analog[49]
 analog[4]
 analog[50]
 analog[51]
 analog[52]
 analog[53]
 analog[54]
 analog[55]
 analog[56]
 analog[57]
 analog[58]
 analog[59]
 analog[5]
 analog[6]
 analog[7]
 analog[8]
 analog[9]
 bidir_in[10]
 bidir_in[11]
 bidir_in[12]
 bidir_in[13]
 bidir_in[14]
 bidir_in[15]
 bidir_in[16]
 bidir_in[17]
 bidir_in[18]
 bidir_in[19]
 bidir_in[3]
 bidir_in[4]
 bidir_in[5]
 bidir_in[6]
 bidir_in[7]
 bidir_in[8]
 bidir_in[9]
 _10062_/Z
 _10063_/Z
 _10064_/Z
 _10065_/Z
 clkload0/Z
 clkload1/Z
 clkload10/ZN
 clkload11/ZN
 clkload12/ZN
 clkload13/Z
 clkload14/ZN
 clkload15/Z
 clkload16/ZN
 clkload17/ZN
 clkload18/ZN
 clkload19/Z
 clkload2/Z
 clkload20/ZN
 clkload21/ZN
 clkload22/ZN
 clkload23/Z
 clkload24/Z
 clkload25/Z
 clkload26/Z
 clkload27/ZN
 clkload28/ZN
 clkload29/ZN
 clkload3/Z
 clkload30/ZN
 clkload31/ZN
 clkload32/ZN
 clkload33/Z
 clkload34/Z
 clkload35/ZN
 clkload36/ZN
 clkload37/ZN
 clkload38/Z
 clkload39/ZN
 clkload4/ZN
 clkload40/ZN
 clkload41/ZN
 clkload42/ZN
 clkload5/ZN
 clkload6/ZN
 clkload7/ZN
 clkload8/ZN
 clkload9/ZN
Found 0 partially unannotated drivers.

===========================================================================
max slew violation count 499
max fanout violation count 20
max cap violation count 3
============================================================================

===========================================================================
check_setup -verbose -unconstrained_endpoints -multiple_clock -no_clock -no_input_delay -loops -generated_clocks
===========================================================================
Warning: There are 57 unconstrained endpoints.
  analog[0]
  analog[10]
  analog[11]
  analog[12]
  analog[13]
  analog[14]
  analog[15]
  analog[16]
  analog[17]
  analog[18]
  analog[19]
  analog[20]
  analog[21]
  analog[22]
  analog[23]
  analog[24]
  analog[25]
  analog[26]
  analog[27]
  analog[28]
  analog[29]
  analog[30]
  analog[31]
  analog[32]
  analog[33]
  analog[34]
  analog[35]
  analog[36]
  analog[37]
  analog[38]
  analog[39]
  analog[40]
  analog[41]
  analog[42]
  analog[43]
  analog[44]
  analog[45]
  analog[46]
  analog[47]
  analog[48]
  analog[49]
  analog[4]
  analog[50]
  analog[51]
  analog[52]
  analog[53]
  analog[54]
  analog[55]
  analog[56]
  analog[57]
  analog[58]
  analog[59]
  analog[5]
  analog[6]
  analog[7]
  analog[8]
  analog[9]
