                                                                     Buffers by Cell Master                                                                     
┏━━━━━━━━━━━━━━━━━━━━━━━━━━━━━━━━━━━━━━━━━━━━━━━━━━━━━━━━━━━━━━━━━━━━━━━━━━━━━━━━━━━━━━━━━━━━━━━━━━━━━━━━━━━━━━━━━━━━━━━━━━━━━━━━━━━━┳━━━━━━━━━━━━━━━━━━━━━━━━━┓
┃ Buffer                                                                                                                             ┃ Count                   ┃
┡━━━━━━━━━━━━━━━━━━━━━━━━━━━━━━━━━━━━━━━━━━━━━━━━━━━━━━━━━━━━━━━━━━━━━━━━━━━━━━━━━━━━━━━━━━━━━━━━━━━━━━━━━━━━━━━━━━━━━━━━━━━━━━━━━━━━╇━━━━━━━━━━━━━━━━━━━━━━━━━┩
│ gf180mcu_fd_sc_mcu7t5v0__buf_1                                                                                                     │ 227                     │
│ gf180mcu_fd_sc_mcu7t5v0__buf_2                                                                                                     │ 493                     │
│ gf180mcu_fd_sc_mcu7t5v0__buf_3                                                                                                     │ 1                       │
│ gf180mcu_fd_sc_mcu7t5v0__buf_4                                                                                                     │ 24                      │
│ gf180mcu_fd_sc_mcu7t5v0__clkbuf_1                                                                                                  │ 164                     │
│ gf180mcu_fd_sc_mcu7t5v0__clkbuf_16                                                                                                 │ 15                      │
│ gf180mcu_fd_sc_mcu7t5v0__clkbuf_2                                                                                                  │ 394                     │
│ gf180mcu_fd_sc_mcu7t5v0__clkbuf_4                                                                                                  │ 1                       │
│ gf180mcu_fd_sc_mcu7t5v0__clkbuf_8                                                                                                  │ 71                      │
│ gf180mcu_fd_sc_mcu7t5v0__dlyb_1                                                                                                    │ 282                     │
└────────────────────────────────────────────────────────────────────────────────────────────────────────────────────────────────────┴─────────────────────────┘
