19 Lint warnings found.
'PNR_SDC_FILE' is not defined. Using generic fallback SDC for OpenROAD PnR steps.
'SIGNOFF_SDC_FILE' is not defined. Using generic fallback SDC for OpenROAD PnR steps.
No libs found for macro analog_block at corner nom_tt_025C_3v30. The module will be black-boxed.
No libs found for macro analog_block at corner nom_tt_025C_3v30. The module will be black-boxed.
No libs found for macro analog_block at corner nom_tt_025C_3v30. The module will be black-boxed.
No libs found for macro analog_block at corner min_ff_n40C_3v60. The module will be black-boxed.
No libs found for macro analog_block at corner max_ss_125C_3v00. The module will be black-boxed.
No libs found for macro analog_block at corner nom_tt_025C_3v30. The module will be black-boxed.
[ORD-2011] LEF master analog_block has no liberty cell.
No libs found for macro analog_block at corner nom_tt_025C_3v30. The module will be black-boxed.
Cell 'analog_block' has (5) input pin(s) without antenna gate information. They might not be connected to a gate.
Cell 'analog_block' has (5) output pin(s) without antenna diffusion information. They might not be driven.
Macros inside hierarchical netlists are not currently supported in LibreLane: skipping submodule 'signal_processor_x_inst' of type 'signal_processor'.
Macros inside hierarchical netlists are not currently supported in LibreLane: skipping submodule 'signal_processor_y_inst' of type 'signal_processor'.
Macros inside hierarchical netlists are not currently supported in LibreLane: skipping submodule 'spi_regs_inst' of type 'spi_regs'.
Macros inside hierarchical netlists are not currently supported in LibreLane: skipping submodule 'state_machine_inst' of type 'state_machine'.
Macros inside hierarchical netlists are not currently supported in LibreLane: skipping submodule 'wave_controller_x_inst' of type 'wave_controller'.
Macros inside hierarchical netlists are not currently supported in LibreLane: skipping submodule 'wave_controller_y_inst' of type 'wave_controller'.
No libs found for macro analog_block at corner nom_tt_025C_3v30. The module will be black-boxed.
No libs found for macro analog_block at corner nom_tt_025C_3v30. The module will be black-boxed.
No libs found for macro analog_block at corner nom_tt_025C_3v30. The module will be black-boxed.
[PDN-0231] analog_block_inst is not connected to any power/ground nets.
No libs found for macro analog_block at corner nom_tt_025C_3v30. The module will be black-boxed.
No libs found for macro analog_block at corner nom_tt_025C_3v30. The module will be black-boxed.
No libs found for macro analog_block at corner nom_tt_025C_3v30. The module will be black-boxed.
No libs found for macro analog_block at corner nom_tt_025C_3v30. The module will be black-boxed.
No libs found for macro analog_block at corner nom_tt_025C_3v30. The module will be black-boxed.
No libs found for macro analog_block at corner min_ff_n40C_3v60. The module will be black-boxed.
No libs found for macro analog_block at corner max_ss_125C_3v00. The module will be black-boxed.
[RSZ-0020] found 2 floating nets.
No libs found for macro analog_block at corner nom_tt_025C_3v30. The module will be black-boxed.
No libs found for macro analog_block at corner nom_tt_025C_3v30. The module will be black-boxed.
No libs found for macro analog_block at corner min_ff_n40C_3v60. The module will be black-boxed.
No libs found for macro analog_block at corner max_ss_125C_3v00. The module will be black-boxed.
No libs found for macro analog_block at corner nom_tt_025C_3v30. The module will be black-boxed.
No libs found for macro analog_block at corner nom_tt_025C_3v30. The module will be black-boxed.
No libs found for macro analog_block at corner min_ff_n40C_3v60. The module will be black-boxed.
No libs found for macro analog_block at corner max_ss_125C_3v00. The module will be black-boxed.
No libs found for macro analog_block at corner nom_tt_025C_3v30. The module will be black-boxed.
No libs found for macro analog_block at corner nom_tt_025C_3v30. The module will be black-boxed.
No libs found for macro analog_block at corner nom_tt_025C_3v30. The module will be black-boxed.
No libs found for macro analog_block at corner nom_tt_025C_3v30. The module will be black-boxed.
No libs found for macro analog_block at corner nom_tt_025C_3v30. The module will be black-boxed.
No libs found for macro analog_block at corner nom_tt_025C_3v30. The module will be black-boxed.
No libs found for macro analog_block at corner nom_tt_025C_3v30. The module will be black-boxed.
[DRT-0349] LEF58_ENCLOSURE with no CUTCLASS is not supported. Skipping for layer Via1
[DRT-0349] LEF58_ENCLOSURE with no CUTCLASS is not supported. Skipping for layer Via1
[DRT-0349] LEF58_ENCLOSURE with no CUTCLASS is not supported. Skipping for layer Via2
[DRT-0349] LEF58_ENCLOSURE with no CUTCLASS is not supported. Skipping for layer Via2
[DRT-0349] LEF58_ENCLOSURE with no CUTCLASS is not supported. Skipping for layer Via3
[DRT-0349] LEF58_ENCLOSURE with no CUTCLASS is not supported. Skipping for layer Via3
[DRT-0349] LEF58_ENCLOSURE with no CUTCLASS is not supported. Skipping for layer Via4
[DRT-0349] LEF58_ENCLOSURE with no CUTCLASS is not supported. Skipping for layer Via4
[DRT-0419] No routing tracks pass through the center of Term analog_block_inst/clk
[DRT-0419] No routing tracks pass through the center of Term analog_block_inst/read_en
[DRT-0419] No routing tracks pass through the center of Term analog_block_inst/mems_drv_x
[DRT-0419] No routing tracks pass through the center of Term analog_block_inst/mems_drv_y
[DRT-0418] Term analog_block_inst/comp_x has no pins on routing grid
[DRT-0419] No routing tracks pass through the center of Term analog_block_inst/comp_y
[DRT-0419] No routing tracks pass through the center of Term analog_block_inst/analog_error_x_output
[DRT-0419] No routing tracks pass through the center of Term analog_block_inst/analog_readout_input
[DRT-0419] No routing tracks pass through the center of Term analog_block_inst/analog_readout_output
[DRT-0419] No routing tracks pass through the center of Term analog_block_inst/analog_error_y_output
No libs found for macro analog_block at corner nom_tt_025C_3v30. The module will be black-boxed.
Threshold for Threshold-surpassing long wires is not set. The checker will be skipped.
No libs found for macro analog_block at corner nom_tt_025C_3v30. The module will be black-boxed.
No libs found for macro analog_block at corner nom_tt_025C_3v30. The module will be black-boxed.
No libs found for macro analog_block at corner min_ff_n40C_3v60. The module will be black-boxed.
No libs found for macro analog_block at corner max_ss_125C_3v00. The module will be black-boxed.
'VSRC_LOC_FILES' was not given a value, which may make the results of IR drop analysis inaccurate. If you are not integrating a top-level chip for manufacture, you may ignore this warning, otherwise, see the documentation for 'VSRC_LOC_FILES'.
No libs found for macro analog_block at corner nom_tt_025C_3v30. The module will be black-boxed.
[ODB-0186] macro gf180mcu_ef_io__bi_t references unknown site GF_IO_Site
[ODB-0186] macro gf180mcu_fd_io__asig_5p0 references unknown site GF_IO_Site
[ODB-0186] macro gf180mcu_fd_io__bi_24t references unknown site GF_IO_Site
[ODB-0186] macro gf180mcu_fd_io__bi_t references unknown site GF_IO_Site
[ODB-0186] macro gf180mcu_fd_io__brk2 references unknown site GF_IO_Site
[ODB-0186] macro gf180mcu_fd_io__brk5 references unknown site GF_IO_Site
[ODB-0186] macro gf180mcu_fd_io__cor references unknown site GF_COR_Site
[ODB-0186] macro gf180mcu_fd_io__dvdd references unknown site GF_IO_Site
[ODB-0186] macro gf180mcu_fd_io__dvss references unknown site GF_IO_Site
[ODB-0186] macro gf180mcu_fd_io__fill1 references unknown site GF_IO_Site
[ODB-0186] macro gf180mcu_fd_io__fill10 references unknown site GF_IO_Site
[ODB-0186] macro gf180mcu_fd_io__fill5 references unknown site GF_IO_Site
[ODB-0186] macro gf180mcu_fd_io__fillnc references unknown site GF_IO_Site
[ODB-0186] macro gf180mcu_fd_io__in_c references unknown site GF_IO_Site
[ODB-0186] macro gf180mcu_fd_io__in_s references unknown site GF_IO_Site
[ODB-0186] macro gf180mcu_ws_io__dvdd references unknown site GF_IO_Site
[ODB-0186] macro gf180mcu_ws_io__dvss references unknown site GF_IO_Site
Cell 'chip_core' has (1) inout pin(s) without antenna gate information not antenna diffusion information. They might be disconnected.
Cell 'chip_core' has (7) input pin(s) without antenna gate information. They might not be connected to a gate.
Max Slew violations found in the following corners:
* max_ss_125C_3v00
* nom_tt_025C_3v30
Max Cap violations found in the following corners:
* max_ss_125C_3v00
* min_ff_n40C_3v60
* nom_tt_025C_3v30
