Clock: clk
Sources: clk 
Generated: no
Virtual: no
Propagated: no
Period: 200.000000

===========================================================================
report_clock_properties
============================================================================
Clock                   Period          Waveform
----------------------------------------------------
clk                 200.000000    0.000000100.000000

===========================================================================
report_clock_latency
============================================================================
Clock clk
rise -> rise
    min     max
0.000000 0.000000 source latency
11.633530         network latency _19_/CLK
        11.633530 network latency _19_/CLK
---------------
11.633530 11.633530 latency
        0.000000 skew

fall -> fall
    min     max
0.000000 0.000000 source latency
6.103179         network latency _19_/CLK
        6.103179 network latency _19_/CLK
---------------
6.103179 6.103179 latency
        0.000000 skew



===========================================================================
report_clock_min_period
============================================================================
clk period_min = 34.33 fmax = 29.13
