Clock: clk
Sources: clk 
Generated: no
Virtual: yes
Propagated: no
Period: 200.000000

===========================================================================
report_clock_properties
============================================================================
Clock                   Period          Waveform
----------------------------------------------------
clk                 200.000000    0.000000100.000000

===========================================================================
report_clock_latency
============================================================================
Clock clk
rise -> rise
    min     max
0.000000 0.000000 source latency
1.417621         network latency wave_controller_x_inst/_3628_/CLK
        1.488902 network latency wave_controller_y_inst/_3711_/CLK
---------------
1.417621 1.488902 latency
        0.071281 skew

fall -> fall
    min     max
0.000000 0.000000 source latency
1.350088         network latency wave_controller_x_inst/_3628_/CLK
        1.429903 network latency wave_controller_y_inst/_3711_/CLK
---------------
1.350088 1.429903 latency
        0.079815 skew



===========================================================================
report_clock_min_period
============================================================================
clk period_min = 21.70 fmax = 46.08
