Reading timing models for corner nom_tt_025C_3v30…
Reading timing library for the 'nom_tt_025C_3v30' corner at '/foss/pdks/gf180mcuD/libs.ref/gf180mcu_fd_sc_mcu7t5v0/lib/gf180mcu_fd_sc_mcu7t5v0__tt_025C_3v30.lib'…
Reading OpenROAD database at '/workspace/librelane/runs/RUN_2026-08-09_12-36-47/25-openroad-ioplacement/chip_core.odb'…
Reading design constraints file at '/usr/local/lib/python3.12/dist-packages/librelane/scripts/base.sdc'…
[INFO] Using clock clk…
[INFO] Setting output delay to: 40
[INFO] Setting input delay to: 40
[INFO] Setting load to: 0.07291
[INFO] Setting clock uncertainty to: 0.25
[INFO] Setting clock transition to: 0.15
[INFO] Setting timing derate to: 5%
[INFO] Setting signal min routing layer to: Metal2 and clock min routing layer to Metal2. 
[INFO] Setting signal max routing layer to: Metal4 and clock max routing layer to Metal4. 
+ global_placement -density 0.55 -routability_driven -pad_right 0 -pad_left 0 -init_wirelength_coef 0.25
[INFO GPL-0001] ---- Initialize GPL Main Data Structures
[INFO GPL-0002] DBU: 2000
[INFO GPL-0003] SiteSize: (  0.560  3.920 ) um
[INFO GPL-0004] CoreBBox: (  6.720 15.680 ) ( 912.800 921.200 ) um
[INFO GPL-0036] Movable instances area:     140808.909 um^2
[INFO GPL-0037] Total instances area:       268609.062 um^2
[INFO GPL-0035] Pin density area adjust:     12646.387 um^2
[INFO GPL-0032] ---- Initialize Region: Top-level
[INFO GPL-0006] Number of instances:             10137
[INFO GPL-0007] Movable instances:                5372
[INFO GPL-0008] Fixed instances:                  4657
[INFO GPL-0009] Dummy instances:                   108
[INFO GPL-0010] Number of nets:                   5391
[INFO GPL-0011] Number of pins:                  19406
[INFO GPL-0012] Die BBox:  (  0.000  0.000 ) ( 919.730 937.650 ) um
[INFO GPL-0013] Core BBox: (  6.720 15.680 ) ( 912.800 921.200 ) um
[INFO GPL-0016] Core area:                  820473.562 um^2
[INFO GPL-0014] Region name: top-level.
[INFO GPL-0015] Region area:                820473.562 um^2
[INFO GPL-0017] Fixed instances area:       128379.686 um^2
[INFO GPL-0018] Movable instances area:     153455.296 um^2
[INFO GPL-0019] Utilization:                    22.173 %
[INFO GPL-0020] Standard cells area:        153455.296 um^2
[INFO GPL-0021] Large instances area:            0.000 um^2
[INFO GPL-0005] ---- Execute Conjugate Gradient Initial Placement.
[INFO GPL-0051] Source of initial instance position counters:
	Odb location = 5372	Core center = 0	Region center = 0
[InitialPlace]  Iter: 1 conjugate gradient residual: 0.00183228 HPWL: 622171328
[InitialPlace]  Iter: 2 conjugate gradient residual: 0.00645170 HPWL: 234992074
[InitialPlace]  Iter: 3 conjugate gradient residual: 0.00054145 HPWL: 209836820
[InitialPlace]  Iter: 4 conjugate gradient residual: 0.00017056 HPWL: 199370336
[InitialPlace]  Iter: 5 conjugate gradient residual: 0.00009612 HPWL: 196831700
[InitialPlace]  Iter: 6 conjugate gradient residual: 0.00008836 HPWL: 196176237
[InitialPlace]  Iter: 7 conjugate gradient residual: 0.00024233 HPWL: 195990360
[InitialPlace]  Iter: 8 conjugate gradient residual: 0.00022125 HPWL: 195833010
[InitialPlace]  Iter: 9 conjugate gradient residual: 0.00007807 HPWL: 195307551
[InitialPlace]  Iter: 10 conjugate gradient residual: 0.00008940 HPWL: 195005183
[InitialPlace]  Iter: 11 conjugate gradient residual: 0.00003435 HPWL: 193827986
[InitialPlace]  Iter: 12 conjugate gradient residual: 0.00004056 HPWL: 193763636
[InitialPlace]  Iter: 13 conjugate gradient residual: 0.00001928 HPWL: 193541178
[InitialPlace]  Iter: 14 conjugate gradient residual: 0.00004658 HPWL: 193503593
[InitialPlace]  Iter: 15 conjugate gradient residual: 0.00003092 HPWL: 193542242
[InitialPlace]  Iter: 16 conjugate gradient residual: 0.00003329 HPWL: 193520070
[InitialPlace]  Iter: 17 conjugate gradient residual: 0.00003525 HPWL: 193519469
[InitialPlace]  Iter: 18 conjugate gradient residual: 0.00002741 HPWL: 193472489
[InitialPlace]  Iter: 19 conjugate gradient residual: 0.00057981 HPWL: 193475353
[InitialPlace]  Iter: 20 conjugate gradient residual: 0.00007032 HPWL: 193742227
[INFO GPL-0033] ---- Initialize Nesterov Region: Top-level
[INFO GPL-0023] Placement target density:       0.5500
[INFO GPL-0024] Movable insts average area:     28.566 um^2
[INFO GPL-0025] Ideal bin area:                 51.938 um^2
[INFO GPL-0026] Ideal bin count:                 15797
[INFO GPL-0027] Total bin area:             820473.562 um^2
[INFO GPL-0028] Bin count (X, Y):          64 ,     64
[INFO GPL-0029] Bin size (W * H):      14.158 * 14.149 um
[INFO GPL-0030] Number of bins:                   4096
[INFO GPL-0007] ---- Execute Nesterov Global Placement.
[INFO GPL-0031] HPWL: Half-Perimeter Wirelength
Iteration | Overflow |     HPWL (um) |  HPWL(%) |   Penalty | Group
---------------------------------------------------------------
        0 |   0.9914 |  2.957826e+04 |   +0.00% |  7.30e-17 |      
       10 |   0.9868 |  3.554957e+04 |  +20.19% |  1.19e-16 |      
       20 |   0.9832 |  3.732816e+04 |   +5.00% |  1.93e-16 |      
       30 |   0.9824 |  3.850770e+04 |   +3.16% |  3.15e-16 |      
       40 |   0.9823 |  3.868960e+04 |   +0.47% |  5.13e-16 |      
       50 |   0.9822 |  3.835209e+04 |   -0.87% |  8.36e-16 |      
       60 |   0.9821 |  3.808726e+04 |   -0.69% |  1.36e-15 |      
       70 |   0.9814 |  3.813913e+04 |   +0.14% |  2.22e-15 |      
       80 |   0.9802 |  3.831336e+04 |   +0.46% |  3.61e-15 |      
       90 |   0.9787 |  3.837355e+04 |   +0.16% |  5.88e-15 |      
      100 |   0.9771 |  3.838610e+04 |   +0.03% |  9.58e-15 |      
      110 |   0.9753 |  3.849572e+04 |   +0.29% |  1.56e-14 |      
      120 |   0.9737 |  3.876109e+04 |   +0.69% |  2.54e-14 |      
      130 |   0.9712 |  3.924715e+04 |   +1.25% |  4.14e-14 |      
      140 |   0.9684 |  4.008627e+04 |   +2.14% |  6.74e-14 |      
      150 |   0.9645 |  4.159852e+04 |   +3.77% |  1.10e-13 |      
      160 |   0.9588 |  4.454426e+04 |   +7.08% |  1.79e-13 |      
      170 |   0.9489 |  5.027738e+04 |  +12.87% |  2.91e-13 |      
      180 |   0.9340 |  5.891489e+04 |  +17.18% |  4.73e-13 |      
      190 |   0.9205 |  6.727205e+04 |  +14.19% |  7.69e-13 |      
      200 |   0.9055 |  7.445685e+04 |  +10.68% |  1.25e-12 |      
      210 |   0.8870 |  8.334334e+04 |  +11.94% |  2.03e-12 |      
      220 |   0.8630 |  9.404285e+04 |  +12.84% |  3.30e-12 |      
      230 |   0.8330 |  1.060927e+05 |  +12.81% |  5.37e-12 |      
      240 |   0.8033 |  1.200880e+05 |  +13.19% |  8.72e-12 |      
      250 |   0.7700 |  1.351381e+05 |  +12.53% |  1.42e-11 |      
      260 |   0.7317 |  1.502104e+05 |  +11.15% |  2.30e-11 |      
      270 |   0.6918 |  1.594755e+05 |   +6.17% |  3.73e-11 |      
      280 |   0.6470 |  1.763503e+05 |  +10.58% |  6.06e-11 |      
      290 |   0.6042 |  1.865345e+05 |   +5.77% |  9.85e-11 |      
[INFO GPL-0038] Routability snapshot saved at iter = 292
      291 |   0.5989 |  1.883225e+05 |          |           |      
      300 |   0.5549 |  1.995499e+05 |   +6.98% |  1.60e-10 |      
      310 |   0.5069 |  2.086230e+05 |   +4.55% |  2.60e-10 |      
      320 |   0.4492 |  2.166617e+05 |   +3.85% |  4.23e-10 |      
      330 |   0.3833 |  2.236212e+05 |   +3.21% |  6.88e-10 |      
      340 |   0.3353 |  2.288040e+05 |   +2.32% |  1.09e-09 |      
      350 |   0.2992 |  2.320064e+05 |   +1.40% |  1.60e-09 |      
[INFO GPL-0040] Routability iteration: 1
[INFO GPL-0041] Total routing overflow: 16.5625
[INFO GPL-0042] Number of overflowed tiles: 1079 (8.92%)
[INFO GPL-0043] Average top 0.5% routing congestion: 1.1651
[INFO GPL-0044] Average top 1.0% routing congestion: 1.1020
[INFO GPL-0045] Average top 2.0% routing congestion: 1.0597
[INFO GPL-0046] Average top 5.0% routing congestion: 1.0268
[INFO GPL-0047] Routability iteration weighted routing congestion: 1.1336
[INFO GPL-0048] Routing congestion (1.1336) lower than previous minimum (1e+30). Updating minimum.
[INFO GPL-0051] Inflated area:                2844.279 um^2 (+1.85%)
[INFO GPL-0052] Placement target density:       0.5500
[INFO GPL-0076] Removing fillers, count: Before: 8067, After: 7967 (-1.24%)
[INFO GPL-0077] Filler area (um^2)     : Before: 227196.339, After: 224376.320 (-1.24%)
[INFO GPL-0078] Removed fillers count: 100, area removed: 2816.321 um^2. Remaining area to be compensated by modifying density: 27.958 um^2
[INFO GPL-0058] White space area:           692093.875 um^2 (+0.00%)
[INFO GPL-0059] Movable instances area:     380651.635 um^2 (+0.00%)
[INFO GPL-0060] Total filler area:          224376.320 um^2 (-1.24%)
[INFO GPL-0061] Total non-inflated area:    380675.895 um^2 (+0.01%)
[INFO GPL-0062] Total inflated area:        383520.174 um^2 (+0.01%)
[INFO GPL-0063] New Target Density:             0.5500
[INFO GPL-0087] Routability end iteration: increase inflation and revert back to snapshot.
Iteration | Overflow |     HPWL (um) |  HPWL(%) |   Penalty | Group
---------------------------------------------------------------
      360 |   0.5543 |  2.018038e+05 |  -13.02% |  1.54e-10 |      
      370 |   0.5219 |  2.080938e+05 |   +3.12% |  2.26e-10 |      
      380 |   0.4777 |  2.146814e+05 |   +3.17% |  3.32e-10 |      
      390 |   0.4309 |  2.210810e+05 |   +2.98% |  4.89e-10 |      
      400 |   0.3793 |  2.254701e+05 |   +1.99% |  7.20e-10 |      
      410 |   0.3392 |  2.307482e+05 |   +2.34% |  1.06e-09 |      
      420 |   0.3078 |  2.347406e+05 |   +1.73% |  1.56e-09 |      
[INFO GPL-0040] Routability iteration: 2
[INFO GPL-0041] Total routing overflow: 11.2373
[INFO GPL-0042] Number of overflowed tiles: 1060 (8.76%)
[INFO GPL-0043] Average top 0.5% routing congestion: 1.0897
[INFO GPL-0044] Average top 1.0% routing congestion: 1.0622
[INFO GPL-0045] Average top 2.0% routing congestion: 1.0393
[INFO GPL-0046] Average top 5.0% routing congestion: 1.0181
[INFO GPL-0047] Routability iteration weighted routing congestion: 1.0760
[INFO GPL-0048] Routing congestion (1.0760) lower than previous minimum (1.134). Updating minimum.
[INFO GPL-0051] Inflated area:                 898.782 um^2 (+0.58%)
[INFO GPL-0052] Placement target density:       0.5500
[INFO GPL-0076] Removing fillers, count: Before: 7967, After: 7936 (-0.39%)
[INFO GPL-0077] Filler area (um^2)     : Before: 224376.320, After: 223503.260 (-0.39%)
[INFO GPL-0078] Removed fillers count: 31, area removed: 873.060 um^2. Remaining area to be compensated by modifying density: 25.722 um^2
[INFO GPL-0058] White space area:           692093.875 um^2 (+0.00%)
[INFO GPL-0059] Movable instances area:     380651.635 um^2 (+0.00%)
[INFO GPL-0060] Total filler area:          223503.260 um^2 (-0.39%)
[INFO GPL-0061] Total non-inflated area:    380701.617 um^2 (+0.01%)
[INFO GPL-0062] Total inflated area:        381600.399 um^2 (+0.01%)
[INFO GPL-0063] New Target Density:             0.5500
[INFO GPL-0087] Routability end iteration: increase inflation and revert back to snapshot.
Iteration | Overflow |     HPWL (um) |  HPWL(%) |   Penalty | Group
---------------------------------------------------------------
      430 |   0.5606 |  2.020825e+05 |  -13.91% |  1.42e-10 |      
      440 |   0.5309 |  2.079736e+05 |   +2.92% |  2.09e-10 |      
      450 |   0.4852 |  2.145348e+05 |   +3.15% |  3.08e-10 |      
      460 |   0.4406 |  2.211357e+05 |   +3.08% |  4.53e-10 |      
      470 |   0.3888 |  2.257544e+05 |   +2.09% |  6.66e-10 |      
      480 |   0.3479 |  2.309815e+05 |   +2.32% |  9.81e-10 |      
      490 |   0.3134 |  2.352830e+05 |   +1.86% |  1.44e-09 |      
[INFO GPL-0040] Routability iteration: 3
[INFO GPL-0041] Total routing overflow: 9.6778
[INFO GPL-0042] Number of overflowed tiles: 1042 (8.61%)
[INFO GPL-0043] Average top 0.5% routing congestion: 1.0723
[INFO GPL-0044] Average top 1.0% routing congestion: 1.0518
[INFO GPL-0045] Average top 2.0% routing congestion: 1.0336
[INFO GPL-0046] Average top 5.0% routing congestion: 1.0156
[INFO GPL-0047] Routability iteration weighted routing congestion: 1.0621
[INFO GPL-0048] Routing congestion (1.0621) lower than previous minimum (1.076). Updating minimum.
[INFO GPL-0051] Inflated area:                 444.841 um^2 (+0.28%)
[INFO GPL-0052] Placement target density:       0.5500
[INFO GPL-0076] Removing fillers, count: Before: 7936, After: 7921 (-0.19%)
[INFO GPL-0077] Filler area (um^2)     : Before: 223503.260, After: 223080.812 (-0.19%)
[INFO GPL-0078] Removed fillers count: 15, area removed: 422.448 um^2. Remaining area to be compensated by modifying density: 22.393 um^2
[INFO GPL-0058] White space area:           692093.875 um^2 (+0.00%)
[INFO GPL-0059] Movable instances area:     380651.635 um^2 (+0.00%)
[INFO GPL-0060] Total filler area:          223080.812 um^2 (-0.19%)
[INFO GPL-0061] Total non-inflated area:    380724.010 um^2 (+0.01%)
[INFO GPL-0062] Total inflated area:        381168.851 um^2 (+0.01%)
[INFO GPL-0063] New Target Density:             0.5500
[INFO GPL-0087] Routability end iteration: increase inflation and revert back to snapshot.
Iteration | Overflow |     HPWL (um) |  HPWL(%) |   Penalty | Group
---------------------------------------------------------------
      500 |   0.5778 |  1.989644e+05 |  -15.44% |  1.27e-10 |      
      510 |   0.5379 |  2.070189e+05 |   +4.05% |  1.86e-10 |      
      520 |   0.5003 |  2.126282e+05 |   +2.71% |  2.74e-10 |      
      530 |   0.4522 |  2.200558e+05 |   +3.49% |  4.03e-10 |      
      540 |   0.4027 |  2.254425e+05 |   +2.45% |  5.93e-10 |      
      550 |   0.3607 |  2.298610e+05 |   +1.96% |  8.73e-10 |      
      560 |   0.3218 |  2.348732e+05 |   +2.18% |  1.29e-09 |      
[INFO GPL-0040] Routability iteration: 4
[INFO GPL-0041] Total routing overflow: 9.1316
[INFO GPL-0042] Number of overflowed tiles: 1044 (8.63%)
[INFO GPL-0043] Average top 0.5% routing congestion: 1.0659
[INFO GPL-0044] Average top 1.0% routing congestion: 1.0481
[INFO GPL-0045] Average top 2.0% routing congestion: 1.0313
[INFO GPL-0046] Average top 5.0% routing congestion: 1.0147
[INFO GPL-0047] Routability iteration weighted routing congestion: 1.0570
[INFO GPL-0048] Routing congestion (1.0570) lower than previous minimum (1.062). Updating minimum.
[INFO GPL-0051] Inflated area:                 444.511 um^2 (+0.28%)
[INFO GPL-0052] Placement target density:       0.5500
[INFO GPL-0076] Removing fillers, count: Before: 7921, After: 7906 (-0.19%)
[INFO GPL-0077] Filler area (um^2)     : Before: 223080.812, After: 222658.364 (-0.19%)
[INFO GPL-0078] Removed fillers count: 15, area removed: 422.448 um^2. Remaining area to be compensated by modifying density: 22.063 um^2
[INFO GPL-0058] White space area:           692093.875 um^2 (+0.00%)
[INFO GPL-0059] Movable instances area:     380651.635 um^2 (+0.00%)
[INFO GPL-0060] Total filler area:          222658.364 um^2 (-0.19%)
[INFO GPL-0061] Total non-inflated area:    380746.073 um^2 (+0.01%)
[INFO GPL-0062] Total inflated area:        381190.584 um^2 (+0.01%)
[INFO GPL-0063] New Target Density:             0.5500
[INFO GPL-0087] Routability end iteration: increase inflation and revert back to snapshot.
Iteration | Overflow |     HPWL (um) |  HPWL(%) |   Penalty | Group
---------------------------------------------------------------
      570 |   0.5920 |  1.951801e+05 |  -16.90% |  1.17e-10 |      
      580 |   0.5428 |  2.062622e+05 |   +5.68% |  1.72e-10 |      
      590 |   0.5096 |  2.116133e+05 |   +2.59% |  2.54e-10 |      
      600 |   0.4616 |  2.192325e+05 |   +3.60% |  3.73e-10 |      
      610 |   0.4126 |  2.252311e+05 |   +2.74% |  5.49e-10 |      
      620 |   0.3669 |  2.294708e+05 |   +1.88% |  8.08e-10 |      
      630 |   0.3284 |  2.346910e+05 |   +2.27% |  1.19e-09 |      
[INFO GPL-0040] Routability iteration: 5
[INFO GPL-0041] Total routing overflow: 8.6712
[INFO GPL-0042] Number of overflowed tiles: 1041 (8.60%)
[INFO GPL-0043] Average top 0.5% routing congestion: 1.0605
[INFO GPL-0044] Average top 1.0% routing congestion: 1.0450
[INFO GPL-0045] Average top 2.0% routing congestion: 1.0295
[INFO GPL-0046] Average top 5.0% routing congestion: 1.0139
[INFO GPL-0047] Routability iteration weighted routing congestion: 1.0527
[INFO GPL-0048] Routing congestion (1.0527) lower than previous minimum (1.057). Updating minimum.
[INFO GPL-0051] Inflated area:                 462.564 um^2 (+0.29%)
[INFO GPL-0052] Placement target density:       0.5500
[INFO GPL-0076] Removing fillers, count: Before: 7906, After: 7890 (-0.20%)
[INFO GPL-0077] Filler area (um^2)     : Before: 222658.364, After: 222207.753 (-0.20%)
[INFO GPL-0078] Removed fillers count: 16, area removed: 450.611 um^2. Remaining area to be compensated by modifying density: 11.953 um^2
[INFO GPL-0058] White space area:           692093.875 um^2 (+0.00%)
[INFO GPL-0059] Movable instances area:     380651.635 um^2 (+0.00%)
[INFO GPL-0060] Total filler area:          222207.753 um^2 (-0.20%)
[INFO GPL-0061] Total non-inflated area:    380758.026 um^2 (+0.00%)
[INFO GPL-0062] Total inflated area:        381220.590 um^2 (+0.00%)
[INFO GPL-0063] New Target Density:             0.5500
[INFO GPL-0087] Routability end iteration: increase inflation and revert back to snapshot.
Iteration | Overflow |     HPWL (um) |  HPWL(%) |   Penalty | Group
---------------------------------------------------------------
      640 |   0.6066 |  1.902913e+05 |  -18.92% |  1.09e-10 |      
      650 |   0.5479 |  2.061005e+05 |   +8.31% |  1.60e-10 |      
      660 |   0.5183 |  2.109556e+05 |   +2.36% |  2.35e-10 |      
      670 |   0.4721 |  2.182925e+05 |   +3.48% |  3.45e-10 |      
      680 |   0.4244 |  2.249413e+05 |   +3.05% |  5.08e-10 |      
      690 |   0.3749 |  2.291846e+05 |   +1.89% |  7.48e-10 |      
      700 |   0.3358 |  2.345003e+05 |   +2.32% |  1.10e-09 |      
      710 |   0.3020 |  2.384196e+05 |   +1.67% |  1.62e-09 |      
[INFO GPL-0040] Routability iteration: 6
[INFO GPL-0041] Total routing overflow: 8.4582
[INFO GPL-0042] Number of overflowed tiles: 1038 (8.58%)
[INFO GPL-0043] Average top 0.5% routing congestion: 1.0578
[INFO GPL-0044] Average top 1.0% routing congestion: 1.0434
[INFO GPL-0045] Average top 2.0% routing congestion: 1.0287
[INFO GPL-0046] Average top 5.0% routing congestion: 1.0136
[INFO GPL-0047] Routability iteration weighted routing congestion: 1.0506
[INFO GPL-0048] Routing congestion (1.0506) lower than previous minimum (1.053). Updating minimum.
[INFO GPL-0051] Inflated area:                 624.749 um^2 (+0.39%)
[INFO GPL-0052] Placement target density:       0.5500
[INFO GPL-0076] Removing fillers, count: Before: 7890, After: 7868 (-0.28%)
[INFO GPL-0077] Filler area (um^2)     : Before: 222207.753, After: 221588.162 (-0.28%)
[INFO GPL-0078] Removed fillers count: 22, area removed: 619.591 um^2. Remaining area to be compensated by modifying density: 5.158 um^2
[INFO GPL-0058] White space area:           692093.875 um^2 (+0.00%)
[INFO GPL-0059] Movable instances area:     380651.635 um^2 (+0.00%)
[INFO GPL-0060] Total filler area:          221588.162 um^2 (-0.28%)
[INFO GPL-0061] Total non-inflated area:    380763.184 um^2 (+0.00%)
[INFO GPL-0062] Total inflated area:        381387.932 um^2 (+0.00%)
[INFO GPL-0063] New Target Density:             0.5500
[INFO GPL-0087] Routability end iteration: increase inflation and revert back to snapshot.
Iteration | Overflow |     HPWL (um) |  HPWL(%) |   Penalty | Group
---------------------------------------------------------------
      720 |   0.5546 |  2.046492e+05 |  -14.16% |  1.48e-10 |      
      730 |   0.5275 |  2.107903e+05 |   +3.00% |  2.17e-10 |      
      740 |   0.4827 |  2.175359e+05 |   +3.20% |  3.20e-10 |      
      750 |   0.4348 |  2.246540e+05 |   +3.27% |  4.70e-10 |      
      760 |   0.3849 |  2.288379e+05 |   +1.86% |  6.92e-10 |      
      770 |   0.3435 |  2.343027e+05 |   +2.39% |  1.02e-09 |      
      780 |   0.3072 |  2.383840e+05 |   +1.74% |  1.50e-09 |      
[INFO GPL-0040] Routability iteration: 7
[INFO GPL-0041] Total routing overflow: 7.8632
[INFO GPL-0042] Number of overflowed tiles: 1035 (8.55%)
[INFO GPL-0043] Average top 0.5% routing congestion: 1.0517
[INFO GPL-0044] Average top 1.0% routing congestion: 1.0393
[INFO GPL-0045] Average top 2.0% routing congestion: 1.0264
[INFO GPL-0046] Average top 5.0% routing congestion: 1.0126
[INFO GPL-0047] Routability iteration weighted routing congestion: 1.0455
[INFO GPL-0048] Routing congestion (1.0455) lower than previous minimum (1.051). Updating minimum.
[INFO GPL-0051] Inflated area:                 311.290 um^2 (+0.20%)
[INFO GPL-0052] Placement target density:       0.5500
[INFO GPL-0076] Removing fillers, count: Before: 7868, After: 7857 (-0.14%)
[INFO GPL-0077] Filler area (um^2)     : Before: 221588.162, After: 221278.367 (-0.14%)
[INFO GPL-0078] Removed fillers count: 11, area removed: 309.795 um^2. Remaining area to be compensated by modifying density: 1.495 um^2
[INFO GPL-0058] White space area:           692093.875 um^2 (+0.00%)
[INFO GPL-0059] Movable instances area:     380651.635 um^2 (+0.00%)
[INFO GPL-0060] Total filler area:          221278.367 um^2 (-0.14%)
[INFO GPL-0061] Total non-inflated area:    380764.678 um^2 (+0.00%)
[INFO GPL-0062] Total inflated area:        381075.968 um^2 (+0.00%)
[INFO GPL-0063] New Target Density:             0.5500
[INFO GPL-0087] Routability end iteration: increase inflation and revert back to snapshot.
Iteration | Overflow |     HPWL (um) |  HPWL(%) |   Penalty | Group
---------------------------------------------------------------
      790 |   0.5639 |  2.031828e+05 |  -14.77% |  1.37e-10 |      
      800 |   0.5339 |  2.105132e+05 |   +3.61% |  2.01e-10 |      
      810 |   0.4913 |  2.162243e+05 |   +2.71% |  2.96e-10 |      
      820 |   0.4452 |  2.236942e+05 |   +3.45% |  4.35e-10 |      
      830 |   0.3944 |  2.281072e+05 |   +1.97% |  6.41e-10 |      
      840 |   0.3522 |  2.334427e+05 |   +2.34% |  9.43e-10 |      
      850 |   0.3150 |  2.380211e+05 |   +1.96% |  1.39e-09 |      
[INFO GPL-0040] Routability iteration: 8
[INFO GPL-0041] Total routing overflow: 7.5005
[INFO GPL-0042] Number of overflowed tiles: 1035 (8.55%)
[INFO GPL-0043] Average top 0.5% routing congestion: 1.0486
[INFO GPL-0044] Average top 1.0% routing congestion: 1.0371
[INFO GPL-0045] Average top 2.0% routing congestion: 1.0250
[INFO GPL-0046] Average top 5.0% routing congestion: 1.0120
[INFO GPL-0047] Routability iteration weighted routing congestion: 1.0428
[INFO GPL-0048] Routing congestion (1.0428) lower than previous minimum (1.046). Updating minimum.
[INFO GPL-0051] Inflated area:                 145.855 um^2 (+0.09%)
[INFO GPL-0052] Placement target density:       0.5500
[INFO GPL-0076] Removing fillers, count: Before: 7857, After: 7852 (-0.06%)
[INFO GPL-0077] Filler area (um^2)     : Before: 221278.367, After: 221137.550 (-0.06%)
[INFO GPL-0078] Removed fillers count: 5, area removed: 140.816 um^2. Remaining area to be compensated by modifying density: 5.039 um^2
[INFO GPL-0058] White space area:           692093.875 um^2 (+0.00%)
[INFO GPL-0059] Movable instances area:     380651.635 um^2 (+0.00%)
[INFO GPL-0060] Total filler area:          221137.550 um^2 (-0.06%)
[INFO GPL-0061] Total non-inflated area:    380769.717 um^2 (+0.00%)
[INFO GPL-0062] Total inflated area:        380915.572 um^2 (+0.00%)
[INFO GPL-0063] New Target Density:             0.5500
[INFO GPL-0087] Routability end iteration: increase inflation and revert back to snapshot.
Iteration | Overflow |     HPWL (um) |  HPWL(%) |   Penalty | Group
---------------------------------------------------------------
      860 |   0.5779 |  2.005869e+05 |  -15.73% |  1.27e-10 |      
      870 |   0.5374 |  2.095559e+05 |   +4.47% |  1.86e-10 |      
      880 |   0.5011 |  2.147182e+05 |   +2.46% |  2.74e-10 |      
      890 |   0.4540 |  2.225891e+05 |   +3.67% |  4.03e-10 |      
      900 |   0.4030 |  2.274666e+05 |   +2.19% |  5.93e-10 |      
      910 |   0.3619 |  2.322934e+05 |   +2.12% |  8.73e-10 |      
      920 |   0.3224 |  2.374661e+05 |   +2.23% |  1.28e-09 |      
[INFO GPL-0040] Routability iteration: 9
[INFO GPL-0041] Total routing overflow: 7.4507
[INFO GPL-0042] Number of overflowed tiles: 1031 (8.52%)
[INFO GPL-0043] Average top 0.5% routing congestion: 1.0502
[INFO GPL-0044] Average top 1.0% routing congestion: 1.0371
[INFO GPL-0045] Average top 2.0% routing congestion: 1.0248
[INFO GPL-0046] Average top 5.0% routing congestion: 1.0119
[INFO GPL-0047] Routability iteration weighted routing congestion: 1.0436
[INFO GPL-0049] Routing congestion (1.0436) higher than minimum (1.0428). Consecutive non-improvement count: 1.
[INFO GPL-0051] Inflated area:                 231.915 um^2 (+0.15%)
[INFO GPL-0052] Placement target density:       0.5500
[INFO GPL-0076] Removing fillers, count: Before: 7852, After: 7844 (-0.10%)
[INFO GPL-0077] Filler area (um^2)     : Before: 221137.550, After: 220912.245 (-0.10%)
[INFO GPL-0078] Removed fillers count: 8, area removed: 225.306 um^2. Remaining area to be compensated by modifying density: 6.609 um^2
[INFO GPL-0058] White space area:           692093.875 um^2 (+0.00%)
[INFO GPL-0059] Movable instances area:     380651.635 um^2 (+0.00%)
[INFO GPL-0060] Total filler area:          220912.245 um^2 (-0.10%)
[INFO GPL-0061] Total non-inflated area:    380776.326 um^2 (+0.00%)
[INFO GPL-0062] Total inflated area:        381008.241 um^2 (+0.00%)
[INFO GPL-0063] New Target Density:             0.5500
[INFO GPL-0087] Routability end iteration: increase inflation and revert back to snapshot.
Iteration | Overflow |     HPWL (um) |  HPWL(%) |   Penalty | Group
---------------------------------------------------------------
      930 |   0.5864 |  1.985985e+05 |  -16.37% |  1.22e-10 |      
      940 |   0.5390 |  2.089964e+05 |   +5.24% |  1.79e-10 |      
      950 |   0.5063 |  2.141205e+05 |   +2.45% |  2.64e-10 |      
      960 |   0.4585 |  2.220529e+05 |   +3.70% |  3.88e-10 |      
      970 |   0.4068 |  2.272591e+05 |   +2.34% |  5.71e-10 |      
      980 |   0.3650 |  2.319420e+05 |   +2.06% |  8.40e-10 |      
      990 |   0.3261 |  2.372650e+05 |   +2.29% |  1.24e-09 |      
[INFO GPL-0040] Routability iteration: 10
[INFO GPL-0041] Total routing overflow: 7.0963
[INFO GPL-0042] Number of overflowed tiles: 1025 (8.47%)
[INFO GPL-0043] Average top 0.5% routing congestion: 1.0468
[INFO GPL-0044] Average top 1.0% routing congestion: 1.0352
[INFO GPL-0045] Average top 2.0% routing congestion: 1.0237
[INFO GPL-0046] Average top 5.0% routing congestion: 1.0113
[INFO GPL-0047] Routability iteration weighted routing congestion: 1.0410
[INFO GPL-0048] Routing congestion (1.0410) lower than previous minimum (1.043). Updating minimum.
[INFO GPL-0051] Inflated area:                  67.034 um^2 (+0.04%)
[INFO GPL-0052] Placement target density:       0.5500
[INFO GPL-0076] Removing fillers, count: Before: 7844, After: 7842 (-0.03%)
[INFO GPL-0077] Filler area (um^2)     : Before: 220912.245, After: 220855.918 (-0.03%)
[INFO GPL-0078] Removed fillers count: 2, area removed: 56.326 um^2. Remaining area to be compensated by modifying density: 10.707 um^2
[INFO GPL-0058] White space area:           692093.875 um^2 (+0.00%)
[INFO GPL-0059] Movable instances area:     380651.635 um^2 (+0.00%)
[INFO GPL-0060] Total filler area:          220855.918 um^2 (-0.03%)
[INFO GPL-0061] Total non-inflated area:    380787.034 um^2 (+0.00%)
[INFO GPL-0062] Total inflated area:        380854.067 um^2 (+0.00%)
[INFO GPL-0063] New Target Density:             0.5500
[INFO GPL-0087] Routability end iteration: increase inflation and revert back to snapshot.
Iteration | Overflow |     HPWL (um) |  HPWL(%) |   Penalty | Group
---------------------------------------------------------------
     1000 |   0.6036 |  1.926836e+05 |  -18.79% |  1.13e-10 |      
     1010 |   0.5443 |  2.086287e+05 |   +8.28% |  1.66e-10 |      
     1020 |   0.5157 |  2.129303e+05 |   +2.06% |  2.44e-10 |      
     1030 |   0.4688 |  2.205213e+05 |   +3.57% |  3.59e-10 |      
     1040 |   0.4173 |  2.266634e+05 |   +2.79% |  5.28e-10 |      
     1050 |   0.3709 |  2.311847e+05 |   +1.99% |  7.77e-10 |      
     1060 |   0.3326 |  2.365107e+05 |   +2.30% |  1.14e-09 |      
     1070 |   0.2972 |  2.399715e+05 |   +1.46% |  1.68e-09 |      
[INFO GPL-0040] Routability iteration: 11
[INFO GPL-0041] Total routing overflow: 7.0519
[INFO GPL-0042] Number of overflowed tiles: 1022 (8.45%)
[INFO GPL-0043] Average top 0.5% routing congestion: 1.0470
[INFO GPL-0044] Average top 1.0% routing congestion: 1.0350
[INFO GPL-0045] Average top 2.0% routing congestion: 1.0236
[INFO GPL-0046] Average top 5.0% routing congestion: 1.0113
[INFO GPL-0047] Routability iteration weighted routing congestion: 1.0410
[INFO GPL-0049] Routing congestion (1.0410) higher than minimum (1.0410). Consecutive non-improvement count: 1.
[INFO GPL-0051] Inflated area:                  77.454 um^2 (+0.05%)
[INFO GPL-0052] Placement target density:       0.5500
[INFO GPL-0076] Removing fillers, count: Before: 7842, After: 7840 (-0.03%)
[INFO GPL-0077] Filler area (um^2)     : Before: 220855.918, After: 220799.592 (-0.03%)
[INFO GPL-0078] Removed fillers count: 2, area removed: 56.326 um^2. Remaining area to be compensated by modifying density: 21.127 um^2
[INFO GPL-0058] White space area:           692093.875 um^2 (+0.00%)
[INFO GPL-0059] Movable instances area:     380651.635 um^2 (+0.00%)
[INFO GPL-0060] Total filler area:          220799.592 um^2 (-0.03%)
[INFO GPL-0061] Total non-inflated area:    380808.161 um^2 (+0.01%)
[INFO GPL-0062] Total inflated area:        380885.615 um^2 (+0.01%)
[INFO GPL-0063] New Target Density:             0.5500
[INFO GPL-0087] Routability end iteration: increase inflation and revert back to snapshot.
Iteration | Overflow |     HPWL (um) |  HPWL(%) |   Penalty | Group
---------------------------------------------------------------
     1080 |   0.5509 |  2.064419e+05 |  -13.97% |  1.53e-10 |      
     1090 |   0.5250 |  2.121116e+05 |   +2.75% |  2.26e-10 |      
     1100 |   0.4785 |  2.189933e+05 |   +3.24% |  3.32e-10 |      
     1110 |   0.4288 |  2.260175e+05 |   +3.21% |  4.89e-10 |      
     1120 |   0.3807 |  2.303209e+05 |   +1.90% |  7.19e-10 |      
     1130 |   0.3405 |  2.356731e+05 |   +2.32% |  1.06e-09 |      
     1140 |   0.3031 |  2.396402e+05 |   +1.68% |  1.56e-09 |      
[INFO GPL-0040] Routability iteration: 12
[INFO GPL-0041] Total routing overflow: 6.9837
[INFO GPL-0042] Number of overflowed tiles: 1019 (8.42%)
[INFO GPL-0043] Average top 0.5% routing congestion: 1.0470
[INFO GPL-0044] Average top 1.0% routing congestion: 1.0347
[INFO GPL-0045] Average top 2.0% routing congestion: 1.0234
[INFO GPL-0046] Average top 5.0% routing congestion: 1.0111
[INFO GPL-0047] Routability iteration weighted routing congestion: 1.0409
[INFO GPL-0049] Routing congestion (1.0409) higher than minimum (1.0410). Consecutive non-improvement count: 2.
[INFO GPL-0051] Inflated area:                  63.528 um^2 (+0.04%)
[INFO GPL-0052] Placement target density:       0.5500
[INFO GPL-0076] Removing fillers, count: Before: 7840, After: 7838 (-0.03%)
[INFO GPL-0077] Filler area (um^2)     : Before: 220799.592, After: 220743.265 (-0.03%)
[INFO GPL-0078] Removed fillers count: 2, area removed: 56.326 um^2. Remaining area to be compensated by modifying density: 7.202 um^2
[INFO GPL-0058] White space area:           692093.875 um^2 (+0.00%)
[INFO GPL-0059] Movable instances area:     380651.635 um^2 (+0.00%)
[INFO GPL-0060] Total filler area:          220743.265 um^2 (-0.03%)
[INFO GPL-0061] Total non-inflated area:    380815.363 um^2 (+0.00%)
[INFO GPL-0062] Total inflated area:        380878.892 um^2 (+0.00%)
[INFO GPL-0063] New Target Density:             0.5500
[INFO GPL-0087] Routability end iteration: increase inflation and revert back to snapshot.
Iteration | Overflow |     HPWL (um) |  HPWL(%) |   Penalty | Group
---------------------------------------------------------------
     1150 |   0.5582 |  2.048785e+05 |  -14.51% |  1.42e-10 |      
     1160 |   0.5314 |  2.113209e+05 |   +3.14% |  2.09e-10 |      
     1170 |   0.4873 |  2.176323e+05 |   +2.99% |  3.08e-10 |      
     1180 |   0.4396 |  2.250678e+05 |   +3.42% |  4.52e-10 |      
     1190 |   0.3907 |  2.292954e+05 |   +1.88% |  6.66e-10 |      
     1200 |   0.3483 |  2.347678e+05 |   +2.39% |  9.80e-10 |      
     1210 |   0.3113 |  2.391195e+05 |   +1.85% |  1.44e-09 |      
[INFO GPL-0040] Routability iteration: 13
[INFO GPL-0041] Total routing overflow: 6.9563
[INFO GPL-0042] Number of overflowed tiles: 1019 (8.42%)
[INFO GPL-0043] Average top 0.5% routing congestion: 1.0469
[INFO GPL-0044] Average top 1.0% routing congestion: 1.0346
[INFO GPL-0045] Average top 2.0% routing congestion: 1.0233
[INFO GPL-0046] Average top 5.0% routing congestion: 1.0111
[INFO GPL-0047] Routability iteration weighted routing congestion: 1.0408
[INFO GPL-0049] Routing congestion (1.0408) higher than minimum (1.0410). Consecutive non-improvement count: 3.
[INFO GPL-0051] Inflated area:                  45.816 um^2 (+0.03%)
[INFO GPL-0052] Placement target density:       0.5500
[INFO GPL-0076] Removing fillers, count: Before: 7838, After: 7837 (-0.01%)
[INFO GPL-0077] Filler area (um^2)     : Before: 220743.265, After: 220715.102 (-0.01%)
[INFO GPL-0078] Removed fillers count: 1, area removed: 28.163 um^2. Remaining area to be compensated by modifying density: 17.652 um^2
[INFO GPL-0054] No improvement in routing congestion for 3 consecutive iterations (limit is 3).
[INFO GPL-0055] Reverting inflation values and target density from the iteration with minimum observed routing congestion.
[INFO GPL-0056] Minimum observed routing congestion: 1.0410
[INFO GPL-0057] Target density at minimum routing congestion: 0.5500
[INFO GPL-0080] Restoring 7 previously removed fillers.
[INFO GPL-0081] Number of fillers before restoration 7837 and after 7844 . Relative change: +0.09%%
[INFO GPL-0082] Total filler area before restoration 220715.10 and after 220912.24 (um^2). Relative change: +0.09%%
[INFO GPL-0089] Routability finished. Reverting to minimal observed routing congestion, could not reach target.
Iteration | Overflow |     HPWL (um) |  HPWL(%) |   Penalty | Group
---------------------------------------------------------------
     1220 |   0.5694 |  2.021854e+05 |  -15.45% |  1.32e-10 |      
     1230 |   0.5357 |  2.102785e+05 |   +4.00% |  1.93e-10 |      
     1240 |   0.4959 |  2.157210e+05 |   +2.59% |  2.85e-10 |      
     1250 |   0.4501 |  2.233879e+05 |   +3.55% |  4.19e-10 |      
     1260 |   0.3988 |  2.279462e+05 |   +2.04% |  6.16e-10 |      
     1270 |   0.3579 |  2.330502e+05 |   +2.24% |  9.07e-10 |      
     1280 |   0.3191 |  2.380144e+05 |   +2.13% |  1.34e-09 |      
     1290 |   0.2882 |  2.410374e+05 |   +1.27% |  1.97e-09 |      
     1300 |   0.2550 |  2.442601e+05 |   +1.34% |  2.89e-09 |      
     1310 |   0.2232 |  2.457959e+05 |   +0.63% |  4.26e-09 |      
     1320 |   0.1951 |  2.475224e+05 |   +0.70% |  6.28e-09 |      
     1330 |   0.1707 |  2.489892e+05 |   +0.59% |  9.25e-09 |      
     1340 |   0.1458 |  2.497252e+05 |   +0.30% |  1.36e-08 |      
     1350 |   0.1256 |  2.503108e+05 |   +0.23% |  2.01e-08 |      
     1360 |   0.1092 |  2.507524e+05 |   +0.18% |  2.96e-08 |      
     1366 |   0.0999 |  2.512260e+05 |          |  3.88e-08 |      
---------------------------------------------------------------
[INFO GPL-1001] Global placement finished at iteration 1366
[INFO GPL-1003] Routability mode iteration count: 980
[INFO GPL-1005] Routability final weighted congestion: 1.0328
[INFO GPL-1002] Placed Cell Area            160072.0977
[INFO GPL-1003] Available Free Area         692093.8752
[INFO GPL-1004] Minimum Feasible Density        0.2300 (cell_area / free_area)
[INFO GPL-1006]   Suggested Target Densities:
[INFO GPL-1007]     - For 90% usage of free space: 0.2570
[INFO GPL-1008]     - For 80% usage of free space: 0.2891
[INFO GPL-1009]     - For 50% usage of free space: 0.4626
[INFO GPL-1011] Original area (um^2): 153455.30
[INFO GPL-1012] Total routability artificial inflation: 6408.79 (+4.18%)
[INFO GPL-1014] Final placement area: 160072.10 (+4.31%)
Setting global connections for newly added cells…
[INFO] Setting global connections...
analog_block_inst matched with analog_block_inst
[INFO ODB-0403] 0 connections made, 0 conflicts skipped.
Updating metrics…
Cell type report:                       Count       Area
  Macro                                     1  105600.00
  Endcap cell                             572    2511.31
  Tap cell                               4656   20441.70
  Tie cell                                 61     535.63
  Buffer                                   16     210.74
  Inverter                                472    4587.97
  Sequential cell                         559   41689.04
  Multi-Input combinational cell         4264   93785.53
  Total                                 10601  269361.92
Writing OpenROAD database to '/workspace/librelane/runs/RUN_2026-08-09_12-36-47/28-openroad-globalplacement/chip_core.odb'…
Writing netlist to '/workspace/librelane/runs/RUN_2026-08-09_12-36-47/28-openroad-globalplacement/chip_core.nl.v'…
Writing powered netlist to '/workspace/librelane/runs/RUN_2026-08-09_12-36-47/28-openroad-globalplacement/chip_core.pnl.v'…
Writing layout to '/workspace/librelane/runs/RUN_2026-08-09_12-36-47/28-openroad-globalplacement/chip_core.def'…
Writing timing constraints to '/workspace/librelane/runs/RUN_2026-08-09_12-36-47/28-openroad-globalplacement/chip_core.sdc'…
