[WARNING ORD-0039] .openroad ignored with -python
Top-level design name: wave_controller
Block boundaries: 0 0 788190 824030
Horizontal Tracks Origin: 560, Count: 735, Step: 1120
Vertical Tracks Origin: 560, Count: 703, Step: 1120
Placement details for the N side
Virtual pin count:  0
Actual pin count:  4
Total pin count:  4
Tracks count:  352
Tracks per pin:  88
Used tracks count:  265
Unused track count:  87
Starting track index:  43
Placement details for the E side
Virtual pin count:  0
Actual pin count:  216
Total pin count:  216
Tracks count:  368
Tracks per pin:  1
Used tracks count:  216
Unused track count:  152
Starting track index:  76
Placement details for the S side
Virtual pin count:  0
Actual pin count:  9
Total pin count:  9
Tracks count:  352
Tracks per pin:  39
Used tracks count:  313
Unused track count:  39
Starting track index:  19
