
===========================================================================
report_checks -unconstrained
===========================================================================
======================= nom_tt_025C_5v00 Corner ===================================

Startpoint: rst_n_PAD (input port clocked by clk_PAD)
Endpoint: _09625_ (recovery check against rising-edge clock clk_PAD)
Path Group: asynchronous
Path Type: max

Fanout         Cap        Slew       Delay        Time   Description
---------------------------------------------------------------------------------------------
                                  0.000000    0.000000   clock clk_PAD (rise edge)
                                  0.000000    0.000000   clock network delay (propagated)
                                  8.000000    8.000000 ^ input external delay
     1    3.035682    0.000000    0.000000    8.000000 ^ rst_n_PAD (inout)
                                                         rst_n_PAD (net)
                      0.000000    0.000000    8.000000 ^ rst_n_pad/PAD (gf180mcu_fd_io__in_c)
     1    0.101106    0.288597    1.045871    9.045871 ^ rst_n_pad/Y (gf180mcu_fd_io__in_c)
                                                         i_chip_core.rst_n (net)
                      0.288597    0.000056    9.045927 ^ fanout813/I (gf180mcu_fd_sc_mcu7t5v0__dlyb_1)
     2    0.099953    1.651977    1.780316   10.826243 ^ fanout813/Z (gf180mcu_fd_sc_mcu7t5v0__dlyb_1)
                                                         net813 (net)
                      1.651985    0.002000   10.828243 ^ wire815/I (gf180mcu_fd_sc_mcu7t5v0__buf_8)
     1    0.109820    0.275690    0.328616   11.156859 ^ wire815/Z (gf180mcu_fd_sc_mcu7t5v0__buf_8)
                                                         net815 (net)
                      0.275698    0.002167   11.159027 ^ wire814/I (gf180mcu_fd_sc_mcu7t5v0__buf_8)
     1    0.109245    0.259793    0.292469   11.451496 ^ wire814/Z (gf180mcu_fd_sc_mcu7t5v0__buf_8)
                                                         net814 (net)
                      0.259799    0.001894   11.453390 ^ fanout812/I (gf180mcu_fd_sc_mcu7t5v0__dlyb_1)
     2    0.051013    0.870821    1.325082   12.778473 ^ fanout812/Z (gf180mcu_fd_sc_mcu7t5v0__dlyb_1)
                                                         net812 (net)
                      0.870824    0.000907   12.779380 ^ fanout811/I (gf180mcu_fd_sc_mcu7t5v0__dlyb_1)
     2    0.056207    0.953404    1.386532   14.165912 ^ fanout811/Z (gf180mcu_fd_sc_mcu7t5v0__dlyb_1)
                                                         net811 (net)
                      0.953407    0.000996   14.166907 ^ fanout810/I (gf180mcu_fd_sc_mcu7t5v0__dlyb_1)
     2    0.043332    0.749134    1.266645   15.433552 ^ fanout810/Z (gf180mcu_fd_sc_mcu7t5v0__dlyb_1)
                                                         net810 (net)
                      0.749137    0.000776   15.434328 ^ fanout809/I (gf180mcu_fd_sc_mcu7t5v0__dlyb_1)
     2    0.042959    0.743007    1.266251   16.700579 ^ fanout809/Z (gf180mcu_fd_sc_mcu7t5v0__dlyb_1)
                                                         net809 (net)
                      0.743009    0.000769   16.701349 ^ fanout790/I (gf180mcu_fd_sc_mcu7t5v0__dlyb_1)
     2    0.014998    0.312171    1.007411   17.708759 ^ fanout790/Z (gf180mcu_fd_sc_mcu7t5v0__dlyb_1)
                                                         net790 (net)
                      0.312171    0.000298   17.709059 ^ fanout789/I (gf180mcu_fd_sc_mcu7t5v0__dlyb_1)
     2    0.019908    0.385156    1.044452   18.753510 ^ fanout789/Z (gf180mcu_fd_sc_mcu7t5v0__dlyb_1)
                                                         net789 (net)
                      0.385156    0.000382   18.753891 ^ fanout782/I (gf180mcu_fd_sc_mcu7t5v0__dlyb_1)
     2    0.017478    0.348663    1.025150   19.779041 ^ fanout782/Z (gf180mcu_fd_sc_mcu7t5v0__dlyb_1)
                                                         net782 (net)
                      0.348663    0.000341   19.779383 ^ fanout776/I (gf180mcu_fd_sc_mcu7t5v0__dlyb_1)
     3    0.022320    0.422354    1.068969   20.848351 ^ fanout776/Z (gf180mcu_fd_sc_mcu7t5v0__dlyb_1)
                                                         net776 (net)
                      0.422354    0.000423   20.848774 ^ fanout775/I (gf180mcu_fd_sc_mcu7t5v0__dlyb_1)
     5    0.044568    0.768430    1.276083   22.124857 ^ fanout775/Z (gf180mcu_fd_sc_mcu7t5v0__dlyb_1)
                                                         net775 (net)
                      0.768433    0.000798   22.125654 ^ fanout774/I (gf180mcu_fd_sc_mcu7t5v0__dlyb_1)
     5    0.047814    0.819479    1.310367   23.436022 ^ fanout774/Z (gf180mcu_fd_sc_mcu7t5v0__dlyb_1)
                                                         net774 (net)
                      0.819482    0.000927   23.436949 ^ _09625_/RN (gf180mcu_fd_sc_mcu7t5v0__dffrnq_1)
                                             23.436949   data arrival time

                                 40.000000   40.000000   clock clk_PAD (rise edge)
                                  0.000000   40.000000   clock source latency
     1    0.335287    0.631253    0.000000   40.000000 ^ clk_pad/Y (gf180mcu_fd_io__in_s)
                                                         clk_PAD2CORE (net)
                      0.631253    0.000476   40.000477 ^ clkbuf_0_clk_PAD2CORE/I (gf180mcu_fd_sc_mcu7t5v0__clkbuf_16)
     4    0.124235    0.188941    0.393754   40.394230 ^ clkbuf_0_clk_PAD2CORE/Z (gf180mcu_fd_sc_mcu7t5v0__clkbuf_16)
                                                         clknet_0_clk_PAD2CORE (net)
                      0.188950    0.002288   40.396519 ^ clkbuf_2_1_0_clk_PAD2CORE/I (gf180mcu_fd_sc_mcu7t5v0__clkbuf_8)
     2    0.111706    0.268765    0.362281   40.758801 ^ clkbuf_2_1_0_clk_PAD2CORE/Z (gf180mcu_fd_sc_mcu7t5v0__clkbuf_8)
                                                         clknet_2_1_0_clk_PAD2CORE (net)
                      0.268772    0.002075   40.760876 ^ clkbuf_3_3_0_clk_PAD2CORE/I (gf180mcu_fd_sc_mcu7t5v0__clkbuf_8)
     9    0.189933    0.421944    0.471033   41.231907 ^ clkbuf_3_3_0_clk_PAD2CORE/Z (gf180mcu_fd_sc_mcu7t5v0__clkbuf_8)
                                                         clknet_3_3_0_clk_PAD2CORE (net)
                      0.422034    0.003386   41.235294 ^ clkbuf_leaf_41_clk_PAD2CORE/I (gf180mcu_fd_sc_mcu7t5v0__clkbuf_8)
    10    0.054193    0.167750    0.341050   41.576344 ^ clkbuf_leaf_41_clk_PAD2CORE/Z (gf180mcu_fd_sc_mcu7t5v0__clkbuf_8)
                                                         clknet_leaf_41_clk_PAD2CORE (net)
                      0.167751    0.000970   41.577312 ^ _09625_/CLK (gf180mcu_fd_sc_mcu7t5v0__dffrnq_1)
                                 -0.250000   41.327312   clock uncertainty
                                  0.000000   41.327312   clock reconvergence pessimism
                                  0.118367   41.445679   library recovery time
                                             41.445679   data required time
---------------------------------------------------------------------------------------------
                                             41.445679   data required time
                                            -23.436949   data arrival time
---------------------------------------------------------------------------------------------
                                             18.008730   slack (MET)


Startpoint: _10127_ (rising edge-triggered flip-flop clocked by clk_PAD)
Endpoint: _10035_ (rising edge-triggered flip-flop clocked by clk_PAD)
Path Group: clk_PAD
Path Type: max

Fanout         Cap        Slew       Delay        Time   Description
---------------------------------------------------------------------------------------------
                                  0.000000    0.000000   clock clk_PAD (rise edge)
                                  0.000000    0.000000   clock source latency
     1    0.335287    0.631253    0.000000    0.000000 ^ clk_pad/Y (gf180mcu_fd_io__in_s)
                                                         clk_PAD2CORE (net)
                      0.631253    0.000476    0.000476 ^ clkbuf_0_clk_PAD2CORE/I (gf180mcu_fd_sc_mcu7t5v0__clkbuf_16)
     4    0.124235    0.188941    0.393755    0.394231 ^ clkbuf_0_clk_PAD2CORE/Z (gf180mcu_fd_sc_mcu7t5v0__clkbuf_16)
                                                         clknet_0_clk_PAD2CORE (net)
                      0.188950    0.002290    0.396520 ^ clkbuf_2_2_0_clk_PAD2CORE/I (gf180mcu_fd_sc_mcu7t5v0__clkbuf_8)
     2    0.092976    0.234409    0.340389    0.736910 ^ clkbuf_2_2_0_clk_PAD2CORE/Z (gf180mcu_fd_sc_mcu7t5v0__clkbuf_8)
                                                         clknet_2_2_0_clk_PAD2CORE (net)
                      0.234414    0.001758    0.738667 ^ clkbuf_3_5_0_clk_PAD2CORE/I (gf180mcu_fd_sc_mcu7t5v0__clkbuf_8)
     9    0.196717    0.435263    0.471506    1.210173 ^ clkbuf_3_5_0_clk_PAD2CORE/Z (gf180mcu_fd_sc_mcu7t5v0__clkbuf_8)
                                                         clknet_3_5_0_clk_PAD2CORE (net)
                      0.435356    0.003500    1.213673 ^ clkbuf_leaf_56_clk_PAD2CORE/I (gf180mcu_fd_sc_mcu7t5v0__clkbuf_8)
     7    0.063089    0.183927    0.354014    1.567686 ^ clkbuf_leaf_56_clk_PAD2CORE/Z (gf180mcu_fd_sc_mcu7t5v0__clkbuf_8)
                                                         clknet_leaf_56_clk_PAD2CORE (net)
                      0.183929    0.001120    1.568807 ^ _10127_/CLK (gf180mcu_fd_sc_mcu7t5v0__dffsnq_1)
     3    0.061816    0.630203    1.141049    2.709855 v _10127_/Q (gf180mcu_fd_sc_mcu7t5v0__dffsnq_1)
                                                         i_chip_core.wave_controller_y_inst.capture_step[0] (net)
                      0.630209    0.001087    2.710943 v fanout389/I (gf180mcu_fd_sc_mcu7t5v0__dlyb_1)
    10    0.096996    1.014116    1.807061    4.518004 v fanout389/Z (gf180mcu_fd_sc_mcu7t5v0__dlyb_1)
                                                         net389 (net)
                      1.014125    0.001680    4.519684 v fanout387/I (gf180mcu_fd_sc_mcu7t5v0__dlyb_1)
     1    0.011038    0.267763    1.347462    5.867146 v fanout387/Z (gf180mcu_fd_sc_mcu7t5v0__dlyb_1)
                                                         net387 (net)
                      0.267763    0.000343    5.867488 v wire388/I (gf180mcu_fd_sc_mcu7t5v0__buf_4)
    10    0.101502    0.275716    0.384721    6.252210 v wire388/Z (gf180mcu_fd_sc_mcu7t5v0__buf_4)
                                                         net388 (net)
                      0.275751    0.001755    6.253965 v fanout386/I (gf180mcu_fd_sc_mcu7t5v0__dlyb_1)
    10    0.077013    0.837512    1.556981    7.810946 v fanout386/Z (gf180mcu_fd_sc_mcu7t5v0__dlyb_1)
                                                         net386 (net)
                      0.837518    0.001368    7.812314 v _05052_/I (gf180mcu_fd_sc_mcu7t5v0__clkinv_1)
     2    0.014306    0.403037    0.368114    8.180429 ^ _05052_/ZN (gf180mcu_fd_sc_mcu7t5v0__clkinv_1)
                                                         _00743_ (net)
                      0.403037    0.000287    8.180715 ^ fanout366/I (gf180mcu_fd_sc_mcu7t5v0__dlyb_1)
    10    0.138100    2.261904    2.141238   10.321954 ^ fanout366/Z (gf180mcu_fd_sc_mcu7t5v0__dlyb_1)
                                                         net366 (net)
                      2.261912    0.002413   10.324367 ^ _05619_/A1 (gf180mcu_fd_sc_mcu7t5v0__nand2_1)
     1    0.005545    0.499826    0.148705   10.473072 v _05619_/ZN (gf180mcu_fd_sc_mcu7t5v0__nand2_1)
                                                         _01272_ (net)
                      0.499826    0.000174   10.473246 v _05620_/B (gf180mcu_fd_sc_mcu7t5v0__oai21_1)
     2    0.014596    0.704079    0.411490   10.884736 ^ _05620_/ZN (gf180mcu_fd_sc_mcu7t5v0__oai21_1)
                                                         _01273_ (net)
                      0.704079    0.000325   10.885061 ^ _05621_/B1 (gf180mcu_fd_sc_mcu7t5v0__aoi22_1)
     1    0.005645    0.403102    0.258938   11.143999 v _05621_/ZN (gf180mcu_fd_sc_mcu7t5v0__aoi22_1)
                                                         _01274_ (net)
                      0.403102    0.000172   11.144171 v _05625_/A2 (gf180mcu_fd_sc_mcu7t5v0__aoi221_1)
     1    0.011546    0.926121    0.584850   11.729022 ^ _05625_/ZN (gf180mcu_fd_sc_mcu7t5v0__aoi221_1)
                                                         _01278_ (net)
                      0.926121    0.000278   11.729300 ^ _05633_/A1 (gf180mcu_fd_sc_mcu7t5v0__oai21_1)
     1    0.016342    0.454610    0.305429   12.034729 v _05633_/ZN (gf180mcu_fd_sc_mcu7t5v0__oai21_1)
                                                         _01286_ (net)
                      0.454610    0.000357   12.035087 v _05640_/A1 (gf180mcu_fd_sc_mcu7t5v0__aoi21_1)
     1    0.027233    0.991131    0.653086   12.688171 ^ _05640_/ZN (gf180mcu_fd_sc_mcu7t5v0__aoi21_1)
                                                         _01293_ (net)
                      0.991131    0.000542   12.688713 ^ _05649_/A1 (gf180mcu_fd_sc_mcu7t5v0__oai32_1)
     1    0.007104    0.356571    0.218497   12.907210 v _05649_/ZN (gf180mcu_fd_sc_mcu7t5v0__oai32_1)
                                                         _01302_ (net)
                      0.356571    0.000181   12.907392 v wire84/I (gf180mcu_fd_sc_mcu7t5v0__clkbuf_1)
     1    0.016271    0.289269    0.374754   13.282146 v wire84/Z (gf180mcu_fd_sc_mcu7t5v0__clkbuf_1)
                                                         net84 (net)
                      0.289271    0.000336   13.282481 v wire83/I (gf180mcu_fd_sc_mcu7t5v0__clkbuf_1)
     1    0.014043    0.256837    0.339281   13.621762 v wire83/Z (gf180mcu_fd_sc_mcu7t5v0__clkbuf_1)
                                                         net83 (net)
                      0.256838    0.000318   13.622080 v _05659_/A2 (gf180mcu_fd_sc_mcu7t5v0__oai211_1)
     1    0.007119    0.465582    0.301879   13.923960 ^ _05659_/ZN (gf180mcu_fd_sc_mcu7t5v0__oai211_1)
                                                         _01312_ (net)
                      0.465582    0.000199   13.924158 ^ _05662_/B1 (gf180mcu_fd_sc_mcu7t5v0__aoi22_1)
     2    0.013395    0.408005    0.313242   14.237400 v _05662_/ZN (gf180mcu_fd_sc_mcu7t5v0__aoi22_1)
                                                         _01315_ (net)
                      0.408005    0.000302   14.237702 v _05663_/A2 (gf180mcu_fd_sc_mcu7t5v0__nand2_1)
     2    0.011614    0.326964    0.300754   14.538456 ^ _05663_/ZN (gf180mcu_fd_sc_mcu7t5v0__nand2_1)
                                                         _01316_ (net)
                      0.326964    0.000276   14.538733 ^ _05664_/A2 (gf180mcu_fd_sc_mcu7t5v0__aoi21_1)
     1    0.015385    0.483276    0.226525   14.765258 v _05664_/ZN (gf180mcu_fd_sc_mcu7t5v0__aoi21_1)
                                                         _01317_ (net)
                      0.483276    0.000343   14.765601 v _05681_/A1 (gf180mcu_fd_sc_mcu7t5v0__oai22_1)
     1    0.010394    0.714402    0.407287   15.172888 ^ _05681_/ZN (gf180mcu_fd_sc_mcu7t5v0__oai22_1)
                                                         _01334_ (net)
                      0.714402    0.000254   15.173141 ^ _05696_/C (gf180mcu_fd_sc_mcu7t5v0__oai211_1)
     4    0.030455    0.788345    0.559824   15.732965 v _05696_/ZN (gf180mcu_fd_sc_mcu7t5v0__oai211_1)
                                                         _01349_ (net)
                      0.788345    0.000577   15.733542 v _08844_/A3 (gf180mcu_fd_sc_mcu7t5v0__nor4_1)
     2    0.012848    1.080001    0.762888   16.496431 ^ _08844_/ZN (gf180mcu_fd_sc_mcu7t5v0__nor4_1)
                                                         _04282_ (net)
                      1.080001    0.000277   16.496708 ^ wire44/I (gf180mcu_fd_sc_mcu7t5v0__clkbuf_1)
     2    0.017276    0.332567    0.442792   16.939501 ^ wire44/Z (gf180mcu_fd_sc_mcu7t5v0__clkbuf_1)
                                                         net44 (net)
                      0.332567    0.000362   16.939863 ^ _09036_/A3 (gf180mcu_fd_sc_mcu7t5v0__nand3_1)
     1    0.003497    0.413844    0.147597   17.087461 v _09036_/ZN (gf180mcu_fd_sc_mcu7t5v0__nand3_1)
                                                         _04443_ (net)
                      0.413844    0.000107   17.087568 v _09037_/A2 (gf180mcu_fd_sc_mcu7t5v0__and2_1)
     1    0.014854    0.218092    0.428464   17.516031 v _09037_/Z (gf180mcu_fd_sc_mcu7t5v0__and2_1)
                                                         _04444_ (net)
                      0.218092    0.000297   17.516329 v fanout20/I (gf180mcu_fd_sc_mcu7t5v0__dlyb_1)
     7    0.087756    0.932858    1.603135   19.119463 v fanout20/Z (gf180mcu_fd_sc_mcu7t5v0__dlyb_1)
                                                         net20 (net)
                      0.932866    0.001528   19.120991 v fanout16/I (gf180mcu_fd_sc_mcu7t5v0__dlyb_1)
    10    0.095431    0.998556    1.900061   21.021051 v fanout16/Z (gf180mcu_fd_sc_mcu7t5v0__dlyb_1)
                                                         net16 (net)
                      0.998565    0.001656   21.022707 v fanout15/I (gf180mcu_fd_sc_mcu7t5v0__dlyb_1)
    10    0.085773    0.914812    1.862915   22.885622 v fanout15/Z (gf180mcu_fd_sc_mcu7t5v0__dlyb_1)
                                                         net15 (net)
                      0.914820    0.001529   22.887152 v _09052_/A1 (gf180mcu_fd_sc_mcu7t5v0__oai21_1)
     1    0.004397    0.375270    0.411138   23.298290 ^ _09052_/ZN (gf180mcu_fd_sc_mcu7t5v0__oai21_1)
                                                         _00286_ (net)
                      0.375270    0.000124   23.298414 ^ _10035_/D (gf180mcu_fd_sc_mcu7t5v0__dffrnq_1)
                                             23.298414   data arrival time

                                 40.000000   40.000000   clock clk_PAD (rise edge)
                                  0.000000   40.000000   clock source latency
     1    0.335287    0.631253    0.000000   40.000000 ^ clk_pad/Y (gf180mcu_fd_io__in_s)
                                                         clk_PAD2CORE (net)
                      0.631253    0.000476   40.000477 ^ clkbuf_0_clk_PAD2CORE/I (gf180mcu_fd_sc_mcu7t5v0__clkbuf_16)
     4    0.124235    0.188941    0.393754   40.394230 ^ clkbuf_0_clk_PAD2CORE/Z (gf180mcu_fd_sc_mcu7t5v0__clkbuf_16)
                                                         clknet_0_clk_PAD2CORE (net)
                      0.188950    0.002292   40.396523 ^ clkbuf_2_3_0_clk_PAD2CORE/I (gf180mcu_fd_sc_mcu7t5v0__clkbuf_8)
     2    0.103901    0.254449    0.353154   40.749676 ^ clkbuf_2_3_0_clk_PAD2CORE/Z (gf180mcu_fd_sc_mcu7t5v0__clkbuf_8)
                                                         clknet_2_3_0_clk_PAD2CORE (net)
                      0.254455    0.001947   40.751625 ^ clkbuf_3_6_0_clk_PAD2CORE/I (gf180mcu_fd_sc_mcu7t5v0__clkbuf_8)
     9    0.290108    0.620881    0.583501   41.335125 ^ clkbuf_3_6_0_clk_PAD2CORE/Z (gf180mcu_fd_sc_mcu7t5v0__clkbuf_8)
                                                         clknet_3_6_0_clk_PAD2CORE (net)
                      0.621015    0.005077   41.340202 ^ clkbuf_leaf_7_clk_PAD2CORE/I (gf180mcu_fd_sc_mcu7t5v0__clkbuf_8)
     8    0.057171    0.177904    0.378051   41.718254 ^ clkbuf_leaf_7_clk_PAD2CORE/Z (gf180mcu_fd_sc_mcu7t5v0__clkbuf_8)
                                                         clknet_leaf_7_clk_PAD2CORE (net)
                      0.177906    0.001020   41.719273 ^ _10035_/CLK (gf180mcu_fd_sc_mcu7t5v0__dffrnq_1)
                                 -0.250000   41.469273   clock uncertainty
                                  0.000000   41.469273   clock reconvergence pessimism
                                 -0.335028   41.134243   library setup time
                                             41.134243   data required time
---------------------------------------------------------------------------------------------
                                             41.134243   data required time
                                            -23.298414   data arrival time
---------------------------------------------------------------------------------------------
                                             17.835829   slack (MET)




===========================================================================
report_checks --slack_max -0.01
============================================================================
======================= nom_tt_025C_5v00 Corner ===================================

No paths found.


===========================================================================
 report_check_types -max_slew -max_cap -max_fanout -violators
============================================================================
======================= nom_tt_025C_5v00 Corner ===================================

max fanout

Pin                                   Limit Fanout  Slack
---------------------------------------------------------
clkbuf_leaf_12_clk_PAD2CORE/Z            10     11        (VIOLATED)
clkbuf_leaf_27_clk_PAD2CORE/Z            10     11        (VIOLATED)
clkbuf_leaf_43_clk_PAD2CORE/Z            10     11        (VIOLATED)

max capacitance

Pin                                        Limit         Cap       Slack
------------------------------------------------------------------------
bidir_PAD[0]                            0.200000    3.416081   -3.216081 (VIOLATED)
bidir_PAD[10]                           0.200000    3.416081   -3.216081 (VIOLATED)
bidir_PAD[11]                           0.200000    3.416081   -3.216081 (VIOLATED)
bidir_PAD[12]                           0.200000    3.416081   -3.216081 (VIOLATED)
bidir_PAD[13]                           0.200000    3.416081   -3.216081 (VIOLATED)
bidir_PAD[14]                           0.200000    3.416081   -3.216081 (VIOLATED)
bidir_PAD[15]                           0.200000    3.416081   -3.216081 (VIOLATED)
bidir_PAD[16]                           0.200000    3.416081   -3.216081 (VIOLATED)
bidir_PAD[17]                           0.200000    3.416081   -3.216081 (VIOLATED)
bidir_PAD[18]                           0.200000    3.416081   -3.216081 (VIOLATED)
bidir_PAD[19]                           0.200000    3.416081   -3.216081 (VIOLATED)
bidir_PAD[1]                            0.200000    3.416081   -3.216081 (VIOLATED)
bidir_PAD[2]                            0.200000    3.416081   -3.216081 (VIOLATED)
bidir_PAD[3]                            0.200000    3.416081   -3.216081 (VIOLATED)
bidir_PAD[4]                            0.200000    3.416081   -3.216081 (VIOLATED)
bidir_PAD[5]                            0.200000    3.416081   -3.216081 (VIOLATED)
bidir_PAD[6]                            0.200000    3.416081   -3.216081 (VIOLATED)
bidir_PAD[7]                            0.200000    3.416081   -3.216081 (VIOLATED)
bidir_PAD[8]                            0.200000    3.416081   -3.216081 (VIOLATED)
bidir_PAD[9]                            0.200000    3.416081   -3.216081 (VIOLATED)
bidir[0].pad/PAD                        0.200000    3.416081   -3.216081 (VIOLATED)
bidir[10].pad/PAD                       0.200000    3.416081   -3.216081 (VIOLATED)
bidir[11].pad/PAD                       0.200000    3.416081   -3.216081 (VIOLATED)
bidir[12].pad/PAD                       0.200000    3.416081   -3.216081 (VIOLATED)
bidir[13].pad/PAD                       0.200000    3.416081   -3.216081 (VIOLATED)
bidir[14].pad/PAD                       0.200000    3.416081   -3.216081 (VIOLATED)
bidir[15].pad/PAD                       0.200000    3.416081   -3.216081 (VIOLATED)
bidir[16].pad/PAD                       0.200000    3.416081   -3.216081 (VIOLATED)
bidir[17].pad/PAD                       0.200000    3.416081   -3.216081 (VIOLATED)
bidir[18].pad/PAD                       0.200000    3.416081   -3.216081 (VIOLATED)
bidir[19].pad/PAD                       0.200000    3.416081   -3.216081 (VIOLATED)
bidir[1].pad/PAD                        0.200000    3.416081   -3.216081 (VIOLATED)
bidir[2].pad/PAD                        0.200000    3.416081   -3.216081 (VIOLATED)
bidir[3].pad/PAD                        0.200000    3.416081   -3.216081 (VIOLATED)
bidir[4].pad/PAD                        0.200000    3.416081   -3.216081 (VIOLATED)
bidir[5].pad/PAD                        0.200000    3.416081   -3.216081 (VIOLATED)
bidir[6].pad/PAD                        0.200000    3.416081   -3.216081 (VIOLATED)
bidir[7].pad/PAD                        0.200000    3.416081   -3.216081 (VIOLATED)
bidir[8].pad/PAD                        0.200000    3.416081   -3.216081 (VIOLATED)
bidir[9].pad/PAD                        0.200000    3.416081   -3.216081 (VIOLATED)
clk_PAD                                 0.200000    3.066806   -2.866806 (VIOLATED)
input_PAD                               0.200000    3.062116   -2.862116 (VIOLATED)
rst_n_PAD                               0.200000    3.062116   -2.862116 (VIOLATED)
clkbuf_3_0_0_clk_PAD2CORE/Z             0.200000    0.504747   -0.304747 (VIOLATED)
clkbuf_3_4_0_clk_PAD2CORE/Z             0.200000    0.406675   -0.206675 (VIOLATED)
clk_pad/Y                               0.200000    0.335287   -0.135287 (VIOLATED)
clkbuf_3_7_0_clk_PAD2CORE/Z             0.200000    0.313074   -0.113074 (VIOLATED)
clkbuf_3_6_0_clk_PAD2CORE/Z             0.200000    0.290108   -0.090108 (VIOLATED)
clkbuf_3_2_0_clk_PAD2CORE/Z             0.200000    0.255076   -0.055076 (VIOLATED)
clkbuf_3_1_0_clk_PAD2CORE/Z             0.200000    0.216992   -0.016992 (VIOLATED)



===========================================================================
report_parasitic_annotation -report_unannotated
============================================================================
Found 237 unannotated drivers.
 analog_PAD[0]
 analog_PAD[10]
 analog_PAD[11]
 analog_PAD[12]
 analog_PAD[13]
 analog_PAD[14]
 analog_PAD[15]
 analog_PAD[16]
 analog_PAD[17]
 analog_PAD[18]
 analog_PAD[19]
 analog_PAD[1]
 analog_PAD[20]
 analog_PAD[21]
 analog_PAD[22]
 analog_PAD[23]
 analog_PAD[24]
 analog_PAD[25]
 analog_PAD[26]
 analog_PAD[27]
 analog_PAD[28]
 analog_PAD[29]
 analog_PAD[2]
 analog_PAD[30]
 analog_PAD[31]
 analog_PAD[32]
 analog_PAD[33]
 analog_PAD[34]
 analog_PAD[35]
 analog_PAD[36]
 analog_PAD[37]
 analog_PAD[38]
 analog_PAD[39]
 analog_PAD[3]
 analog_PAD[40]
 analog_PAD[41]
 analog_PAD[42]
 analog_PAD[43]
 analog_PAD[44]
 analog_PAD[45]
 analog_PAD[46]
 analog_PAD[47]
 analog_PAD[48]
 analog_PAD[49]
 analog_PAD[4]
 analog_PAD[50]
 analog_PAD[51]
 analog_PAD[52]
 analog_PAD[53]
 analog_PAD[54]
 analog_PAD[55]
 analog_PAD[56]
 analog_PAD[57]
 analog_PAD[58]
 analog_PAD[59]
 analog_PAD[5]
 analog_PAD[6]
 analog_PAD[7]
 analog_PAD[8]
 analog_PAD[9]
 bidir_PAD[0]
 bidir_PAD[10]
 bidir_PAD[11]
 bidir_PAD[12]
 bidir_PAD[13]
 bidir_PAD[14]
 bidir_PAD[15]
 bidir_PAD[16]
 bidir_PAD[17]
 bidir_PAD[18]
 bidir_PAD[19]
 bidir_PAD[1]
 bidir_PAD[2]
 bidir_PAD[3]
 bidir_PAD[4]
 bidir_PAD[5]
 bidir_PAD[6]
 bidir_PAD[7]
 bidir_PAD[8]
 bidir_PAD[9]
 clk_PAD
 input_PAD
 rst_n_PAD
 _05320_/ZN
 _05340_/Z
 _05357_/Z
 analog\[0\].pad/ASIG5V
 analog\[10\].pad/ASIG5V
 analog\[11\].pad/ASIG5V
 analog\[12\].pad/ASIG5V
 analog\[13\].pad/ASIG5V
 analog\[14\].pad/ASIG5V
 analog\[15\].pad/ASIG5V
 analog\[16\].pad/ASIG5V
 analog\[17\].pad/ASIG5V
 analog\[18\].pad/ASIG5V
 analog\[19\].pad/ASIG5V
 analog\[1\].pad/ASIG5V
 analog\[20\].pad/ASIG5V
 analog\[21\].pad/ASIG5V
 analog\[22\].pad/ASIG5V
 analog\[23\].pad/ASIG5V
 analog\[24\].pad/ASIG5V
 analog\[25\].pad/ASIG5V
 analog\[26\].pad/ASIG5V
 analog\[27\].pad/ASIG5V
 analog\[28\].pad/ASIG5V
 analog\[29\].pad/ASIG5V
 analog\[2\].pad/ASIG5V
 analog\[30\].pad/ASIG5V
 analog\[31\].pad/ASIG5V
 analog\[32\].pad/ASIG5V
 analog\[33\].pad/ASIG5V
 analog\[34\].pad/ASIG5V
 analog\[35\].pad/ASIG5V
 analog\[36\].pad/ASIG5V
 analog\[37\].pad/ASIG5V
 analog\[38\].pad/ASIG5V
 analog\[39\].pad/ASIG5V
 analog\[3\].pad/ASIG5V
 analog\[40\].pad/ASIG5V
 analog\[41\].pad/ASIG5V
 analog\[42\].pad/ASIG5V
 analog\[43\].pad/ASIG5V
 analog\[44\].pad/ASIG5V
 analog\[45\].pad/ASIG5V
 analog\[46\].pad/ASIG5V
 analog\[47\].pad/ASIG5V
 analog\[48\].pad/ASIG5V
 analog\[49\].pad/ASIG5V
 analog\[4\].pad/ASIG5V
 analog\[50\].pad/ASIG5V
 analog\[51\].pad/ASIG5V
 analog\[52\].pad/ASIG5V
 analog\[53\].pad/ASIG5V
 analog\[54\].pad/ASIG5V
 analog\[55\].pad/ASIG5V
 analog\[56\].pad/ASIG5V
 analog\[57\].pad/ASIG5V
 analog\[58\].pad/ASIG5V
 analog\[59\].pad/ASIG5V
 analog\[5\].pad/ASIG5V
 analog\[6\].pad/ASIG5V
 analog\[7\].pad/ASIG5V
 analog\[8\].pad/ASIG5V
 analog\[9\].pad/ASIG5V
 bidir\[0\].pad/PAD
 bidir\[10\].pad/PAD
 bidir\[10\].pad/Y
 bidir\[11\].pad/PAD
 bidir\[11\].pad/Y
 bidir\[12\].pad/PAD
 bidir\[12\].pad/Y
 bidir\[13\].pad/PAD
 bidir\[13\].pad/Y
 bidir\[14\].pad/PAD
 bidir\[14\].pad/Y
 bidir\[15\].pad/PAD
 bidir\[15\].pad/Y
 bidir\[16\].pad/PAD
 bidir\[16\].pad/Y
 bidir\[17\].pad/PAD
 bidir\[17\].pad/Y
 bidir\[18\].pad/PAD
 bidir\[18\].pad/Y
 bidir\[19\].pad/PAD
 bidir\[19\].pad/Y
 bidir\[1\].pad/PAD
 bidir\[2\].pad/PAD
 bidir\[3\].pad/PAD
 bidir\[3\].pad/Y
 bidir\[4\].pad/PAD
 bidir\[4\].pad/Y
 bidir\[5\].pad/PAD
 bidir\[5\].pad/Y
 bidir\[6\].pad/PAD
 bidir\[6\].pad/Y
 bidir\[7\].pad/PAD
 bidir\[7\].pad/Y
 bidir\[8\].pad/PAD
 bidir\[8\].pad/Y
 bidir\[9\].pad/PAD
 bidir\[9\].pad/Y
 clkload0/ZN
 clkload1/ZN
 clkload10/ZN
 clkload11/ZN
 clkload12/ZN
 clkload13/Z
 clkload14/ZN
 clkload15/ZN
 clkload16/ZN
 clkload17/ZN
 clkload18/ZN
 clkload19/ZN
 clkload2/ZN
 clkload20/ZN
 clkload21/ZN
 clkload22/ZN
 clkload23/ZN
 clkload24/ZN
 clkload25/ZN
 clkload26/ZN
 clkload27/ZN
 clkload28/Z
 clkload29/ZN
 clkload3/ZN
 clkload30/ZN
 clkload31/Z
 clkload32/Z
 clkload33/ZN
 clkload34/ZN
 clkload35/ZN
 clkload36/Z
 clkload37/ZN
 clkload38/ZN
 clkload39/ZN
 clkload4/ZN
 clkload40/ZN
 clkload41/Z
 clkload42/ZN
 clkload43/ZN
 clkload44/ZN
 clkload45/ZN
 clkload46/ZN
 clkload47/ZN
 clkload48/ZN
 clkload49/ZN
 clkload5/ZN
 clkload50/ZN
 clkload51/ZN
 clkload52/Z
 clkload53/ZN
 clkload6/ZN
 clkload7/ZN
 clkload8/ZN
 clkload9/ZN
Found 146 partially unannotated drivers.
 bidir\[0\].pad_818/ZN
 bidir\[0\].pad_819/ZN
 bidir\[0\].pad_820/ZN
 bidir\[0\].pad_919/Z
 bidir\[0\].pad_920/Z
 bidir\[0\].pad_921/Z
 bidir\[10\].pad_821/ZN
 bidir\[10\].pad_822/ZN
 bidir\[10\].pad_823/ZN
 bidir\[10\].pad_824/ZN
 bidir\[10\].pad_825/ZN
 bidir\[10\].pad_922/Z
 bidir\[11\].pad_826/ZN
 bidir\[11\].pad_827/ZN
 bidir\[11\].pad_828/ZN
 bidir\[11\].pad_829/ZN
 bidir\[11\].pad_830/ZN
 bidir\[11\].pad_923/Z
 bidir\[12\].pad_831/ZN
 bidir\[12\].pad_832/ZN
 bidir\[12\].pad_833/ZN
 bidir\[12\].pad_834/ZN
 bidir\[12\].pad_835/ZN
 bidir\[12\].pad_924/Z
 bidir\[13\].pad_836/ZN
 bidir\[13\].pad_837/ZN
 bidir\[13\].pad_838/ZN
 bidir\[13\].pad_839/ZN
 bidir\[13\].pad_840/ZN
 bidir\[13\].pad_925/Z
 bidir\[14\].pad_841/ZN
 bidir\[14\].pad_842/ZN
 bidir\[14\].pad_843/ZN
 bidir\[14\].pad_844/ZN
 bidir\[14\].pad_845/ZN
 bidir\[14\].pad_926/Z
 bidir\[15\].pad_846/ZN
 bidir\[15\].pad_847/ZN
 bidir\[15\].pad_848/ZN
 bidir\[15\].pad_849/ZN
 bidir\[15\].pad_850/ZN
 bidir\[15\].pad_927/Z
 bidir\[16\].pad_851/ZN
 bidir\[16\].pad_852/ZN
 bidir\[16\].pad_853/ZN
 bidir\[16\].pad_854/ZN
 bidir\[16\].pad_855/ZN
 bidir\[16\].pad_928/Z
 bidir\[17\].pad_856/ZN
 bidir\[17\].pad_857/ZN
 bidir\[17\].pad_858/ZN
 bidir\[17\].pad_859/ZN
 bidir\[17\].pad_860/ZN
 bidir\[17\].pad_929/Z
 bidir\[18\].pad_861/ZN
 bidir\[18\].pad_862/ZN
 bidir\[18\].pad_863/ZN
 bidir\[18\].pad_864/ZN
 bidir\[18\].pad_865/ZN
 bidir\[18\].pad_930/Z
 bidir\[19\].pad_866/ZN
 bidir\[19\].pad_867/ZN
 bidir\[19\].pad_868/ZN
 bidir\[19\].pad_869/ZN
 bidir\[19\].pad_870/ZN
 bidir\[19\].pad_931/Z
 bidir\[1\].pad_871/ZN
 bidir\[1\].pad_872/ZN
 bidir\[1\].pad_873/ZN
 bidir\[1\].pad_874/ZN
 bidir\[1\].pad_932/Z
 bidir\[1\].pad_933/Z
 bidir\[2\].pad_875/ZN
 bidir\[2\].pad_876/ZN
 bidir\[2\].pad_877/ZN
 bidir\[2\].pad_878/ZN
 bidir\[2\].pad_934/Z
 bidir\[2\].pad_935/Z
 bidir\[3\].pad_879/ZN
 bidir\[3\].pad_880/ZN
 bidir\[3\].pad_881/ZN
 bidir\[3\].pad_882/ZN
 bidir\[3\].pad_936/Z
 bidir\[4\].pad_883/ZN
 bidir\[4\].pad_884/ZN
 bidir\[4\].pad_885/ZN
 bidir\[4\].pad_886/ZN
 bidir\[4\].pad_887/ZN
 bidir\[4\].pad_937/Z
 bidir\[5\].pad_888/ZN
 bidir\[5\].pad_889/ZN
 bidir\[5\].pad_890/ZN
 bidir\[5\].pad_891/ZN
 bidir\[5\].pad_892/ZN
 bidir\[5\].pad_938/Z
 bidir\[6\].pad_893/ZN
 bidir\[6\].pad_894/ZN
 bidir\[6\].pad_895/ZN
 bidir\[6\].pad_896/ZN
 bidir\[6\].pad_897/ZN
 bidir\[6\].pad_939/Z
 bidir\[7\].pad_898/ZN
 bidir\[7\].pad_899/ZN
 bidir\[7\].pad_900/ZN
 bidir\[7\].pad_901/ZN
 bidir\[7\].pad_902/ZN
 bidir\[7\].pad_940/Z
 bidir\[8\].pad_903/ZN
 bidir\[8\].pad_904/ZN
 bidir\[8\].pad_905/ZN
 bidir\[8\].pad_906/ZN
 bidir\[8\].pad_907/ZN
 bidir\[8\].pad_941/Z
 bidir\[9\].pad_908/ZN
 bidir\[9\].pad_909/ZN
 bidir\[9\].pad_910/ZN
 bidir\[9\].pad_911/ZN
 bidir\[9\].pad_912/ZN
 bidir\[9\].pad_942/Z
 clk_pad_913/ZN
 clk_pad_914/ZN
 inputs\[0\].pad_915/ZN
 inputs\[0\].pad_916/ZN
 rst_n_pad_917/ZN
 rst_n_pad_918/ZN
 wire378/Z
 wire381/Z
 wire396/Z
 wire397/Z
 wire398/Z
 wire399/Z
 wire400/Z
 wire401/Z
 wire402/Z
 wire403/Z
 wire404/Z
 wire406/Z
 wire408/Z
 wire409/Z
 wire410/Z
 wire455/Z
 wire518/Z
 wire587/Z
 wire589/Z
 wire591/Z
 wire594/Z

===========================================================================
max slew violation count 0
Writing metric design__max_slew_violation__count__corner:nom_tt_025C_5v00: 0
max fanout violation count 3
Writing metric design__max_fanout_violation__count__corner:nom_tt_025C_5v00: 3
max cap violation count 50
Writing metric design__max_cap_violation__count__corner:nom_tt_025C_5v00: 50
============================================================================

===========================================================================
check_setup -verbose -unconstrained_endpoints -multiple_clock -no_clock -no_input_delay -loops -generated_clocks
===========================================================================
Warning: There are 62 input ports missing set_input_delay.
  analog_PAD[0]
  analog_PAD[10]
  analog_PAD[11]
  analog_PAD[12]
  analog_PAD[13]
  analog_PAD[14]
  analog_PAD[15]
  analog_PAD[16]
  analog_PAD[17]
  analog_PAD[18]
  analog_PAD[19]
  analog_PAD[1]
  analog_PAD[20]
  analog_PAD[21]
  analog_PAD[22]
  analog_PAD[23]
  analog_PAD[24]
  analog_PAD[25]
  analog_PAD[26]
  analog_PAD[27]
  analog_PAD[28]
  analog_PAD[29]
  analog_PAD[2]
  analog_PAD[30]
  analog_PAD[31]
  analog_PAD[32]
  analog_PAD[33]
  analog_PAD[34]
  analog_PAD[35]
  analog_PAD[36]
  analog_PAD[37]
  analog_PAD[38]
  analog_PAD[39]
  analog_PAD[3]
  analog_PAD[40]
  analog_PAD[41]
  analog_PAD[42]
  analog_PAD[43]
  analog_PAD[44]
  analog_PAD[45]
  analog_PAD[46]
  analog_PAD[47]
  analog_PAD[48]
  analog_PAD[49]
  analog_PAD[4]
  analog_PAD[50]
  analog_PAD[51]
  analog_PAD[52]
  analog_PAD[53]
  analog_PAD[54]
  analog_PAD[55]
  analog_PAD[56]
  analog_PAD[57]
  analog_PAD[58]
  analog_PAD[59]
  analog_PAD[5]
  analog_PAD[6]
  analog_PAD[7]
  analog_PAD[8]
  analog_PAD[9]
  clk_PAD
  input_PAD
Warning: There are 66 unconstrained endpoints.
  analog_PAD[0]
  analog_PAD[10]
  analog_PAD[11]
  analog_PAD[12]
  analog_PAD[13]
  analog_PAD[14]
  analog_PAD[15]
  analog_PAD[16]
  analog_PAD[17]
  analog_PAD[18]
  analog_PAD[19]
  analog_PAD[1]
  analog_PAD[20]
  analog_PAD[21]
  analog_PAD[22]
  analog_PAD[23]
  analog_PAD[24]
  analog_PAD[25]
  analog_PAD[26]
  analog_PAD[27]
  analog_PAD[28]
  analog_PAD[29]
  analog_PAD[2]
  analog_PAD[30]
  analog_PAD[31]
  analog_PAD[32]
  analog_PAD[33]
  analog_PAD[34]
  analog_PAD[35]
  analog_PAD[36]
  analog_PAD[37]
  analog_PAD[38]
  analog_PAD[39]
  analog_PAD[3]
  analog_PAD[40]
  analog_PAD[41]
  analog_PAD[42]
  analog_PAD[43]
  analog_PAD[44]
  analog_PAD[45]
  analog_PAD[46]
  analog_PAD[47]
  analog_PAD[48]
  analog_PAD[49]
  analog_PAD[4]
  analog_PAD[50]
  analog_PAD[51]
  analog_PAD[52]
  analog_PAD[53]
  analog_PAD[54]
  analog_PAD[55]
  analog_PAD[56]
  analog_PAD[57]
  analog_PAD[58]
  analog_PAD[59]
  analog_PAD[5]
  analog_PAD[6]
  analog_PAD[7]
  analog_PAD[8]
  analog_PAD[9]
  bidir_PAD[0]
  bidir_PAD[1]
  bidir_PAD[2]
  clk_PAD
  input_PAD
  rst_n_PAD
