Clock: clk
Sources: clk 
Generated: no
Virtual: yes
Propagated: no
Period: 200.000000

===========================================================================
report_clock_properties
============================================================================
Clock                   Period          Waveform
----------------------------------------------------
clk                 200.000000    0.000000100.000000

===========================================================================
report_clock_latency
============================================================================
Clock clk
rise -> rise
    min     max
0.000000 0.000000 source latency
0.876319         network latency _09383_/CLK
        0.940118 network latency _09506_/CLK
---------------
0.876319 0.940118 latency
        0.063799 skew

fall -> fall
    min     max
0.000000 0.000000 source latency
0.830163         network latency _09383_/CLK
        0.900435 network latency _09506_/CLK
---------------
0.830163 0.900435 latency
        0.070273 skew



===========================================================================
report_clock_min_period
============================================================================
clk period_min = 12.72 fmax = 78.63
