Clock: clk
Sources: clk 
Generated: no
Virtual: yes
Propagated: no
Period: 200.000000

===========================================================================
report_clock_properties
============================================================================
Clock                   Period          Waveform
----------------------------------------------------
clk                 200.000000    0.000000100.000000

===========================================================================
report_clock_latency
============================================================================
Clock clk
rise -> rise
    min     max
0.000000 0.000000 source latency
2.335450         network latency signal_processor_x_inst/_243_/CLK
        2.433679 network latency wave_controller_x_inst/_3585_/CLK
---------------
2.335450 2.433679 latency
        0.098229 skew

fall -> fall
    min     max
0.000000 0.000000 source latency
2.183874         network latency signal_processor_x_inst/_243_/CLK
        2.287578 network latency wave_controller_x_inst/_3585_/CLK
---------------
2.183874 2.287578 latency
        0.103704 skew



===========================================================================
report_clock_min_period
============================================================================
clk period_min = 27.39 fmax = 36.51
