┏━━━━━━━━━━━━━━━━━━━━━━┳━━━━━━━━━━┳━━━━━━━━━━┳━━━━━━━━━━┳━━━━━━━━━━┳━━━━━━━━━━━┳━━━━━━━━━━┳━━━━━━━━━━━┳━━━━━━━━━━┳━━━━━━━━━━━┳━━━━━━━━━━┳━━━━━━━━━━━┳━━━━━━━━━━┓
┃                      ┃ Hold     ┃ Reg to   ┃          ┃          ┃ of which  ┃ Setup    ┃           ┃          ┃           ┃ of which ┃           ┃          ┃
┃                      ┃ Worst    ┃ Reg      ┃          ┃ Hold Vio ┃ reg to    ┃ Worst    ┃ Reg to    ┃ Setup    ┃ Setup Vio ┃ reg to   ┃ Max Cap   ┃ Max Slew ┃
┃ Corner/Group         ┃ Slack    ┃ Paths    ┃ Hold TNS ┃ Count    ┃ reg       ┃ Slack    ┃ Reg Paths ┃ TNS      ┃ Count     ┃ reg      ┃ Violatio… ┃ Violati… ┃
┡━━━━━━━━━━━━━━━━━━━━━━╇━━━━━━━━━━╇━━━━━━━━━━╇━━━━━━━━━━╇━━━━━━━━━━╇━━━━━━━━━━━╇━━━━━━━━━━╇━━━━━━━━━━━╇━━━━━━━━━━╇━━━━━━━━━━━╇━━━━━━━━━━╇━━━━━━━━━━━╇━━━━━━━━━━┩
│ Overall              │ 0.2203   │ 0.2203   │ 0.0000   │ 0        │ 0         │ 118.1048 │ 118.1048  │ 0.0000   │ 0         │ 0        │ 8         │ 1274     │
│ nom_tt_025C_3v30     │ 0.5903   │ 0.5903   │ 0.0000   │ 0        │ 0         │ 144.6733 │ 161.0962  │ 0.0000   │ 0         │ 0        │ 4         │ 102      │
│ min_ff_n40C_3v60     │ 0.2203   │ 0.2203   │ 0.0000   │ 0        │ 0         │ 151.2748 │ 178.6894  │ 0.0000   │ 0         │ 0        │ 3         │ 0        │
│ max_ss_125C_3v00     │ 1.4885   │ 1.4885   │ 0.0000   │ 0        │ 0         │ 118.1048 │ 118.1048  │ 0.0000   │ 0         │ 0        │ 8         │ 1274     │
└──────────────────────┴──────────┴──────────┴──────────┴──────────┴───────────┴──────────┴───────────┴──────────┴───────────┴──────────┴───────────┴──────────┘
