Reading timing models for corner nom_tt_025C_3v30…
Reading timing library for the 'nom_tt_025C_3v30' corner at '/foss/pdks/gf180mcuD/libs.ref/gf180mcu_fd_sc_mcu7t5v0/lib/gf180mcu_fd_sc_mcu7t5v0__tt_025C_3v30.lib'…
Reading OpenROAD database at '/workspace/librelane/runs/RUN_2026-08-10_01-25-13/32-openroad-repairdesignpostgpl/digital_domain.odb'…
Reading design constraints file at '/usr/local/lib/python3.12/dist-packages/librelane/scripts/base.sdc'…
[INFO] Using clock clk…
[INFO] Setting output delay to: 40
[INFO] Setting input delay to: 40
[INFO] Setting load to: 0.07291
[INFO] Setting clock uncertainty to: 0.25
[INFO] Setting clock transition to: 0.15
[INFO] Setting timing derate to: 5%
+ detailed_placement -max_displacement  500 100 
Placement Analysis
---------------------------------
total displacement          0.0 u
average displacement        0.0 u
max displacement            0.0 u
original HPWL          317218.3 u
legalized HPWL         324304.3 u
delta HPWL                    2 %

[INFO DPL-0020] Mirrored 2810 instances
[INFO DPL-0021] HPWL before          324304.3 u
[INFO DPL-0022] HPWL after           317218.3 u
[INFO DPL-0023] HPWL delta               -2.2 %
Setting global connections for newly added cells…
[INFO] Setting global connections...
[INFO ODB-0403] 0 connections made, 0 conflicts skipped.
Updating metrics…
Cell type report:                       Count       Area
  Endcap cell                             334    1466.39
  Tap cell                               2790   12249.22
  Buffer                                    4      52.68
  Timing Repair Buffer                   1571   31250.87
  Inverter                                416    3916.24
  Sequential cell                         556   42762.50
  Multi-Input combinational cell         4177  101062.62
  Total                                  9848  192760.51
Writing OpenROAD database to '/workspace/librelane/runs/RUN_2026-08-10_01-25-13/34-openroad-detailedplacement/digital_domain.odb'…
Writing netlist to '/workspace/librelane/runs/RUN_2026-08-10_01-25-13/34-openroad-detailedplacement/digital_domain.nl.v'…
Writing powered netlist to '/workspace/librelane/runs/RUN_2026-08-10_01-25-13/34-openroad-detailedplacement/digital_domain.pnl.v'…
Writing layout to '/workspace/librelane/runs/RUN_2026-08-10_01-25-13/34-openroad-detailedplacement/digital_domain.def'…
Writing timing constraints to '/workspace/librelane/runs/RUN_2026-08-10_01-25-13/34-openroad-detailedplacement/digital_domain.sdc'…
