Clock: clk
Sources: clk 
Generated: no
Virtual: yes
Propagated: no
Period: 200.000000

===========================================================================
report_clock_properties
============================================================================
Clock                   Period          Waveform
----------------------------------------------------
clk                 200.000000    0.000000100.000000

===========================================================================
report_clock_latency
============================================================================
Clock clk
rise -> rise
    min     max
0.000000 0.000000 source latency
1.374957         network latency _09383_/CLK
        1.485357 network latency _09506_/CLK
---------------
1.374957 1.485357 latency
        0.110400 skew

fall -> fall
    min     max
0.000000 0.000000 source latency
1.316593         network latency _09383_/CLK
        1.441485 network latency _09506_/CLK
---------------
1.316593 1.441485 latency
        0.124892 skew



===========================================================================
report_clock_min_period
============================================================================
clk period_min = 21.03 fmax = 47.56
