
===========================================================================
report_checks -unconstrained
===========================================================================
======================= nom_tt_025C_5v00 Corner ===================================

Startpoint: rst_n (input port clocked by clk)
Endpoint: _09467_ (recovery check against rising-edge clock clk)
Path Group: asynchronous
Path Type: max

Fanout         Cap        Slew       Delay        Time   Description
---------------------------------------------------------------------------------------------
                                  0.000000    0.000000   clock clk (rise edge)
                                  0.000000    0.000000   clock network delay (propagated)
                                 40.000000   40.000000 ^ input external delay
     1    0.005975    0.145243    0.058808   40.058807 ^ rst_n (in)
                                                         rst_n (net)
                      0.145243    0.000000   40.058807 ^ input5/I (gf180mcu_fd_sc_mcu7t5v0__dlyb_1)
     2    0.056682    0.959015    1.363123   41.421932 ^ input5/Z (gf180mcu_fd_sc_mcu7t5v0__dlyb_1)
                                                         net5 (net)
                      0.959043    0.002920   41.424850 ^ fanout639/I (gf180mcu_fd_sc_mcu7t5v0__dlyb_1)
     5    0.099958    1.651242    1.787338   43.212189 ^ fanout639/Z (gf180mcu_fd_sc_mcu7t5v0__dlyb_1)
                                                         net639 (net)
                      1.651260    0.003148   43.215340 ^ fanout638/I (gf180mcu_fd_sc_mcu7t5v0__dlyb_1)
     6    0.083194    1.382148    1.600128   44.815468 ^ fanout638/Z (gf180mcu_fd_sc_mcu7t5v0__dlyb_1)
                                                         net638 (net)
                      1.382244    0.006459   44.821926 ^ fanout632/I (gf180mcu_fd_sc_mcu7t5v0__dlyb_1)
     6    0.069441    1.163197    1.489493   46.311417 ^ fanout632/Z (gf180mcu_fd_sc_mcu7t5v0__dlyb_1)
                                                         net632 (net)
                      1.163200    0.001222   46.312641 ^ fanout629/I (gf180mcu_fd_sc_mcu7t5v0__dlyb_1)
     8    0.085476    1.418987    1.645809   47.958450 ^ fanout629/Z (gf180mcu_fd_sc_mcu7t5v0__dlyb_1)
                                                         net629 (net)
                      1.418992    0.001485   47.959934 ^ fanout628/I (gf180mcu_fd_sc_mcu7t5v0__dlyb_1)
     7    0.066379    1.113762    1.458794   49.418728 ^ fanout628/Z (gf180mcu_fd_sc_mcu7t5v0__dlyb_1)
                                                         net628 (net)
                      1.113777    0.002309   49.421036 ^ fanout627/I (gf180mcu_fd_sc_mcu7t5v0__dlyb_1)
    10    0.095889    1.586118    1.744596   51.165634 ^ fanout627/Z (gf180mcu_fd_sc_mcu7t5v0__dlyb_1)
                                                         net627 (net)
                      1.586153    0.004214   51.169846 ^ _09467_/RN (gf180mcu_fd_sc_mcu7t5v0__dffrnq_1)
                                             51.169846   data arrival time

                                200.000000  200.000000   clock clk (rise edge)
                                  0.000000  200.000000   clock source latency
     1    0.107503    0.464318    0.258382  200.258377 ^ clk (in)
                                                         clk (net)
                      0.464453    0.000000  200.258377 ^ clkbuf_0_clk/I (gf180mcu_fd_sc_mcu7t5v0__clkbuf_16)
     8    0.333255    0.370569    0.479119  200.737488 ^ clkbuf_0_clk/Z (gf180mcu_fd_sc_mcu7t5v0__clkbuf_16)
                                                         clknet_0_clk (net)
                      0.372138    0.012747  200.750244 ^ clkbuf_3_6__f_clk/I (gf180mcu_fd_sc_mcu7t5v0__clkbuf_16)
     8    0.177405    0.229860    0.378350  201.128586 ^ clkbuf_3_6__f_clk/Z (gf180mcu_fd_sc_mcu7t5v0__clkbuf_16)
                                                         clknet_3_6__leaf_clk (net)
                      0.229973    0.006750  201.135345 ^ clkbuf_leaf_34_clk/I (gf180mcu_fd_sc_mcu7t5v0__clkbuf_8)
    12    0.063850    0.181358    0.315211  201.450546 ^ clkbuf_leaf_34_clk/Z (gf180mcu_fd_sc_mcu7t5v0__clkbuf_8)
                                                         clknet_leaf_34_clk (net)
                      0.181359    0.001123  201.451675 ^ _09467_/CLK (gf180mcu_fd_sc_mcu7t5v0__dffrnq_1)
                                 -0.250000  201.201675   clock uncertainty
                                  0.000000  201.201675   clock reconvergence pessimism
                                 -0.141813  201.059860   library recovery time
                                            201.059860   data required time
---------------------------------------------------------------------------------------------
                                            201.059860   data required time
                                            -51.169846   data arrival time
---------------------------------------------------------------------------------------------
                                            149.890015   slack (MET)


Startpoint: analog[0] (input port clocked by clk)
Endpoint: analog[3] (output port clocked by clk)
Path Group: clk
Path Type: max

Fanout         Cap        Slew       Delay        Time   Description
---------------------------------------------------------------------------------------------
                                  0.000000    0.000000   clock clk (rise edge)
                                  0.000000    0.000000   clock network delay (propagated)
                                 40.000000   40.000000 ^ input external delay
     2    0.082317    1.365129    0.770651   40.770653 ^ analog[0] (inout)
                                                         analog[0] (net)
                      1.365129    0.000000   40.770653 ^ analog_readout_inst/_0_/A1 (gf180mcu_fd_sc_mcu7t5v0__and2_1)
     4    0.106166    1.757475    1.345697   42.116348 ^ analog_readout_inst/_0_/Z (gf180mcu_fd_sc_mcu7t5v0__and2_1)
                                                         analog[1] (net)
                      1.757480    0.001833   42.118183 ^ analog_wave_mixer_y_inst/_0_/A2 (gf180mcu_fd_sc_mcu7t5v0__and2_1)
     3    0.084511    1.411764    1.090857   43.209038 ^ analog_wave_mixer_y_inst/_0_/Z (gf180mcu_fd_sc_mcu7t5v0__and2_1)
                                                         analog[3] (net)
                      1.411780    0.002689   43.211727 ^ analog[3] (inout)
                                             43.211727   data arrival time

                                200.000000  200.000000   clock clk (rise edge)
                                  0.000000  200.000000   clock network delay (propagated)
                                 -0.250000  199.750000   clock uncertainty
                                  0.000000  199.750000   clock reconvergence pessimism
                                -40.000000  159.749985   output external delay
                                            159.749985   data required time
---------------------------------------------------------------------------------------------
                                            159.749985   data required time
                                            -43.211727   data arrival time
---------------------------------------------------------------------------------------------
                                            116.538261   slack (MET)




===========================================================================
report_checks --slack_max -0.01
============================================================================
======================= nom_tt_025C_5v00 Corner ===================================

No paths found.


===========================================================================
 report_check_types -max_slew -max_cap -max_fanout -violators
============================================================================
======================= nom_tt_025C_5v00 Corner ===================================

max fanout

Pin                                   Limit Fanout  Slack
---------------------------------------------------------
clkbuf_leaf_11_clk/Z                     10     13     -3 (VIOLATED)
clkbuf_leaf_12_clk/Z                     10     12     -2 (VIOLATED)
clkbuf_leaf_13_clk/Z                     10     12     -2 (VIOLATED)
clkbuf_leaf_14_clk/Z                     10     12     -2 (VIOLATED)
clkbuf_leaf_25_clk/Z                     10     12     -2 (VIOLATED)
clkbuf_leaf_26_clk/Z                     10     12     -2 (VIOLATED)
clkbuf_leaf_34_clk/Z                     10     12     -2 (VIOLATED)
clkbuf_leaf_36_clk/Z                     10     12     -2 (VIOLATED)
clkbuf_leaf_40_clk/Z                     10     12     -2 (VIOLATED)
clkbuf_leaf_41_clk/Z                     10     12     -2 (VIOLATED)
clkbuf_leaf_42_clk/Z                     10     12     -2 (VIOLATED)
clkbuf_leaf_45_clk/Z                     10     12     -2 (VIOLATED)
clkbuf_leaf_48_clk/Z                     10     12     -2 (VIOLATED)
clkbuf_leaf_53_clk/Z                     10     12     -2 (VIOLATED)
clkbuf_leaf_5_clk/Z                      10     12     -2 (VIOLATED)
clkbuf_leaf_16_clk/Z                     10     11        (VIOLATED)
clkbuf_leaf_29_clk/Z                     10     11        (VIOLATED)
clkbuf_leaf_2_clk/Z                      10     11        (VIOLATED)
clkbuf_leaf_3_clk/Z                      10     11        (VIOLATED)
clkbuf_leaf_6_clk/Z                      10     11        (VIOLATED)

max capacitance

Pin                                        Limit         Cap       Slack
------------------------------------------------------------------------
clkbuf_0_clk/Z                          0.200000    0.333255   -0.133255 (VIOLATED)



===========================================================================
report_parasitic_annotation -report_unannotated
============================================================================
Found 120 unannotated drivers.
 analog[10]
 analog[11]
 analog[12]
 analog[13]
 analog[14]
 analog[15]
 analog[16]
 analog[17]
 analog[18]
 analog[19]
 analog[20]
 analog[21]
 analog[22]
 analog[23]
 analog[24]
 analog[25]
 analog[26]
 analog[27]
 analog[28]
 analog[29]
 analog[30]
 analog[31]
 analog[32]
 analog[33]
 analog[34]
 analog[35]
 analog[36]
 analog[37]
 analog[38]
 analog[39]
 analog[40]
 analog[41]
 analog[42]
 analog[43]
 analog[44]
 analog[45]
 analog[46]
 analog[47]
 analog[48]
 analog[49]
 analog[4]
 analog[50]
 analog[51]
 analog[52]
 analog[53]
 analog[54]
 analog[55]
 analog[56]
 analog[57]
 analog[58]
 analog[59]
 analog[5]
 analog[6]
 analog[7]
 analog[8]
 analog[9]
 bidir_in[10]
 bidir_in[11]
 bidir_in[12]
 bidir_in[13]
 bidir_in[14]
 bidir_in[15]
 bidir_in[16]
 bidir_in[17]
 bidir_in[18]
 bidir_in[19]
 bidir_in[3]
 bidir_in[4]
 bidir_in[5]
 bidir_in[6]
 bidir_in[7]
 bidir_in[8]
 bidir_in[9]
 _10062_/Z
 _10063_/Z
 _10064_/Z
 _10065_/Z
 clkload0/Z
 clkload1/Z
 clkload10/ZN
 clkload11/ZN
 clkload12/ZN
 clkload13/Z
 clkload14/ZN
 clkload15/Z
 clkload16/ZN
 clkload17/ZN
 clkload18/ZN
 clkload19/Z
 clkload2/Z
 clkload20/ZN
 clkload21/ZN
 clkload22/ZN
 clkload23/Z
 clkload24/Z
 clkload25/Z
 clkload26/Z
 clkload27/ZN
 clkload28/ZN
 clkload29/ZN
 clkload3/Z
 clkload30/ZN
 clkload31/ZN
 clkload32/ZN
 clkload33/Z
 clkload34/Z
 clkload35/ZN
 clkload36/ZN
 clkload37/ZN
 clkload38/Z
 clkload39/ZN
 clkload4/ZN
 clkload40/ZN
 clkload41/ZN
 clkload42/ZN
 clkload5/ZN
 clkload6/ZN
 clkload7/ZN
 clkload8/ZN
 clkload9/ZN
Found 4 partially unannotated drivers.
 analog[0]
 analog[1]
 analog[2]
 analog[3]

===========================================================================
max slew violation count 0
Writing metric design__max_slew_violation__count__corner:nom_tt_025C_5v00: 0
max fanout violation count 20
Writing metric design__max_fanout_violation__count__corner:nom_tt_025C_5v00: 20
max cap violation count 1
Writing metric design__max_cap_violation__count__corner:nom_tt_025C_5v00: 1
============================================================================

===========================================================================
check_setup -verbose -unconstrained_endpoints -multiple_clock -no_clock -no_input_delay -loops -generated_clocks
===========================================================================
Warning: There are 57 unconstrained endpoints.
  analog[0]
  analog[10]
  analog[11]
  analog[12]
  analog[13]
  analog[14]
  analog[15]
  analog[16]
  analog[17]
  analog[18]
  analog[19]
  analog[20]
  analog[21]
  analog[22]
  analog[23]
  analog[24]
  analog[25]
  analog[26]
  analog[27]
  analog[28]
  analog[29]
  analog[30]
  analog[31]
  analog[32]
  analog[33]
  analog[34]
  analog[35]
  analog[36]
  analog[37]
  analog[38]
  analog[39]
  analog[40]
  analog[41]
  analog[42]
  analog[43]
  analog[44]
  analog[45]
  analog[46]
  analog[47]
  analog[48]
  analog[49]
  analog[4]
  analog[50]
  analog[51]
  analog[52]
  analog[53]
  analog[54]
  analog[55]
  analog[56]
  analog[57]
  analog[58]
  analog[59]
  analog[5]
  analog[6]
  analog[7]
  analog[8]
  analog[9]
