Clock: clk
Sources: clk 
Generated: no
Virtual: yes
Propagated: no
Period: 200.000000

===========================================================================
report_clock_properties
============================================================================
Clock                   Period          Waveform
----------------------------------------------------
clk                 200.000000    0.000000100.000000

===========================================================================
report_clock_latency
============================================================================
Clock clk
rise -> rise
    min     max
0.000000 0.000000 source latency
1.418300         network latency _09830_/CLK
        1.495662 network latency _09506_/CLK
---------------
1.418300 1.495662 latency
        0.077362 skew

fall -> fall
    min     max
0.000000 0.000000 source latency
1.347551         network latency _09830_/CLK
        1.433882 network latency _09506_/CLK
---------------
1.347551 1.433882 latency
        0.086331 skew



===========================================================================
report_clock_min_period
============================================================================
clk period_min = 20.52 fmax = 48.74
