
===========================================================================
report_checks -unconstrained
===========================================================================
======================= max_ff_n40C_5v50 Corner ===================================

Startpoint: rst_n (input port clocked by clk)
Endpoint: spi_regs_inst/_1615_ (recovery check against rising-edge clock clk)
Path Group: asynchronous
Path Type: max

Fanout         Cap        Slew       Delay        Time   Description
---------------------------------------------------------------------------------------------
                                  0.000000    0.000000   clock clk (rise edge)
                                  0.000000    0.000000   clock network delay (propagated)
                                 40.000000   40.000000 ^ input external delay
     1    0.004527    0.079128    0.030454   40.030457 ^ rst_n (in)
                                                         rst_n (net)
                      0.079128    0.000000   40.030457 ^ input5/I (gf180mcu_fd_sc_mcu7t5v0__buf_1)
     2    0.060100    0.671252    0.481680   40.512135 ^ input5/Z (gf180mcu_fd_sc_mcu7t5v0__buf_1)
                                                         net5 (net)
                      0.671276    0.002306   40.514442 ^ fanout595/I (gf180mcu_fd_sc_mcu7t5v0__dlyb_1)
     7    0.085985    0.946751    1.040046   41.554489 ^ fanout595/Z (gf180mcu_fd_sc_mcu7t5v0__dlyb_1)
                                                         net595 (net)
                      0.946779    0.002945   41.557434 ^ fanout566/I (gf180mcu_fd_sc_mcu7t5v0__dlyb_1)
     6    0.120313    1.305996    1.235012   42.792446 ^ fanout566/Z (gf180mcu_fd_sc_mcu7t5v0__dlyb_1)
                                                         net566 (net)
                      1.306441    0.013717   42.806160 ^ fanout561/I (gf180mcu_fd_sc_mcu7t5v0__dlyb_1)
     8    0.099584    1.090972    1.083905   43.890068 ^ fanout561/Z (gf180mcu_fd_sc_mcu7t5v0__dlyb_1)
                                                         net561 (net)
                      1.090980    0.001652   43.891720 ^ fanout560/I (gf180mcu_fd_sc_mcu7t5v0__dlyb_1)
     5    0.059051    0.660922    0.848164   44.739883 ^ fanout560/Z (gf180mcu_fd_sc_mcu7t5v0__dlyb_1)
                                                         net560 (net)
                      0.660922    0.000512   44.740395 ^ fanout559/I (gf180mcu_fd_sc_mcu7t5v0__dlyb_1)
    10    0.101951    1.117503    1.141874   45.882267 ^ fanout559/Z (gf180mcu_fd_sc_mcu7t5v0__dlyb_1)
                                                         net559 (net)
                      1.117516    0.002125   45.884392 ^ spi_regs_inst/_1615_/RN (gf180mcu_fd_sc_mcu7t5v0__dffrnq_1)
                                             45.884392   data arrival time

                                200.000000  200.000000   clock clk (rise edge)
                                  0.000000  200.000000   clock source latency
     1    0.098932    0.280717    0.167745  200.167740 ^ clk (in)
                                                         clk (net)
                      0.283049    0.000000  200.167740 ^ clkbuf_0_clk/I (gf180mcu_fd_sc_mcu7t5v0__clkbuf_16)
     8    0.353469    0.251579    0.305789  200.473526 ^ clkbuf_0_clk/Z (gf180mcu_fd_sc_mcu7t5v0__clkbuf_16)
                                                         clknet_0_clk (net)
                      0.261838    0.029047  200.502579 ^ clkbuf_3_1__f_clk/I (gf180mcu_fd_sc_mcu7t5v0__clkbuf_16)
     8    0.153868    0.135788    0.239652  200.742233 ^ clkbuf_3_1__f_clk/Z (gf180mcu_fd_sc_mcu7t5v0__clkbuf_16)
                                                         clknet_3_1__leaf_clk (net)
                      0.135803    0.002387  200.744614 ^ clkbuf_leaf_11_clk/I (gf180mcu_fd_sc_mcu7t5v0__clkbuf_8)
     9    0.074659    0.130243    0.208189  200.952805 ^ clkbuf_leaf_11_clk/Z (gf180mcu_fd_sc_mcu7t5v0__clkbuf_8)
                                                         clknet_leaf_11_clk (net)
                      0.130248    0.001307  200.954117 ^ spi_regs_inst/_1615_/CLK (gf180mcu_fd_sc_mcu7t5v0__dffrnq_1)
                                 -0.250000  200.704117   clock uncertainty
                                  0.000000  200.704117   clock reconvergence pessimism
                                 -0.164935  200.539185   library recovery time
                                            200.539185   data required time
---------------------------------------------------------------------------------------------
                                            200.539185   data required time
                                            -45.884392   data arrival time
---------------------------------------------------------------------------------------------
                                            154.654785   slack (MET)


Startpoint: analog[0] (input port clocked by clk)
Endpoint: analog[2] (output port clocked by clk)
Path Group: clk
Path Type: max

Fanout         Cap        Slew       Delay        Time   Description
---------------------------------------------------------------------------------------------
                                  0.000000    0.000000   clock clk (rise edge)
                                  0.000000    0.000000   clock network delay (propagated)
                                 40.000000   40.000000 ^ input external delay
     2    0.080638    0.889410    0.515463   40.515465 ^ analog[0] (inout)
                                                         analog[0] (net)
                      0.889410    0.000000   40.515465 ^ analog_block_inst/analog_readout_inst/_0_/A1 (gf180mcu_fd_sc_mcu7t5v0__and2_1)
     4    0.119328    1.306756    0.967951   41.483414 ^ analog_block_inst/analog_readout_inst/_0_/Z (gf180mcu_fd_sc_mcu7t5v0__and2_1)
                                                         analog[1] (net)
                      1.306800    0.004324   41.487740 ^ analog_block_inst/analog_wave_mixer_x_inst/_0_/A2 (gf180mcu_fd_sc_mcu7t5v0__and2_1)
     3    0.081012    0.903122    0.694499   42.182236 ^ analog_block_inst/analog_wave_mixer_x_inst/_0_/Z (gf180mcu_fd_sc_mcu7t5v0__and2_1)
                                                         analog[2] (net)
                      0.903134    0.001908   42.184147 ^ analog[2] (inout)
                                             42.184147   data arrival time

                                200.000000  200.000000   clock clk (rise edge)
                                  0.000000  200.000000   clock network delay (propagated)
                                 -0.250000  199.750000   clock uncertainty
                                  0.000000  199.750000   clock reconvergence pessimism
                                -40.000000  159.749985   output external delay
                                            159.749985   data required time
---------------------------------------------------------------------------------------------
                                            159.749985   data required time
                                            -42.184147   data arrival time
---------------------------------------------------------------------------------------------
                                            117.565849   slack (MET)




===========================================================================
report_checks --slack_max -0.01
============================================================================
======================= max_ff_n40C_5v50 Corner ===================================

No paths found.


===========================================================================
 report_check_types -max_slew -max_cap -max_fanout -violators
============================================================================
======================= max_ff_n40C_5v50 Corner ===================================

max fanout

Pin                                   Limit Fanout  Slack
---------------------------------------------------------
clkbuf_leaf_14_clk/Z                     10     13     -3 (VIOLATED)
clkbuf_leaf_16_clk/Z                     10     13     -3 (VIOLATED)
clkbuf_leaf_1_clk/Z                      10     13     -3 (VIOLATED)
clkbuf_leaf_3_clk/Z                      10     13     -3 (VIOLATED)
clkbuf_leaf_7_clk/Z                      10     13     -3 (VIOLATED)
clkbuf_leaf_0_clk/Z                      10     12     -2 (VIOLATED)
clkbuf_leaf_17_clk/Z                     10     12     -2 (VIOLATED)
clkbuf_leaf_18_clk/Z                     10     12     -2 (VIOLATED)
clkbuf_leaf_19_clk/Z                     10     12     -2 (VIOLATED)
clkbuf_leaf_2_clk/Z                      10     12     -2 (VIOLATED)
clkbuf_leaf_48_clk/Z                     10     12     -2 (VIOLATED)
clkbuf_leaf_4_clk/Z                      10     12     -2 (VIOLATED)
clkbuf_leaf_53_clk/Z                     10     12     -2 (VIOLATED)
clkbuf_leaf_6_clk/Z                      10     12     -2 (VIOLATED)
clkbuf_leaf_10_clk/Z                     10     11        (VIOLATED)
clkbuf_leaf_20_clk/Z                     10     11        (VIOLATED)
clkbuf_leaf_27_clk/Z                     10     11        (VIOLATED)
clkbuf_leaf_37_clk/Z                     10     11        (VIOLATED)
clkbuf_leaf_38_clk/Z                     10     11        (VIOLATED)
clkbuf_leaf_49_clk/Z                     10     11        (VIOLATED)

max capacitance

Pin                                        Limit         Cap       Slack
------------------------------------------------------------------------
clkbuf_0_clk/Z                          0.200000    0.353469   -0.153469 (VIOLATED)
clkbuf_3_2__f_clk/Z                     0.200000    0.205757   -0.005757 (VIOLATED)



===========================================================================
report_parasitic_annotation -report_unannotated
============================================================================
Found 57 unannotated drivers.
 bidir_in[3]
 bidir_in[4]
 bidir_in[5]
 bidir_in[6]
 bidir_in[7]
 bidir_in[8]
 bidir_in[9]
 _83_/Z
 _84_/Z
 _85_/Z
 _86_/Z
 clkload0/Z
 clkload1/Z
 clkload10/Z
 clkload11/Z
 clkload12/Z
 clkload13/ZN
 clkload14/ZN
 clkload15/ZN
 clkload16/ZN
 clkload17/ZN
 clkload18/ZN
 clkload19/ZN
 clkload2/Z
 clkload20/Z
 clkload21/ZN
 clkload22/ZN
 clkload23/ZN
 clkload24/Z
 clkload25/ZN
 clkload26/Z
 clkload27/ZN
 clkload28/ZN
 clkload29/ZN
 clkload3/Z
 clkload30/ZN
 clkload31/ZN
 clkload32/ZN
 clkload33/ZN
 clkload34/ZN
 clkload35/ZN
 clkload36/ZN
 clkload37/ZN
 clkload38/ZN
 clkload39/ZN
 clkload4/Z
 clkload40/ZN
 clkload41/ZN
 clkload42/ZN
 clkload43/ZN
 clkload5/ZN
 clkload6/ZN
 clkload7/ZN
 clkload8/ZN
 clkload9/ZN
 wave_controller_x_inst\/_3725_/Q
 wave_controller_y_inst\/_3725_/Q
Found 0 partially unannotated drivers.

===========================================================================
max slew violation count 0
max fanout violation count 20
max cap violation count 2
============================================================================

===========================================================================
check_setup -verbose -unconstrained_endpoints -multiple_clock -no_clock -no_input_delay -loops -generated_clocks
===========================================================================
Warning: There is 1 unconstrained endpoint.
  analog[0]
