Clock: clk
Sources: clk 
Generated: no
Virtual: yes
Propagated: no
Period: 200.000000

===========================================================================
report_clock_properties
============================================================================
Clock                   Period          Waveform
----------------------------------------------------
clk                 200.000000    0.000000100.000000

===========================================================================
report_clock_latency
============================================================================
Clock clk
rise -> rise
    min     max
0.000000 0.000000 source latency
0.932342         network latency wave_controller_x_inst/_3629_/CLK
        0.994475 network latency spi_regs_inst/_1569_/CLK
---------------
0.932342 0.994475 latency
        0.062133 skew

fall -> fall
    min     max
0.000000 0.000000 source latency
0.881606         network latency wave_controller_x_inst/_3629_/CLK
        0.949129 network latency spi_regs_inst/_1569_/CLK
---------------
0.881606 0.949129 latency
        0.067523 skew



===========================================================================
report_clock_min_period
============================================================================
clk period_min = 13.93 fmax = 71.78
