
===========================================================================
 report_power
============================================================================
======================= nom_tt_025C_3v30 Corner ===================================

Group                    Internal    Switching      Leakage        Total
                            Power        Power        Power        Power (Watts)
------------------------------------------------------------------------
Sequential           6.574756e-04 7.617517e-06 1.118383e-07 6.652049e-04  48.8%
Combinational        2.605592e-05 3.230812e-05 3.780790e-07 5.874212e-05   4.3%
Clock                3.327114e-04 3.056180e-04 5.316465e-07 6.388610e-04  46.9%
Macro                0.000000e+00 0.000000e+00 0.000000e+00 0.000000e+00   0.0%
Pad                  0.000000e+00 0.000000e+00 0.000000e+00 0.000000e+00   0.0%
------------------------------------------------------------------------
Total                1.016243e-03 3.455435e-04 1.021572e-06 1.362808e-03 100.0%
                            74.6%        25.4%         0.1%

