19 Lint warnings found.
'PNR_SDC_FILE' is not defined. Using generic fallback SDC for OpenROAD PnR steps.
'SIGNOFF_SDC_FILE' is not defined. Using generic fallback SDC for OpenROAD PnR steps.
No libs found for macro analog_block at corner nom_tt_025C_3v30. The module will be black-boxed.
No libs found for macro analog_block at corner nom_tt_025C_3v30. The module will be black-boxed.
No libs found for macro analog_block at corner nom_tt_025C_3v30. The module will be black-boxed.
No libs found for macro analog_block at corner min_ff_n40C_3v60. The module will be black-boxed.
No libs found for macro analog_block at corner max_ss_125C_3v00. The module will be black-boxed.
No libs found for macro analog_block at corner nom_tt_025C_3v30. The module will be black-boxed.
[ORD-2011] LEF master analog_block has no liberty cell.
No libs found for macro analog_block at corner nom_tt_025C_3v30. The module will be black-boxed.
Cell 'analog_block' has (5) input pin(s) without antenna gate information. They might not be connected to a gate.
Cell 'analog_block' has (5) output pin(s) without antenna diffusion information. They might not be driven.
Macros inside hierarchical netlists are not currently supported in LibreLane: skipping submodule 'signal_processor_x_inst' of type 'signal_processor$chip_core.signal_processor_x_inst'.
Macros inside hierarchical netlists are not currently supported in LibreLane: skipping submodule 'signal_processor_y_inst' of type 'signal_processor$chip_core.signal_processor_y_inst'.
Macros inside hierarchical netlists are not currently supported in LibreLane: skipping submodule 'spi_regs_inst' of type 'spi_regs$chip_core.spi_regs_inst'.
Macros inside hierarchical netlists are not currently supported in LibreLane: skipping submodule 'state_machine_inst' of type 'state_machine$chip_core.state_machine_inst'.
Macros inside hierarchical netlists are not currently supported in LibreLane: skipping submodule 'wave_controller_x_inst' of type 'wave_controller$chip_core.wave_controller_x_inst'.
Macros inside hierarchical netlists are not currently supported in LibreLane: skipping submodule 'wave_controller_y_inst' of type 'wave_controller$chip_core.wave_controller_y_inst'.
No libs found for macro analog_block at corner nom_tt_025C_3v30. The module will be black-boxed.
No libs found for macro analog_block at corner nom_tt_025C_3v30. The module will be black-boxed.
No libs found for macro analog_block at corner nom_tt_025C_3v30. The module will be black-boxed.
[PDN-0231] analog_block_inst is not connected to any power/ground nets.
[PDN-0178] Remaining channel (6.7200, 23.2200) - (308.5600, 43.4200) on Metal1 for nets: VDD, VSS
[PDN-0178] Remaining channel (6.7200, 176.1000) - (308.5600, 196.3000) on Metal1 for nets: VDD, VSS
[PDN-0178] Remaining channel (6.7200, 332.9000) - (912.8000, 349.1800) on Metal1 for nets: VDD
[PDN-0178] Remaining channel (6.7200, 485.7800) - (912.8000, 502.0600) on Metal1 for nets: VSS
[PDN-0178] Remaining channel (809.2000, 15.3800) - (912.8000, 235.5000) on Metal1 for nets: VDD, VSS
