Clock: clk
Sources: clk 
Generated: no
Virtual: yes
Propagated: no
Period: 200.000000

===========================================================================
report_clock_properties
============================================================================
Clock                   Period          Waveform
----------------------------------------------------
clk                 200.000000    0.000000100.000000

===========================================================================
report_clock_latency
============================================================================
Clock clk
rise -> rise
    min     max
0.000000 0.000000 source latency
1.403028         network latency _1483_/CLK
        1.454340 network latency _1489_/CLK
---------------
1.403028 1.454340 latency
        0.051311 skew

fall -> fall
    min     max
0.000000 0.000000 source latency
1.355630         network latency _1483_/CLK
        1.408850 network latency _1489_/CLK
---------------
1.355630 1.408850 latency
        0.053220 skew



===========================================================================
report_clock_min_period
============================================================================
clk period_min = 15.80 fmax = 63.31
