Reading timing models for corner max_ss_125C_3v00…
Reading timing library for the 'max_ss_125C_3v00' corner at '/foss/pdks/gf180mcuD/libs.ref/gf180mcu_fd_sc_mcu7t5v0/lib/gf180mcu_fd_sc_mcu7t5v0__ss_125C_3v00.lib'…
Reading timing models for corner min_ff_n40C_3v60…
Reading timing library for the 'min_ff_n40C_3v60' corner at '/foss/pdks/gf180mcuD/libs.ref/gf180mcu_fd_sc_mcu7t5v0/lib/gf180mcu_fd_sc_mcu7t5v0__ff_n40C_3v60.lib'…
Reading timing models for corner nom_tt_025C_3v30…
Reading timing library for the 'nom_tt_025C_3v30' corner at '/foss/pdks/gf180mcuD/libs.ref/gf180mcu_fd_sc_mcu7t5v0/lib/gf180mcu_fd_sc_mcu7t5v0__tt_025C_3v30.lib'…
Reading OpenROAD database at '/workspace/librelane/runs/RUN_2026-08-09_23-45-37/28-openroad-globalplacement/state_machine.odb'…
Reading design constraints file at '/usr/local/lib/python3.12/dist-packages/librelane/scripts/base.sdc'…
[INFO] Using clock clk…
[INFO] Setting output delay to: 40
[INFO] Setting input delay to: 40
[INFO] Setting load to: 0.07291
[INFO] Setting clock uncertainty to: 0.25
[INFO] Setting clock transition to: 0.15
[INFO] Setting timing derate to: 5%
[INFO RSZ-0027] Inserted 7 gf180mcu_fd_sc_mcu7t5v0__buf_1 input buffers.
[INFO RSZ-0028] Inserted 5 gf180mcu_fd_sc_mcu7t5v0__buf_1 output buffers.
+ repair_design -verbose -max_wire_length 0 -slew_margin 20 -cap_margin 20
Iteration |   Area    | Resized | Buffers | Nets repaired | Remaining
---------------------------------------------------------------------
        0 |     +0.0% |       0 |       0 |             0 |        43
       10 |     +4.7% |       1 |       1 |             1 |        33
       20 |     +7.8% |       4 |       1 |             1 |        23
       30 |     +9.7% |       7 |       1 |             1 |        13
       40 |     +9.7% |       7 |       1 |             1 |         3
    final |     +9.7% |       7 |       1 |             1 |         0
---------------------------------------------------------------------
[INFO RSZ-0034] Found 7 slew violations.
[INFO RSZ-0039] Resized 7 instances.
[INFO RSZ-0038] Inserted 1 buffers in 1 nets.
[WARNING RSZ-0020] found 2 floating nets.
 VDD
 VSS
+ detailed_placement -max_displacement  500 100 
Placement Analysis
---------------------------------
total displacement        380.4 u
average displacement        5.6 u
max displacement           39.8 u
original HPWL             784.2 u
legalized HPWL            913.6 u
delta HPWL                   17 %

[INFO DPL-0020] Mirrored 13 instances
[INFO DPL-0021] HPWL before             913.6 u
[INFO DPL-0022] HPWL after              888.8 u
[INFO DPL-0023] HPWL delta               -2.7 %
Setting global connections for newly added cells…
[INFO] Setting global connections...
[INFO ODB-0403] 52 connections made, 0 conflicts skipped.
Updating metrics…
Cell type report:                       Count       Area
  Endcap cell                              20      87.81
  Tap cell                                 12      52.68
  Timing Repair Buffer                     13     197.57
  Inverter                                  3      26.34
  Sequential cell                           3     223.91
  Multi-Input combinational cell           17     322.69
  Total                                    68     911.01
Writing OpenROAD database to '/workspace/librelane/runs/RUN_2026-08-09_23-45-37/32-openroad-repairdesignpostgpl/state_machine.odb'…
Writing netlist to '/workspace/librelane/runs/RUN_2026-08-09_23-45-37/32-openroad-repairdesignpostgpl/state_machine.nl.v'…
Writing powered netlist to '/workspace/librelane/runs/RUN_2026-08-09_23-45-37/32-openroad-repairdesignpostgpl/state_machine.pnl.v'…
Writing layout to '/workspace/librelane/runs/RUN_2026-08-09_23-45-37/32-openroad-repairdesignpostgpl/state_machine.def'…
Writing timing constraints to '/workspace/librelane/runs/RUN_2026-08-09_23-45-37/32-openroad-repairdesignpostgpl/state_machine.sdc'…
