
===========================================================================
report_checks -unconstrained
===========================================================================
======================= max_tt_025C_5v00 Corner ===================================

Startpoint: rst_n (input port clocked by clk)
Endpoint: spi_regs_inst/_1615_ (recovery check against rising-edge clock clk)
Path Group: asynchronous
Path Type: max

Fanout         Cap        Slew       Delay        Time   Description
---------------------------------------------------------------------------------------------
                                  0.000000    0.000000   clock clk (rise edge)
                                  0.000000    0.000000   clock network delay (propagated)
                                 40.000000   40.000000 ^ input external delay
     1    0.004506    0.121798    0.044658   40.044659 ^ rst_n (in)
                                                         rst_n (net)
                      0.121798    0.000000   40.044659 ^ input5/I (gf180mcu_fd_sc_mcu7t5v0__buf_1)
     2    0.060082    1.011834    0.725674   40.770332 ^ input5/Z (gf180mcu_fd_sc_mcu7t5v0__buf_1)
                                                         net5 (net)
                      1.011850    0.002306   40.772636 ^ fanout595/I (gf180mcu_fd_sc_mcu7t5v0__dlyb_1)
     7    0.086187    1.430564    1.659600   42.432240 ^ fanout595/Z (gf180mcu_fd_sc_mcu7t5v0__dlyb_1)
                                                         net595 (net)
                      1.430583    0.002945   42.435184 ^ fanout566/I (gf180mcu_fd_sc_mcu7t5v0__dlyb_1)
     6    0.120127    1.973267    1.950117   44.385300 ^ fanout566/Z (gf180mcu_fd_sc_mcu7t5v0__dlyb_1)
                                                         net566 (net)
                      1.973566    0.013703   44.399002 ^ fanout561/I (gf180mcu_fd_sc_mcu7t5v0__dlyb_1)
     8    0.099050    1.636135    1.726463   46.125465 ^ fanout561/Z (gf180mcu_fd_sc_mcu7t5v0__dlyb_1)
                                                         net561 (net)
                      1.636140    0.001645   46.127110 ^ fanout560/I (gf180mcu_fd_sc_mcu7t5v0__dlyb_1)
     5    0.058742    0.992659    1.378460   47.505569 ^ fanout560/Z (gf180mcu_fd_sc_mcu7t5v0__dlyb_1)
                                                         net560 (net)
                      0.992659    0.000508   47.506077 ^ fanout559/I (gf180mcu_fd_sc_mcu7t5v0__dlyb_1)
    10    0.101201    1.671986    1.800078   49.306156 ^ fanout559/Z (gf180mcu_fd_sc_mcu7t5v0__dlyb_1)
                                                         net559 (net)
                      1.671994    0.002110   49.308266 ^ spi_regs_inst/_1615_/RN (gf180mcu_fd_sc_mcu7t5v0__dffrnq_1)
                                             49.308266   data arrival time

                                200.000000  200.000000   clock clk (rise edge)
                                  0.000000  200.000000   clock source latency
     1    0.098922    0.425840    0.242395  200.242386 ^ clk (in)
                                                         clk (net)
                      0.427401    0.000000  200.242386 ^ clkbuf_0_clk/I (gf180mcu_fd_sc_mcu7t5v0__clkbuf_16)
     8    0.353389    0.387420    0.478664  200.721054 ^ clkbuf_0_clk/Z (gf180mcu_fd_sc_mcu7t5v0__clkbuf_16)
                                                         clknet_0_clk (net)
                      0.394031    0.029360  200.750412 ^ clkbuf_3_1__f_clk/I (gf180mcu_fd_sc_mcu7t5v0__clkbuf_16)
     8    0.153468    0.209678    0.370576  201.120987 ^ clkbuf_3_1__f_clk/Z (gf180mcu_fd_sc_mcu7t5v0__clkbuf_16)
                                                         clknet_3_1__leaf_clk (net)
                      0.209686    0.002387  201.123383 ^ clkbuf_leaf_11_clk/I (gf180mcu_fd_sc_mcu7t5v0__clkbuf_8)
     9    0.074845    0.201249    0.323581  201.446960 ^ clkbuf_leaf_11_clk/Z (gf180mcu_fd_sc_mcu7t5v0__clkbuf_8)
                                                         clknet_leaf_11_clk (net)
                      0.201271    0.001307  201.448257 ^ spi_regs_inst/_1615_/CLK (gf180mcu_fd_sc_mcu7t5v0__dffrnq_1)
                                 -0.250000  201.198273   clock uncertainty
                                  0.000000  201.198273   clock reconvergence pessimism
                                 -0.169867  201.028412   library recovery time
                                            201.028412   data required time
---------------------------------------------------------------------------------------------
                                            201.028412   data required time
                                            -49.308266   data arrival time
---------------------------------------------------------------------------------------------
                                            151.720139   slack (MET)


Startpoint: analog[0] (input port clocked by clk)
Endpoint: analog[2] (output port clocked by clk)
Path Group: clk
Path Type: max

Fanout         Cap        Slew       Delay        Time   Description
---------------------------------------------------------------------------------------------
                                  0.000000    0.000000   clock clk (rise edge)
                                  0.000000    0.000000   clock network delay (propagated)
                                 40.000000   40.000000 ^ input external delay
     2    0.080600    1.337663    0.754596   40.754597 ^ analog[0] (inout)
                                                         analog[0] (net)
                      1.337663    0.000000   40.754597 ^ analog_block_inst/analog_readout_inst/_0_/A1 (gf180mcu_fd_sc_mcu7t5v0__and2_1)
     4    0.119241    1.966840    1.464542   42.219139 ^ analog_block_inst/analog_readout_inst/_0_/Z (gf180mcu_fd_sc_mcu7t5v0__and2_1)
                                                         analog[1] (net)
                      1.966870    0.004320   42.223461 ^ analog_block_inst/analog_wave_mixer_x_inst/_0_/A2 (gf180mcu_fd_sc_mcu7t5v0__and2_1)
     3    0.080941    1.357639    1.059380   43.282841 ^ analog_block_inst/analog_wave_mixer_x_inst/_0_/Z (gf180mcu_fd_sc_mcu7t5v0__and2_1)
                                                         analog[2] (net)
                      1.357648    0.001904   43.284744 ^ analog[2] (inout)
                                             43.284744   data arrival time

                                200.000000  200.000000   clock clk (rise edge)
                                  0.000000  200.000000   clock network delay (propagated)
                                 -0.250000  199.750000   clock uncertainty
                                  0.000000  199.750000   clock reconvergence pessimism
                                -40.000000  159.749985   output external delay
                                            159.749985   data required time
---------------------------------------------------------------------------------------------
                                            159.749985   data required time
                                            -43.284744   data arrival time
---------------------------------------------------------------------------------------------
                                            116.465248   slack (MET)




===========================================================================
report_checks --slack_max -0.01
============================================================================
======================= max_tt_025C_5v00 Corner ===================================

No paths found.


===========================================================================
 report_check_types -max_slew -max_cap -max_fanout -violators
============================================================================
======================= max_tt_025C_5v00 Corner ===================================

max slew

Pin                                        Limit        Slew       Slack
------------------------------------------------------------------------
spi_regs_inst/_0766_/I1                 3.000000    3.071275   -0.071275 (VIOLATED)
spi_regs_inst/_0796_/I1                 3.000000    3.071273   -0.071273 (VIOLATED)
spi_regs_inst/_1444_/I1                 3.000000    3.071127   -0.071127 (VIOLATED)
spi_regs_inst/_0779_/I1                 3.000000    3.071037   -0.071037 (VIOLATED)
spi_regs_inst/_0805_/I0                 3.000000    3.071019   -0.071019 (VIOLATED)
spi_regs_inst/_1393_/I1                 3.000000    3.070999   -0.070999 (VIOLATED)
spi_regs_inst/_1411_/I1                 3.000000    3.070946   -0.070947 (VIOLATED)
spi_regs_inst/_0878_/I1                 3.000000    3.070945   -0.070945 (VIOLATED)
spi_regs_inst/_0860_/I1                 3.000000    3.070937   -0.070937 (VIOLATED)
spi_regs_inst/_1383_/I1                 3.000000    3.070898   -0.070898 (VIOLATED)
spi_regs_inst/fanout461/Z               3.000000    3.070898   -0.070898 (VIOLATED)

max fanout

Pin                                   Limit Fanout  Slack
---------------------------------------------------------
clkbuf_leaf_14_clk/Z                     10     13     -3 (VIOLATED)
clkbuf_leaf_16_clk/Z                     10     13     -3 (VIOLATED)
clkbuf_leaf_1_clk/Z                      10     13     -3 (VIOLATED)
clkbuf_leaf_3_clk/Z                      10     13     -3 (VIOLATED)
clkbuf_leaf_7_clk/Z                      10     13     -3 (VIOLATED)
clkbuf_leaf_0_clk/Z                      10     12     -2 (VIOLATED)
clkbuf_leaf_17_clk/Z                     10     12     -2 (VIOLATED)
clkbuf_leaf_18_clk/Z                     10     12     -2 (VIOLATED)
clkbuf_leaf_19_clk/Z                     10     12     -2 (VIOLATED)
clkbuf_leaf_2_clk/Z                      10     12     -2 (VIOLATED)
clkbuf_leaf_48_clk/Z                     10     12     -2 (VIOLATED)
clkbuf_leaf_4_clk/Z                      10     12     -2 (VIOLATED)
clkbuf_leaf_53_clk/Z                     10     12     -2 (VIOLATED)
clkbuf_leaf_6_clk/Z                      10     12     -2 (VIOLATED)
clkbuf_leaf_10_clk/Z                     10     11        (VIOLATED)
clkbuf_leaf_20_clk/Z                     10     11        (VIOLATED)
clkbuf_leaf_27_clk/Z                     10     11        (VIOLATED)
clkbuf_leaf_37_clk/Z                     10     11        (VIOLATED)
clkbuf_leaf_38_clk/Z                     10     11        (VIOLATED)
clkbuf_leaf_49_clk/Z                     10     11        (VIOLATED)

max capacitance

Pin                                        Limit         Cap       Slack
------------------------------------------------------------------------
clkbuf_0_clk/Z                          0.200000    0.353389   -0.153389 (VIOLATED)
clkbuf_3_2__f_clk/Z                     0.200000    0.205357   -0.005357 (VIOLATED)



===========================================================================
report_parasitic_annotation -report_unannotated
============================================================================
Found 57 unannotated drivers.
 bidir_in[3]
 bidir_in[4]
 bidir_in[5]
 bidir_in[6]
 bidir_in[7]
 bidir_in[8]
 bidir_in[9]
 _83_/Z
 _84_/Z
 _85_/Z
 _86_/Z
 clkload0/Z
 clkload1/Z
 clkload10/Z
 clkload11/Z
 clkload12/Z
 clkload13/ZN
 clkload14/ZN
 clkload15/ZN
 clkload16/ZN
 clkload17/ZN
 clkload18/ZN
 clkload19/ZN
 clkload2/Z
 clkload20/Z
 clkload21/ZN
 clkload22/ZN
 clkload23/ZN
 clkload24/Z
 clkload25/ZN
 clkload26/Z
 clkload27/ZN
 clkload28/ZN
 clkload29/ZN
 clkload3/Z
 clkload30/ZN
 clkload31/ZN
 clkload32/ZN
 clkload33/ZN
 clkload34/ZN
 clkload35/ZN
 clkload36/ZN
 clkload37/ZN
 clkload38/ZN
 clkload39/ZN
 clkload4/Z
 clkload40/ZN
 clkload41/ZN
 clkload42/ZN
 clkload43/ZN
 clkload5/ZN
 clkload6/ZN
 clkload7/ZN
 clkload8/ZN
 clkload9/ZN
 wave_controller_x_inst\/_3725_/Q
 wave_controller_y_inst\/_3725_/Q
Found 0 partially unannotated drivers.

===========================================================================
max slew violation count 11
max fanout violation count 20
max cap violation count 2
============================================================================

===========================================================================
check_setup -verbose -unconstrained_endpoints -multiple_clock -no_clock -no_input_delay -loops -generated_clocks
===========================================================================
Warning: There is 1 unconstrained endpoint.
  analog[0]
