152. Printing statistics.

=== wrapper_top ===

        +----------Local Count, excluding submodules.
        |        +-Local Area, excluding submodules.
        |        | 
     6773        - wires
     6773        - wire bits
      679        - public wires
      679        - public wire bits
      121        - ports
      121        - port bits
     6756 1.54E+05 cells
      158 2.77E+03   gf180mcu_fd_sc_mcu7t5v0__and2_1
      115  2524.48   gf180mcu_fd_sc_mcu7t5v0__and3_1
       86 2.08E+03   gf180mcu_fd_sc_mcu7t5v0__and4_1
      199 4.37E+03   gf180mcu_fd_sc_mcu7t5v0__aoi211_1
      556  9764.25   gf180mcu_fd_sc_mcu7t5v0__aoi21_1
       67 1.62E+03   gf180mcu_fd_sc_mcu7t5v0__aoi221_1
       52  1.6E+03   gf180mcu_fd_sc_mcu7t5v0__aoi222_1
      291 5.75E+03   gf180mcu_fd_sc_mcu7t5v0__aoi22_1
      427 3.75E+03   gf180mcu_fd_sc_mcu7t5v0__clkinv_1
      558 4.16E+04   gf180mcu_fd_sc_mcu7t5v0__dffrnq_1
        8  632.218   gf180mcu_fd_sc_mcu7t5v0__dffsnq_1
      223 7.34E+03   gf180mcu_fd_sc_mcu7t5v0__mux2_2
     1049 1.15E+04   gf180mcu_fd_sc_mcu7t5v0__nand2_1
      455 6.99E+03   gf180mcu_fd_sc_mcu7t5v0__nand3_1
      260 5.14E+03   gf180mcu_fd_sc_mcu7t5v0__nand4_1
      439 5.78E+03   gf180mcu_fd_sc_mcu7t5v0__nor2_1
      107 1.88E+03   gf180mcu_fd_sc_mcu7t5v0__nor3_1
      121 2.66E+03   gf180mcu_fd_sc_mcu7t5v0__nor4_1
      199 4.37E+03   gf180mcu_fd_sc_mcu7t5v0__oai211_1
      463 8.13E+03   gf180mcu_fd_sc_mcu7t5v0__oai21_1
       91  2.4E+03   gf180mcu_fd_sc_mcu7t5v0__oai221_1
        2   65.856   gf180mcu_fd_sc_mcu7t5v0__oai222_1
       73  1.6E+03   gf180mcu_fd_sc_mcu7t5v0__oai22_1
       94 2.27E+03   gf180mcu_fd_sc_mcu7t5v0__oai31_1
       73 1.92E+03   gf180mcu_fd_sc_mcu7t5v0__oai32_1
        1   32.928   gf180mcu_fd_sc_mcu7t5v0__oai33_1
       97  1.7E+03   gf180mcu_fd_sc_mcu7t5v0__or2_1
       43  943.936   gf180mcu_fd_sc_mcu7t5v0__or3_1
       10  263.424   gf180mcu_fd_sc_mcu7t5v0__or4_1
       22  193.178   gf180mcu_fd_sc_mcu7t5v0__tieh
       71  623.437   gf180mcu_fd_sc_mcu7t5v0__tiel
       33  941.741   gf180mcu_fd_sc_mcu7t5v0__xnor2_1
        6  316.109   gf180mcu_fd_sc_mcu7t5v0__xnor3_1
      229  6032.41   gf180mcu_fd_sc_mcu7t5v0__xor2_1
       78 3.94E+03   gf180mcu_fd_sc_mcu7t5v0__xor3_1

   Chip area for module '\wrapper_top': 153552.044800
     of which used for sequential elements: 42279.552000 (27.53%)

