Starting…
Running 'Verilator.Lint' at 'librelane/runs/RUN_2026-08-03_00-34-52/01-verilator-lint'…
Logging subprocess to [repr.filename]'librelane/runs/RUN_2026-08-03_00-34-52/01-verilator-lint/verilator-lint.log'[/repr.filename]…
Running 'Checker.LintTimingConstructs' at 'librelane/runs/RUN_2026-08-03_00-34-52/02-checker-linttimingconstructs'…
Check for Lint Timing Errors clear.
Running 'Checker.LintErrors' at 'librelane/runs/RUN_2026-08-03_00-34-52/03-checker-linterrors'…
Check for Lint errors clear.
Running 'Checker.LintWarnings' at 'librelane/runs/RUN_2026-08-03_00-34-52/04-checker-lintwarnings'…
7 Lint warnings found.
Running 'Yosys.JsonHeader' at 'librelane/runs/RUN_2026-08-03_00-34-52/05-yosys-jsonheader'…
Logging subprocess to [repr.filename]'librelane/runs/RUN_2026-08-03_00-34-52/05-yosys-jsonheader/yosys-jsonheader.log'[/repr.filename]…
Running 'Yosys.Synthesis' at 'librelane/runs/RUN_2026-08-03_00-34-52/06-yosys-synthesis'…
Logging subprocess to [repr.filename]'librelane/runs/RUN_2026-08-03_00-34-52/06-yosys-synthesis/yosys-synthesis.log'[/repr.filename]…
Parsing synthesis checks…
Running 'Checker.YosysUnmappedCells' at 'librelane/runs/RUN_2026-08-03_00-34-52/07-checker-yosysunmappedcells'…
Check for Unmapped Yosys instances clear.
Running 'Checker.YosysSynthChecks' at 'librelane/runs/RUN_2026-08-03_00-34-52/08-checker-yosyssynthchecks'…
Check for Yosys check errors clear.
Running 'Checker.NetlistAssignStatements' at 'librelane/runs/RUN_2026-08-03_00-34-52/09-checker-netlistassignstatements'…
Running 'OpenROAD.CheckSDCFiles' at 'librelane/runs/RUN_2026-08-03_00-34-52/10-openroad-checksdcfiles'…
Running 'OpenROAD.CheckMacroInstances' at 'librelane/runs/RUN_2026-08-03_00-34-52/11-openroad-checkmacroinstances'…
Logging subprocess to [repr.filename]'librelane/runs/RUN_2026-08-03_00-34-52/11-openroad-checkmacroinstances/openroad-checkmacroinstances.log'[/repr.filename]…
Running 'OpenROAD.STAPrePNR' at 'librelane/runs/RUN_2026-08-03_00-34-52/12-openroad-staprepnr'…
Starting STA for the nom_tt_025C_5v00 timing corner…
Starting STA for the nom_ss_125C_4v50 timing corner…
Starting STA for the nom_ff_n40C_5v50 timing corner…
Skipping corner min_tt_025C_5v00 for STA (identical to nom_tt_025C_5v00 at this stage)…
Skipping corner min_ss_125C_4v50 for STA (identical to nom_ss_125C_4v50 at this stage)…
Skipping corner min_ff_n40C_5v50 for STA (identical to nom_ff_n40C_5v50 at this stage)…
Skipping corner max_tt_025C_5v00 for STA (identical to nom_tt_025C_5v00 at this stage)…
Skipping corner max_ss_125C_4v50 for STA (identical to nom_ss_125C_4v50 at this stage)…
Logging subprocess to [repr.filename]'librelane/runs/RUN_2026-08-03_00-34-52/12-openroad-staprepnr/nom_tt_025C_5v00/sta.log'[/repr.filename]…
Skipping corner max_ff_n40C_5v50 for STA (identical to nom_ff_n40C_5v50 at this stage)…
Logging subprocess to [repr.filename]'librelane/runs/RUN_2026-08-03_00-34-52/12-openroad-staprepnr/nom_ss_125C_4v50/sta.log'[/repr.filename]…
Logging subprocess to [repr.filename]'librelane/runs/RUN_2026-08-03_00-34-52/12-openroad-staprepnr/nom_ff_n40C_5v50/sta.log'[/repr.filename]…
Finished STA for the nom_ss_125C_4v50 timing corner.
Finished STA for the nom_ff_n40C_5v50 timing corner.
Finished STA for the nom_tt_025C_5v00 timing corner.
Running 'OpenROAD.Floorplan' at 'librelane/runs/RUN_2026-08-03_00-34-52/13-openroad-floorplan'…
Logging subprocess to [repr.filename]'librelane/runs/RUN_2026-08-03_00-34-52/13-openroad-floorplan/openroad-floorplan.log'[/repr.filename]…
[ORD-2001] LEF macro gf180mcu_ef_io__bi_t pin ANA missing from liberty cell.
[ORD-2001] LEF macro gf180mcu_ef_io__bi_t pin ANA missing from liberty cell.
[STA-0366] port 'input_PAD[*]' not found.
[IFP-0028] Core area lower left (442.000, 442.000) snapped to (442.400, 442.960).
Running 'OpenROAD.DumpRCValues' at 'librelane/runs/RUN_2026-08-03_00-34-52/14-openroad-dumprcvalues'…
Logging subprocess to [repr.filename]'librelane/runs/RUN_2026-08-03_00-34-52/14-openroad-dumprcvalues/openroad-dumprcvalues.log'[/repr.filename]…
[ORD-2001] LEF macro gf180mcu_ef_io__bi_t pin ANA missing from liberty cell.
Running 'Odb.CheckMacroAntennaProperties' at 'librelane/runs/RUN_2026-08-03_00-34-52/15-odb-checkmacroantennaproperties'…
Logging subprocess to [repr.filename]'librelane/runs/RUN_2026-08-03_00-34-52/15-odb-checkmacroantennaproperties/odb-checkmacroantennaproperties.log'[/repr.filename]…
Running 'Odb.SetPowerConnections' at 'librelane/runs/RUN_2026-08-03_00-34-52/16-odb-setpowerconnections'…
Logging subprocess to [repr.filename]'librelane/runs/RUN_2026-08-03_00-34-52/16-odb-setpowerconnections/odb-setpowerconnections.log'[/repr.filename]…
Running 'OpenROAD.PadRing' at 'librelane/runs/RUN_2026-08-03_00-34-52/17-openroad-padring'…
'PAD_CFG' not explicitly set, setting it to /usr/local/lib/python3.12/dist-packages/librelane/scripts/openroad/common/pad_cfg.tcl…
Logging subprocess to [repr.filename]'librelane/runs/RUN_2026-08-03_00-34-52/17-openroad-padring/openroad-padring.log'[/repr.filename]…
[ORD-2001] LEF macro gf180mcu_ef_io__bi_t pin ANA missing from liberty cell.
[STA-0366] port 'input_PAD[*]' not found.
[PAD-0033] Could not find a block terminal associated with net: "VDD", creating now.
[PAD-0033] Could not find a block terminal associated with net: "VSS", creating now.
Running 'Odb.ManualMacroPlacement' at 'librelane/runs/RUN_2026-08-03_00-34-52/18-odb-manualmacroplacement'…
Logging subprocess to [repr.filename]'librelane/runs/RUN_2026-08-03_00-34-52/18-odb-manualmacroplacement/odb-manualmacroplacement.log'[/repr.filename]…
Running 'OpenROAD.CutRows' at 'librelane/runs/RUN_2026-08-03_00-34-52/19-openroad-cutrows'…
Logging subprocess to [repr.filename]'librelane/runs/RUN_2026-08-03_00-34-52/19-openroad-cutrows/openroad-cutrows.log'[/repr.filename]…
[ORD-2001] LEF macro gf180mcu_ef_io__bi_t pin ANA missing from liberty cell.
[STA-0366] port 'input_PAD[*]' not found.
Running 'OpenROAD.TapEndcapInsertion' at 'librelane/runs/RUN_2026-08-03_00-34-52/20-openroad-tapendcapinsertion'…
Logging subprocess to [repr.filename]'librelane/runs/RUN_2026-08-03_00-34-52/20-openroad-tapendcapinsertion/openroad-tapendcapinsertion.log'[/repr.filename]…
[ORD-2001] LEF macro gf180mcu_ef_io__bi_t pin ANA missing from liberty cell.
[STA-0366] port 'input_PAD[*]' not found.
Running 'Odb.AddPDNObstructions' at 'librelane/runs/RUN_2026-08-03_00-34-52/21-odb-addpdnobstructions'…
'PDN_OBSTRUCTIONS' is not defined. Skipping 'Odb.AddPDNObstructions'…
Running 'OpenROAD.GeneratePDN' at 'librelane/runs/RUN_2026-08-03_00-34-52/22-openroad-generatepdn'…
Logging subprocess to [repr.filename]'librelane/runs/RUN_2026-08-03_00-34-52/22-openroad-generatepdn/openroad-generatepdn.log'[/repr.filename]…
[ORD-2001] LEF macro gf180mcu_ef_io__bi_t pin ANA missing from liberty cell.
[STA-0366] port 'input_PAD[*]' not found.
Running 'Odb.RemovePDNObstructions' at 'librelane/runs/RUN_2026-08-03_00-34-52/23-odb-removepdnobstructions'…
'PDN_OBSTRUCTIONS' is not defined. Skipping 'Odb.RemovePDNObstructions'…
Running 'Odb.AddRoutingObstructions' at 'librelane/runs/RUN_2026-08-03_00-34-52/24-odb-addroutingobstructions'…
'ROUTING_OBSTRUCTIONS' is not defined. Skipping 'Odb.AddRoutingObstructions'…
Running 'OpenROAD.GlobalPlacementSkipIO' at 'librelane/runs/RUN_2026-08-03_00-34-52/25-openroad-globalplacementskipio'…
Logging subprocess to [repr.filename]'librelane/runs/RUN_2026-08-03_00-34-52/25-openroad-globalplacementskipio/openroad-globalplacementskipio.log'[/repr.filename]…
[ORD-2001] LEF macro gf180mcu_ef_io__bi_t pin ANA missing from liberty cell.
[STA-0366] port 'input_PAD[*]' not found.
Running 'Odb.ApplyDEFTemplate' at 'librelane/runs/RUN_2026-08-03_00-34-52/26-odb-applydeftemplate'…
No DEF template provided, skipping 'Odb.ApplyDEFTemplate'…
Running 'OpenROAD.GlobalPlacement' at 'librelane/runs/RUN_2026-08-03_00-34-52/27-openroad-globalplacement'…
Logging subprocess to [repr.filename]'librelane/runs/RUN_2026-08-03_00-34-52/27-openroad-globalplacement/openroad-globalplacement.log'[/repr.filename]…
[ORD-2001] LEF macro gf180mcu_ef_io__bi_t pin ANA missing from liberty cell.
[STA-0366] port 'input_PAD[*]' not found.
Running 'Odb.WriteVerilogHeader' at 'librelane/runs/RUN_2026-08-03_00-34-52/28-odb-writeverilogheader'…
Logging subprocess to [repr.filename]'librelane/runs/RUN_2026-08-03_00-34-52/28-odb-writeverilogheader/odb-writeverilogheader.log'[/repr.filename]…
Running 'Checker.PowerGridViolations' at 'librelane/runs/RUN_2026-08-03_00-34-52/29-checker-powergridviolations'…
Check for power grid violations (as reported by OpenROAD PSM- you may ignore these if LVS passes) clear.
Running 'OpenROAD.STAMidPNR' at 'librelane/runs/RUN_2026-08-03_00-34-52/30-openroad-stamidpnr'…
Logging subprocess to [repr.filename]'librelane/runs/RUN_2026-08-03_00-34-52/30-openroad-stamidpnr/openroad-stamidpnr.log'[/repr.filename]…
[ORD-2001] LEF macro gf180mcu_ef_io__bi_t pin ANA missing from liberty cell.
[STA-0366] port 'input_PAD[*]' not found.
Running 'OpenROAD.RepairDesignPostGPL' at 'librelane/runs/RUN_2026-08-03_00-34-52/31-openroad-repairdesignpostgpl'…
Logging subprocess to [repr.filename]'librelane/runs/RUN_2026-08-03_00-34-52/31-openroad-repairdesignpostgpl/openroad-repairdesignpostgpl.log'[/repr.filename]…
[STA-1140] /workspace/ip/gf180mcu_ws_ip__id/lib/gf180mcu_ws_ip__id.lib line 1, library gf180mcu_ws_ip__id already exists.
[STA-1140] /workspace/ip/gf180mcu_ws_ip__logo/lib/gf180mcu_ws_ip__logo.lib line 1, library gf180mcu_ws_ip__logo already exists.
[STA-1140] /workspace/gf180mcu/gf180mcuD/libs.ref/gf180mcu_fd_sc_mcu7t5v0/lib/gf180mcu_fd_sc_mcu7t5v0__ff_n40C_5v50.lib line 17, library gf180mcu_fd_sc_mcu7t5v0__ff_n40C_5v50 already exists.
[STA-1140] /workspace/gf180mcu/gf180mcuD/libs.ref/gf180mcu_fd_io/lib/gf180mcu_fd_io__ff_n40C_5v50.lib line 17, library gf180mcu_fd_io__ff_n40C_5v50 already exists.
[STA-1140] /workspace/gf180mcu/gf180mcuD/libs.ref/gf180mcu_fd_io/lib/gf180mcu_ws_io__ff_n40C_5v50.lib line 17, library gf180mcu_ws_io__ff_n40C_5v50 already exists.
[STA-1140] /workspace/ip/gf180mcu_ws_ip__id/lib/gf180mcu_ws_ip__id.lib line 1, library gf180mcu_ws_ip__id already exists.
[STA-1140] /workspace/ip/gf180mcu_ws_ip__logo/lib/gf180mcu_ws_ip__logo.lib line 1, library gf180mcu_ws_ip__logo already exists.
[STA-1140] /workspace/gf180mcu/gf180mcuD/libs.ref/gf180mcu_fd_sc_mcu7t5v0/lib/gf180mcu_fd_sc_mcu7t5v0__tt_025C_5v00.lib line 17, library gf180mcu_fd_sc_mcu7t5v0__tt_025C_5v00 already exists.
[STA-1140] /workspace/gf180mcu/gf180mcuD/libs.ref/gf180mcu_fd_io/lib/gf180mcu_fd_io__tt_025C_5v00.lib line 17, library gf180mcu_fd_io__tt_025C_5v00 already exists.
[STA-1140] /workspace/gf180mcu/gf180mcuD/libs.ref/gf180mcu_fd_io/lib/gf180mcu_ws_io__tt_025C_5v00.lib line 17, library gf180mcu_ws_io__tt_025C_5v00 already exists.
[STA-1140] /workspace/ip/gf180mcu_ws_ip__id/lib/gf180mcu_ws_ip__id.lib line 1, library gf180mcu_ws_ip__id already exists.
[STA-1140] /workspace/ip/gf180mcu_ws_ip__logo/lib/gf180mcu_ws_ip__logo.lib line 1, library gf180mcu_ws_ip__logo already exists.
[STA-1140] /workspace/ip/gf180mcu_ws_ip__id/lib/gf180mcu_ws_ip__id.lib line 1, library gf180mcu_ws_ip__id already exists.
[STA-1140] /workspace/ip/gf180mcu_ws_ip__logo/lib/gf180mcu_ws_ip__logo.lib line 1, library gf180mcu_ws_ip__logo already exists.
[STA-1140] /workspace/gf180mcu/gf180mcuD/libs.ref/gf180mcu_fd_sc_mcu7t5v0/lib/gf180mcu_fd_sc_mcu7t5v0__ff_n40C_5v50.lib line 17, library gf180mcu_fd_sc_mcu7t5v0__ff_n40C_5v50 already exists.
[STA-1140] /workspace/gf180mcu/gf180mcuD/libs.ref/gf180mcu_fd_io/lib/gf180mcu_fd_io__ff_n40C_5v50.lib line 17, library gf180mcu_fd_io__ff_n40C_5v50 already exists.
[STA-1140] /workspace/gf180mcu/gf180mcuD/libs.ref/gf180mcu_fd_io/lib/gf180mcu_ws_io__ff_n40C_5v50.lib line 17, library gf180mcu_ws_io__ff_n40C_5v50 already exists.
[STA-1140] /workspace/ip/gf180mcu_ws_ip__id/lib/gf180mcu_ws_ip__id.lib line 1, library gf180mcu_ws_ip__id already exists.
[STA-1140] /workspace/ip/gf180mcu_ws_ip__logo/lib/gf180mcu_ws_ip__logo.lib line 1, library gf180mcu_ws_ip__logo already exists.
[STA-1140] /workspace/gf180mcu/gf180mcuD/libs.ref/gf180mcu_fd_sc_mcu7t5v0/lib/gf180mcu_fd_sc_mcu7t5v0__tt_025C_5v00.lib line 17, library gf180mcu_fd_sc_mcu7t5v0__tt_025C_5v00 already exists.
[STA-1140] /workspace/gf180mcu/gf180mcuD/libs.ref/gf180mcu_fd_io/lib/gf180mcu_fd_io__tt_025C_5v00.lib line 17, library gf180mcu_fd_io__tt_025C_5v00 already exists.
[STA-1140] /workspace/gf180mcu/gf180mcuD/libs.ref/gf180mcu_fd_io/lib/gf180mcu_ws_io__tt_025C_5v00.lib line 17, library gf180mcu_ws_io__tt_025C_5v00 already exists.
[STA-1140] /workspace/ip/gf180mcu_ws_ip__id/lib/gf180mcu_ws_ip__id.lib line 1, library gf180mcu_ws_ip__id already exists.
[STA-1140] /workspace/ip/gf180mcu_ws_ip__logo/lib/gf180mcu_ws_ip__logo.lib line 1, library gf180mcu_ws_ip__logo already exists.
[STA-1140] /workspace/gf180mcu/gf180mcuD/libs.ref/gf180mcu_fd_sc_mcu7t5v0/lib/gf180mcu_fd_sc_mcu7t5v0__ss_125C_4v50.lib line 17, library gf180mcu_fd_sc_mcu7t5v0__ss_125C_4v50 already exists.
[STA-1140] /workspace/gf180mcu/gf180mcuD/libs.ref/gf180mcu_fd_io/lib/gf180mcu_fd_io__ss_125C_4v50.lib line 17, library gf180mcu_fd_io__ss_125C_4v50 already exists.
[STA-1140] /workspace/gf180mcu/gf180mcuD/libs.ref/gf180mcu_fd_io/lib/gf180mcu_ws_io__ss_125C_4v50.lib line 17, library gf180mcu_ws_io__ss_125C_4v50 already exists.
[STA-1140] /workspace/ip/gf180mcu_ws_ip__id/lib/gf180mcu_ws_ip__id.lib line 1, library gf180mcu_ws_ip__id already exists.
[STA-1140] /workspace/ip/gf180mcu_ws_ip__logo/lib/gf180mcu_ws_ip__logo.lib line 1, library gf180mcu_ws_ip__logo already exists.
[STA-1140] /workspace/gf180mcu/gf180mcuD/libs.ref/gf180mcu_fd_sc_mcu7t5v0/lib/gf180mcu_fd_sc_mcu7t5v0__ss_125C_4v50.lib line 17, library gf180mcu_fd_sc_mcu7t5v0__ss_125C_4v50 already exists.
[STA-1140] /workspace/gf180mcu/gf180mcuD/libs.ref/gf180mcu_fd_io/lib/gf180mcu_fd_io__ss_125C_4v50.lib line 17, library gf180mcu_fd_io__ss_125C_4v50 already exists.
[STA-1140] /workspace/gf180mcu/gf180mcuD/libs.ref/gf180mcu_fd_io/lib/gf180mcu_ws_io__ss_125C_4v50.lib line 17, library gf180mcu_ws_io__ss_125C_4v50 already exists.
[STA-1140] /workspace/ip/gf180mcu_ws_ip__id/lib/gf180mcu_ws_ip__id.lib line 1, library gf180mcu_ws_ip__id already exists.
[STA-1140] /workspace/ip/gf180mcu_ws_ip__logo/lib/gf180mcu_ws_ip__logo.lib line 1, library gf180mcu_ws_ip__logo already exists.
[ORD-2001] LEF macro gf180mcu_ef_io__bi_t pin ANA missing from liberty cell.
[STA-0366] port 'input_PAD[*]' not found.
Running 'Odb.ManualGlobalPlacement' at 'librelane/runs/RUN_2026-08-03_00-34-52/32-odb-manualglobalplacement'…
'MANUAL_GLOBAL_PLACEMENTS' not set. Skipping 'Odb.ManualGlobalPlacement'…
Running 'OpenROAD.DetailedPlacement' at 'librelane/runs/RUN_2026-08-03_00-34-52/33-openroad-detailedplacement'…
Logging subprocess to [repr.filename]'librelane/runs/RUN_2026-08-03_00-34-52/33-openroad-detailedplacement/openroad-detailedplacement.log'[/repr.filename]…
[ORD-2001] LEF macro gf180mcu_ef_io__bi_t pin ANA missing from liberty cell.
[STA-0366] port 'input_PAD[*]' not found.
Running 'OpenROAD.CTS' at 'librelane/runs/RUN_2026-08-03_00-34-52/34-openroad-cts'…
Logging subprocess to [repr.filename]'librelane/runs/RUN_2026-08-03_00-34-52/34-openroad-cts/openroad-cts.log'[/repr.filename]…
[STA-1140] /workspace/ip/gf180mcu_ws_ip__id/lib/gf180mcu_ws_ip__id.lib line 1, library gf180mcu_ws_ip__id already exists.
[STA-1140] /workspace/ip/gf180mcu_ws_ip__logo/lib/gf180mcu_ws_ip__logo.lib line 1, library gf180mcu_ws_ip__logo already exists.
[STA-1140] /workspace/gf180mcu/gf180mcuD/libs.ref/gf180mcu_fd_sc_mcu7t5v0/lib/gf180mcu_fd_sc_mcu7t5v0__ff_n40C_5v50.lib line 17, library gf180mcu_fd_sc_mcu7t5v0__ff_n40C_5v50 already exists.
[STA-1140] /workspace/gf180mcu/gf180mcuD/libs.ref/gf180mcu_fd_io/lib/gf180mcu_fd_io__ff_n40C_5v50.lib line 17, library gf180mcu_fd_io__ff_n40C_5v50 already exists.
[STA-1140] /workspace/gf180mcu/gf180mcuD/libs.ref/gf180mcu_fd_io/lib/gf180mcu_ws_io__ff_n40C_5v50.lib line 17, library gf180mcu_ws_io__ff_n40C_5v50 already exists.
[STA-1140] /workspace/ip/gf180mcu_ws_ip__id/lib/gf180mcu_ws_ip__id.lib line 1, library gf180mcu_ws_ip__id already exists.
[STA-1140] /workspace/ip/gf180mcu_ws_ip__logo/lib/gf180mcu_ws_ip__logo.lib line 1, library gf180mcu_ws_ip__logo already exists.
[STA-1140] /workspace/gf180mcu/gf180mcuD/libs.ref/gf180mcu_fd_sc_mcu7t5v0/lib/gf180mcu_fd_sc_mcu7t5v0__tt_025C_5v00.lib line 17, library gf180mcu_fd_sc_mcu7t5v0__tt_025C_5v00 already exists.
[STA-1140] /workspace/gf180mcu/gf180mcuD/libs.ref/gf180mcu_fd_io/lib/gf180mcu_fd_io__tt_025C_5v00.lib line 17, library gf180mcu_fd_io__tt_025C_5v00 already exists.
[STA-1140] /workspace/gf180mcu/gf180mcuD/libs.ref/gf180mcu_fd_io/lib/gf180mcu_ws_io__tt_025C_5v00.lib line 17, library gf180mcu_ws_io__tt_025C_5v00 already exists.
[STA-1140] /workspace/ip/gf180mcu_ws_ip__id/lib/gf180mcu_ws_ip__id.lib line 1, library gf180mcu_ws_ip__id already exists.
[STA-1140] /workspace/ip/gf180mcu_ws_ip__logo/lib/gf180mcu_ws_ip__logo.lib line 1, library gf180mcu_ws_ip__logo already exists.
[STA-1140] /workspace/ip/gf180mcu_ws_ip__id/lib/gf180mcu_ws_ip__id.lib line 1, library gf180mcu_ws_ip__id already exists.
[STA-1140] /workspace/ip/gf180mcu_ws_ip__logo/lib/gf180mcu_ws_ip__logo.lib line 1, library gf180mcu_ws_ip__logo already exists.
[STA-1140] /workspace/gf180mcu/gf180mcuD/libs.ref/gf180mcu_fd_sc_mcu7t5v0/lib/gf180mcu_fd_sc_mcu7t5v0__ff_n40C_5v50.lib line 17, library gf180mcu_fd_sc_mcu7t5v0__ff_n40C_5v50 already exists.
[STA-1140] /workspace/gf180mcu/gf180mcuD/libs.ref/gf180mcu_fd_io/lib/gf180mcu_fd_io__ff_n40C_5v50.lib line 17, library gf180mcu_fd_io__ff_n40C_5v50 already exists.
[STA-1140] /workspace/gf180mcu/gf180mcuD/libs.ref/gf180mcu_fd_io/lib/gf180mcu_ws_io__ff_n40C_5v50.lib line 17, library gf180mcu_ws_io__ff_n40C_5v50 already exists.
[STA-1140] /workspace/ip/gf180mcu_ws_ip__id/lib/gf180mcu_ws_ip__id.lib line 1, library gf180mcu_ws_ip__id already exists.
[STA-1140] /workspace/ip/gf180mcu_ws_ip__logo/lib/gf180mcu_ws_ip__logo.lib line 1, library gf180mcu_ws_ip__logo already exists.
[STA-1140] /workspace/gf180mcu/gf180mcuD/libs.ref/gf180mcu_fd_sc_mcu7t5v0/lib/gf180mcu_fd_sc_mcu7t5v0__tt_025C_5v00.lib line 17, library gf180mcu_fd_sc_mcu7t5v0__tt_025C_5v00 already exists.
[STA-1140] /workspace/gf180mcu/gf180mcuD/libs.ref/gf180mcu_fd_io/lib/gf180mcu_fd_io__tt_025C_5v00.lib line 17, library gf180mcu_fd_io__tt_025C_5v00 already exists.
[STA-1140] /workspace/gf180mcu/gf180mcuD/libs.ref/gf180mcu_fd_io/lib/gf180mcu_ws_io__tt_025C_5v00.lib line 17, library gf180mcu_ws_io__tt_025C_5v00 already exists.
[STA-1140] /workspace/ip/gf180mcu_ws_ip__id/lib/gf180mcu_ws_ip__id.lib line 1, library gf180mcu_ws_ip__id already exists.
[STA-1140] /workspace/ip/gf180mcu_ws_ip__logo/lib/gf180mcu_ws_ip__logo.lib line 1, library gf180mcu_ws_ip__logo already exists.
[STA-1140] /workspace/gf180mcu/gf180mcuD/libs.ref/gf180mcu_fd_sc_mcu7t5v0/lib/gf180mcu_fd_sc_mcu7t5v0__ss_125C_4v50.lib line 17, library gf180mcu_fd_sc_mcu7t5v0__ss_125C_4v50 already exists.
[STA-1140] /workspace/gf180mcu/gf180mcuD/libs.ref/gf180mcu_fd_io/lib/gf180mcu_fd_io__ss_125C_4v50.lib line 17, library gf180mcu_fd_io__ss_125C_4v50 already exists.
[STA-1140] /workspace/gf180mcu/gf180mcuD/libs.ref/gf180mcu_fd_io/lib/gf180mcu_ws_io__ss_125C_4v50.lib line 17, library gf180mcu_ws_io__ss_125C_4v50 already exists.
[STA-1140] /workspace/ip/gf180mcu_ws_ip__id/lib/gf180mcu_ws_ip__id.lib line 1, library gf180mcu_ws_ip__id already exists.
[STA-1140] /workspace/ip/gf180mcu_ws_ip__logo/lib/gf180mcu_ws_ip__logo.lib line 1, library gf180mcu_ws_ip__logo already exists.
[STA-1140] /workspace/gf180mcu/gf180mcuD/libs.ref/gf180mcu_fd_sc_mcu7t5v0/lib/gf180mcu_fd_sc_mcu7t5v0__ss_125C_4v50.lib line 17, library gf180mcu_fd_sc_mcu7t5v0__ss_125C_4v50 already exists.
[STA-1140] /workspace/gf180mcu/gf180mcuD/libs.ref/gf180mcu_fd_io/lib/gf180mcu_fd_io__ss_125C_4v50.lib line 17, library gf180mcu_fd_io__ss_125C_4v50 already exists.
[STA-1140] /workspace/gf180mcu/gf180mcuD/libs.ref/gf180mcu_fd_io/lib/gf180mcu_ws_io__ss_125C_4v50.lib line 17, library gf180mcu_ws_io__ss_125C_4v50 already exists.
[STA-1140] /workspace/ip/gf180mcu_ws_ip__id/lib/gf180mcu_ws_ip__id.lib line 1, library gf180mcu_ws_ip__id already exists.
[STA-1140] /workspace/ip/gf180mcu_ws_ip__logo/lib/gf180mcu_ws_ip__logo.lib line 1, library gf180mcu_ws_ip__logo already exists.
[ORD-2001] LEF macro gf180mcu_ef_io__bi_t pin ANA missing from liberty cell.
[STA-0366] port 'input_PAD[*]' not found.
Running 'OpenROAD.STAMidPNR-1' at 'librelane/runs/RUN_2026-08-03_00-34-52/35-openroad-stamidpnr-1'…
Logging subprocess to [repr.filename]'librelane/runs/RUN_2026-08-03_00-34-52/35-openroad-stamidpnr-1/openroad-stamidpnr-1.log'[/repr.filename]…
[ORD-2001] LEF macro gf180mcu_ef_io__bi_t pin ANA missing from liberty cell.
[STA-0366] port 'input_PAD[*]' not found.
Running 'OpenROAD.ResizerTimingPostCTS' at 'librelane/runs/RUN_2026-08-03_00-34-52/36-openroad-resizertimingpostcts'…
Logging subprocess to [repr.filename]'librelane/runs/RUN_2026-08-03_00-34-52/36-openroad-resizertimingpostcts/openroad-resizertimingpostcts.log'[/repr.filename]…
[STA-1140] /workspace/ip/gf180mcu_ws_ip__id/lib/gf180mcu_ws_ip__id.lib line 1, library gf180mcu_ws_ip__id already exists.
[STA-1140] /workspace/ip/gf180mcu_ws_ip__logo/lib/gf180mcu_ws_ip__logo.lib line 1, library gf180mcu_ws_ip__logo already exists.
[STA-1140] /workspace/gf180mcu/gf180mcuD/libs.ref/gf180mcu_fd_sc_mcu7t5v0/lib/gf180mcu_fd_sc_mcu7t5v0__ff_n40C_5v50.lib line 17, library gf180mcu_fd_sc_mcu7t5v0__ff_n40C_5v50 already exists.
[STA-1140] /workspace/gf180mcu/gf180mcuD/libs.ref/gf180mcu_fd_io/lib/gf180mcu_fd_io__ff_n40C_5v50.lib line 17, library gf180mcu_fd_io__ff_n40C_5v50 already exists.
[STA-1140] /workspace/gf180mcu/gf180mcuD/libs.ref/gf180mcu_fd_io/lib/gf180mcu_ws_io__ff_n40C_5v50.lib line 17, library gf180mcu_ws_io__ff_n40C_5v50 already exists.
[STA-1140] /workspace/ip/gf180mcu_ws_ip__id/lib/gf180mcu_ws_ip__id.lib line 1, library gf180mcu_ws_ip__id already exists.
[STA-1140] /workspace/ip/gf180mcu_ws_ip__logo/lib/gf180mcu_ws_ip__logo.lib line 1, library gf180mcu_ws_ip__logo already exists.
[STA-1140] /workspace/gf180mcu/gf180mcuD/libs.ref/gf180mcu_fd_sc_mcu7t5v0/lib/gf180mcu_fd_sc_mcu7t5v0__tt_025C_5v00.lib line 17, library gf180mcu_fd_sc_mcu7t5v0__tt_025C_5v00 already exists.
[STA-1140] /workspace/gf180mcu/gf180mcuD/libs.ref/gf180mcu_fd_io/lib/gf180mcu_fd_io__tt_025C_5v00.lib line 17, library gf180mcu_fd_io__tt_025C_5v00 already exists.
[STA-1140] /workspace/gf180mcu/gf180mcuD/libs.ref/gf180mcu_fd_io/lib/gf180mcu_ws_io__tt_025C_5v00.lib line 17, library gf180mcu_ws_io__tt_025C_5v00 already exists.
[STA-1140] /workspace/ip/gf180mcu_ws_ip__id/lib/gf180mcu_ws_ip__id.lib line 1, library gf180mcu_ws_ip__id already exists.
[STA-1140] /workspace/ip/gf180mcu_ws_ip__logo/lib/gf180mcu_ws_ip__logo.lib line 1, library gf180mcu_ws_ip__logo already exists.
[STA-1140] /workspace/ip/gf180mcu_ws_ip__id/lib/gf180mcu_ws_ip__id.lib line 1, library gf180mcu_ws_ip__id already exists.
[STA-1140] /workspace/ip/gf180mcu_ws_ip__logo/lib/gf180mcu_ws_ip__logo.lib line 1, library gf180mcu_ws_ip__logo already exists.
[STA-1140] /workspace/gf180mcu/gf180mcuD/libs.ref/gf180mcu_fd_sc_mcu7t5v0/lib/gf180mcu_fd_sc_mcu7t5v0__ff_n40C_5v50.lib line 17, library gf180mcu_fd_sc_mcu7t5v0__ff_n40C_5v50 already exists.
[STA-1140] /workspace/gf180mcu/gf180mcuD/libs.ref/gf180mcu_fd_io/lib/gf180mcu_fd_io__ff_n40C_5v50.lib line 17, library gf180mcu_fd_io__ff_n40C_5v50 already exists.
[STA-1140] /workspace/gf180mcu/gf180mcuD/libs.ref/gf180mcu_fd_io/lib/gf180mcu_ws_io__ff_n40C_5v50.lib line 17, library gf180mcu_ws_io__ff_n40C_5v50 already exists.
[STA-1140] /workspace/ip/gf180mcu_ws_ip__id/lib/gf180mcu_ws_ip__id.lib line 1, library gf180mcu_ws_ip__id already exists.
[STA-1140] /workspace/ip/gf180mcu_ws_ip__logo/lib/gf180mcu_ws_ip__logo.lib line 1, library gf180mcu_ws_ip__logo already exists.
[STA-1140] /workspace/gf180mcu/gf180mcuD/libs.ref/gf180mcu_fd_sc_mcu7t5v0/lib/gf180mcu_fd_sc_mcu7t5v0__tt_025C_5v00.lib line 17, library gf180mcu_fd_sc_mcu7t5v0__tt_025C_5v00 already exists.
[STA-1140] /workspace/gf180mcu/gf180mcuD/libs.ref/gf180mcu_fd_io/lib/gf180mcu_fd_io__tt_025C_5v00.lib line 17, library gf180mcu_fd_io__tt_025C_5v00 already exists.
[STA-1140] /workspace/gf180mcu/gf180mcuD/libs.ref/gf180mcu_fd_io/lib/gf180mcu_ws_io__tt_025C_5v00.lib line 17, library gf180mcu_ws_io__tt_025C_5v00 already exists.
[STA-1140] /workspace/ip/gf180mcu_ws_ip__id/lib/gf180mcu_ws_ip__id.lib line 1, library gf180mcu_ws_ip__id already exists.
[STA-1140] /workspace/ip/gf180mcu_ws_ip__logo/lib/gf180mcu_ws_ip__logo.lib line 1, library gf180mcu_ws_ip__logo already exists.
[STA-1140] /workspace/gf180mcu/gf180mcuD/libs.ref/gf180mcu_fd_sc_mcu7t5v0/lib/gf180mcu_fd_sc_mcu7t5v0__ss_125C_4v50.lib line 17, library gf180mcu_fd_sc_mcu7t5v0__ss_125C_4v50 already exists.
[STA-1140] /workspace/gf180mcu/gf180mcuD/libs.ref/gf180mcu_fd_io/lib/gf180mcu_fd_io__ss_125C_4v50.lib line 17, library gf180mcu_fd_io__ss_125C_4v50 already exists.
[STA-1140] /workspace/gf180mcu/gf180mcuD/libs.ref/gf180mcu_fd_io/lib/gf180mcu_ws_io__ss_125C_4v50.lib line 17, library gf180mcu_ws_io__ss_125C_4v50 already exists.
[STA-1140] /workspace/ip/gf180mcu_ws_ip__id/lib/gf180mcu_ws_ip__id.lib line 1, library gf180mcu_ws_ip__id already exists.
[STA-1140] /workspace/ip/gf180mcu_ws_ip__logo/lib/gf180mcu_ws_ip__logo.lib line 1, library gf180mcu_ws_ip__logo already exists.
[STA-1140] /workspace/gf180mcu/gf180mcuD/libs.ref/gf180mcu_fd_sc_mcu7t5v0/lib/gf180mcu_fd_sc_mcu7t5v0__ss_125C_4v50.lib line 17, library gf180mcu_fd_sc_mcu7t5v0__ss_125C_4v50 already exists.
[STA-1140] /workspace/gf180mcu/gf180mcuD/libs.ref/gf180mcu_fd_io/lib/gf180mcu_fd_io__ss_125C_4v50.lib line 17, library gf180mcu_fd_io__ss_125C_4v50 already exists.
[STA-1140] /workspace/gf180mcu/gf180mcuD/libs.ref/gf180mcu_fd_io/lib/gf180mcu_ws_io__ss_125C_4v50.lib line 17, library gf180mcu_ws_io__ss_125C_4v50 already exists.
[STA-1140] /workspace/ip/gf180mcu_ws_ip__id/lib/gf180mcu_ws_ip__id.lib line 1, library gf180mcu_ws_ip__id already exists.
[STA-1140] /workspace/ip/gf180mcu_ws_ip__logo/lib/gf180mcu_ws_ip__logo.lib line 1, library gf180mcu_ws_ip__logo already exists.
[ORD-2001] LEF macro gf180mcu_ef_io__bi_t pin ANA missing from liberty cell.
[STA-0366] port 'input_PAD[*]' not found.
Running 'OpenROAD.STAMidPNR-2' at 'librelane/runs/RUN_2026-08-03_00-34-52/37-openroad-stamidpnr-2'…
Logging subprocess to [repr.filename]'librelane/runs/RUN_2026-08-03_00-34-52/37-openroad-stamidpnr-2/openroad-stamidpnr-2.log'[/repr.filename]…
[ORD-2001] LEF macro gf180mcu_ef_io__bi_t pin ANA missing from liberty cell.
[STA-0366] port 'input_PAD[*]' not found.
Running 'OpenROAD.GlobalRouting' at 'librelane/runs/RUN_2026-08-03_00-34-52/38-openroad-globalrouting'…
Logging subprocess to [repr.filename]'librelane/runs/RUN_2026-08-03_00-34-52/38-openroad-globalrouting/openroad-globalrouting.log'[/repr.filename]…
[ORD-2001] LEF macro gf180mcu_ef_io__bi_t pin ANA missing from liberty cell.
[STA-0366] port 'input_PAD[*]' not found.
Running 'OpenROAD.CheckAntennas' at 'librelane/runs/RUN_2026-08-03_00-34-52/39-openroad-checkantennas'…
Logging subprocess to [repr.filename]'librelane/runs/RUN_2026-08-03_00-34-52/39-openroad-checkantennas/openroad-checkantennas.log'[/repr.filename]…
[ORD-2001] LEF macro gf180mcu_ef_io__bi_t pin ANA missing from liberty cell.
[STA-0366] port 'input_PAD[*]' not found.
Gating variable for step 'OpenROAD.RepairDesignPostGRT' set to 'False'- the step will be skipped.
Skipping step 'Repair Design (Post-Global Routing)'…
Running 'Odb.DiodesOnPorts' at 'librelane/runs/RUN_2026-08-03_00-34-52/40-odb-diodesonports'…
'DIODE_ON_PORTS' is set to 'none': skipping 'Odb.DiodesOnPorts'…
Gating variable for step 'Odb.HeuristicDiodeInsertion' set to 'False'- the step will be skipped.
Skipping step 'Heuristic Diode Insertion'…
Running 'OpenROAD.RepairAntennas' at 'librelane/runs/RUN_2026-08-03_00-34-52/41-openroad-repairantennas'…
Running 'OpenROAD.DiodeInsertion' at 'librelane/runs/RUN_2026-08-03_00-34-52/41-openroad-repairantennas/1-openroad-diodeinsertion'…
Logging subprocess to [repr.filename]'librelane/runs/RUN_2026-08-03_00-34-52/41-openroad-repairantennas/1-openroad-diodeinsertion/openroad-diodeinsertion.log'[/repr.filename]…
[ORD-2001] LEF macro gf180mcu_ef_io__bi_t pin ANA missing from liberty cell.
[STA-0366] port 'input_PAD[*]' not found.
Running 'OpenROAD.CheckAntennas' at 'librelane/runs/RUN_2026-08-03_00-34-52/41-openroad-repairantennas/2-openroad-checkantennas'…
Logging subprocess to [repr.filename]'librelane/runs/RUN_2026-08-03_00-34-52/41-openroad-repairantennas/2-openroad-checkantennas/openroad-checkantennas.log'[/repr.filename]…
[ORD-2001] LEF macro gf180mcu_ef_io__bi_t pin ANA missing from liberty cell.
[STA-0366] port 'input_PAD[*]' not found.
Gating variable for step 'OpenROAD.ResizerTimingPostGRT' set to 'False'- the step will be skipped.
Skipping step 'Resizer Timing Optimizations (Post-Global Routing)'…
Running 'OpenROAD.STAMidPNR-3' at 'librelane/runs/RUN_2026-08-03_00-34-52/42-openroad-stamidpnr-3'…
Logging subprocess to [repr.filename]'librelane/runs/RUN_2026-08-03_00-34-52/42-openroad-stamidpnr-3/openroad-stamidpnr-3.log'[/repr.filename]…
[ORD-2001] LEF macro gf180mcu_ef_io__bi_t pin ANA missing from liberty cell.
[STA-0366] port 'input_PAD[*]' not found.
Running 'OpenROAD.DetailedRouting' at 'librelane/runs/RUN_2026-08-03_00-34-52/43-openroad-detailedrouting'…
Running TritonRoute with 16 threads…
Logging subprocess to [repr.filename]'librelane/runs/RUN_2026-08-03_00-34-52/43-openroad-detailedrouting/openroad-detailedrouting.log'[/repr.filename]…
[ORD-2001] LEF macro gf180mcu_ef_io__bi_t pin ANA missing from liberty cell.
[STA-0366] port 'input_PAD[*]' not found.
[DRT-0349] LEF58_ENCLOSURE with no CUTCLASS is not supported. Skipping for layer Via1
[DRT-0349] LEF58_ENCLOSURE with no CUTCLASS is not supported. Skipping for layer Via1
[DRT-0349] LEF58_ENCLOSURE with no CUTCLASS is not supported. Skipping for layer Via2
[DRT-0349] LEF58_ENCLOSURE with no CUTCLASS is not supported. Skipping for layer Via2
[DRT-0349] LEF58_ENCLOSURE with no CUTCLASS is not supported. Skipping for layer Via3
[DRT-0349] LEF58_ENCLOSURE with no CUTCLASS is not supported. Skipping for layer Via3
[DRT-0349] LEF58_ENCLOSURE with no CUTCLASS is not supported. Skipping for layer Via4
[DRT-0349] LEF58_ENCLOSURE with no CUTCLASS is not supported. Skipping for layer Via4
Running 'Odb.RemoveRoutingObstructions' at 'librelane/runs/RUN_2026-08-03_00-34-52/44-odb-removeroutingobstructions'…
'ROUTING_OBSTRUCTIONS' is not defined. Skipping 'Odb.RemoveRoutingObstructions'…
Running 'OpenROAD.CheckAntennas-1' at 'librelane/runs/RUN_2026-08-03_00-34-52/45-openroad-checkantennas-1'…
Logging subprocess to [repr.filename]'librelane/runs/RUN_2026-08-03_00-34-52/45-openroad-checkantennas-1/openroad-checkantennas-1.log'[/repr.filename]…
[ORD-2001] LEF macro gf180mcu_ef_io__bi_t pin ANA missing from liberty cell.
[STA-0366] port 'input_PAD[*]' not found.
Running 'Checker.TrDRC' at 'librelane/runs/RUN_2026-08-03_00-34-52/46-checker-trdrc'…
Check for Routing DRC errors clear.
Running 'Odb.ReportDisconnectedPins' at 'librelane/runs/RUN_2026-08-03_00-34-52/47-odb-reportdisconnectedpins'…
Logging subprocess to [repr.filename]'librelane/runs/RUN_2026-08-03_00-34-52/47-odb-reportdisconnectedpins/odb-reportdisconnectedpins.log'[/repr.filename]…
Running 'Checker.DisconnectedPins' at 'librelane/runs/RUN_2026-08-03_00-34-52/48-checker-disconnectedpins'…
Check for critical disconnected pins clear.
Running 'Odb.ReportWireLength' at 'librelane/runs/RUN_2026-08-03_00-34-52/49-odb-reportwirelength'…
Logging subprocess to [repr.filename]'librelane/runs/RUN_2026-08-03_00-34-52/49-odb-reportwirelength/odb-reportwirelength.log'[/repr.filename]…
Running 'Checker.WireLength' at 'librelane/runs/RUN_2026-08-03_00-34-52/50-checker-wirelength'…
Threshold for Threshold-surpassing long wires is not set. The checker will be skipped.
Running 'OpenROAD.FillInsertion' at 'librelane/runs/RUN_2026-08-03_00-34-52/51-openroad-fillinsertion'…
Logging subprocess to [repr.filename]'librelane/runs/RUN_2026-08-03_00-34-52/51-openroad-fillinsertion/openroad-fillinsertion.log'[/repr.filename]…
[ORD-2001] LEF macro gf180mcu_ef_io__bi_t pin ANA missing from liberty cell.
[STA-0366] port 'input_PAD[*]' not found.
Running 'Odb.CellFrequencyTables' at 'librelane/runs/RUN_2026-08-03_00-34-52/52-odb-cellfrequencytables'…
Logging subprocess to [repr.filename]'librelane/runs/RUN_2026-08-03_00-34-52/52-odb-cellfrequencytables/buffer_list.txt'[/repr.filename]…
Logging subprocess to [repr.filename]'librelane/runs/RUN_2026-08-03_00-34-52/52-odb-cellfrequencytables/odb-cellfrequencytables.log'[/repr.filename]…
Running 'OpenROAD.RCX' at 'librelane/runs/RUN_2026-08-03_00-34-52/53-openroad-rcx'…
Running RCX for corners matching nom_* (/workspace/librelane/runs/RUN_2026-08-03_00-34-52/53-openroad-rcx/nom/rcx.log)…
Running RCX for corners matching min_* (/workspace/librelane/runs/RUN_2026-08-03_00-34-52/53-openroad-rcx/min/rcx.log)…
Running RCX for corners matching max_* (/workspace/librelane/runs/RUN_2026-08-03_00-34-52/53-openroad-rcx/max/rcx.log)…
Logging subprocess to [repr.filename]'librelane/runs/RUN_2026-08-03_00-34-52/53-openroad-rcx/nom/rcx.log'[/repr.filename]…
Logging subprocess to [repr.filename]'librelane/runs/RUN_2026-08-03_00-34-52/53-openroad-rcx/min/rcx.log'[/repr.filename]…
Logging subprocess to [repr.filename]'librelane/runs/RUN_2026-08-03_00-34-52/53-openroad-rcx/max/rcx.log'[/repr.filename]…
Finished RCX for corners matching nom_*.
Finished RCX for corners matching max_*.
Finished RCX for corners matching min_*.
Running 'OpenROAD.STAPostPNR' at 'librelane/runs/RUN_2026-08-03_00-34-52/54-openroad-stapostpnr'…
Starting STA for the nom_tt_025C_5v00 timing corner…
Starting STA for the nom_ss_125C_4v50 timing corner…
Starting STA for the nom_ff_n40C_5v50 timing corner…
Starting STA for the min_tt_025C_5v00 timing corner…
Starting STA for the min_ss_125C_4v50 timing corner…
Starting STA for the min_ff_n40C_5v50 timing corner…
Logging subprocess to [repr.filename]'librelane/runs/RUN_2026-08-03_00-34-52/54-openroad-stapostpnr/nom_tt_025C_5v00/sta.log'[/repr.filename]…
Starting STA for the max_tt_025C_5v00 timing corner…
Logging subprocess to [repr.filename]'librelane/runs/RUN_2026-08-03_00-34-52/54-openroad-stapostpnr/nom_ss_125C_4v50/sta.log'[/repr.filename]…
Starting STA for the max_ss_125C_4v50 timing corner…
Logging subprocess to [repr.filename]'librelane/runs/RUN_2026-08-03_00-34-52/54-openroad-stapostpnr/nom_ff_n40C_5v50/sta.log'[/repr.filename]…
Starting STA for the max_ff_n40C_5v50 timing corner…
Logging subprocess to [repr.filename]'librelane/runs/RUN_2026-08-03_00-34-52/54-openroad-stapostpnr/min_tt_025C_5v00/sta.log'[/repr.filename]…
Logging subprocess to [repr.filename]'librelane/runs/RUN_2026-08-03_00-34-52/54-openroad-stapostpnr/min_ss_125C_4v50/sta.log'[/repr.filename]…
Logging subprocess to [repr.filename]'librelane/runs/RUN_2026-08-03_00-34-52/54-openroad-stapostpnr/max_ff_n40C_5v50/sta.log'[/repr.filename]…
Logging subprocess to [repr.filename]'librelane/runs/RUN_2026-08-03_00-34-52/54-openroad-stapostpnr/max_tt_025C_5v00/sta.log'[/repr.filename]…
Logging subprocess to [repr.filename]'librelane/runs/RUN_2026-08-03_00-34-52/54-openroad-stapostpnr/min_ff_n40C_5v50/sta.log'[/repr.filename]…
Logging subprocess to [repr.filename]'librelane/runs/RUN_2026-08-03_00-34-52/54-openroad-stapostpnr/max_ss_125C_4v50/sta.log'[/repr.filename]…
Finished STA for the nom_ss_125C_4v50 timing corner.
Logging subprocess to [repr.filename]'librelane/runs/RUN_2026-08-03_00-34-52/54-openroad-stapostpnr/nom_ss_125C_4v50/filter_unannotated.log'[/repr.filename]…
Finished STA for the min_ss_125C_4v50 timing corner.
Logging subprocess to [repr.filename]'librelane/runs/RUN_2026-08-03_00-34-52/54-openroad-stapostpnr/min_ss_125C_4v50/filter_unannotated.log'[/repr.filename]…
Finished STA for the min_tt_025C_5v00 timing corner.
Finished STA for the nom_tt_025C_5v00 timing corner.
Finished STA for the max_ss_125C_4v50 timing corner.
Logging subprocess to [repr.filename]'librelane/runs/RUN_2026-08-03_00-34-52/54-openroad-stapostpnr/min_tt_025C_5v00/filter_unannotated.log'[/repr.filename]…
Logging subprocess to [repr.filename]'librelane/runs/RUN_2026-08-03_00-34-52/54-openroad-stapostpnr/max_ss_125C_4v50/filter_unannotated.log'[/repr.filename]…
Logging subprocess to [repr.filename]'librelane/runs/RUN_2026-08-03_00-34-52/54-openroad-stapostpnr/nom_tt_025C_5v00/filter_unannotated.log'[/repr.filename]…
Finished STA for the nom_ff_n40C_5v50 timing corner.
Logging subprocess to [repr.filename]'librelane/runs/RUN_2026-08-03_00-34-52/54-openroad-stapostpnr/nom_ff_n40C_5v50/filter_unannotated.log'[/repr.filename]…
Finished STA for the max_tt_025C_5v00 timing corner.
Finished STA for the max_ff_n40C_5v50 timing corner.
Finished STA for the min_ff_n40C_5v50 timing corner.
Logging subprocess to [repr.filename]'librelane/runs/RUN_2026-08-03_00-34-52/54-openroad-stapostpnr/max_tt_025C_5v00/filter_unannotated.log'[/repr.filename]…
Logging subprocess to [repr.filename]'librelane/runs/RUN_2026-08-03_00-34-52/54-openroad-stapostpnr/max_ff_n40C_5v50/filter_unannotated.log'[/repr.filename]…
Logging subprocess to [repr.filename]'librelane/runs/RUN_2026-08-03_00-34-52/54-openroad-stapostpnr/min_ff_n40C_5v50/filter_unannotated.log'[/repr.filename]…
Running 'OpenROAD.IRDropReport' at 'librelane/runs/RUN_2026-08-03_00-34-52/55-openroad-irdropreport'…
'VSRC_LOC_FILES' was not given a value, which may make the results of IR drop analysis inaccurate. If you are not integrating a top-level chip for manufacture, you may ignore this warning, otherwise, see the documentation for 'VSRC_LOC_FILES'.
Logging subprocess to [repr.filename]'librelane/runs/RUN_2026-08-03_00-34-52/55-openroad-irdropreport/openroad-irdropreport.log'[/repr.filename]…
[ORD-2001] LEF macro gf180mcu_ef_io__bi_t pin ANA missing from liberty cell.
[STA-0366] port 'input_PAD[*]' not found.
+ analyze_power_grid -net VDD -voltage_file /workspace/librelane/runs/RUN_2026-08-03_00-34-52/55-openroad-irdropreport/net-VDD.csv
[INFO PSM-0040] All shapes on net VDD are connected.
########## IR report #################
Net              : VDD
Corner           : nom_tt_025C_5v00
Total power      : 1.52e-03 W
Supply voltage   : 5.00e+00 V
Worstcase voltage: 5.00e+00 V
Average voltage  : 5.00e+00 V
Average IR drop  : 8.38e-07 V
Worstcase IR drop: 7.56e-06 V
Percentage drop  : 0.00 %
######################################
+ analyze_power_grid -net VSS -voltage_file /workspace/librelane/runs/RUN_2026-08-03_00-34-52/55-openroad-irdropreport/net-VSS.csv
[INFO PSM-0040] All shapes on net VSS are connected.
########## IR report #################
Net              : VSS
Corner           : nom_tt_025C_5v00
Total power      : 1.52e-03 W
Supply voltage   : 0.00e+00 V
Worstcase voltage: 6.52e-06 V
Average voltage  : 8.45e-07 V
Average IR drop  : 8.45e-07 V
Worstcase IR drop: 6.52e-06 V
Percentage drop  : 0.00 %
######################################

Running 'Magic.StreamOut' at 'librelane/runs/RUN_2026-08-03_00-34-52/56-magic-streamout'…
Logging subprocess to [repr.filename]'librelane/runs/RUN_2026-08-03_00-34-52/56-magic-streamout/gf180mcu_ws_ip__id.get_bbox.log'[/repr.filename]…
Logging subprocess to [repr.filename]'librelane/runs/RUN_2026-08-03_00-34-52/56-magic-streamout/gf180mcu_ws_ip__logo.get_bbox.log'[/repr.filename]…
Logging subprocess to [repr.filename]'librelane/runs/RUN_2026-08-03_00-34-52/56-magic-streamout/magic-streamout.log'[/repr.filename]…
Running 'KLayout.StreamOut' at 'librelane/runs/RUN_2026-08-03_00-34-52/57-klayout-streamout'…
Logging subprocess to [repr.filename]'librelane/runs/RUN_2026-08-03_00-34-52/57-klayout-streamout/klayout-streamout.log'[/repr.filename]…
Running 'KLayout.Render' at 'librelane/runs/RUN_2026-08-03_00-34-52/58-klayout-render'…
Logging subprocess to [repr.filename]'librelane/runs/RUN_2026-08-03_00-34-52/58-klayout-render/klayout-render.log'[/repr.filename]…
Running 'KLayout.XOR' at 'librelane/runs/RUN_2026-08-03_00-34-52/59-klayout-xor'…
Running XOR with 16 threads…
Logging subprocess to [repr.filename]'librelane/runs/RUN_2026-08-03_00-34-52/59-klayout-xor/klayout-xor.log'[/repr.filename]…
Running 'Checker.XOR' at 'librelane/runs/RUN_2026-08-03_00-34-52/60-checker-xor'…
Check for XOR differences clear.
Running 'KLayout.Antenna' at 'librelane/runs/RUN_2026-08-03_00-34-52/61-klayout-antenna'…
Running KLayout antenna check…
Logging subprocess to [repr.filename]'librelane/runs/RUN_2026-08-03_00-34-52/61-klayout-antenna/klayout-antenna.log'[/repr.filename]…
Logging subprocess to [repr.filename]'librelane/runs/RUN_2026-08-03_00-34-52/61-klayout-antenna/xml_drc_report_to_json.log'[/repr.filename]…
Running 'Checker.KLayoutAntenna' at 'librelane/runs/RUN_2026-08-03_00-34-52/62-checker-klayoutantenna'…
Check for KLayout antenna errors clear.
Running 'KLayout.SealRing' at 'librelane/runs/RUN_2026-08-03_00-34-52/63-klayout-sealring'…
Logging subprocess to [repr.filename]'librelane/runs/RUN_2026-08-03_00-34-52/63-klayout-sealring/klayout-sealring.log'[/repr.filename]…
Running 'KLayout.Filler' at 'librelane/runs/RUN_2026-08-03_00-34-52/64-klayout-filler'…
Logging subprocess to [repr.filename]'librelane/runs/RUN_2026-08-03_00-34-52/64-klayout-filler/klayout-filler.log'[/repr.filename]…
Running 'KLayout.Density' at 'librelane/runs/RUN_2026-08-03_00-34-52/65-klayout-density'…
Running KLayout density check with 16 threads…
Logging subprocess to [repr.filename]'librelane/runs/RUN_2026-08-03_00-34-52/65-klayout-density/klayout-density.log'[/repr.filename]…
Logging subprocess to [repr.filename]'librelane/runs/RUN_2026-08-03_00-34-52/65-klayout-density/xml_drc_report_to_json.log'[/repr.filename]…
Running 'Checker.KLayoutDensity' at 'librelane/runs/RUN_2026-08-03_00-34-52/66-checker-klayoutdensity'…
Check for KLayout density errors clear.
Running 'Magic.DRC' at 'librelane/runs/RUN_2026-08-03_00-34-52/67-magic-drc'…
Logging subprocess to [repr.filename]'librelane/runs/RUN_2026-08-03_00-34-52/67-magic-drc/magic-drc.log'[/repr.filename]…
Running 'KLayout.DRC' at 'librelane/runs/RUN_2026-08-03_00-34-52/68-klayout-drc'…
Running KLayout DRC with 16 threads…
Logging subprocess to [repr.filename]'librelane/runs/RUN_2026-08-03_00-34-52/68-klayout-drc/klayout-drc.log'[/repr.filename]…
Logging subprocess to [repr.filename]'librelane/runs/RUN_2026-08-03_00-34-52/68-klayout-drc/xml_drc_report_to_json.log'[/repr.filename]…
Running 'Checker.MagicDRC' at 'librelane/runs/RUN_2026-08-03_00-34-52/69-checker-magicdrc'…
Check for Magic DRC errors clear.
Running 'Checker.KLayoutDRC' at 'librelane/runs/RUN_2026-08-03_00-34-52/70-checker-klayoutdrc'…
Check for KLayout DRC errors clear.
Running 'Magic.SpiceExtraction' at 'librelane/runs/RUN_2026-08-03_00-34-52/71-magic-spiceextraction'…
Logging subprocess to [repr.filename]'librelane/runs/RUN_2026-08-03_00-34-52/71-magic-spiceextraction/magic-spiceextraction.log'[/repr.filename]…
Running 'Checker.IllegalOverlap' at 'librelane/runs/RUN_2026-08-03_00-34-52/72-checker-illegaloverlap'…
Check for Magic Illegal Overlap errors clear.
Running 'Netgen.LVS' at 'librelane/runs/RUN_2026-08-03_00-34-52/73-netgen-lvs'…
Logging subprocess to [repr.filename]'librelane/runs/RUN_2026-08-03_00-34-52/73-netgen-lvs/netgen-lvs.log'[/repr.filename]…
Running 'Checker.LVS' at 'librelane/runs/RUN_2026-08-03_00-34-52/74-checker-lvs'…
69 LVS errors found. - deferred
Gating variable for step 'Yosys.EQY' set to 'False'- the step will be skipped.
Skipping step 'Equivalence Check'…
Running 'Checker.SetupViolations' at 'librelane/runs/RUN_2026-08-03_00-34-52/75-checker-setupviolations'…
Setup violations found in the following corners:
* max_ss_125C_4v50
* min_ss_125C_4v50
* nom_ss_125C_4v50
No setup violations found
Running 'Checker.HoldViolations' at 'librelane/runs/RUN_2026-08-03_00-34-52/76-checker-holdviolations'…
No hold violations found
Running 'Checker.MaxSlewViolations' at 'librelane/runs/RUN_2026-08-03_00-34-52/77-checker-maxslewviolations'…
Max Slew violations found in the following corners:
* max_ss_125C_4v50
* min_ss_125C_4v50
* nom_ss_125C_4v50
No max slew violations found
Running 'Checker.MaxCapViolations' at 'librelane/runs/RUN_2026-08-03_00-34-52/78-checker-maxcapviolations'…
Max Cap violations found in the following corners:
* max_ff_n40C_5v50
* max_ss_125C_4v50
* max_tt_025C_5v00
* min_ff_n40C_5v50
* min_ss_125C_4v50
* min_tt_025C_5v00
* nom_ff_n40C_5v50
* nom_ss_125C_4v50
* nom_tt_025C_5v00
No max cap violations found
Running 'Misc.ReportManufacturability' at 'librelane/runs/RUN_2026-08-03_00-34-52/79-misc-reportmanufacturability'…
Saving views to '/workspace/librelane/runs/RUN_2026-08-03_00-34-52/final'…
