
===========================================================================
report_checks -unconstrained
===========================================================================
======================= min_ff_n40C_5v50 Corner ===================================

Startpoint: rst_n (input port clocked by clk)
Endpoint: _09465_ (recovery check against rising-edge clock clk)
Path Group: asynchronous
Path Type: max

Fanout         Cap        Slew       Delay        Time   Description
---------------------------------------------------------------------------------------------
                                  0.000000    0.000000   clock clk (rise edge)
                                  0.000000    0.000000   clock network delay (propagated)
                                 40.000000   40.000000 ^ input external delay
     1    0.003453    0.067856    0.023313   40.023315 ^ rst_n (in)
                                                         rst_n (net)
                      0.067856    0.000000   40.023315 ^ input5/I (gf180mcu_fd_sc_mcu7t5v0__dlyb_1)
     2    0.048010    0.543129    0.789125   40.812439 ^ input5/Z (gf180mcu_fd_sc_mcu7t5v0__dlyb_1)
                                                         net5 (net)
                      0.543158    0.002256   40.814693 ^ fanout639/I (gf180mcu_fd_sc_mcu7t5v0__dlyb_1)
     5    0.086444    0.951324    1.046367   41.861061 ^ fanout639/Z (gf180mcu_fd_sc_mcu7t5v0__dlyb_1)
                                                         net639 (net)
                      0.951359    0.003261   41.864323 ^ fanout638/I (gf180mcu_fd_sc_mcu7t5v0__dlyb_1)
     6    0.082776    0.912380    1.003123   42.867447 ^ fanout638/Z (gf180mcu_fd_sc_mcu7t5v0__dlyb_1)
                                                         net638 (net)
                      0.912490    0.005684   42.873131 ^ fanout632/I (gf180mcu_fd_sc_mcu7t5v0__dlyb_1)
     6    0.067159    0.747193    0.909637   43.782768 ^ fanout632/Z (gf180mcu_fd_sc_mcu7t5v0__dlyb_1)
                                                         net632 (net)
                      0.747197    0.000959   43.783726 ^ fanout629/I (gf180mcu_fd_sc_mcu7t5v0__dlyb_1)
     8    0.077319    0.854455    0.980418   44.764145 ^ fanout629/Z (gf180mcu_fd_sc_mcu7t5v0__dlyb_1)
                                                         net629 (net)
                      0.854455    0.000824   44.764969 ^ fanout628/I (gf180mcu_fd_sc_mcu7t5v0__dlyb_1)
     7    0.064240    0.716081    0.894026   45.658993 ^ fanout628/Z (gf180mcu_fd_sc_mcu7t5v0__dlyb_1)
                                                         net628 (net)
                      0.716089    0.001428   45.660423 ^ fanout627/I (gf180mcu_fd_sc_mcu7t5v0__dlyb_1)
    10    0.088352    0.972268    1.053426   46.713848 ^ fanout627/Z (gf180mcu_fd_sc_mcu7t5v0__dlyb_1)
                                                         net627 (net)
                      0.972282    0.002164   46.716011 ^ _09465_/RN (gf180mcu_fd_sc_mcu7t5v0__dffrnq_1)
                                             46.716011   data arrival time

                                200.000000  200.000000   clock clk (rise edge)
                                  0.000000  200.000000   clock source latency
     1    0.082115    0.238206    0.139622  200.139618 ^ clk (in)
                                                         clk (net)
                      0.239714    0.000000  200.139618 ^ clkbuf_0_clk/I (gf180mcu_fd_sc_mcu7t5v0__clkbuf_16)
     8    0.308557    0.226818    0.290441  200.430054 ^ clkbuf_0_clk/Z (gf180mcu_fd_sc_mcu7t5v0__clkbuf_16)
                                                         clknet_0_clk (net)
                      0.227693    0.007233  200.437286 ^ clkbuf_3_6__f_clk/I (gf180mcu_fd_sc_mcu7t5v0__clkbuf_16)
     8    0.178623    0.150041    0.242466  200.679749 ^ clkbuf_3_6__f_clk/Z (gf180mcu_fd_sc_mcu7t5v0__clkbuf_16)
                                                         clknet_3_6__leaf_clk (net)
                      0.150064    0.002785  200.682541 ^ clkbuf_leaf_34_clk/I (gf180mcu_fd_sc_mcu7t5v0__clkbuf_8)
    12    0.061138    0.114179    0.201368  200.883911 ^ clkbuf_leaf_34_clk/Z (gf180mcu_fd_sc_mcu7t5v0__clkbuf_8)
                                                         clknet_leaf_34_clk (net)
                      0.114179    0.000298  200.884201 ^ _09465_/CLK (gf180mcu_fd_sc_mcu7t5v0__dffrnq_1)
                                 -0.250000  200.634216   clock uncertainty
                                  0.000000  200.634216   clock reconvergence pessimism
                                 -0.109039  200.525177   library recovery time
                                            200.525177   data required time
---------------------------------------------------------------------------------------------
                                            200.525177   data required time
                                            -46.716011   data arrival time
---------------------------------------------------------------------------------------------
                                            153.809158   slack (MET)


Startpoint: analog[0] (input port clocked by clk)
Endpoint: analog[3] (output port clocked by clk)
Path Group: clk
Path Type: max

Fanout         Cap        Slew       Delay        Time   Description
---------------------------------------------------------------------------------------------
                                  0.000000    0.000000   clock clk (rise edge)
                                  0.000000    0.000000   clock network delay (propagated)
                                 40.000000   40.000000 ^ input external delay
     2    0.081099    0.894311    0.518387   40.518387 ^ analog[0] (inout)
                                                         analog[0] (net)
                      0.894311    0.000000   40.518387 ^ analog_readout_inst/_0_/A1 (gf180mcu_fd_sc_mcu7t5v0__and2_1)
     4    0.101473    1.116556    0.855994   41.374382 ^ analog_readout_inst/_0_/Z (gf180mcu_fd_sc_mcu7t5v0__and2_1)
                                                         analog[1] (net)
                      1.116556    0.000512   41.374893 ^ analog_wave_mixer_y_inst/_0_/A2 (gf180mcu_fd_sc_mcu7t5v0__and2_1)
     3    0.082013    0.910486    0.701014   42.075909 ^ analog_wave_mixer_y_inst/_0_/Z (gf180mcu_fd_sc_mcu7t5v0__and2_1)
                                                         analog[3] (net)
                      0.910490    0.001151   42.077061 ^ analog[3] (inout)
                                             42.077061   data arrival time

                                200.000000  200.000000   clock clk (rise edge)
                                  0.000000  200.000000   clock network delay (propagated)
                                 -0.250000  199.750000   clock uncertainty
                                  0.000000  199.750000   clock reconvergence pessimism
                                -40.000000  159.749985   output external delay
                                            159.749985   data required time
---------------------------------------------------------------------------------------------
                                            159.749985   data required time
                                            -42.077061   data arrival time
---------------------------------------------------------------------------------------------
                                            117.672928   slack (MET)




===========================================================================
report_checks --slack_max -0.01
============================================================================
======================= min_ff_n40C_5v50 Corner ===================================

No paths found.


===========================================================================
 report_check_types -max_slew -max_cap -max_fanout -violators
============================================================================
======================= min_ff_n40C_5v50 Corner ===================================

max fanout

Pin                                   Limit Fanout  Slack
---------------------------------------------------------
clkbuf_leaf_11_clk/Z                     10     13     -3 (VIOLATED)
clkbuf_leaf_12_clk/Z                     10     12     -2 (VIOLATED)
clkbuf_leaf_13_clk/Z                     10     12     -2 (VIOLATED)
clkbuf_leaf_14_clk/Z                     10     12     -2 (VIOLATED)
clkbuf_leaf_25_clk/Z                     10     12     -2 (VIOLATED)
clkbuf_leaf_26_clk/Z                     10     12     -2 (VIOLATED)
clkbuf_leaf_34_clk/Z                     10     12     -2 (VIOLATED)
clkbuf_leaf_36_clk/Z                     10     12     -2 (VIOLATED)
clkbuf_leaf_40_clk/Z                     10     12     -2 (VIOLATED)
clkbuf_leaf_41_clk/Z                     10     12     -2 (VIOLATED)
clkbuf_leaf_42_clk/Z                     10     12     -2 (VIOLATED)
clkbuf_leaf_45_clk/Z                     10     12     -2 (VIOLATED)
clkbuf_leaf_48_clk/Z                     10     12     -2 (VIOLATED)
clkbuf_leaf_53_clk/Z                     10     12     -2 (VIOLATED)
clkbuf_leaf_5_clk/Z                      10     12     -2 (VIOLATED)
clkbuf_leaf_16_clk/Z                     10     11        (VIOLATED)
clkbuf_leaf_29_clk/Z                     10     11        (VIOLATED)
clkbuf_leaf_2_clk/Z                      10     11        (VIOLATED)
clkbuf_leaf_3_clk/Z                      10     11        (VIOLATED)
clkbuf_leaf_6_clk/Z                      10     11        (VIOLATED)

max capacitance

Pin                                        Limit         Cap       Slack
------------------------------------------------------------------------
clkbuf_0_clk/Z                          0.200000    0.308557   -0.108557 (VIOLATED)



===========================================================================
report_parasitic_annotation -report_unannotated
============================================================================
Found 120 unannotated drivers.
 analog[10]
 analog[11]
 analog[12]
 analog[13]
 analog[14]
 analog[15]
 analog[16]
 analog[17]
 analog[18]
 analog[19]
 analog[20]
 analog[21]
 analog[22]
 analog[23]
 analog[24]
 analog[25]
 analog[26]
 analog[27]
 analog[28]
 analog[29]
 analog[30]
 analog[31]
 analog[32]
 analog[33]
 analog[34]
 analog[35]
 analog[36]
 analog[37]
 analog[38]
 analog[39]
 analog[40]
 analog[41]
 analog[42]
 analog[43]
 analog[44]
 analog[45]
 analog[46]
 analog[47]
 analog[48]
 analog[49]
 analog[4]
 analog[50]
 analog[51]
 analog[52]
 analog[53]
 analog[54]
 analog[55]
 analog[56]
 analog[57]
 analog[58]
 analog[59]
 analog[5]
 analog[6]
 analog[7]
 analog[8]
 analog[9]
 bidir_in[10]
 bidir_in[11]
 bidir_in[12]
 bidir_in[13]
 bidir_in[14]
 bidir_in[15]
 bidir_in[16]
 bidir_in[17]
 bidir_in[18]
 bidir_in[19]
 bidir_in[3]
 bidir_in[4]
 bidir_in[5]
 bidir_in[6]
 bidir_in[7]
 bidir_in[8]
 bidir_in[9]
 _10062_/Z
 _10063_/Z
 _10064_/Z
 _10065_/Z
 clkload0/Z
 clkload1/Z
 clkload10/ZN
 clkload11/ZN
 clkload12/ZN
 clkload13/Z
 clkload14/ZN
 clkload15/Z
 clkload16/ZN
 clkload17/ZN
 clkload18/ZN
 clkload19/Z
 clkload2/Z
 clkload20/ZN
 clkload21/ZN
 clkload22/ZN
 clkload23/Z
 clkload24/Z
 clkload25/Z
 clkload26/Z
 clkload27/ZN
 clkload28/ZN
 clkload29/ZN
 clkload3/Z
 clkload30/ZN
 clkload31/ZN
 clkload32/ZN
 clkload33/Z
 clkload34/Z
 clkload35/ZN
 clkload36/ZN
 clkload37/ZN
 clkload38/Z
 clkload39/ZN
 clkload4/ZN
 clkload40/ZN
 clkload41/ZN
 clkload42/ZN
 clkload5/ZN
 clkload6/ZN
 clkload7/ZN
 clkload8/ZN
 clkload9/ZN
Found 0 partially unannotated drivers.

===========================================================================
max slew violation count 0
max fanout violation count 20
max cap violation count 1
============================================================================

===========================================================================
check_setup -verbose -unconstrained_endpoints -multiple_clock -no_clock -no_input_delay -loops -generated_clocks
===========================================================================
Warning: There are 57 unconstrained endpoints.
  analog[0]
  analog[10]
  analog[11]
  analog[12]
  analog[13]
  analog[14]
  analog[15]
  analog[16]
  analog[17]
  analog[18]
  analog[19]
  analog[20]
  analog[21]
  analog[22]
  analog[23]
  analog[24]
  analog[25]
  analog[26]
  analog[27]
  analog[28]
  analog[29]
  analog[30]
  analog[31]
  analog[32]
  analog[33]
  analog[34]
  analog[35]
  analog[36]
  analog[37]
  analog[38]
  analog[39]
  analog[40]
  analog[41]
  analog[42]
  analog[43]
  analog[44]
  analog[45]
  analog[46]
  analog[47]
  analog[48]
  analog[49]
  analog[4]
  analog[50]
  analog[51]
  analog[52]
  analog[53]
  analog[54]
  analog[55]
  analog[56]
  analog[57]
  analog[58]
  analog[59]
  analog[5]
  analog[6]
  analog[7]
  analog[8]
  analog[9]
