Clock: clk
Sources: clk 
Generated: no
Virtual: yes
Propagated: no
Period: 200.000000

===========================================================================
report_clock_properties
============================================================================
Clock                   Period          Waveform
----------------------------------------------------
clk                 200.000000    0.000000100.000000

===========================================================================
report_clock_latency
============================================================================
Clock clk
rise -> rise
    min     max
0.000000 0.000000 source latency
0.854392         network latency _09383_/CLK
        0.911258 network latency _09506_/CLK
---------------
0.854392 0.911258 latency
        0.056867 skew

fall -> fall
    min     max
0.000000 0.000000 source latency
0.810154         network latency _09383_/CLK
        0.872838 network latency _09506_/CLK
---------------
0.810154 0.872838 latency
        0.062684 skew



===========================================================================
report_clock_min_period
============================================================================
clk period_min = 12.42 fmax = 80.55
