159. Printing statistics.

=== chip_top ===

        +----------Local Count, excluding submodules.
        |        +-Local Area, excluding submodules.
        |        | 
     5463        - wires
     5541        - wire bits
      597        - public wires
      675        - public wire bits
        5        - ports
       83        - port bits
     5531 2.52E+06 cells
       60  1575000   gf180mcu_fd_io__asig_5p0
       20   525000   gf180mcu_fd_io__bi_24t
        2    52500   gf180mcu_fd_io__in_c
        1    26250   gf180mcu_fd_io__in_s
      153 2.69E+03   gf180mcu_fd_sc_mcu7t5v0__and2_1
       49 1.08E+03   gf180mcu_fd_sc_mcu7t5v0__and3_1
       13  313.914   gf180mcu_fd_sc_mcu7t5v0__and4_1
       70  1536.64   gf180mcu_fd_sc_mcu7t5v0__aoi211_1
      338 5.94E+03   gf180mcu_fd_sc_mcu7t5v0__aoi21_1
       62  1.5E+03   gf180mcu_fd_sc_mcu7t5v0__aoi221_1
       13  399.526   gf180mcu_fd_sc_mcu7t5v0__aoi222_1
      247  4879.93   gf180mcu_fd_sc_mcu7t5v0__aoi22_1
      423 3.71E+03   gf180mcu_fd_sc_mcu7t5v0__clkinv_1
       22  1.4E+03   gf180mcu_fd_sc_mcu7t5v0__dffq_1
      539 4.02E+04   gf180mcu_fd_sc_mcu7t5v0__dffrnq_1
        8  632.218   gf180mcu_fd_sc_mcu7t5v0__dffsnq_1
      142 4.68E+03   gf180mcu_fd_sc_mcu7t5v0__mux2_2
      855  9384.48   gf180mcu_fd_sc_mcu7t5v0__nand2_1
      158 2.43E+03   gf180mcu_fd_sc_mcu7t5v0__nand3_1
       46  908.813   gf180mcu_fd_sc_mcu7t5v0__nand4_1
      562  7.4E+03   gf180mcu_fd_sc_mcu7t5v0__nor2_1
      102 1.79E+03   gf180mcu_fd_sc_mcu7t5v0__nor3_1
       20   439.04   gf180mcu_fd_sc_mcu7t5v0__nor4_1
       78 1.71E+03   gf180mcu_fd_sc_mcu7t5v0__oai211_1
      497 8.73E+03   gf180mcu_fd_sc_mcu7t5v0__oai21_1
       34  895.642   gf180mcu_fd_sc_mcu7t5v0__oai221_1
        1   32.928   gf180mcu_fd_sc_mcu7t5v0__oai222_1
       94 2.06E+03   gf180mcu_fd_sc_mcu7t5v0__oai22_1
       45 1.09E+03   gf180mcu_fd_sc_mcu7t5v0__oai31_1
       30  790.272   gf180mcu_fd_sc_mcu7t5v0__oai32_1
        4  131.712   gf180mcu_fd_sc_mcu7t5v0__oai33_1
       95 1.67E+03   gf180mcu_fd_sc_mcu7t5v0__or2_1
       21  460.992   gf180mcu_fd_sc_mcu7t5v0__or3_1
        7  184.397   gf180mcu_fd_sc_mcu7t5v0__or4_1
       24  210.739   gf180mcu_fd_sc_mcu7t5v0__tieh
      101  886.861   gf180mcu_fd_sc_mcu7t5v0__tiel
       92 2.63E+03   gf180mcu_fd_sc_mcu7t5v0__xnor2_1
        8  421.478   gf180mcu_fd_sc_mcu7t5v0__xnor3_1
      362 9.54E+03   gf180mcu_fd_sc_mcu7t5v0__xor2_1
      123 6.21E+03   gf180mcu_fd_sc_mcu7t5v0__xor3_1
        4   105000   gf180mcu_ws_io__dvdd
        4   105000   gf180mcu_ws_io__dvss
        1        -   gf180mcu_ws_ip__id
        1        -   gf180mcu_ws_ip__logo

   Area for cell type \gf180mcu_ws_ip__id is unknown!
   Area for cell type \gf180mcu_ws_ip__logo is unknown!

   Chip area for module '\chip_top': 2517726.780800
     of which used for sequential elements: 42261.990400 (1.68%)

