Reading timing models for corner nom_tt_025C_3v30…
Reading timing library for the 'nom_tt_025C_3v30' corner at '/foss/pdks/gf180mcuD/libs.ref/gf180mcu_fd_sc_mcu7t5v0/lib/gf180mcu_fd_sc_mcu7t5v0__tt_025C_3v30.lib'…
Reading OpenROAD database at '/workspace/librelane/runs/RUN_2026-08-09_21-37-48/39-openroad-globalrouting/chip_core.odb'…
Reading design constraints file at '/usr/local/lib/python3.12/dist-packages/librelane/scripts/base.sdc'…
[INFO] Using clock clk…
[INFO] Setting output delay to: 40
[INFO] Setting input delay to: 40
[INFO] Setting load to: 0.07291
[INFO] Setting clock uncertainty to: 0.25
[INFO] Setting clock transition to: 0.15
[INFO] Setting timing derate to: 5%
+ repair_antennas gf180mcu_fd_sc_mcu7t5v0__antenna -iterations 3 -ratio_margin 10 -allow_congestion
[INFO GRT-0012] Found 2 antenna violations.
[INFO GRT-0302] Inserted 2 jumpers for 2 nets.
[INFO GRT-0012] Found 0 antenna violations.
Setting global connections for newly added cells…
[INFO] Setting global connections...
analog_block_inst matched with analog_block_inst
[INFO ODB-0403] 0 connections made, 0 conflicts skipped.
Updating metrics…
Cell type report:                       Count       Area
  Macro                                     1  115200.00
  Endcap cell                             586    2572.77
  Tap cell                               4529   19884.12
  Tie cell                                 61     535.63
  Buffer                                   16     228.30
  Clock buffer                             99    6085.09
  Timing Repair Buffer                   1561   31000.61
  Inverter                                416    3911.85
  Clock inverter                           21     364.40
  Sequential cell                         559   42927.14
  Multi-Input combinational cell         4185  101912.16
  Total                                 12034  324622.08
Writing OpenROAD database to '/workspace/librelane/runs/RUN_2026-08-09_21-37-48/42-openroad-repairantennas/1-openroad-diodeinsertion/chip_core.odb'…
Writing layout to '/workspace/librelane/runs/RUN_2026-08-09_21-37-48/42-openroad-repairantennas/1-openroad-diodeinsertion/chip_core.def'…
