Clock: clk
Sources: clk 
Generated: no
Virtual: no
Propagated: no
Period: 200.000000

===========================================================================
report_clock_properties
============================================================================
Clock                   Period          Waveform
----------------------------------------------------
clk                 200.000000    0.000000100.000000

===========================================================================
report_clock_latency
============================================================================
Clock clk
rise -> rise
    min     max
0.000000 0.000000 source latency
7.637927         network latency _09375_/CLK
        7.637927 network latency _09375_/CLK
---------------
7.637927 7.637927 latency
        0.000000 skew

fall -> fall
    min     max
0.000000 0.000000 source latency
4.739974         network latency _09375_/CLK
        4.739974 network latency _09375_/CLK
---------------
4.739974 4.739974 latency
        0.000000 skew



===========================================================================
report_clock_min_period
============================================================================
clk period_min = 23.03 fmax = 43.41
