+ analyze_power_grid -net VDD -voltage_file /workspace/librelane/runs/RUN_2026-08-09_19-20-25/56-openroad-irdropreport/net-VDD.csv
[INFO PSM-0040] All shapes on net VDD are connected.
########## IR report #################
Net              : VDD
Corner           : nom_tt_025C_5v00
Total power      : 3.10e-03 W
Supply voltage   : 5.00e+00 V
Worstcase voltage: 5.00e+00 V
Average voltage  : 5.00e+00 V
Average IR drop  : 2.45e-05 V
Worstcase IR drop: 1.45e-04 V
Percentage drop  : 0.00 %
######################################
+ analyze_power_grid -net VSS -voltage_file /workspace/librelane/runs/RUN_2026-08-09_19-20-25/56-openroad-irdropreport/net-VSS.csv
[INFO PSM-0040] All shapes on net VSS are connected.
########## IR report #################
Net              : VSS
Corner           : nom_tt_025C_5v00
Total power      : 3.10e-03 W
Supply voltage   : 0.00e+00 V
Worstcase voltage: 1.00e-04 V
Average voltage  : 2.41e-05 V
Average IR drop  : 2.41e-05 V
Worstcase IR drop: 1.00e-04 V
Percentage drop  : 0.00 %
######################################
