Reading timing models for corner nom_tt_025C_3v30…
Reading timing library for the 'nom_tt_025C_3v30' corner at '/foss/pdks/gf180mcuD/libs.ref/gf180mcu_fd_sc_mcu7t5v0/lib/gf180mcu_fd_sc_mcu7t5v0__tt_025C_3v30.lib'…
Reading OpenROAD database at '/workspace/librelane/runs/RUN_2026-08-09_21-04-40/48-odb-reportdisconnectedpins/chip_core.odb'…
Reading design constraints file at '/usr/local/lib/python3.12/dist-packages/librelane/scripts/base.sdc'…
[INFO] Using clock clk…
[INFO] Setting output delay to: 40
[INFO] Setting input delay to: 40
[INFO] Setting load to: 0.07291
[INFO] Setting clock uncertainty to: 0.25
[INFO] Setting clock transition to: 0.15
[INFO] Setting timing derate to: 5%
gf180mcu_fd_sc_mcu7t5v0__fillcap_* gf180mcu_fd_sc_mcu7t5v0__fill_*
[INFO DPL-0001] Placed 18623 filler instances.
Setting global connections for newly added cells…
[INFO] Setting global connections...
analog_block_inst matched with analog_block_inst
[INFO ODB-0403] 74492 connections made, 0 conflicts skipped.
Updating metrics…
Cell type report:                       Count       Area
  Macro                                     1  115200.00
  Endcap cell                             586    2572.77
  Fill cell                             18623  480979.30
  Tap cell                               4529   19884.12
  Antenna cell                              1       4.39
  Tie cell                                 61     535.63
  Buffer                                   16     210.74
  Clock buffer                            102    5979.72
  Timing Repair Buffer                   1554   30930.37
  Inverter                                416    3920.63
  Clock inverter                           21     364.40
  Sequential cell                         559   42905.18
  Multi-Input combinational cell         4185  102471.94
  Total                                 30654  805959.19
Writing OpenROAD database to '/workspace/librelane/runs/RUN_2026-08-09_21-04-40/52-openroad-fillinsertion/chip_core.odb'…
Writing netlist to '/workspace/librelane/runs/RUN_2026-08-09_21-04-40/52-openroad-fillinsertion/chip_core.nl.v'…
Writing powered netlist to '/workspace/librelane/runs/RUN_2026-08-09_21-04-40/52-openroad-fillinsertion/chip_core.pnl.v'…
Writing layout to '/workspace/librelane/runs/RUN_2026-08-09_21-04-40/52-openroad-fillinsertion/chip_core.def'…
Writing timing constraints to '/workspace/librelane/runs/RUN_2026-08-09_21-04-40/52-openroad-fillinsertion/chip_core.sdc'…
