117. Printing statistics.

=== state_machine ===

        +----------Local Count, excluding submodules.
        |        +-Local Area, excluding submodules.
        |        | 
       29        - wires
       31        - wire bits
       11        - public wires
       13        - public wire bits
       11        - ports
       13        - port bits
       23   544.41 cells
        2   35.123   gf180mcu_fd_sc_mcu7t5v0__and2_1
        2   43.904   gf180mcu_fd_sc_mcu7t5v0__aoi211_1
        1   17.562   gf180mcu_fd_sc_mcu7t5v0__aoi21_1
        1   19.757   gf180mcu_fd_sc_mcu7t5v0__aoi22_1
        3   26.342   gf180mcu_fd_sc_mcu7t5v0__clkinv_1
        3   223.91   gf180mcu_fd_sc_mcu7t5v0__dffrnq_1
        1   10.976   gf180mcu_fd_sc_mcu7t5v0__nand2_1
        4   52.685   gf180mcu_fd_sc_mcu7t5v0__nor2_1
        2   35.123   gf180mcu_fd_sc_mcu7t5v0__nor3_1
        3   52.685   gf180mcu_fd_sc_mcu7t5v0__oai21_1
        1   26.342   gf180mcu_fd_sc_mcu7t5v0__or4_1

   Chip area for module '\state_machine': 544.409600
     of which used for sequential elements: 223.910400 (41.13%)

