Reading timing models for corner nom_tt_025C_3v30…
Reading timing library for the 'nom_tt_025C_3v30' corner at '/foss/pdks/gf180mcuD/libs.ref/gf180mcu_fd_sc_mcu7t5v0/lib/gf180mcu_fd_sc_mcu7t5v0__tt_025C_3v30.lib'…
Reading OpenROAD database at '/workspace/librelane/runs/RUN_2026-08-10_00-37-52/37-openroad-resizertimingpostcts/spi_regs.odb'…
Reading design constraints file at '/usr/local/lib/python3.12/dist-packages/librelane/scripts/base.sdc'…
[INFO] Using clock clk…
[INFO] Setting output delay to: 40
[INFO] Setting input delay to: 40
[INFO] Setting load to: 0.07291
[INFO] Setting clock uncertainty to: 0.25
[INFO] Setting clock transition to: 0.15
[INFO] Setting timing derate to: 5%
[INFO] Setting signal min routing layer to: Metal2 and clock min routing layer to Metal2. 
[INFO] Setting signal max routing layer to: Metal5 and clock max routing layer to Metal5. 
+ global_route -congestion_iterations 50 -verbose -allow_congestion
[INFO GRT-0020] Min routing layer: Metal2
[INFO GRT-0021] Max routing layer: Metal5
[INFO GRT-0022] Global adjustment: 30%
[INFO GRT-0023] Grid origin: (0, 0)
[INFO GRT-0088] Layer Metal1  Track-Pitch = 0.5600  line-2-Via Pitch: 0.4750
[INFO GRT-0088] Layer Metal2  Track-Pitch = 0.5600  line-2-Via Pitch: 0.5600
[INFO GRT-0088] Layer Metal3  Track-Pitch = 0.5600  line-2-Via Pitch: 0.5600
[INFO GRT-0088] Layer Metal4  Track-Pitch = 0.5600  line-2-Via Pitch: 0.5600
[INFO GRT-0088] Layer Metal5  Track-Pitch = 0.9000  line-2-Via Pitch: 0.8200
[INFO GRT-0003] Macros: 0
[INFO GRT-0004] Blockages: 0
[INFO GRT-0019] Found 26 clock nets.
[INFO GRT-0001] Minimum degree: 2
[INFO GRT-0002] Maximum degree: 15

[INFO GRT-0053] Routing resources analysis:
          Routing      Original      Derated      Resource
Layer     Direction    Resources     Resources    Reduction (%)
---------------------------------------------------------------
Metal1     Horizontal          0             0          0.00%
Metal2     Vertical        24173         16129          33.28%
Metal3     Horizontal      24511         16302          33.49%
Metal4     Vertical        24167         16125          33.28%
Metal5     Horizontal      15015         10101          32.73%
---------------------------------------------------------------

[INFO GRT-0197] Via related to pin nodes: 11455
[INFO GRT-0198] Via related Steiner nodes: 204
[INFO GRT-0199] Via filling finished.
[INFO GRT-0111] Final number of vias: 15330
[INFO GRT-0112] Final usage 3D: 65725

[INFO GRT-0096] Final congestion report:
Layer         Resource        Demand        Usage (%)    Max H / Max V / Total Overflow
---------------------------------------------------------------------------------------
Metal1               0             0            0.00%             0 /  0 /  0
Metal2           16129          7253           44.97%             0 /  0 /  0
Metal3           16302          9144           56.09%             0 /  0 /  0
Metal4           16125          1466            9.09%             0 /  0 /  0
Metal5           10101          1872           18.53%             0 /  0 /  0
---------------------------------------------------------------------------------------
Total            58657         19735           33.64%             0 /  0 /  0

[INFO GRT-0018] Total wirelength: 217677 um
[INFO GRT-0014] Routed nets: 2165
[INFO GRT-0303] Global routing runtime = 00:00:00
Setting global connections for newly added cells…
[INFO] Setting global connections...
[INFO ODB-0403] 0 connections made, 0 conflicts skipped.
Updating metrics…
Cell type report:                       Count       Area
  Endcap cell                             164     720.03
  Tap cell                                672    2950.35
  Clock buffer                             32    1813.24
  Timing Repair Buffer                    887   15164.44
  Inverter                                 22     219.52
  Clock inverter                            4      74.64
  Sequential cell                         213   16226.92
  Multi-Input combinational cell          712   21971.76
  Total                                  2706   59140.88
Writing OpenROAD database to '/workspace/librelane/runs/RUN_2026-08-10_00-37-52/39-openroad-globalrouting/spi_regs.odb'…
Writing layout to '/workspace/librelane/runs/RUN_2026-08-10_00-37-52/39-openroad-globalrouting/spi_regs.def'…
