2026-08-10 00:23:52 +0200: Memory Usage (456232K) : Starting running GF180MCU Klayout DRC runset on /workspace/librelane/runs/RUN_2026-08-10_00-21-44/57-magic-streamout/wave_controller.gds
2026-08-10 00:23:52 +0200: Memory Usage (456232K) : Ruby Version for klayout: 3.2.3
2026-08-10 00:23:52 +0200: Memory Usage (459688K) : Loading database to memory is complete.
2026-08-10 00:23:52 +0200: Memory Usage (459688K) : GF180MCU Klayout DRC runset output at: /workspace/librelane/runs/RUN_2026-08-10_00-21-44/65-klayout-drc/reports/drc.klayout.lyrdb
2026-08-10 00:23:52 +0200: Memory Usage (459816K) : Evaluate switches.
2026-08-10 00:23:52 +0200: Memory Usage (459816K) : table_name selected  main
2026-08-10 00:23:52 +0200: Memory Usage (459816K) : CONNECTIVITY_RULES enabled: false
2026-08-10 00:23:52 +0200: Memory Usage (459816K) : Wedge enabled: false
2026-08-10 00:23:52 +0200: Memory Usage (459816K) : Ball enabled: false
2026-08-10 00:23:52 +0200: Memory Usage (459816K) : Gold enabled: false
2026-08-10 00:23:52 +0200: Memory Usage (459816K) : MIM Option selected: B
2026-08-10 00:23:52 +0200: Memory Usage (459816K) : Offgrid enabled:  false
2026-08-10 00:23:52 +0200: Memory Usage (459816K) : Number of threads to use 
2026-08-10 00:23:52 +0200: Memory Usage (459816K) : Verbose mode: 
2026-08-10 00:23:52 +0200: Memory Usage (459816K) : deep  mode is enabled for main table
2026-08-10 00:23:52 +0200: Memory Usage (459816K) : METAL_TOP Selected is 11K
2026-08-10 00:23:52 +0200: Memory Usage (459816K) : METAL_STACK Selected is 5LM
2026-08-10 00:23:52 +0200: Memory Usage (459816K) : FEOL enabled: false
2026-08-10 00:23:52 +0200: Memory Usage (459816K) : BEOL enabled: false
2026-08-10 00:23:52 +0200: Memory Usage (459816K) : DUMMY enabled: false
2026-08-10 00:23:52 +0200: Memory Usage (459816K) : DUMMY_SUB_PREV enabled: true
2026-08-10 00:23:52 +0200: Memory Usage (459816K) : SLOW_VIA enabled: false
2026-08-10 00:23:52 +0200: Memory Usage (459816K) : Read in polygons from layers.
2026-08-10 00:23:52 +0200: Memory Usage (461224K) : comp has 25388 polygons
2026-08-10 00:23:52 +0200: Memory Usage (461352K) : dnwell has 0 polygons
2026-08-10 00:23:52 +0200: Memory Usage (461352K) : nwell has 7481 polygons
2026-08-10 00:23:52 +0200: Memory Usage (461352K) : lvpwell has 7481 polygons
2026-08-10 00:23:52 +0200: Memory Usage (461352K) : dualgate has 7481 polygons
2026-08-10 00:23:52 +0200: Memory Usage (461352K) : poly2 has 27873 polygons
2026-08-10 00:23:52 +0200: Memory Usage (461352K) : nplus has 7481 polygons
2026-08-10 00:23:52 +0200: Memory Usage (461352K) : pplus has 8615 polygons
2026-08-10 00:23:52 +0200: Memory Usage (461480K) : sab has 0 polygons
2026-08-10 00:23:52 +0200: Memory Usage (461480K) : esd has 0 polygons
2026-08-10 00:23:52 +0200: Memory Usage (461480K) : resistor has 0 polygons
2026-08-10 00:23:52 +0200: Memory Usage (461608K) : fhres has 0 polygons
2026-08-10 00:23:52 +0200: Memory Usage (461608K) : fusetop has 0 polygons
2026-08-10 00:23:52 +0200: Memory Usage (461736K) : fusewindow_d has 0 polygons
2026-08-10 00:23:52 +0200: Memory Usage (461736K) : polyfuse has 0 polygons
2026-08-10 00:23:52 +0200: Memory Usage (461864K) : mvsd has 0 polygons
2026-08-10 00:23:52 +0200: Memory Usage (461864K) : mvpsd has 0 polygons
2026-08-10 00:23:52 +0200: Memory Usage (461864K) : nat has 0 polygons
2026-08-10 00:23:52 +0200: Memory Usage (461992K) : comp_dummy has 0 polygons
2026-08-10 00:23:52 +0200: Memory Usage (461992K) : poly2_dummy has 0 polygons
2026-08-10 00:23:52 +0200: Memory Usage (462120K) : schottky_diode has 0 polygons
2026-08-10 00:23:52 +0200: Memory Usage (462120K) : zener has 0 polygons
2026-08-10 00:23:52 +0200: Memory Usage (462248K) : res_mk has 0 polygons
2026-08-10 00:23:52 +0200: Memory Usage (462248K) : opc_drc has 0 polygons
2026-08-10 00:23:52 +0200: Memory Usage (462376K) : v5_xtor has 7481 polygons
2026-08-10 00:23:52 +0200: Memory Usage (462376K) : cap_mk has 0 polygons
2026-08-10 00:23:52 +0200: Memory Usage (462504K) : mos_cap_mk has 0 polygons
2026-08-10 00:23:52 +0200: Memory Usage (462504K) : ind_mk has 0 polygons
2026-08-10 00:23:52 +0200: Memory Usage (462632K) : diode_mk has 0 polygons
2026-08-10 00:23:52 +0200: Memory Usage (462632K) : drc_bjt has 0 polygons
2026-08-10 00:23:52 +0200: Memory Usage (462760K) : lvs_bjt has 0 polygons
2026-08-10 00:23:52 +0200: Memory Usage (462760K) : mim_l_mk has 0 polygons
2026-08-10 00:23:52 +0200: Memory Usage (462888K) : latchup_mk has 0 polygons
2026-08-10 00:23:52 +0200: Memory Usage (462888K) : guard_ring_mk has 0 polygons
2026-08-10 00:23:52 +0200: Memory Usage (463016K) : otp_mk has 0 polygons
2026-08-10 00:23:52 +0200: Memory Usage (463016K) : mtpmark has 0 polygons
2026-08-10 00:23:52 +0200: Memory Usage (463016K) : neo_ee_mk has 0 polygons
2026-08-10 00:23:52 +0200: Memory Usage (463144K) : sramcore has 0 polygons
2026-08-10 00:23:52 +0200: Memory Usage (463144K) : lvs_rf has 0 polygons
2026-08-10 00:23:52 +0200: Memory Usage (463272K) : lvs_drain has 0 polygons
2026-08-10 00:23:52 +0200: Memory Usage (463272K) : ind_mk has 0 polygons
2026-08-10 00:23:52 +0200: Memory Usage (463400K) : hvpolyrs has 0 polygons
2026-08-10 00:23:52 +0200: Memory Usage (463400K) : lvs_io has 0 polygons
2026-08-10 00:23:52 +0200: Memory Usage (463528K) : probe_mk has 0 polygons
2026-08-10 00:23:52 +0200: Memory Usage (463528K) : esd_mk has 0 polygons
2026-08-10 00:23:52 +0200: Memory Usage (463656K) : lvs_source has 0 polygons
2026-08-10 00:23:52 +0200: Memory Usage (463656K) : well_diode_mk has 0 polygons
2026-08-10 00:23:52 +0200: Memory Usage (463784K) : ldmos_xtor has 0 polygons
2026-08-10 00:23:52 +0200: Memory Usage (463784K) : plfuse has 0 polygons
2026-08-10 00:23:52 +0200: Memory Usage (463912K) : efuse_mk has 0 polygons
2026-08-10 00:23:52 +0200: Memory Usage (463912K) : mcell_feol_mk has 0 polygons
2026-08-10 00:23:52 +0200: Memory Usage (463912K) : ymtp_mk has 0 polygons
2026-08-10 00:23:52 +0200: Memory Usage (464040K) : dev_wf_mk has 0 polygons
2026-08-10 00:23:52 +0200: Memory Usage (464040K) : comp_label has 0 polygons
2026-08-10 00:23:52 +0200: Memory Usage (464168K) : poly2_label has 0 polygons
2026-08-10 00:23:52 +0200: Memory Usage (464168K) : mdiode has 0 polygons
2026-08-10 00:23:52 +0200: Memory Usage (464296K) : ndmy has 0 polygons
2026-08-10 00:23:52 +0200: Memory Usage (464296K) : pmndmy has 0 polygons
2026-08-10 00:23:52 +0200: Memory Usage (464552K) : contact has 131281 polygons
2026-08-10 00:23:52 +0200: Memory Usage (464680K) : metal1_drawn has 84159 polygons
2026-08-10 00:23:52 +0200: Memory Usage (465064K) : metal1_dummy has 0 polygons
2026-08-10 00:23:52 +0200: Memory Usage (465320K) : metal1_label has 0 polygons
2026-08-10 00:23:52 +0200: Memory Usage (465320K) : metal1_slot has 0 polygons
2026-08-10 00:23:52 +0200: Memory Usage (465320K) : metal1_blk has 0 polygons
2026-08-10 00:23:52 +0200: Memory Usage (465320K) : via1 has 9429 polygons
2026-08-10 00:23:52 +0200: Memory Usage (465704K) : metal2_drawn has 9906 polygons
2026-08-10 00:23:52 +0200: Memory Usage (465960K) : metal2_dummy has 0 polygons
2026-08-10 00:23:52 +0200: Memory Usage (466216K) : metal2_label has 13 polygons
2026-08-10 00:23:52 +0200: Memory Usage (466216K) : metal2_slot has 0 polygons
2026-08-10 00:23:52 +0200: Memory Usage (466216K) : metal2_blk has 0 polygons
2026-08-10 00:23:52 +0200: Memory Usage (466344K) : via2 has 8293 polygons
2026-08-10 00:23:52 +0200: Memory Usage (466600K) : metal3_drawn has 4372 polygons
2026-08-10 00:23:52 +0200: Memory Usage (466728K) : metal3_dummy has 0 polygons
2026-08-10 00:23:52 +0200: Memory Usage (466856K) : metal3_label has 216 polygons
2026-08-10 00:23:52 +0200: Memory Usage (466856K) : metal3_slot has 0 polygons
2026-08-10 00:23:52 +0200: Memory Usage (466856K) : metal3_blk has 0 polygons
2026-08-10 00:23:52 +0200: Memory Usage (466856K) : via3 has 1800 polygons
2026-08-10 00:23:52 +0200: Memory Usage (466984K) : metal4_drawn has 525 polygons
2026-08-10 00:23:52 +0200: Memory Usage (466984K) : metal4_dummy has 0 polygons
2026-08-10 00:23:52 +0200: Memory Usage (467112K) : metal4_label has 6 polygons
2026-08-10 00:23:52 +0200: Memory Usage (467240K) : metal4_slot has 0 polygons
2026-08-10 00:23:52 +0200: Memory Usage (467240K) : metal4_blk has 0 polygons
2026-08-10 00:23:52 +0200: Memory Usage (467368K) : via4 has 319 polygons
2026-08-10 00:23:52 +0200: Memory Usage (467368K) : metal5_drawn has 84 polygons
2026-08-10 00:23:52 +0200: Memory Usage (467496K) : metal5_dummy has 0 polygons
2026-08-10 00:23:52 +0200: Memory Usage (467624K) : metal5_label has 6 polygons
2026-08-10 00:23:52 +0200: Memory Usage (467624K) : metal5_slot has 0 polygons
2026-08-10 00:23:52 +0200: Memory Usage (467752K) : metal5_blk has 0 polygons
2026-08-10 00:23:52 +0200: Memory Usage (467752K) : pad has 0 polygons
2026-08-10 00:23:52 +0200: Memory Usage (467880K) : ubmpperi has 0 polygons
2026-08-10 00:23:52 +0200: Memory Usage (467880K) : ubmparray has 0 polygons
2026-08-10 00:23:52 +0200: Memory Usage (467880K) : ubmeplate has 0 polygons
2026-08-10 00:23:52 +0200: Memory Usage (468008K) : metal1_res has 0 polygons
2026-08-10 00:23:52 +0200: Memory Usage (468008K) : metal2_res has 0 polygons
2026-08-10 00:23:52 +0200: Memory Usage (468136K) : metal3_res has 0 polygons
2026-08-10 00:23:52 +0200: Memory Usage (468136K) : metal4_res has 0 polygons
2026-08-10 00:23:52 +0200: Memory Usage (468264K) : metal5_res has 0 polygons
2026-08-10 00:23:52 +0200: Memory Usage (468264K) : metal6_res has 0 polygons
2026-08-10 00:23:52 +0200: Memory Usage (468392K) : pr_bndry has 7482 polygons
2026-08-10 00:23:52 +0200: Memory Usage (468392K) : border has 0 polygons
2026-08-10 00:23:52 +0200: Memory Usage (468392K) : Total no. of polygons in the design is 357172
2026-08-10 00:23:52 +0200: Memory Usage (468392K) : Starting deriving base layers.
2026-08-10 00:23:53 +0200: Memory Usage (497812K) : Total area of the design is 8614225.0 um^2.
2026-08-10 00:23:53 +0200: Memory Usage (497812K) : Starting GF180MCU DRC rules.
2026-08-10 00:23:53 +0200: Memory Usage (497812K) : MIM Capacitor Option B section
2026-08-10 00:23:53 +0200: Memory Usage (497812K) : Executing rule MIMTM.1
2026-08-10 00:23:53 +0200: Memory Usage (498068K) : Executing rule MIMTM.2
2026-08-10 00:23:53 +0200: Memory Usage (498068K) : Executing rule MIMTM.3
2026-08-10 00:23:53 +0200: Memory Usage (498068K) : Executing rule MIMTM.4
2026-08-10 00:23:53 +0200: Memory Usage (498068K) : Executing rule MIMTM.5
2026-08-10 00:23:53 +0200: Memory Usage (498324K) : Executing rule MIMTM.6
2026-08-10 00:23:53 +0200: Memory Usage (498324K) : Executing rule MIMTM.7
2026-08-10 00:23:53 +0200: Memory Usage (498324K) : Executing rule MIMTM.8a
2026-08-10 00:23:53 +0200: Memory Usage (498324K) : Executing rule MIMTM.8b
2026-08-10 00:23:53 +0200: Memory Usage (498324K) : Executing rule MIMTM.9
2026-08-10 00:23:53 +0200: Memory Usage (498324K) : Executing rule MIMTM.10
2026-08-10 00:23:53 +0200: Memory Usage (498324K) : Executing rule MIMTM.11
2026-08-10 00:23:53 +0200: Memory Usage (498324K) :  DRC Total Run time 1.337704154 seconds
2026-08-10 00:23:53 +0200: Memory Usage (498324K) : Executing rule DE.2
2026-08-10 00:23:53 +0200: Memory Usage (498324K) : Executing rule DE.3
2026-08-10 00:23:53 +0200: Memory Usage (498452K) : Executing rule DE.4
2026-08-10 00:23:53 +0200: Memory Usage (498452K) :  DRC Total Run time 1.352889062 seconds
