
===========================================================================
report_checks -unconstrained
===========================================================================
======================= min_ff_n40C_3v60 Corner ===================================

Startpoint: rst_n (input port clocked by clk)
Endpoint: _12045_ (recovery check against rising-edge clock clk)
Path Group: asynchronous
Path Type: max

Fanout         Cap        Slew       Delay        Time   Description
---------------------------------------------------------------------------------------------
                                  0.000000    0.000000   clock clk (rise edge)
                                  0.000000    0.000000   clock network delay (propagated)
                                 40.000000   40.000000 ^ input external delay
     2    0.007018    0.139609    0.061018   40.061020 ^ rst_n (in)
                                                         rst_n (net)
                      0.139609    0.000000   40.061020 ^ input3/I (gf180mcu_fd_sc_mcu7t5v0__clkbuf_3)
     2    0.050874    0.214255    0.303572   40.364590 ^ input3/Z (gf180mcu_fd_sc_mcu7t5v0__clkbuf_3)
                                                         net3 (net)
                      0.214271    0.002771   40.367363 ^ fanout2079/I (gf180mcu_fd_sc_mcu7t5v0__dlyb_1)
     2    0.007475    0.171338    0.767162   41.134525 ^ fanout2079/Z (gf180mcu_fd_sc_mcu7t5v0__dlyb_1)
                                                         net2079 (net)
                      0.171338    0.000114   41.134640 ^ wire2085/I (gf180mcu_fd_sc_mcu7t5v0__clkbuf_2)
     2    0.022935    0.195373    0.277161   41.411800 ^ wire2085/Z (gf180mcu_fd_sc_mcu7t5v0__clkbuf_2)
                                                         net2085 (net)
                      0.195375    0.000888   41.412689 ^ wire2083/I (gf180mcu_fd_sc_mcu7t5v0__buf_2)
     2    0.027418    0.224087    0.256293   41.668980 ^ wire2083/Z (gf180mcu_fd_sc_mcu7t5v0__buf_2)
                                                         net2083 (net)
                      0.224093    0.001251   41.670231 ^ fanout2073/I (gf180mcu_fd_sc_mcu7t5v0__dlyb_1)
     3    0.024126    0.390545    0.909640   42.579872 ^ fanout2073/Z (gf180mcu_fd_sc_mcu7t5v0__dlyb_1)
                                                         net2073 (net)
                      0.390545    0.000210   42.580082 ^ load_slew2078/I (gf180mcu_fd_sc_mcu7t5v0__buf_2)
     3    0.022301    0.191162    0.255778   42.835857 ^ load_slew2078/Z (gf180mcu_fd_sc_mcu7t5v0__buf_2)
                                                         net2078 (net)
                      0.191162    0.000263   42.836121 ^ load_slew2077/I (gf180mcu_fd_sc_mcu7t5v0__clkbuf_2)
     2    0.027373    0.225721    0.299469   43.135590 ^ load_slew2077/Z (gf180mcu_fd_sc_mcu7t5v0__clkbuf_2)
                                                         net2077 (net)
                      0.225723    0.000888   43.136478 ^ load_slew2076/I (gf180mcu_fd_sc_mcu7t5v0__clkbuf_2)
     3    0.026810    0.222381    0.303324   43.439804 ^ load_slew2076/Z (gf180mcu_fd_sc_mcu7t5v0__clkbuf_2)
                                                         net2076 (net)
                      0.222381    0.000444   43.440247 ^ load_slew2075/I (gf180mcu_fd_sc_mcu7t5v0__buf_2)
     3    0.028054    0.229206    0.261963   43.702209 ^ load_slew2075/Z (gf180mcu_fd_sc_mcu7t5v0__buf_2)
                                                         net2075 (net)
                      0.229207    0.000792   43.703003 ^ load_slew2074/I (gf180mcu_fd_sc_mcu7t5v0__clkbuf_2)
     1    0.037473    0.294167    0.347306   44.050308 ^ load_slew2074/Z (gf180mcu_fd_sc_mcu7t5v0__clkbuf_2)
                                                         net2074 (net)
                      0.294236    0.002498   44.052807 ^ fanout2070/I (gf180mcu_fd_sc_mcu7t5v0__dlyb_1)
     3    0.026241    0.418887    0.931749   44.984554 ^ fanout2070/Z (gf180mcu_fd_sc_mcu7t5v0__dlyb_1)
                                                         net2070 (net)
                      0.418887    0.000355   44.984909 ^ wire2072/I (gf180mcu_fd_sc_mcu7t5v0__clkbuf_2)
     4    0.036486    0.290257    0.377256   45.362164 ^ wire2072/Z (gf180mcu_fd_sc_mcu7t5v0__clkbuf_2)
                                                         net2072 (net)
                      0.290263    0.000739   45.362904 ^ load_slew2071/I (gf180mcu_fd_sc_mcu7t5v0__clkbuf_2)
     3    0.029301    0.240131    0.324977   45.687881 ^ load_slew2071/Z (gf180mcu_fd_sc_mcu7t5v0__clkbuf_2)
                                                         net2071 (net)
                      0.240132    0.000753   45.688633 ^ fanout2067/I (gf180mcu_fd_sc_mcu7t5v0__dlyb_1)
     2    0.013763    0.252781    0.824080   46.512714 ^ fanout2067/Z (gf180mcu_fd_sc_mcu7t5v0__dlyb_1)
                                                         net2067 (net)
                      0.252781    0.000171   46.512886 ^ load_slew2069/I (gf180mcu_fd_sc_mcu7t5v0__clkbuf_2)
     3    0.027577    0.228055    0.311424   46.824310 ^ load_slew2069/Z (gf180mcu_fd_sc_mcu7t5v0__clkbuf_2)
                                                         net2069 (net)
                      0.228055    0.000423   46.824734 ^ load_slew2068/I (gf180mcu_fd_sc_mcu7t5v0__buf_2)
     3    0.030349    0.245158    0.272038   47.096771 ^ load_slew2068/Z (gf180mcu_fd_sc_mcu7t5v0__buf_2)
                                                         net2068 (net)
                      0.245160    0.000362   47.097134 ^ fanout2062/I (gf180mcu_fd_sc_mcu7t5v0__dlyb_1)
     2    0.014356    0.260642    0.829314   47.926445 ^ fanout2062/Z (gf180mcu_fd_sc_mcu7t5v0__dlyb_1)
                                                         net2062 (net)
                      0.260642    0.000188   47.926636 ^ load_slew2066/I (gf180mcu_fd_sc_mcu7t5v0__clkbuf_2)
     3    0.027994    0.230871    0.314348   48.240982 ^ load_slew2066/Z (gf180mcu_fd_sc_mcu7t5v0__clkbuf_2)
                                                         net2066 (net)
                      0.230871    0.000593   48.241577 ^ load_slew2065/I (gf180mcu_fd_sc_mcu7t5v0__buf_2)
     3    0.027012    0.222019    0.258492   48.500069 ^ load_slew2065/Z (gf180mcu_fd_sc_mcu7t5v0__buf_2)
                                                         net2065 (net)
                      0.222020    0.000497   48.500565 ^ load_slew2064/I (gf180mcu_fd_sc_mcu7t5v0__clkbuf_2)
     3    0.025809    0.215542    0.298577   48.799141 ^ load_slew2064/Z (gf180mcu_fd_sc_mcu7t5v0__clkbuf_2)
                                                         net2064 (net)
                      0.215543    0.000547   48.799690 ^ load_slew2063/I (gf180mcu_fd_sc_mcu7t5v0__clkbuf_2)
     3    0.027355    0.226044    0.303899   49.103588 ^ load_slew2063/Z (gf180mcu_fd_sc_mcu7t5v0__clkbuf_2)
                                                         net2063 (net)
                      0.226044    0.000565   49.104153 ^ _12045_/RN (gf180mcu_fd_sc_mcu7t5v0__dffrnq_2)
                                             49.104153   data arrival time

                                200.000000  200.000000   clock clk (rise edge)
                                  0.000000  200.000000   clock source latency
     2    0.083766    0.320079    0.183576  200.183563 ^ clk (in)
                                                         clk (net)
                      0.321128    0.000000  200.183563 ^ clkbuf_0_clk/I (gf180mcu_fd_sc_mcu7t5v0__clkbuf_16)
     8    0.334138    0.313764    0.372339  200.555908 ^ clkbuf_0_clk/Z (gf180mcu_fd_sc_mcu7t5v0__clkbuf_16)
                                                         clknet_0_clk (net)
                      0.318400    0.017522  200.573425 ^ clkbuf_3_3__f_clk/I (gf180mcu_fd_sc_mcu7t5v0__clkbuf_16)
     8    0.241692    0.244115    0.341302  200.914734 ^ clkbuf_3_3__f_clk/Z (gf180mcu_fd_sc_mcu7t5v0__clkbuf_16)
                                                         clknet_3_3__leaf_clk (net)
                      0.245014    0.008200  200.922928 ^ clkbuf_leaf_53_clk/I (gf180mcu_fd_sc_mcu7t5v0__clkbuf_8)
     8    0.049876    0.133106    0.254033  201.176971 ^ clkbuf_leaf_53_clk/Z (gf180mcu_fd_sc_mcu7t5v0__clkbuf_8)
                                                         clknet_leaf_53_clk (net)
                      0.133106    0.000284  201.177246 ^ _12045_/CLK (gf180mcu_fd_sc_mcu7t5v0__dffrnq_2)
                                 -0.250000  200.927246   clock uncertainty
                                  0.000000  200.927246   clock reconvergence pessimism
                                  0.190432  201.117676   library recovery time
                                            201.117676   data required time
---------------------------------------------------------------------------------------------
                                            201.117676   data required time
                                            -49.104153   data arrival time
---------------------------------------------------------------------------------------------
                                            152.013519   slack (MET)


Startpoint: _11980_ (rising edge-triggered flip-flop clocked by clk)
Endpoint: read_en (output port clocked by clk)
Path Group: clk
Path Type: max

Fanout         Cap        Slew       Delay        Time   Description
---------------------------------------------------------------------------------------------
                                  0.000000    0.000000   clock clk (rise edge)
                                  0.000000    0.000000   clock source latency
     2    0.083766    0.320079    0.183574    0.183574 ^ clk (in)
                                                         clk (net)
                      0.321128    0.000000    0.183574 ^ clkbuf_0_clk/I (gf180mcu_fd_sc_mcu7t5v0__clkbuf_16)
     8    0.334138    0.313764    0.372334    0.555908 ^ clkbuf_0_clk/Z (gf180mcu_fd_sc_mcu7t5v0__clkbuf_16)
                                                         clknet_0_clk (net)
                      0.331588    0.041710    0.597618 ^ clkbuf_3_4__f_clk/I (gf180mcu_fd_sc_mcu7t5v0__clkbuf_16)
     8    0.158975    0.181351    0.306618    0.904236 ^ clkbuf_3_4__f_clk/Z (gf180mcu_fd_sc_mcu7t5v0__clkbuf_16)
                                                         clknet_3_4__leaf_clk (net)
                      0.181386    0.003652    0.907888 ^ clkbuf_leaf_33_clk/I (gf180mcu_fd_sc_mcu7t5v0__clkbuf_8)
    10    0.057028    0.142657    0.250241    1.158129 ^ clkbuf_leaf_33_clk/Z (gf180mcu_fd_sc_mcu7t5v0__clkbuf_8)
                                                         clknet_leaf_33_clk (net)
                      0.142658    0.000690    1.158819 ^ _11980_/CLK (gf180mcu_fd_sc_mcu7t5v0__dffrnq_1)
     2    0.012701    0.146461    0.631998    1.790817 v _11980_/Q (gf180mcu_fd_sc_mcu7t5v0__dffrnq_1)
                                                         digital_domain_inst.spi_regs_inst.state_o[2] (net)
                      0.146461    0.000224    1.791041 v fanout1523/I (gf180mcu_fd_sc_mcu7t5v0__dlyb_1)
     3    0.028217    0.336084    0.996830    2.787871 v fanout1523/Z (gf180mcu_fd_sc_mcu7t5v0__dlyb_1)
                                                         net1523 (net)
                      0.336084    0.000321    2.788193 v load_slew1528/I (gf180mcu_fd_sc_mcu7t5v0__buf_2)
     4    0.031993    0.162160    0.321612    3.109804 v load_slew1528/Z (gf180mcu_fd_sc_mcu7t5v0__buf_2)
                                                         net1528 (net)
                      0.162160    0.000359    3.110163 v _06175_/A3 (gf180mcu_fd_sc_mcu7t5v0__or3_1)
     2    0.029088    0.368596    0.715285    3.825448 v _06175_/Z (gf180mcu_fd_sc_mcu7t5v0__or3_1)
                                                         _00871_ (net)
                      0.368596    0.000574    3.826022 v fanout772/I (gf180mcu_fd_sc_mcu7t5v0__dlyb_1)
     3    0.021641    0.288369    1.030887    4.856909 v fanout772/Z (gf180mcu_fd_sc_mcu7t5v0__dlyb_1)
                                                         net772 (net)
                      0.288369    0.000162    4.857071 v _07473_/A1 (gf180mcu_fd_sc_mcu7t5v0__nand2_2)
     1    0.031933    0.346601    0.265379    5.122451 ^ _07473_/ZN (gf180mcu_fd_sc_mcu7t5v0__nand2_2)
                                                         net13 (net)
                      0.346605    0.001824    5.124274 ^ wire523/I (gf180mcu_fd_sc_mcu7t5v0__buf_2)
     1    0.036250    0.285724    0.307813    5.432088 ^ wire523/Z (gf180mcu_fd_sc_mcu7t5v0__buf_2)
                                                         net523 (net)
                      0.285801    0.002645    5.434733 ^ output13/I (gf180mcu_fd_sc_mcu7t5v0__buf_2)
     1    0.073149    0.545067    0.456229    5.890962 ^ output13/Z (gf180mcu_fd_sc_mcu7t5v0__buf_2)
                                                         read_en (net)
                      0.545067    0.000382    5.891344 ^ read_en (out)
                                              5.891344   data arrival time

                                200.000000  200.000000   clock clk (rise edge)
                                  0.000000  200.000000   clock network delay (propagated)
                                 -0.250000  199.750000   clock uncertainty
                                  0.000000  199.750000   clock reconvergence pessimism
                                -40.000000  159.749985   output external delay
                                            159.749985   data required time
---------------------------------------------------------------------------------------------
                                            159.749985   data required time
                                             -5.891344   data arrival time
---------------------------------------------------------------------------------------------
                                            153.858658   slack (MET)




===========================================================================
report_checks --slack_max -0.01
============================================================================
======================= min_ff_n40C_3v60 Corner ===================================

No paths found.


===========================================================================
 report_check_types -max_slew -max_cap -max_fanout -violators
============================================================================
======================= min_ff_n40C_3v60 Corner ===================================

max fanout

Pin                                   Limit Fanout  Slack
---------------------------------------------------------
clkbuf_leaf_18_clk/Z                     10     12     -2 (VIOLATED)
clkbuf_leaf_1_clk/Z                      10     12     -2 (VIOLATED)
clkbuf_leaf_26_clk/Z                     10     12     -2 (VIOLATED)
clkbuf_leaf_30_clk/Z                     10     12     -2 (VIOLATED)
clkbuf_leaf_35_clk/Z                     10     12     -2 (VIOLATED)
clkbuf_leaf_3_clk/Z                      10     12     -2 (VIOLATED)
clkbuf_leaf_45_clk/Z                     10     12     -2 (VIOLATED)
clkbuf_leaf_47_clk/Z                     10     12     -2 (VIOLATED)
clkbuf_leaf_48_clk/Z                     10     12     -2 (VIOLATED)
clkbuf_leaf_56_clk/Z                     10     12     -2 (VIOLATED)
clkbuf_leaf_5_clk/Z                      10     12     -2 (VIOLATED)
clkbuf_leaf_10_clk/Z                     10     11        (VIOLATED)
clkbuf_leaf_27_clk/Z                     10     11        (VIOLATED)
clkbuf_leaf_32_clk/Z                     10     11        (VIOLATED)
clkbuf_leaf_46_clk/Z                     10     11        (VIOLATED)

max capacitance

Pin                                        Limit         Cap       Slack
------------------------------------------------------------------------
clkbuf_0_clk/Z                          0.200000    0.334138   -0.134138 (VIOLATED)
clkbuf_3_3__f_clk/Z                     0.200000    0.241692   -0.041692 (VIOLATED)



===========================================================================
report_parasitic_annotation -report_unannotated
============================================================================
Found 40 unannotated drivers.
 clkload0/Z
 clkload1/Z
 clkload10/ZN
 clkload11/ZN
 clkload12/ZN
 clkload13/ZN
 clkload14/Z
 clkload15/Z
 clkload16/ZN
 clkload17/ZN
 clkload18/Z
 clkload19/ZN
 clkload2/ZN
 clkload20/ZN
 clkload21/ZN
 clkload22/ZN
 clkload23/ZN
 clkload24/ZN
 clkload25/ZN
 clkload26/ZN
 clkload27/ZN
 clkload28/Z
 clkload29/Z
 clkload3/Z
 clkload30/ZN
 clkload31/ZN
 clkload32/ZN
 clkload33/ZN
 clkload34/ZN
 clkload35/ZN
 clkload36/Z
 clkload37/ZN
 clkload38/Z
 clkload39/Z
 clkload4/ZN
 clkload5/ZN
 clkload6/ZN
 clkload7/ZN
 clkload8/ZN
 clkload9/Z
Found 0 partially unannotated drivers.

===========================================================================
max slew violation count 0
max fanout violation count 15
max cap violation count 2
============================================================================

===========================================================================
check_setup -verbose -unconstrained_endpoints -multiple_clock -no_clock -no_input_delay -loops -generated_clocks
===========================================================================
