Clock: clk
Sources: clk 
Generated: no
Virtual: no
Propagated: no
Period: 200.000000

===========================================================================
report_clock_properties
============================================================================
Clock                   Period          Waveform
----------------------------------------------------
clk                 200.000000    0.000000100.000000

===========================================================================
report_clock_latency
============================================================================
Clock clk
rise -> rise
    min     max
0.000000 0.000000 source latency
3.018645         network latency _19_/CLK
        3.018645 network latency _19_/CLK
---------------
3.018645 3.018645 latency
        0.000000 skew

fall -> fall
    min     max
0.000000 0.000000 source latency
1.913762         network latency _19_/CLK
        1.913762 network latency _19_/CLK
---------------
1.913762 1.913762 latency
        0.000000 skew



===========================================================================
report_clock_min_period
============================================================================
clk period_min = 8.39 fmax = 119.17
