Clock: clk
Sources: clk 
Generated: no
Virtual: no
Propagated: no
Period: 200.000000

===========================================================================
report_clock_properties
============================================================================
Clock                   Period          Waveform
----------------------------------------------------
clk                 200.000000    0.000000100.000000

===========================================================================
report_clock_latency
============================================================================
Clock clk
rise -> rise
    min     max
0.000000 0.000000 source latency
2.693954         network latency _3651_/CLK
        2.693954 network latency _3651_/CLK
---------------
2.693954 2.693954 latency
        0.000000 skew

fall -> fall
    min     max
0.000000 0.000000 source latency
1.406072         network latency _3651_/CLK
        1.406072 network latency _3651_/CLK
---------------
1.406072 1.406072 latency
        0.000000 skew



===========================================================================
report_clock_min_period
============================================================================
clk period_min = 3.82 fmax = 262.00
