Reading timing models for corner max_ss_125C_3v00…
Reading timing library for the 'max_ss_125C_3v00' corner at '/foss/pdks/gf180mcuD/libs.ref/gf180mcu_fd_sc_mcu7t5v0/lib/gf180mcu_fd_sc_mcu7t5v0__ss_125C_3v00.lib'…
Reading timing models for corner min_ff_n40C_3v60…
Reading timing library for the 'min_ff_n40C_3v60' corner at '/foss/pdks/gf180mcuD/libs.ref/gf180mcu_fd_sc_mcu7t5v0/lib/gf180mcu_fd_sc_mcu7t5v0__ff_n40C_3v60.lib'…
Reading timing models for corner nom_tt_025C_3v30…
Reading timing library for the 'nom_tt_025C_3v30' corner at '/foss/pdks/gf180mcuD/libs.ref/gf180mcu_fd_sc_mcu7t5v0/lib/gf180mcu_fd_sc_mcu7t5v0__tt_025C_3v30.lib'…
Reading OpenROAD database at '/workspace/librelane/runs/RUN_2026-08-10_01-25-13/35-openroad-cts/digital_domain.odb'…
Reading design constraints file at '/usr/local/lib/python3.12/dist-packages/librelane/scripts/base.sdc'…
[INFO] Using clock clk…
[INFO] Setting output delay to: 40
[INFO] Setting input delay to: 40
[INFO] Setting load to: 0.07291
[INFO] Setting clock uncertainty to: 0.25
[INFO] Setting clock transition to: 0.15
[INFO] Setting timing derate to: 5%
+ repair_timing -verbose -setup -setup_margin 0.05000000000000000277555756156289135105907917022705078125 -max_buffer_percent 50
[INFO RSZ-0100] Repair move sequence: UnbufferMove SizeUpMove SwapPinsMove BufferMove CloneMove SplitLoadMove 
[INFO RSZ-0098] No setup violations found
+ repair_timing -verbose -hold -setup_margin 0.05000000000000000277555756156289135105907917022705078125 -hold_margin 0.1000000000000000055511151231257827021181583404541015625 -max_buffer_percent 50
[INFO RSZ-0033] No hold violations found.
+ detailed_placement -max_displacement  500 100 
Placement Analysis
---------------------------------
total displacement          0.0 u
average displacement        0.0 u
max displacement            0.0 u
original HPWL          328971.8 u
legalized HPWL         336286.1 u
delta HPWL                    2 %

[INFO DPL-0020] Mirrored 2832 instances
[INFO DPL-0021] HPWL before          336286.1 u
[INFO DPL-0022] HPWL after           328971.8 u
[INFO DPL-0023] HPWL delta               -2.2 %
Setting global connections for newly added cells…
[INFO] Setting global connections...
[INFO ODB-0403] 0 connections made, 0 conflicts skipped.
Updating metrics…
Cell type report:                       Count       Area
  Endcap cell                             334    1466.39
  Tap cell                               2790   12249.22
  Buffer                                    4      52.68
  Clock buffer                             90    5255.31
  Timing Repair Buffer                   1571   31250.87
  Inverter                                416    3916.24
  Clock inverter                           28     469.77
  Sequential cell                         556   42762.50
  Multi-Input combinational cell         4177  101062.62
  Total                                  9966  198485.59
Writing OpenROAD database to '/workspace/librelane/runs/RUN_2026-08-10_01-25-13/37-openroad-resizertimingpostcts/digital_domain.odb'…
Writing netlist to '/workspace/librelane/runs/RUN_2026-08-10_01-25-13/37-openroad-resizertimingpostcts/digital_domain.nl.v'…
Writing powered netlist to '/workspace/librelane/runs/RUN_2026-08-10_01-25-13/37-openroad-resizertimingpostcts/digital_domain.pnl.v'…
Writing layout to '/workspace/librelane/runs/RUN_2026-08-10_01-25-13/37-openroad-resizertimingpostcts/digital_domain.def'…
Writing timing constraints to '/workspace/librelane/runs/RUN_2026-08-10_01-25-13/37-openroad-resizertimingpostcts/digital_domain.sdc'…
