
===========================================================================
report_checks -unconstrained
===========================================================================
======================= nom_tt_025C_5v00 Corner ===================================

Startpoint: rst_n (input port clocked by clk)
Endpoint: signal_processor_y_inst/_248_
          (recovery check against rising-edge clock clk)
Path Group: asynchronous
Path Type: max

Fanout         Cap        Slew       Delay        Time   Description
---------------------------------------------------------------------------------------------
                                  0.000000    0.000000   clock clk (rise edge)
                                  0.000000    0.000000   clock network delay (propagated)
                                 40.000000   40.000000 ^ input external delay
     1    0.003992    0.113593    0.039726   40.039726 ^ rst_n (in)
                                                         rst_n (net)
                      0.113593    0.000000   40.039726 ^ input5/I (gf180mcu_fd_sc_mcu7t5v0__buf_1)
     1    0.010720    0.226937    0.268304   40.308033 ^ input5/Z (gf180mcu_fd_sc_mcu7t5v0__buf_1)
                                                         net5 (net)
                      0.226937    0.000313   40.308346 ^ fanout627/I (gf180mcu_fd_sc_mcu7t5v0__dlyb_1)
     3    0.064722    1.086861    1.445663   41.754009 ^ fanout627/Z (gf180mcu_fd_sc_mcu7t5v0__dlyb_1)
                                                         net627 (net)
                      1.086946    0.005382   41.759392 ^ fanout570/I (gf180mcu_fd_sc_mcu7t5v0__dlyb_1)
     5    0.077721    1.294062    1.575582   43.334972 ^ fanout570/Z (gf180mcu_fd_sc_mcu7t5v0__dlyb_1)
                                                         net570 (net)
                      1.294114    0.004636   43.339607 ^ fanout547/I (gf180mcu_fd_sc_mcu7t5v0__dlyb_1)
     9    0.096411    1.594159    1.740204   45.079815 ^ fanout547/Z (gf180mcu_fd_sc_mcu7t5v0__dlyb_1)
                                                         net547 (net)
                      1.594159    0.000874   45.080688 ^ fanout546/I (gf180mcu_fd_sc_mcu7t5v0__dlyb_1)
     5    0.047947    0.821556    1.281471   46.362160 ^ fanout546/Z (gf180mcu_fd_sc_mcu7t5v0__dlyb_1)
                                                         net546 (net)
                      0.821559    0.000998   46.363155 ^ fanout544/I (gf180mcu_fd_sc_mcu7t5v0__dlyb_1)
    10    0.092269    1.528306    1.719588   48.082745 ^ fanout544/Z (gf180mcu_fd_sc_mcu7t5v0__dlyb_1)
                                                         net544 (net)
                      1.528306    0.000970   48.083714 ^ signal_processor_y_inst/fanout543/I (gf180mcu_fd_sc_mcu7t5v0__dlyb_1)
    10    0.089158    1.479018    1.665462   49.749176 ^ signal_processor_y_inst/fanout543/Z (gf180mcu_fd_sc_mcu7t5v0__dlyb_1)
                                                         signal_processor_y_inst/net543 (net)
                      1.479031    0.002508   49.751686 ^ signal_processor_y_inst/_248_/RN (gf180mcu_fd_sc_mcu7t5v0__dffrnq_1)
                                             49.751686   data arrival time

                                200.000000  200.000000   clock clk (rise edge)
                                  0.000000  200.000000   clock source latency
     1    0.082880    0.362281    0.203784  200.203781 ^ clk (in)
                                                         clk (net)
                      0.363475    0.000000  200.203781 ^ clkbuf_0_clk/I (gf180mcu_fd_sc_mcu7t5v0__clkbuf_16)
     8    0.338320    0.377466    0.467509  200.671280 ^ clkbuf_0_clk/Z (gf180mcu_fd_sc_mcu7t5v0__clkbuf_16)
                                                         clknet_0_clk (net)
                      0.379080    0.015007  200.686295 ^ clkbuf_3_0__f_clk/I (gf180mcu_fd_sc_mcu7t5v0__clkbuf_16)
     7    0.130872    0.188790    0.355044  201.041336 ^ clkbuf_3_0__f_clk/Z (gf180mcu_fd_sc_mcu7t5v0__clkbuf_16)
                                                         clknet_3_0__leaf_clk (net)
                      0.188792    0.001052  201.042389 ^ clkbuf_leaf_0_clk/I (gf180mcu_fd_sc_mcu7t5v0__clkbuf_8)
    13    0.067103    0.187007    0.310209  201.352600 ^ clkbuf_leaf_0_clk/Z (gf180mcu_fd_sc_mcu7t5v0__clkbuf_8)
                                                         clknet_leaf_0_clk (net)
                      0.187007    0.000085  201.352676 ^ signal_processor_y_inst/_248_/CLK (gf180mcu_fd_sc_mcu7t5v0__dffrnq_1)
                                 -0.250000  201.102692   clock uncertainty
                                  0.000000  201.102692   clock reconvergence pessimism
                                 -0.100794  201.001892   library recovery time
                                            201.001892   data required time
---------------------------------------------------------------------------------------------
                                            201.001892   data required time
                                            -49.751686   data arrival time
---------------------------------------------------------------------------------------------
                                            151.250198   slack (MET)


Startpoint: analog[0] (input port clocked by clk)
Endpoint: analog[2] (output port clocked by clk)
Path Group: clk
Path Type: max

Fanout         Cap        Slew       Delay        Time   Description
---------------------------------------------------------------------------------------------
                                  0.000000    0.000000   clock clk (rise edge)
                                  0.000000    0.000000   clock network delay (propagated)
                                 40.000000   40.000000 ^ input external delay
     2    0.081388    1.350269    0.761904   40.761906 ^ analog[0] (inout)
                                                         analog[0] (net)
                      1.350269    0.000000   40.761906 ^ analog_block_inst/analog_readout_inst/_0_/A1 (gf180mcu_fd_sc_mcu7t5v0__and2_1)
     4    0.115749    1.911441    1.434415   42.196320 ^ analog_block_inst/analog_readout_inst/_0_/Z (gf180mcu_fd_sc_mcu7t5v0__and2_1)
                                                         analog[1] (net)
                      1.911441    0.000618   42.196938 ^ analog_block_inst/analog_wave_mixer_x_inst/_0_/A2 (gf180mcu_fd_sc_mcu7t5v0__and2_1)
     3    0.088884    1.482986    1.133081   43.330021 ^ analog_block_inst/analog_wave_mixer_x_inst/_0_/Z (gf180mcu_fd_sc_mcu7t5v0__and2_1)
                                                         analog[2] (net)
                      1.482986    0.001201   43.331223 ^ analog[2] (inout)
                                             43.331223   data arrival time

                                200.000000  200.000000   clock clk (rise edge)
                                  0.000000  200.000000   clock network delay (propagated)
                                 -0.250000  199.750000   clock uncertainty
                                  0.000000  199.750000   clock reconvergence pessimism
                                -40.000000  159.749985   output external delay
                                            159.749985   data required time
---------------------------------------------------------------------------------------------
                                            159.749985   data required time
                                            -43.331223   data arrival time
---------------------------------------------------------------------------------------------
                                            116.418770   slack (MET)




===========================================================================
report_checks --slack_max -0.01
============================================================================
======================= nom_tt_025C_5v00 Corner ===================================

No paths found.


===========================================================================
 report_check_types -max_slew -max_cap -max_fanout -violators
============================================================================
======================= nom_tt_025C_5v00 Corner ===================================

max fanout

Pin                                   Limit Fanout  Slack
---------------------------------------------------------
clkbuf_leaf_17_clk/Z                     10     14     -4 (VIOLATED)
clkbuf_leaf_36_clk/Z                     10     14     -4 (VIOLATED)
clkbuf_leaf_0_clk/Z                      10     13     -3 (VIOLATED)
clkbuf_leaf_12_clk/Z                     10     13     -3 (VIOLATED)
clkbuf_leaf_13_clk/Z                     10     13     -3 (VIOLATED)
clkbuf_leaf_14_clk/Z                     10     13     -3 (VIOLATED)
clkbuf_leaf_1_clk/Z                      10     13     -3 (VIOLATED)
clkbuf_leaf_28_clk/Z                     10     13     -3 (VIOLATED)
clkbuf_leaf_37_clk/Z                     10     13     -3 (VIOLATED)
clkbuf_leaf_3_clk/Z                      10     13     -3 (VIOLATED)
clkbuf_leaf_4_clk/Z                      10     13     -3 (VIOLATED)
clkbuf_leaf_5_clk/Z                      10     13     -3 (VIOLATED)
clkbuf_leaf_6_clk/Z                      10     13     -3 (VIOLATED)
clkbuf_leaf_7_clk/Z                      10     13     -3 (VIOLATED)
clkbuf_leaf_8_clk/Z                      10     13     -3 (VIOLATED)
clkbuf_leaf_15_clk/Z                     10     12     -2 (VIOLATED)
clkbuf_leaf_16_clk/Z                     10     12     -2 (VIOLATED)
clkbuf_leaf_20_clk/Z                     10     12     -2 (VIOLATED)
clkbuf_leaf_2_clk/Z                      10     12     -2 (VIOLATED)
clkbuf_leaf_34_clk/Z                     10     12     -2 (VIOLATED)
clkbuf_leaf_38_clk/Z                     10     12     -2 (VIOLATED)
clkbuf_leaf_46_clk/Z                     10     12     -2 (VIOLATED)
clkbuf_leaf_50_clk/Z                     10     12     -2 (VIOLATED)
clkbuf_leaf_9_clk/Z                      10     11        (VIOLATED)

max capacitance

Pin                                        Limit         Cap       Slack
------------------------------------------------------------------------
clkbuf_0_clk/Z                          0.200000    0.338320   -0.138320 (VIOLATED)



===========================================================================
report_parasitic_annotation -report_unannotated
============================================================================
Found 50 unannotated drivers.
 bidir_in[3]
 bidir_in[4]
 bidir_in[5]
 bidir_in[6]
 bidir_in[7]
 bidir_in[8]
 bidir_in[9]
 _83_/Z
 _84_/Z
 _85_/Z
 _86_/Z
 clkload0/Z
 clkload1/Z
 clkload10/ZN
 clkload11/ZN
 clkload12/ZN
 clkload13/ZN
 clkload14/ZN
 clkload15/Z
 clkload16/ZN
 clkload17/ZN
 clkload18/ZN
 clkload19/ZN
 clkload2/Z
 clkload20/ZN
 clkload21/ZN
 clkload22/Z
 clkload23/ZN
 clkload24/Z
 clkload25/ZN
 clkload26/ZN
 clkload27/ZN
 clkload28/ZN
 clkload29/ZN
 clkload3/Z
 clkload30/ZN
 clkload31/ZN
 clkload32/ZN
 clkload33/ZN
 clkload34/ZN
 clkload35/ZN
 clkload36/ZN
 clkload4/ZN
 clkload5/ZN
 clkload6/ZN
 clkload7/Z
 clkload8/Z
 clkload9/Z
 wave_controller_x_inst\/_3725_/Q
 wave_controller_y_inst\/_3725_/Q
Found 0 partially unannotated drivers.

===========================================================================
max slew violation count 0
max fanout violation count 24
max cap violation count 1
============================================================================

===========================================================================
check_setup -verbose -unconstrained_endpoints -multiple_clock -no_clock -no_input_delay -loops -generated_clocks
===========================================================================
Warning: There is 1 unconstrained endpoint.
  analog[0]
