2026-08-09 21:08:59 +0200: Memory Usage (456556K) : Starting running GF180MCU Klayout DRC runset on /workspace/librelane/runs/RUN_2026-08-09_21-04-40/57-magic-streamout/chip_core.gds
2026-08-09 21:08:59 +0200: Memory Usage (456556K) : Ruby Version for klayout: 3.2.3
2026-08-09 21:08:59 +0200: Memory Usage (476652K) : Loading database to memory is complete.
2026-08-09 21:08:59 +0200: Memory Usage (476652K) : GF180MCU Klayout DRC runset output at: /workspace/librelane/runs/RUN_2026-08-09_21-04-40/65-klayout-drc/reports/drc.klayout.lyrdb
2026-08-09 21:08:59 +0200: Memory Usage (476652K) : Evaluate switches.
2026-08-09 21:08:59 +0200: Memory Usage (476652K) : table_name selected  main
2026-08-09 21:08:59 +0200: Memory Usage (476652K) : CONNECTIVITY_RULES enabled: false
2026-08-09 21:08:59 +0200: Memory Usage (476652K) : Wedge enabled: false
2026-08-09 21:08:59 +0200: Memory Usage (476652K) : Ball enabled: false
2026-08-09 21:08:59 +0200: Memory Usage (476652K) : Gold enabled: false
2026-08-09 21:08:59 +0200: Memory Usage (476652K) : MIM Option selected: B
2026-08-09 21:08:59 +0200: Memory Usage (476652K) : Offgrid enabled:  false
2026-08-09 21:08:59 +0200: Memory Usage (476652K) : Number of threads to use 
2026-08-09 21:08:59 +0200: Memory Usage (476652K) : Verbose mode: 
2026-08-09 21:08:59 +0200: Memory Usage (476652K) : deep  mode is enabled for main table
2026-08-09 21:08:59 +0200: Memory Usage (476652K) : METAL_TOP Selected is 11K
2026-08-09 21:08:59 +0200: Memory Usage (476652K) : METAL_STACK Selected is 5LM
2026-08-09 21:08:59 +0200: Memory Usage (476652K) : FEOL enabled: false
2026-08-09 21:08:59 +0200: Memory Usage (476652K) : BEOL enabled: false
2026-08-09 21:08:59 +0200: Memory Usage (476652K) : DUMMY enabled: false
2026-08-09 21:08:59 +0200: Memory Usage (476652K) : DUMMY_SUB_PREV enabled: true
2026-08-09 21:08:59 +0200: Memory Usage (476652K) : SLOW_VIA enabled: false
2026-08-09 21:08:59 +0200: Memory Usage (476652K) : Read in polygons from layers.
2026-08-09 21:08:59 +0200: Memory Usage (479468K) : comp has 130776 polygons
2026-08-09 21:08:59 +0200: Memory Usage (479468K) : dnwell has 0 polygons
2026-08-09 21:08:59 +0200: Memory Usage (479468K) : nwell has 30653 polygons
2026-08-09 21:08:59 +0200: Memory Usage (479468K) : lvpwell has 30653 polygons
2026-08-09 21:08:59 +0200: Memory Usage (479468K) : dualgate has 30653 polygons
2026-08-09 21:08:59 +0200: Memory Usage (479468K) : poly2 has 138634 polygons
2026-08-09 21:08:59 +0200: Memory Usage (479468K) : nplus has 30653 polygons
2026-08-09 21:08:59 +0200: Memory Usage (479468K) : pplus has 35768 polygons
2026-08-09 21:08:59 +0200: Memory Usage (479468K) : sab has 0 polygons
2026-08-09 21:08:59 +0200: Memory Usage (479468K) : esd has 0 polygons
2026-08-09 21:08:59 +0200: Memory Usage (479468K) : resistor has 0 polygons
2026-08-09 21:08:59 +0200: Memory Usage (479468K) : fhres has 0 polygons
2026-08-09 21:08:59 +0200: Memory Usage (479468K) : fusetop has 0 polygons
2026-08-09 21:08:59 +0200: Memory Usage (479468K) : fusewindow_d has 0 polygons
2026-08-09 21:08:59 +0200: Memory Usage (479468K) : polyfuse has 0 polygons
2026-08-09 21:08:59 +0200: Memory Usage (479468K) : mvsd has 0 polygons
2026-08-09 21:08:59 +0200: Memory Usage (479468K) : mvpsd has 0 polygons
2026-08-09 21:08:59 +0200: Memory Usage (479468K) : nat has 0 polygons
2026-08-09 21:08:59 +0200: Memory Usage (479468K) : comp_dummy has 0 polygons
2026-08-09 21:08:59 +0200: Memory Usage (479468K) : poly2_dummy has 0 polygons
2026-08-09 21:08:59 +0200: Memory Usage (479468K) : schottky_diode has 0 polygons
2026-08-09 21:08:59 +0200: Memory Usage (479468K) : zener has 0 polygons
2026-08-09 21:08:59 +0200: Memory Usage (479596K) : res_mk has 0 polygons
2026-08-09 21:08:59 +0200: Memory Usage (479596K) : opc_drc has 0 polygons
2026-08-09 21:08:59 +0200: Memory Usage (479852K) : v5_xtor has 30653 polygons
2026-08-09 21:08:59 +0200: Memory Usage (479852K) : cap_mk has 0 polygons
2026-08-09 21:08:59 +0200: Memory Usage (479852K) : mos_cap_mk has 0 polygons
2026-08-09 21:08:59 +0200: Memory Usage (479852K) : ind_mk has 0 polygons
2026-08-09 21:08:59 +0200: Memory Usage (480108K) : diode_mk has 1 polygons
2026-08-09 21:08:59 +0200: Memory Usage (480108K) : drc_bjt has 0 polygons
2026-08-09 21:08:59 +0200: Memory Usage (480108K) : lvs_bjt has 0 polygons
2026-08-09 21:08:59 +0200: Memory Usage (480108K) : mim_l_mk has 0 polygons
2026-08-09 21:08:59 +0200: Memory Usage (480108K) : latchup_mk has 0 polygons
2026-08-09 21:08:59 +0200: Memory Usage (480236K) : guard_ring_mk has 0 polygons
2026-08-09 21:08:59 +0200: Memory Usage (480236K) : otp_mk has 0 polygons
2026-08-09 21:08:59 +0200: Memory Usage (480364K) : mtpmark has 0 polygons
2026-08-09 21:08:59 +0200: Memory Usage (480364K) : neo_ee_mk has 0 polygons
2026-08-09 21:08:59 +0200: Memory Usage (480492K) : sramcore has 0 polygons
2026-08-09 21:08:59 +0200: Memory Usage (480492K) : lvs_rf has 0 polygons
2026-08-09 21:08:59 +0200: Memory Usage (480620K) : lvs_drain has 0 polygons
2026-08-09 21:08:59 +0200: Memory Usage (480620K) : ind_mk has 0 polygons
2026-08-09 21:08:59 +0200: Memory Usage (480748K) : hvpolyrs has 0 polygons
2026-08-09 21:08:59 +0200: Memory Usage (480748K) : lvs_io has 0 polygons
2026-08-09 21:08:59 +0200: Memory Usage (480876K) : probe_mk has 0 polygons
2026-08-09 21:08:59 +0200: Memory Usage (480876K) : esd_mk has 0 polygons
2026-08-09 21:08:59 +0200: Memory Usage (481004K) : lvs_source has 0 polygons
2026-08-09 21:08:59 +0200: Memory Usage (481004K) : well_diode_mk has 0 polygons
2026-08-09 21:08:59 +0200: Memory Usage (481004K) : ldmos_xtor has 0 polygons
2026-08-09 21:08:59 +0200: Memory Usage (481132K) : plfuse has 0 polygons
2026-08-09 21:08:59 +0200: Memory Usage (481132K) : efuse_mk has 0 polygons
2026-08-09 21:08:59 +0200: Memory Usage (481260K) : mcell_feol_mk has 0 polygons
2026-08-09 21:08:59 +0200: Memory Usage (481260K) : ymtp_mk has 0 polygons
2026-08-09 21:08:59 +0200: Memory Usage (481388K) : dev_wf_mk has 0 polygons
2026-08-09 21:08:59 +0200: Memory Usage (481388K) : comp_label has 0 polygons
2026-08-09 21:08:59 +0200: Memory Usage (481516K) : poly2_label has 0 polygons
2026-08-09 21:08:59 +0200: Memory Usage (481516K) : mdiode has 0 polygons
2026-08-09 21:08:59 +0200: Memory Usage (481644K) : ndmy has 0 polygons
2026-08-09 21:08:59 +0200: Memory Usage (481644K) : pmndmy has 0 polygons
2026-08-09 21:08:59 +0200: Memory Usage (482028K) : contact has 665640 polygons
2026-08-09 21:08:59 +0200: Memory Usage (482540K) : metal1_drawn has 392498 polygons
2026-08-09 21:08:59 +0200: Memory Usage (482796K) : metal1_dummy has 0 polygons
2026-08-09 21:08:59 +0200: Memory Usage (483436K) : metal1_label has 0 polygons
2026-08-09 21:08:59 +0200: Memory Usage (483436K) : metal1_slot has 0 polygons
2026-08-09 21:08:59 +0200: Memory Usage (483436K) : metal1_blk has 0 polygons
2026-08-09 21:08:59 +0200: Memory Usage (483820K) : via1 has 26457 polygons
2026-08-09 21:08:59 +0200: Memory Usage (484460K) : metal2_drawn has 27304 polygons
2026-08-09 21:08:59 +0200: Memory Usage (484844K) : metal2_dummy has 0 polygons
2026-08-09 21:08:59 +0200: Memory Usage (485612K) : metal2_label has 88 polygons
2026-08-09 21:08:59 +0200: Memory Usage (485612K) : metal2_slot has 0 polygons
2026-08-09 21:08:59 +0200: Memory Usage (485612K) : metal2_blk has 0 polygons
2026-08-09 21:08:59 +0200: Memory Usage (485740K) : via2 has 24809 polygons
2026-08-09 21:08:59 +0200: Memory Usage (486252K) : metal3_drawn has 11763 polygons
2026-08-09 21:08:59 +0200: Memory Usage (486252K) : metal3_dummy has 0 polygons
2026-08-09 21:08:59 +0200: Memory Usage (486380K) : metal3_label has 1 polygons
2026-08-09 21:08:59 +0200: Memory Usage (486380K) : metal3_slot has 0 polygons
2026-08-09 21:08:59 +0200: Memory Usage (486380K) : metal3_blk has 0 polygons
2026-08-09 21:08:59 +0200: Memory Usage (486380K) : via3 has 5258 polygons
2026-08-09 21:08:59 +0200: Memory Usage (486380K) : metal4_drawn has 950 polygons
2026-08-09 21:08:59 +0200: Memory Usage (486380K) : metal4_dummy has 0 polygons
2026-08-09 21:08:59 +0200: Memory Usage (486508K) : metal4_label has 14 polygons
2026-08-09 21:08:59 +0200: Memory Usage (486636K) : metal4_slot has 0 polygons
2026-08-09 21:08:59 +0200: Memory Usage (486636K) : metal4_blk has 0 polygons
2026-08-09 21:08:59 +0200: Memory Usage (486764K) : via4 has 943 polygons
2026-08-09 21:08:59 +0200: Memory Usage (486764K) : metal5_drawn has 140 polygons
2026-08-09 21:08:59 +0200: Memory Usage (486892K) : metal5_dummy has 0 polygons
2026-08-09 21:08:59 +0200: Memory Usage (487020K) : metal5_label has 12 polygons
2026-08-09 21:08:59 +0200: Memory Usage (487020K) : metal5_slot has 0 polygons
2026-08-09 21:08:59 +0200: Memory Usage (487020K) : metal5_blk has 0 polygons
2026-08-09 21:08:59 +0200: Memory Usage (487148K) : pad has 0 polygons
2026-08-09 21:08:59 +0200: Memory Usage (487148K) : ubmpperi has 0 polygons
2026-08-09 21:08:59 +0200: Memory Usage (487276K) : ubmparray has 0 polygons
2026-08-09 21:08:59 +0200: Memory Usage (487276K) : ubmeplate has 0 polygons
2026-08-09 21:08:59 +0200: Memory Usage (487404K) : metal1_res has 0 polygons
2026-08-09 21:08:59 +0200: Memory Usage (487404K) : metal2_res has 0 polygons
2026-08-09 21:08:59 +0200: Memory Usage (487532K) : metal3_res has 0 polygons
2026-08-09 21:08:59 +0200: Memory Usage (487532K) : metal4_res has 0 polygons
2026-08-09 21:08:59 +0200: Memory Usage (487660K) : metal5_res has 0 polygons
2026-08-09 21:08:59 +0200: Memory Usage (487660K) : metal6_res has 0 polygons
2026-08-09 21:08:59 +0200: Memory Usage (487788K) : pr_bndry has 30655 polygons
2026-08-09 21:08:59 +0200: Memory Usage (487788K) : border has 0 polygons
2026-08-09 21:08:59 +0200: Memory Usage (487788K) : Total no. of polygons in the design is 1644976
2026-08-09 21:08:59 +0200: Memory Usage (487788K) : Starting deriving base layers.
2026-08-09 21:09:02 +0200: Memory Usage (574560K) : Total area of the design is 1044756.3374999999 um^2.
2026-08-09 21:09:02 +0200: Memory Usage (574560K) : Starting GF180MCU DRC rules.
2026-08-09 21:09:02 +0200: Memory Usage (574560K) : MIM Capacitor Option B section
2026-08-09 21:09:02 +0200: Memory Usage (574560K) : Executing rule MIMTM.1
2026-08-09 21:09:02 +0200: Memory Usage (574688K) : Executing rule MIMTM.2
2026-08-09 21:09:02 +0200: Memory Usage (574688K) : Executing rule MIMTM.3
2026-08-09 21:09:02 +0200: Memory Usage (574688K) : Executing rule MIMTM.4
2026-08-09 21:09:02 +0200: Memory Usage (574688K) : Executing rule MIMTM.5
2026-08-09 21:09:02 +0200: Memory Usage (575456K) : Executing rule MIMTM.6
2026-08-09 21:09:02 +0200: Memory Usage (575456K) : Executing rule MIMTM.7
2026-08-09 21:09:02 +0200: Memory Usage (575456K) : Executing rule MIMTM.8a
2026-08-09 21:09:02 +0200: Memory Usage (575456K) : Executing rule MIMTM.8b
2026-08-09 21:09:02 +0200: Memory Usage (575456K) : Executing rule MIMTM.9
2026-08-09 21:09:02 +0200: Memory Usage (575456K) : Executing rule MIMTM.10
2026-08-09 21:09:02 +0200: Memory Usage (575456K) : Executing rule MIMTM.11
2026-08-09 21:09:02 +0200: Memory Usage (575456K) :  DRC Total Run time 3.972281794 seconds
2026-08-09 21:09:02 +0200: Memory Usage (575456K) : Executing rule DE.2
2026-08-09 21:09:02 +0200: Memory Usage (575456K) : Executing rule DE.3
2026-08-09 21:09:03 +0200: Memory Usage (575584K) : Executing rule DE.4
2026-08-09 21:09:03 +0200: Memory Usage (575584K) :  DRC Total Run time 4.008223516 seconds
