
===========================================================================
report_checks -unconstrained
===========================================================================
======================= nom_tt_025C_3v30 Corner ===================================

Startpoint: rst_n (input port clocked by clk)
Endpoint: _3742_ (recovery check against rising-edge clock clk)
Path Group: asynchronous
Path Type: max

Fanout         Cap        Slew       Delay        Time   Description
---------------------------------------------------------------------------------------------
                                  0.000000    0.000000   clock clk (rise edge)
                                  0.000000    0.000000   clock network delay (propagated)
                                 40.000000   40.000000 ^ input external delay
     1    0.007466    0.242916    0.103210   40.103210 ^ rst_n (in)
                                                         rst_n (net)
                      0.242916    0.000000   40.103210 ^ input85/I (gf180mcu_fd_sc_mcu7t5v0__buf_2)
     3    0.038832    0.499025    0.490385   40.593594 ^ input85/Z (gf180mcu_fd_sc_mcu7t5v0__buf_2)
                                                         net85 (net)
                      0.499028    0.000700   40.594296 ^ fanout614/I (gf180mcu_fd_sc_mcu7t5v0__dlyb_1)
     2    0.014962    0.449249    1.515844   42.110138 ^ fanout614/Z (gf180mcu_fd_sc_mcu7t5v0__dlyb_1)
                                                         net614 (net)
                      0.449249    0.000298   42.110435 ^ fanout592/I (gf180mcu_fd_sc_mcu7t5v0__dlyb_1)
     4    0.029560    0.765987    1.710909   43.821346 ^ fanout592/Z (gf180mcu_fd_sc_mcu7t5v0__dlyb_1)
                                                         net592 (net)
                      0.765987    0.000579   43.821926 ^ load_slew595/I (gf180mcu_fd_sc_mcu7t5v0__buf_2)
     3    0.027703    0.376306    0.477574   44.299500 ^ load_slew595/Z (gf180mcu_fd_sc_mcu7t5v0__buf_2)
                                                         net595 (net)
                      0.376306    0.000526   44.300026 ^ load_slew593/I (gf180mcu_fd_sc_mcu7t5v0__clkbuf_2)
     3    0.026925    0.368901    0.512621   44.812645 ^ load_slew593/Z (gf180mcu_fd_sc_mcu7t5v0__clkbuf_2)
                                                         net593 (net)
                      0.368901    0.000501   44.813145 ^ fanout587/I (gf180mcu_fd_sc_mcu7t5v0__dlyb_1)
     4    0.024946    0.664948    1.640579   46.453724 ^ fanout587/Z (gf180mcu_fd_sc_mcu7t5v0__dlyb_1)
                                                         net587 (net)
                      0.664948    0.000469   46.454193 ^ load_slew590/I (gf180mcu_fd_sc_mcu7t5v0__buf_1)
     3    0.023511    0.616983    0.622073   47.076267 ^ load_slew590/Z (gf180mcu_fd_sc_mcu7t5v0__buf_1)
                                                         net590 (net)
                      0.616983    0.000444   47.076714 ^ wire589/I (gf180mcu_fd_sc_mcu7t5v0__buf_1)
     3    0.030226    0.769481    0.706891   47.783604 ^ wire589/Z (gf180mcu_fd_sc_mcu7t5v0__buf_1)
                                                         net589 (net)
                      0.769481    0.000636   47.784237 ^ _3742_/RN (gf180mcu_fd_sc_mcu7t5v0__dffrnq_2)
                                             47.784237   data arrival time

                                200.000000  200.000000   clock clk (rise edge)
                                  0.000000  200.000000   clock source latency
     1    0.072588    0.466731    0.249898  200.249893 ^ clk (in)
                                                         clk (net)
                      0.466731    0.000000  200.249893 ^ clkbuf_0_clk/I (gf180mcu_fd_sc_mcu7t5v0__clkbuf_16)
    16    0.287519    0.481657    0.616524  200.866409 ^ clkbuf_0_clk/Z (gf180mcu_fd_sc_mcu7t5v0__clkbuf_16)
                                                         clknet_0_clk (net)
                      0.481725    0.005031  200.871445 ^ clkbuf_4_10_0_clk/I (gf180mcu_fd_sc_mcu7t5v0__clkbuf_8)
     9    0.062215    0.255655    0.467551  201.339005 ^ clkbuf_4_10_0_clk/Z (gf180mcu_fd_sc_mcu7t5v0__clkbuf_8)
                                                         clknet_4_10_0_clk (net)
                      0.255655    0.001108  201.340103 ^ _3742_/CLK (gf180mcu_fd_sc_mcu7t5v0__dffrnq_2)
                                 -0.250000  201.090103   clock uncertainty
                                  0.000000  201.090103   clock reconvergence pessimism
                                  0.326575  201.416687   library recovery time
                                            201.416687   data required time
---------------------------------------------------------------------------------------------
                                            201.416687   data required time
                                            -47.784237   data arrival time
---------------------------------------------------------------------------------------------
                                            153.632446   slack (MET)


Startpoint: cfg_f_MEMS_fcw[1] (input port clocked by clk)
Endpoint: cal_phase90_offset[20] (output port clocked by clk)
Path Group: clk
Path Type: max

Fanout         Cap        Slew       Delay        Time   Description
---------------------------------------------------------------------------------------------
                                  0.000000    0.000000   clock clk (rise edge)
                                  0.000000    0.000000   clock network delay (propagated)
                                 40.000000   40.000000 v input external delay
     1    0.010247    0.159645    0.076636   40.076637 v cfg_f_MEMS_fcw[1] (in)
                                                         cfg_f_MEMS_fcw[1] (net)
                      0.159645    0.000000   40.076637 v input10/I (gf180mcu_fd_sc_mcu7t5v0__buf_1)
     2    0.011506    0.228335    0.426212   40.502850 v input10/Z (gf180mcu_fd_sc_mcu7t5v0__buf_1)
                                                         net10 (net)
                      0.228335    0.000238   40.503086 v fanout658/I (gf180mcu_fd_sc_mcu7t5v0__dlyb_1)
     2    0.028678    0.578496    1.794327   42.297413 v fanout658/Z (gf180mcu_fd_sc_mcu7t5v0__dlyb_1)
                                                         net658 (net)
                      0.578496    0.000565   42.297977 v load_slew661/I (gf180mcu_fd_sc_mcu7t5v0__buf_2)
     4    0.028463    0.242946    0.532143   42.830120 v load_slew661/Z (gf180mcu_fd_sc_mcu7t5v0__buf_2)
                                                         net661 (net)
                      0.242946    0.000632   42.830753 v _3014_/I (gf180mcu_fd_sc_mcu7t5v0__inv_2)
     3    0.023102    0.322753    0.277360   43.108112 ^ _3014_/ZN (gf180mcu_fd_sc_mcu7t5v0__inv_2)
                                                         _1289_ (net)
                      0.322753    0.000473   43.108585 ^ wire515/I (gf180mcu_fd_sc_mcu7t5v0__buf_2)
     5    0.060501    0.747176    0.650697   43.759285 ^ wire515/Z (gf180mcu_fd_sc_mcu7t5v0__buf_2)
                                                         net515 (net)
                      0.747181    0.001101   43.760384 ^ _3394_/A1 (gf180mcu_fd_sc_mcu7t5v0__xor3_2)
     1    0.018940    0.330346    1.521855   45.282238 ^ _3394_/Z (gf180mcu_fd_sc_mcu7t5v0__xor3_2)
                                                         _1635_ (net)
                      0.330346    0.000615   45.282856 ^ _3409_/A3 (gf180mcu_fd_sc_mcu7t5v0__oai33_4)
     1    0.005012    0.392430    0.255699   45.538555 v _3409_/ZN (gf180mcu_fd_sc_mcu7t5v0__oai33_4)
                                                         _1649_ (net)
                      0.392430    0.000131   45.538685 v wire292/I (gf180mcu_fd_sc_mcu7t5v0__dlyb_1)
     1    0.004250    0.273783    1.543210   47.081894 v wire292/Z (gf180mcu_fd_sc_mcu7t5v0__dlyb_1)
                                                         net292 (net)
                      0.273783    0.000117   47.082012 v wire291/I (gf180mcu_fd_sc_mcu7t5v0__dlyb_1)
     1    0.006625    0.305793    1.536389   48.618401 v wire291/Z (gf180mcu_fd_sc_mcu7t5v0__dlyb_1)
                                                         net291 (net)
                      0.305793    0.000156   48.618557 v wire290/I (gf180mcu_fd_sc_mcu7t5v0__dlyb_1)
     1    0.005103    0.285300    1.524491   50.143047 v wire290/Z (gf180mcu_fd_sc_mcu7t5v0__dlyb_1)
                                                         net290 (net)
                      0.285300    0.000131   50.143181 v wire289/I (gf180mcu_fd_sc_mcu7t5v0__dlyb_1)
     2    0.008913    0.336630    1.574858   51.718037 v wire289/Z (gf180mcu_fd_sc_mcu7t5v0__dlyb_1)
                                                         net289 (net)
                      0.336630    0.000195   51.718231 v max_cap288/I (gf180mcu_fd_sc_mcu7t5v0__dlyb_1)
     1    0.005127    0.285624    1.536140   53.254372 v max_cap288/Z (gf180mcu_fd_sc_mcu7t5v0__dlyb_1)
                                                         net288 (net)
                      0.285624    0.000131   53.254505 v wire286/I (gf180mcu_fd_sc_mcu7t5v0__dlyb_1)
     2    0.008758    0.334536    1.572612   54.827118 v wire286/Z (gf180mcu_fd_sc_mcu7t5v0__dlyb_1)
                                                         net286 (net)
                      0.334536    0.000192   54.827309 v wire284/I (gf180mcu_fd_sc_mcu7t5v0__dlyb_1)
     1    0.005156    0.286008    1.535788   56.363098 v wire284/Z (gf180mcu_fd_sc_mcu7t5v0__dlyb_1)
                                                         net284 (net)
                      0.286008    0.000163   56.363262 v _3443_/A2 (gf180mcu_fd_sc_mcu7t5v0__oai221_1)
     2    0.009547    1.149083    0.530196   56.893456 ^ _3443_/ZN (gf180mcu_fd_sc_mcu7t5v0__oai221_1)
                                                         _1681_ (net)
                      1.149083    0.000206   56.893661 ^ _3444_/A3 (gf180mcu_fd_sc_mcu7t5v0__and3_1)
     3    0.017057    0.522302    0.790411   57.684074 ^ _3444_/Z (gf180mcu_fd_sc_mcu7t5v0__and3_1)
                                                         _1682_ (net)
                      0.522302    0.000366   57.684441 ^ _3463_/A2 (gf180mcu_fd_sc_mcu7t5v0__oai21_1)
     3    0.021313    0.572040    0.461753   58.146194 v _3463_/ZN (gf180mcu_fd_sc_mcu7t5v0__oai21_1)
                                                         _1700_ (net)
                      0.572040    0.000515   58.146709 v _3545_/A2 (gf180mcu_fd_sc_mcu7t5v0__aoi211_2)
     1    0.004849    0.686272    0.515286   58.661995 ^ _3545_/ZN (gf180mcu_fd_sc_mcu7t5v0__aoi211_2)
                                                         _1777_ (net)
                      0.686272    0.000142   58.662136 ^ wire280/I (gf180mcu_fd_sc_mcu7t5v0__clkbuf_1)
     2    0.018808    0.501279    0.565038   59.227173 ^ wire280/Z (gf180mcu_fd_sc_mcu7t5v0__clkbuf_1)
                                                         net280 (net)
                      0.501279    0.000398   59.227573 ^ _3607_/A1 (gf180mcu_fd_sc_mcu7t5v0__oai21_1)
     2    0.014572    0.532106    0.343629   59.571201 v _3607_/ZN (gf180mcu_fd_sc_mcu7t5v0__oai21_1)
                                                         _0168_ (net)
                      0.532106    0.000323   59.571526 v _3636_/A1 (gf180mcu_fd_sc_mcu7t5v0__aoi211_1)
     2    0.010590    1.193553    0.723386   60.294910 ^ _3636_/ZN (gf180mcu_fd_sc_mcu7t5v0__aoi211_1)
                                                         _0195_ (net)
                      1.193553    0.000263   60.295174 ^ _3638_/A1 (gf180mcu_fd_sc_mcu7t5v0__oai21_1)
     3    0.016500    0.597873    0.452950   60.748123 v _3638_/ZN (gf180mcu_fd_sc_mcu7t5v0__oai21_1)
                                                         _0197_ (net)
                      0.597873    0.000355   60.748478 v _1795_/A1 (gf180mcu_fd_sc_mcu7t5v0__aoi21_1)
     1    0.008362    0.639784    0.505985   61.254463 ^ _1795_/ZN (gf180mcu_fd_sc_mcu7t5v0__aoi21_1)
                                                         _0208_ (net)
                      0.639784    0.000256   61.254719 ^ _1796_/A3 (gf180mcu_fd_sc_mcu7t5v0__xor3_2)
     1    0.032612    0.364401    0.850676   62.105396 v _1796_/Z (gf180mcu_fd_sc_mcu7t5v0__xor3_2)
                                                         net143 (net)
                      0.364401    0.000632   62.106026 v output143/I (gf180mcu_fd_sc_mcu7t5v0__buf_2)
     1    0.072910    0.501477    0.641947   62.747974 v output143/Z (gf180mcu_fd_sc_mcu7t5v0__buf_2)
                                                         cal_phase90_offset[20] (net)
                      0.501477    0.000000   62.747974 v cal_phase90_offset[20] (out)
                                             62.747974   data arrival time

                                200.000000  200.000000   clock clk (rise edge)
                                  0.000000  200.000000   clock network delay (propagated)
                                 -0.250000  199.750000   clock uncertainty
                                  0.000000  199.750000   clock reconvergence pessimism
                                -40.000000  159.749985   output external delay
                                            159.749985   data required time
---------------------------------------------------------------------------------------------
                                            159.749985   data required time
                                            -62.747974   data arrival time
---------------------------------------------------------------------------------------------
                                             97.002022   slack (MET)




===========================================================================
report_checks --slack_max -0.01
============================================================================
======================= nom_tt_025C_3v30 Corner ===================================

No paths found.


===========================================================================
 report_check_types -max_slew -max_cap -max_fanout -violators
============================================================================
======================= nom_tt_025C_3v30 Corner ===================================

max fanout

Pin                                   Limit Fanout  Slack
---------------------------------------------------------
clkbuf_0_clk/Z                           10     16     -6 (VIOLATED)

max capacitance

Pin                                        Limit         Cap       Slack
------------------------------------------------------------------------
clkbuf_0_clk/Z                          0.200000    0.287519   -0.087519 (VIOLATED)



===========================================================================
report_parasitic_annotation -report_unannotated
============================================================================
Found 15 unannotated drivers.
 clkload0/Z
 clkload1/Z
 clkload10/Z
 clkload11/Z
 clkload12/Z
 clkload13/Z
 clkload14/Z
 clkload2/Z
 clkload3/Z
 clkload4/Z
 clkload5/Z
 clkload6/Z
 clkload7/Z
 clkload8/Z
 clkload9/Z
Found 142 partially unannotated drivers.
 output100/Z
 output101/Z
 output102/Z
 output103/Z
 output104/Z
 output105/Z
 output106/Z
 output107/Z
 output108/Z
 output109/Z
 output110/Z
 output111/Z
 output112/Z
 output113/Z
 output114/Z
 output115/Z
 output116/Z
 output117/Z
 output118/Z
 output119/Z
 output120/Z
 output121/Z
 output122/Z
 output123/Z
 output124/Z
 output125/Z
 output126/Z
 output127/Z
 output128/Z
 output129/Z
 output130/Z
 output131/Z
 output132/Z
 output133/Z
 output134/Z
 output135/Z
 output136/Z
 output137/Z
 output138/Z
 output139/Z
 output140/Z
 output141/Z
 output142/Z
 output143/Z
 output144/Z
 output145/Z
 output146/Z
 output147/Z
 output148/Z
 output149/Z
 output150/Z
 output151/Z
 output152/Z
 output153/Z
 output154/Z
 output155/Z
 output156/Z
 output157/Z
 output158/Z
 output159/Z
 output160/Z
 output161/Z
 output162/Z
 output163/Z
 output164/Z
 output165/Z
 output166/Z
 output167/Z
 output168/Z
 output169/Z
 output170/Z
 output171/Z
 output172/Z
 output173/Z
 output174/Z
 output175/Z
 output176/Z
 output177/Z
 output178/Z
 output179/Z
 output180/Z
 output181/Z
 output182/Z
 output183/Z
 output184/Z
 output185/Z
 output186/Z
 output187/Z
 output188/Z
 output189/Z
 output190/Z
 output191/Z
 output192/Z
 output193/Z
 output194/Z
 output195/Z
 output196/Z
 output197/Z
 output198/Z
 output199/Z
 output200/Z
 output201/Z
 output202/Z
 output203/Z
 output204/Z
 output205/Z
 output206/Z
 output207/Z
 output208/Z
 output209/Z
 output210/Z
 output211/Z
 output212/Z
 output213/Z
 output214/Z
 output215/Z
 output216/Z
 output217/Z
 output218/Z
 output219/Z
 output220/Z
 output221/Z
 output222/Z
 output223/Z
 output224/Z
 output225/Z
 output226/Z
 output227/Z
 output228/Z
 output87/Z
 output88/Z
 output89/Z
 output90/Z
 output91/Z
 output92/Z
 output93/Z
 output94/Z
 output95/Z
 output96/Z
 output97/Z
 output98/Z
 output99/Z

===========================================================================
max slew violation count 0
Writing metric design__max_slew_violation__count__corner:nom_tt_025C_3v30: 0
max fanout violation count 1
Writing metric design__max_fanout_violation__count__corner:nom_tt_025C_3v30: 1
max cap violation count 1
Writing metric design__max_cap_violation__count__corner:nom_tt_025C_3v30: 1
============================================================================

===========================================================================
check_setup -verbose -unconstrained_endpoints -multiple_clock -no_clock -no_input_delay -loops -generated_clocks
===========================================================================
