[WARNING ORD-0039] .openroad ignored with -python
                                Cells by Master                                 
┏━━━━━━━━━━━━━━━━━━━━━━━━━━━━━━━━━━━━━━━━━━━━━━━━━━━━━━━━━━━━━━━━━┳━━━━━━━━━━━━┓
┃ Cell                                                            ┃ Count      ┃
┡━━━━━━━━━━━━━━━━━━━━━━━━━━━━━━━━━━━━━━━━━━━━━━━━━━━━━━━━━━━━━━━━━╇━━━━━━━━━━━━┩
│ gf180mcu_fd_sc_mcu7t5v0__and2_1                                 │ 152        │
│ gf180mcu_fd_sc_mcu7t5v0__and3_1                                 │ 49         │
│ gf180mcu_fd_sc_mcu7t5v0__and4_1                                 │ 13         │
│ gf180mcu_fd_sc_mcu7t5v0__antenna                                │ 3          │
│ gf180mcu_fd_sc_mcu7t5v0__aoi211_1                               │ 78         │
│ gf180mcu_fd_sc_mcu7t5v0__aoi21_1                                │ 253        │
│ gf180mcu_fd_sc_mcu7t5v0__aoi221_1                               │ 67         │
│ gf180mcu_fd_sc_mcu7t5v0__aoi222_1                               │ 24         │
│ gf180mcu_fd_sc_mcu7t5v0__aoi22_1                                │ 263        │
│ gf180mcu_fd_sc_mcu7t5v0__buf_1                                  │ 39         │
│ gf180mcu_fd_sc_mcu7t5v0__buf_2                                  │ 153        │
│ gf180mcu_fd_sc_mcu7t5v0__buf_3                                  │ 20         │
│ gf180mcu_fd_sc_mcu7t5v0__buf_4                                  │ 64         │
│ gf180mcu_fd_sc_mcu7t5v0__clkbuf_1                               │ 51         │
│ gf180mcu_fd_sc_mcu7t5v0__clkbuf_16                              │ 9          │
│ gf180mcu_fd_sc_mcu7t5v0__clkbuf_2                               │ 23         │
│ gf180mcu_fd_sc_mcu7t5v0__clkbuf_3                               │ 17         │
│ gf180mcu_fd_sc_mcu7t5v0__clkbuf_4                               │ 3          │
│ gf180mcu_fd_sc_mcu7t5v0__clkbuf_8                               │ 64         │
│ gf180mcu_fd_sc_mcu7t5v0__clkinv_1                               │ 437        │
│ gf180mcu_fd_sc_mcu7t5v0__clkinv_2                               │ 10         │
│ gf180mcu_fd_sc_mcu7t5v0__dffq_1                                 │ 5          │
│ gf180mcu_fd_sc_mcu7t5v0__dffrnq_1                               │ 548        │
│ gf180mcu_fd_sc_mcu7t5v0__dffsnq_1                               │ 8          │
│ gf180mcu_fd_sc_mcu7t5v0__dlyb_1                                 │ 277        │
│ gf180mcu_fd_sc_mcu7t5v0__dlyc_1                                 │ 2          │
│ gf180mcu_fd_sc_mcu7t5v0__endcap                                 │ 336        │
│ gf180mcu_fd_sc_mcu7t5v0__fill_1                                 │ 2551       │
│ gf180mcu_fd_sc_mcu7t5v0__fill_2                                 │ 2349       │
│ gf180mcu_fd_sc_mcu7t5v0__fillcap_16                             │ 1148       │
│ gf180mcu_fd_sc_mcu7t5v0__fillcap_32                             │ 522        │
│ gf180mcu_fd_sc_mcu7t5v0__fillcap_4                              │ 2955       │
│ gf180mcu_fd_sc_mcu7t5v0__fillcap_64                             │ 861        │
│ gf180mcu_fd_sc_mcu7t5v0__fillcap_8                              │ 1566       │
│ gf180mcu_fd_sc_mcu7t5v0__filltie                                │ 2807       │
│ gf180mcu_fd_sc_mcu7t5v0__inv_1                                  │ 9          │
│ gf180mcu_fd_sc_mcu7t5v0__inv_2                                  │ 8          │
│ gf180mcu_fd_sc_mcu7t5v0__inv_3                                  │ 8          │
│ gf180mcu_fd_sc_mcu7t5v0__inv_4                                  │ 7          │
│ gf180mcu_fd_sc_mcu7t5v0__mux2_2                                 │ 248        │
│ gf180mcu_fd_sc_mcu7t5v0__nand2_1                                │ 693        │
│ gf180mcu_fd_sc_mcu7t5v0__nand3_1                                │ 125        │
│ gf180mcu_fd_sc_mcu7t5v0__nand4_1                                │ 74         │
│ gf180mcu_fd_sc_mcu7t5v0__nor2_1                                 │ 631        │
│ gf180mcu_fd_sc_mcu7t5v0__nor2_2                                 │ 8          │
│ gf180mcu_fd_sc_mcu7t5v0__nor3_1                                 │ 76         │
│ gf180mcu_fd_sc_mcu7t5v0__nor3_2                                 │ 5          │
│ gf180mcu_fd_sc_mcu7t5v0__nor4_1                                 │ 15         │
│ gf180mcu_fd_sc_mcu7t5v0__nor4_2                                 │ 2          │
│ gf180mcu_fd_sc_mcu7t5v0__oai211_1                               │ 51         │
│ gf180mcu_fd_sc_mcu7t5v0__oai21_1                                │ 348        │
│ gf180mcu_fd_sc_mcu7t5v0__oai21_2                                │ 1          │
│ gf180mcu_fd_sc_mcu7t5v0__oai221_1                               │ 25         │
│ gf180mcu_fd_sc_mcu7t5v0__oai222_1                               │ 2          │
│ gf180mcu_fd_sc_mcu7t5v0__oai22_1                                │ 84         │
│ gf180mcu_fd_sc_mcu7t5v0__oai31_1                                │ 75         │
│ gf180mcu_fd_sc_mcu7t5v0__oai31_2                                │ 2          │
│ gf180mcu_fd_sc_mcu7t5v0__oai32_1                                │ 74         │
│ gf180mcu_fd_sc_mcu7t5v0__or2_1                                  │ 59         │
│ gf180mcu_fd_sc_mcu7t5v0__or3_1                                  │ 27         │
│ gf180mcu_fd_sc_mcu7t5v0__or4_1                                  │ 5          │
│ gf180mcu_fd_sc_mcu7t5v0__tieh                                   │ 14         │
│ gf180mcu_fd_sc_mcu7t5v0__tiel                                   │ 47         │
│ gf180mcu_fd_sc_mcu7t5v0__xnor2_1                                │ 131        │
│ gf180mcu_fd_sc_mcu7t5v0__xnor3_1                                │ 8          │
│ gf180mcu_fd_sc_mcu7t5v0__xor2_1                                 │ 410        │
│ gf180mcu_fd_sc_mcu7t5v0__xor3_1                                 │ 124        │
└─────────────────────────────────────────────────────────────────┴────────────┘
                               Cells by Function                                
┏━━━━━━━━━━━━━━━━━━━━━━━━━━━━━━━━━━━━━━━━━━━━━━━━━━━━━━━━━━━━━━━━┳━━━━━━━━━━━━━┓
┃ Cell Function                                                  ┃ Count       ┃
┡━━━━━━━━━━━━━━━━━━━━━━━━━━━━━━━━━━━━━━━━━━━━━━━━━━━━━━━━━━━━━━━━╇━━━━━━━━━━━━━┩
│ gf180mcu_fd_sc_mcu7t5v0__and2                                  │ 152         │
│ gf180mcu_fd_sc_mcu7t5v0__and3                                  │ 49          │
│ gf180mcu_fd_sc_mcu7t5v0__and4                                  │ 13          │
│ gf180mcu_fd_sc_mcu7t5v0__aoi21                                 │ 253         │
│ gf180mcu_fd_sc_mcu7t5v0__aoi211                                │ 78          │
│ gf180mcu_fd_sc_mcu7t5v0__aoi22                                 │ 263         │
│ gf180mcu_fd_sc_mcu7t5v0__aoi221                                │ 67          │
│ gf180mcu_fd_sc_mcu7t5v0__aoi222                                │ 24          │
│ gf180mcu_fd_sc_mcu7t5v0__buf                                   │ 276         │
│ gf180mcu_fd_sc_mcu7t5v0__clkbuf                                │ 167         │
│ gf180mcu_fd_sc_mcu7t5v0__clkinv                                │ 447         │
│ gf180mcu_fd_sc_mcu7t5v0__dffq                                  │ 5           │
│ gf180mcu_fd_sc_mcu7t5v0__dffrnq                                │ 548         │
│ gf180mcu_fd_sc_mcu7t5v0__dffsnq                                │ 8           │
│ gf180mcu_fd_sc_mcu7t5v0__dlyb                                  │ 277         │
│ gf180mcu_fd_sc_mcu7t5v0__dlyc                                  │ 2           │
│ gf180mcu_fd_sc_mcu7t5v0__fill                                  │ 4900        │
│ gf180mcu_fd_sc_mcu7t5v0__fillcap                               │ 7052        │
│ gf180mcu_fd_sc_mcu7t5v0__inv                                   │ 32          │
│ gf180mcu_fd_sc_mcu7t5v0__mux2                                  │ 248         │
│ gf180mcu_fd_sc_mcu7t5v0__nand2                                 │ 693         │
│ gf180mcu_fd_sc_mcu7t5v0__nand3                                 │ 125         │
│ gf180mcu_fd_sc_mcu7t5v0__nand4                                 │ 74          │
│ gf180mcu_fd_sc_mcu7t5v0__nor2                                  │ 639         │
│ gf180mcu_fd_sc_mcu7t5v0__nor3                                  │ 81          │
│ gf180mcu_fd_sc_mcu7t5v0__nor4                                  │ 17          │
│ gf180mcu_fd_sc_mcu7t5v0__oai21                                 │ 349         │
│ gf180mcu_fd_sc_mcu7t5v0__oai211                                │ 51          │
│ gf180mcu_fd_sc_mcu7t5v0__oai22                                 │ 84          │
│ gf180mcu_fd_sc_mcu7t5v0__oai221                                │ 25          │
│ gf180mcu_fd_sc_mcu7t5v0__oai222                                │ 2           │
│ gf180mcu_fd_sc_mcu7t5v0__oai31                                 │ 77          │
│ gf180mcu_fd_sc_mcu7t5v0__oai32                                 │ 74          │
│ gf180mcu_fd_sc_mcu7t5v0__or2                                   │ 59          │
│ gf180mcu_fd_sc_mcu7t5v0__or3                                   │ 27          │
│ gf180mcu_fd_sc_mcu7t5v0__or4                                   │ 5           │
│ gf180mcu_fd_sc_mcu7t5v0__xnor2                                 │ 131         │
│ gf180mcu_fd_sc_mcu7t5v0__xnor3                                 │ 8           │
│ gf180mcu_fd_sc_mcu7t5v0__xor2                                  │ 410         │
│ gf180mcu_fd_sc_mcu7t5v0__xor3                                  │ 124         │
└────────────────────────────────────────────────────────────────┴─────────────┘
                                  Cells by SCL                                  
┏━━━━━━━━━━━━━━━━━━━━━━━━━━━━━━━━━━━━━━━━━━━━━━━━━━━━━━━━━━━━━┳━━━━━━━━━━━━━━━━┓
┃ SCL                                                         ┃ Count          ┃
┡━━━━━━━━━━━━━━━━━━━━━━━━━━━━━━━━━━━━━━━━━━━━━━━━━━━━━━━━━━━━━╇━━━━━━━━━━━━━━━━┩
│ gf180mcu_fd_sc_mcu7t5v0                                     │ 17916          │
└─────────────────────────────────────────────────────────────┴────────────────┘
                             Buffers by Cell Master                             
┏━━━━━━━━━━━━━━━━━━━━━━━━━━━━━━━━━━━━━━━━━━━━━━━━━━━━━━━━━━━━━━━━━┳━━━━━━━━━━━━┓
┃ Buffer                                                          ┃ Count      ┃
┡━━━━━━━━━━━━━━━━━━━━━━━━━━━━━━━━━━━━━━━━━━━━━━━━━━━━━━━━━━━━━━━━━╇━━━━━━━━━━━━┩
│ gf180mcu_fd_sc_mcu7t5v0__buf_1                                  │ 39         │
│ gf180mcu_fd_sc_mcu7t5v0__buf_2                                  │ 153        │
│ gf180mcu_fd_sc_mcu7t5v0__buf_3                                  │ 20         │
│ gf180mcu_fd_sc_mcu7t5v0__buf_4                                  │ 64         │
│ gf180mcu_fd_sc_mcu7t5v0__clkbuf_1                               │ 51         │
│ gf180mcu_fd_sc_mcu7t5v0__clkbuf_16                              │ 9          │
│ gf180mcu_fd_sc_mcu7t5v0__clkbuf_2                               │ 23         │
│ gf180mcu_fd_sc_mcu7t5v0__clkbuf_3                               │ 17         │
│ gf180mcu_fd_sc_mcu7t5v0__clkbuf_4                               │ 3          │
│ gf180mcu_fd_sc_mcu7t5v0__clkbuf_8                               │ 64         │
│ gf180mcu_fd_sc_mcu7t5v0__dlyb_1                                 │ 277        │
│ gf180mcu_fd_sc_mcu7t5v0__dlyc_1                                 │ 2          │
└─────────────────────────────────────────────────────────────────┴────────────┘
