Reading timing models for corner nom_tt_025C_5v00…
Reading timing library for the 'nom_tt_025C_5v00' corner at '/workspace/gf180mcu/gf180mcuD/libs.ref/gf180mcu_fd_sc_mcu7t5v0/lib/gf180mcu_fd_sc_mcu7t5v0__tt_025C_5v00.lib'…
Reading timing library for the 'nom_tt_025C_5v00' corner at '/workspace/gf180mcu/gf180mcuD/libs.ref/gf180mcu_fd_io/lib/gf180mcu_fd_io__tt_025C_5v00.lib'…
Reading timing library for the 'nom_tt_025C_5v00' corner at '/workspace/gf180mcu/gf180mcuD/libs.ref/gf180mcu_fd_io/lib/gf180mcu_ws_io__tt_025C_5v00.lib'…
Reading timing library for the 'nom_tt_025C_5v00' corner at '/workspace/ip/gf180mcu_ws_ip__id/lib/gf180mcu_ws_ip__id.lib'…
Reading timing library for the 'nom_tt_025C_5v00' corner at '/workspace/ip/gf180mcu_ws_ip__logo/lib/gf180mcu_ws_ip__logo.lib'…
Reading OpenROAD database at '/workspace/librelane/runs/RUN_2026-08-03_00-34-52/41-openroad-repairantennas/1-openroad-diodeinsertion/chip_top.odb'…
[WARNING ORD-2001] LEF macro gf180mcu_ef_io__bi_t pin ANA missing from liberty cell.
Reading design constraints file at '/workspace/librelane/chip_top.sdc'…
[INFO] Using clock clk_PAD…
[INFO] Setting output delay to: 8
[INFO] Setting input delay to: 8
[WARNING STA-0366] port 'input_PAD[*]' not found.
[INFO] Setting load to: 0.07291
[INFO] Setting clock uncertainty to: 0.25
[INFO] Setting clock transition to: 0.15
[INFO] Setting timing derate to: 5%
[INFO ORD-0030] Using 16 thread(s).
+ detailed_route -droute_end_iter 64 -or_seed 42 -verbose 1 -output_drc /workspace/librelane/runs/RUN_2026-08-03_00-34-52/43-openroad-detailedrouting/drt-run-0/chip_top.drc
[INFO DRT-0149] Reading tech and libs.
[WARNING DRT-0349] LEF58_ENCLOSURE with no CUTCLASS is not supported. Skipping for layer Via1
[WARNING DRT-0349] LEF58_ENCLOSURE with no CUTCLASS is not supported. Skipping for layer Via1
[WARNING DRT-0349] LEF58_ENCLOSURE with no CUTCLASS is not supported. Skipping for layer Via2
[WARNING DRT-0349] LEF58_ENCLOSURE with no CUTCLASS is not supported. Skipping for layer Via2
[WARNING DRT-0349] LEF58_ENCLOSURE with no CUTCLASS is not supported. Skipping for layer Via3
[WARNING DRT-0349] LEF58_ENCLOSURE with no CUTCLASS is not supported. Skipping for layer Via3
[WARNING DRT-0349] LEF58_ENCLOSURE with no CUTCLASS is not supported. Skipping for layer Via4
[WARNING DRT-0349] LEF58_ENCLOSURE with no CUTCLASS is not supported. Skipping for layer Via4

Units:                2000
Number of layers:     11
Number of macros:     248
Number of vias:       71
Number of viarulegen: 16

[INFO DRT-0150] Reading design.

Design:                   chip_top
Die area:                 ( 0 0 ) ( 5870000 5870000 )
Number of track patterns: 10
Number of DEF vias:       0
Number of components:     35223
Number of terminals:      85
Number of snets:          85
Number of nets:           6465

[INFO DRT-0167] List of default vias:
  Layer Via2
    default via: Via2_VH
  Layer Via3
    default via: Via3_HV
  Layer Via4
    default via: Via4_VH
[INFO DRT-0162] Library cell analysis.
[INFO DRT-0163] Instance analysis.
[INFO DRT-0164] Number of unique instances = 467.
[INFO DRT-0168] Init region query.
[INFO DRT-0024]   Complete Poly2.
[INFO DRT-0024]   Complete CON.
[INFO DRT-0024]   Complete Metal1.
[INFO DRT-0024]   Complete Via1.
[INFO DRT-0024]   Complete Metal2.
[INFO DRT-0024]   Complete Via2.
[INFO DRT-0024]   Complete Metal3.
[INFO DRT-0024]   Complete Via3.
[INFO DRT-0024]   Complete Metal4.
[INFO DRT-0024]   Complete Via4.
[INFO DRT-0024]   Complete Metal5.
[INFO DRT-0033] Poly2 shape region query size = 0.
[INFO DRT-0033] CON shape region query size = 0.
[INFO DRT-0033] Metal1 shape region query size = 269957.
[INFO DRT-0033] Via1 shape region query size = 131796.
[INFO DRT-0033] Metal2 shape region query size = 36057.
[INFO DRT-0033] Via2 shape region query size = 207956.
[INFO DRT-0033] Metal3 shape region query size = 63757.
[INFO DRT-0033] Via3 shape region query size = 200916.
[INFO DRT-0033] Metal4 shape region query size = 53313.
[INFO DRT-0033] Via4 shape region query size = 131840.
[INFO DRT-0033] Metal5 shape region query size = 27522.
[INFO DRT-0165] Start pin access.
[INFO DRT-0076]   Complete 1000 pins.
[INFO DRT-0076]   Complete 2000 pins.
[INFO DRT-0078]   Complete 2180 pins.
[INFO DRT-0079]   Complete 100 unique inst patterns.
[INFO DRT-0079]   Complete 200 unique inst patterns.
[INFO DRT-0081]   Complete 217 unique inst patterns.
[INFO DRT-0084]   Complete 4787 groups.
#scanned instances     = 35223
#unique  instances     = 310
#stdCellGenAp          = 4028
#stdCellValidPlanarAp  = 0
#stdCellValidViaAp     = 3509
#stdCellPinNoAp        = 0
#stdCellPinCnt         = 21259
#instTermValidViaApCnt = 0
#macroGenAp            = 26507
#macroValidPlanarAp    = 699
#macroValidViaAp       = 676
#macroNoAp             = 0
[INFO DRT-0166] Complete pin access.
[INFO DRT-0267] cpu time = 00:01:06, elapsed time = 00:00:05, memory = 244.98 (MB), peak = 244.98 (MB)

[INFO DRT-0157] Number of guides:     55159

[INFO DRT-0169] Post process guides.
[INFO DRT-0176] GCELLGRID X 0 DO 349 STEP 16800 ;
[INFO DRT-0177] GCELLGRID Y 0 DO 349 STEP 16800 ;
[INFO DRT-0028]   Complete Poly2.
[INFO DRT-0028]   Complete CON.
[INFO DRT-0028]   Complete Metal1.
[INFO DRT-0028]   Complete Via1.
[INFO DRT-0028]   Complete Metal2.
[INFO DRT-0028]   Complete Via2.
[INFO DRT-0028]   Complete Metal3.
[INFO DRT-0028]   Complete Via3.
[INFO DRT-0028]   Complete Metal4.
[INFO DRT-0028]   Complete Via4.
[INFO DRT-0028]   Complete Metal5.
[INFO DRT-0178] Init guide query.
[INFO DRT-0035]   Complete Poly2 (guide).
[INFO DRT-0035]   Complete CON (guide).
[INFO DRT-0035]   Complete Metal1 (guide).
[INFO DRT-0035]   Complete Via1 (guide).
[INFO DRT-0035]   Complete Metal2 (guide).
[INFO DRT-0035]   Complete Via2 (guide).
[INFO DRT-0035]   Complete Metal3 (guide).
[INFO DRT-0035]   Complete Via3 (guide).
[INFO DRT-0035]   Complete Metal4 (guide).
[INFO DRT-0035]   Complete Via4 (guide).
[INFO DRT-0035]   Complete Metal5 (guide).
[INFO DRT-0036] Poly2 guide region query size = 0.
[INFO DRT-0036] CON guide region query size = 0.
[INFO DRT-0036] Metal1 guide region query size = 18724.
[INFO DRT-0036] Via1 guide region query size = 0.
[INFO DRT-0036] Metal2 guide region query size = 17382.
[INFO DRT-0036] Via2 guide region query size = 0.
[INFO DRT-0036] Metal3 guide region query size = 8940.
[INFO DRT-0036] Via3 guide region query size = 0.
[INFO DRT-0036] Metal4 guide region query size = 299.
[INFO DRT-0036] Via4 guide region query size = 0.
[INFO DRT-0036] Metal5 guide region query size = 93.
[INFO DRT-0179] Init gr pin query.
[INFO DRT-0267] cpu time = 00:00:00, elapsed time = 00:00:00, memory = 262.11 (MB), peak = 262.11 (MB)
[INFO DRT-0245] skipped writing guide updates to database.
[INFO DRT-0185] Post process initialize RPin region query.
[INFO DRT-0181] Start track assignment.
[INFO DRT-0184] Done with 17681 vertical wires in 7 frboxes and 27757 horizontal wires in 7 frboxes.
[INFO DRT-0186] Done with 4549 vertical wires in 7 frboxes and 3865 horizontal wires in 7 frboxes.
[INFO DRT-0182] Complete track assignment.
[INFO DRT-0267] cpu time = 00:00:05, elapsed time = 00:00:01, memory = 554.51 (MB), peak = 644.31 (MB)
[INFO DRT-0187] Start routing data preparation.
[INFO DRT-0267] cpu time = 00:00:00, elapsed time = 00:00:00, memory = 554.63 (MB), peak = 644.31 (MB)
[INFO DRT-0194] Start detail routing.
[INFO DRT-0195] Start 0th optimization iteration.
    Completing 10% with 0 violations.
    elapsed time = 00:00:00, memory = 585.01 (MB).
    Completing 20% with 0 violations.
    elapsed time = 00:00:00, memory = 676.26 (MB).
    Completing 30% with 333 violations.
    elapsed time = 00:00:01, memory = 619.93 (MB).
    Completing 40% with 333 violations.
    elapsed time = 00:00:01, memory = 632.43 (MB).
    Completing 50% with 333 violations.
    elapsed time = 00:00:02, memory = 645.68 (MB).
    Completing 60% with 674 violations.
    elapsed time = 00:00:02, memory = 645.68 (MB).
    Completing 70% with 674 violations.
    elapsed time = 00:00:02, memory = 665.43 (MB).
    Completing 80% with 992 violations.
    elapsed time = 00:00:03, memory = 673.80 (MB).
    Completing 90% with 992 violations.
    elapsed time = 00:00:03, memory = 687.05 (MB).
    Completing 100% with 1262 violations.
    elapsed time = 00:00:04, memory = 693.55 (MB).
[INFO DRT-0199]   Number of violations = 1629.
Viol/Layer      Metal1 Metal2 Metal3 Metal4
Metal Spacing        0    121      5      3
Recheck              5    271     87      4
Short                0    987    142      4
[INFO DRT-0267] cpu time = 00:00:54, elapsed time = 00:00:04, memory = 971.80 (MB), peak = 971.80 (MB)
Total wire length = 451094 um.
Total wire length on LAYER Metal1 = 0 um.
Total wire length on LAYER Metal2 = 217492 um.
Total wire length on LAYER Metal3 = 209543 um.
Total wire length on LAYER Metal4 = 12075 um.
Total wire length on LAYER Metal5 = 11982 um.
Total number of vias = 43863.
Up-via summary (total 43863):

----------------
  Poly2        0
 Metal1    21803
 Metal2    21209
 Metal3      675
 Metal4      176
----------------
       43863


[INFO DRT-0195] Start 1st optimization iteration.
    Completing 10% with 1629 violations.
    elapsed time = 00:00:00, memory = 971.80 (MB).
    Completing 20% with 1629 violations.
    elapsed time = 00:00:00, memory = 978.93 (MB).
    Completing 30% with 1306 violations.
    elapsed time = 00:00:01, memory = 980.18 (MB).
    Completing 40% with 1306 violations.
    elapsed time = 00:00:01, memory = 982.30 (MB).
    Completing 50% with 1306 violations.
    elapsed time = 00:00:01, memory = 983.18 (MB).
    Completing 60% with 1036 violations.
    elapsed time = 00:00:02, memory = 984.68 (MB).
    Completing 70% with 1036 violations.
    elapsed time = 00:00:02, memory = 988.55 (MB).
    Completing 80% with 799 violations.
    elapsed time = 00:00:03, memory = 988.55 (MB).
    Completing 90% with 799 violations.
    elapsed time = 00:00:03, memory = 988.55 (MB).
    Completing 100% with 532 violations.
    elapsed time = 00:00:04, memory = 997.68 (MB).
[INFO DRT-0199]   Number of violations = 532.
Viol/Layer      Metal2 Metal3
Metal Spacing       61      1
Short              458     12
[INFO DRT-0267] cpu time = 00:00:52, elapsed time = 00:00:04, memory = 1000.68 (MB), peak = 1000.68 (MB)
Total wire length = 449426 um.
Total wire length on LAYER Metal1 = 0 um.
Total wire length on LAYER Metal2 = 216621 um.
Total wire length on LAYER Metal3 = 208559 um.
Total wire length on LAYER Metal4 = 12255 um.
Total wire length on LAYER Metal5 = 11989 um.
Total number of vias = 43736.
Up-via summary (total 43736):

----------------
  Poly2        0
 Metal1    21827
 Metal2    21027
 Metal3      711
 Metal4      171
----------------
       43736


[INFO DRT-0195] Start 2nd optimization iteration.
    Completing 10% with 532 violations.
    elapsed time = 00:00:00, memory = 1000.68 (MB).
    Completing 20% with 532 violations.
    elapsed time = 00:00:00, memory = 1001.18 (MB).
    Completing 30% with 531 violations.
    elapsed time = 00:00:00, memory = 1005.18 (MB).
    Completing 40% with 531 violations.
    elapsed time = 00:00:00, memory = 1005.18 (MB).
    Completing 50% with 531 violations.
    elapsed time = 00:00:01, memory = 1005.68 (MB).
    Completing 60% with 504 violations.
    elapsed time = 00:00:01, memory = 1009.80 (MB).
    Completing 70% with 504 violations.
    elapsed time = 00:00:02, memory = 1010.30 (MB).
    Completing 80% with 474 violations.
    elapsed time = 00:00:02, memory = 1010.30 (MB).
    Completing 90% with 474 violations.
    elapsed time = 00:00:02, memory = 1010.30 (MB).
    Completing 100% with 454 violations.
    elapsed time = 00:00:03, memory = 1010.30 (MB).
[INFO DRT-0199]   Number of violations = 454.
Viol/Layer      Metal2 Metal3
Metal Spacing       54      3
Short              380     17
[INFO DRT-0267] cpu time = 00:00:38, elapsed time = 00:00:03, memory = 1013.30 (MB), peak = 1013.30 (MB)
Total wire length = 448916 um.
Total wire length on LAYER Metal1 = 0 um.
Total wire length on LAYER Metal2 = 216119 um.
Total wire length on LAYER Metal3 = 208371 um.
Total wire length on LAYER Metal4 = 12469 um.
Total wire length on LAYER Metal5 = 11956 um.
Total number of vias = 43587.
Up-via summary (total 43587):

----------------
  Poly2        0
 Metal1    21842
 Metal2    20868
 Metal3      708
 Metal4      169
----------------
       43587


[INFO DRT-0195] Start 3rd optimization iteration.
    Completing 10% with 454 violations.
    elapsed time = 00:00:00, memory = 1013.30 (MB).
    Completing 20% with 454 violations.
    elapsed time = 00:00:00, memory = 1013.30 (MB).
    Completing 30% with 348 violations.
    elapsed time = 00:00:00, memory = 1013.30 (MB).
    Completing 40% with 348 violations.
    elapsed time = 00:00:00, memory = 1013.30 (MB).
    Completing 50% with 348 violations.
    elapsed time = 00:00:01, memory = 1014.80 (MB).
    Completing 60% with 219 violations.
    elapsed time = 00:00:01, memory = 1014.80 (MB).
    Completing 70% with 219 violations.
    elapsed time = 00:00:01, memory = 1014.80 (MB).
    Completing 80% with 125 violations.
    elapsed time = 00:00:01, memory = 1014.80 (MB).
    Completing 90% with 125 violations.
    elapsed time = 00:00:01, memory = 1014.80 (MB).
    Completing 100% with 14 violations.
    elapsed time = 00:00:02, memory = 1014.80 (MB).
[INFO DRT-0199]   Number of violations = 14.
Viol/Layer      Metal2 Metal3
Metal Spacing        2      0
Short               11      1
[INFO DRT-0267] cpu time = 00:00:22, elapsed time = 00:00:02, memory = 1014.80 (MB), peak = 1014.80 (MB)
Total wire length = 449124 um.
Total wire length on LAYER Metal1 = 0 um.
Total wire length on LAYER Metal2 = 210911 um.
Total wire length on LAYER Metal3 = 209180 um.
Total wire length on LAYER Metal4 = 17009 um.
Total wire length on LAYER Metal5 = 12022 um.
Total number of vias = 44607.
Up-via summary (total 44607):

----------------
  Poly2        0
 Metal1    21831
 Metal2    21345
 Metal3     1259
 Metal4      172
----------------
       44607


[INFO DRT-0195] Start 4th guides tiles iteration.
    Completing 10% with 14 violations.
    elapsed time = 00:00:00, memory = 1014.80 (MB).
    Completing 20% with 14 violations.
    elapsed time = 00:00:00, memory = 1014.80 (MB).
    Completing 30% with 14 violations.
    elapsed time = 00:00:00, memory = 1014.80 (MB).
    Completing 40% with 14 violations.
    elapsed time = 00:00:00, memory = 1014.80 (MB).
    Completing 50% with 14 violations.
    elapsed time = 00:00:00, memory = 1014.80 (MB).
    Completing 60% with 4 violations.
    elapsed time = 00:00:00, memory = 1014.80 (MB).
    Completing 70% with 4 violations.
    elapsed time = 00:00:00, memory = 1014.80 (MB).
    Completing 80% with 4 violations.
    elapsed time = 00:00:00, memory = 1014.80 (MB).
    Completing 90% with 4 violations.
    elapsed time = 00:00:00, memory = 1014.80 (MB).
    Completing 100% with 1 violations.
    elapsed time = 00:00:00, memory = 1014.80 (MB).
[INFO DRT-0199]   Number of violations = 1.
Viol/Layer      Metal2
Short                1
[INFO DRT-0267] cpu time = 00:00:00, elapsed time = 00:00:00, memory = 1014.80 (MB), peak = 1014.80 (MB)
Total wire length = 449157 um.
Total wire length on LAYER Metal1 = 0 um.
Total wire length on LAYER Metal2 = 210831 um.
Total wire length on LAYER Metal3 = 209192 um.
Total wire length on LAYER Metal4 = 17086 um.
Total wire length on LAYER Metal5 = 12046 um.
Total number of vias = 44626.
Up-via summary (total 44626):

----------------
  Poly2        0
 Metal1    21831
 Metal2    21361
 Metal3     1260
 Metal4      174
----------------
       44626


[INFO DRT-0195] Start 5th guides tiles iteration.
    Completing 100% with 1 violations.
    elapsed time = 00:00:00, memory = 1014.80 (MB).
[INFO DRT-0199]   Number of violations = 1.
Viol/Layer      Metal2
Short                1
[INFO DRT-0267] cpu time = 00:00:00, elapsed time = 00:00:00, memory = 1014.80 (MB), peak = 1014.80 (MB)
Total wire length = 449157 um.
Total wire length on LAYER Metal1 = 0 um.
Total wire length on LAYER Metal2 = 210831 um.
Total wire length on LAYER Metal3 = 209192 um.
Total wire length on LAYER Metal4 = 17086 um.
Total wire length on LAYER Metal5 = 12046 um.
Total number of vias = 44626.
Up-via summary (total 44626):

----------------
  Poly2        0
 Metal1    21831
 Metal2    21361
 Metal3     1260
 Metal4      174
----------------
       44626


[INFO DRT-0195] Start 6th stubborn tiles iteration.
    Completing 10% with 1 violations.
    elapsed time = 00:00:00, memory = 1014.80 (MB).
    Completing 20% with 1 violations.
    elapsed time = 00:00:00, memory = 1014.80 (MB).
    Completing 30% with 1 violations.
    elapsed time = 00:00:00, memory = 1016.68 (MB).
    Completing 40% with 1 violations.
    elapsed time = 00:00:00, memory = 1016.93 (MB).
    Completing 50% with 1 violations.
    elapsed time = 00:00:00, memory = 1016.93 (MB).
    Completing 60% with 1 violations.
    elapsed time = 00:00:00, memory = 1017.30 (MB).
    Completing 70% with 1 violations.
    elapsed time = 00:00:00, memory = 1017.68 (MB).
    Completing 80% with 1 violations.
    elapsed time = 00:00:00, memory = 1017.68 (MB).
    Completing 90% with 1 violations.
    elapsed time = 00:00:00, memory = 1017.68 (MB).
    Completing 100% with 0 violations.
    elapsed time = 00:00:00, memory = 1017.68 (MB).
[INFO DRT-0199]   Number of violations = 0.
[INFO DRT-0267] cpu time = 00:00:08, elapsed time = 00:00:00, memory = 1017.68 (MB), peak = 1017.68 (MB)
Total wire length = 449163 um.
Total wire length on LAYER Metal1 = 0 um.
Total wire length on LAYER Metal2 = 210826 um.
Total wire length on LAYER Metal3 = 209203 um.
Total wire length on LAYER Metal4 = 17086 um.
Total wire length on LAYER Metal5 = 12046 um.
Total number of vias = 44632.
Up-via summary (total 44632):

----------------
  Poly2        0
 Metal1    21831
 Metal2    21367
 Metal3     1260
 Metal4      174
----------------
       44632


[INFO DRT-0198] Complete detail routing.
Total wire length = 449163 um.
Total wire length on LAYER Metal1 = 0 um.
Total wire length on LAYER Metal2 = 210826 um.
Total wire length on LAYER Metal3 = 209203 um.
Total wire length on LAYER Metal4 = 17086 um.
Total wire length on LAYER Metal5 = 12046 um.
Total number of vias = 44632.
Up-via summary (total 44632):

----------------
  Poly2        0
 Metal1    21831
 Metal2    21367
 Metal3     1260
 Metal4      174
----------------
       44632


[INFO DRT-0267] cpu time = 00:02:56, elapsed time = 00:00:16, memory = 1017.68 (MB), peak = 1017.68 (MB)

[INFO DRT-0180] Post processing.
+ check_antennas 
[INFO ANT-0002] Found 2 net violations.
[INFO ANT-0001] Found 2 pin violations.
[INFO] Running antenna repair iteration 1…
+ repair_antennas gf180mcu_fd_sc_mcu7t5v0__antenna -ratio_margin 10 -allow_congestion
[INFO GRT-0012] Found 2 antenna violations.
[INFO GRT-0015] Inserted 2 diodes.
+ detailed_route -droute_end_iter 64 -or_seed 42 -verbose 1 -output_drc /workspace/librelane/runs/RUN_2026-08-03_00-34-52/43-openroad-detailedrouting/drt-run-1/chip_top.drc
[INFO DRT-0024]   Complete Poly2.
[INFO DRT-0024]   Complete CON.
[INFO DRT-0024]   Complete Metal1.
[INFO DRT-0024]   Complete Via1.
[INFO DRT-0024]   Complete Metal2.
[INFO DRT-0024]   Complete Via2.
[INFO DRT-0024]   Complete Metal3.
[INFO DRT-0024]   Complete Via3.
[INFO DRT-0024]   Complete Metal4.
[INFO DRT-0024]   Complete Via4.
[INFO DRT-0024]   Complete Metal5.
[INFO DRT-0165] Start pin access.
[INFO DRT-0076]   Complete 1000 pins.
[INFO DRT-0076]   Complete 2000 pins.
[INFO DRT-0078]   Complete 2190 pins.
[INFO DRT-0079]   Complete 100 unique inst patterns.
[INFO DRT-0079]   Complete 200 unique inst patterns.
[INFO DRT-0081]   Complete 219 unique inst patterns.
[INFO DRT-0084]   Complete 4788 groups.
#scanned instances     = 35225
#unique  instances     = 312
#stdCellGenAp          = 4036
#stdCellValidPlanarAp  = 0
#stdCellValidViaAp     = 3517
#stdCellPinNoAp        = 0
#stdCellPinCnt         = 21259
#instTermValidViaApCnt = 0
#macroGenAp            = 26507
#macroValidPlanarAp    = 699
#macroValidViaAp       = 676
#macroNoAp             = 0
[INFO DRT-0166] Complete pin access.
[INFO DRT-0267] cpu time = 00:01:06, elapsed time = 00:00:05, memory = 1019.93 (MB), peak = 1019.93 (MB)

[INFO DRT-0157] Number of guides:     55162

[INFO DRT-0169] Post process guides.
[INFO DRT-0176] GCELLGRID X 0 DO 349 STEP 16800 ;
[INFO DRT-0177] GCELLGRID Y 0 DO 349 STEP 16800 ;
[INFO DRT-0028]   Complete Poly2.
[INFO DRT-0028]   Complete CON.
[INFO DRT-0028]   Complete Metal1.
[INFO DRT-0028]   Complete Via1.
[INFO DRT-0028]   Complete Metal2.
[INFO DRT-0028]   Complete Via2.
[INFO DRT-0028]   Complete Metal3.
[INFO DRT-0028]   Complete Via3.
[INFO DRT-0028]   Complete Metal4.
[INFO DRT-0028]   Complete Via4.
[INFO DRT-0028]   Complete Metal5.
[INFO DRT-0178] Init guide query.
[INFO DRT-0035]   Complete Poly2 (guide).
[INFO DRT-0035]   Complete CON (guide).
[INFO DRT-0035]   Complete Metal1 (guide).
[INFO DRT-0035]   Complete Via1 (guide).
[INFO DRT-0035]   Complete Metal2 (guide).
[INFO DRT-0035]   Complete Via2 (guide).
[INFO DRT-0035]   Complete Metal3 (guide).
[INFO DRT-0035]   Complete Via3 (guide).
[INFO DRT-0035]   Complete Metal4 (guide).
[INFO DRT-0035]   Complete Via4 (guide).
[INFO DRT-0035]   Complete Metal5 (guide).
[INFO DRT-0036] Poly2 guide region query size = 0.
[INFO DRT-0036] CON guide region query size = 0.
[INFO DRT-0036] Metal1 guide region query size = 18725.
[INFO DRT-0036] Via1 guide region query size = 0.
[INFO DRT-0036] Metal2 guide region query size = 17381.
[INFO DRT-0036] Via2 guide region query size = 0.
[INFO DRT-0036] Metal3 guide region query size = 8940.
[INFO DRT-0036] Via3 guide region query size = 0.
[INFO DRT-0036] Metal4 guide region query size = 300.
[INFO DRT-0036] Via4 guide region query size = 0.
[INFO DRT-0036] Metal5 guide region query size = 93.
[INFO DRT-0179] Init gr pin query.
[INFO DRT-0267] cpu time = 00:00:00, elapsed time = 00:00:00, memory = 1019.93 (MB), peak = 1019.93 (MB)
[INFO DRT-0245] skipped writing guide updates to database.
[INFO DRT-0185] Post process initialize RPin region query.
[INFO DRT-0181] Start track assignment.
[INFO DRT-0184] Done with 17681 vertical wires in 7 frboxes and 27758 horizontal wires in 7 frboxes.
[INFO DRT-0186] Done with 4560 vertical wires in 7 frboxes and 3875 horizontal wires in 7 frboxes.
[INFO DRT-0182] Complete track assignment.
[INFO DRT-0267] cpu time = 00:00:05, elapsed time = 00:00:01, memory = 1128.15 (MB), peak = 1158.02 (MB)
[INFO DRT-0187] Start routing data preparation.
[INFO DRT-0267] cpu time = 00:00:00, elapsed time = 00:00:00, memory = 1128.15 (MB), peak = 1158.02 (MB)
[INFO DRT-0194] Start detail routing.
[INFO DRT-0195] Start 0th optimization iteration.
    Completing 10% with 0 violations.
    elapsed time = 00:00:00, memory = 1128.15 (MB).
    Completing 20% with 0 violations.
    elapsed time = 00:00:00, memory = 1128.15 (MB).
    Completing 30% with 2 violations.
    elapsed time = 00:00:00, memory = 1047.20 (MB).
    Completing 40% with 2 violations.
    elapsed time = 00:00:00, memory = 1047.20 (MB).
    Completing 50% with 2 violations.
    elapsed time = 00:00:01, memory = 1004.33 (MB).
    Completing 60% with 7 violations.
    elapsed time = 00:00:01, memory = 1004.33 (MB).
    Completing 70% with 7 violations.
    elapsed time = 00:00:01, memory = 1006.83 (MB).
    Completing 80% with 9 violations.
    elapsed time = 00:00:01, memory = 1006.83 (MB).
    Completing 90% with 9 violations.
    elapsed time = 00:00:01, memory = 1007.70 (MB).
    Completing 100% with 9 violations.
    elapsed time = 00:00:02, memory = 1007.70 (MB).
[INFO DRT-0199]   Number of violations = 12.
Viol/Layer      Metal2 Metal3
Recheck              1      2
Short                4      5
[INFO DRT-0267] cpu time = 00:00:28, elapsed time = 00:00:02, memory = 1276.20 (MB), peak = 1276.20 (MB)
Total wire length = 449179 um.
Total wire length on LAYER Metal1 = 0 um.
Total wire length on LAYER Metal2 = 210509 um.
Total wire length on LAYER Metal3 = 209211 um.
Total wire length on LAYER Metal4 = 17412 um.
Total wire length on LAYER Metal5 = 12046 um.
Total number of vias = 44638.
Up-via summary (total 44638):

----------------
  Poly2        0
 Metal1    21834
 Metal2    21366
 Metal3     1264
 Metal4      174
----------------
       44638


[INFO DRT-0195] Start 1st optimization iteration.
    Completing 10% with 12 violations.
    elapsed time = 00:00:00, memory = 1276.20 (MB).
    Completing 20% with 12 violations.
    elapsed time = 00:00:00, memory = 1279.83 (MB).
    Completing 30% with 8 violations.
    elapsed time = 00:00:00, memory = 1279.83 (MB).
    Completing 40% with 8 violations.
    elapsed time = 00:00:00, memory = 1280.70 (MB).
    Completing 50% with 8 violations.
    elapsed time = 00:00:00, memory = 1280.70 (MB).
    Completing 60% with 7 violations.
    elapsed time = 00:00:01, memory = 1280.70 (MB).
    Completing 70% with 7 violations.
    elapsed time = 00:00:01, memory = 1280.70 (MB).
    Completing 80% with 0 violations.
    elapsed time = 00:00:01, memory = 1280.70 (MB).
    Completing 90% with 0 violations.
    elapsed time = 00:00:01, memory = 1280.70 (MB).
    Completing 100% with 0 violations.
    elapsed time = 00:00:02, memory = 1280.70 (MB).
[INFO DRT-0199]   Number of violations = 0.
[INFO DRT-0267] cpu time = 00:00:27, elapsed time = 00:00:02, memory = 1280.70 (MB), peak = 1280.70 (MB)
Total wire length = 449170 um.
Total wire length on LAYER Metal1 = 0 um.
Total wire length on LAYER Metal2 = 210505 um.
Total wire length on LAYER Metal3 = 209206 um.
Total wire length on LAYER Metal4 = 17411 um.
Total wire length on LAYER Metal5 = 12046 um.
Total number of vias = 44639.
Up-via summary (total 44639):

----------------
  Poly2        0
 Metal1    21833
 Metal2    21370
 Metal3     1262
 Metal4      174
----------------
       44639


[INFO DRT-0198] Complete detail routing.
Total wire length = 449170 um.
Total wire length on LAYER Metal1 = 0 um.
Total wire length on LAYER Metal2 = 210505 um.
Total wire length on LAYER Metal3 = 209206 um.
Total wire length on LAYER Metal4 = 17411 um.
Total wire length on LAYER Metal5 = 12046 um.
Total number of vias = 44639.
Up-via summary (total 44639):

----------------
  Poly2        0
 Metal1    21833
 Metal2    21370
 Metal3     1262
 Metal4      174
----------------
       44639


[INFO DRT-0267] cpu time = 00:00:55, elapsed time = 00:00:04, memory = 1280.70 (MB), peak = 1280.70 (MB)

[INFO DRT-0180] Post processing.
+ check_antennas 
[INFO ANT-0002] Found 0 net violations.
[INFO ANT-0001] Found 0 pin violations.
Setting global connections for newly added cells…
[INFO] Setting global connections...
[INFO ODB-0403] 8 connections made, 0 conflicts skipped.
Updating metrics…
Cell type report:                       Count       Area
  Macro                                     2   40912.40
  Input pad                                 3   78750.00
  Input/output pad                         80 2100000.00
  Power pad                                 8  210000.00
  Pad spacer                              329  653450.00
  Endcap cell                            1048  508683.58
  Tap cell                              27254  119655.96
  Antenna cell                              2       8.78
  Tie cell                                125    1097.60
  Clock buffer                             92    5027.01
  Timing Repair Buffer                    922   29573.73
  Inverter                                423    3714.28
  Clock inverter                           47     768.32
  Sequential cell                         569   42266.38
  Multi-Input combinational cell         4321   82181.70
  Total                                 35225 3876089.75
Writing OpenROAD database to '/workspace/librelane/runs/RUN_2026-08-03_00-34-52/43-openroad-detailedrouting/chip_top.odb'…
Writing netlist to '/workspace/librelane/runs/RUN_2026-08-03_00-34-52/43-openroad-detailedrouting/chip_top.nl.v'…
Writing powered netlist to '/workspace/librelane/runs/RUN_2026-08-03_00-34-52/43-openroad-detailedrouting/chip_top.pnl.v'…
Writing layout to '/workspace/librelane/runs/RUN_2026-08-03_00-34-52/43-openroad-detailedrouting/chip_top.def'…
Writing timing constraints to '/workspace/librelane/runs/RUN_2026-08-03_00-34-52/43-openroad-detailedrouting/chip_top.sdc'…
