Reading timing models for corner max_ss_125C_3v00…
Reading timing library for the 'max_ss_125C_3v00' corner at '/foss/pdks/gf180mcuD/libs.ref/gf180mcu_fd_sc_mcu7t5v0/lib/gf180mcu_fd_sc_mcu7t5v0__ss_125C_3v00.lib'…
Reading timing models for corner min_ff_n40C_3v60…
Reading timing library for the 'min_ff_n40C_3v60' corner at '/foss/pdks/gf180mcuD/libs.ref/gf180mcu_fd_sc_mcu7t5v0/lib/gf180mcu_fd_sc_mcu7t5v0__ff_n40C_3v60.lib'…
Reading timing models for corner nom_tt_025C_3v30…
Reading timing library for the 'nom_tt_025C_3v30' corner at '/foss/pdks/gf180mcuD/libs.ref/gf180mcu_fd_sc_mcu7t5v0/lib/gf180mcu_fd_sc_mcu7t5v0__tt_025C_3v30.lib'…
Reading OpenROAD database at '/workspace/librelane/runs/RUN_2026-08-09_21-37-48/34-openroad-detailedplacement/chip_core.odb'…
Reading design constraints file at '/usr/local/lib/python3.12/dist-packages/librelane/scripts/base.sdc'…
[INFO] Using clock clk…
[INFO] Setting output delay to: 40
[INFO] Setting input delay to: 40
[INFO] Setting load to: 0.07291
[INFO] Setting clock uncertainty to: 0.25
[INFO] Setting clock transition to: 0.15
[INFO] Setting timing derate to: 5%
[INFO] Configuring cts characterization…
+ configure_cts_characterization 
[INFO] Performing clock tree synthesis…
[INFO] Looking for the following net(s): clk
[INFO] Running Clock Tree Synthesis…
+ clock_tree_synthesis -buf_list gf180mcu_fd_sc_mcu7t5v0__clkbuf_2 gf180mcu_fd_sc_mcu7t5v0__clkbuf_4 gf180mcu_fd_sc_mcu7t5v0__clkbuf_8 -root_buf gf180mcu_fd_sc_mcu7t5v0__clkbuf_16 -sink_clustering_enable -apply_ndr half
[INFO CTS-0050] Root buffer is gf180mcu_fd_sc_mcu7t5v0__clkbuf_16.
[INFO CTS-0051] Sink buffer is gf180mcu_fd_sc_mcu7t5v0__clkbuf_8.
[INFO CTS-0052] The following clock buffers will be used for CTS:
                    gf180mcu_fd_sc_mcu7t5v0__clkbuf_2
                    gf180mcu_fd_sc_mcu7t5v0__clkbuf_4
                    gf180mcu_fd_sc_mcu7t5v0__clkbuf_8
[INFO CTS-0049] Characterization buffer is gf180mcu_fd_sc_mcu7t5v0__clkbuf_8.
[INFO CTS-0007] Net "clk" found for clock "clk".
[INFO CTS-0011]  Clock net "clk" for macros has 1 sinks.
[INFO CTS-0011]  Clock net "clk_regs" for registers has 559 sinks.
[INFO CTS-0008] TritonCTS found 2 clock nets.
[INFO CTS-0097] Characterization used 3 buffer(s) types.
[INFO CTS-0201] 1 blockages from hard placement blockages and placed macros will be used.
[INFO CTS-0027] Generating H-Tree topology for net clk.
[INFO CTS-0028]  Total number of sinks: 1.
[INFO CTS-0029]  Macro  sinks will be clustered in groups of up to 4 and with maximum cluster diameter of 960.0 um.
[INFO CTS-0030]  Number of static layers: 0.
[INFO CTS-0020]  Wire segment unit: 39200  dbu (19 um).
[INFO CTS-0023]  Original sink region: [(632280, 497000), (632280, 497000)].
[INFO CTS-0024]  Normalized sink region: [(16.1296, 12.6786), (16.1296, 12.6786)].
[INFO CTS-0025]     Width:  0.0000.
[INFO CTS-0026]     Height: 0.0000.
 Level 1
    Direction: Vertical
    Sinks per sub-region: 1
    Sub-region size: 0.0000 X 0.0000
[INFO CTS-0034]     Segment length (rounded): 1.
[INFO CTS-0032]  Stop criterion found. Max number of sinks is 10.
[INFO CTS-0035]  Number of sinks covered: 1.
[INFO CTS-0201] 1 blockages from hard placement blockages and placed macros will be used.
[INFO CTS-0027] Generating H-Tree topology for net clk_regs.
[INFO CTS-0028]  Total number of sinks: 559.
[INFO CTS-0090]  Sinks will be clustered based on buffer max cap.
[INFO CTS-0030]  Number of static layers: 0.
[INFO CTS-0020]  Wire segment unit: 39200  dbu (19 um).
[INFO CTS-0206] Best clustering solution was found from clustering size of 10 and clustering diameter of 50.
[INFO CTS-0019]  Total number of sinks after clustering: 62.
[INFO CTS-0024]  Normalized sink region: [(10.3837, 18), (37.8202, 45.7222)].
[INFO CTS-0025]     Width:  27.4365.
[INFO CTS-0026]     Height: 27.7222.
 Level 1
    Direction: Vertical
    Sinks per sub-region: 31
    Sub-region size: 27.4365 X 13.8611
[INFO CTS-0034]     Segment length (rounded): 6.
 Level 2
    Direction: Horizontal
    Sinks per sub-region: 16
    Sub-region size: 13.7183 X 13.8611
[INFO CTS-0034]     Segment length (rounded): 6.
 Level 3
    Direction: Vertical
    Sinks per sub-region: 8
    Sub-region size: 13.7183 X 6.9306
[INFO CTS-0034]     Segment length (rounded): 4.
[INFO CTS-0032]  Stop criterion found. Max number of sinks is 10.
[INFO CTS-0035]  Number of sinks covered: 62.
[INFO CTS-0018]     Created 2 clock buffers.
[INFO CTS-0012]     Minimum number of buffers in the clock path: 2.
[INFO CTS-0013]     Maximum number of buffers in the clock path: 2.
[INFO CTS-0015]     Created 2 clock nets.
[INFO CTS-0016]     Fanout distribution for the current clock = 1:1..
[INFO CTS-0017]     Max level of the clock tree: 1.
[INFO CTS-0018]     Created 71 clock buffers.
[INFO CTS-0012]     Minimum number of buffers in the clock path: 3.
[INFO CTS-0013]     Maximum number of buffers in the clock path: 3.
[INFO CTS-0015]     Created 71 clock nets.
[INFO CTS-0016]     Fanout distribution for the current clock = 5:1, 6:5, 7:6, 8:19, 9:14, 10:13, 11:8, 12:4..
[INFO CTS-0017]     Max level of the clock tree: 3.
[INFO CTS-0124] Clock net "clk"
[INFO CTS-0125]  Sinks 1
[INFO CTS-0098] Clock net "clk_regs"
[INFO CTS-0099]  Sinks 602
[INFO CTS-0100]  Leaf buffers 62
[INFO CTS-0101]  Average sink wire length 418.88 um
[INFO CTS-0102]  Path depth 2 - 3
[INFO CTS-0207]  Dummy loads inserted 43
[INFO CTS-0033] Balancing latency for clock clk
[INFO CTS-0036]  inserted 3 delay buffers
[INFO CTS-0037] Total number of delay buffers: 3
[INFO] Repairing long wires on clock nets…
[INFO RSZ-0058] Using max wire length 334316um.
Setting global connections for newly added cells…
[INFO] Setting global connections...
analog_block_inst matched with analog_block_inst
[INFO ODB-0403] 480 connections made, 0 conflicts skipped.
Updating metrics…
Cell type report:                       Count       Area
  Macro                                     1  115200.00
  Endcap cell                             586    2572.77
  Tap cell                               4529   19884.12
  Tie cell                                 61     535.63
  Buffer                                   16     228.30
  Clock buffer                             99    6085.09
  Timing Repair Buffer                   1561   31000.61
  Inverter                                416    3911.85
  Clock inverter                           21     364.40
  Sequential cell                         559   42927.14
  Multi-Input combinational cell         4185  101912.16
  Total                                 12034  324622.08
Writing OpenROAD database to '/workspace/librelane/runs/RUN_2026-08-09_21-37-48/35-openroad-cts/chip_core.odb'…
Writing netlist to '/workspace/librelane/runs/RUN_2026-08-09_21-37-48/35-openroad-cts/chip_core.nl.v'…
Writing powered netlist to '/workspace/librelane/runs/RUN_2026-08-09_21-37-48/35-openroad-cts/chip_core.pnl.v'…
Writing layout to '/workspace/librelane/runs/RUN_2026-08-09_21-37-48/35-openroad-cts/chip_core.def'…
Writing timing constraints to '/workspace/librelane/runs/RUN_2026-08-09_21-37-48/35-openroad-cts/chip_core.sdc'…
[INFO] Legalizing…
+ detailed_placement -max_displacement  500 100 
Placement Analysis
---------------------------------
total displacement       9327.6 u
average displacement        0.8 u
max displacement           37.0 u
original HPWL          353187.7 u
legalized HPWL         368889.8 u
delta HPWL                    4 %

[INFO DPL-0020] Mirrored 2962 instances
[INFO DPL-0021] HPWL before          368889.8 u
[INFO DPL-0022] HPWL after           361141.3 u
[INFO DPL-0023] HPWL delta               -2.1 %
Setting global connections for newly added cells…
[INFO] Setting global connections...
analog_block_inst matched with analog_block_inst
[INFO ODB-0403] 0 connections made, 0 conflicts skipped.
Updating metrics…
Cell type report:                       Count       Area
  Macro                                     1  115200.00
  Endcap cell                             586    2572.77
  Tap cell                               4529   19884.12
  Tie cell                                 61     535.63
  Buffer                                   16     228.30
  Clock buffer                             99    6085.09
  Timing Repair Buffer                   1561   31000.61
  Inverter                                416    3911.85
  Clock inverter                           21     364.40
  Sequential cell                         559   42927.14
  Multi-Input combinational cell         4185  101912.16
  Total                                 12034  324622.08
Writing OpenROAD database to '/workspace/librelane/runs/RUN_2026-08-09_21-37-48/35-openroad-cts/chip_core.odb'…
Writing netlist to '/workspace/librelane/runs/RUN_2026-08-09_21-37-48/35-openroad-cts/chip_core.nl.v'…
Writing powered netlist to '/workspace/librelane/runs/RUN_2026-08-09_21-37-48/35-openroad-cts/chip_core.pnl.v'…
Writing layout to '/workspace/librelane/runs/RUN_2026-08-09_21-37-48/35-openroad-cts/chip_core.def'…
Writing timing constraints to '/workspace/librelane/runs/RUN_2026-08-09_21-37-48/35-openroad-cts/chip_core.sdc'…
%OL_CREATE_REPORT cts.rpt
Total number of Clock Roots: 2.
Total number of Buffers Inserted: 73.
Total number of Clock Subnets: 73.
Total number of Sinks: 560.
Cells used:
  gf180mcu_fd_sc_mcu7t5v0__clkbuf_8: 62
  gf180mcu_fd_sc_mcu7t5v0__clkbuf_16: 15
Dummys used:
  gf180mcu_fd_sc_mcu7t5v0__clkbuf_2: 9
  gf180mcu_fd_sc_mcu7t5v0__clkbuf_8: 13
  gf180mcu_fd_sc_mcu7t5v0__clkinv_2: 6
  gf180mcu_fd_sc_mcu7t5v0__inv_2: 3
  gf180mcu_fd_sc_mcu7t5v0__inv_3: 4
  gf180mcu_fd_sc_mcu7t5v0__inv_4: 8
%OL_END_REPORT
