Clock: clk
Sources: clk 
Generated: no
Virtual: no
Propagated: no
Period: 200.000000

===========================================================================
report_clock_properties
============================================================================
Clock                   Period          Waveform
----------------------------------------------------
clk                 200.000000    0.000000100.000000

===========================================================================
report_clock_latency
============================================================================
Clock clk
rise -> rise
    min     max
0.000000 0.000000 source latency
3.052126         network latency _09375_/CLK
        3.052126 network latency _09375_/CLK
---------------
3.052126 3.052126 latency
        0.000000 skew

fall -> fall
    min     max
0.000000 0.000000 source latency
1.935014         network latency _09375_/CLK
        1.935014 network latency _09375_/CLK
---------------
1.935014 1.935014 latency
        0.000000 skew



===========================================================================
report_clock_min_period
============================================================================
clk period_min = 8.07 fmax = 123.96
