Clock: clk
Sources: clk 
Generated: no
Virtual: yes
Propagated: no
Period: 200.000000

===========================================================================
report_clock_properties
============================================================================
Clock                   Period          Waveform
----------------------------------------------------
clk                 200.000000    0.000000100.000000

===========================================================================
report_clock_latency
============================================================================
Clock clk
rise -> rise
    min     max
0.000000 0.000000 source latency
2.279489         network latency _11584_/CLK
        2.371212 network latency _11813_/CLK
---------------
2.279489 2.371212 latency
        0.091724 skew

fall -> fall
    min     max
0.000000 0.000000 source latency
2.146386         network latency _11584_/CLK
        2.242459 network latency _11813_/CLK
---------------
2.146386 2.242459 latency
        0.096072 skew



===========================================================================
report_clock_min_period
============================================================================
clk period_min = 27.99 fmax = 35.73
