Clock: clk
Sources: clk 
Generated: no
Virtual: yes
Propagated: no
Period: 200.000000

===========================================================================
report_clock_properties
============================================================================
Clock                   Period          Waveform
----------------------------------------------------
clk                 200.000000    0.000000100.000000

===========================================================================
report_clock_latency
============================================================================
Clock clk
rise -> rise
    min     max
0.000000 0.000000 source latency
1.405992         network latency _1488_/CLK
        1.457195 network latency _1663_/CLK
---------------
1.405992 1.457195 latency
        0.051203 skew

fall -> fall
    min     max
0.000000 0.000000 source latency
1.365066         network latency _1488_/CLK
        1.418087 network latency _1658_/CLK
---------------
1.365066 1.418087 latency
        0.053021 skew



===========================================================================
report_clock_min_period
============================================================================
clk period_min = 16.10 fmax = 62.12
