Clock: clk
Sources: clk 
Generated: no
Virtual: yes
Propagated: no
Period: 200.000000

===========================================================================
report_clock_properties
============================================================================
Clock                   Period          Waveform
----------------------------------------------------
clk                 200.000000    0.000000100.000000

===========================================================================
report_clock_latency
============================================================================
Clock clk
rise -> rise
    min     max
0.000000 0.000000 source latency
1.888945         network latency _11732_/CLK
        2.026495 network latency _12025_/CLK
---------------
1.888945 2.026495 latency
        0.137550 skew

fall -> fall
    min     max
0.000000 0.000000 source latency
1.786390         network latency _11732_/CLK
        1.928797 network latency _12025_/CLK
---------------
1.786390 1.928797 latency
        0.142407 skew



===========================================================================
report_clock_min_period
============================================================================
clk period_min = 34.70 fmax = 28.82
