Reading timing models for corner nom_tt_025C_3v30…
Reading timing library for the 'nom_tt_025C_3v30' corner at '/foss/pdks/gf180mcuD/libs.ref/gf180mcu_fd_sc_mcu7t5v0/lib/gf180mcu_fd_sc_mcu7t5v0__tt_025C_3v30.lib'…
Reading OpenROAD database at '/workspace/librelane/runs/RUN_2026-08-10_00-37-52/32-openroad-repairdesignpostgpl/spi_regs.odb'…
Reading design constraints file at '/usr/local/lib/python3.12/dist-packages/librelane/scripts/base.sdc'…
[INFO] Using clock clk…
[INFO] Setting output delay to: 40
[INFO] Setting input delay to: 40
[INFO] Setting load to: 0.07291
[INFO] Setting clock uncertainty to: 0.25
[INFO] Setting clock transition to: 0.15
[INFO] Setting timing derate to: 5%
+ detailed_placement -max_displacement  500 100 
Placement Analysis
---------------------------------
total displacement          0.0 u
average displacement        0.0 u
max displacement            0.0 u
original HPWL          154331.2 u
legalized HPWL         156998.1 u
delta HPWL                    2 %

[INFO DPL-0020] Mirrored 809 instances
[INFO DPL-0021] HPWL before          156998.1 u
[INFO DPL-0022] HPWL after           154331.2 u
[INFO DPL-0023] HPWL delta               -1.7 %
Setting global connections for newly added cells…
[INFO] Setting global connections...
[INFO ODB-0403] 0 connections made, 0 conflicts skipped.
Updating metrics…
Cell type report:                       Count       Area
  Endcap cell                             164     720.03
  Tap cell                                672    2950.35
  Timing Repair Buffer                    887   15164.44
  Inverter                                 22     219.52
  Sequential cell                         213   16226.92
  Multi-Input combinational cell          712   21971.76
  Total                                  2670   57253.01
Writing OpenROAD database to '/workspace/librelane/runs/RUN_2026-08-10_00-37-52/34-openroad-detailedplacement/spi_regs.odb'…
Writing netlist to '/workspace/librelane/runs/RUN_2026-08-10_00-37-52/34-openroad-detailedplacement/spi_regs.nl.v'…
Writing powered netlist to '/workspace/librelane/runs/RUN_2026-08-10_00-37-52/34-openroad-detailedplacement/spi_regs.pnl.v'…
Writing layout to '/workspace/librelane/runs/RUN_2026-08-10_00-37-52/34-openroad-detailedplacement/spi_regs.def'…
Writing timing constraints to '/workspace/librelane/runs/RUN_2026-08-10_00-37-52/34-openroad-detailedplacement/spi_regs.sdc'…
