Clock: clk
Sources: clk 
Generated: no
Virtual: yes
Propagated: no
Period: 200.000000

===========================================================================
report_clock_properties
============================================================================
Clock                   Period          Waveform
----------------------------------------------------
clk                 200.000000    0.000000100.000000

===========================================================================
report_clock_latency
============================================================================
Clock clk
rise -> rise
    min     max
0.000000 0.000000 source latency
1.346576         network latency wave_controller_y_inst/_3568_/CLK
        1.427016 network latency wave_controller_x_inst/_3585_/CLK
---------------
1.346576 1.427016 latency
        0.080440 skew

fall -> fall
    min     max
0.000000 0.000000 source latency
1.259771         network latency wave_controller_y_inst/_3568_/CLK
        1.344269 network latency wave_controller_x_inst/_3585_/CLK
---------------
1.259771 1.344269 latency
        0.084498 skew



===========================================================================
report_clock_min_period
============================================================================
clk period_min = 15.63 fmax = 63.98
