Netgen 1.5.323 compiled on Mon Jul 27 09:16:59 AM CEST 2026
Warning: netgen command 'format' use fully-qualified name '::netgen::format'
Warning: netgen command 'global' use fully-qualified name '::netgen::global'
Warning:  A case-insensitive file has been read and so the	verilog file must be treated case-insensitive to match.
Reading SPICE netlist file '/workspace/gf180mcu/gf180mcuD/libs.ref/gf180mcu_fd_sc_mcu7t5v0/spice/gf180mcu_fd_sc_mcu7t5v0.spice'...
Call to undefined subcircuit nfet_05v0
Creating placeholder cell definition.
Call to undefined subcircuit pfet_05v0
Creating placeholder cell definition.
Reading SPICE netlist file '/workspace/gf180mcu/gf180mcuD/libs.ref/gf180mcu_fd_io/spice/gf180mcu_ef_io.spice'...
Call to undefined subcircuit cap_nmos_06v0
Creating placeholder cell definition.
Call to undefined subcircuit nfet_06v0
Creating placeholder cell definition.
Call to undefined subcircuit pfet_06v0
Creating placeholder cell definition.
Call to undefined subcircuit pfet_06v0_dss
Creating placeholder cell definition.
Call to undefined subcircuit nfet_06v0_dss
Creating placeholder cell definition.
Call to undefined subcircuit ppolyf_u
Creating placeholder cell definition.
Reading SPICE netlist file '/workspace/gf180mcu/gf180mcuD/libs.ref/gf180mcu_fd_io/spice/gf180mcu_fd_io.spice'...
Reading SPICE netlist file '/workspace/gf180mcu/gf180mcuD/libs.ref/gf180mcu_fd_io/spice/gf180mcu_ws_io.spice'...
Reading Verilog netlist file '/workspace/librelane/runs/RUN_2026-08-10_01-25-13/52-openroad-fillinsertion/digital_domain.pnl.v'...
Warning:  A case-insensitive file has been read and so the	verilog file must be treated case-insensitive to match.
Note:  Implicit pin Z in instance clkload0 of gf180mcu_fd_sc_mcu7t5v0__clkbuf_8 in cell digital_domain
Note:  Implicit pin Z in instance clkload1 of gf180mcu_fd_sc_mcu7t5v0__clkbuf_8 in cell digital_domain
Note:  Implicit pin Z in instance clkload10 of gf180mcu_fd_sc_mcu7t5v0__clkbuf_2 in cell digital_domain
Note:  Implicit pin ZN in instance clkload11 of gf180mcu_fd_sc_mcu7t5v0__clkinv_2 in cell digital_domain
Note:  Implicit pin ZN in instance clkload12 of gf180mcu_fd_sc_mcu7t5v0__inv_3 in cell digital_domain
Note:  Implicit pin ZN in instance clkload13 of gf180mcu_fd_sc_mcu7t5v0__clkinv_2 in cell digital_domain
Note:  Implicit pin Z in instance clkload14 of gf180mcu_fd_sc_mcu7t5v0__clkbuf_8 in cell digital_domain
Note:  Implicit pin ZN in instance clkload15 of gf180mcu_fd_sc_mcu7t5v0__clkinv_2 in cell digital_domain
Note:  Implicit pin ZN in instance clkload16 of gf180mcu_fd_sc_mcu7t5v0__inv_4 in cell digital_domain
Note:  Implicit pin ZN in instance clkload17 of gf180mcu_fd_sc_mcu7t5v0__inv_3 in cell digital_domain
Note:  Implicit pin ZN in instance clkload18 of gf180mcu_fd_sc_mcu7t5v0__inv_3 in cell digital_domain
Note:  Implicit pin Z in instance clkload19 of gf180mcu_fd_sc_mcu7t5v0__clkbuf_8 in cell digital_domain
Note:  Implicit pin Z in instance clkload2 of gf180mcu_fd_sc_mcu7t5v0__clkbuf_8 in cell digital_domain
Note:  Implicit pin ZN in instance clkload20 of gf180mcu_fd_sc_mcu7t5v0__inv_3 in cell digital_domain
Note:  Implicit pin ZN in instance clkload21 of gf180mcu_fd_sc_mcu7t5v0__inv_3 in cell digital_domain
Note:  Implicit pin Z in instance clkload22 of gf180mcu_fd_sc_mcu7t5v0__clkbuf_8 in cell digital_domain
Note:  Implicit pin ZN in instance clkload23 of gf180mcu_fd_sc_mcu7t5v0__inv_3 in cell digital_domain
Note:  Implicit pin Z in instance clkload24 of gf180mcu_fd_sc_mcu7t5v0__clkbuf_2 in cell digital_domain
Note:  Implicit pin ZN in instance clkload25 of gf180mcu_fd_sc_mcu7t5v0__inv_2 in cell digital_domain
Note:  Implicit pin Z in instance clkload26 of gf180mcu_fd_sc_mcu7t5v0__clkbuf_2 in cell digital_domain
Note:  Implicit pin Z in instance clkload27 of gf180mcu_fd_sc_mcu7t5v0__clkbuf_2 in cell digital_domain
Note:  Implicit pin Z in instance clkload28 of gf180mcu_fd_sc_mcu7t5v0__clkbuf_2 in cell digital_domain
Note:  Implicit pin Z in instance clkload29 of gf180mcu_fd_sc_mcu7t5v0__clkbuf_2 in cell digital_domain
Note:  Implicit pin Z in instance clkload3 of gf180mcu_fd_sc_mcu7t5v0__clkbuf_8 in cell digital_domain
Note:  Implicit pin ZN in instance clkload30 of gf180mcu_fd_sc_mcu7t5v0__inv_4 in cell digital_domain
Note:  Implicit pin ZN in instance clkload31 of gf180mcu_fd_sc_mcu7t5v0__inv_4 in cell digital_domain
Note:  Implicit pin Z in instance clkload32 of gf180mcu_fd_sc_mcu7t5v0__clkbuf_8 in cell digital_domain
Note:  Implicit pin ZN in instance clkload33 of gf180mcu_fd_sc_mcu7t5v0__clkinv_2 in cell digital_domain
Note:  Implicit pin ZN in instance clkload34 of gf180mcu_fd_sc_mcu7t5v0__clkinv_2 in cell digital_domain
Note:  Implicit pin ZN in instance clkload35 of gf180mcu_fd_sc_mcu7t5v0__inv_3 in cell digital_domain
Note:  Implicit pin Z in instance clkload36 of gf180mcu_fd_sc_mcu7t5v0__clkbuf_8 in cell digital_domain
Note:  Implicit pin ZN in instance clkload37 of gf180mcu_fd_sc_mcu7t5v0__clkinv_2 in cell digital_domain
Note:  Implicit pin ZN in instance clkload38 of gf180mcu_fd_sc_mcu7t5v0__inv_4 in cell digital_domain
Note:  Implicit pin Z in instance clkload39 of gf180mcu_fd_sc_mcu7t5v0__clkbuf_2 in cell digital_domain
Note:  Implicit pin ZN in instance clkload4 of gf180mcu_fd_sc_mcu7t5v0__inv_3 in cell digital_domain
Note:  Implicit pin ZN in instance clkload40 of gf180mcu_fd_sc_mcu7t5v0__inv_3 in cell digital_domain
Note:  Implicit pin ZN in instance clkload41 of gf180mcu_fd_sc_mcu7t5v0__inv_4 in cell digital_domain
Note:  Implicit pin ZN in instance clkload42 of gf180mcu_fd_sc_mcu7t5v0__inv_3 in cell digital_domain
Note:  Implicit pin ZN in instance clkload43 of gf180mcu_fd_sc_mcu7t5v0__clkinv_2 in cell digital_domain
Note:  Implicit pin ZN in instance clkload44 of gf180mcu_fd_sc_mcu7t5v0__inv_3 in cell digital_domain
Note:  Implicit pin ZN in instance clkload45 of gf180mcu_fd_sc_mcu7t5v0__clkinv_2 in cell digital_domain
Note:  Implicit pin Z in instance clkload46 of gf180mcu_fd_sc_mcu7t5v0__clkbuf_2 in cell digital_domain
Note:  Implicit pin ZN in instance clkload47 of gf180mcu_fd_sc_mcu7t5v0__inv_3 in cell digital_domain
Note:  Implicit pin ZN in instance clkload48 of gf180mcu_fd_sc_mcu7t5v0__clkinv_2 in cell digital_domain
Note:  Implicit pin Z in instance clkload5 of gf180mcu_fd_sc_mcu7t5v0__clkbuf_8 in cell digital_domain
Note:  Implicit pin Z in instance clkload6 of gf180mcu_fd_sc_mcu7t5v0__clkbuf_8 in cell digital_domain
Note:  Implicit pin Z in instance clkload7 of gf180mcu_fd_sc_mcu7t5v0__clkbuf_8 in cell digital_domain
Note:  Implicit pin Z in instance clkload8 of gf180mcu_fd_sc_mcu7t5v0__clkbuf_2 in cell digital_domain
Note:  Implicit pin ZN in instance clkload9 of gf180mcu_fd_sc_mcu7t5v0__inv_3 in cell digital_domain
Treating empty subcircuits as black-box cells
Generating JSON file result

Reading setup file /usr/local/lib/python3.12/dist-packages/librelane/scripts/netgen/setup.tcl

Model ppolyf_u pin 1 == 2
No property par1 found for device ppolyf_u
No property pm found for device ppolyf_u
Model nfet_05v0 pin 1 == 3
No property par1 found for device nfet_05v0
No property NRD found for device nfet_05v0
No property NRS found for device nfet_05v0
No property par found for device nfet_05v0
No property sa found for device nfet_05v0
No property sb found for device nfet_05v0
No property sd found for device nfet_05v0
No property par found for device nfet_05v0
No property dtemp found for device nfet_05v0
No property nf found for device nfet_05v0
No property as found for device nfet_05v0
No property ad found for device nfet_05v0
No property ps found for device nfet_05v0
No property pd found for device nfet_05v0
Model nfet_06v0 pin 1 == 3
No property par1 found for device nfet_06v0
No property par found for device nfet_06v0
Model pfet_05v0 pin 1 == 3
No property par1 found for device pfet_05v0
No property NRD found for device pfet_05v0
No property NRS found for device pfet_05v0
No property par found for device pfet_05v0
No property sa found for device pfet_05v0
No property sb found for device pfet_05v0
No property sd found for device pfet_05v0
No property par found for device pfet_05v0
No property dtemp found for device pfet_05v0
No property nf found for device pfet_05v0
No property as found for device pfet_05v0
No property ad found for device pfet_05v0
No property ps found for device pfet_05v0
No property pd found for device pfet_05v0
Model pfet_06v0 pin 1 == 3
No property par1 found for device pfet_06v0
No property par found for device pfet_06v0
Model nfet_06v0_dss pin 1 == 3
No property par1 found for device nfet_06v0_dss
No property NRD found for device nfet_06v0_dss
No property NRS found for device nfet_06v0_dss
No property sa found for device nfet_06v0_dss
No property sb found for device nfet_06v0_dss
No property sd found for device nfet_06v0_dss
No property par found for device nfet_06v0_dss
No property as found for device nfet_06v0_dss
No property ad found for device nfet_06v0_dss
No property ps found for device nfet_06v0_dss
No property pd found for device nfet_06v0_dss
Model pfet_06v0_dss pin 1 == 3
No property par1 found for device pfet_06v0_dss
No property NRD found for device pfet_06v0_dss
No property NRS found for device pfet_06v0_dss
No property sa found for device pfet_06v0_dss
No property sb found for device pfet_06v0_dss
No property sd found for device pfet_06v0_dss
No property par found for device pfet_06v0_dss
No property as found for device pfet_06v0_dss
No property ad found for device pfet_06v0_dss
No property ps found for device pfet_06v0_dss
No property pd found for device pfet_06v0_dss
No property par1 found for device cap_nmos_06v0
No property NRD found for device cap_nmos_06v0
No property NRS found for device cap_nmos_06v0
No property as found for device cap_nmos_06v0
No property ad found for device cap_nmos_06v0
No property ps found for device cap_nmos_06v0
No property pd found for device cap_nmos_06v0
No property par1 found for device diode_nd2ps_06v0
No property par1 found for device diode_pd2nw_06v0
Comparison output logged to file /workspace/librelane/runs/RUN_2026-08-10_01-25-13/70-netgen-lvs/reports/lvs.netgen.rpt
Logging to file "/workspace/librelane/runs/RUN_2026-08-10_01-25-13/70-netgen-lvs/reports/lvs.netgen.rpt" enabled

Contents of circuit 1:  Circuit: 'gf180mcu_fd_sc_mcu7t5v0__dffrnq_2'
Circuit gf180mcu_fd_sc_mcu7t5v0__dffrnq_2 contains 0 device instances.
Circuit contains 0 nets, and 8 disconnected pins.
Contents of circuit 2:  Circuit: 'gf180mcu_fd_sc_mcu7t5v0__dffrnq_2'
Circuit gf180mcu_fd_sc_mcu7t5v0__dffrnq_2 contains 30 device instances.
  Class: pfet_05v0             instances:  15
  Class: nfet_05v0             instances:  15
Circuit contains 20 nets.

Circuit gf180mcu_fd_sc_mcu7t5v0__dffrnq_2 contains no devices.

Contents of circuit 1:  Circuit: 'gf180mcu_fd_sc_mcu7t5v0__fillcap_4'
Circuit gf180mcu_fd_sc_mcu7t5v0__fillcap_4 contains 0 device instances.
Circuit contains 0 nets, and 4 disconnected pins.
Contents of circuit 2:  Circuit: 'gf180mcu_fd_sc_mcu7t5v0__fillcap_4'
Circuit gf180mcu_fd_sc_mcu7t5v0__fillcap_4 contains 2 device instances.
  Class: pfet_05v0             instances:   1
  Class: nfet_05v0             instances:   1
Circuit contains 6 nets.

Circuit gf180mcu_fd_sc_mcu7t5v0__fillcap_4 contains no devices.

Contents of circuit 1:  Circuit: 'gf180mcu_fd_sc_mcu7t5v0__fillcap_8'
Circuit gf180mcu_fd_sc_mcu7t5v0__fillcap_8 contains 0 device instances.
Circuit contains 0 nets, and 4 disconnected pins.
Contents of circuit 2:  Circuit: 'gf180mcu_fd_sc_mcu7t5v0__fillcap_8'
Circuit gf180mcu_fd_sc_mcu7t5v0__fillcap_8 contains 4 device instances.
  Class: pfet_05v0             instances:   2
  Class: nfet_05v0             instances:   2
Circuit contains 8 nets.

Circuit gf180mcu_fd_sc_mcu7t5v0__fillcap_8 contains no devices.

Contents of circuit 1:  Circuit: 'gf180mcu_fd_sc_mcu7t5v0__dffrnq_1'
Circuit gf180mcu_fd_sc_mcu7t5v0__dffrnq_1 contains 0 device instances.
Circuit contains 0 nets, and 8 disconnected pins.
Contents of circuit 2:  Circuit: 'gf180mcu_fd_sc_mcu7t5v0__dffrnq_1'
Circuit gf180mcu_fd_sc_mcu7t5v0__dffrnq_1 contains 28 device instances.
  Class: pfet_05v0             instances:  14
  Class: nfet_05v0             instances:  14
Circuit contains 20 nets.

Circuit gf180mcu_fd_sc_mcu7t5v0__dffrnq_1 contains no devices.

Contents of circuit 1:  Circuit: 'gf180mcu_fd_sc_mcu7t5v0__nor2_1'
Circuit gf180mcu_fd_sc_mcu7t5v0__nor2_1 contains 0 device instances.
Circuit contains 0 nets, and 7 disconnected pins.
Contents of circuit 2:  Circuit: 'gf180mcu_fd_sc_mcu7t5v0__nor2_1'
Circuit gf180mcu_fd_sc_mcu7t5v0__nor2_1 contains 4 device instances.
  Class: pfet_05v0             instances:   2
  Class: nfet_05v0             instances:   2
Circuit contains 8 nets.

Circuit gf180mcu_fd_sc_mcu7t5v0__nor2_1 contains no devices.

Contents of circuit 1:  Circuit: 'gf180mcu_fd_sc_mcu7t5v0__nor2_2'
Circuit gf180mcu_fd_sc_mcu7t5v0__nor2_2 contains 0 device instances.
Circuit contains 0 nets, and 7 disconnected pins.
Contents of circuit 2:  Circuit: 'gf180mcu_fd_sc_mcu7t5v0__nor2_2'
Circuit gf180mcu_fd_sc_mcu7t5v0__nor2_2 contains 8 device instances.
  Class: pfet_05v0             instances:   4
  Class: nfet_05v0             instances:   4
Circuit contains 9 nets.

Circuit gf180mcu_fd_sc_mcu7t5v0__nor2_2 contains no devices.

Contents of circuit 1:  Circuit: 'gf180mcu_fd_sc_mcu7t5v0__buf_2'
Circuit gf180mcu_fd_sc_mcu7t5v0__buf_2 contains 0 device instances.
Circuit contains 0 nets, and 6 disconnected pins.
Contents of circuit 2:  Circuit: 'gf180mcu_fd_sc_mcu7t5v0__buf_2'
Circuit gf180mcu_fd_sc_mcu7t5v0__buf_2 contains 6 device instances.
  Class: pfet_05v0             instances:   3
  Class: nfet_05v0             instances:   3
Circuit contains 7 nets.

Circuit gf180mcu_fd_sc_mcu7t5v0__buf_2 contains no devices.

Contents of circuit 1:  Circuit: 'gf180mcu_fd_sc_mcu7t5v0__fillcap_64'
Circuit gf180mcu_fd_sc_mcu7t5v0__fillcap_64 contains 0 device instances.
Circuit contains 0 nets, and 4 disconnected pins.
Contents of circuit 2:  Circuit: 'gf180mcu_fd_sc_mcu7t5v0__fillcap_64'
Circuit gf180mcu_fd_sc_mcu7t5v0__fillcap_64 contains 32 device instances.
  Class: pfet_05v0             instances:  16
  Class: nfet_05v0             instances:  16
Circuit contains 36 nets.

Circuit gf180mcu_fd_sc_mcu7t5v0__fillcap_64 contains no devices.

Contents of circuit 1:  Circuit: 'gf180mcu_fd_sc_mcu7t5v0__fillcap_16'
Circuit gf180mcu_fd_sc_mcu7t5v0__fillcap_16 contains 0 device instances.
Circuit contains 0 nets, and 4 disconnected pins.
Contents of circuit 2:  Circuit: 'gf180mcu_fd_sc_mcu7t5v0__fillcap_16'
Circuit gf180mcu_fd_sc_mcu7t5v0__fillcap_16 contains 8 device instances.
  Class: pfet_05v0             instances:   4
  Class: nfet_05v0             instances:   4
Circuit contains 12 nets.

Circuit gf180mcu_fd_sc_mcu7t5v0__fillcap_16 contains no devices.

Contents of circuit 1:  Circuit: 'gf180mcu_fd_sc_mcu7t5v0__oai22_1'
Circuit gf180mcu_fd_sc_mcu7t5v0__oai22_1 contains 0 device instances.
Circuit contains 0 nets, and 9 disconnected pins.
Contents of circuit 2:  Circuit: 'gf180mcu_fd_sc_mcu7t5v0__oai22_1'
Circuit gf180mcu_fd_sc_mcu7t5v0__oai22_1 contains 8 device instances.
  Class: pfet_05v0             instances:   4
  Class: nfet_05v0             instances:   4
Circuit contains 12 nets.

Circuit gf180mcu_fd_sc_mcu7t5v0__oai22_1 contains no devices.

Contents of circuit 1:  Circuit: 'gf180mcu_fd_sc_mcu7t5v0__oai21_1'
Circuit gf180mcu_fd_sc_mcu7t5v0__oai21_1 contains 0 device instances.
Circuit contains 0 nets, and 8 disconnected pins.
Contents of circuit 2:  Circuit: 'gf180mcu_fd_sc_mcu7t5v0__oai21_1'
Circuit gf180mcu_fd_sc_mcu7t5v0__oai21_1 contains 6 device instances.
  Class: pfet_05v0             instances:   3
  Class: nfet_05v0             instances:   3
Circuit contains 10 nets.

Circuit gf180mcu_fd_sc_mcu7t5v0__oai21_1 contains no devices.

Contents of circuit 1:  Circuit: 'gf180mcu_fd_sc_mcu7t5v0__aoi211_4'
Circuit gf180mcu_fd_sc_mcu7t5v0__aoi211_4 contains 0 device instances.
Circuit contains 0 nets, and 9 disconnected pins.
Contents of circuit 2:  Circuit: 'gf180mcu_fd_sc_mcu7t5v0__aoi211_4'
Circuit gf180mcu_fd_sc_mcu7t5v0__aoi211_4 contains 32 device instances.
  Class: pfet_05v0             instances:  16
  Class: nfet_05v0             instances:  16
Circuit contains 18 nets.

Circuit gf180mcu_fd_sc_mcu7t5v0__aoi211_4 contains no devices.

Contents of circuit 1:  Circuit: 'gf180mcu_fd_sc_mcu7t5v0__clkbuf_2'
Circuit gf180mcu_fd_sc_mcu7t5v0__clkbuf_2 contains 0 device instances.
Circuit contains 0 nets, and 6 disconnected pins.
Contents of circuit 2:  Circuit: 'gf180mcu_fd_sc_mcu7t5v0__clkbuf_2'
Circuit gf180mcu_fd_sc_mcu7t5v0__clkbuf_2 contains 6 device instances.
  Class: pfet_05v0             instances:   3
  Class: nfet_05v0             instances:   3
Circuit contains 7 nets.

Circuit gf180mcu_fd_sc_mcu7t5v0__clkbuf_2 contains no devices.

Contents of circuit 1:  Circuit: 'gf180mcu_fd_sc_mcu7t5v0__or3_1'
Circuit gf180mcu_fd_sc_mcu7t5v0__or3_1 contains 0 device instances.
Circuit contains 0 nets, and 8 disconnected pins.
Contents of circuit 2:  Circuit: 'gf180mcu_fd_sc_mcu7t5v0__or3_1'
Circuit gf180mcu_fd_sc_mcu7t5v0__or3_1 contains 8 device instances.
  Class: pfet_05v0             instances:   4
  Class: nfet_05v0             instances:   4
Circuit contains 11 nets.

Circuit gf180mcu_fd_sc_mcu7t5v0__or3_1 contains no devices.

Contents of circuit 1:  Circuit: 'gf180mcu_fd_sc_mcu7t5v0__aoi22_1'
Circuit gf180mcu_fd_sc_mcu7t5v0__aoi22_1 contains 0 device instances.
Circuit contains 0 nets, and 9 disconnected pins.
Contents of circuit 2:  Circuit: 'gf180mcu_fd_sc_mcu7t5v0__aoi22_1'
Circuit gf180mcu_fd_sc_mcu7t5v0__aoi22_1 contains 8 device instances.
  Class: pfet_05v0             instances:   4
  Class: nfet_05v0             instances:   4
Circuit contains 12 nets.

Circuit gf180mcu_fd_sc_mcu7t5v0__aoi22_1 contains no devices.

Contents of circuit 1:  Circuit: 'gf180mcu_fd_sc_mcu7t5v0__xor2_1'
Circuit gf180mcu_fd_sc_mcu7t5v0__xor2_1 contains 0 device instances.
Circuit contains 0 nets, and 7 disconnected pins.
Contents of circuit 2:  Circuit: 'gf180mcu_fd_sc_mcu7t5v0__xor2_1'
Circuit gf180mcu_fd_sc_mcu7t5v0__xor2_1 contains 10 device instances.
  Class: pfet_05v0             instances:   5
  Class: nfet_05v0             instances:   5
Circuit contains 11 nets.

Circuit gf180mcu_fd_sc_mcu7t5v0__xor2_1 contains no devices.

Contents of circuit 1:  Circuit: 'gf180mcu_fd_sc_mcu7t5v0__fillcap_32'
Circuit gf180mcu_fd_sc_mcu7t5v0__fillcap_32 contains 0 device instances.
Circuit contains 0 nets, and 4 disconnected pins.
Contents of circuit 2:  Circuit: 'gf180mcu_fd_sc_mcu7t5v0__fillcap_32'
Circuit gf180mcu_fd_sc_mcu7t5v0__fillcap_32 contains 16 device instances.
  Class: pfet_05v0             instances:   8
  Class: nfet_05v0             instances:   8
Circuit contains 20 nets.

Circuit gf180mcu_fd_sc_mcu7t5v0__fillcap_32 contains no devices.

Contents of circuit 1:  Circuit: 'gf180mcu_fd_sc_mcu7t5v0__dffsnq_2'
Circuit gf180mcu_fd_sc_mcu7t5v0__dffsnq_2 contains 0 device instances.
Circuit contains 0 nets, and 8 disconnected pins.
Contents of circuit 2:  Circuit: 'gf180mcu_fd_sc_mcu7t5v0__dffsnq_2'
Circuit gf180mcu_fd_sc_mcu7t5v0__dffsnq_2 contains 30 device instances.
  Class: pfet_05v0             instances:  15
  Class: nfet_05v0             instances:  15
Circuit contains 20 nets.

Circuit gf180mcu_fd_sc_mcu7t5v0__dffsnq_2 contains no devices.

Contents of circuit 1:  Circuit: 'gf180mcu_fd_sc_mcu7t5v0__mux2_2'
Circuit gf180mcu_fd_sc_mcu7t5v0__mux2_2 contains 0 device instances.
Circuit contains 0 nets, and 8 disconnected pins.
Contents of circuit 2:  Circuit: 'gf180mcu_fd_sc_mcu7t5v0__mux2_2'
Circuit gf180mcu_fd_sc_mcu7t5v0__mux2_2 contains 14 device instances.
  Class: pfet_05v0             instances:   7
  Class: nfet_05v0             instances:   7
Circuit contains 14 nets.

Circuit gf180mcu_fd_sc_mcu7t5v0__mux2_2 contains no devices.

Contents of circuit 1:  Circuit: 'gf180mcu_fd_sc_mcu7t5v0__aoi211_2'
Circuit gf180mcu_fd_sc_mcu7t5v0__aoi211_2 contains 0 device instances.
Circuit contains 0 nets, and 9 disconnected pins.
Contents of circuit 2:  Circuit: 'gf180mcu_fd_sc_mcu7t5v0__aoi211_2'
Circuit gf180mcu_fd_sc_mcu7t5v0__aoi211_2 contains 16 device instances.
  Class: pfet_05v0             instances:   8
  Class: nfet_05v0             instances:   8
Circuit contains 14 nets.

Circuit gf180mcu_fd_sc_mcu7t5v0__aoi211_2 contains no devices.

Contents of circuit 1:  Circuit: 'gf180mcu_fd_sc_mcu7t5v0__dffrnq_4'
Circuit gf180mcu_fd_sc_mcu7t5v0__dffrnq_4 contains 0 device instances.
Circuit contains 0 nets, and 8 disconnected pins.
Contents of circuit 2:  Circuit: 'gf180mcu_fd_sc_mcu7t5v0__dffrnq_4'
Circuit gf180mcu_fd_sc_mcu7t5v0__dffrnq_4 contains 34 device instances.
  Class: pfet_05v0             instances:  17
  Class: nfet_05v0             instances:  17
Circuit contains 20 nets.

Circuit gf180mcu_fd_sc_mcu7t5v0__dffrnq_4 contains no devices.

Contents of circuit 1:  Circuit: 'gf180mcu_fd_sc_mcu7t5v0__aoi21_1'
Circuit gf180mcu_fd_sc_mcu7t5v0__aoi21_1 contains 0 device instances.
Circuit contains 0 nets, and 8 disconnected pins.
Contents of circuit 2:  Circuit: 'gf180mcu_fd_sc_mcu7t5v0__aoi21_1'
Circuit gf180mcu_fd_sc_mcu7t5v0__aoi21_1 contains 6 device instances.
  Class: pfet_05v0             instances:   3
  Class: nfet_05v0             instances:   3
Circuit contains 10 nets.

Circuit gf180mcu_fd_sc_mcu7t5v0__aoi21_1 contains no devices.

Contents of circuit 1:  Circuit: 'gf180mcu_fd_sc_mcu7t5v0__clkinv_1'
Circuit gf180mcu_fd_sc_mcu7t5v0__clkinv_1 contains 0 device instances.
Circuit contains 0 nets, and 6 disconnected pins.
Contents of circuit 2:  Circuit: 'gf180mcu_fd_sc_mcu7t5v0__clkinv_1'
Circuit gf180mcu_fd_sc_mcu7t5v0__clkinv_1 contains 2 device instances.
  Class: pfet_05v0             instances:   1
  Class: nfet_05v0             instances:   1
Circuit contains 6 nets.

Circuit gf180mcu_fd_sc_mcu7t5v0__clkinv_1 contains no devices.

Contents of circuit 1:  Circuit: 'gf180mcu_fd_sc_mcu7t5v0__oai21_2'
Circuit gf180mcu_fd_sc_mcu7t5v0__oai21_2 contains 0 device instances.
Circuit contains 0 nets, and 8 disconnected pins.
Contents of circuit 2:  Circuit: 'gf180mcu_fd_sc_mcu7t5v0__oai21_2'
Circuit gf180mcu_fd_sc_mcu7t5v0__oai21_2 contains 12 device instances.
  Class: pfet_05v0             instances:   6
  Class: nfet_05v0             instances:   6
Circuit contains 11 nets.

Circuit gf180mcu_fd_sc_mcu7t5v0__oai21_2 contains no devices.

Contents of circuit 1:  Circuit: 'gf180mcu_fd_sc_mcu7t5v0__nand2_1'
Circuit gf180mcu_fd_sc_mcu7t5v0__nand2_1 contains 0 device instances.
Circuit contains 0 nets, and 7 disconnected pins.
Contents of circuit 2:  Circuit: 'gf180mcu_fd_sc_mcu7t5v0__nand2_1'
Circuit gf180mcu_fd_sc_mcu7t5v0__nand2_1 contains 4 device instances.
  Class: pfet_05v0             instances:   2
  Class: nfet_05v0             instances:   2
Circuit contains 8 nets.

Circuit gf180mcu_fd_sc_mcu7t5v0__nand2_1 contains no devices.

Contents of circuit 1:  Circuit: 'gf180mcu_fd_sc_mcu7t5v0__aoi221_4'
Circuit gf180mcu_fd_sc_mcu7t5v0__aoi221_4 contains 0 device instances.
Circuit contains 0 nets, and 10 disconnected pins.
Contents of circuit 2:  Circuit: 'gf180mcu_fd_sc_mcu7t5v0__aoi221_4'
Circuit gf180mcu_fd_sc_mcu7t5v0__aoi221_4 contains 40 device instances.
  Class: pfet_05v0             instances:  20
  Class: nfet_05v0             instances:  20
Circuit contains 20 nets.

Circuit gf180mcu_fd_sc_mcu7t5v0__aoi221_4 contains no devices.

Contents of circuit 1:  Circuit: 'gf180mcu_fd_sc_mcu7t5v0__dlyb_1'
Circuit gf180mcu_fd_sc_mcu7t5v0__dlyb_1 contains 0 device instances.
Circuit contains 0 nets, and 6 disconnected pins.
Contents of circuit 2:  Circuit: 'gf180mcu_fd_sc_mcu7t5v0__dlyb_1'
Circuit gf180mcu_fd_sc_mcu7t5v0__dlyb_1 contains 12 device instances.
  Class: pfet_05v0             instances:   6
  Class: nfet_05v0             instances:   6
Circuit contains 13 nets.

Circuit gf180mcu_fd_sc_mcu7t5v0__dlyb_1 contains no devices.

Contents of circuit 1:  Circuit: 'gf180mcu_fd_sc_mcu7t5v0__or2_1'
Circuit gf180mcu_fd_sc_mcu7t5v0__or2_1 contains 0 device instances.
Circuit contains 0 nets, and 7 disconnected pins.
Contents of circuit 2:  Circuit: 'gf180mcu_fd_sc_mcu7t5v0__or2_1'
Circuit gf180mcu_fd_sc_mcu7t5v0__or2_1 contains 6 device instances.
  Class: pfet_05v0             instances:   3
  Class: nfet_05v0             instances:   3
Circuit contains 9 nets.

Circuit gf180mcu_fd_sc_mcu7t5v0__or2_1 contains no devices.

Contents of circuit 1:  Circuit: 'gf180mcu_fd_sc_mcu7t5v0__nor3_1'
Circuit gf180mcu_fd_sc_mcu7t5v0__nor3_1 contains 0 device instances.
Circuit contains 0 nets, and 8 disconnected pins.
Contents of circuit 2:  Circuit: 'gf180mcu_fd_sc_mcu7t5v0__nor3_1'
Circuit gf180mcu_fd_sc_mcu7t5v0__nor3_1 contains 6 device instances.
  Class: pfet_05v0             instances:   3
  Class: nfet_05v0             instances:   3
Circuit contains 10 nets.

Circuit gf180mcu_fd_sc_mcu7t5v0__nor3_1 contains no devices.

Contents of circuit 1:  Circuit: 'gf180mcu_fd_sc_mcu7t5v0__nand4_1'
Circuit gf180mcu_fd_sc_mcu7t5v0__nand4_1 contains 0 device instances.
Circuit contains 0 nets, and 9 disconnected pins.
Contents of circuit 2:  Circuit: 'gf180mcu_fd_sc_mcu7t5v0__nand4_1'
Circuit gf180mcu_fd_sc_mcu7t5v0__nand4_1 contains 8 device instances.
  Class: pfet_05v0             instances:   4
  Class: nfet_05v0             instances:   4
Circuit contains 12 nets.

Circuit gf180mcu_fd_sc_mcu7t5v0__nand4_1 contains no devices.

Contents of circuit 1:  Circuit: 'gf180mcu_fd_sc_mcu7t5v0__and2_1'
Circuit gf180mcu_fd_sc_mcu7t5v0__and2_1 contains 0 device instances.
Circuit contains 0 nets, and 7 disconnected pins.
Contents of circuit 2:  Circuit: 'gf180mcu_fd_sc_mcu7t5v0__and2_1'
Circuit gf180mcu_fd_sc_mcu7t5v0__and2_1 contains 6 device instances.
  Class: pfet_05v0             instances:   3
  Class: nfet_05v0             instances:   3
Circuit contains 9 nets.

Circuit gf180mcu_fd_sc_mcu7t5v0__and2_1 contains no devices.

Contents of circuit 1:  Circuit: 'gf180mcu_fd_sc_mcu7t5v0__nand3_4'
Circuit gf180mcu_fd_sc_mcu7t5v0__nand3_4 contains 0 device instances.
Circuit contains 0 nets, and 8 disconnected pins.
Contents of circuit 2:  Circuit: 'gf180mcu_fd_sc_mcu7t5v0__nand3_4'
Circuit gf180mcu_fd_sc_mcu7t5v0__nand3_4 contains 24 device instances.
  Class: pfet_05v0             instances:  12
  Class: nfet_05v0             instances:  12
Circuit contains 14 nets.

Circuit gf180mcu_fd_sc_mcu7t5v0__nand3_4 contains no devices.

Contents of circuit 1:  Circuit: 'gf180mcu_fd_sc_mcu7t5v0__clkbuf_1'
Circuit gf180mcu_fd_sc_mcu7t5v0__clkbuf_1 contains 0 device instances.
Circuit contains 0 nets, and 6 disconnected pins.
Contents of circuit 2:  Circuit: 'gf180mcu_fd_sc_mcu7t5v0__clkbuf_1'
Circuit gf180mcu_fd_sc_mcu7t5v0__clkbuf_1 contains 5 device instances.
  Class: pfet_05v0             instances:   3
  Class: nfet_05v0             instances:   2
Circuit contains 7 nets.

Circuit gf180mcu_fd_sc_mcu7t5v0__clkbuf_1 contains no devices.

Contents of circuit 1:  Circuit: 'gf180mcu_fd_sc_mcu7t5v0__buf_1'
Circuit gf180mcu_fd_sc_mcu7t5v0__buf_1 contains 0 device instances.
Circuit contains 0 nets, and 6 disconnected pins.
Contents of circuit 2:  Circuit: 'gf180mcu_fd_sc_mcu7t5v0__buf_1'
Circuit gf180mcu_fd_sc_mcu7t5v0__buf_1 contains 4 device instances.
  Class: pfet_05v0             instances:   2
  Class: nfet_05v0             instances:   2
Circuit contains 7 nets.

Circuit gf180mcu_fd_sc_mcu7t5v0__buf_1 contains no devices.

Contents of circuit 1:  Circuit: 'gf180mcu_fd_sc_mcu7t5v0__xor2_2'
Circuit gf180mcu_fd_sc_mcu7t5v0__xor2_2 contains 0 device instances.
Circuit contains 0 nets, and 7 disconnected pins.
Contents of circuit 2:  Circuit: 'gf180mcu_fd_sc_mcu7t5v0__xor2_2'
Circuit gf180mcu_fd_sc_mcu7t5v0__xor2_2 contains 14 device instances.
  Class: pfet_05v0             instances:   7
  Class: nfet_05v0             instances:   7
Circuit contains 12 nets.

Circuit gf180mcu_fd_sc_mcu7t5v0__xor2_2 contains no devices.

Contents of circuit 1:  Circuit: 'gf180mcu_fd_sc_mcu7t5v0__nand3_1'
Circuit gf180mcu_fd_sc_mcu7t5v0__nand3_1 contains 0 device instances.
Circuit contains 0 nets, and 8 disconnected pins.
Contents of circuit 2:  Circuit: 'gf180mcu_fd_sc_mcu7t5v0__nand3_1'
Circuit gf180mcu_fd_sc_mcu7t5v0__nand3_1 contains 6 device instances.
  Class: pfet_05v0             instances:   3
  Class: nfet_05v0             instances:   3
Circuit contains 10 nets.

Circuit gf180mcu_fd_sc_mcu7t5v0__nand3_1 contains no devices.

Contents of circuit 1:  Circuit: 'gf180mcu_fd_sc_mcu7t5v0__aoi21_2'
Circuit gf180mcu_fd_sc_mcu7t5v0__aoi21_2 contains 0 device instances.
Circuit contains 0 nets, and 8 disconnected pins.
Contents of circuit 2:  Circuit: 'gf180mcu_fd_sc_mcu7t5v0__aoi21_2'
Circuit gf180mcu_fd_sc_mcu7t5v0__aoi21_2 contains 12 device instances.
  Class: pfet_05v0             instances:   6
  Class: nfet_05v0             instances:   6
Circuit contains 11 nets.

Circuit gf180mcu_fd_sc_mcu7t5v0__aoi21_2 contains no devices.

Contents of circuit 1:  Circuit: 'gf180mcu_fd_sc_mcu7t5v0__nand2_2'
Circuit gf180mcu_fd_sc_mcu7t5v0__nand2_2 contains 0 device instances.
Circuit contains 0 nets, and 7 disconnected pins.
Contents of circuit 2:  Circuit: 'gf180mcu_fd_sc_mcu7t5v0__nand2_2'
Circuit gf180mcu_fd_sc_mcu7t5v0__nand2_2 contains 8 device instances.
  Class: pfet_05v0             instances:   4
  Class: nfet_05v0             instances:   4
Circuit contains 9 nets.

Circuit gf180mcu_fd_sc_mcu7t5v0__nand2_2 contains no devices.

Contents of circuit 1:  Circuit: 'gf180mcu_fd_sc_mcu7t5v0__buf_4'
Circuit gf180mcu_fd_sc_mcu7t5v0__buf_4 contains 0 device instances.
Circuit contains 0 nets, and 6 disconnected pins.
Contents of circuit 2:  Circuit: 'gf180mcu_fd_sc_mcu7t5v0__buf_4'
Circuit gf180mcu_fd_sc_mcu7t5v0__buf_4 contains 12 device instances.
  Class: pfet_05v0             instances:   6
  Class: nfet_05v0             instances:   6
Circuit contains 7 nets.

Circuit gf180mcu_fd_sc_mcu7t5v0__buf_4 contains no devices.

Contents of circuit 1:  Circuit: 'gf180mcu_fd_sc_mcu7t5v0__nand2_4'
Circuit gf180mcu_fd_sc_mcu7t5v0__nand2_4 contains 0 device instances.
Circuit contains 0 nets, and 7 disconnected pins.
Contents of circuit 2:  Circuit: 'gf180mcu_fd_sc_mcu7t5v0__nand2_4'
Circuit gf180mcu_fd_sc_mcu7t5v0__nand2_4 contains 16 device instances.
  Class: pfet_05v0             instances:   8
  Class: nfet_05v0             instances:   8
Circuit contains 11 nets.

Circuit gf180mcu_fd_sc_mcu7t5v0__nand2_4 contains no devices.

Contents of circuit 1:  Circuit: 'gf180mcu_fd_sc_mcu7t5v0__aoi22_2'
Circuit gf180mcu_fd_sc_mcu7t5v0__aoi22_2 contains 0 device instances.
Circuit contains 0 nets, and 9 disconnected pins.
Contents of circuit 2:  Circuit: 'gf180mcu_fd_sc_mcu7t5v0__aoi22_2'
Circuit gf180mcu_fd_sc_mcu7t5v0__aoi22_2 contains 16 device instances.
  Class: pfet_05v0             instances:   8
  Class: nfet_05v0             instances:   8
Circuit contains 14 nets.

Circuit gf180mcu_fd_sc_mcu7t5v0__aoi22_2 contains no devices.

Contents of circuit 1:  Circuit: 'gf180mcu_fd_sc_mcu7t5v0__aoi221_1'
Circuit gf180mcu_fd_sc_mcu7t5v0__aoi221_1 contains 0 device instances.
Circuit contains 0 nets, and 10 disconnected pins.
Contents of circuit 2:  Circuit: 'gf180mcu_fd_sc_mcu7t5v0__aoi221_1'
Circuit gf180mcu_fd_sc_mcu7t5v0__aoi221_1 contains 10 device instances.
  Class: pfet_05v0             instances:   5
  Class: nfet_05v0             instances:   5
Circuit contains 14 nets.

Circuit gf180mcu_fd_sc_mcu7t5v0__aoi221_1 contains no devices.

Contents of circuit 1:  Circuit: 'gf180mcu_fd_sc_mcu7t5v0__nor3_2'
Circuit gf180mcu_fd_sc_mcu7t5v0__nor3_2 contains 0 device instances.
Circuit contains 0 nets, and 8 disconnected pins.
Contents of circuit 2:  Circuit: 'gf180mcu_fd_sc_mcu7t5v0__nor3_2'
Circuit gf180mcu_fd_sc_mcu7t5v0__nor3_2 contains 12 device instances.
  Class: pfet_05v0             instances:   6
  Class: nfet_05v0             instances:   6
Circuit contains 12 nets.

Circuit gf180mcu_fd_sc_mcu7t5v0__nor3_2 contains no devices.

Contents of circuit 1:  Circuit: 'gf180mcu_fd_sc_mcu7t5v0__xor3_1'
Circuit gf180mcu_fd_sc_mcu7t5v0__xor3_1 contains 0 device instances.
Circuit contains 0 nets, and 8 disconnected pins.
Contents of circuit 2:  Circuit: 'gf180mcu_fd_sc_mcu7t5v0__xor3_1'
Circuit gf180mcu_fd_sc_mcu7t5v0__xor3_1 contains 20 device instances.
  Class: pfet_05v0             instances:  10
  Class: nfet_05v0             instances:  10
Circuit contains 17 nets.

Circuit gf180mcu_fd_sc_mcu7t5v0__xor3_1 contains no devices.

Contents of circuit 1:  Circuit: 'gf180mcu_fd_sc_mcu7t5v0__inv_2'
Circuit gf180mcu_fd_sc_mcu7t5v0__inv_2 contains 0 device instances.
Circuit contains 0 nets, and 6 disconnected pins.
Contents of circuit 2:  Circuit: 'gf180mcu_fd_sc_mcu7t5v0__inv_2'
Circuit gf180mcu_fd_sc_mcu7t5v0__inv_2 contains 4 device instances.
  Class: pfet_05v0             instances:   2
  Class: nfet_05v0             instances:   2
Circuit contains 6 nets.

Circuit gf180mcu_fd_sc_mcu7t5v0__inv_2 contains no devices.

Contents of circuit 1:  Circuit: 'gf180mcu_fd_sc_mcu7t5v0__oai32_1'
Circuit gf180mcu_fd_sc_mcu7t5v0__oai32_1 contains 0 device instances.
Circuit contains 0 nets, and 10 disconnected pins.
Contents of circuit 2:  Circuit: 'gf180mcu_fd_sc_mcu7t5v0__oai32_1'
Circuit gf180mcu_fd_sc_mcu7t5v0__oai32_1 contains 10 device instances.
  Class: pfet_05v0             instances:   5
  Class: nfet_05v0             instances:   5
Circuit contains 14 nets.

Circuit gf180mcu_fd_sc_mcu7t5v0__oai32_1 contains no devices.

Contents of circuit 1:  Circuit: 'gf180mcu_fd_sc_mcu7t5v0__nor2_4'
Circuit gf180mcu_fd_sc_mcu7t5v0__nor2_4 contains 0 device instances.
Circuit contains 0 nets, and 7 disconnected pins.
Contents of circuit 2:  Circuit: 'gf180mcu_fd_sc_mcu7t5v0__nor2_4'
Circuit gf180mcu_fd_sc_mcu7t5v0__nor2_4 contains 16 device instances.
  Class: pfet_05v0             instances:   8
  Class: nfet_05v0             instances:   8
Circuit contains 11 nets.

Circuit gf180mcu_fd_sc_mcu7t5v0__nor2_4 contains no devices.

Contents of circuit 1:  Circuit: 'gf180mcu_fd_sc_mcu7t5v0__aoi222_4'
Circuit gf180mcu_fd_sc_mcu7t5v0__aoi222_4 contains 0 device instances.
Circuit contains 0 nets, and 11 disconnected pins.
Contents of circuit 2:  Circuit: 'gf180mcu_fd_sc_mcu7t5v0__aoi222_4'
Circuit gf180mcu_fd_sc_mcu7t5v0__aoi222_4 contains 48 device instances.
  Class: pfet_05v0             instances:  24
  Class: nfet_05v0             instances:  24
Circuit contains 25 nets.

Circuit gf180mcu_fd_sc_mcu7t5v0__aoi222_4 contains no devices.

Contents of circuit 1:  Circuit: 'gf180mcu_fd_sc_mcu7t5v0__xnor2_2'
Circuit gf180mcu_fd_sc_mcu7t5v0__xnor2_2 contains 0 device instances.
Circuit contains 0 nets, and 7 disconnected pins.
Contents of circuit 2:  Circuit: 'gf180mcu_fd_sc_mcu7t5v0__xnor2_2'
Circuit gf180mcu_fd_sc_mcu7t5v0__xnor2_2 contains 14 device instances.
  Class: pfet_05v0             instances:   7
  Class: nfet_05v0             instances:   7
Circuit contains 12 nets.

Circuit gf180mcu_fd_sc_mcu7t5v0__xnor2_2 contains no devices.

Contents of circuit 1:  Circuit: 'gf180mcu_fd_sc_mcu7t5v0__oai211_1'
Circuit gf180mcu_fd_sc_mcu7t5v0__oai211_1 contains 0 device instances.
Circuit contains 0 nets, and 9 disconnected pins.
Contents of circuit 2:  Circuit: 'gf180mcu_fd_sc_mcu7t5v0__oai211_1'
Circuit gf180mcu_fd_sc_mcu7t5v0__oai211_1 contains 8 device instances.
  Class: pfet_05v0             instances:   4
  Class: nfet_05v0             instances:   4
Circuit contains 12 nets.

Circuit gf180mcu_fd_sc_mcu7t5v0__oai211_1 contains no devices.

Contents of circuit 1:  Circuit: 'gf180mcu_fd_sc_mcu7t5v0__oai31_4'
Circuit gf180mcu_fd_sc_mcu7t5v0__oai31_4 contains 0 device instances.
Circuit contains 0 nets, and 9 disconnected pins.
Contents of circuit 2:  Circuit: 'gf180mcu_fd_sc_mcu7t5v0__oai31_4'
Circuit gf180mcu_fd_sc_mcu7t5v0__oai31_4 contains 32 device instances.
  Class: pfet_05v0             instances:  16
  Class: nfet_05v0             instances:  16
Circuit contains 16 nets.

Circuit gf180mcu_fd_sc_mcu7t5v0__oai31_4 contains no devices.

Contents of circuit 1:  Circuit: 'gf180mcu_fd_sc_mcu7t5v0__xnor2_1'
Circuit gf180mcu_fd_sc_mcu7t5v0__xnor2_1 contains 0 device instances.
Circuit contains 0 nets, and 7 disconnected pins.
Contents of circuit 2:  Circuit: 'gf180mcu_fd_sc_mcu7t5v0__xnor2_1'
Circuit gf180mcu_fd_sc_mcu7t5v0__xnor2_1 contains 10 device instances.
  Class: pfet_05v0             instances:   5
  Class: nfet_05v0             instances:   5
Circuit contains 11 nets.

Circuit gf180mcu_fd_sc_mcu7t5v0__xnor2_1 contains no devices.

Contents of circuit 1:  Circuit: 'gf180mcu_fd_sc_mcu7t5v0__clkbuf_16'
Circuit gf180mcu_fd_sc_mcu7t5v0__clkbuf_16 contains 0 device instances.
Circuit contains 0 nets, and 6 disconnected pins.
Contents of circuit 2:  Circuit: 'gf180mcu_fd_sc_mcu7t5v0__clkbuf_16'
Circuit gf180mcu_fd_sc_mcu7t5v0__clkbuf_16 contains 46 device instances.
  Class: pfet_05v0             instances:  24
  Class: nfet_05v0             instances:  22
Circuit contains 7 nets.

Circuit gf180mcu_fd_sc_mcu7t5v0__clkbuf_16 contains no devices.

Contents of circuit 1:  Circuit: 'gf180mcu_fd_sc_mcu7t5v0__and3_1'
Circuit gf180mcu_fd_sc_mcu7t5v0__and3_1 contains 0 device instances.
Circuit contains 0 nets, and 8 disconnected pins.
Contents of circuit 2:  Circuit: 'gf180mcu_fd_sc_mcu7t5v0__and3_1'
Circuit gf180mcu_fd_sc_mcu7t5v0__and3_1 contains 8 device instances.
  Class: pfet_05v0             instances:   4
  Class: nfet_05v0             instances:   4
Circuit contains 11 nets.

Circuit gf180mcu_fd_sc_mcu7t5v0__and3_1 contains no devices.

Contents of circuit 1:  Circuit: 'gf180mcu_fd_sc_mcu7t5v0__dffsnq_1'
Circuit gf180mcu_fd_sc_mcu7t5v0__dffsnq_1 contains 0 device instances.
Circuit contains 0 nets, and 8 disconnected pins.
Contents of circuit 2:  Circuit: 'gf180mcu_fd_sc_mcu7t5v0__dffsnq_1'
Circuit gf180mcu_fd_sc_mcu7t5v0__dffsnq_1 contains 28 device instances.
  Class: pfet_05v0             instances:  14
  Class: nfet_05v0             instances:  14
Circuit contains 20 nets.

Circuit gf180mcu_fd_sc_mcu7t5v0__dffsnq_1 contains no devices.

Contents of circuit 1:  Circuit: 'gf180mcu_fd_sc_mcu7t5v0__and4_1'
Circuit gf180mcu_fd_sc_mcu7t5v0__and4_1 contains 0 device instances.
Circuit contains 0 nets, and 9 disconnected pins.
Contents of circuit 2:  Circuit: 'gf180mcu_fd_sc_mcu7t5v0__and4_1'
Circuit gf180mcu_fd_sc_mcu7t5v0__and4_1 contains 10 device instances.
  Class: pfet_05v0             instances:   5
  Class: nfet_05v0             instances:   5
Circuit contains 13 nets.

Circuit gf180mcu_fd_sc_mcu7t5v0__and4_1 contains no devices.

Contents of circuit 1:  Circuit: 'gf180mcu_fd_sc_mcu7t5v0__aoi211_1'
Circuit gf180mcu_fd_sc_mcu7t5v0__aoi211_1 contains 0 device instances.
Circuit contains 0 nets, and 9 disconnected pins.
Contents of circuit 2:  Circuit: 'gf180mcu_fd_sc_mcu7t5v0__aoi211_1'
Circuit gf180mcu_fd_sc_mcu7t5v0__aoi211_1 contains 8 device instances.
  Class: pfet_05v0             instances:   4
  Class: nfet_05v0             instances:   4
Circuit contains 12 nets.

Circuit gf180mcu_fd_sc_mcu7t5v0__aoi211_1 contains no devices.

Contents of circuit 1:  Circuit: 'gf180mcu_fd_sc_mcu7t5v0__clkbuf_8'
Circuit gf180mcu_fd_sc_mcu7t5v0__clkbuf_8 contains 0 device instances.
Circuit contains 0 nets, and 6 disconnected pins.
Contents of circuit 2:  Circuit: 'gf180mcu_fd_sc_mcu7t5v0__clkbuf_8'
Circuit gf180mcu_fd_sc_mcu7t5v0__clkbuf_8 contains 23 device instances.
  Class: pfet_05v0             instances:  12
  Class: nfet_05v0             instances:  11
Circuit contains 7 nets.

Circuit gf180mcu_fd_sc_mcu7t5v0__clkbuf_8 contains no devices.

Contents of circuit 1:  Circuit: 'gf180mcu_fd_sc_mcu7t5v0__aoi222_2'
Circuit gf180mcu_fd_sc_mcu7t5v0__aoi222_2 contains 0 device instances.
Circuit contains 0 nets, and 11 disconnected pins.
Contents of circuit 2:  Circuit: 'gf180mcu_fd_sc_mcu7t5v0__aoi222_2'
Circuit gf180mcu_fd_sc_mcu7t5v0__aoi222_2 contains 24 device instances.
  Class: pfet_05v0             instances:  12
  Class: nfet_05v0             instances:  12
Circuit contains 19 nets.

Circuit gf180mcu_fd_sc_mcu7t5v0__aoi222_2 contains no devices.

Contents of circuit 1:  Circuit: 'gf180mcu_fd_sc_mcu7t5v0__oai221_1'
Circuit gf180mcu_fd_sc_mcu7t5v0__oai221_1 contains 0 device instances.
Circuit contains 0 nets, and 10 disconnected pins.
Contents of circuit 2:  Circuit: 'gf180mcu_fd_sc_mcu7t5v0__oai221_1'
Circuit gf180mcu_fd_sc_mcu7t5v0__oai221_1 contains 10 device instances.
  Class: pfet_05v0             instances:   5
  Class: nfet_05v0             instances:   5
Circuit contains 14 nets.

Circuit gf180mcu_fd_sc_mcu7t5v0__oai221_1 contains no devices.

Contents of circuit 1:  Circuit: 'gf180mcu_fd_sc_mcu7t5v0__nand3_2'
Circuit gf180mcu_fd_sc_mcu7t5v0__nand3_2 contains 0 device instances.
Circuit contains 0 nets, and 8 disconnected pins.
Contents of circuit 2:  Circuit: 'gf180mcu_fd_sc_mcu7t5v0__nand3_2'
Circuit gf180mcu_fd_sc_mcu7t5v0__nand3_2 contains 12 device instances.
  Class: pfet_05v0             instances:   6
  Class: nfet_05v0             instances:   6
Circuit contains 12 nets.

Circuit gf180mcu_fd_sc_mcu7t5v0__nand3_2 contains no devices.

Contents of circuit 1:  Circuit: 'gf180mcu_fd_sc_mcu7t5v0__oai31_1'
Circuit gf180mcu_fd_sc_mcu7t5v0__oai31_1 contains 0 device instances.
Circuit contains 0 nets, and 9 disconnected pins.
Contents of circuit 2:  Circuit: 'gf180mcu_fd_sc_mcu7t5v0__oai31_1'
Circuit gf180mcu_fd_sc_mcu7t5v0__oai31_1 contains 8 device instances.
  Class: pfet_05v0             instances:   4
  Class: nfet_05v0             instances:   4
Circuit contains 12 nets.

Circuit gf180mcu_fd_sc_mcu7t5v0__oai31_1 contains no devices.

Contents of circuit 1:  Circuit: 'gf180mcu_fd_sc_mcu7t5v0__nor4_1'
Circuit gf180mcu_fd_sc_mcu7t5v0__nor4_1 contains 0 device instances.
Circuit contains 0 nets, and 9 disconnected pins.
Contents of circuit 2:  Circuit: 'gf180mcu_fd_sc_mcu7t5v0__nor4_1'
Circuit gf180mcu_fd_sc_mcu7t5v0__nor4_1 contains 8 device instances.
  Class: pfet_05v0             instances:   4
  Class: nfet_05v0             instances:   4
Circuit contains 12 nets.

Circuit gf180mcu_fd_sc_mcu7t5v0__nor4_1 contains no devices.

Contents of circuit 1:  Circuit: 'gf180mcu_fd_sc_mcu7t5v0__nand4_4'
Circuit gf180mcu_fd_sc_mcu7t5v0__nand4_4 contains 0 device instances.
Circuit contains 0 nets, and 9 disconnected pins.
Contents of circuit 2:  Circuit: 'gf180mcu_fd_sc_mcu7t5v0__nand4_4'
Circuit gf180mcu_fd_sc_mcu7t5v0__nand4_4 contains 32 device instances.
  Class: pfet_05v0             instances:  16
  Class: nfet_05v0             instances:  16
Circuit contains 19 nets.

Circuit gf180mcu_fd_sc_mcu7t5v0__nand4_4 contains no devices.

Contents of circuit 1:  Circuit: 'gf180mcu_fd_sc_mcu7t5v0__xor3_2'
Circuit gf180mcu_fd_sc_mcu7t5v0__xor3_2 contains 0 device instances.
Circuit contains 0 nets, and 8 disconnected pins.
Contents of circuit 2:  Circuit: 'gf180mcu_fd_sc_mcu7t5v0__xor3_2'
Circuit gf180mcu_fd_sc_mcu7t5v0__xor3_2 contains 24 device instances.
  Class: pfet_05v0             instances:  12
  Class: nfet_05v0             instances:  12
Circuit contains 18 nets.

Circuit gf180mcu_fd_sc_mcu7t5v0__xor3_2 contains no devices.

Contents of circuit 1:  Circuit: 'gf180mcu_fd_sc_mcu7t5v0__nor3_4'
Circuit gf180mcu_fd_sc_mcu7t5v0__nor3_4 contains 0 device instances.
Circuit contains 0 nets, and 8 disconnected pins.
Contents of circuit 2:  Circuit: 'gf180mcu_fd_sc_mcu7t5v0__nor3_4'
Circuit gf180mcu_fd_sc_mcu7t5v0__nor3_4 contains 24 device instances.
  Class: pfet_05v0             instances:  12
  Class: nfet_05v0             instances:  12
Circuit contains 14 nets.

Circuit gf180mcu_fd_sc_mcu7t5v0__nor3_4 contains no devices.

Contents of circuit 1:  Circuit: 'gf180mcu_fd_sc_mcu7t5v0__nor4_2'
Circuit gf180mcu_fd_sc_mcu7t5v0__nor4_2 contains 0 device instances.
Circuit contains 0 nets, and 9 disconnected pins.
Contents of circuit 2:  Circuit: 'gf180mcu_fd_sc_mcu7t5v0__nor4_2'
Circuit gf180mcu_fd_sc_mcu7t5v0__nor4_2 contains 16 device instances.
  Class: pfet_05v0             instances:   8
  Class: nfet_05v0             instances:   8
Circuit contains 15 nets.

Circuit gf180mcu_fd_sc_mcu7t5v0__nor4_2 contains no devices.

Contents of circuit 1:  Circuit: 'gf180mcu_fd_sc_mcu7t5v0__aoi221_2'
Circuit gf180mcu_fd_sc_mcu7t5v0__aoi221_2 contains 0 device instances.
Circuit contains 0 nets, and 10 disconnected pins.
Contents of circuit 2:  Circuit: 'gf180mcu_fd_sc_mcu7t5v0__aoi221_2'
Circuit gf180mcu_fd_sc_mcu7t5v0__aoi221_2 contains 20 device instances.
  Class: pfet_05v0             instances:  10
  Class: nfet_05v0             instances:  10
Circuit contains 16 nets.

Circuit gf180mcu_fd_sc_mcu7t5v0__aoi221_2 contains no devices.

Contents of circuit 1:  Circuit: 'gf180mcu_fd_sc_mcu7t5v0__clkbuf_4'
Circuit gf180mcu_fd_sc_mcu7t5v0__clkbuf_4 contains 0 device instances.
Circuit contains 0 nets, and 6 disconnected pins.
Contents of circuit 2:  Circuit: 'gf180mcu_fd_sc_mcu7t5v0__clkbuf_4'
Circuit gf180mcu_fd_sc_mcu7t5v0__clkbuf_4 contains 11 device instances.
  Class: pfet_05v0             instances:   6
  Class: nfet_05v0             instances:   5
Circuit contains 7 nets.

Circuit gf180mcu_fd_sc_mcu7t5v0__clkbuf_4 contains no devices.

Contents of circuit 1:  Circuit: 'gf180mcu_fd_sc_mcu7t5v0__oai221_4'
Circuit gf180mcu_fd_sc_mcu7t5v0__oai221_4 contains 0 device instances.
Circuit contains 0 nets, and 10 disconnected pins.
Contents of circuit 2:  Circuit: 'gf180mcu_fd_sc_mcu7t5v0__oai221_4'
Circuit gf180mcu_fd_sc_mcu7t5v0__oai221_4 contains 40 device instances.
  Class: pfet_05v0             instances:  20
  Class: nfet_05v0             instances:  20
Circuit contains 20 nets.

Circuit gf180mcu_fd_sc_mcu7t5v0__oai221_4 contains no devices.

Contents of circuit 1:  Circuit: 'gf180mcu_fd_sc_mcu7t5v0__oai21_4'
Circuit gf180mcu_fd_sc_mcu7t5v0__oai21_4 contains 0 device instances.
Circuit contains 0 nets, and 8 disconnected pins.
Contents of circuit 2:  Circuit: 'gf180mcu_fd_sc_mcu7t5v0__oai21_4'
Circuit gf180mcu_fd_sc_mcu7t5v0__oai21_4 contains 24 device instances.
  Class: pfet_05v0             instances:  12
  Class: nfet_05v0             instances:  12
Circuit contains 13 nets.

Circuit gf180mcu_fd_sc_mcu7t5v0__oai21_4 contains no devices.

Contents of circuit 1:  Circuit: 'gf180mcu_fd_sc_mcu7t5v0__inv_3'
Circuit gf180mcu_fd_sc_mcu7t5v0__inv_3 contains 0 device instances.
Circuit contains 0 nets, and 6 disconnected pins.
Contents of circuit 2:  Circuit: 'gf180mcu_fd_sc_mcu7t5v0__inv_3'
Circuit gf180mcu_fd_sc_mcu7t5v0__inv_3 contains 6 device instances.
  Class: pfet_05v0             instances:   3
  Class: nfet_05v0             instances:   3
Circuit contains 6 nets.

Circuit gf180mcu_fd_sc_mcu7t5v0__inv_3 contains no devices.

Contents of circuit 1:  Circuit: 'gf180mcu_fd_sc_mcu7t5v0__inv_4'
Circuit gf180mcu_fd_sc_mcu7t5v0__inv_4 contains 0 device instances.
Circuit contains 0 nets, and 6 disconnected pins.
Contents of circuit 2:  Circuit: 'gf180mcu_fd_sc_mcu7t5v0__inv_4'
Circuit gf180mcu_fd_sc_mcu7t5v0__inv_4 contains 8 device instances.
  Class: pfet_05v0             instances:   4
  Class: nfet_05v0             instances:   4
Circuit contains 6 nets.

Circuit gf180mcu_fd_sc_mcu7t5v0__inv_4 contains no devices.

Contents of circuit 1:  Circuit: 'gf180mcu_fd_sc_mcu7t5v0__oai211_2'
Circuit gf180mcu_fd_sc_mcu7t5v0__oai211_2 contains 0 device instances.
Circuit contains 0 nets, and 9 disconnected pins.
Contents of circuit 2:  Circuit: 'gf180mcu_fd_sc_mcu7t5v0__oai211_2'
Circuit gf180mcu_fd_sc_mcu7t5v0__oai211_2 contains 16 device instances.
  Class: pfet_05v0             instances:   8
  Class: nfet_05v0             instances:   8
Circuit contains 14 nets.

Circuit gf180mcu_fd_sc_mcu7t5v0__oai211_2 contains no devices.

Contents of circuit 1:  Circuit: 'gf180mcu_fd_sc_mcu7t5v0__oai221_2'
Circuit gf180mcu_fd_sc_mcu7t5v0__oai221_2 contains 0 device instances.
Circuit contains 0 nets, and 10 disconnected pins.
Contents of circuit 2:  Circuit: 'gf180mcu_fd_sc_mcu7t5v0__oai221_2'
Circuit gf180mcu_fd_sc_mcu7t5v0__oai221_2 contains 20 device instances.
  Class: pfet_05v0             instances:  10
  Class: nfet_05v0             instances:  10
Circuit contains 16 nets.

Circuit gf180mcu_fd_sc_mcu7t5v0__oai221_2 contains no devices.

Contents of circuit 1:  Circuit: 'gf180mcu_fd_sc_mcu7t5v0__oai32_2'
Circuit gf180mcu_fd_sc_mcu7t5v0__oai32_2 contains 0 device instances.
Circuit contains 0 nets, and 10 disconnected pins.
Contents of circuit 2:  Circuit: 'gf180mcu_fd_sc_mcu7t5v0__oai32_2'
Circuit gf180mcu_fd_sc_mcu7t5v0__oai32_2 contains 20 device instances.
  Class: pfet_05v0             instances:  10
  Class: nfet_05v0             instances:  10
Circuit contains 17 nets.

Circuit gf180mcu_fd_sc_mcu7t5v0__oai32_2 contains no devices.

Contents of circuit 1:  Circuit: 'gf180mcu_fd_sc_mcu7t5v0__clkinv_2'
Circuit gf180mcu_fd_sc_mcu7t5v0__clkinv_2 contains 0 device instances.
Circuit contains 0 nets, and 6 disconnected pins.
Contents of circuit 2:  Circuit: 'gf180mcu_fd_sc_mcu7t5v0__clkinv_2'
Circuit gf180mcu_fd_sc_mcu7t5v0__clkinv_2 contains 4 device instances.
  Class: pfet_05v0             instances:   2
  Class: nfet_05v0             instances:   2
Circuit contains 6 nets.

Circuit gf180mcu_fd_sc_mcu7t5v0__clkinv_2 contains no devices.

Contents of circuit 1:  Circuit: 'gf180mcu_fd_sc_mcu7t5v0__aoi21_4'
Circuit gf180mcu_fd_sc_mcu7t5v0__aoi21_4 contains 0 device instances.
Circuit contains 0 nets, and 8 disconnected pins.
Contents of circuit 2:  Circuit: 'gf180mcu_fd_sc_mcu7t5v0__aoi21_4'
Circuit gf180mcu_fd_sc_mcu7t5v0__aoi21_4 contains 24 device instances.
  Class: pfet_05v0             instances:  12
  Class: nfet_05v0             instances:  12
Circuit contains 13 nets.

Circuit gf180mcu_fd_sc_mcu7t5v0__aoi21_4 contains no devices.

Contents of circuit 1:  Circuit: 'gf180mcu_fd_sc_mcu7t5v0__nor4_4'
Circuit gf180mcu_fd_sc_mcu7t5v0__nor4_4 contains 0 device instances.
Circuit contains 0 nets, and 9 disconnected pins.
Contents of circuit 2:  Circuit: 'gf180mcu_fd_sc_mcu7t5v0__nor4_4'
Circuit gf180mcu_fd_sc_mcu7t5v0__nor4_4 contains 32 device instances.
  Class: pfet_05v0             instances:  16
  Class: nfet_05v0             instances:  16
Circuit contains 19 nets.

Circuit gf180mcu_fd_sc_mcu7t5v0__nor4_4 contains no devices.

Contents of circuit 1:  Circuit: 'gf180mcu_fd_sc_mcu7t5v0__or4_4'
Circuit gf180mcu_fd_sc_mcu7t5v0__or4_4 contains 0 device instances.
Circuit contains 0 nets, and 9 disconnected pins.
Contents of circuit 2:  Circuit: 'gf180mcu_fd_sc_mcu7t5v0__or4_4'
Circuit gf180mcu_fd_sc_mcu7t5v0__or4_4 contains 24 device instances.
  Class: pfet_05v0             instances:  12
  Class: nfet_05v0             instances:  12
Circuit contains 16 nets.

Circuit gf180mcu_fd_sc_mcu7t5v0__or4_4 contains no devices.

Contents of circuit 1:  Circuit: 'gf180mcu_fd_sc_mcu7t5v0__or4_1'
Circuit gf180mcu_fd_sc_mcu7t5v0__or4_1 contains 0 device instances.
Circuit contains 0 nets, and 9 disconnected pins.
Contents of circuit 2:  Circuit: 'gf180mcu_fd_sc_mcu7t5v0__or4_1'
Circuit gf180mcu_fd_sc_mcu7t5v0__or4_1 contains 10 device instances.
  Class: pfet_05v0             instances:   5
  Class: nfet_05v0             instances:   5
Circuit contains 13 nets.

Circuit gf180mcu_fd_sc_mcu7t5v0__or4_1 contains no devices.

Contents of circuit 1:  Circuit: 'gf180mcu_fd_sc_mcu7t5v0__aoi222_1'
Circuit gf180mcu_fd_sc_mcu7t5v0__aoi222_1 contains 0 device instances.
Circuit contains 0 nets, and 11 disconnected pins.
Contents of circuit 2:  Circuit: 'gf180mcu_fd_sc_mcu7t5v0__aoi222_1'
Circuit gf180mcu_fd_sc_mcu7t5v0__aoi222_1 contains 12 device instances.
  Class: pfet_05v0             instances:   6
  Class: nfet_05v0             instances:   6
Circuit contains 16 nets.

Circuit gf180mcu_fd_sc_mcu7t5v0__aoi222_1 contains no devices.

Contents of circuit 1:  Circuit: 'gf180mcu_fd_sc_mcu7t5v0__xnor3_2'
Circuit gf180mcu_fd_sc_mcu7t5v0__xnor3_2 contains 0 device instances.
Circuit contains 0 nets, and 8 disconnected pins.
Contents of circuit 2:  Circuit: 'gf180mcu_fd_sc_mcu7t5v0__xnor3_2'
Circuit gf180mcu_fd_sc_mcu7t5v0__xnor3_2 contains 24 device instances.
  Class: pfet_05v0             instances:  12
  Class: nfet_05v0             instances:  12
Circuit contains 18 nets.

Circuit gf180mcu_fd_sc_mcu7t5v0__xnor3_2 contains no devices.

Contents of circuit 1:  Circuit: 'gf180mcu_fd_sc_mcu7t5v0__oai31_2'
Circuit gf180mcu_fd_sc_mcu7t5v0__oai31_2 contains 0 device instances.
Circuit contains 0 nets, and 9 disconnected pins.
Contents of circuit 2:  Circuit: 'gf180mcu_fd_sc_mcu7t5v0__oai31_2'
Circuit gf180mcu_fd_sc_mcu7t5v0__oai31_2 contains 16 device instances.
  Class: pfet_05v0             instances:   8
  Class: nfet_05v0             instances:   8
Circuit contains 14 nets.

Circuit gf180mcu_fd_sc_mcu7t5v0__oai31_2 contains no devices.

Contents of circuit 1:  Circuit: 'gf180mcu_fd_sc_mcu7t5v0__oai211_4'
Circuit gf180mcu_fd_sc_mcu7t5v0__oai211_4 contains 0 device instances.
Circuit contains 0 nets, and 9 disconnected pins.
Contents of circuit 2:  Circuit: 'gf180mcu_fd_sc_mcu7t5v0__oai211_4'
Circuit gf180mcu_fd_sc_mcu7t5v0__oai211_4 contains 32 device instances.
  Class: pfet_05v0             instances:  16
  Class: nfet_05v0             instances:  16
Circuit contains 18 nets.

Circuit gf180mcu_fd_sc_mcu7t5v0__oai211_4 contains no devices.

Contents of circuit 1:  Circuit: 'gf180mcu_fd_sc_mcu7t5v0__nand4_2'
Circuit gf180mcu_fd_sc_mcu7t5v0__nand4_2 contains 0 device instances.
Circuit contains 0 nets, and 9 disconnected pins.
Contents of circuit 2:  Circuit: 'gf180mcu_fd_sc_mcu7t5v0__nand4_2'
Circuit gf180mcu_fd_sc_mcu7t5v0__nand4_2 contains 16 device instances.
  Class: pfet_05v0             instances:   8
  Class: nfet_05v0             instances:   8
Circuit contains 15 nets.

Circuit gf180mcu_fd_sc_mcu7t5v0__nand4_2 contains no devices.

Contents of circuit 1:  Circuit: 'gf180mcu_fd_sc_mcu7t5v0__aoi22_4'
Circuit gf180mcu_fd_sc_mcu7t5v0__aoi22_4 contains 0 device instances.
Circuit contains 0 nets, and 9 disconnected pins.
Contents of circuit 2:  Circuit: 'gf180mcu_fd_sc_mcu7t5v0__aoi22_4'
Circuit gf180mcu_fd_sc_mcu7t5v0__aoi22_4 contains 32 device instances.
  Class: pfet_05v0             instances:  16
  Class: nfet_05v0             instances:  16
Circuit contains 18 nets.

Circuit gf180mcu_fd_sc_mcu7t5v0__aoi22_4 contains no devices.

Contents of circuit 1:  Circuit: 'gf180mcu_fd_sc_mcu7t5v0__oai22_2'
Circuit gf180mcu_fd_sc_mcu7t5v0__oai22_2 contains 0 device instances.
Circuit contains 0 nets, and 9 disconnected pins.
Contents of circuit 2:  Circuit: 'gf180mcu_fd_sc_mcu7t5v0__oai22_2'
Circuit gf180mcu_fd_sc_mcu7t5v0__oai22_2 contains 16 device instances.
  Class: pfet_05v0             instances:   8
  Class: nfet_05v0             instances:   8
Circuit contains 14 nets.

Circuit gf180mcu_fd_sc_mcu7t5v0__oai22_2 contains no devices.

Contents of circuit 1:  Circuit: 'gf180mcu_fd_sc_mcu7t5v0__xnor3_1'
Circuit gf180mcu_fd_sc_mcu7t5v0__xnor3_1 contains 0 device instances.
Circuit contains 0 nets, and 8 disconnected pins.
Contents of circuit 2:  Circuit: 'gf180mcu_fd_sc_mcu7t5v0__xnor3_1'
Circuit gf180mcu_fd_sc_mcu7t5v0__xnor3_1 contains 20 device instances.
  Class: pfet_05v0             instances:  10
  Class: nfet_05v0             instances:  10
Circuit contains 17 nets.

Circuit gf180mcu_fd_sc_mcu7t5v0__xnor3_1 contains no devices.

Contents of circuit 1:  Circuit: 'gf180mcu_fd_sc_mcu7t5v0__and2_2'
Circuit gf180mcu_fd_sc_mcu7t5v0__and2_2 contains 0 device instances.
Circuit contains 0 nets, and 7 disconnected pins.
Contents of circuit 2:  Circuit: 'gf180mcu_fd_sc_mcu7t5v0__and2_2'
Circuit gf180mcu_fd_sc_mcu7t5v0__and2_2 contains 8 device instances.
  Class: pfet_05v0             instances:   4
  Class: nfet_05v0             instances:   4
Circuit contains 9 nets.

Circuit gf180mcu_fd_sc_mcu7t5v0__and2_2 contains no devices.

Contents of circuit 1:  Circuit: 'gf180mcu_fd_sc_mcu7t5v0__oai32_4'
Circuit gf180mcu_fd_sc_mcu7t5v0__oai32_4 contains 0 device instances.
Circuit contains 0 nets, and 10 disconnected pins.
Contents of circuit 2:  Circuit: 'gf180mcu_fd_sc_mcu7t5v0__oai32_4'
Circuit gf180mcu_fd_sc_mcu7t5v0__oai32_4 contains 40 device instances.
  Class: pfet_05v0             instances:  20
  Class: nfet_05v0             instances:  20
Circuit contains 21 nets.

Circuit gf180mcu_fd_sc_mcu7t5v0__oai32_4 contains no devices.

Contents of circuit 1:  Circuit: 'gf180mcu_fd_sc_mcu7t5v0__or3_2'
Circuit gf180mcu_fd_sc_mcu7t5v0__or3_2 contains 0 device instances.
Circuit contains 0 nets, and 8 disconnected pins.
Contents of circuit 2:  Circuit: 'gf180mcu_fd_sc_mcu7t5v0__or3_2'
Circuit gf180mcu_fd_sc_mcu7t5v0__or3_2 contains 10 device instances.
  Class: pfet_05v0             instances:   5
  Class: nfet_05v0             instances:   5
Circuit contains 11 nets.

Circuit gf180mcu_fd_sc_mcu7t5v0__or3_2 contains no devices.

Contents of circuit 1:  Circuit: 'gf180mcu_fd_sc_mcu7t5v0__inv_1'
Circuit gf180mcu_fd_sc_mcu7t5v0__inv_1 contains 0 device instances.
Circuit contains 0 nets, and 6 disconnected pins.
Contents of circuit 2:  Circuit: 'gf180mcu_fd_sc_mcu7t5v0__inv_1'
Circuit gf180mcu_fd_sc_mcu7t5v0__inv_1 contains 2 device instances.
  Class: pfet_05v0             instances:   1
  Class: nfet_05v0             instances:   1
Circuit contains 6 nets.

Circuit gf180mcu_fd_sc_mcu7t5v0__inv_1 contains no devices.

Contents of circuit 1:  Circuit: 'digital_domain'
Circuit digital_domain contains 12761 device instances.
  Class: gf180mcu_fd_sc_mcu7t5v0__oai32_2 instances:   5
  Class: gf180mcu_fd_sc_mcu7t5v0__xor3_2 instances:  18
  Class: gf180mcu_fd_sc_mcu7t5v0__xnor3_2 instances:   2
  Class: gf180mcu_fd_sc_mcu7t5v0__nand4_4 instances:   5
  Class: gf180mcu_fd_sc_mcu7t5v0__nor4_4 instances:  10
  Class: gf180mcu_fd_sc_mcu7t5v0__aoi22_4 instances:   2
  Class: gf180mcu_fd_sc_mcu7t5v0__dffrnq_4 instances:  16
  Class: gf180mcu_fd_sc_mcu7t5v0__clkbuf_16 instances:   9
  Class: gf180mcu_fd_sc_mcu7t5v0__clkbuf_8 instances:  72
  Class: gf180mcu_fd_sc_mcu7t5v0__oai221_2 instances:  14
  Class: gf180mcu_fd_sc_mcu7t5v0__and4_1 instances:   7
  Class: gf180mcu_fd_sc_mcu7t5v0__nand4_1 instances:  71
  Class: gf180mcu_fd_sc_mcu7t5v0__nor2_2 instances:  52
  Class: gf180mcu_fd_sc_mcu7t5v0__aoi21_4 instances:   3
  Class: gf180mcu_fd_sc_mcu7t5v0__aoi222_1 instances:   3
  Class: gf180mcu_fd_sc_mcu7t5v0__fillcap_8 instances: 1322
  Class: gf180mcu_fd_sc_mcu7t5v0__and3_1 instances:  51
  Class: gf180mcu_fd_sc_mcu7t5v0__oai32_1 instances:  28
  Class: gf180mcu_fd_sc_mcu7t5v0__xor3_1 instances: 112
  Class: gf180mcu_fd_sc_mcu7t5v0__dffrnq_1 instances: 302
  Class: gf180mcu_fd_sc_mcu7t5v0__dffsnq_1 instances:   6
  Class: gf180mcu_fd_sc_mcu7t5v0__nor4_1 instances:   5
  Class: gf180mcu_fd_sc_mcu7t5v0__aoi22_1 instances: 214
  Class: gf180mcu_fd_sc_mcu7t5v0__nand3_1 instances:  90
  Class: gf180mcu_fd_sc_mcu7t5v0__oai211_4 instances:   5
  Class: gf180mcu_fd_sc_mcu7t5v0__aoi221_2 instances:  13
  Class: gf180mcu_fd_sc_mcu7t5v0__oai21_2 instances:  30
  Class: gf180mcu_fd_sc_mcu7t5v0__oai32_4 instances:   7
  Class: gf180mcu_fd_sc_mcu7t5v0__oai221_1 instances:  15
  Class: gf180mcu_fd_sc_mcu7t5v0__and2_2 instances:   2
  Class: gf180mcu_fd_sc_mcu7t5v0__or4_4 instances:   1
  Class: gf180mcu_fd_sc_mcu7t5v0__xor2_2 instances:  95
  Class: gf180mcu_fd_sc_mcu7t5v0__aoi222_2 instances:   9
  Class: gf180mcu_fd_sc_mcu7t5v0__nor3_1 instances:  33
  Class: gf180mcu_fd_sc_mcu7t5v0__dffrnq_2 instances: 230
  Class: gf180mcu_fd_sc_mcu7t5v0__oai211_1 instances:  52
  Class: gf180mcu_fd_sc_mcu7t5v0__buf_2 instances: 519
  Class: gf180mcu_fd_sc_mcu7t5v0__aoi22_2 instances:  61
  Class: gf180mcu_fd_sc_mcu7t5v0__nand3_4 instances:  14
  Class: gf180mcu_fd_sc_mcu7t5v0__fillcap_16 instances: 670
  Class: gf180mcu_fd_sc_mcu7t5v0__aoi221_1 instances:  25
  Class: gf180mcu_fd_sc_mcu7t5v0__inv_3 instances:  13
  Class: gf180mcu_fd_sc_mcu7t5v0__clkbuf_2 instances: 368
  Class: gf180mcu_fd_sc_mcu7t5v0__oai21_1 instances: 335
  Class: gf180mcu_fd_sc_mcu7t5v0__nor3_4 instances:  19
  Class: gf180mcu_fd_sc_mcu7t5v0__dlyb_1 instances: 287
  Class: gf180mcu_fd_sc_mcu7t5v0__oai221_4 instances:  12
  Class: gf180mcu_fd_sc_mcu7t5v0__fillcap_32 instances: 341
  Class: gf180mcu_fd_sc_mcu7t5v0__or4_1 instances:   4
  Class: gf180mcu_fd_sc_mcu7t5v0__aoi211_2 instances:  22
  Class: gf180mcu_fd_sc_mcu7t5v0__oai31_4 instances:  25
  Class: gf180mcu_fd_sc_mcu7t5v0__inv_4 instances:   5
  Class: gf180mcu_fd_sc_mcu7t5v0__aoi221_4 instances:  19
  Class: gf180mcu_fd_sc_mcu7t5v0__nand2_4 instances:   5
  Class: gf180mcu_fd_sc_mcu7t5v0__oai31_1 instances:  27
  Class: gf180mcu_fd_sc_mcu7t5v0__oai21_4 instances:   3
  Class: gf180mcu_fd_sc_mcu7t5v0__dffsnq_2 instances:   2
  Class: gf180mcu_fd_sc_mcu7t5v0__oai22_1 instances:  95
  Class: gf180mcu_fd_sc_mcu7t5v0__nand3_2 instances:  10
  Class: gf180mcu_fd_sc_mcu7t5v0__buf_4 instances:  20
  Class: gf180mcu_fd_sc_mcu7t5v0__nand2_1 instances: 668
  Class: gf180mcu_fd_sc_mcu7t5v0__inv_1 instances:   1
  Class: gf180mcu_fd_sc_mcu7t5v0__or2_1 instances:  49
  Class: gf180mcu_fd_sc_mcu7t5v0__fillcap_4 instances: 2734
  Class: gf180mcu_fd_sc_mcu7t5v0__xnor3_1 instances:   2
  Class: gf180mcu_fd_sc_mcu7t5v0__and2_1 instances: 136
  Class: gf180mcu_fd_sc_mcu7t5v0__xor2_1 instances: 311
  Class: gf180mcu_fd_sc_mcu7t5v0__oai31_2 instances:   5
  Class: gf180mcu_fd_sc_mcu7t5v0__clkbuf_4 instances:   3
  Class: gf180mcu_fd_sc_mcu7t5v0__nor3_2 instances:  13
  Class: gf180mcu_fd_sc_mcu7t5v0__buf_1 instances: 231
  Class: gf180mcu_fd_sc_mcu7t5v0__aoi211_4 instances:  27
  Class: gf180mcu_fd_sc_mcu7t5v0__oai22_2 instances:   1
  Class: gf180mcu_fd_sc_mcu7t5v0__nand4_2 instances:   2
  Class: gf180mcu_fd_sc_mcu7t5v0__nand2_2 instances:  17
  Class: gf180mcu_fd_sc_mcu7t5v0__inv_2 instances:  61
  Class: gf180mcu_fd_sc_mcu7t5v0__clkbuf_1 instances: 156
  Class: gf180mcu_fd_sc_mcu7t5v0__mux2_2 instances: 250
  Class: gf180mcu_fd_sc_mcu7t5v0__or3_2 instances:   1
  Class: gf180mcu_fd_sc_mcu7t5v0__clkinv_1 instances: 355
  Class: gf180mcu_fd_sc_mcu7t5v0__nor4_2 instances:   4
  Class: gf180mcu_fd_sc_mcu7t5v0__aoi211_1 instances:  57
  Class: gf180mcu_fd_sc_mcu7t5v0__xnor2_1 instances:  85
  Class: gf180mcu_fd_sc_mcu7t5v0__nor2_4 instances:  85
  Class: gf180mcu_fd_sc_mcu7t5v0__aoi21_2 instances:  52
  Class: gf180mcu_fd_sc_mcu7t5v0__or3_1 instances:  42
  Class: gf180mcu_fd_sc_mcu7t5v0__clkinv_2 instances:   9
  Class: gf180mcu_fd_sc_mcu7t5v0__oai211_2 instances:   8
  Class: gf180mcu_fd_sc_mcu7t5v0__fillcap_64 instances: 852
  Class: gf180mcu_fd_sc_mcu7t5v0__xnor2_2 instances:  47
  Class: gf180mcu_fd_sc_mcu7t5v0__nor2_1 instances: 465
  Class: gf180mcu_fd_sc_mcu7t5v0__aoi21_1 instances: 212
  Class: gf180mcu_fd_sc_mcu7t5v0__aoi222_4 instances:   8
Circuit contains 6851 nets.
Contents of circuit 2:  Circuit: 'digital_domain'
Circuit digital_domain contains 12761 device instances.
  Class: gf180mcu_fd_sc_mcu7t5v0__oai32_2 instances:   5
  Class: gf180mcu_fd_sc_mcu7t5v0__xor3_2 instances:  18
  Class: gf180mcu_fd_sc_mcu7t5v0__xnor3_2 instances:   2
  Class: gf180mcu_fd_sc_mcu7t5v0__nand4_4 instances:   5
  Class: gf180mcu_fd_sc_mcu7t5v0__nor4_4 instances:  10
  Class: gf180mcu_fd_sc_mcu7t5v0__aoi22_4 instances:   2
  Class: gf180mcu_fd_sc_mcu7t5v0__dffrnq_4 instances:  16
  Class: gf180mcu_fd_sc_mcu7t5v0__clkbuf_16 instances:   9
  Class: gf180mcu_fd_sc_mcu7t5v0__clkbuf_8 instances:  72
  Class: gf180mcu_fd_sc_mcu7t5v0__oai221_2 instances:  14
  Class: gf180mcu_fd_sc_mcu7t5v0__and4_1 instances:   7
  Class: gf180mcu_fd_sc_mcu7t5v0__nand4_1 instances:  71
  Class: gf180mcu_fd_sc_mcu7t5v0__nor2_2 instances:  52
  Class: gf180mcu_fd_sc_mcu7t5v0__aoi21_4 instances:   3
  Class: gf180mcu_fd_sc_mcu7t5v0__aoi222_1 instances:   3
  Class: gf180mcu_fd_sc_mcu7t5v0__fillcap_8 instances: 1322
  Class: gf180mcu_fd_sc_mcu7t5v0__and3_1 instances:  51
  Class: gf180mcu_fd_sc_mcu7t5v0__oai32_1 instances:  28
  Class: gf180mcu_fd_sc_mcu7t5v0__xor3_1 instances: 112
  Class: gf180mcu_fd_sc_mcu7t5v0__dffrnq_1 instances: 302
  Class: gf180mcu_fd_sc_mcu7t5v0__dffsnq_1 instances:   6
  Class: gf180mcu_fd_sc_mcu7t5v0__nor4_1 instances:   5
  Class: gf180mcu_fd_sc_mcu7t5v0__aoi22_1 instances: 214
  Class: gf180mcu_fd_sc_mcu7t5v0__nand3_1 instances:  90
  Class: gf180mcu_fd_sc_mcu7t5v0__oai211_4 instances:   5
  Class: gf180mcu_fd_sc_mcu7t5v0__aoi221_2 instances:  13
  Class: gf180mcu_fd_sc_mcu7t5v0__oai21_2 instances:  30
  Class: gf180mcu_fd_sc_mcu7t5v0__oai32_4 instances:   7
  Class: gf180mcu_fd_sc_mcu7t5v0__oai221_1 instances:  15
  Class: gf180mcu_fd_sc_mcu7t5v0__and2_2 instances:   2
  Class: gf180mcu_fd_sc_mcu7t5v0__xor2_2 instances:  95
  Class: gf180mcu_fd_sc_mcu7t5v0__or4_4 instances:   1
  Class: gf180mcu_fd_sc_mcu7t5v0__aoi222_2 instances:   9
  Class: gf180mcu_fd_sc_mcu7t5v0__nor3_1 instances:  33
  Class: gf180mcu_fd_sc_mcu7t5v0__dffrnq_2 instances: 230
  Class: gf180mcu_fd_sc_mcu7t5v0__oai211_1 instances:  52
  Class: gf180mcu_fd_sc_mcu7t5v0__buf_2 instances: 519
  Class: gf180mcu_fd_sc_mcu7t5v0__aoi22_2 instances:  61
  Class: gf180mcu_fd_sc_mcu7t5v0__nand3_4 instances:  14
  Class: gf180mcu_fd_sc_mcu7t5v0__fillcap_16 instances: 670
  Class: gf180mcu_fd_sc_mcu7t5v0__aoi221_1 instances:  25
  Class: gf180mcu_fd_sc_mcu7t5v0__inv_3 instances:  13
  Class: gf180mcu_fd_sc_mcu7t5v0__clkbuf_2 instances: 368
  Class: gf180mcu_fd_sc_mcu7t5v0__oai21_1 instances: 335
  Class: gf180mcu_fd_sc_mcu7t5v0__nor3_4 instances:  19
  Class: gf180mcu_fd_sc_mcu7t5v0__dlyb_1 instances: 287
  Class: gf180mcu_fd_sc_mcu7t5v0__oai221_4 instances:  12
  Class: gf180mcu_fd_sc_mcu7t5v0__fillcap_32 instances: 341
  Class: gf180mcu_fd_sc_mcu7t5v0__or4_1 instances:   4
  Class: gf180mcu_fd_sc_mcu7t5v0__aoi211_2 instances:  22
  Class: gf180mcu_fd_sc_mcu7t5v0__oai31_4 instances:  25
  Class: gf180mcu_fd_sc_mcu7t5v0__inv_4 instances:   5
  Class: gf180mcu_fd_sc_mcu7t5v0__aoi221_4 instances:  19
  Class: gf180mcu_fd_sc_mcu7t5v0__nand2_4 instances:   5
  Class: gf180mcu_fd_sc_mcu7t5v0__oai31_1 instances:  27
  Class: gf180mcu_fd_sc_mcu7t5v0__oai21_4 instances:   3
  Class: gf180mcu_fd_sc_mcu7t5v0__dffsnq_2 instances:   2
  Class: gf180mcu_fd_sc_mcu7t5v0__oai22_1 instances:  95
  Class: gf180mcu_fd_sc_mcu7t5v0__nand3_2 instances:  10
  Class: gf180mcu_fd_sc_mcu7t5v0__buf_4 instances:  20
  Class: gf180mcu_fd_sc_mcu7t5v0__nand2_1 instances: 668
  Class: gf180mcu_fd_sc_mcu7t5v0__inv_1 instances:   1
  Class: gf180mcu_fd_sc_mcu7t5v0__or2_1 instances:  49
  Class: gf180mcu_fd_sc_mcu7t5v0__fillcap_4 instances: 2734
  Class: gf180mcu_fd_sc_mcu7t5v0__xnor3_1 instances:   2
  Class: gf180mcu_fd_sc_mcu7t5v0__and2_1 instances: 136
  Class: gf180mcu_fd_sc_mcu7t5v0__xor2_1 instances: 311
  Class: gf180mcu_fd_sc_mcu7t5v0__oai31_2 instances:   5
  Class: gf180mcu_fd_sc_mcu7t5v0__clkbuf_4 instances:   3
  Class: gf180mcu_fd_sc_mcu7t5v0__nor3_2 instances:  13
  Class: gf180mcu_fd_sc_mcu7t5v0__buf_1 instances: 231
  Class: gf180mcu_fd_sc_mcu7t5v0__aoi211_4 instances:  27
  Class: gf180mcu_fd_sc_mcu7t5v0__oai22_2 instances:   1
  Class: gf180mcu_fd_sc_mcu7t5v0__nand4_2 instances:   2
  Class: gf180mcu_fd_sc_mcu7t5v0__nand2_2 instances:  17
  Class: gf180mcu_fd_sc_mcu7t5v0__inv_2 instances:  61
  Class: gf180mcu_fd_sc_mcu7t5v0__clkbuf_1 instances: 156
  Class: gf180mcu_fd_sc_mcu7t5v0__mux2_2 instances: 250
  Class: gf180mcu_fd_sc_mcu7t5v0__or3_2 instances:   1
  Class: gf180mcu_fd_sc_mcu7t5v0__clkinv_1 instances: 355
  Class: gf180mcu_fd_sc_mcu7t5v0__nor4_2 instances:   4
  Class: gf180mcu_fd_sc_mcu7t5v0__aoi211_1 instances:  57
  Class: gf180mcu_fd_sc_mcu7t5v0__xnor2_1 instances:  85
  Class: gf180mcu_fd_sc_mcu7t5v0__nor2_4 instances:  85
  Class: gf180mcu_fd_sc_mcu7t5v0__aoi21_2 instances:  52
  Class: gf180mcu_fd_sc_mcu7t5v0__or3_1 instances:  42
  Class: gf180mcu_fd_sc_mcu7t5v0__clkinv_2 instances:   9
  Class: gf180mcu_fd_sc_mcu7t5v0__oai211_2 instances:   8
  Class: gf180mcu_fd_sc_mcu7t5v0__fillcap_64 instances: 852
  Class: gf180mcu_fd_sc_mcu7t5v0__xnor2_2 instances:  47
  Class: gf180mcu_fd_sc_mcu7t5v0__nor2_1 instances: 465
  Class: gf180mcu_fd_sc_mcu7t5v0__aoi21_1 instances: 212
  Class: gf180mcu_fd_sc_mcu7t5v0__aoi222_4 instances:   8
Circuit contains 6851 nets.

Circuit was modified by parallel/series device merging.
New circuit summary:

Contents of circuit 1:  Circuit: 'digital_domain'
Circuit digital_domain contains 6847 device instances.
  Class: gf180mcu_fd_sc_mcu7t5v0__oai32_2 instances:   5
  Class: gf180mcu_fd_sc_mcu7t5v0__xor3_2 instances:  18
  Class: gf180mcu_fd_sc_mcu7t5v0__xnor3_2 instances:   2
  Class: gf180mcu_fd_sc_mcu7t5v0__nand4_4 instances:   5
  Class: gf180mcu_fd_sc_mcu7t5v0__nor4_4 instances:  10
  Class: gf180mcu_fd_sc_mcu7t5v0__aoi22_4 instances:   2
  Class: gf180mcu_fd_sc_mcu7t5v0__dffrnq_4 instances:  16
  Class: gf180mcu_fd_sc_mcu7t5v0__clkbuf_16 instances:   9
  Class: gf180mcu_fd_sc_mcu7t5v0__clkbuf_8 instances:  72
  Class: gf180mcu_fd_sc_mcu7t5v0__oai221_2 instances:  14
  Class: gf180mcu_fd_sc_mcu7t5v0__and4_1 instances:   7
  Class: gf180mcu_fd_sc_mcu7t5v0__nand4_1 instances:  71
  Class: gf180mcu_fd_sc_mcu7t5v0__nor2_2 instances:  52
  Class: gf180mcu_fd_sc_mcu7t5v0__aoi21_4 instances:   3
  Class: gf180mcu_fd_sc_mcu7t5v0__aoi222_1 instances:   3
  Class: gf180mcu_fd_sc_mcu7t5v0__fillcap_8 instances:   1
  Class: gf180mcu_fd_sc_mcu7t5v0__and3_1 instances:  51
  Class: gf180mcu_fd_sc_mcu7t5v0__oai32_1 instances:  28
  Class: gf180mcu_fd_sc_mcu7t5v0__xor3_1 instances: 112
  Class: gf180mcu_fd_sc_mcu7t5v0__dffrnq_1 instances: 302
  Class: gf180mcu_fd_sc_mcu7t5v0__dffsnq_1 instances:   6
  Class: gf180mcu_fd_sc_mcu7t5v0__nor4_1 instances:   5
  Class: gf180mcu_fd_sc_mcu7t5v0__aoi22_1 instances: 214
  Class: gf180mcu_fd_sc_mcu7t5v0__nand3_1 instances:  90
  Class: gf180mcu_fd_sc_mcu7t5v0__oai211_4 instances:   5
  Class: gf180mcu_fd_sc_mcu7t5v0__aoi221_2 instances:  13
  Class: gf180mcu_fd_sc_mcu7t5v0__oai21_2 instances:  30
  Class: gf180mcu_fd_sc_mcu7t5v0__oai32_4 instances:   7
  Class: gf180mcu_fd_sc_mcu7t5v0__oai221_1 instances:  15
  Class: gf180mcu_fd_sc_mcu7t5v0__and2_2 instances:   2
  Class: gf180mcu_fd_sc_mcu7t5v0__or4_4 instances:   1
  Class: gf180mcu_fd_sc_mcu7t5v0__xor2_2 instances:  95
  Class: gf180mcu_fd_sc_mcu7t5v0__aoi222_2 instances:   9
  Class: gf180mcu_fd_sc_mcu7t5v0__nor3_1 instances:  33
  Class: gf180mcu_fd_sc_mcu7t5v0__dffrnq_2 instances: 230
  Class: gf180mcu_fd_sc_mcu7t5v0__oai211_1 instances:  52
  Class: gf180mcu_fd_sc_mcu7t5v0__buf_2 instances: 519
  Class: gf180mcu_fd_sc_mcu7t5v0__aoi22_2 instances:  61
  Class: gf180mcu_fd_sc_mcu7t5v0__nand3_4 instances:  14
  Class: gf180mcu_fd_sc_mcu7t5v0__fillcap_16 instances:   1
  Class: gf180mcu_fd_sc_mcu7t5v0__aoi221_1 instances:  25
  Class: gf180mcu_fd_sc_mcu7t5v0__inv_3 instances:  13
  Class: gf180mcu_fd_sc_mcu7t5v0__clkbuf_2 instances: 368
  Class: gf180mcu_fd_sc_mcu7t5v0__oai21_1 instances: 335
  Class: gf180mcu_fd_sc_mcu7t5v0__nor3_4 instances:  19
  Class: gf180mcu_fd_sc_mcu7t5v0__dlyb_1 instances: 287
  Class: gf180mcu_fd_sc_mcu7t5v0__oai221_4 instances:  12
  Class: gf180mcu_fd_sc_mcu7t5v0__fillcap_32 instances:   1
  Class: gf180mcu_fd_sc_mcu7t5v0__or4_1 instances:   4
  Class: gf180mcu_fd_sc_mcu7t5v0__aoi211_2 instances:  22
  Class: gf180mcu_fd_sc_mcu7t5v0__oai31_4 instances:  25
  Class: gf180mcu_fd_sc_mcu7t5v0__inv_4 instances:   5
  Class: gf180mcu_fd_sc_mcu7t5v0__aoi221_4 instances:  19
  Class: gf180mcu_fd_sc_mcu7t5v0__nand2_4 instances:   5
  Class: gf180mcu_fd_sc_mcu7t5v0__oai31_1 instances:  27
  Class: gf180mcu_fd_sc_mcu7t5v0__oai21_4 instances:   3
  Class: gf180mcu_fd_sc_mcu7t5v0__dffsnq_2 instances:   2
  Class: gf180mcu_fd_sc_mcu7t5v0__oai22_1 instances:  95
  Class: gf180mcu_fd_sc_mcu7t5v0__nand3_2 instances:  10
  Class: gf180mcu_fd_sc_mcu7t5v0__buf_4 instances:  20
  Class: gf180mcu_fd_sc_mcu7t5v0__nand2_1 instances: 668
  Class: gf180mcu_fd_sc_mcu7t5v0__inv_1 instances:   1
  Class: gf180mcu_fd_sc_mcu7t5v0__or2_1 instances:  49
  Class: gf180mcu_fd_sc_mcu7t5v0__fillcap_4 instances:   1
  Class: gf180mcu_fd_sc_mcu7t5v0__xnor3_1 instances:   2
  Class: gf180mcu_fd_sc_mcu7t5v0__and2_1 instances: 136
  Class: gf180mcu_fd_sc_mcu7t5v0__xor2_1 instances: 311
  Class: gf180mcu_fd_sc_mcu7t5v0__oai31_2 instances:   5
  Class: gf180mcu_fd_sc_mcu7t5v0__clkbuf_4 instances:   3
  Class: gf180mcu_fd_sc_mcu7t5v0__nor3_2 instances:  13
  Class: gf180mcu_fd_sc_mcu7t5v0__buf_1 instances: 231
  Class: gf180mcu_fd_sc_mcu7t5v0__aoi211_4 instances:  27
  Class: gf180mcu_fd_sc_mcu7t5v0__oai22_2 instances:   1
  Class: gf180mcu_fd_sc_mcu7t5v0__nand4_2 instances:   2
  Class: gf180mcu_fd_sc_mcu7t5v0__nand2_2 instances:  17
  Class: gf180mcu_fd_sc_mcu7t5v0__inv_2 instances:  61
  Class: gf180mcu_fd_sc_mcu7t5v0__clkbuf_1 instances: 156
  Class: gf180mcu_fd_sc_mcu7t5v0__mux2_2 instances: 250
  Class: gf180mcu_fd_sc_mcu7t5v0__or3_2 instances:   1
  Class: gf180mcu_fd_sc_mcu7t5v0__clkinv_1 instances: 355
  Class: gf180mcu_fd_sc_mcu7t5v0__nor4_2 instances:   4
  Class: gf180mcu_fd_sc_mcu7t5v0__aoi211_1 instances:  57
  Class: gf180mcu_fd_sc_mcu7t5v0__xnor2_1 instances:  85
  Class: gf180mcu_fd_sc_mcu7t5v0__nor2_4 instances:  85
  Class: gf180mcu_fd_sc_mcu7t5v0__aoi21_2 instances:  52
  Class: gf180mcu_fd_sc_mcu7t5v0__or3_1 instances:  42
  Class: gf180mcu_fd_sc_mcu7t5v0__clkinv_2 instances:   9
  Class: gf180mcu_fd_sc_mcu7t5v0__oai211_2 instances:   8
  Class: gf180mcu_fd_sc_mcu7t5v0__fillcap_64 instances:   1
  Class: gf180mcu_fd_sc_mcu7t5v0__xnor2_2 instances:  47
  Class: gf180mcu_fd_sc_mcu7t5v0__nor2_1 instances: 465
  Class: gf180mcu_fd_sc_mcu7t5v0__aoi21_1 instances: 212
  Class: gf180mcu_fd_sc_mcu7t5v0__aoi222_4 instances:   8
Circuit contains 6851 nets.
Contents of circuit 2:  Circuit: 'digital_domain'
Circuit digital_domain contains 6847 device instances.
  Class: gf180mcu_fd_sc_mcu7t5v0__oai32_2 instances:   5
  Class: gf180mcu_fd_sc_mcu7t5v0__xor3_2 instances:  18
  Class: gf180mcu_fd_sc_mcu7t5v0__xnor3_2 instances:   2
  Class: gf180mcu_fd_sc_mcu7t5v0__nand4_4 instances:   5
  Class: gf180mcu_fd_sc_mcu7t5v0__nor4_4 instances:  10
  Class: gf180mcu_fd_sc_mcu7t5v0__aoi22_4 instances:   2
  Class: gf180mcu_fd_sc_mcu7t5v0__dffrnq_4 instances:  16
  Class: gf180mcu_fd_sc_mcu7t5v0__clkbuf_16 instances:   9
  Class: gf180mcu_fd_sc_mcu7t5v0__clkbuf_8 instances:  72
  Class: gf180mcu_fd_sc_mcu7t5v0__oai221_2 instances:  14
  Class: gf180mcu_fd_sc_mcu7t5v0__and4_1 instances:   7
  Class: gf180mcu_fd_sc_mcu7t5v0__nand4_1 instances:  71
  Class: gf180mcu_fd_sc_mcu7t5v0__nor2_2 instances:  52
  Class: gf180mcu_fd_sc_mcu7t5v0__aoi21_4 instances:   3
  Class: gf180mcu_fd_sc_mcu7t5v0__aoi222_1 instances:   3
  Class: gf180mcu_fd_sc_mcu7t5v0__fillcap_8 instances:   1
  Class: gf180mcu_fd_sc_mcu7t5v0__and3_1 instances:  51
  Class: gf180mcu_fd_sc_mcu7t5v0__oai32_1 instances:  28
  Class: gf180mcu_fd_sc_mcu7t5v0__xor3_1 instances: 112
  Class: gf180mcu_fd_sc_mcu7t5v0__dffrnq_1 instances: 302
  Class: gf180mcu_fd_sc_mcu7t5v0__dffsnq_1 instances:   6
  Class: gf180mcu_fd_sc_mcu7t5v0__nor4_1 instances:   5
  Class: gf180mcu_fd_sc_mcu7t5v0__aoi22_1 instances: 214
  Class: gf180mcu_fd_sc_mcu7t5v0__nand3_1 instances:  90
  Class: gf180mcu_fd_sc_mcu7t5v0__oai211_4 instances:   5
  Class: gf180mcu_fd_sc_mcu7t5v0__aoi221_2 instances:  13
  Class: gf180mcu_fd_sc_mcu7t5v0__oai21_2 instances:  30
  Class: gf180mcu_fd_sc_mcu7t5v0__oai32_4 instances:   7
  Class: gf180mcu_fd_sc_mcu7t5v0__oai221_1 instances:  15
  Class: gf180mcu_fd_sc_mcu7t5v0__and2_2 instances:   2
  Class: gf180mcu_fd_sc_mcu7t5v0__xor2_2 instances:  95
  Class: gf180mcu_fd_sc_mcu7t5v0__or4_4 instances:   1
  Class: gf180mcu_fd_sc_mcu7t5v0__aoi222_2 instances:   9
  Class: gf180mcu_fd_sc_mcu7t5v0__nor3_1 instances:  33
  Class: gf180mcu_fd_sc_mcu7t5v0__dffrnq_2 instances: 230
  Class: gf180mcu_fd_sc_mcu7t5v0__oai211_1 instances:  52
  Class: gf180mcu_fd_sc_mcu7t5v0__buf_2 instances: 519
  Class: gf180mcu_fd_sc_mcu7t5v0__aoi22_2 instances:  61
  Class: gf180mcu_fd_sc_mcu7t5v0__nand3_4 instances:  14
  Class: gf180mcu_fd_sc_mcu7t5v0__fillcap_16 instances:   1
  Class: gf180mcu_fd_sc_mcu7t5v0__aoi221_1 instances:  25
  Class: gf180mcu_fd_sc_mcu7t5v0__inv_3 instances:  13
  Class: gf180mcu_fd_sc_mcu7t5v0__clkbuf_2 instances: 368
  Class: gf180mcu_fd_sc_mcu7t5v0__oai21_1 instances: 335
  Class: gf180mcu_fd_sc_mcu7t5v0__nor3_4 instances:  19
  Class: gf180mcu_fd_sc_mcu7t5v0__dlyb_1 instances: 287
  Class: gf180mcu_fd_sc_mcu7t5v0__oai221_4 instances:  12
  Class: gf180mcu_fd_sc_mcu7t5v0__fillcap_32 instances:   1
  Class: gf180mcu_fd_sc_mcu7t5v0__or4_1 instances:   4
  Class: gf180mcu_fd_sc_mcu7t5v0__aoi211_2 instances:  22
  Class: gf180mcu_fd_sc_mcu7t5v0__oai31_4 instances:  25
  Class: gf180mcu_fd_sc_mcu7t5v0__inv_4 instances:   5
  Class: gf180mcu_fd_sc_mcu7t5v0__aoi221_4 instances:  19
  Class: gf180mcu_fd_sc_mcu7t5v0__nand2_4 instances:   5
  Class: gf180mcu_fd_sc_mcu7t5v0__oai31_1 instances:  27
  Class: gf180mcu_fd_sc_mcu7t5v0__oai21_4 instances:   3
  Class: gf180mcu_fd_sc_mcu7t5v0__dffsnq_2 instances:   2
  Class: gf180mcu_fd_sc_mcu7t5v0__oai22_1 instances:  95
  Class: gf180mcu_fd_sc_mcu7t5v0__nand3_2 instances:  10
  Class: gf180mcu_fd_sc_mcu7t5v0__buf_4 instances:  20
  Class: gf180mcu_fd_sc_mcu7t5v0__nand2_1 instances: 668
  Class: gf180mcu_fd_sc_mcu7t5v0__inv_1 instances:   1
  Class: gf180mcu_fd_sc_mcu7t5v0__or2_1 instances:  49
  Class: gf180mcu_fd_sc_mcu7t5v0__fillcap_4 instances:   1
  Class: gf180mcu_fd_sc_mcu7t5v0__xnor3_1 instances:   2
  Class: gf180mcu_fd_sc_mcu7t5v0__and2_1 instances: 136
  Class: gf180mcu_fd_sc_mcu7t5v0__xor2_1 instances: 311
  Class: gf180mcu_fd_sc_mcu7t5v0__oai31_2 instances:   5
  Class: gf180mcu_fd_sc_mcu7t5v0__clkbuf_4 instances:   3
  Class: gf180mcu_fd_sc_mcu7t5v0__nor3_2 instances:  13
  Class: gf180mcu_fd_sc_mcu7t5v0__buf_1 instances: 231
  Class: gf180mcu_fd_sc_mcu7t5v0__aoi211_4 instances:  27
  Class: gf180mcu_fd_sc_mcu7t5v0__oai22_2 instances:   1
  Class: gf180mcu_fd_sc_mcu7t5v0__nand4_2 instances:   2
  Class: gf180mcu_fd_sc_mcu7t5v0__nand2_2 instances:  17
  Class: gf180mcu_fd_sc_mcu7t5v0__inv_2 instances:  61
  Class: gf180mcu_fd_sc_mcu7t5v0__clkbuf_1 instances: 156
  Class: gf180mcu_fd_sc_mcu7t5v0__mux2_2 instances: 250
  Class: gf180mcu_fd_sc_mcu7t5v0__or3_2 instances:   1
  Class: gf180mcu_fd_sc_mcu7t5v0__clkinv_1 instances: 355
  Class: gf180mcu_fd_sc_mcu7t5v0__nor4_2 instances:   4
  Class: gf180mcu_fd_sc_mcu7t5v0__aoi211_1 instances:  57
  Class: gf180mcu_fd_sc_mcu7t5v0__xnor2_1 instances:  85
  Class: gf180mcu_fd_sc_mcu7t5v0__nor2_4 instances:  85
  Class: gf180mcu_fd_sc_mcu7t5v0__aoi21_2 instances:  52
  Class: gf180mcu_fd_sc_mcu7t5v0__or3_1 instances:  42
  Class: gf180mcu_fd_sc_mcu7t5v0__clkinv_2 instances:   9
  Class: gf180mcu_fd_sc_mcu7t5v0__oai211_2 instances:   8
  Class: gf180mcu_fd_sc_mcu7t5v0__fillcap_64 instances:   1
  Class: gf180mcu_fd_sc_mcu7t5v0__xnor2_2 instances:  47
  Class: gf180mcu_fd_sc_mcu7t5v0__nor2_1 instances: 465
  Class: gf180mcu_fd_sc_mcu7t5v0__aoi21_1 instances: 212
  Class: gf180mcu_fd_sc_mcu7t5v0__aoi222_4 instances:   8
Circuit contains 6851 nets.

Circuit 1 contains 6847 devices, Circuit 2 contains 6847 devices.
Circuit 1 contains 6851 nets,    Circuit 2 contains 6851 nets.


Final result: 
Circuits match uniquely.
.
Logging to file "/workspace/librelane/runs/RUN_2026-08-10_01-25-13/70-netgen-lvs/reports/lvs.netgen.rpt" disabled
LVS Done.
