Reading timing models for corner nom_tt_025C_3v30…
Reading timing library for the 'nom_tt_025C_3v30' corner at '/foss/pdks/gf180mcuD/libs.ref/gf180mcu_fd_sc_mcu7t5v0/lib/gf180mcu_fd_sc_mcu7t5v0__tt_025C_3v30.lib'…
Reading OpenROAD database at '/workspace/librelane/runs/RUN_2026-08-09_20-32-35/39-openroad-globalrouting/chip_core.odb'…
Reading design constraints file at '/usr/local/lib/python3.12/dist-packages/librelane/scripts/base.sdc'…
[INFO] Using clock clk…
[INFO] Setting output delay to: 40
[INFO] Setting input delay to: 40
[INFO] Setting load to: 0.07291
[INFO] Setting clock uncertainty to: 0.25
[INFO] Setting clock transition to: 0.15
[INFO] Setting timing derate to: 5%
%OL_CREATE_REPORT /workspace/librelane/runs/RUN_2026-08-09_20-32-35/40-openroad-checkantennas/reports/antenna.rpt
Net: comp_x
  Pin:   signal_processor_x_inst/_124_/A2 (gf180mcu_fd_sc_mcu7t5v0__and2_1)
    Layer: Metal1
      Partial area ratio:    0.01
      Required ratio:    0.00 (Gate area) 
      Cumulative area ratio:    0.01
      Required ratio:    0.00 (Cumulative area) 
      Partial area ratio:    1.12
      Required ratio:  400.00 (Side area) 
      Cumulative area ratio:    1.12
      Required ratio:    0.00 (Cumulative side area) 

    Layer: Via1
      Partial area ratio:    0.13
      Required ratio:   20.00 (Gate area) 
      Cumulative area ratio:    0.13
      Required ratio:    0.00 (Cumulative area) 

    Layer: Metal2
      Partial area ratio:  110.28
      Required ratio:    0.00 (Gate area) 
      Cumulative area ratio:  110.29
      Required ratio:    0.00 (Cumulative area) 
      Partial area ratio:  425.97
      Required ratio:  400.00 (Side area) (VIOLATED)
      Cumulative area ratio:  427.09
      Required ratio:    0.00 (Cumulative side area) 

    Layer: Via2
      Partial area ratio:    0.39
      Required ratio:   20.00 (Gate area) 
      Cumulative area ratio:    0.52
      Required ratio:    0.00 (Cumulative area) 

    Layer: Metal3
      Partial area ratio:   11.74
      Required ratio:    0.00 (Gate area) 
      Cumulative area ratio:  122.03
      Required ratio:    0.00 (Cumulative area) 
      Partial area ratio:   46.45
      Required ratio:  400.00 (Side area) 
      Cumulative area ratio:  473.54
      Required ratio:    0.00 (Cumulative side area) 


  Pin:   wave_controller_x_inst/_1925_/A2 (gf180mcu_fd_sc_mcu7t5v0__and2_1)
    Layer: Metal1
      Partial area ratio:    0.01
      Required ratio:    0.00 (Gate area) 
      Cumulative area ratio:    0.01
      Required ratio:    0.00 (Cumulative area) 
      Partial area ratio:    1.12
      Required ratio:  400.00 (Side area) 
      Cumulative area ratio:    1.12
      Required ratio:    0.00 (Cumulative side area) 

    Layer: Via1
      Partial area ratio:    0.13
      Required ratio:   20.00 (Gate area) 
      Cumulative area ratio:    0.13
      Required ratio:    0.00 (Cumulative area) 

    Layer: Metal2
      Partial area ratio:    2.11
      Required ratio:    0.00 (Gate area) 
      Cumulative area ratio:    2.12
      Required ratio:    0.00 (Cumulative area) 
      Partial area ratio:    8.71
      Required ratio:  400.00 (Side area) 
      Cumulative area ratio:    9.83
      Required ratio:    0.00 (Cumulative side area) 

    Layer: Via2
      Partial area ratio:    0.26
      Required ratio:   20.00 (Gate area) 
      Cumulative area ratio:    0.39
      Required ratio:    0.00 (Cumulative area) 

    Layer: Metal3
      Partial area ratio:   11.74
      Required ratio:    0.00 (Gate area) 
      Cumulative area ratio:   13.86
      Required ratio:    0.00 (Cumulative area) 
      Partial area ratio:   46.45
      Required ratio:  400.00 (Side area) 
      Cumulative area ratio:   56.28
      Required ratio:    0.00 (Cumulative side area) 



Net: wave_controller_x_inst/_0611_
  Pin:   wave_controller_x_inst/fanout238/I (gf180mcu_fd_sc_mcu7t5v0__dlyb_1)
    Layer: Via1
      Partial area ratio:    0.17
      Required ratio:   20.00 (Gate area) 
      Cumulative area ratio:    0.17
      Required ratio:    0.00 (Cumulative area) 

    Layer: Metal2
      Partial area ratio:    5.36
      Required ratio:    0.00 (Gate area) 
      Cumulative area ratio:    5.36
      Required ratio:    0.00 (Cumulative area) 
      Partial area ratio:   21.43
      Required ratio:  400.00 (Side area) 
      Cumulative area ratio:   21.43
      Required ratio:    0.00 (Cumulative side area) 

    Layer: Via2
      Partial area ratio:    0.34
      Required ratio:   20.00 (Gate area) 
      Cumulative area ratio:    0.51
      Required ratio:    0.00 (Cumulative area) 

    Layer: Metal3
      Partial area ratio:    0.78
      Required ratio:    0.00 (Gate area) 
      Cumulative area ratio:    6.14
      Required ratio:    0.00 (Cumulative area) 
      Partial area ratio:    3.07
      Required ratio:  400.00 (Side area) 
      Cumulative area ratio:   24.50
      Required ratio:    0.00 (Cumulative side area) 


  Pin:   wave_controller_x_inst/fanout244/I (gf180mcu_fd_sc_mcu7t5v0__dlyb_1)
    Layer: Via1
      Partial area ratio:    0.17
      Required ratio:   20.00 (Gate area) 
      Cumulative area ratio:    0.17
      Required ratio:    0.00 (Cumulative area) 

    Layer: Metal2
      Partial area ratio:  115.30
      Required ratio:    0.00 (Gate area) 
      Cumulative area ratio:  115.30
      Required ratio:    0.00 (Cumulative area) 
      Partial area ratio:  445.48
      Required ratio:  400.00 (Side area) (VIOLATED)
      Cumulative area ratio:  445.48
      Required ratio:    0.00 (Cumulative side area) 

    Layer: Via2
      Partial area ratio:    0.34
      Required ratio:   20.00 (Gate area) 
      Cumulative area ratio:    0.51
      Required ratio:    0.00 (Cumulative area) 

    Layer: Metal3
      Partial area ratio:    0.78
      Required ratio:    0.00 (Gate area) 
      Cumulative area ratio:  116.08
      Required ratio:    0.00 (Cumulative area) 
      Partial area ratio:    3.07
      Required ratio:  400.00 (Side area) 
      Cumulative area ratio:  448.55
      Required ratio:    0.00 (Cumulative side area) 



Net: wave_controller_x_inst/_0737_
  Pin:   wave_controller_x_inst/fanout272/I (gf180mcu_fd_sc_mcu7t5v0__dlyb_1)
    Layer: Via1
      Partial area ratio:    0.17
      Required ratio:   20.00 (Gate area) 
      Cumulative area ratio:    0.17
      Required ratio:    0.00 (Cumulative area) 

    Layer: Metal2
      Partial area ratio:    6.01
      Required ratio:    0.00 (Gate area) 
      Cumulative area ratio:    6.01
      Required ratio:    0.00 (Cumulative area) 
      Partial area ratio:   23.95
      Required ratio:  400.00 (Side area) 
      Cumulative area ratio:   23.95
      Required ratio:    0.00 (Cumulative side area) 

    Layer: Via2
      Partial area ratio:    0.34
      Required ratio:   20.00 (Gate area) 
      Cumulative area ratio:    0.51
      Required ratio:    0.00 (Cumulative area) 

    Layer: Metal3
      Partial area ratio:    0.87
      Required ratio:    0.00 (Gate area) 
      Cumulative area ratio:    6.89
      Required ratio:    0.00 (Cumulative area) 
      Partial area ratio:    3.43
      Required ratio:  400.00 (Side area) 
      Cumulative area ratio:   27.39
      Required ratio:    0.00 (Cumulative side area) 


  Pin:   wave_controller_x_inst/fanout278/I (gf180mcu_fd_sc_mcu7t5v0__dlyb_1)
    Layer: Via1
      Partial area ratio:    0.17
      Required ratio:   20.00 (Gate area) 
      Cumulative area ratio:    0.17
      Required ratio:    0.00 (Cumulative area) 

    Layer: Metal2
      Partial area ratio:  126.92
      Required ratio:    0.00 (Gate area) 
      Cumulative area ratio:  126.92
      Required ratio:    0.00 (Cumulative area) 
      Partial area ratio:  490.30
      Required ratio:  400.00 (Side area) (VIOLATED)
      Cumulative area ratio:  490.30
      Required ratio:    0.00 (Cumulative side area) 

    Layer: Via2
      Partial area ratio:    0.34
      Required ratio:   20.00 (Gate area) 
      Cumulative area ratio:    0.51
      Required ratio:    0.00 (Cumulative area) 

    Layer: Metal3
      Partial area ratio:    0.87
      Required ratio:    0.00 (Gate area) 
      Cumulative area ratio:  127.79
      Required ratio:    0.00 (Cumulative area) 
      Partial area ratio:    3.43
      Required ratio:  400.00 (Side area) 
      Cumulative area ratio:  493.74
      Required ratio:    0.00 (Cumulative side area) 



Net: wave_controller_x_inst/_1121_
  Pin:   wave_controller_x_inst/_3462_/B (gf180mcu_fd_sc_mcu7t5v0__aoi211_1)
    Layer: Metal1
      Partial area ratio:    0.02
      Required ratio:    0.00 (Gate area) 
      Cumulative area ratio:    0.02
      Required ratio:    0.00 (Cumulative area) 
      Partial area ratio:    0.73
      Required ratio:  400.00 (Side area) 
      Cumulative area ratio:    0.73
      Required ratio:    0.00 (Cumulative side area) 

    Layer: Via1
      Partial area ratio:    0.08
      Required ratio:   20.00 (Gate area) 
      Cumulative area ratio:    0.08
      Required ratio:    0.00 (Cumulative area) 

    Layer: Metal2
      Partial area ratio:   33.12
      Required ratio:    0.00 (Gate area) 
      Cumulative area ratio:   33.14
      Required ratio:    0.00 (Cumulative area) 
      Partial area ratio:  128.09
      Required ratio:  400.00 (Side area) 
      Cumulative area ratio:  128.82
      Required ratio:    0.00 (Cumulative side area) 

    Layer: Via2
      Partial area ratio:    0.15
      Required ratio:   20.00 (Gate area) 
      Cumulative area ratio:    0.23
      Required ratio:    0.00 (Cumulative area) 

    Layer: Metal3
      Partial area ratio:    0.53
      Required ratio:    0.00 (Gate area) 
      Cumulative area ratio:   33.67
      Required ratio:    0.00 (Cumulative area) 
      Partial area ratio:    2.08
      Required ratio:  400.00 (Side area) 
      Cumulative area ratio:  130.90
      Required ratio:    0.00 (Cumulative side area) 


  Pin:   wave_controller_x_inst/fanout80/I (gf180mcu_fd_sc_mcu7t5v0__dlyb_1)
    Layer: Via1
      Partial area ratio:    0.17
      Required ratio:   20.00 (Gate area) 
      Cumulative area ratio:    0.17
      Required ratio:    0.00 (Cumulative area) 

    Layer: Metal2
      Partial area ratio:  103.63
      Required ratio:    0.00 (Gate area) 
      Cumulative area ratio:  103.63
      Required ratio:    0.00 (Cumulative area) 
      Partial area ratio:  400.47
      Required ratio:  400.00 (Side area) (VIOLATED)
      Cumulative area ratio:  400.47
      Required ratio:    0.00 (Cumulative side area) 

    Layer: Via2
      Partial area ratio:    0.51
      Required ratio:   20.00 (Gate area) 
      Cumulative area ratio:    0.68
      Required ratio:    0.00 (Cumulative area) 

    Layer: Metal3
      Partial area ratio:    0.53
      Required ratio:    0.00 (Gate area) 
      Cumulative area ratio:  104.16
      Required ratio:    0.00 (Cumulative area) 
      Partial area ratio:    2.08
      Required ratio:  400.00 (Side area) 
      Cumulative area ratio:  402.55
      Required ratio:    0.00 (Cumulative side area) 


  Pin:   wave_controller_x_inst/fanout84/I (gf180mcu_fd_sc_mcu7t5v0__dlyb_1)
    Layer: Via1
      Partial area ratio:    0.17
      Required ratio:   20.00 (Gate area) 
      Cumulative area ratio:    0.17
      Required ratio:    0.00 (Cumulative area) 

    Layer: Metal2
      Partial area ratio:    5.36
      Required ratio:    0.00 (Gate area) 
      Cumulative area ratio:    5.36
      Required ratio:    0.00 (Cumulative area) 
      Partial area ratio:   21.43
      Required ratio:  400.00 (Side area) 
      Cumulative area ratio:   21.43
      Required ratio:    0.00 (Cumulative side area) 

    Layer: Via2
      Partial area ratio:    0.34
      Required ratio:   20.00 (Gate area) 
      Cumulative area ratio:    0.51
      Required ratio:    0.00 (Cumulative area) 

    Layer: Metal3
      Partial area ratio:    0.53
      Required ratio:    0.00 (Gate area) 
      Cumulative area ratio:    5.89
      Required ratio:    0.00 (Cumulative area) 
      Partial area ratio:    2.08
      Required ratio:  400.00 (Side area) 
      Cumulative area ratio:   23.51
      Required ratio:    0.00 (Cumulative side area) 



Net: net1339
  Pin:   fanout1265/I (gf180mcu_fd_sc_mcu7t5v0__dlyb_1)
    Layer: Via1
      Partial area ratio:    0.17
      Required ratio:   20.00 (Gate area) 
      Cumulative area ratio:    0.17
      Required ratio:    0.00 (Cumulative area) 

    Layer: Metal2
      Partial area ratio:    3.24
      Required ratio:    0.00 (Gate area) 
      Cumulative area ratio:    3.24
      Required ratio:    0.00 (Cumulative area) 
      Partial area ratio:   13.26
      Required ratio:  400.00 (Side area) 
      Cumulative area ratio:   13.26
      Required ratio:    0.00 (Cumulative side area) 

    Layer: Via2
      Partial area ratio:    0.34
      Required ratio:   20.00 (Gate area) 
      Cumulative area ratio:    0.51
      Required ratio:    0.00 (Cumulative area) 

    Layer: Metal3
      Partial area ratio:   23.22
      Required ratio:    0.00 (Gate area) 
      Cumulative area ratio:   26.46
      Required ratio:    0.00 (Cumulative area) 
      Partial area ratio:   90.82
      Required ratio:  400.00 (Side area) 
      Cumulative area ratio:  104.08
      Required ratio:    0.00 (Cumulative side area) 

    Layer: Via3
      Partial area ratio:    0.03
      Required ratio:   20.00 (Gate area) 
      Cumulative area ratio:    0.54
      Required ratio:    0.00 (Cumulative area) 

    Layer: Metal4
      Partial area ratio:    1.46
      Required ratio:    0.00 (Gate area) 
      Cumulative area ratio:   27.91
      Required ratio:    0.00 (Cumulative area) 
      Partial area ratio:    5.64
      Required ratio:  400.00 (Side area) 
      Cumulative area ratio:  109.72
      Required ratio:    0.00 (Cumulative side area) 


  Pin:   fanout1286/I (gf180mcu_fd_sc_mcu7t5v0__dlyb_1)
    Layer: Via1
      Partial area ratio:    0.17
      Required ratio:   20.00 (Gate area) 
      Cumulative area ratio:    0.17
      Required ratio:    0.00 (Cumulative area) 

    Layer: Metal2
      Partial area ratio:   48.52
      Required ratio:    0.00 (Gate area) 
      Cumulative area ratio:   48.52
      Required ratio:    0.00 (Cumulative area) 
      Partial area ratio:  187.90
      Required ratio:  400.00 (Side area) 
      Cumulative area ratio:  187.90
      Required ratio:    0.00 (Cumulative side area) 

    Layer: Via2
      Partial area ratio:    0.34
      Required ratio:   20.00 (Gate area) 
      Cumulative area ratio:    0.51
      Required ratio:    0.00 (Cumulative area) 

    Layer: Metal3
      Partial area ratio:   23.22
      Required ratio:    0.00 (Gate area) 
      Cumulative area ratio:   71.73
      Required ratio:    0.00 (Cumulative area) 
      Partial area ratio:   90.82
      Required ratio:  400.00 (Side area) 
      Cumulative area ratio:  278.72
      Required ratio:    0.00 (Cumulative side area) 

    Layer: Via3
      Partial area ratio:    0.03
      Required ratio:   20.00 (Gate area) 
      Cumulative area ratio:    0.54
      Required ratio:    0.00 (Cumulative area) 

    Layer: Metal4
      Partial area ratio:    1.46
      Required ratio:    0.00 (Gate area) 
      Cumulative area ratio:   73.19
      Required ratio:    0.00 (Cumulative area) 
      Partial area ratio:    5.64
      Required ratio:  400.00 (Side area) 
      Cumulative area ratio:  284.36
      Required ratio:    0.00 (Cumulative side area) 


  Pin:   fanout1298/I (gf180mcu_fd_sc_mcu7t5v0__dlyb_1)
    Layer: Via1
      Partial area ratio:    0.17
      Required ratio:   20.00 (Gate area) 
      Cumulative area ratio:    0.17
      Required ratio:    0.00 (Cumulative area) 

    Layer: Metal2
      Partial area ratio:   30.63
      Required ratio:    0.00 (Gate area) 
      Cumulative area ratio:   30.63
      Required ratio:    0.00 (Cumulative area) 
      Partial area ratio:  118.92
      Required ratio:  400.00 (Side area) 
      Cumulative area ratio:  118.92
      Required ratio:    0.00 (Cumulative side area) 

    Layer: Via2
      Partial area ratio:    0.51
      Required ratio:   20.00 (Gate area) 
      Cumulative area ratio:    0.68
      Required ratio:    0.00 (Cumulative area) 

    Layer: Metal3
      Partial area ratio:   23.22
      Required ratio:    0.00 (Gate area) 
      Cumulative area ratio:   53.85
      Required ratio:    0.00 (Cumulative area) 
      Partial area ratio:   90.82
      Required ratio:  400.00 (Side area) 
      Cumulative area ratio:  209.73
      Required ratio:    0.00 (Cumulative side area) 

    Layer: Via3
      Partial area ratio:    0.03
      Required ratio:   20.00 (Gate area) 
      Cumulative area ratio:    0.71
      Required ratio:    0.00 (Cumulative area) 

    Layer: Metal4
      Partial area ratio:    1.46
      Required ratio:    0.00 (Gate area) 
      Cumulative area ratio:   55.30
      Required ratio:    0.00 (Cumulative area) 
      Partial area ratio:    5.64
      Required ratio:  400.00 (Side area) 
      Cumulative area ratio:  215.37
      Required ratio:    0.00 (Cumulative side area) 


  Pin:   wave_controller_x_inst/fanout1301/I (gf180mcu_fd_sc_mcu7t5v0__dlyb_1)
    Layer: Via1
      Partial area ratio:    0.17
      Required ratio:   20.00 (Gate area) 
      Cumulative area ratio:    0.17
      Required ratio:    0.00 (Cumulative area) 

    Layer: Metal2
      Partial area ratio:    7.80
      Required ratio:    0.00 (Gate area) 
      Cumulative area ratio:    7.80
      Required ratio:    0.00 (Cumulative area) 
      Partial area ratio:   30.87
      Required ratio:  400.00 (Side area) 
      Cumulative area ratio:   30.87
      Required ratio:    0.00 (Cumulative side area) 

    Layer: Via2
      Partial area ratio:    0.51
      Required ratio:   20.00 (Gate area) 
      Cumulative area ratio:    0.68
      Required ratio:    0.00 (Cumulative area) 

    Layer: Metal3
      Partial area ratio:   23.22
      Required ratio:    0.00 (Gate area) 
      Cumulative area ratio:   31.02
      Required ratio:    0.00 (Cumulative area) 
      Partial area ratio:   90.82
      Required ratio:  400.00 (Side area) 
      Cumulative area ratio:  121.68
      Required ratio:    0.00 (Cumulative side area) 

    Layer: Via3
      Partial area ratio:    0.03
      Required ratio:   20.00 (Gate area) 
      Cumulative area ratio:    0.71
      Required ratio:    0.00 (Cumulative area) 

    Layer: Metal4
      Partial area ratio:    1.46
      Required ratio:    0.00 (Gate area) 
      Cumulative area ratio:   32.48
      Required ratio:    0.00 (Cumulative area) 
      Partial area ratio:    5.64
      Required ratio:  400.00 (Side area) 
      Cumulative area ratio:  127.32
      Required ratio:    0.00 (Cumulative side area) 


  Pin:   wave_controller_x_inst/fanout1311/I (gf180mcu_fd_sc_mcu7t5v0__dlyb_1)
    Layer: Via1
      Partial area ratio:    0.17
      Required ratio:   20.00 (Gate area) 
      Cumulative area ratio:    0.17
      Required ratio:    0.00 (Cumulative area) 

    Layer: Metal2
      Partial area ratio:  115.37
      Required ratio:    0.00 (Gate area) 
      Cumulative area ratio:  115.37
      Required ratio:    0.00 (Cumulative area) 
      Partial area ratio:  445.75
      Required ratio:  400.00 (Side area) (VIOLATED)
      Cumulative area ratio:  445.75
      Required ratio:    0.00 (Cumulative side area) 

    Layer: Via2
      Partial area ratio:    0.51
      Required ratio:   20.00 (Gate area) 
      Cumulative area ratio:    0.68
      Required ratio:    0.00 (Cumulative area) 

    Layer: Metal3
      Partial area ratio:   23.22
      Required ratio:    0.00 (Gate area) 
      Cumulative area ratio:  138.58
      Required ratio:    0.00 (Cumulative area) 
      Partial area ratio:   90.82
      Required ratio:  400.00 (Side area) 
      Cumulative area ratio:  536.57
      Required ratio:    0.00 (Cumulative side area) 

    Layer: Via3
      Partial area ratio:    0.03
      Required ratio:   20.00 (Gate area) 
      Cumulative area ratio:    0.71
      Required ratio:    0.00 (Cumulative area) 

    Layer: Metal4
      Partial area ratio:    1.46
      Required ratio:    0.00 (Gate area) 
      Cumulative area ratio:  140.04
      Required ratio:    0.00 (Cumulative area) 
      Partial area ratio:    5.64
      Required ratio:  400.00 (Side area) 
      Cumulative area ratio:  542.21
      Required ratio:    0.00 (Cumulative side area) 


  Pin:   wave_controller_x_inst/fanout1320/I (gf180mcu_fd_sc_mcu7t5v0__dlyb_1)
    Layer: Via1
      Partial area ratio:    0.17
      Required ratio:   20.00 (Gate area) 
      Cumulative area ratio:    0.17
      Required ratio:    0.00 (Cumulative area) 

    Layer: Metal2
      Partial area ratio:    0.86
      Required ratio:    0.00 (Gate area) 
      Cumulative area ratio:    0.86
      Required ratio:    0.00 (Cumulative area) 
      Partial area ratio:    4.10
      Required ratio:  400.00 (Side area) 
      Cumulative area ratio:    4.10
      Required ratio:    0.00 (Cumulative side area) 

    Layer: Via2
      Partial area ratio:    0.34
      Required ratio:   20.00 (Gate area) 
      Cumulative area ratio:    0.51
      Required ratio:    0.00 (Cumulative area) 

    Layer: Metal3
      Partial area ratio:   23.22
      Required ratio:    0.00 (Gate area) 
      Cumulative area ratio:   24.08
      Required ratio:    0.00 (Cumulative area) 
      Partial area ratio:   90.82
      Required ratio:  400.00 (Side area) 
      Cumulative area ratio:   94.92
      Required ratio:    0.00 (Cumulative side area) 

    Layer: Via3
      Partial area ratio:    0.03
      Required ratio:   20.00 (Gate area) 
      Cumulative area ratio:    0.54
      Required ratio:    0.00 (Cumulative area) 

    Layer: Metal4
      Partial area ratio:    1.46
      Required ratio:    0.00 (Gate area) 
      Cumulative area ratio:   25.54
      Required ratio:    0.00 (Cumulative area) 
      Partial area ratio:    5.64
      Required ratio:  400.00 (Side area) 
      Cumulative area ratio:  100.55
      Required ratio:    0.00 (Cumulative side area) 


  Pin:   fanout1337/I (gf180mcu_fd_sc_mcu7t5v0__dlyb_1)
    Layer: Via1
      Partial area ratio:    0.17
      Required ratio:   20.00 (Gate area) 
      Cumulative area ratio:    0.17
      Required ratio:    0.00 (Cumulative area) 

    Layer: Metal2
      Partial area ratio:    3.24
      Required ratio:    0.00 (Gate area) 
      Cumulative area ratio:    3.24
      Required ratio:    0.00 (Cumulative area) 
      Partial area ratio:   13.26
      Required ratio:  400.00 (Side area) 
      Cumulative area ratio:   13.26
      Required ratio:    0.00 (Cumulative side area) 

    Layer: Via2
      Partial area ratio:    0.34
      Required ratio:   20.00 (Gate area) 
      Cumulative area ratio:    0.51
      Required ratio:    0.00 (Cumulative area) 

    Layer: Metal3
      Partial area ratio:    0.53
      Required ratio:    0.00 (Gate area) 
      Cumulative area ratio:    3.77
      Required ratio:    0.00 (Cumulative area) 
      Partial area ratio:    2.12
      Required ratio:  400.00 (Side area) 
      Cumulative area ratio:   15.38
      Required ratio:    0.00 (Cumulative side area) 

    Layer: Via3
      Partial area ratio:    0.17
      Required ratio:    0.00 (Gate area) 
      Cumulative area ratio:    0.68
      Required ratio:    0.00 (Cumulative area) 

    Layer: Metal4
      Partial area ratio:    1.46
      Required ratio:    0.00 (Gate area) 
      Cumulative area ratio:    5.23
      Required ratio:    0.00 (Cumulative area) 
      Partial area ratio:    5.64
      Required ratio:  400.00 (Side area) 
      Cumulative area ratio:   21.02
      Required ratio:    0.00 (Cumulative side area) 



[INFO ANT-0002] Found 5 net violations.
[INFO ANT-0001] Found 5 pin violations.
%OL_END_REPORT
