
===========================================================================
 report_power
============================================================================
======================= nom_tt_025C_3v30 Corner ===================================

Group                    Internal    Switching      Leakage        Total
                            Power        Power        Power        Power (Watts)
------------------------------------------------------------------------
Sequential           6.540568e-04 6.994575e-06 1.112909e-07 6.611627e-04  50.5%
Combinational        2.515260e-05 2.945066e-05 3.743194e-07 5.497758e-05   4.2%
Clock                3.059612e-04 2.883122e-04 8.362723e-08 5.943571e-04  45.4%
Macro                0.000000e+00 0.000000e+00 0.000000e+00 0.000000e+00   0.0%
Pad                  0.000000e+00 0.000000e+00 0.000000e+00 0.000000e+00   0.0%
------------------------------------------------------------------------
Total                9.851696e-04 3.247574e-04 5.692103e-07 1.310496e-03 100.0%
                            75.2%        24.8%         0.0%
Writing metric power__internal__total: 0.0009851695504039526
Writing metric power__switching__total: 0.00032475744956173003
Writing metric power__leakage__total: 5.692102718057868e-7
Writing metric power__total: 0.001310496125370264

