[WARNING ORD-0039] .openroad ignored with -python
Unannotated report:
['report_parasitic_annotation -report_unannotated\n',
 '============================================================================\n',
 'Found 15 unannotated drivers.\n',
 ' clkload0/Z\n',
 ' clkload1/Z\n',
 ' clkload10/Z\n',
 ' clkload11/Z\n',
 ' clkload12/Z\n',
 ' clkload13/Z\n',
 ' clkload14/Z\n',
 ' clkload2/Z\n',
 ' clkload3/Z\n',
 ' clkload4/Z\n',
 ' clkload5/Z\n',
 ' clkload6/Z\n',
 ' clkload7/Z\n',
 ' clkload8/Z\n',
 ' clkload9/Z\n',
 'Found 0 partially unannotated drivers.\n',
 '\n']
Reported nets:
['clkload0/Z',
 'clkload1/Z',
 'clkload10/Z',
 'clkload11/Z',
 'clkload12/Z',
 'clkload13/Z',
 'clkload14/Z',
 'clkload2/Z',
 'clkload3/Z',
 'clkload4/Z',
 'clkload5/Z',
 'clkload6/Z',
 'clkload7/Z',
 'clkload8/Z',
 'clkload9/Z']
Filtered nets:
[]
done
