Clock: clk
Sources: clk 
Generated: no
Virtual: yes
Propagated: no
Period: 200.000000

===========================================================================
report_clock_properties
============================================================================
Clock                   Period          Waveform
----------------------------------------------------
clk                 200.000000    0.000000100.000000

===========================================================================
report_clock_latency
============================================================================
Clock clk
rise -> rise
    min     max
0.000000 0.000000 source latency
11.513418         network latency _12207_/CLK
        11.513606 network latency _11721_/CLK
---------------
11.513418 11.513606 latency
        0.000188 skew

fall -> fall
    min     max
0.000000 0.000000 source latency
6.347321         network latency _12207_/CLK
        6.347513 network latency _12218_/CLK
---------------
6.347321 6.347513 latency
        0.000192 skew



===========================================================================
report_clock_min_period
============================================================================
clk period_min = 73.72 fmax = 13.56
