Reading timing models for corner nom_tt_025C_5v00…
Reading timing library for the 'nom_tt_025C_5v00' corner at '/workspace/gf180mcu/gf180mcuD/libs.ref/gf180mcu_fd_sc_mcu7t5v0/lib/gf180mcu_fd_sc_mcu7t5v0__tt_025C_5v00.lib'…
Reading timing library for the 'nom_tt_025C_5v00' corner at '/workspace/gf180mcu/gf180mcuD/libs.ref/gf180mcu_fd_io/lib/gf180mcu_fd_io__tt_025C_5v00.lib'…
Reading timing library for the 'nom_tt_025C_5v00' corner at '/workspace/gf180mcu/gf180mcuD/libs.ref/gf180mcu_fd_io/lib/gf180mcu_ws_io__tt_025C_5v00.lib'…
Reading OpenROAD database at '/workspace/librelane/runs/RUN_2026-08-09_19-20-25/21-openroad-generatepdn/chip_core.odb'…
[WARNING ORD-2001] LEF macro gf180mcu_ef_io__bi_t pin ANA missing from liberty cell.
Reading design constraints file at '/usr/local/lib/python3.12/dist-packages/librelane/scripts/base.sdc'…
[INFO] Using clock clk…
[INFO] Setting output delay to: 40
[INFO] Setting input delay to: 40
[INFO] Setting load to: 0.07291
[INFO] Setting clock uncertainty to: 0.25
[INFO] Setting clock transition to: 0.15
[INFO] Setting timing derate to: 5%
+ global_placement -density 0.55 -skip_io -pad_right 0 -pad_left 0 -init_wirelength_coef 0.25
[INFO GPL-0001] ---- Initialize GPL Main Data Structures
[INFO GPL-0002] DBU: 2000
[INFO GPL-0003] SiteSize: (  0.560  3.920 ) um
[INFO GPL-0004] CoreBBox: (  6.720 15.680 ) ( 665.280 674.240 ) um
[INFO GPL-0036] Movable instances area:     130254.387 um^2
[INFO GPL-0037] Total instances area:       142578.240 um^2
[INFO GPL-0035] Pin density area adjust:     15578.962 um^2
[INFO GPL-0032] ---- Initialize Region: Top-level
[INFO GPL-0006] Number of instances:              8093
[INFO GPL-0007] Movable instances:                5286
[INFO GPL-0008] Fixed instances:                  2807
[INFO GPL-0009] Dummy instances:                     0
[INFO GPL-0010] Number of nets:                   5302
[INFO GPL-0011] Number of pins:                  19020
[INFO GPL-0012] Die BBox:  (  0.000  0.000 ) ( 672.365 690.285 ) um
[INFO GPL-0013] Core BBox: (  6.720 15.680 ) ( 665.280 674.240 ) um
[INFO GPL-0016] Core area:                  433701.274 um^2
[INFO GPL-0014] Region name: top-level.
[INFO GPL-0015] Region area:                433701.274 um^2
[INFO GPL-0017] Fixed instances area:        12323.853 um^2
[INFO GPL-0018] Movable instances area:     145833.349 um^2
[INFO GPL-0019] Utilization:                    34.609 %
[INFO GPL-0020] Standard cells area:        145833.349 um^2
[INFO GPL-0021] Large instances area:            0.000 um^2
[INFO GPL-0005] ---- Execute Conjugate Gradient Initial Placement.
[INFO GPL-0051] Source of initial instance position counters:
	Odb location = 0	Core center = 5286	Region center = 0
[INFO GPL-0033] ---- Initialize Nesterov Region: Top-level
[INFO GPL-0023] Placement target density:       0.5500
[INFO GPL-0024] Movable insts average area:     27.589 um^2
[INFO GPL-0025] Ideal bin area:                 50.161 um^2
[INFO GPL-0026] Ideal bin count:                  8646
[INFO GPL-0027] Total bin area:             433701.274 um^2
[INFO GPL-0028] Bin count (X, Y):          64 ,     64
[INFO GPL-0029] Bin size (W * H):      10.290 * 10.290 um
[INFO GPL-0030] Number of bins:                   4096
[INFO GPL-0007] ---- Execute Nesterov Global Placement.
[INFO GPL-0031] HPWL: Half-Perimeter Wirelength
Iteration | Overflow |     HPWL (um) |  HPWL(%) |   Penalty | Group
---------------------------------------------------------------
        0 |   0.9984 |  2.196734e+04 |   +0.00% |  1.70e-16 |      
       10 |   0.9959 |  1.627231e+04 |  -25.92% |  2.78e-16 |      
       20 |   0.9955 |  1.611960e+04 |   -0.94% |  4.52e-16 |      
       30 |   0.9954 |  1.611899e+04 |   -0.00% |  7.37e-16 |      
       40 |   0.9953 |  1.611589e+04 |   -0.02% |  1.20e-15 |      
       50 |   0.9953 |  1.611720e+04 |   +0.01% |  1.95e-15 |      
       60 |   0.9953 |  1.611938e+04 |   +0.01% |  3.18e-15 |      
       70 |   0.9954 |  1.612769e+04 |   +0.05% |  5.19e-15 |      
       80 |   0.9953 |  1.615014e+04 |   +0.14% |  8.45e-15 |      
       90 |   0.9953 |  1.619393e+04 |   +0.27% |  1.38e-14 |      
      100 |   0.9952 |  1.627925e+04 |   +0.53% |  2.24e-14 |      
      110 |   0.9946 |  1.645997e+04 |   +1.11% |  3.65e-14 |      
      120 |   0.9923 |  1.690454e+04 |   +2.70% |  5.95e-14 |      
      130 |   0.9887 |  1.813737e+04 |   +7.29% |  9.68e-14 |      
      140 |   0.9850 |  2.117389e+04 |  +16.74% |  1.58e-13 |      
      150 |   0.9789 |  2.710425e+04 |  +28.01% |  2.56e-13 |      
      160 |   0.9638 |  3.756690e+04 |  +38.60% |  4.17e-13 |      
      170 |   0.9459 |  4.792174e+04 |  +27.56% |  6.77e-13 |      
      180 |   0.9333 |  5.474930e+04 |  +14.25% |  1.10e-12 |      
      190 |   0.9172 |  6.319909e+04 |  +15.43% |  1.79e-12 |      
      200 |   0.8870 |  7.417562e+04 |  +17.37% |  2.91e-12 |      
      210 |   0.8626 |  8.465019e+04 |  +14.12% |  4.73e-12 |      
      220 |   0.8349 |  9.816692e+04 |  +15.97% |  7.68e-12 |      
      230 |   0.7971 |  1.122496e+05 |  +14.35% |  1.25e-11 |      
      240 |   0.7606 |  1.245021e+05 |  +10.92% |  2.03e-11 |      
      250 |   0.7192 |  1.384725e+05 |  +11.22% |  3.29e-11 |      
      260 |   0.6758 |  1.524111e+05 |  +10.07% |  5.34e-11 |      
      270 |   0.6357 |  1.649017e+05 |   +8.20% |  8.68e-11 |      
      280 |   0.5844 |  1.768346e+05 |   +7.24% |  1.41e-10 |      
      290 |   0.5318 |  1.873227e+05 |   +5.93% |  2.29e-10 |      
      300 |   0.4761 |  1.966368e+05 |   +4.97% |  3.73e-10 |      
      310 |   0.4144 |  2.055161e+05 |   +4.52% |  6.06e-10 |      
      320 |   0.3693 |  2.119765e+05 |   +3.14% |  9.85e-10 |      
      330 |   0.3309 |  2.151413e+05 |   +1.49% |  1.53e-09 |      
      340 |   0.3006 |  2.171917e+05 |   +0.95% |  2.25e-09 |      
      350 |   0.2680 |  2.199691e+05 |   +1.28% |  3.31e-09 |      
      360 |   0.2403 |  2.213108e+05 |   +0.61% |  4.87e-09 |      
      370 |   0.2133 |  2.227241e+05 |   +0.64% |  7.17e-09 |      
      380 |   0.1889 |  2.238775e+05 |   +0.52% |  1.06e-08 |      
      390 |   0.1678 |  2.247933e+05 |   +0.41% |  1.56e-08 |      
      400 |   0.1465 |  2.255454e+05 |   +0.33% |  2.29e-08 |      
      410 |   0.1268 |  2.262143e+05 |   +0.30% |  3.38e-08 |      
      420 |   0.1081 |  2.268955e+05 |   +0.30% |  4.97e-08 |      
      426 |   0.0985 |  2.272625e+05 |          |  6.52e-08 |      
---------------------------------------------------------------
[INFO GPL-1001] Global placement finished at iteration 426
[INFO GPL-1002] Placed Cell Area            145833.3490
[INFO GPL-1003] Available Free Area         421377.4208
[INFO GPL-1004] Minimum Feasible Density        0.3500 (cell_area / free_area)
[INFO GPL-1006]   Suggested Target Densities:
[INFO GPL-1007]     - For 90% usage of free space: 0.3845
[INFO GPL-1008]     - For 80% usage of free space: 0.4326
[INFO GPL-1009]     - For 50% usage of free space: 0.6922
[INFO GPL-1014] Final placement area: 145833.35 (+0.00%)
Setting global connections for newly added cells…
[INFO] Setting global connections...
[INFO ODB-0403] 0 connections made, 0 conflicts skipped.
Updating metrics…
Cell type report:                       Count       Area
  Endcap cell                             336    1475.17
  Tap cell                               2807   12323.85
  Tie cell                                 61     535.63
  Buffer                                   16     210.74
  Inverter                                446    3916.24
  Sequential cell                         561   41851.49
  Multi-Input combinational cell         4202   83740.29
  Total                                  8429  144053.41
Writing OpenROAD database to '/workspace/librelane/runs/RUN_2026-08-09_19-20-25/24-openroad-globalplacementskipio/chip_core.odb'…
Writing netlist to '/workspace/librelane/runs/RUN_2026-08-09_19-20-25/24-openroad-globalplacementskipio/chip_core.nl.v'…
Writing powered netlist to '/workspace/librelane/runs/RUN_2026-08-09_19-20-25/24-openroad-globalplacementskipio/chip_core.pnl.v'…
Writing layout to '/workspace/librelane/runs/RUN_2026-08-09_19-20-25/24-openroad-globalplacementskipio/chip_core.def'…
Writing timing constraints to '/workspace/librelane/runs/RUN_2026-08-09_19-20-25/24-openroad-globalplacementskipio/chip_core.sdc'…
