Starting…
Running 'Verilator.Lint' at 'librelane/runs/RUN_2026-08-10_00-05-58/01-verilator-lint'…
Logging subprocess to [repr.filename]'librelane/runs/RUN_2026-08-10_00-05-58/01-verilator-lint/verilator-lint.log'[/repr.filename]…
Running 'Checker.LintTimingConstructs' at 'librelane/runs/RUN_2026-08-10_00-05-58/02-checker-linttimingconstructs'…
Check for Lint Timing Errors clear.
Running 'Checker.LintErrors' at 'librelane/runs/RUN_2026-08-10_00-05-58/03-checker-linterrors'…
Check for Lint errors clear.
Running 'Checker.LintWarnings' at 'librelane/runs/RUN_2026-08-10_00-05-58/04-checker-lintwarnings'…
Check for Lint warnings clear.
Running 'Yosys.JsonHeader' at 'librelane/runs/RUN_2026-08-10_00-05-58/05-yosys-jsonheader'…
Logging subprocess to [repr.filename]'librelane/runs/RUN_2026-08-10_00-05-58/05-yosys-jsonheader/yosys-jsonheader.log'[/repr.filename]…
Running 'Yosys.Synthesis' at 'librelane/runs/RUN_2026-08-10_00-05-58/06-yosys-synthesis'…
Logging subprocess to [repr.filename]'librelane/runs/RUN_2026-08-10_00-05-58/06-yosys-synthesis/yosys-synthesis.log'[/repr.filename]…
Parsing synthesis checks…
Running 'Checker.YosysUnmappedCells' at 'librelane/runs/RUN_2026-08-10_00-05-58/07-checker-yosysunmappedcells'…
Check for Unmapped Yosys instances clear.
Running 'Checker.YosysSynthChecks' at 'librelane/runs/RUN_2026-08-10_00-05-58/08-checker-yosyssynthchecks'…
Check for Yosys check errors clear.
Running 'Checker.NetlistAssignStatements' at 'librelane/runs/RUN_2026-08-10_00-05-58/09-checker-netlistassignstatements'…
Running 'OpenROAD.CheckSDCFiles' at 'librelane/runs/RUN_2026-08-10_00-05-58/10-openroad-checksdcfiles'…
'PNR_SDC_FILE' is not defined. Using generic fallback SDC for OpenROAD PnR steps.
'SIGNOFF_SDC_FILE' is not defined. Using generic fallback SDC for OpenROAD PnR steps.
Running 'OpenROAD.CheckMacroInstances' at 'librelane/runs/RUN_2026-08-10_00-05-58/11-openroad-checkmacroinstances'…
No macros found, skipping instance check…
Running 'OpenROAD.STAPrePNR' at 'librelane/runs/RUN_2026-08-10_00-05-58/12-openroad-staprepnr'…
Starting STA for the nom_tt_025C_3v30 timing corner…
Starting STA for the min_ff_n40C_3v60 timing corner…
Starting STA for the max_ss_125C_3v00 timing corner…
Logging subprocess to [repr.filename]'librelane/runs/RUN_2026-08-10_00-05-58/12-openroad-staprepnr/nom_tt_025C_3v30/sta.log'[/repr.filename]…
Logging subprocess to [repr.filename]'librelane/runs/RUN_2026-08-10_00-05-58/12-openroad-staprepnr/min_ff_n40C_3v60/sta.log'[/repr.filename]…
Logging subprocess to [repr.filename]'librelane/runs/RUN_2026-08-10_00-05-58/12-openroad-staprepnr/max_ss_125C_3v00/sta.log'[/repr.filename]…
Finished STA for the nom_tt_025C_3v30 timing corner.
Finished STA for the max_ss_125C_3v00 timing corner.
Finished STA for the min_ff_n40C_3v60 timing corner.
Running 'OpenROAD.Floorplan' at 'librelane/runs/RUN_2026-08-10_00-05-58/13-openroad-floorplan'…
Logging subprocess to [repr.filename]'librelane/runs/RUN_2026-08-10_00-05-58/13-openroad-floorplan/openroad-floorplan.log'[/repr.filename]…
Running 'OpenROAD.DumpRCValues' at 'librelane/runs/RUN_2026-08-10_00-05-58/14-openroad-dumprcvalues'…
Logging subprocess to [repr.filename]'librelane/runs/RUN_2026-08-10_00-05-58/14-openroad-dumprcvalues/openroad-dumprcvalues.log'[/repr.filename]…
Running 'Odb.CheckMacroAntennaProperties' at 'librelane/runs/RUN_2026-08-10_00-05-58/15-odb-checkmacroantennaproperties'…
No cells provided, skipping 'Odb.CheckMacroAntennaProperties'…
Running 'Odb.SetPowerConnections' at 'librelane/runs/RUN_2026-08-10_00-05-58/16-odb-setpowerconnections'…
Logging subprocess to [repr.filename]'librelane/runs/RUN_2026-08-10_00-05-58/16-odb-setpowerconnections/odb-setpowerconnections.log'[/repr.filename]…
Running 'Odb.ManualMacroPlacement' at 'librelane/runs/RUN_2026-08-10_00-05-58/17-odb-manualmacroplacement'…
No instances found, skipping 'Odb.ManualMacroPlacement'…
Running 'OpenROAD.CutRows' at 'librelane/runs/RUN_2026-08-10_00-05-58/18-openroad-cutrows'…
Logging subprocess to [repr.filename]'librelane/runs/RUN_2026-08-10_00-05-58/18-openroad-cutrows/openroad-cutrows.log'[/repr.filename]…
Running 'OpenROAD.TapEndcapInsertion' at 'librelane/runs/RUN_2026-08-10_00-05-58/19-openroad-tapendcapinsertion'…
Logging subprocess to [repr.filename]'librelane/runs/RUN_2026-08-10_00-05-58/19-openroad-tapendcapinsertion/openroad-tapendcapinsertion.log'[/repr.filename]…
Running 'Odb.AddPDNObstructions' at 'librelane/runs/RUN_2026-08-10_00-05-58/20-odb-addpdnobstructions'…
'PDN_OBSTRUCTIONS' is not defined. Skipping 'Odb.AddPDNObstructions'…
Running 'OpenROAD.GeneratePDN' at 'librelane/runs/RUN_2026-08-10_00-05-58/21-openroad-generatepdn'…
Logging subprocess to [repr.filename]'librelane/runs/RUN_2026-08-10_00-05-58/21-openroad-generatepdn/openroad-generatepdn.log'[/repr.filename]…
Running 'Odb.RemovePDNObstructions' at 'librelane/runs/RUN_2026-08-10_00-05-58/22-odb-removepdnobstructions'…
'PDN_OBSTRUCTIONS' is not defined. Skipping 'Odb.RemovePDNObstructions'…
Running 'Odb.AddRoutingObstructions' at 'librelane/runs/RUN_2026-08-10_00-05-58/23-odb-addroutingobstructions'…
'ROUTING_OBSTRUCTIONS' is not defined. Skipping 'Odb.AddRoutingObstructions'…
Running 'OpenROAD.GlobalPlacementSkipIO' at 'librelane/runs/RUN_2026-08-10_00-05-58/24-openroad-globalplacementskipio'…
I/O pins to be placed from /workspace/librelane/pin_order.cfg. Returning state unaltered…
Running 'OpenROAD.IOPlacement' at 'librelane/runs/RUN_2026-08-10_00-05-58/25-openroad-ioplacement'…
IO_PIN_ORDER_CFG is set. Skipping 'OpenROAD.IOPlacement'…
Running 'Odb.CustomIOPlacement' at 'librelane/runs/RUN_2026-08-10_00-05-58/26-odb-customioplacement'…
Logging subprocess to [repr.filename]'librelane/runs/RUN_2026-08-10_00-05-58/26-odb-customioplacement/odb-customioplacement.log'[/repr.filename]…
Running 'Odb.ApplyDEFTemplate' at 'librelane/runs/RUN_2026-08-10_00-05-58/27-odb-applydeftemplate'…
No DEF template provided, skipping 'Odb.ApplyDEFTemplate'…
Running 'OpenROAD.GlobalPlacement' at 'librelane/runs/RUN_2026-08-10_00-05-58/28-openroad-globalplacement'…
Logging subprocess to [repr.filename]'librelane/runs/RUN_2026-08-10_00-05-58/28-openroad-globalplacement/openroad-globalplacement.log'[/repr.filename]…
Running 'Odb.WriteVerilogHeader' at 'librelane/runs/RUN_2026-08-10_00-05-58/29-odb-writeverilogheader'…
Logging subprocess to [repr.filename]'librelane/runs/RUN_2026-08-10_00-05-58/29-odb-writeverilogheader/odb-writeverilogheader.log'[/repr.filename]…
Running 'Checker.PowerGridViolations' at 'librelane/runs/RUN_2026-08-10_00-05-58/30-checker-powergridviolations'…
Check for power grid violations (as reported by OpenROAD PSM- you may ignore these if LVS passes) clear.
Running 'OpenROAD.STAMidPNR' at 'librelane/runs/RUN_2026-08-10_00-05-58/31-openroad-stamidpnr'…
Logging subprocess to [repr.filename]'librelane/runs/RUN_2026-08-10_00-05-58/31-openroad-stamidpnr/openroad-stamidpnr.log'[/repr.filename]…
Running 'OpenROAD.RepairDesignPostGPL' at 'librelane/runs/RUN_2026-08-10_00-05-58/32-openroad-repairdesignpostgpl'…
Logging subprocess to [repr.filename]'librelane/runs/RUN_2026-08-10_00-05-58/32-openroad-repairdesignpostgpl/openroad-repairdesignpostgpl.log'[/repr.filename]…
[RSZ-0020] found 2 floating nets.
Running 'Odb.ManualGlobalPlacement' at 'librelane/runs/RUN_2026-08-10_00-05-58/33-odb-manualglobalplacement'…
'MANUAL_GLOBAL_PLACEMENTS' not set. Skipping 'Odb.ManualGlobalPlacement'…
Running 'OpenROAD.DetailedPlacement' at 'librelane/runs/RUN_2026-08-10_00-05-58/34-openroad-detailedplacement'…
Logging subprocess to [repr.filename]'librelane/runs/RUN_2026-08-10_00-05-58/34-openroad-detailedplacement/openroad-detailedplacement.log'[/repr.filename]…
Running 'OpenROAD.CTS' at 'librelane/runs/RUN_2026-08-10_00-05-58/35-openroad-cts'…
Logging subprocess to [repr.filename]'librelane/runs/RUN_2026-08-10_00-05-58/35-openroad-cts/openroad-cts.log'[/repr.filename]…
Running 'OpenROAD.STAMidPNR-1' at 'librelane/runs/RUN_2026-08-10_00-05-58/36-openroad-stamidpnr-1'…
Logging subprocess to [repr.filename]'librelane/runs/RUN_2026-08-10_00-05-58/36-openroad-stamidpnr-1/openroad-stamidpnr-1.log'[/repr.filename]…
Running 'OpenROAD.ResizerTimingPostCTS' at 'librelane/runs/RUN_2026-08-10_00-05-58/37-openroad-resizertimingpostcts'…
Logging subprocess to [repr.filename]'librelane/runs/RUN_2026-08-10_00-05-58/37-openroad-resizertimingpostcts/openroad-resizertimingpostcts.log'[/repr.filename]…
Running 'OpenROAD.STAMidPNR-2' at 'librelane/runs/RUN_2026-08-10_00-05-58/38-openroad-stamidpnr-2'…
Logging subprocess to [repr.filename]'librelane/runs/RUN_2026-08-10_00-05-58/38-openroad-stamidpnr-2/openroad-stamidpnr-2.log'[/repr.filename]…
Running 'OpenROAD.GlobalRouting' at 'librelane/runs/RUN_2026-08-10_00-05-58/39-openroad-globalrouting'…
Logging subprocess to [repr.filename]'librelane/runs/RUN_2026-08-10_00-05-58/39-openroad-globalrouting/openroad-globalrouting.log'[/repr.filename]…
Running 'OpenROAD.CheckAntennas' at 'librelane/runs/RUN_2026-08-10_00-05-58/40-openroad-checkantennas'…
Logging subprocess to [repr.filename]'librelane/runs/RUN_2026-08-10_00-05-58/40-openroad-checkantennas/openroad-checkantennas.log'[/repr.filename]…
Gating variable for step 'OpenROAD.RepairDesignPostGRT' set to 'False'- the step will be skipped.
Skipping step 'Repair Design (Post-Global Routing)'…
Running 'Odb.DiodesOnPorts' at 'librelane/runs/RUN_2026-08-10_00-05-58/41-odb-diodesonports'…
'DIODE_ON_PORTS' is set to 'none': skipping 'Odb.DiodesOnPorts'…
Gating variable for step 'Odb.HeuristicDiodeInsertion' set to 'False'- the step will be skipped.
Skipping step 'Heuristic Diode Insertion'…
Running 'OpenROAD.RepairAntennas' at 'librelane/runs/RUN_2026-08-10_00-05-58/42-openroad-repairantennas'…
Running 'OpenROAD.DiodeInsertion' at 'librelane/runs/RUN_2026-08-10_00-05-58/42-openroad-repairantennas/1-openroad-diodeinsertion'…
Logging subprocess to [repr.filename]'librelane/runs/RUN_2026-08-10_00-05-58/42-openroad-repairantennas/1-openroad-diodeinsertion/openroad-diodeinsertion.log'[/repr.filename]…
Running 'OpenROAD.CheckAntennas' at 'librelane/runs/RUN_2026-08-10_00-05-58/42-openroad-repairantennas/2-openroad-checkantennas'…
Logging subprocess to [repr.filename]'librelane/runs/RUN_2026-08-10_00-05-58/42-openroad-repairantennas/2-openroad-checkantennas/openroad-checkantennas.log'[/repr.filename]…
Gating variable for step 'OpenROAD.ResizerTimingPostGRT' set to 'False'- the step will be skipped.
Skipping step 'Resizer Timing Optimizations (Post-Global Routing)'…
Running 'OpenROAD.STAMidPNR-3' at 'librelane/runs/RUN_2026-08-10_00-05-58/43-openroad-stamidpnr-3'…
Logging subprocess to [repr.filename]'librelane/runs/RUN_2026-08-10_00-05-58/43-openroad-stamidpnr-3/openroad-stamidpnr-3.log'[/repr.filename]…
Running 'OpenROAD.DetailedRouting' at 'librelane/runs/RUN_2026-08-10_00-05-58/44-openroad-detailedrouting'…
Running TritonRoute with 16 threads…
Logging subprocess to [repr.filename]'librelane/runs/RUN_2026-08-10_00-05-58/44-openroad-detailedrouting/openroad-detailedrouting.log'[/repr.filename]…
[DRT-0349] LEF58_ENCLOSURE with no CUTCLASS is not supported. Skipping for layer Via1
[DRT-0349] LEF58_ENCLOSURE with no CUTCLASS is not supported. Skipping for layer Via1
[DRT-0349] LEF58_ENCLOSURE with no CUTCLASS is not supported. Skipping for layer Via2
[DRT-0349] LEF58_ENCLOSURE with no CUTCLASS is not supported. Skipping for layer Via2
[DRT-0349] LEF58_ENCLOSURE with no CUTCLASS is not supported. Skipping for layer Via3
[DRT-0349] LEF58_ENCLOSURE with no CUTCLASS is not supported. Skipping for layer Via3
[DRT-0349] LEF58_ENCLOSURE with no CUTCLASS is not supported. Skipping for layer Via4
[DRT-0349] LEF58_ENCLOSURE with no CUTCLASS is not supported. Skipping for layer Via4
Running 'Odb.RemoveRoutingObstructions' at 'librelane/runs/RUN_2026-08-10_00-05-58/45-odb-removeroutingobstructions'…
'ROUTING_OBSTRUCTIONS' is not defined. Skipping 'Odb.RemoveRoutingObstructions'…
Running 'OpenROAD.CheckAntennas-1' at 'librelane/runs/RUN_2026-08-10_00-05-58/46-openroad-checkantennas-1'…
Logging subprocess to [repr.filename]'librelane/runs/RUN_2026-08-10_00-05-58/46-openroad-checkantennas-1/openroad-checkantennas-1.log'[/repr.filename]…
Running 'Checker.TrDRC' at 'librelane/runs/RUN_2026-08-10_00-05-58/47-checker-trdrc'…
Check for Routing DRC errors clear.
Running 'Odb.ReportDisconnectedPins' at 'librelane/runs/RUN_2026-08-10_00-05-58/48-odb-reportdisconnectedpins'…
Logging subprocess to [repr.filename]'librelane/runs/RUN_2026-08-10_00-05-58/48-odb-reportdisconnectedpins/odb-reportdisconnectedpins.log'[/repr.filename]…
Running 'Checker.DisconnectedPins' at 'librelane/runs/RUN_2026-08-10_00-05-58/49-checker-disconnectedpins'…
Check for critical disconnected pins clear.
Running 'Odb.ReportWireLength' at 'librelane/runs/RUN_2026-08-10_00-05-58/50-odb-reportwirelength'…
Logging subprocess to [repr.filename]'librelane/runs/RUN_2026-08-10_00-05-58/50-odb-reportwirelength/odb-reportwirelength.log'[/repr.filename]…
Running 'Checker.WireLength' at 'librelane/runs/RUN_2026-08-10_00-05-58/51-checker-wirelength'…
Threshold for Threshold-surpassing long wires is not set. The checker will be skipped.
Running 'OpenROAD.FillInsertion' at 'librelane/runs/RUN_2026-08-10_00-05-58/52-openroad-fillinsertion'…
Logging subprocess to [repr.filename]'librelane/runs/RUN_2026-08-10_00-05-58/52-openroad-fillinsertion/openroad-fillinsertion.log'[/repr.filename]…
Running 'Odb.CellFrequencyTables' at 'librelane/runs/RUN_2026-08-10_00-05-58/53-odb-cellfrequencytables'…
Logging subprocess to [repr.filename]'librelane/runs/RUN_2026-08-10_00-05-58/53-odb-cellfrequencytables/buffer_list.txt'[/repr.filename]…
Logging subprocess to [repr.filename]'librelane/runs/RUN_2026-08-10_00-05-58/53-odb-cellfrequencytables/odb-cellfrequencytables.log'[/repr.filename]…
Running 'OpenROAD.RCX' at 'librelane/runs/RUN_2026-08-10_00-05-58/54-openroad-rcx'…
Running RCX for corners matching nom_* (/workspace/librelane/runs/RUN_2026-08-10_00-05-58/54-openroad-rcx/nom/rcx.log)…
Running RCX for corners matching min_* (/workspace/librelane/runs/RUN_2026-08-10_00-05-58/54-openroad-rcx/min/rcx.log)…
Running RCX for corners matching max_* (/workspace/librelane/runs/RUN_2026-08-10_00-05-58/54-openroad-rcx/max/rcx.log)…
Logging subprocess to [repr.filename]'librelane/runs/RUN_2026-08-10_00-05-58/54-openroad-rcx/nom/rcx.log'[/repr.filename]…
Logging subprocess to [repr.filename]'librelane/runs/RUN_2026-08-10_00-05-58/54-openroad-rcx/min/rcx.log'[/repr.filename]…
Logging subprocess to [repr.filename]'librelane/runs/RUN_2026-08-10_00-05-58/54-openroad-rcx/max/rcx.log'[/repr.filename]…
Finished RCX for corners matching nom_*.
Finished RCX for corners matching min_*.
Finished RCX for corners matching max_*.
Running 'OpenROAD.STAPostPNR' at 'librelane/runs/RUN_2026-08-10_00-05-58/55-openroad-stapostpnr'…
Starting STA for the nom_tt_025C_3v30 timing corner…
Starting STA for the min_ff_n40C_3v60 timing corner…
Starting STA for the max_ss_125C_3v00 timing corner…
Logging subprocess to [repr.filename]'librelane/runs/RUN_2026-08-10_00-05-58/55-openroad-stapostpnr/nom_tt_025C_3v30/sta.log'[/repr.filename]…
Logging subprocess to [repr.filename]'librelane/runs/RUN_2026-08-10_00-05-58/55-openroad-stapostpnr/max_ss_125C_3v00/sta.log'[/repr.filename]…
Logging subprocess to [repr.filename]'librelane/runs/RUN_2026-08-10_00-05-58/55-openroad-stapostpnr/min_ff_n40C_3v60/sta.log'[/repr.filename]…
Finished STA for the max_ss_125C_3v00 timing corner.
Logging subprocess to [repr.filename]'librelane/runs/RUN_2026-08-10_00-05-58/55-openroad-stapostpnr/max_ss_125C_3v00/filter_unannotated.log'[/repr.filename]…
Finished STA for the nom_tt_025C_3v30 timing corner.
Logging subprocess to [repr.filename]'librelane/runs/RUN_2026-08-10_00-05-58/55-openroad-stapostpnr/nom_tt_025C_3v30/filter_unannotated.log'[/repr.filename]…
Finished STA for the min_ff_n40C_3v60 timing corner.
Logging subprocess to [repr.filename]'librelane/runs/RUN_2026-08-10_00-05-58/55-openroad-stapostpnr/min_ff_n40C_3v60/filter_unannotated.log'[/repr.filename]…
Running 'OpenROAD.IRDropReport' at 'librelane/runs/RUN_2026-08-10_00-05-58/56-openroad-irdropreport'…
'VSRC_LOC_FILES' was not given a value, which may make the results of IR drop analysis inaccurate. If you are not integrating a top-level chip for manufacture, you may ignore this warning, otherwise, see the documentation for 'VSRC_LOC_FILES'.
Logging subprocess to [repr.filename]'librelane/runs/RUN_2026-08-10_00-05-58/56-openroad-irdropreport/openroad-irdropreport.log'[/repr.filename]…
+ analyze_power_grid -net VDD -voltage_file /workspace/librelane/runs/RUN_2026-08-10_00-05-58/56-openroad-irdropreport/net-VDD.csv
[INFO PSM-0040] All shapes on net VDD are connected.
########## IR report #################
Net              : VDD
Corner           : nom_tt_025C_3v30
Total power      : 1.41e-04 W
Supply voltage   : 3.30e+00 V
Worstcase voltage: 3.30e+00 V
Average voltage  : 3.30e+00 V
Average IR drop  : 4.62e-05 V
Worstcase IR drop: 1.09e-04 V
Percentage drop  : 0.00 %
######################################
+ analyze_power_grid -net VSS -voltage_file /workspace/librelane/runs/RUN_2026-08-10_00-05-58/56-openroad-irdropreport/net-VSS.csv
[INFO PSM-0040] All shapes on net VSS are connected.
########## IR report #################
Net              : VSS
Corner           : nom_tt_025C_3v30
Total power      : 1.41e-04 W
Supply voltage   : 0.00e+00 V
Worstcase voltage: 1.10e-04 V
Average voltage  : 4.49e-05 V
Average IR drop  : 4.49e-05 V
Worstcase IR drop: 1.10e-04 V
Percentage drop  : 0.00 %
######################################

Running 'Magic.StreamOut' at 'librelane/runs/RUN_2026-08-10_00-05-58/57-magic-streamout'…
Logging subprocess to [repr.filename]'librelane/runs/RUN_2026-08-10_00-05-58/57-magic-streamout/magic-streamout.log'[/repr.filename]…
Running 'KLayout.StreamOut' at 'librelane/runs/RUN_2026-08-10_00-05-58/58-klayout-streamout'…
Logging subprocess to [repr.filename]'librelane/runs/RUN_2026-08-10_00-05-58/58-klayout-streamout/klayout-streamout.log'[/repr.filename]…
Running 'KLayout.Render' at 'librelane/runs/RUN_2026-08-10_00-05-58/59-klayout-render'…
Logging subprocess to [repr.filename]'librelane/runs/RUN_2026-08-10_00-05-58/59-klayout-render/klayout-render.log'[/repr.filename]…
Running 'Magic.WriteLEF' at 'librelane/runs/RUN_2026-08-10_00-05-58/60-magic-writelef'…
Logging subprocess to [repr.filename]'librelane/runs/RUN_2026-08-10_00-05-58/60-magic-writelef/magic-writelef.log'[/repr.filename]…
Running 'Odb.CheckDesignAntennaProperties' at 'librelane/runs/RUN_2026-08-10_00-05-58/61-odb-checkdesignantennaproperties'…
Logging subprocess to [repr.filename]'librelane/runs/RUN_2026-08-10_00-05-58/61-odb-checkdesignantennaproperties/odb-checkdesignantennaproperties.log'[/repr.filename]…
[ODB-0186] macro gf180mcu_ef_io__bi_t references unknown site GF_IO_Site
[ODB-0186] macro gf180mcu_fd_io__asig_5p0 references unknown site GF_IO_Site
[ODB-0186] macro gf180mcu_fd_io__bi_24t references unknown site GF_IO_Site
[ODB-0186] macro gf180mcu_fd_io__bi_t references unknown site GF_IO_Site
[ODB-0186] macro gf180mcu_fd_io__brk2 references unknown site GF_IO_Site
[ODB-0186] macro gf180mcu_fd_io__brk5 references unknown site GF_IO_Site
[ODB-0186] macro gf180mcu_fd_io__cor references unknown site GF_COR_Site
[ODB-0186] macro gf180mcu_fd_io__dvdd references unknown site GF_IO_Site
[ODB-0186] macro gf180mcu_fd_io__dvss references unknown site GF_IO_Site
[ODB-0186] macro gf180mcu_fd_io__fill1 references unknown site GF_IO_Site
[ODB-0186] macro gf180mcu_fd_io__fill10 references unknown site GF_IO_Site
[ODB-0186] macro gf180mcu_fd_io__fill5 references unknown site GF_IO_Site
[ODB-0186] macro gf180mcu_fd_io__fillnc references unknown site GF_IO_Site
[ODB-0186] macro gf180mcu_fd_io__in_c references unknown site GF_IO_Site
[ODB-0186] macro gf180mcu_fd_io__in_s references unknown site GF_IO_Site
[ODB-0186] macro gf180mcu_ws_io__dvdd references unknown site GF_IO_Site
[ODB-0186] macro gf180mcu_ws_io__dvss references unknown site GF_IO_Site
Running 'KLayout.XOR' at 'librelane/runs/RUN_2026-08-10_00-05-58/62-klayout-xor'…
Running XOR with 16 threads…
Logging subprocess to [repr.filename]'librelane/runs/RUN_2026-08-10_00-05-58/62-klayout-xor/klayout-xor.log'[/repr.filename]…
Running 'Checker.XOR' at 'librelane/runs/RUN_2026-08-10_00-05-58/63-checker-xor'…
36 XOR differences found. - deferred
Running 'Magic.DRC' at 'librelane/runs/RUN_2026-08-10_00-05-58/64-magic-drc'…
Logging subprocess to [repr.filename]'librelane/runs/RUN_2026-08-10_00-05-58/64-magic-drc/magic-drc.log'[/repr.filename]…
Running 'KLayout.DRC' at 'librelane/runs/RUN_2026-08-10_00-05-58/65-klayout-drc'…
Running KLayout DRC with 16 threads…
Logging subprocess to [repr.filename]'librelane/runs/RUN_2026-08-10_00-05-58/65-klayout-drc/klayout-drc.log'[/repr.filename]…
Logging subprocess to [repr.filename]'librelane/runs/RUN_2026-08-10_00-05-58/65-klayout-drc/xml_drc_report_to_json.log'[/repr.filename]…
Running 'Checker.MagicDRC' at 'librelane/runs/RUN_2026-08-10_00-05-58/66-checker-magicdrc'…
Check for Magic DRC errors clear.
Running 'Checker.KLayoutDRC' at 'librelane/runs/RUN_2026-08-10_00-05-58/67-checker-klayoutdrc'…
Check for KLayout DRC errors clear.
Running 'Magic.SpiceExtraction' at 'librelane/runs/RUN_2026-08-10_00-05-58/68-magic-spiceextraction'…
Logging subprocess to [repr.filename]'librelane/runs/RUN_2026-08-10_00-05-58/68-magic-spiceextraction/magic-spiceextraction.log'[/repr.filename]…
Running 'Checker.IllegalOverlap' at 'librelane/runs/RUN_2026-08-10_00-05-58/69-checker-illegaloverlap'…
Check for Magic Illegal Overlap errors clear.
Running 'Netgen.LVS' at 'librelane/runs/RUN_2026-08-10_00-05-58/70-netgen-lvs'…
Logging subprocess to [repr.filename]'librelane/runs/RUN_2026-08-10_00-05-58/70-netgen-lvs/netgen-lvs.log'[/repr.filename]…
Running 'Checker.LVS' at 'librelane/runs/RUN_2026-08-10_00-05-58/71-checker-lvs'…
Check for LVS errors clear.
Gating variable for step 'Yosys.EQY' set to 'False'- the step will be skipped.
Skipping step 'Equivalence Check'…
Running 'Checker.SetupViolations' at 'librelane/runs/RUN_2026-08-10_00-05-58/72-checker-setupviolations'…
No setup violations found
Running 'Checker.HoldViolations' at 'librelane/runs/RUN_2026-08-10_00-05-58/73-checker-holdviolations'…
No hold violations found
Running 'Checker.MaxSlewViolations' at 'librelane/runs/RUN_2026-08-10_00-05-58/74-checker-maxslewviolations'…
No max slew violations found
Running 'Checker.MaxCapViolations' at 'librelane/runs/RUN_2026-08-10_00-05-58/75-checker-maxcapviolations'…
No max cap violations found
Running 'Misc.ReportManufacturability' at 'librelane/runs/RUN_2026-08-10_00-05-58/76-misc-reportmanufacturability'…
Saving views to '/workspace/librelane/runs/RUN_2026-08-10_00-05-58/final'…
