
===========================================================================
report_checks -unconstrained
===========================================================================
======================= min_ss_125C_4v50 Corner ===================================

Startpoint: rst_n (input port clocked by clk)
Endpoint: spi_regs_inst/_1619_ (recovery check against rising-edge clock clk)
Path Group: asynchronous
Path Type: max

Fanout         Cap        Slew       Delay        Time   Description
---------------------------------------------------------------------------------------------
                                  0.000000    0.000000   clock clk (rise edge)
                                  0.000000    0.000000   clock network delay (propagated)
                                 40.000000   40.000000 ^ input external delay
     1    0.004338    0.210100    0.069772   40.069771 ^ rst_n (in)
                                                         rst_n (net)
                      0.210100    0.000000   40.069771 ^ input5/I (gf180mcu_fd_sc_mcu7t5v0__buf_1)
     2    0.049528    1.436914    1.086640   41.156414 ^ input5/Z (gf180mcu_fd_sc_mcu7t5v0__buf_1)
                                                         net5 (net)
                      1.436919    0.001563   41.157974 ^ fanout595/I (gf180mcu_fd_sc_mcu7t5v0__dlyb_1)
     7    0.073483    2.090485    2.850826   44.008801 ^ fanout595/Z (gf180mcu_fd_sc_mcu7t5v0__dlyb_1)
                                                         net595 (net)
                      2.090492    0.002110   44.010910 ^ fanout566/I (gf180mcu_fd_sc_mcu7t5v0__dlyb_1)
     6    0.099073    2.779296    3.233375   47.244286 ^ fanout566/Z (gf180mcu_fd_sc_mcu7t5v0__dlyb_1)
                                                         net566 (net)
                      2.779392    0.009173   47.253460 ^ fanout561/I (gf180mcu_fd_sc_mcu7t5v0__dlyb_1)
     8    0.089371    2.519955    3.061071   50.314529 ^ fanout561/Z (gf180mcu_fd_sc_mcu7t5v0__dlyb_1)
                                                         net561 (net)
                      2.519955    0.001414   50.315945 ^ fanout560/I (gf180mcu_fd_sc_mcu7t5v0__dlyb_1)
     5    0.053064    1.541779    2.509449   52.825394 ^ fanout560/Z (gf180mcu_fd_sc_mcu7t5v0__dlyb_1)
                                                         net560 (net)
                      1.541779    0.000444   52.825836 ^ fanout559/I (gf180mcu_fd_sc_mcu7t5v0__dlyb_1)
    10    0.096504    2.712096    3.208882   56.034721 ^ fanout559/Z (gf180mcu_fd_sc_mcu7t5v0__dlyb_1)
                                                         net559 (net)
                      2.712096    0.001975   56.036694 ^ spi_regs_inst/_1619_/RN (gf180mcu_fd_sc_mcu7t5v0__dffrnq_1)
                                             56.036694   data arrival time

                                200.000000  200.000000   clock clk (rise edge)
                                  0.000000  200.000000   clock source latency
     1    0.087018    0.646853    0.349459  200.349457 ^ clk (in)
                                                         clk (net)
                      0.647361    0.000000  200.349457 ^ clkbuf_0_clk/I (gf180mcu_fd_sc_mcu7t5v0__clkbuf_16)
     8    0.322923    0.626044    0.820634  201.170090 ^ clkbuf_0_clk/Z (gf180mcu_fd_sc_mcu7t5v0__clkbuf_16)
                                                         clknet_0_clk (net)
                      0.627664    0.023363  201.193451 ^ clkbuf_3_0__f_clk/I (gf180mcu_fd_sc_mcu7t5v0__clkbuf_16)
     8    0.164290    0.383492    0.666233  201.859680 ^ clkbuf_3_0__f_clk/Z (gf180mcu_fd_sc_mcu7t5v0__clkbuf_16)
                                                         clknet_3_0__leaf_clk (net)
                      0.383503    0.003951  201.863632 ^ clkbuf_leaf_9_clk/I (gf180mcu_fd_sc_mcu7t5v0__clkbuf_8)
    10    0.054206    0.287672    0.540950  202.404587 ^ clkbuf_leaf_9_clk/Z (gf180mcu_fd_sc_mcu7t5v0__clkbuf_8)
                                                         clknet_leaf_9_clk (net)
                      0.287672    0.000739  202.405319 ^ spi_regs_inst/_1619_/CLK (gf180mcu_fd_sc_mcu7t5v0__dffrnq_1)
                                 -0.250000  202.155319   clock uncertainty
                                  0.000000  202.155319   clock reconvergence pessimism
                                 -0.144062  202.011276   library recovery time
                                            202.011276   data required time
---------------------------------------------------------------------------------------------
                                            202.011276   data required time
                                            -56.036694   data arrival time
---------------------------------------------------------------------------------------------
                                            145.974579   slack (MET)


Startpoint: analog[0] (input port clocked by clk)
Endpoint: analog[2] (output port clocked by clk)
Path Group: clk
Path Type: max

Fanout         Cap        Slew       Delay        Time   Description
---------------------------------------------------------------------------------------------
                                  0.000000    0.000000   clock clk (rise edge)
                                  0.000000    0.000000   clock network delay (propagated)
                                 40.000000   40.000000 ^ input external delay
     2    0.080357    2.341045    1.255319   41.255322 ^ analog[0] (inout)
                                                         analog[0] (net)
                      2.341045    0.000000   41.255322 ^ analog_block_inst/analog_readout_inst/_0_/A1 (gf180mcu_fd_sc_mcu7t5v0__and2_1)
     4    0.112749    3.164980    2.454357   43.709679 ^ analog_block_inst/analog_readout_inst/_0_/Z (gf180mcu_fd_sc_mcu7t5v0__and2_1)
                                                         analog[1] (net)
                      3.164990    0.003212   43.712891 ^ analog_block_inst/analog_wave_mixer_x_inst/_0_/A2 (gf180mcu_fd_sc_mcu7t5v0__and2_1)
     3    0.080460    2.292525    1.855515   45.568405 ^ analog_block_inst/analog_wave_mixer_x_inst/_0_/Z (gf180mcu_fd_sc_mcu7t5v0__and2_1)
                                                         analog[2] (net)
                      2.292525    0.001769   45.570171 ^ analog[2] (inout)
                                             45.570171   data arrival time

                                200.000000  200.000000   clock clk (rise edge)
                                  0.000000  200.000000   clock network delay (propagated)
                                 -0.250000  199.750000   clock uncertainty
                                  0.000000  199.750000   clock reconvergence pessimism
                                -40.000000  159.749985   output external delay
                                            159.749985   data required time
---------------------------------------------------------------------------------------------
                                            159.749985   data required time
                                            -45.570171   data arrival time
---------------------------------------------------------------------------------------------
                                            114.179817   slack (MET)




===========================================================================
report_checks --slack_max -0.01
============================================================================
======================= min_ss_125C_4v50 Corner ===================================

No paths found.


===========================================================================
 report_check_types -max_slew -max_cap -max_fanout -violators
============================================================================
======================= min_ss_125C_4v50 Corner ===================================

max slew

Pin                                        Limit        Slew       Slack
------------------------------------------------------------------------
spi_regs_inst/_0766_/I1                 3.000000    4.335974   -1.335974 (VIOLATED)
spi_regs_inst/_0796_/I1                 3.000000    4.335973   -1.335974 (VIOLATED)
spi_regs_inst/_1444_/I1                 3.000000    4.335929   -1.335929 (VIOLATED)
spi_regs_inst/_0779_/I1                 3.000000    4.335901   -1.335901 (VIOLATED)
spi_regs_inst/_0805_/I0                 3.000000    4.335895   -1.335895 (VIOLATED)
spi_regs_inst/_1393_/I1                 3.000000    4.335887   -1.335887 (VIOLATED)
spi_regs_inst/_0878_/I1                 3.000000    4.335872   -1.335872 (VIOLATED)
spi_regs_inst/_1411_/I1                 3.000000    4.335873   -1.335873 (VIOLATED)
spi_regs_inst/_0860_/I1                 3.000000    4.335870   -1.335870 (VIOLATED)
spi_regs_inst/_1383_/I1                 3.000000    4.335855   -1.335855 (VIOLATED)
spi_regs_inst/fanout461/Z               3.000000    4.335855   -1.335855 (VIOLATED)
spi_regs_inst/_0843_/ZN                 3.000000    4.203070   -1.203070 (VIOLATED)
spi_regs_inst/_0847_/S                  3.000000    4.203070   -1.203070 (VIOLATED)
spi_regs_inst/_0850_/S                  3.000000    4.203070   -1.203070 (VIOLATED)
spi_regs_inst/_0851_/S                  3.000000    4.203070   -1.203070 (VIOLATED)
spi_regs_inst/load_slew190/I            3.000000    4.203070   -1.203070 (VIOLATED)
spi_regs_inst/_0877_/I1                 3.000000    4.103898   -1.103897 (VIOLATED)
spi_regs_inst/_0859_/I1                 3.000000    4.103896   -1.103896 (VIOLATED)
spi_regs_inst/_1410_/I1                 3.000000    4.103891   -1.103891 (VIOLATED)
spi_regs_inst/_0765_/I1                 3.000000    4.103865   -1.103866 (VIOLATED)
spi_regs_inst/_0795_/I1                 3.000000    4.103866   -1.103866 (VIOLATED)
spi_regs_inst/_1443_/I1                 3.000000    4.103810   -1.103810 (VIOLATED)
spi_regs_inst/_0778_/I1                 3.000000    4.103798   -1.103798 (VIOLATED)
spi_regs_inst/_0804_/I0                 3.000000    4.103783   -1.103783 (VIOLATED)
spi_regs_inst/_1392_/I1                 3.000000    4.103767   -1.103767 (VIOLATED)
spi_regs_inst/_1382_/I1                 3.000000    4.103713   -1.103713 (VIOLATED)
spi_regs_inst/fanout463/Z               3.000000    4.103713   -1.103713 (VIOLATED)
wave_controller_y_inst/_3044_/B2        3.000000    3.940832   -0.940832 (VIOLATED)
wave_controller_y_inst/_3046_/A1        3.000000    3.940831   -0.940831 (VIOLATED)
wave_controller_y_inst/_3048_/B2        3.000000    3.940825   -0.940825 (VIOLATED)
wave_controller_y_inst/_3054_/B2        3.000000    3.940811   -0.940811 (VIOLATED)
wave_controller_y_inst/_3074_/A1        3.000000    3.940644   -0.940644 (VIOLATED)
wave_controller_y_inst/_3076_/B2        3.000000    3.940632   -0.940632 (VIOLATED)
wave_controller_y_inst/_3080_/B2        3.000000    3.940628   -0.940628 (VIOLATED)
wave_controller_y_inst/_3078_/B2        3.000000    3.940614   -0.940614 (VIOLATED)
wave_controller_y_inst/_2762_/I         3.000000    3.940479   -0.940479 (VIOLATED)
wave_controller_y_inst/_3090_/A1        3.000000    3.940479   -0.940479 (VIOLATED)
wave_controller_y_inst/fanout144/Z      3.000000    3.940479   -0.940479 (VIOLATED)
spi_regs_inst/_0772_/ZN                 3.000000    3.917473   -0.917473 (VIOLATED)
spi_regs_inst/_0774_/S                  3.000000    3.917473   -0.917473 (VIOLATED)
spi_regs_inst/_0776_/S                  3.000000    3.917473   -0.917473 (VIOLATED)
spi_regs_inst/_0777_/S                  3.000000    3.917473   -0.917473 (VIOLATED)
spi_regs_inst/_0779_/S                  3.000000    3.917473   -0.917473 (VIOLATED)
spi_regs_inst/_0780_/S                  3.000000    3.917473   -0.917473 (VIOLATED)
spi_regs_inst/load_slew194/I            3.000000    3.917473   -0.917473 (VIOLATED)
spi_regs_inst/_0767_/I1                 3.000000    3.891680   -0.891680 (VIOLATED)
spi_regs_inst/_0797_/I1                 3.000000    3.891679   -0.891679 (VIOLATED)
spi_regs_inst/_1445_/I1                 3.000000    3.891655   -0.891656 (VIOLATED)
spi_regs_inst/_1394_/I1                 3.000000    3.891639   -0.891639 (VIOLATED)
spi_regs_inst/_0806_/I0                 3.000000    3.891636   -0.891637 (VIOLATED)
spi_regs_inst/_0780_/I1                 3.000000    3.891627   -0.891627 (VIOLATED)
spi_regs_inst/_1412_/I1                 3.000000    3.891580   -0.891580 (VIOLATED)
spi_regs_inst/_0879_/I1                 3.000000    3.891563   -0.891563 (VIOLATED)
spi_regs_inst/_0861_/I1                 3.000000    3.891562   -0.891562 (VIOLATED)
spi_regs_inst/_1384_/I1                 3.000000    3.891547   -0.891547 (VIOLATED)
spi_regs_inst/fanout459/Z               3.000000    3.891547   -0.891547 (VIOLATED)
wave_controller_x_inst/_2942_/A2        3.000000    3.846032   -0.846032 (VIOLATED)
wave_controller_x_inst/_2940_/A2        3.000000    3.846031   -0.846031 (VIOLATED)
wave_controller_x_inst/_2941_/A2        3.000000    3.846031   -0.846031 (VIOLATED)
wave_controller_x_inst/_2723_/A1        3.000000    3.846026   -0.846026 (VIOLATED)
wave_controller_x_inst/_1816_/I         3.000000    3.846023   -0.846023 (VIOLATED)
wave_controller_x_inst/_2014_/A1        3.000000    3.846009   -0.846009 (VIOLATED)
wave_controller_x_inst/_2403_/A1        3.000000    3.846007   -0.846007 (VIOLATED)
wave_controller_x_inst/_2419_/A1        3.000000    3.846006   -0.846006 (VIOLATED)
spi_regs_inst/_1317_/B2                 3.000000    3.845990   -0.845990 (VIOLATED)
fanout527/Z                             3.000000    3.845967   -0.845967 (VIOLATED)
spi_regs_inst/_1393_/I0                 3.000000    3.845967   -0.845967 (VIOLATED)
wave_controller_y_inst/_3558_/A2        3.000000    3.832558   -0.832559 (VIOLATED)
wave_controller_y_inst/_3562_/A2        3.000000    3.832558   -0.832559 (VIOLATED)
wave_controller_y_inst/_3560_/A2        3.000000    3.832557   -0.832557 (VIOLATED)
wave_controller_y_inst/_3564_/A2        3.000000    3.832550   -0.832550 (VIOLATED)
wave_controller_y_inst/_3568_/A2        3.000000    3.832539   -0.832539 (VIOLATED)
wave_controller_y_inst/_3406_/A1        3.000000    3.832505   -0.832506 (VIOLATED)
wave_controller_y_inst/_2926_/A2        3.000000    3.832500   -0.832500 (VIOLATED)
wave_controller_y_inst/_2928_/A2        3.000000    3.832492   -0.832492 (VIOLATED)
wave_controller_y_inst/fanout313/I      3.000000    3.832443   -0.832443 (VIOLATED)
wave_controller_y_inst/_2915_/A2        3.000000    3.832413   -0.832413 (VIOLATED)
wave_controller_y_inst/fanout314/Z      3.000000    3.832413   -0.832413 (VIOLATED)
spi_regs_inst/_1179_/B1                 3.000000    3.726279   -0.726279 (VIOLATED)
spi_regs_inst/_1238_/B1                 3.000000    3.726278   -0.726278 (VIOLATED)
spi_regs_inst/_1272_/B1                 3.000000    3.726277   -0.726277 (VIOLATED)
spi_regs_inst/_1029_/ZN                 3.000000    3.726264   -0.726264 (VIOLATED)
spi_regs_inst/_1352_/B1                 3.000000    3.726264   -0.726264 (VIOLATED)
spi_regs_inst/max_cap208/I              3.000000    3.726264   -0.726264 (VIOLATED)
spi_regs_inst/_0965_/ZN                 3.000000    3.726038   -0.726038 (VIOLATED)
spi_regs_inst/_0967_/A2                 3.000000    3.726038   -0.726038 (VIOLATED)
spi_regs_inst/_1138_/A2                 3.000000    3.726038   -0.726038 (VIOLATED)
spi_regs_inst/_1218_/A2                 3.000000    3.726038   -0.726038 (VIOLATED)
spi_regs_inst/_1353_/A2                 3.000000    3.726038   -0.726038 (VIOLATED)
spi_regs_inst/load_slew278/I            3.000000    3.726038   -0.726038 (VIOLATED)
spi_regs_inst/_1315_/A2                 3.000000    3.619616   -0.619616 (VIOLATED)
spi_regs_inst/_1065_/A2                 3.000000    3.619615   -0.619615 (VIOLATED)
spi_regs_inst/_0958_/ZN                 3.000000    3.619601   -0.619601 (VIOLATED)
spi_regs_inst/_1085_/A2                 3.000000    3.619601   -0.619601 (VIOLATED)
spi_regs_inst/max_cap284/I              3.000000    3.619601   -0.619601 (VIOLATED)
wave_controller_y_inst/_3052_/A2        3.000000    3.566967   -0.566967 (VIOLATED)
wave_controller_y_inst/_3054_/A2        3.000000    3.566966   -0.566966 (VIOLATED)
wave_controller_y_inst/_3057_/A2        3.000000    3.566956   -0.566956 (VIOLATED)
wave_controller_y_inst/fanout171/I      3.000000    3.566888   -0.566888 (VIOLATED)
wave_controller_y_inst/_3074_/B1        3.000000    3.566843   -0.566843 (VIOLATED)
wave_controller_y_inst/_3076_/A2        3.000000    3.566844   -0.566844 (VIOLATED)
wave_controller_y_inst/_3080_/A2        3.000000    3.566830   -0.566830 (VIOLATED)
wave_controller_y_inst/_3078_/A2        3.000000    3.566812   -0.566812 (VIOLATED)
wave_controller_y_inst/_3090_/B1        3.000000    3.566774   -0.566774 (VIOLATED)
wave_controller_y_inst/fanout172/Z      3.000000    3.566774   -0.566774 (VIOLATED)
wave_controller_y_inst/_2035_/A1        3.000000    3.509175   -0.509175 (VIOLATED)
wave_controller_y_inst/_2036_/A1        3.000000    3.509176   -0.509176 (VIOLATED)
wave_controller_y_inst/_2069_/A1        3.000000    3.509175   -0.509175 (VIOLATED)
wave_controller_y_inst/_3107_/A1        3.000000    3.509168   -0.509168 (VIOLATED)
wave_controller_y_inst/_1783_/I         3.000000    3.509159   -0.509159 (VIOLATED)
wave_controller_y_inst/_1935_/B2        3.000000    3.509145   -0.509145 (VIOLATED)
wave_controller_y_inst/_1937_/A2        3.000000    3.509145   -0.509145 (VIOLATED)
wave_controller_y_inst/_2940_/A1        3.000000    3.509145   -0.509145 (VIOLATED)
wave_controller_y_inst/_2941_/A1        3.000000    3.509145   -0.509145 (VIOLATED)
wave_controller_y_inst/_2942_/A1        3.000000    3.509145   -0.509145 (VIOLATED)
wave_controller_y_inst/fanout409/Z      3.000000    3.509145   -0.509145 (VIOLATED)
spi_regs_inst/_1015_/ZN                 3.000000    3.398134   -0.398134 (VIOLATED)
spi_regs_inst/_1034_/B1                 3.000000    3.398134   -0.398134 (VIOLATED)
spi_regs_inst/_1254_/B1                 3.000000    3.398134   -0.398134 (VIOLATED)
spi_regs_inst/_1343_/B1                 3.000000    3.398134   -0.398134 (VIOLATED)
spi_regs_inst/load_slew224/I            3.000000    3.398134   -0.398134 (VIOLATED)
spi_regs_inst/_0787_/I0                 3.000000    3.389209   -0.389209 (VIOLATED)
spi_regs_inst/_1451_/I1                 3.000000    3.389209   -0.389209 (VIOLATED)
spi_regs_inst/_1427_/I0                 3.000000    3.389204   -0.389204 (VIOLATED)
spi_regs_inst/_1391_/I1                 3.000000    3.389196   -0.389196 (VIOLATED)
spi_regs_inst/_0803_/I0                 3.000000    3.389194   -0.389194 (VIOLATED)
spi_regs_inst/_0777_/I1                 3.000000    3.389172   -0.389172 (VIOLATED)
spi_regs_inst/_0885_/I1                 3.000000    3.389120   -0.389120 (VIOLATED)
spi_regs_inst/_0814_/I1                 3.000000    3.389113   -0.389113 (VIOLATED)
spi_regs_inst/_0841_/I1                 3.000000    3.389100   -0.389101 (VIOLATED)
spi_regs_inst/_1381_/I1                 3.000000    3.389100   -0.389101 (VIOLATED)
spi_regs_inst/fanout465/Z               3.000000    3.389100   -0.389101 (VIOLATED)
wave_controller_x_inst/_2904_/ZN        3.000000    3.379409   -0.379409 (VIOLATED)
wave_controller_x_inst/_2907_/B1        3.000000    3.379409   -0.379409 (VIOLATED)
wave_controller_x_inst/_3420_/A2        3.000000    3.379409   -0.379409 (VIOLATED)
wave_controller_x_inst/_3430_/A2        3.000000    3.379409   -0.379409 (VIOLATED)
wave_controller_x_inst/_3440_/A2        3.000000    3.379409   -0.379409 (VIOLATED)
wave_controller_x_inst/load_slew88/I    3.000000    3.379409   -0.379409 (VIOLATED)
spi_regs_inst/_1257_/A1                 3.000000    3.361677   -0.361677 (VIOLATED)
wave_controller_x_inst/_2208_/A1        3.000000    3.361637   -0.361637 (VIOLATED)
wave_controller_x_inst/_2216_/A1        3.000000    3.361636   -0.361637 (VIOLATED)
wave_controller_x_inst/_2191_/A2        3.000000    3.361621   -0.361621 (VIOLATED)
wave_controller_x_inst/_2223_/A2        3.000000    3.361618   -0.361618 (VIOLATED)
wave_controller_x_inst/_2192_/A2        3.000000    3.361612   -0.361613 (VIOLATED)
fanout451/Z                             3.000000    3.361570   -0.361570 (VIOLATED)
wave_controller_x_inst/_2486_/A1        3.000000    3.361570   -0.361570 (VIOLATED)
wave_controller_x_inst/_2487_/A1        3.000000    3.361570   -0.361570 (VIOLATED)
wave_controller_x_inst/_2488_/A1        3.000000    3.361570   -0.361570 (VIOLATED)
wave_controller_x_inst/_2518_/A1        3.000000    3.361570   -0.361570 (VIOLATED)
spi_regs_inst/_0982_/ZN                 3.000000    3.339649   -0.339649 (VIOLATED)
spi_regs_inst/_1176_/A2                 3.000000    3.339649   -0.339649 (VIOLATED)
spi_regs_inst/_1318_/A2                 3.000000    3.339649   -0.339649 (VIOLATED)
spi_regs_inst/_1340_/A2                 3.000000    3.339649   -0.339649 (VIOLATED)
spi_regs_inst/wire264/I                 3.000000    3.339649   -0.339649 (VIOLATED)
spi_regs_inst/_0962_/ZN                 3.000000    3.324752   -0.324752 (VIOLATED)
spi_regs_inst/_1052_/A2                 3.000000    3.324752   -0.324752 (VIOLATED)
spi_regs_inst/_1082_/C1                 3.000000    3.324752   -0.324752 (VIOLATED)
spi_regs_inst/_1167_/A2                 3.000000    3.324752   -0.324752 (VIOLATED)
spi_regs_inst/_1346_/A2                 3.000000    3.324752   -0.324752 (VIOLATED)
spi_regs_inst/max_cap281/I              3.000000    3.324752   -0.324752 (VIOLATED)
wave_controller_y_inst/_2033_/A1        3.000000    3.300844   -0.300844 (VIOLATED)
wave_controller_y_inst/_2034_/A1        3.000000    3.300844   -0.300844 (VIOLATED)
wave_controller_y_inst/_2069_/A2        3.000000    3.300843   -0.300843 (VIOLATED)
wave_controller_y_inst/_1934_/A2        3.000000    3.300839   -0.300839 (VIOLATED)
wave_controller_y_inst/_1937_/B2        3.000000    3.300839   -0.300839 (VIOLATED)
wave_controller_y_inst/_1785_/I         3.000000    3.300827   -0.300827 (VIOLATED)
wave_controller_y_inst/_2943_/A1        3.000000    3.300827   -0.300827 (VIOLATED)
wave_controller_y_inst/_2991_/A1        3.000000    3.300827   -0.300827 (VIOLATED)
wave_controller_y_inst/_2993_/A1        3.000000    3.300827   -0.300827 (VIOLATED)
wave_controller_y_inst/_3353_/A1        3.000000    3.300827   -0.300827 (VIOLATED)
wave_controller_y_inst/fanout410/Z      3.000000    3.300827   -0.300827 (VIOLATED)
spi_regs_inst/_1112_/A2                 3.000000    3.280291   -0.280291 (VIOLATED)
spi_regs_inst/_1002_/ZN                 3.000000    3.280280   -0.280280 (VIOLATED)
spi_regs_inst/_1144_/A2                 3.000000    3.280280   -0.280280 (VIOLATED)
spi_regs_inst/_1336_/B1                 3.000000    3.280280   -0.280280 (VIOLATED)
spi_regs_inst/max_cap238/I              3.000000    3.280280   -0.280280 (VIOLATED)
wave_controller_y_inst/_3171_/A1        3.000000    3.262062   -0.262062 (VIOLATED)
wave_controller_y_inst/_3174_/B2        3.000000    3.262062   -0.262062 (VIOLATED)
wave_controller_y_inst/_1940_/A2        3.000000    3.262059   -0.262059 (VIOLATED)
wave_controller_y_inst/_1935_/A2        3.000000    3.262058   -0.262058 (VIOLATED)
wave_controller_y_inst/_1781_/I         3.000000    3.262046   -0.262046 (VIOLATED)
wave_controller_y_inst/_2037_/A1        3.000000    3.262046   -0.262046 (VIOLATED)
wave_controller_y_inst/_2038_/A1        3.000000    3.262046   -0.262046 (VIOLATED)
wave_controller_y_inst/_2919_/A1        3.000000    3.262046   -0.262046 (VIOLATED)
wave_controller_y_inst/_2938_/A1        3.000000    3.262046   -0.262046 (VIOLATED)
wave_controller_y_inst/_2939_/A1        3.000000    3.262046   -0.262046 (VIOLATED)
wave_controller_y_inst/fanout408/Z      3.000000    3.262046   -0.262046 (VIOLATED)
spi_regs_inst/_1101_/ZN                 3.000000    3.252821   -0.252821 (VIOLATED)
spi_regs_inst/_1104_/A2                 3.000000    3.252821   -0.252821 (VIOLATED)
wave_controller_x_inst/_3044_/B2        3.000000    3.177223   -0.177223 (VIOLATED)
wave_controller_x_inst/_3046_/A1        3.000000    3.177222   -0.177222 (VIOLATED)
wave_controller_x_inst/_3048_/B2        3.000000    3.177218   -0.177218 (VIOLATED)
wave_controller_x_inst/_3072_/B2        3.000000    3.177172   -0.177172 (VIOLATED)
wave_controller_x_inst/_3074_/A1        3.000000    3.177149   -0.177149 (VIOLATED)
wave_controller_x_inst/_3076_/B2        3.000000    3.177143   -0.177143 (VIOLATED)
wave_controller_x_inst/_3080_/B2        3.000000    3.177137   -0.177137 (VIOLATED)
wave_controller_x_inst/_2762_/I         3.000000    3.177122   -0.177122 (VIOLATED)
wave_controller_x_inst/_3078_/B2        3.000000    3.177122   -0.177122 (VIOLATED)
wave_controller_x_inst/_3090_/A1        3.000000    3.177122   -0.177122 (VIOLATED)
wave_controller_x_inst/fanout162/Z      3.000000    3.177122   -0.177122 (VIOLATED)
spi_regs_inst/load_slew201/I            3.000000    3.165372   -0.165372 (VIOLATED)
spi_regs_inst/_1433_/S                  3.000000    3.165372   -0.165372 (VIOLATED)
spi_regs_inst/_1428_/ZN                 3.000000    3.165371   -0.165371 (VIOLATED)
analog[1]                               3.000000    3.164994   -0.164994 (VIOLATED)
analog_block_inst/analog_wave_mixer_x_inst/_0_/A2    3.000000    3.164990   -0.164990 (VIOLATED)
_86_/I                                  3.000000    3.164980   -0.164980 (VIOLATED)
analog_block_inst/analog_readout_inst/_0_/Z    3.000000    3.164980   -0.164980 (VIOLATED)
analog_block_inst/analog_wave_mixer_y_inst/_0_/A2    3.000000    3.164980   -0.164980 (VIOLATED)
spi_regs_inst/_1404_/ZN                 3.000000    3.121289   -0.121289 (VIOLATED)
spi_regs_inst/_1410_/S                  3.000000    3.121289   -0.121289 (VIOLATED)
spi_regs_inst/_1411_/S                  3.000000    3.121289   -0.121289 (VIOLATED)
spi_regs_inst/_1412_/S                  3.000000    3.121289   -0.121289 (VIOLATED)
spi_regs_inst/load_slew181/I            3.000000    3.121289   -0.121289 (VIOLATED)
wave_controller_y_inst/_3514_/A2        3.000000    3.093835   -0.093835 (VIOLATED)
wave_controller_y_inst/fanout23/I       3.000000    3.093801   -0.093801 (VIOLATED)
wave_controller_y_inst/_3535_/A2        3.000000    3.093791   -0.093791 (VIOLATED)
wave_controller_y_inst/_3538_/A2        3.000000    3.093786   -0.093786 (VIOLATED)
wave_controller_y_inst/_3541_/A2        3.000000    3.093781   -0.093781 (VIOLATED)
wave_controller_y_inst/_3544_/A2        3.000000    3.093763   -0.093763 (VIOLATED)
wave_controller_y_inst/_3547_/A2        3.000000    3.093763   -0.093763 (VIOLATED)
wave_controller_y_inst/_3550_/A2        3.000000    3.093763   -0.093763 (VIOLATED)
wave_controller_y_inst/_3553_/A2        3.000000    3.093763   -0.093763 (VIOLATED)
wave_controller_y_inst/_3556_/A2        3.000000    3.093763   -0.093763 (VIOLATED)
wave_controller_y_inst/fanout24/Z       3.000000    3.093763   -0.093763 (VIOLATED)
wave_controller_y_inst/_2242_/A1        3.000000    3.070584   -0.070584 (VIOLATED)
wave_controller_y_inst/_2241_/A1        3.000000    3.070583   -0.070583 (VIOLATED)
wave_controller_y_inst/_2537_/A1        3.000000    3.070580   -0.070580 (VIOLATED)
wave_controller_y_inst/_2536_/A1        3.000000    3.070578   -0.070578 (VIOLATED)
wave_controller_y_inst/_1969_/A1        3.000000    3.070560   -0.070560 (VIOLATED)
wave_controller_y_inst/_1970_/A1        3.000000    3.070558   -0.070558 (VIOLATED)
wave_controller_y_inst/_3223_/A1        3.000000    3.070551   -0.070551 (VIOLATED)
wave_controller_y_inst/_3235_/A1        3.000000    3.070548   -0.070548 (VIOLATED)
fanout497/Z                             3.000000    3.070538   -0.070538 (VIOLATED)
spi_regs_inst/_1231_/A1                 3.000000    3.070538   -0.070538 (VIOLATED)
spi_regs_inst/_1418_/I1                 3.000000    3.070538   -0.070538 (VIOLATED)
spi_regs_inst/_1418_/I0                 3.000000    3.052703   -0.052703 (VIOLATED)
spi_regs_inst/_1433_/I1                 3.000000    3.052694   -0.052694 (VIOLATED)
spi_regs_inst/_1442_/I1                 3.000000    3.052658   -0.052658 (VIOLATED)
spi_regs_inst/fanout466/I               3.000000    3.052636   -0.052636 (VIOLATED)
spi_regs_inst/fanout465/I               3.000000    3.052618   -0.052618 (VIOLATED)
spi_regs_inst/fanout467/Z               3.000000    3.052618   -0.052618 (VIOLATED)
wave_controller_y_inst/_3496_/A2        3.000000    3.050917   -0.050917 (VIOLATED)
wave_controller_y_inst/_3498_/A2        3.000000    3.050912   -0.050912 (VIOLATED)
wave_controller_y_inst/_3501_/A2        3.000000    3.050912   -0.050912 (VIOLATED)
wave_controller_y_inst/_3504_/A2        3.000000    3.050905   -0.050905 (VIOLATED)
wave_controller_y_inst/_3507_/A2        3.000000    3.050900   -0.050900 (VIOLATED)
wave_controller_y_inst/_3516_/A2        3.000000    3.050852   -0.050852 (VIOLATED)
wave_controller_y_inst/_3519_/A2        3.000000    3.050829   -0.050829 (VIOLATED)
wave_controller_y_inst/_3522_/A2        3.000000    3.050807   -0.050807 (VIOLATED)
wave_controller_y_inst/_3525_/A2        3.000000    3.050807   -0.050807 (VIOLATED)
wave_controller_y_inst/_3528_/A2        3.000000    3.050807   -0.050807 (VIOLATED)
wave_controller_y_inst/fanout26/Z       3.000000    3.050807   -0.050807 (VIOLATED)
wave_controller_y_inst/_2904_/ZN        3.000000    3.048933   -0.048933 (VIOLATED)
wave_controller_y_inst/_3420_/A2        3.000000    3.048933   -0.048933 (VIOLATED)
wave_controller_y_inst/_3430_/A2        3.000000    3.048933   -0.048933 (VIOLATED)
wave_controller_y_inst/_3440_/A2        3.000000    3.048933   -0.048933 (VIOLATED)
wave_controller_y_inst/wire84/I         3.000000    3.048933   -0.048933 (VIOLATED)

max fanout

Pin                                   Limit Fanout  Slack
---------------------------------------------------------
clkbuf_leaf_14_clk/Z                     10     13     -3 (VIOLATED)
clkbuf_leaf_16_clk/Z                     10     13     -3 (VIOLATED)
clkbuf_leaf_1_clk/Z                      10     13     -3 (VIOLATED)
clkbuf_leaf_3_clk/Z                      10     13     -3 (VIOLATED)
clkbuf_leaf_7_clk/Z                      10     13     -3 (VIOLATED)
clkbuf_leaf_0_clk/Z                      10     12     -2 (VIOLATED)
clkbuf_leaf_17_clk/Z                     10     12     -2 (VIOLATED)
clkbuf_leaf_18_clk/Z                     10     12     -2 (VIOLATED)
clkbuf_leaf_19_clk/Z                     10     12     -2 (VIOLATED)
clkbuf_leaf_2_clk/Z                      10     12     -2 (VIOLATED)
clkbuf_leaf_48_clk/Z                     10     12     -2 (VIOLATED)
clkbuf_leaf_4_clk/Z                      10     12     -2 (VIOLATED)
clkbuf_leaf_53_clk/Z                     10     12     -2 (VIOLATED)
clkbuf_leaf_6_clk/Z                      10     12     -2 (VIOLATED)
clkbuf_leaf_10_clk/Z                     10     11        (VIOLATED)
clkbuf_leaf_20_clk/Z                     10     11        (VIOLATED)
clkbuf_leaf_27_clk/Z                     10     11        (VIOLATED)
clkbuf_leaf_37_clk/Z                     10     11        (VIOLATED)
clkbuf_leaf_38_clk/Z                     10     11        (VIOLATED)
clkbuf_leaf_49_clk/Z                     10     11        (VIOLATED)

max capacitance

Pin                                        Limit         Cap       Slack
------------------------------------------------------------------------
clkbuf_0_clk/Z                          0.200000    0.322923   -0.122923 (VIOLATED)



===========================================================================
report_parasitic_annotation -report_unannotated
============================================================================
Found 57 unannotated drivers.
 bidir_in[3]
 bidir_in[4]
 bidir_in[5]
 bidir_in[6]
 bidir_in[7]
 bidir_in[8]
 bidir_in[9]
 _83_/Z
 _84_/Z
 _85_/Z
 _86_/Z
 clkload0/Z
 clkload1/Z
 clkload10/Z
 clkload11/Z
 clkload12/Z
 clkload13/ZN
 clkload14/ZN
 clkload15/ZN
 clkload16/ZN
 clkload17/ZN
 clkload18/ZN
 clkload19/ZN
 clkload2/Z
 clkload20/Z
 clkload21/ZN
 clkload22/ZN
 clkload23/ZN
 clkload24/Z
 clkload25/ZN
 clkload26/Z
 clkload27/ZN
 clkload28/ZN
 clkload29/ZN
 clkload3/Z
 clkload30/ZN
 clkload31/ZN
 clkload32/ZN
 clkload33/ZN
 clkload34/ZN
 clkload35/ZN
 clkload36/ZN
 clkload37/ZN
 clkload38/ZN
 clkload39/ZN
 clkload4/Z
 clkload40/ZN
 clkload41/ZN
 clkload42/ZN
 clkload43/ZN
 clkload5/ZN
 clkload6/ZN
 clkload7/ZN
 clkload8/ZN
 clkload9/ZN
 wave_controller_x_inst\/_3725_/Q
 wave_controller_y_inst\/_3725_/Q
Found 0 partially unannotated drivers.

===========================================================================
max slew violation count 257
max fanout violation count 20
max cap violation count 1
============================================================================

===========================================================================
check_setup -verbose -unconstrained_endpoints -multiple_clock -no_clock -no_input_delay -loops -generated_clocks
===========================================================================
Warning: There is 1 unconstrained endpoint.
  analog[0]
