
===========================================================================
report_checks -unconstrained
===========================================================================
======================= nom_tt_025C_3v30 Corner ===================================

Startpoint: rst_n (input port clocked by clk)
Endpoint: _12073_ (recovery check against rising-edge clock clk)
Path Group: asynchronous
Path Type: max

Fanout         Cap        Slew       Delay        Time   Description
---------------------------------------------------------------------------------------------
                                  0.000000    0.000000   clock clk (rise edge)
                                  0.000000    0.000000   clock network delay (propagated)
                                 40.000000   40.000000 ^ input external delay
     2    0.008369    0.263599    0.115499   40.115501 ^ rst_n (in)
                                                         rst_n (net)
                      0.263599    0.000000   40.115501 ^ input1/I (gf180mcu_fd_sc_mcu7t5v0__buf_3)
     3    0.075723    0.641489    0.620656   40.736156 ^ input1/Z (gf180mcu_fd_sc_mcu7t5v0__buf_3)
                                                         net1 (net)
                      0.641523    0.002590   40.738747 ^ load_slew2255/I (gf180mcu_fd_sc_mcu7t5v0__buf_4)
     3    0.101232    0.631699    0.599631   41.338375 ^ load_slew2255/Z (gf180mcu_fd_sc_mcu7t5v0__buf_4)
                                                         net2255 (net)
                      0.631837    0.005212   41.343586 ^ fanout2115/I (gf180mcu_fd_sc_mcu7t5v0__dlyb_1)
     5    0.103255    2.447582    2.713879   44.057465 ^ fanout2115/Z (gf180mcu_fd_sc_mcu7t5v0__dlyb_1)
                                                         net2115 (net)
                      2.447617    0.005208   44.062675 ^ fanout2026/I (gf180mcu_fd_sc_mcu7t5v0__dlyb_1)
     2    0.022163    0.604411    1.599496   45.662170 ^ fanout2026/Z (gf180mcu_fd_sc_mcu7t5v0__dlyb_1)
                                                         net2026 (net)
                      0.604411    0.000917   45.663086 ^ wire2028/I (gf180mcu_fd_sc_mcu7t5v0__buf_2)
     2    0.033219    0.437451    0.500474   46.163563 ^ wire2028/Z (gf180mcu_fd_sc_mcu7t5v0__buf_2)
                                                         net2028 (net)
                      0.437455    0.001254   46.164814 ^ wire2027/I (gf180mcu_fd_sc_mcu7t5v0__buf_2)
     3    0.033020    0.433708    0.478813   46.643627 ^ wire2027/Z (gf180mcu_fd_sc_mcu7t5v0__buf_2)
                                                         net2027 (net)
                      0.433721    0.001268   46.644897 ^ fanout1998/I (gf180mcu_fd_sc_mcu7t5v0__dlyb_1)
     2    0.012233    0.390234    1.472358   48.117256 ^ fanout1998/Z (gf180mcu_fd_sc_mcu7t5v0__dlyb_1)
                                                         net1998 (net)
                      0.390234    0.000252   48.117508 ^ fanout1996/I (gf180mcu_fd_sc_mcu7t5v0__dlyb_1)
     4    0.035173    0.892834    1.780741   49.898251 ^ fanout1996/Z (gf180mcu_fd_sc_mcu7t5v0__dlyb_1)
                                                         net1996 (net)
                      0.892840    0.001272   49.899521 ^ fanout1986/I (gf180mcu_fd_sc_mcu7t5v0__dlyb_1)
     3    0.022178    0.605084    1.634064   51.533585 ^ fanout1986/Z (gf180mcu_fd_sc_mcu7t5v0__dlyb_1)
                                                         net1986 (net)
                      0.605084    0.000437   51.534019 ^ load_slew1988/I (gf180mcu_fd_sc_mcu7t5v0__clkbuf_2)
     4    0.036696    0.479483    0.621153   52.155174 ^ load_slew1988/Z (gf180mcu_fd_sc_mcu7t5v0__clkbuf_2)
                                                         net1988 (net)
                      0.479501    0.001645   52.156818 ^ load_slew1987/I (gf180mcu_fd_sc_mcu7t5v0__clkbuf_2)
     3    0.028761    0.390438    0.544315   52.701134 ^ load_slew1987/Z (gf180mcu_fd_sc_mcu7t5v0__clkbuf_2)
                                                         net1987 (net)
                      0.390439    0.001197   52.702332 ^ _12073_/RN (gf180mcu_fd_sc_mcu7t5v0__dffrnq_1)
                                             52.702332   data arrival time

                                200.000000  200.000000   clock clk (rise edge)
                                  0.000000  200.000000   clock source latency
     4    0.155775    0.940596    0.535550  200.535538 ^ clk (in)
                                                         clk (net)
                      0.940934    0.000000  200.535538 ^ clkbuf_regs_0_clk/I (gf180mcu_fd_sc_mcu7t5v0__clkbuf_16)
     1    0.026824    0.147892    0.451664  200.987213 ^ clkbuf_regs_0_clk/Z (gf180mcu_fd_sc_mcu7t5v0__clkbuf_16)
                                                         clk_regs (net)
                      0.147896    0.001620  200.988831 ^ clkbuf_0_clk_regs/I (gf180mcu_fd_sc_mcu7t5v0__clkbuf_16)
     8    0.256378    0.428620    0.514348  201.503174 ^ clkbuf_0_clk_regs/Z (gf180mcu_fd_sc_mcu7t5v0__clkbuf_16)
                                                         clknet_0_clk_regs (net)
                      0.429130    0.008981  201.512161 ^ clkbuf_3_0_0_clk_regs/I (gf180mcu_fd_sc_mcu7t5v0__clkbuf_8)
     8    0.154274    0.501101    0.614847  202.126999 ^ clkbuf_3_0_0_clk_regs/Z (gf180mcu_fd_sc_mcu7t5v0__clkbuf_8)
                                                         clknet_3_0_0_clk_regs (net)
                      0.501229    0.004349  202.131348 ^ clkbuf_leaf_0_clk_regs/I (gf180mcu_fd_sc_mcu7t5v0__clkbuf_8)
    12    0.069020    0.271713    0.482515  202.613861 ^ clkbuf_leaf_0_clk_regs/Z (gf180mcu_fd_sc_mcu7t5v0__clkbuf_8)
                                                         clknet_leaf_0_clk_regs (net)
                      0.271765    0.003524  202.617386 ^ _12073_/CLK (gf180mcu_fd_sc_mcu7t5v0__dffrnq_1)
                                 -0.250000  202.367401   clock uncertainty
                                  0.000000  202.367401   clock reconvergence pessimism
                                  0.386138  202.753525   library recovery time
                                            202.753525   data required time
---------------------------------------------------------------------------------------------
                                            202.753525   data required time
                                            -52.702332   data arrival time
---------------------------------------------------------------------------------------------
                                            150.051193   slack (MET)


Startpoint: _11563_ (rising edge-triggered flip-flop clocked by clk)
Endpoint: move_en_x (output port clocked by clk)
Path Group: clk
Path Type: max

Fanout         Cap        Slew       Delay        Time   Description
---------------------------------------------------------------------------------------------
                                  0.000000    0.000000   clock clk (rise edge)
                                  0.000000    0.000000   clock source latency
     4    0.155775    0.940596    0.535556    0.535556 ^ clk (in)
                                                         clk (net)
                      0.940934    0.000000    0.535556 ^ clkbuf_regs_0_clk/I (gf180mcu_fd_sc_mcu7t5v0__clkbuf_16)
     1    0.026824    0.147892    0.451657    0.987213 ^ clkbuf_regs_0_clk/Z (gf180mcu_fd_sc_mcu7t5v0__clkbuf_16)
                                                         clk_regs (net)
                      0.147896    0.001624    0.988837 ^ clkbuf_0_clk_regs/I (gf180mcu_fd_sc_mcu7t5v0__clkbuf_16)
     8    0.256378    0.428620    0.514345    1.503182 ^ clkbuf_0_clk_regs/Z (gf180mcu_fd_sc_mcu7t5v0__clkbuf_16)
                                                         clknet_0_clk_regs (net)
                      0.429130    0.008977    1.512159 ^ clkbuf_3_0_0_clk_regs/I (gf180mcu_fd_sc_mcu7t5v0__clkbuf_8)
     8    0.154274    0.501101    0.614855    2.127014 ^ clkbuf_3_0_0_clk_regs/Z (gf180mcu_fd_sc_mcu7t5v0__clkbuf_8)
                                                         clknet_3_0_0_clk_regs (net)
                      0.501205    0.003838    2.130852 ^ clkbuf_leaf_2_clk_regs/I (gf180mcu_fd_sc_mcu7t5v0__clkbuf_8)
    10    0.072082    0.279373    0.488138    2.618989 ^ clkbuf_leaf_2_clk_regs/Z (gf180mcu_fd_sc_mcu7t5v0__clkbuf_8)
                                                         clknet_leaf_2_clk_regs (net)
                      0.279385    0.002812    2.621801 ^ _11563_/CLK (gf180mcu_fd_sc_mcu7t5v0__dffrnq_2)
     2    0.055051    0.722010    1.696510    4.318311 ^ _11563_/Q (gf180mcu_fd_sc_mcu7t5v0__dffrnq_2)
                                                         net12 (net)
                      0.722056    0.003545    4.321856 ^ wire1983/I (gf180mcu_fd_sc_mcu7t5v0__buf_4)
     1    0.059072    0.393521    0.465843    4.787699 ^ wire1983/Z (gf180mcu_fd_sc_mcu7t5v0__buf_4)
                                                         net1983 (net)
                      0.393524    0.001737    4.789436 ^ output12/I (gf180mcu_fd_sc_mcu7t5v0__buf_2)
     1    0.075090    0.914957    0.757284    5.546720 ^ output12/Z (gf180mcu_fd_sc_mcu7t5v0__buf_2)
                                                         move_en_x (net)
                      0.914962    0.001262    5.547982 ^ move_en_x (out)
                                              5.547982   data arrival time

                                200.000000  200.000000   clock clk (rise edge)
                                  0.000000  200.000000   clock network delay (propagated)
                                 -0.250000  199.750000   clock uncertainty
                                  0.000000  199.750000   clock reconvergence pessimism
                                -40.000000  159.749985   output external delay
                                            159.749985   data required time
---------------------------------------------------------------------------------------------
                                            159.749985   data required time
                                             -5.547982   data arrival time
---------------------------------------------------------------------------------------------
                                            154.201996   slack (MET)




===========================================================================
report_checks --slack_max -0.01
============================================================================
======================= nom_tt_025C_3v30 Corner ===================================

No paths found.


===========================================================================
 report_check_types -max_slew -max_cap -max_fanout -violators
============================================================================
======================= nom_tt_025C_3v30 Corner ===================================

max slew

Pin                                        Limit        Slew       Slack
------------------------------------------------------------------------
_06750_/A1                              3.000000    4.136327   -1.136328 (VIOLATED)
_06773_/A1                              3.000000    4.136327   -1.136328 (VIOLATED)
_06790_/A1                              3.000000    4.136327   -1.136328 (VIOLATED)
_06824_/A3                              3.000000    4.136327   -1.136327 (VIOLATED)
_06880_/A1                              3.000000    4.136327   -1.136328 (VIOLATED)
_06849_/A2                              3.000000    4.136306   -1.136306 (VIOLATED)
_05779_/I                               3.000000    4.136275   -1.136275 (VIOLATED)
_06762_/A2                              3.000000    4.136274   -1.136274 (VIOLATED)
_06799_/A1                              3.000000    4.136273   -1.136273 (VIOLATED)
_06806_/A1                              3.000000    4.136223   -1.136224 (VIOLATED)
fanout1823/Z                            3.000000    4.136223   -1.136224 (VIOLATED)
_06750_/A2                              3.000000    4.050058   -1.050058 (VIOLATED)
_05780_/I                               3.000000    4.050056   -1.050056 (VIOLATED)
_06773_/A2                              3.000000    4.050046   -1.050047 (VIOLATED)
_06790_/A2                              3.000000    4.050047   -1.050047 (VIOLATED)
_06824_/A2                              3.000000    4.050046   -1.050047 (VIOLATED)
_06781_/A1                              3.000000    4.050045   -1.050045 (VIOLATED)
_06837_/A3                              3.000000    4.050038   -1.050038 (VIOLATED)
_06880_/A2                              3.000000    4.050039   -1.050039 (VIOLATED)
_06895_/A3                              3.000000    4.050039   -1.050039 (VIOLATED)
_06752_/A2                              3.000000    4.050005   -1.050005 (VIOLATED)
fanout1822/Z                            3.000000    4.050005   -1.050005 (VIOLATED)
_10279_/ZN                              3.000000    3.209027   -0.209027 (VIOLATED)
_10280_/A2                              3.000000    3.209027   -0.209027 (VIOLATED)

max fanout

Pin                                   Limit Fanout  Slack
---------------------------------------------------------
clkbuf_leaf_51_clk_regs/Z                10     14     -4 (VIOLATED)
clkbuf_leaf_23_clk_regs/Z                10     13     -3 (VIOLATED)
clkbuf_leaf_4_clk_regs/Z                 10     13     -3 (VIOLATED)
clkbuf_leaf_56_clk_regs/Z                10     13     -3 (VIOLATED)
clkbuf_leaf_5_clk_regs/Z                 10     13     -3 (VIOLATED)
clkbuf_leaf_6_clk_regs/Z                 10     13     -3 (VIOLATED)
clkbuf_leaf_8_clk_regs/Z                 10     13     -3 (VIOLATED)
clkbuf_leaf_0_clk_regs/Z                 10     12     -2 (VIOLATED)
clkbuf_leaf_10_clk_regs/Z                10     12     -2 (VIOLATED)
clkbuf_leaf_1_clk_regs/Z                 10     12     -2 (VIOLATED)
clkbuf_leaf_27_clk_regs/Z                10     12     -2 (VIOLATED)
clkbuf_leaf_29_clk_regs/Z                10     12     -2 (VIOLATED)
clkbuf_leaf_32_clk_regs/Z                10     12     -2 (VIOLATED)
clkbuf_leaf_33_clk_regs/Z                10     12     -2 (VIOLATED)
clkbuf_leaf_34_clk_regs/Z                10     12     -2 (VIOLATED)
clkbuf_leaf_41_clk_regs/Z                10     12     -2 (VIOLATED)
clkbuf_leaf_44_clk_regs/Z                10     12     -2 (VIOLATED)
clkbuf_leaf_49_clk_regs/Z                10     12     -2 (VIOLATED)
clkbuf_leaf_52_clk_regs/Z                10     12     -2 (VIOLATED)
clkbuf_leaf_9_clk_regs/Z                 10     12     -2 (VIOLATED)
clkbuf_leaf_24_clk_regs/Z                10     11        (VIOLATED)

max capacitance

Pin                                        Limit         Cap       Slack
------------------------------------------------------------------------
clkbuf_0_clk_regs/Z                     0.200000    0.256378   -0.056378 (VIOLATED)



===========================================================================
report_parasitic_annotation -report_unannotated
============================================================================
Found 47 unannotated drivers.
 clkload0/Z
 clkload1/Z
 clkload10/Z
 clkload11/Z
 clkload12/Z
 clkload13/Z
 clkload14/ZN
 clkload15/ZN
 clkload16/ZN
 clkload17/ZN
 clkload18/ZN
 clkload19/ZN
 clkload2/Z
 clkload20/ZN
 clkload21/ZN
 clkload22/ZN
 clkload23/ZN
 clkload24/ZN
 clkload25/Z
 clkload26/ZN
 clkload27/ZN
 clkload28/Z
 clkload29/ZN
 clkload3/Z
 clkload30/ZN
 clkload31/ZN
 clkload32/Z
 clkload33/ZN
 clkload34/ZN
 clkload35/ZN
 clkload36/ZN
 clkload37/Z
 clkload38/ZN
 clkload39/ZN
 clkload4/Z
 clkload40/ZN
 clkload41/ZN
 clkload42/Z
 clkload43/Z
 clkload44/ZN
 clkload45/ZN
 clkload46/ZN
 clkload5/Z
 clkload6/Z
 clkload7/ZN
 clkload8/ZN
 clkload9/Z
Found 0 partially unannotated drivers.

===========================================================================
max slew violation count 24
Writing metric design__max_slew_violation__count__corner:nom_tt_025C_3v30: 24
max fanout violation count 21
Writing metric design__max_fanout_violation__count__corner:nom_tt_025C_3v30: 21
max cap violation count 1
Writing metric design__max_cap_violation__count__corner:nom_tt_025C_3v30: 1
============================================================================

===========================================================================
check_setup -verbose -unconstrained_endpoints -multiple_clock -no_clock -no_input_delay -loops -generated_clocks
===========================================================================
Warning: There are 3 unconstrained endpoints.
  analog_error_x_output
  analog_error_y_output
  analog_readout_output
